04-20 13:45:21.091  9067  9340 D ClawActivityCommon: Checking for: music.pak
04-20 13:45:21.091  9067  9340 D ClawActivityCommon: Descriptor found offset=62933340 length=2452258
04-20 13:45:21.091  9067  9340 I Claw    : [0m[      12.044] [30;1mjni/../jni/src/claw/application/android/AndroidApplication.cpp:446: Native FD: 41 (not used), duplicated: 59
04-20 13:45:21.091  9067  9340 I Claw    : [0m[      12.044] [30;1mjni/../jni/src/claw/vfs/ZMount.cpp:35: Opened ZPak: music.pak
04-20 13:45:21.091  9067  9340 I Claw    : [0m[      12.045] [30;1mjni/../jni/src/claw/vfs/Vfs.cpp:97: Added new mount at /
04-20 13:45:21.091  9067  9340 I Claw    : [0m[      12.045] /home/jenkins/workspace/huuuge-stars/client-dev/hs-android/src/casino/DefaultDownloadManager.cpp:243: Embedded pak music.pak mounted
04-20 13:45:21.091  9067  9340 I Claw    : [0m[      12.046] [30;1mjni/../jni/src/claw/vfs/android/AndroidFile.cpp:97: Aquire java class for JNI method: com/Claw/Android/ClawActivityCommon
04-20 13:45:21.091  9067  9340 I Claw    : [0m[      12.047] [30;1mjni/../jni/src/claw/vfs/android/AndroidFile.cpp:97: JNI class acquired, acquire java method: FillAndroidFD with args: (Ljava/lang/String;)Z
04-20 13:45:21.091  9067  9340 D ClawActivityCommon: Checking for: atlas2_2_etc2.pak
04-20 13:45:21.091  9067  9340 D ClawActivityCommon: Descriptor found offset=2273608 length=471550
04-20 13:45:21.091  9067  9340 I Claw    : [0m[      12.047] [30;1mjni/../jni/src/claw/application/android/AndroidApplication.cpp:446: Native FD: 57 (not used), duplicated: 59
04-20 13:45:21.091  9067  9340 I Claw    : [0m[      12.049] [30;1mjni/../jni/src/claw/vfs/ZMount.cpp:35: Opened ZPak: atlas2_2_etc2.pak
04-20 13:45:21.091  9067  9340 I Claw    : [0m[       12.05] [30;1mjni/../jni/src/claw/vfs/Vfs.cpp:97: Added new mount at /
04-20 13:45:21.091  9067  9340 I Claw    : [0m[       12.05] /home/jenkins/workspace/huuuge-stars/client-dev/hs-android/src/casino/DefaultDownloadManager.cpp:243: Embedded pak atlas2_2_etc2.pak mounted
04-20 13:45:21.091  9067  9340 I Claw    : [0m[      12.051] [30;1mjni/../jni/src/claw/vfs/android/AndroidFile.cpp:97: Aquire java class for JNI method: com/Claw/Android/ClawActivityCommon
04-20 13:45:21.091  9067  9340 I Claw    : [0m[      12.052] [30;1mjni/../jni/src/claw/vfs/android/AndroidFile.cpp:97: JNI class acquired, acquire java method: FillAndroidFD with args: (Ljava/lang/String;)Z
04-20 13:45:21.091  9067  9340 D ClawActivityCommon: Checking for: atlas_fb_rateus_1_etc2.pak
04-20 13:45:21.091  9067  9340 D ClawActivityCommon: Descriptor found offset=10583028 length=189056
04-20 13:45:21.091  9067  9340 I Claw    : [0m[      12.052] [30;1mjni/../jni/src/claw/application/android/AndroidApplication.cpp:446: Native FD: 93 (not used), duplicated: 94
04-20 13:45:21.091  9067  9340 I Claw    : [0m[      12.053] [30;1mjni/../jni/src/claw/vfs/ZMount.cpp:35: Opened ZPak: atlas_fb_rateus_1_etc2.pak
04-20 13:45:21.101  9067  9340 I Claw    : [0m[      12.053] [30;1mjni/../jni/src/claw/vfs/Vfs.cpp:97: Added new mount at /
04-20 13:45:21.101  9067  9340 I Claw    : [0m[      12.053] /home/jenkins/workspace/huuuge-stars/client-dev/hs-android/src/casino/DefaultDownloadManager.cpp:243: Embedded pak atlas_fb_rateus_1_etc2.pak mounted
04-20 13:45:21.101  9067  9340 I Claw    : [0m[      12.054] [30;1mjni/../jni/src/claw/vfs/android/AndroidFile.cpp:97: Aquire java class for JNI method: com/Claw/Android/ClawActivityCommon
04-20 13:45:21.101  9067  9340 I Claw    : [0m[      12.054] [30;1mjni/../jni/src/claw/vfs/android/AndroidFile.cpp:97: JNI class acquired, acquire java method: FillAndroidFD with args: (Ljava/lang/String;)Z
04-20 13:45:21.101  9067  9340 D ClawActivityCommon: Checking for: atlas_clubs_2_etc2.pak
04-20 13:45:21.101  9067  9340 D ClawActivityCommon: Descriptor found offset=8572688 length=472260
04-20 13:45:21.101  9067  9340 I Claw    : [0m[      12.055] [30;1mjni/../jni/src/claw/application/android/AndroidApplication.cpp:446: Native FD: 59 (not used), duplicated: 84
04-20 13:45:21.101  9067  9340 I Claw    : [0m[      12.056] [30;1mjni/../jni/src/claw/vfs/ZMount.cpp:35: Opened ZPak: atlas_clubs_2_etc2.pak
04-20 13:45:21.101  9067  9340 I Claw    : [0m[      12.057] [30;1mjni/../jni/src/claw/vfs/Vfs.cpp:97: Added new mount at /
04-20 13:45:21.101  9067  9340 I Claw    : [0m[      12.057] /home/jenkins/workspace/huuuge-stars/client-dev/hs-android/src/casino/DefaultDownloadManager.cpp:243: Embedded pak atlas_clubs_2_etc2.pak mounted
04-20 13:45:21.101  9067  9340 I Claw    : [0m[      12.058] [30;1mjni/../jni/src/claw/vfs/android/AndroidFile.cpp:97: Aquire java class for JNI method: com/Claw/Android/ClawActivityCommon
04-20 13:45:21.101  9067  9340 I Claw    : [0m[      12.058] [30;1mjni/../jni/src/claw/vfs/android/AndroidFile.cpp:97: JNI class acquired, acquire java method: FillAndroidFD with args: (Ljava/lang/String;)Z
04-20 13:45:21.101  9067  9340 D ClawActivityCommon: Checking for: sound_slots_vo_male.pak
04-20 13:45:21.101  9067  9340 D ClawActivityCommon: Descriptor found offset=70003228 length=204039
04-20 13:45:21.101  9067  9340 I Claw    : [0m[      12.058] [30;1mjni/../jni/src/claw/application/android/AndroidApplication.cpp:446: Native FD: 59 (not used), duplicated: 84
04-20 13:45:21.101  9067  9340 I Claw    : [0m[      12.059] [30;1mjni/../jni/src/claw/vfs/ZMount.cpp:35: Opened ZPak: sound_slots_vo_male.pak
04-20 13:45:21.101  9067  9340 I Claw    : [0m[      12.059] [30;1mjni/../jni/src/claw/vfs/Vfs.cpp:97: Added new mount at /
04-20 13:45:21.101  9067  9340 I Claw    : [0m[       12.06] /home/jenkins/workspace/huuuge-stars/client-dev/hs-android/src/casino/DefaultDownloadManager.cpp:243: Embedded pak sound_slots_vo_male.pak mounted
04-20 13:45:21.101  9067  9340 I Claw    : [0m[      12.061] [30;1mjni/../jni/src/claw/vfs/android/AndroidFile.cpp:97: Aquire java class for JNI method: com/Claw/Android/ClawActivityCommon
04-20 13:45:21.101  9067  9340 I Claw    : [0m[      12.061] [30;1mjni/../jni/src/claw/vfs/android/AndroidFile.cpp:97: JNI class acquired, acquire java method: FillAndroidFD with args: (Ljava/lang/String;)Z
04-20 13:45:21.101  9067  9340 D ClawActivityCommon: Checking for: atlas_sku_hc_2_etc2.pak
04-20 13:45:21.101  9067  9340 D ClawActivityCommon: Descriptor found offset=16763872 length=412569
04-20 13:45:21.101  9067  9340 I Claw    : [0m[      12.061] [30;1mjni/../jni/src/claw/application/android/AndroidApplication.cpp:446: Native FD: 59 (not used), duplicated: 84
04-20 13:45:21.101  9067  9340 I Claw    : [0m[      12.062] [30;1mjni/../jni/src/claw/vfs/ZMount.cpp:35: Opened ZPak: atlas_sku_hc_2_etc2.pak
04-20 13:45:21.101  9067  9340 I Claw    : [0m[      12.063] [30;1mjni/../jni/src/claw/vfs/Vfs.cpp:97: Added new mount at /
04-20 13:45:21.111  9067  9340 I Claw    : [0m[      12.063] /home/jenkins/workspace/huuuge-stars/client-dev/hs-android/src/casino/DefaultDownloadManager.cpp:243: Embedded pak atlas_sku_hc_2_etc2.pak mounted
04-20 13:45:21.111  2205  2205 D hwcutils: MppFactory::MppFactory()
04-20 13:45:21.111  2205  2205 D         : virtual LibMpp* MppFactory::CreateMpp(int, int, int, int) dev(4) mode(0) drm(0), 
04-20 13:45:21.111  2205  2205 D libexynosgscaler: LibMpp::LibMpp()
04-20 13:45:21.111  9067  9340 I Claw    : [0m[      12.069] [30;1mjni/../jni/src/claw/vfs/android/AndroidSaveFile.cpp:82: Open new save save/paks
04-20 13:45:21.131  2205  2205 D libexynosgscaler: virtual CGscaler::~CGscaler()
04-20 13:45:21.131  2205  2205 D libexynosgscaler: virtual LibMpp::~LibMpp()
04-20 13:45:21.131  2205  2205 D         : virtual MppFactory::~MppFactory()
04-20 13:45:21.131  9067  9114 I Claw    : [0m[      12.089] /home/jenkins/workspace/huuuge-stars/client-dev/hs-android/src/casino/DownloadManager.cpp:177: Preempting download of data-hc.pak
04-20 13:45:21.131  9067  9377 I Claw    : [0m[      12.089] [30;1mjni/../jni/src/claw/vfs/android/AndroidSaveFile.cpp:42: Open existing save assetcache/data-hc.pak.meta
04-20 13:45:21.131  9067  9377 I Claw    : [0m[      12.089] [30;1mjni/../jni/src/claw/vfs/Vfs.cpp:168: Cannot open file: /assetcache/data-hc.pak.meta
04-20 13:45:21.131  9067  9377 I Claw    : [0m[      12.089] /home/jenkins/workspace/huuuge-stars/client-dev/hs-android/src/casino/ServerList.cpp:53: Server list returning http://cdn-hs-dev.hgonline.net/339/, 1/14
04-20 13:45:21.131  9067  9377 I Claw    : [0m[      12.089] [30;1mjni/../jni/src/claw/vfs/android/AndroidSaveFile.cpp:42: Open existing save assetcache/data-hc.pak.meta
04-20 13:45:21.131  9067  9377 I Claw    : [0m[       12.09] [30;1mjni/../jni/src/claw/vfs/Vfs.cpp:168: Cannot open file: /assetcache/data-hc.pak.meta
04-20 13:45:21.131  9067  9377 I Claw    : [0m[       12.09] /home/jenkins/workspace/huuuge-stars/client-dev/hs-android/src/casino/DefaultDownloadManager.cpp:415: Downloading pak data-hc.pak from http://cdn-hs-dev.hgonline.net/339/
04-20 13:45:21.131  2218  2767 D EnterpriseController: netId is 0
04-20 13:45:21.131  2218  2767 D Netd    : getNetworkForDns: using netid 502 for uid 10667
04-20 13:45:21.141  9067  9378 I Claw    : [0m[      12.093] [30;1mjni/../jni/src/claw/network/HttpRequest.cpp:97: cdn-hs-dev.hgonline.net resolved to ::ffff:2.20.189.185
04-20 13:45:21.141  9067  9378 I Claw    : [0m[      12.093] [30;1mjni/../jni/src/claw/network/HttpRequest.cpp:97: cdn-hs-dev.hgonline.net resolved to ::ffff:2.20.189.122
04-20 13:45:21.141  9067  9378 I Claw    : [0m[      12.093] [30;1mjni/../jni/src/claw/network/unix/UnixStreamSocket.cpp:93: Connecting to ::ffff:2.20.189.185
04-20 13:45:21.141  9067  9329 I Claw    : [0m[      12.093] ../../../../../../../../contrib/huuugeanalyticssdk/cpp/contrib/jni/JniAttach.hpp:185: Aquire java class for JNI method: com/huuuge/analytics/HA
04-20 13:45:21.141  9067  9329 I Claw    : [0m[      12.094] ../../../../../../../../contrib/huuugeanalyticssdk/cpp/contrib/jni/JniAttach.hpp:185: JNI class acquired, acquire java method: connectionStatus with args: ()I
04-20 13:45:21.141  9067  9329 I Claw    : [0m[      12.094] ../../../../../../../../contrib/huuugeanalyticssdk/cpp/contrib/jni/JniAttach.hpp:186: JNI method acquired, try to call.
04-20 13:45:21.141  9067  9329 I Claw    : [0m[      12.095] ../../../../../../../../contrib/huuugeanalyticssdk/cpp/contrib/jni/JniAttach.hpp:189: JNI method called.
04-20 13:45:21.191  9067  9378 I Claw    : [0m[      12.152] [30;1mjni/../jni/src/claw/network/HttpRequest.cpp:279: Content length: 37
04-20 13:45:21.191  9067  9378 I Claw    : [0m[      12.152] [30;1mjni/../jni/src/claw/vfs/android/AndroidSaveFile.cpp:82: Open new save assetcache/data-hc.pak
04-20 13:45:21.201  9067  9378 I Claw    : [0m[      12.153] [30;1mjni/../jni/src/claw/vfs/android/AndroidSaveFile.cpp:209: Need to create directory structure for /storage/emulated/0/Android/data/com.huuuge.stars.slots/files//assetcache/data-hc.pak
04-20 13:45:21.201  9067  9378 I Claw    : [0m[      12.156] [30;1mjni/../jni/src/claw/vfs/android/AndroidSaveFile.cpp:82: Open new save assetcache/data-hc.pak.meta
04-20 13:45:21.201  9067  9378 I Claw    : [0m[      12.157] [30;1mjni/../jni/src/claw/vfs/NativeMount.cpp:244: Aquire java class for JNI method: com/Claw/Android/NativeMount
04-20 13:45:21.201  9067  9378 I Claw    : [0m[      12.158] [30;1mjni/../jni/src/claw/vfs/NativeMount.cpp:244: JNI class acquired, acquire java method: GetFreeDiskSpace with args: (Ljava/lang/String;)J
04-20 13:45:21.201  9067  9378 I Claw    : [0m[      12.159] [30;1mjni/../jni/src/claw/vfs/NativeMount.cpp:244: Aquire java class for JNI method: com/Claw/Android/NativeMount
04-20 13:45:21.201  9067  9378 I Claw    : [0m[      12.159] [30;1mjni/../jni/src/claw/vfs/NativeMount.cpp:244: JNI class acquired, acquire java method: GetFreeDiskSpace with args: (Ljava/lang/String;)J
04-20 13:45:21.201  9067  9378 I Claw    : [0m[      12.161] [30;1mjni/../jni/src/claw/vfs/NativeMount.cpp:244: Aquire java class for JNI method: com/Claw/Android/NativeMount
04-20 13:45:21.201  9067  9378 I Claw    : [0m[      12.161] [30;1mjni/../jni/src/claw/vfs/NativeMount.cpp:244: JNI class acquired, acquire java method: GetFreeDiskSpace with args: (Ljava/lang/String;)J
04-20 13:45:21.201  9067  9378 I Claw    : [0m[      12.162] [30;1mjni/../jni/src/claw/vfs/NativeMount.cpp:244: Aquire java class for JNI method: com/Claw/Android/NativeMount
04-20 13:45:21.201  9067  9378 I Claw    : [0m[      12.162] [30;1mjni/../jni/src/claw/vfs/NativeMount.cpp:244: JNI class acquired, acquire java method: GetFreeDiskSpace with args: (Ljava/lang/String;)J
04-20 13:45:21.211  9067  9329 I Claw    : [0m[      12.164] ../../../../../../../../contrib/huuugeanalyticssdk/cpp/contrib/jni/JniAttach.hpp:185: Aquire java class for JNI method: com/huuuge/analytics/HA
04-20 13:45:21.211  9067  9377 I Claw    : [0m[      12.164] [30;1mjni/../jni/src/claw/vfs/android/AndroidSaveFile.cpp:42: Open existing save assetcache/sound_vo_female.pak.meta
04-20 13:45:21.211  9067  9377 I Claw    : [0m[      12.165] [30;1mjni/../jni/src/claw/vfs/Vfs.cpp:168: Cannot open file: /assetcache/sound_vo_female.pak.meta
04-20 13:45:21.211  9067  9329 I Claw    : [0m[      12.165] ../../../../../../../../contrib/huuugeanalyticssdk/cpp/contrib/jni/JniAttach.hpp:185: JNI class acquired, acquire java method: connectionStatus with args: ()I
04-20 13:45:21.211  9067  9377 I Claw    : [0m[      12.165] /home/jenkins/workspace/huuuge-stars/client-dev/hs-android/src/casino/ServerList.cpp:53: Server list returning http://cdn-hs-dev.hgonline.net/339/, 1/14
04-20 13:45:21.211  9067  9329 I Claw    : [0m[      12.165] ../../../../../../../../contrib/huuugeanalyticssdk/cpp/contrib/jni/JniAttach.hpp:186: JNI method acquired, try to call.
04-20 13:45:21.211  9067  9377 I Claw    : [0m[      12.165] [30;1mjni/../jni/src/claw/vfs/android/AndroidSaveFile.cpp:42: Open existing save assetcache/sound_vo_female.pak.meta
04-20 13:45:21.211  9067  9377 I Claw    : [0m[      12.165] [30;1mjni/../jni/src/claw/vfs/Vfs.cpp:168: Cannot open file: /assetcache/sound_vo_female.pak.meta
04-20 13:45:21.211  9067  9377 I Claw    : [0m[      12.166] /home/jenkins/workspace/huuuge-stars/client-dev/hs-android/src/casino/DefaultDownloadManager.cpp:415: Downloading pak sound_vo_female.pak from http://cdn-hs-dev.hgonline.net/339/
04-20 13:45:21.211  9067  9329 I Claw    : [0m[      12.167] ../../../../../../../../contrib/huuugeanalyticssdk/cpp/contrib/jni/JniAttach.hpp:189: JNI method called.
04-20 13:45:21.211  2218  2767 D EnterpriseController: netId is 0
04-20 13:45:21.211  2218  2767 D Netd    : getNetworkForDns: using netid 502 for uid 10667
04-20 13:45:21.211  9067  9387 I Claw    : [0m[      12.168] [30;1mjni/../jni/src/claw/network/HttpRequest.cpp:97: cdn-hs-dev.hgonline.net resolved to ::ffff:2.20.189.185
04-20 13:45:21.211  9067  9387 I Claw    : [0m[      12.168] [30;1mjni/../jni/src/claw/network/HttpRequest.cpp:97: cdn-hs-dev.hgonline.net resolved to ::ffff:2.20.189.122
04-20 13:45:21.211  9067  9387 I Claw    : [0m[      12.168] [30;1mjni/../jni/src/claw/network/unix/UnixStreamSocket.cpp:93: Connecting to ::ffff:2.20.189.185
04-20 13:45:21.251  9067  9329 I Claw    : [0m[      12.207] ../../../../../../../../contrib/huuugeanalyticssdk/cpp/contrib/jni/JniAttach.hpp:185: Aquire java class for JNI method: com/huuuge/analytics/HA
04-20 13:45:21.251  9067  9329 I Claw    : [0m[      12.208] ../../../../../../../../contrib/huuugeanalyticssdk/cpp/contrib/jni/JniAttach.hpp:185: JNI class acquired, acquire java method: connectionStatus with args: ()I
04-20 13:45:21.251  9067  9329 I Claw    : [0m[      12.208] ../../../../../../../../contrib/huuugeanalyticssdk/cpp/contrib/jni/JniAttach.hpp:186: JNI method acquired, try to call.
04-20 13:45:21.251  9067  9329 I Claw    : [0m[      12.209] ../../../../../../../../contrib/huuugeanalyticssdk/cpp/contrib/jni/JniAttach.hpp:189: JNI method called.
04-20 13:45:21.271  9067  9387 I Claw    : [0m[      12.225] [30;1mjni/../jni/src/claw/network/HttpRequest.cpp:279: Content length: 45
04-20 13:45:21.271  9067  9387 I Claw    : [0m[      12.225] [30;1mjni/../jni/src/claw/vfs/android/AndroidSaveFile.cpp:82: Open new save assetcache/sound_vo_female.pak
04-20 13:45:21.271  9067  9387 I Claw    : [0m[      12.226] [30;1mjni/../jni/src/claw/vfs/android/AndroidSaveFile.cpp:82: Open new save assetcache/sound_vo_female.pak.meta
04-20 13:45:21.271  9067  9387 I Claw    : [0m[      12.228] [30;1mjni/../jni/src/claw/vfs/NativeMount.cpp:244: Aquire java class for JNI method: com/Claw/Android/NativeMount
04-20 13:45:21.271  9067  9387 I Claw    : [0m[      12.228] [30;1mjni/../jni/src/claw/vfs/NativeMount.cpp:244: JNI class acquired, acquire java method: GetFreeDiskSpace with args: (Ljava/lang/String;)J
04-20 13:45:21.271  9067  9387 I Claw    : [0m[       12.23] [30;1mjni/../jni/src/claw/vfs/NativeMount.cpp:244: Aquire java class for JNI method: com/Claw/Android/NativeMount
04-20 13:45:21.271  9067  9387 I Claw    : [0m[       12.23] [30;1mjni/../jni/src/claw/vfs/NativeMount.cpp:244: JNI class acquired, acquire java method: GetFreeDiskSpace with args: (Ljava/lang/String;)J
04-20 13:45:21.271  9067  9387 I Claw    : [0m[      12.231] [30;1mjni/../jni/src/claw/vfs/NativeMount.cpp:244: Aquire java class for JNI method: com/Claw/Android/NativeMount
04-20 13:45:21.271  9067  9387 I Claw    : [0m[      12.231] [30;1mjni/../jni/src/claw/vfs/NativeMount.cpp:244: JNI class acquired, acquire java method: GetFreeDiskSpace with args: (Ljava/lang/String;)J
04-20 13:45:21.281  9067  9387 I Claw    : [0m[      12.234] [30;1mjni/../jni/src/claw/vfs/NativeMount.cpp:244: Aquire java class for JNI method: com/Claw/Android/NativeMount
04-20 13:45:21.281  9067  9387 I Claw    : [0m[      12.235] [30;1mjni/../jni/src/claw/vfs/NativeMount.cpp:244: JNI class acquired, acquire java method: GetFreeDiskSpace with args: (Ljava/lang/String;)J
04-20 13:45:21.281  2218  2767 D EnterpriseController: netId is 0
04-20 13:45:21.281  2218  2767 D Netd    : getNetworkForDns: using netid 502 for uid 10667
04-20 13:45:21.281  9067  9387 I Claw    : [0m[      12.237] [30;1mjni/../jni/src/claw/network/HttpRequest.cpp:97: cdn-hs-dev.hgonline.net resolved to ::ffff:2.20.189.185
04-20 13:45:21.281  9067  9387 I Claw    : [0m[      12.237] [30;1mjni/../jni/src/claw/network/HttpRequest.cpp:97: cdn-hs-dev.hgonline.net resolved to ::ffff:2.20.189.122
04-20 13:45:21.281  9067  9387 I Claw    : [0m[      12.237] [30;1mjni/../jni/src/claw/network/unix/UnixStreamSocket.cpp:93: Connecting to ::ffff:2.20.189.185
04-20 13:45:21.341  9067  9327 I Claw    : [0m[      12.297] ../../../../../../../../contrib/huuugeanalyticssdk/cpp/contrib/jni/JniAttach.hpp:151: JNI method called.
04-20 13:45:21.341  9067  9327 I Claw    : [0m[      12.297] /home/jenkins/workspace/huuuge-stars/client-dev/hs-android/contrib/huuugeanalyticssdk/cpp/src/huuuge/analytics/HAHttp-android.cpp:133: Huuuge::analytics::HTTPAndroid::InvokeHttps response code is 200
04-20 13:45:21.341  9067  9327 I Claw    : [0m[      12.297] /home/jenkins/workspace/huuuge-stars/client-dev/hs-android/contrib/huuugeanalyticssdk/cpp/src/huuuge/analytics/HAHttp-android.cpp:134: Huuuge::analytics::HTTPAndroid::InvokeHttps response payload is {"RecordId":"X7C611pulXOt3d15VwY5QhL/Zvcs39u9D73stuvr+Hr/dMgjwChQRVVL5EcEHLTfJD+VOJLqUZdKjsCBFaCtPtxh7xEcV38X2ZkNA1BbtE4WfojoIcb1Z9qJSf42EEQssCWRL5zX8mqd8OmsuvdgRTARtfQS2C10hNeHQ03t8i9aI4/2lv3gV9J5B6ruSxk6S+yuTMZv1kIG+dW32UXd3DyWynXLep9S"}
04-20 13:45:21.341  9067  9387 I Claw    : [0m[      12.302] [30;1mjni/../jni/src/claw/network/HttpRequest.cpp:279: Content length: 888507
04-20 13:45:21.351  9067  9387 I Claw    : [0m[      12.312] [30;1mjni/../jni/src/claw/vfs/NativeMount.cpp:244: Aquire java class for JNI method: com/Claw/Android/NativeMount
04-20 13:45:21.351  9067  9387 I Claw    : [0m[      12.312] [30;1mjni/../jni/src/claw/vfs/NativeMount.cpp:244: JNI class acquired, acquire java method: GetFreeDiskSpace with args: (Ljava/lang/String;)J
04-20 13:45:21.361  9067  9387 I Claw    : [0m[      12.316] [30;1mjni/../jni/src/claw/vfs/NativeMount.cpp:244: Aquire java class for JNI method: com/Claw/Android/NativeMount
04-20 13:45:21.361  9067  9387 I Claw    : [0m[      12.317] [30;1mjni/../jni/src/claw/vfs/NativeMount.cpp:244: JNI class acquired, acquire java method: GetFreeDiskSpace with args: (Ljava/lang/String;)J
04-20 13:45:21.401  9067  9387 I Claw    : [0m[      12.357] [30;1mjni/../jni/src/claw/vfs/NativeMount.cpp:244: Aquire java class for JNI method: com/Claw/Android/NativeMount
04-20 13:45:21.401  9067  9387 I Claw    : [0m[      12.357] [30;1mjni/../jni/src/claw/vfs/NativeMount.cpp:244: JNI class acquired, acquire java method: GetFreeDiskSpace with args: (Ljava/lang/String;)J
04-20 13:45:21.401  9067  9387 I Claw    : [0m[       12.36] [30;1mjni/../jni/src/claw/vfs/NativeMount.cpp:244: Aquire java class for JNI method: com/Claw/Android/NativeMount
04-20 13:45:21.401  9067  9387 I Claw    : [0m[       12.36] [30;1mjni/../jni/src/claw/vfs/NativeMount.cpp:244: JNI class acquired, acquire java method: GetFreeDiskSpace with args: (Ljava/lang/String;)J
04-20 13:45:21.411  9067  9387 I Claw    : [0m[      12.368] [30;1mjni/../jni/src/claw/vfs/NativeMount.cpp:244: Aquire java class for JNI method: com/Claw/Android/NativeMount
04-20 13:45:21.411  9067  9387 I Claw    : [0m[      12.368] [30;1mjni/../jni/src/claw/vfs/NativeMount.cpp:244: JNI class acquired, acquire java method: GetFreeDiskSpace with args: (Ljava/lang/String;)J
04-20 13:45:21.421  9067  9387 I Claw    : [0m[       12.38] [30;1mjni/../jni/src/claw/vfs/NativeMount.cpp:244: Aquire java class for JNI method: com/Claw/Android/NativeMount
04-20 13:45:21.421  9067  9387 I Claw    : [0m[       12.38] [30;1mjni/../jni/src/claw/vfs/NativeMount.cpp:244: JNI class acquired, acquire java method: GetFreeDiskSpace with args: (Ljava/lang/String;)J
04-20 13:45:21.431  9067  9387 I Claw    : [0m[      12.383] [30;1mjni/../jni/src/claw/vfs/NativeMount.cpp:244: Aquire java class for JNI method: com/Claw/Android/NativeMount
04-20 13:45:21.431  9067  9387 I Claw    : [0m[      12.383] [30;1mjni/../jni/src/claw/vfs/NativeMount.cpp:244: JNI class acquired, acquire java method: GetFreeDiskSpace with args: (Ljava/lang/String;)J
04-20 13:45:21.431  9067  9387 I Claw    : [0m[      12.388] [30;1mjni/../jni/src/claw/vfs/NativeMount.cpp:244: Aquire java class for JNI method: com/Claw/Android/NativeMount
04-20 13:45:21.431  9067  9387 I Claw    : [0m[      12.389] [30;1mjni/../jni/src/claw/vfs/NativeMount.cpp:244: JNI class acquired, acquire java method: GetFreeDiskSpace with args: (Ljava/lang/String;)J
04-20 13:45:21.441  9067  9387 I Claw    : [0m[      12.397] [30;1mjni/../jni/src/claw/vfs/NativeMount.cpp:244: Aquire java class for JNI method: com/Claw/Android/NativeMount
04-20 13:45:21.441  9067  9387 I Claw    : [0m[      12.397] [30;1mjni/../jni/src/claw/vfs/NativeMount.cpp:244: JNI class acquired, acquire java method: GetFreeDiskSpace with args: (Ljava/lang/String;)J
04-20 13:45:21.441  9067  9387 I Claw    : [0m[      12.401] [30;1mjni/../jni/src/claw/vfs/NativeMount.cpp:244: Aquire java class for JNI method: com/Claw/Android/NativeMount
04-20 13:45:21.441  9067  9387 I Claw    : [0m[      12.401] [30;1mjni/../jni/src/claw/vfs/NativeMount.cpp:244: JNI class acquired, acquire java method: GetFreeDiskSpace with args: (Ljava/lang/String;)J
04-20 13:45:21.451  9067  9387 I Claw    : [0m[      12.404] [30;1mjni/../jni/src/claw/vfs/NativeMount.cpp:244: Aquire java class for JNI method: com/Claw/Android/NativeMount
04-20 13:45:21.451  9067  9387 I Claw    : [0m[      12.404] [30;1mjni/../jni/src/claw/vfs/NativeMount.cpp:244: JNI class acquired, acquire java method: GetFreeDiskSpace with args: (Ljava/lang/String;)J
04-20 13:45:21.491  9067  9387 I Claw    : [0m[      12.444] [30;1mjni/../jni/src/claw/vfs/NativeMount.cpp:244: Aquire java class for JNI method: com/Claw/Android/NativeMount
04-20 13:45:21.491  9067  9387 I Claw    : [0m[      12.445] [30;1mjni/../jni/src/claw/vfs/NativeMount.cpp:244: JNI class acquired, acquire java method: GetFreeDiskSpace with args: (Ljava/lang/String;)J
04-20 13:45:21.491  9067  9387 I Claw    : [0m[      12.447] [30;1mjni/../jni/src/claw/vfs/NativeMount.cpp:244: Aquire java class for JNI method: com/Claw/Android/NativeMount
04-20 13:45:21.491  9067  9387 I Claw    : [0m[      12.447] [30;1mjni/../jni/src/claw/vfs/NativeMount.cpp:244: JNI class acquired, acquire java method: GetFreeDiskSpace with args: (Ljava/lang/String;)J
04-20 13:45:21.491  9067  9387 I Claw    : [0m[       12.45] [30;1mjni/../jni/src/claw/vfs/NativeMount.cpp:244: Aquire java class for JNI method: com/Claw/Android/NativeMount
04-20 13:45:21.491  9067  9387 I Claw    : [0m[       12.45] [30;1mjni/../jni/src/claw/vfs/NativeMount.cpp:244: JNI class acquired, acquire java method: GetFreeDiskSpace with args: (Ljava/lang/String;)J
04-20 13:45:21.491  9067  9387 I Claw    : [0m[      12.452] [30;1mjni/../jni/src/claw/vfs/NativeMount.cpp:244: Aquire java class for JNI method: com/Claw/Android/NativeMount
04-20 13:45:21.491  9067  9387 I Claw    : [0m[      12.452] [30;1mjni/../jni/src/claw/vfs/NativeMount.cpp:244: JNI class acquired, acquire java method: GetFreeDiskSpace with args: (Ljava/lang/String;)J
04-20 13:45:21.511  9067  9387 I Claw    : [0m[      12.464] [30;1mjni/../jni/src/claw/vfs/NativeMount.cpp:244: Aquire java class for JNI method: com/Claw/Android/NativeMount
04-20 13:45:21.511  9067  9387 I Claw    : [0m[      12.464] [30;1mjni/../jni/src/claw/vfs/NativeMount.cpp:244: JNI class acquired, acquire java method: GetFreeDiskSpace with args: (Ljava/lang/String;)J
04-20 13:45:21.511  9067  9387 I Claw    : [0m[      12.466] [30;1mjni/../jni/src/claw/vfs/NativeMount.cpp:244: Aquire java class for JNI method: com/Claw/Android/NativeMount
04-20 13:45:21.511  9067  9387 I Claw    : [0m[      12.466] [30;1mjni/../jni/src/claw/vfs/NativeMount.cpp:244: JNI class acquired, acquire java method: GetFreeDiskSpace with args: (Ljava/lang/String;)J
04-20 13:45:21.511  9067  9387 I Claw    : [0m[      12.469] [30;1mjni/../jni/src/claw/vfs/NativeMount.cpp:244: Aquire java class for JNI method: com/Claw/Android/NativeMount
04-20 13:45:21.511  9067  9387 I Claw    : [0m[      12.469] [30;1mjni/../jni/src/claw/vfs/NativeMount.cpp:244: JNI class acquired, acquire java method: GetFreeDiskSpace with args: (Ljava/lang/String;)J
04-20 13:45:21.521  9067  9387 I Claw    : [0m[      12.475] [30;1mjni/../jni/src/claw/vfs/NativeMount.cpp:244: Aquire java class for JNI method: com/Claw/Android/NativeMount
04-20 13:45:21.521  9067  9387 I Claw    : [0m[      12.476] [30;1mjni/../jni/src/claw/vfs/NativeMount.cpp:244: JNI class acquired, acquire java method: GetFreeDiskSpace with args: (Ljava/lang/String;)J
04-20 13:45:21.521  9067  9387 I Claw    : [0m[       12.48] [30;1mjni/../jni/src/claw/vfs/NativeMount.cpp:244: Aquire java class for JNI method: com/Claw/Android/NativeMount
04-20 13:45:21.521  9067  9387 I Claw    : [0m[       12.48] [30;1mjni/../jni/src/claw/vfs/NativeMount.cpp:244: JNI class acquired, acquire java method: GetFreeDiskSpace with args: (Ljava/lang/String;)J
04-20 13:45:21.531  9067  9387 I Claw    : [0m[      12.484] [30;1mjni/../jni/src/claw/vfs/NativeMount.cpp:244: Aquire java class for JNI method: com/Claw/Android/NativeMount
04-20 13:45:21.531  9067  9387 I Claw    : [0m[      12.484] [30;1mjni/../jni/src/claw/vfs/NativeMount.cpp:244: JNI class acquired, acquire java method: GetFreeDiskSpace with args: (Ljava/lang/String;)J
04-20 13:45:21.541  9067  9387 I Claw    : [0m[      12.493] [30;1mjni/../jni/src/claw/vfs/NativeMount.cpp:244: Aquire java class for JNI method: com/Claw/Android/NativeMount
04-20 13:45:21.541  9067  9387 I Claw    : [0m[      12.493] [30;1mjni/../jni/src/claw/vfs/NativeMount.cpp:244: JNI class acquired, acquire java method: GetFreeDiskSpace with args: (Ljava/lang/String;)J
04-20 13:45:21.541  9067  9387 I Claw    : [0m[      12.496] [30;1mjni/../jni/src/claw/vfs/NativeMount.cpp:244: Aquire java class for JNI method: com/Claw/Android/NativeMount
04-20 13:45:21.541  9067  9387 I Claw    : [0m[      12.496] [30;1mjni/../jni/src/claw/vfs/NativeMount.cpp:244: JNI class acquired, acquire java method: GetFreeDiskSpace with args: (Ljava/lang/String;)J
04-20 13:45:21.551  9067  9387 I Claw    : [0m[      12.507] [30;1mjni/../jni/src/claw/vfs/NativeMount.cpp:244: Aquire java class for JNI method: com/Claw/Android/NativeMount
04-20 13:45:21.551  9067  9387 I Claw    : [0m[      12.507] [30;1mjni/../jni/src/claw/vfs/NativeMount.cpp:244: JNI class acquired, acquire java method: GetFreeDiskSpace with args: (Ljava/lang/String;)J
04-20 13:45:21.561  9067  9387 I Claw    : [0m[      12.518] [30;1mjni/../jni/src/claw/vfs/NativeMount.cpp:244: Aquire java class for JNI method: com/Claw/Android/NativeMount
04-20 13:45:21.561  9067  9387 I Claw    : [0m[      12.519] [30;1mjni/../jni/src/claw/vfs/NativeMount.cpp:244: JNI class acquired, acquire java method: GetFreeDiskSpace with args: (Ljava/lang/String;)J
04-20 13:45:21.571  9067  9387 I Claw    : [0m[      12.524] [30;1mjni/../jni/src/claw/vfs/NativeMount.cpp:244: Aquire java class for JNI method: com/Claw/Android/NativeMount
04-20 13:45:21.571  9067  9387 I Claw    : [0m[      12.524] [30;1mjni/../jni/src/claw/vfs/NativeMount.cpp:244: JNI class acquired, acquire java method: GetFreeDiskSpace with args: (Ljava/lang/String;)J
04-20 13:45:21.571  9067  9387 I Claw    : [0m[       12.53] [30;1mjni/../jni/src/claw/vfs/NativeMount.cpp:244: Aquire java class for JNI method: com/Claw/Android/NativeMount
04-20 13:45:21.571  9067  9387 I Claw    : [0m[       12.53] [30;1mjni/../jni/src/claw/vfs/NativeMount.cpp:244: JNI class acquired, acquire java method: GetFreeDiskSpace with args: (Ljava/lang/String;)J
04-20 13:45:21.581  9067  9387 I Claw    : [0m[      12.535] [30;1mjni/../jni/src/claw/vfs/NativeMount.cpp:244: Aquire java class for JNI method: com/Claw/Android/NativeMount
04-20 13:45:21.581  9067  9387 I Claw    : [0m[      12.535] [30;1mjni/../jni/src/claw/vfs/NativeMount.cpp:244: JNI class acquired, acquire java method: GetFreeDiskSpace with args: (Ljava/lang/String;)J
04-20 13:45:21.581  9067  9387 I Claw    : [0m[       12.54] [30;1mjni/../jni/src/claw/vfs/NativeMount.cpp:244: Aquire java class for JNI method: com/Claw/Android/NativeMount
04-20 13:45:21.581  9067  9387 I Claw    : [0m[      12.541] [30;1mjni/../jni/src/claw/vfs/NativeMount.cpp:244: JNI class acquired, acquire java method: GetFreeDiskSpace with args: (Ljava/lang/String;)J
04-20 13:45:21.591  9067  9387 I Claw    : [0m[      12.547] [30;1mjni/../jni/src/claw/vfs/NativeMount.cpp:244: Aquire java class for JNI method: com/Claw/Android/NativeMount
04-20 13:45:21.591  9067  9387 I Claw    : [0m[      12.547] [30;1mjni/../jni/src/claw/vfs/NativeMount.cpp:244: JNI class acquired, acquire java method: GetFreeDiskSpace with args: (Ljava/lang/String;)J
04-20 13:45:21.591  9067  9387 I Claw    : [0m[      12.552] [30;1mjni/../jni/src/claw/vfs/NativeMount.cpp:244: Aquire java class for JNI method: com/Claw/Android/NativeMount
04-20 13:45:21.591  9067  9387 I Claw    : [0m[      12.552] [30;1mjni/../jni/src/claw/vfs/NativeMount.cpp:244: JNI class acquired, acquire java method: GetFreeDiskSpace with args: (Ljava/lang/String;)J
04-20 13:45:21.601  9067  9387 I Claw    : [0m[      12.558] [30;1mjni/../jni/src/claw/vfs/NativeMount.cpp:244: Aquire java class for JNI method: com/Claw/Android/NativeMount
04-20 13:45:21.601  9067  9387 I Claw    : [0m[      12.559] [30;1mjni/../jni/src/claw/vfs/NativeMount.cpp:244: JNI class acquired, acquire java method: GetFreeDiskSpace with args: (Ljava/lang/String;)J
04-20 13:45:21.601  9067  9387 I Claw    : [0m[      12.561] [30;1mjni/../jni/src/claw/vfs/NativeMount.cpp:244: Aquire java class for JNI method: com/Claw/Android/NativeMount
04-20 13:45:21.601  9067  9387 I Claw    : [0m[      12.561] [30;1mjni/../jni/src/claw/vfs/NativeMount.cpp:244: JNI class acquired, acquire java method: GetFreeDiskSpace with args: (Ljava/lang/String;)J
04-20 13:45:21.611  9067  9387 I Claw    : [0m[      12.567] [30;1mjni/../jni/src/claw/vfs/NativeMount.cpp:244: Aquire java class for JNI method: com/Claw/Android/NativeMount
04-20 13:45:21.611  9067  9387 I Claw    : [0m[      12.567] [30;1mjni/../jni/src/claw/vfs/NativeMount.cpp:244: JNI class acquired, acquire java method: GetFreeDiskSpace with args: (Ljava/lang/String;)J
04-20 13:45:21.621  9067  9387 I Claw    : [0m[      12.573] [30;1mjni/../jni/src/claw/vfs/NativeMount.cpp:244: Aquire java class for JNI method: com/Claw/Android/NativeMount
04-20 13:45:21.621  9067  9387 I Claw    : [0m[      12.573] [30;1mjni/../jni/src/claw/vfs/NativeMount.cpp:244: JNI class acquired, acquire java method: GetFreeDiskSpace with args: (Ljava/lang/String;)J
04-20 13:45:21.631  9067  9387 I Claw    : [0m[      12.584] [30;1mjni/../jni/src/claw/vfs/NativeMount.cpp:244: Aquire java class for JNI method: com/Claw/Android/NativeMount
04-20 13:45:21.631  9067  9387 I Claw    : [0m[      12.584] [30;1mjni/../jni/src/claw/vfs/NativeMount.cpp:244: JNI class acquired, acquire java method: GetFreeDiskSpace with args: (Ljava/lang/String;)J
04-20 13:45:21.641  9067  9387 I Claw    : [0m[      12.596] [30;1mjni/../jni/src/claw/vfs/NativeMount.cpp:244: Aquire java class for JNI method: com/Claw/Android/NativeMount
04-20 13:45:21.641  9067  9387 I Claw    : [0m[      12.596] [30;1mjni/../jni/src/claw/vfs/NativeMount.cpp:244: JNI class acquired, acquire java method: GetFreeDiskSpace with args: (Ljava/lang/String;)J
04-20 13:45:21.641  9067  9387 I Claw    : [0m[      12.602] [30;1mjni/../jni/src/claw/vfs/NativeMount.cpp:244: Aquire java class for JNI method: com/Claw/Android/NativeMount
04-20 13:45:21.641  9067  9387 I Claw    : [0m[      12.602] [30;1mjni/../jni/src/claw/vfs/NativeMount.cpp:244: JNI class acquired, acquire java method: GetFreeDiskSpace with args: (Ljava/lang/String;)J
04-20 13:45:21.651  9067  9387 I Claw    : [0m[      12.604] [30;1mjni/../jni/src/claw/vfs/NativeMount.cpp:244: Aquire java class for JNI method: com/Claw/Android/NativeMount
04-20 13:45:21.651  9067  9387 I Claw    : [0m[      12.605] [30;1mjni/../jni/src/claw/vfs/NativeMount.cpp:244: JNI class acquired, acquire java method: GetFreeDiskSpace with args: (Ljava/lang/String;)J
04-20 13:45:21.651  9067  9387 I Claw    : [0m[      12.608] [30;1mjni/../jni/src/claw/vfs/NativeMount.cpp:244: Aquire java class for JNI method: com/Claw/Android/NativeMount
04-20 13:45:21.651  9067  9387 I Claw    : [0m[      12.608] [30;1mjni/../jni/src/claw/vfs/NativeMount.cpp:244: JNI class acquired, acquire java method: GetFreeDiskSpace with args: (Ljava/lang/String;)J
04-20 13:45:21.651  9067  9387 I Claw    : [0m[      12.612] [30;1mjni/../jni/src/claw/vfs/NativeMount.cpp:244: Aquire java class for JNI method: com/Claw/Android/NativeMount
04-20 13:45:21.661  9067  9387 I Claw    : [0m[      12.613] [30;1mjni/../jni/src/claw/vfs/NativeMount.cpp:244: JNI class acquired, acquire java method: GetFreeDiskSpace with args: (Ljava/lang/String;)J
04-20 13:45:21.661  9067  9387 I Claw    : [0m[      12.617] [30;1mjni/../jni/src/claw/vfs/NativeMount.cpp:244: Aquire java class for JNI method: com/Claw/Android/NativeMount
04-20 13:45:21.661  9067  9387 I Claw    : [0m[      12.617] [30;1mjni/../jni/src/claw/vfs/NativeMount.cpp:244: JNI class acquired, acquire java method: GetFreeDiskSpace with args: (Ljava/lang/String;)J
04-20 13:45:21.671  9067  9387 I Claw    : [0m[      12.629] [30;1mjni/../jni/src/claw/vfs/NativeMount.cpp:244: Aquire java class for JNI method: com/Claw/Android/NativeMount
04-20 13:45:21.671  9067  9387 I Claw    : [0m[      12.629] [30;1mjni/../jni/src/claw/vfs/NativeMount.cpp:244: JNI class acquired, acquire java method: GetFreeDiskSpace with args: (Ljava/lang/String;)J
04-20 13:45:21.681  9067  9387 I Claw    : [0m[      12.638] [30;1mjni/../jni/src/claw/vfs/NativeMount.cpp:244: Aquire java class for JNI method: com/Claw/Android/NativeMount
04-20 13:45:21.681  9067  9387 I Claw    : [0m[      12.638] [30;1mjni/../jni/src/claw/vfs/NativeMount.cpp:244: JNI class acquired, acquire java method: GetFreeDiskSpace with args: (Ljava/lang/String;)J
04-20 13:45:21.681  9067  9387 I Claw    : [0m[      12.641] [30;1mjni/../jni/src/claw/vfs/NativeMount.cpp:244: Aquire java class for JNI method: com/Claw/Android/NativeMount
04-20 13:45:21.681  9067  9387 I Claw    : [0m[      12.641] [30;1mjni/../jni/src/claw/vfs/NativeMount.cpp:244: JNI class acquired, acquire java method: GetFreeDiskSpace with args: (Ljava/lang/String;)J
04-20 13:45:21.691  9067  9387 I Claw    : [0m[      12.644] [30;1mjni/../jni/src/claw/vfs/NativeMount.cpp:244: Aquire java class for JNI method: com/Claw/Android/NativeMount
04-20 13:45:21.691  9067  9387 I Claw    : [0m[      12.644] [30;1mjni/../jni/src/claw/vfs/NativeMount.cpp:244: JNI class acquired, acquire java method: GetFreeDiskSpace with args: (Ljava/lang/String;)J
04-20 13:45:21.691  9067  9387 I Claw    : [0m[      12.652] [30;1mjni/../jni/src/claw/vfs/NativeMount.cpp:244: Aquire java class for JNI method: com/Claw/Android/NativeMount
04-20 13:45:21.691  9067  9387 I Claw    : [0m[      12.652] [30;1mjni/../jni/src/claw/vfs/NativeMount.cpp:244: JNI class acquired, acquire java method: GetFreeDiskSpace with args: (Ljava/lang/String;)J
04-20 13:45:21.701  9067  9387 I Claw    : [0m[      12.661] [30;1mjni/../jni/src/claw/vfs/NativeMount.cpp:244: Aquire java class for JNI method: com/Claw/Android/NativeMount
04-20 13:45:21.701  9067  9387 I Claw    : [0m[      12.661] [30;1mjni/../jni/src/claw/vfs/NativeMount.cpp:244: JNI class acquired, acquire java method: GetFreeDiskSpace with args: (Ljava/lang/String;)J
04-20 13:45:21.711  9067  9387 I Claw    : [0m[      12.663] [30;1mjni/../jni/src/claw/vfs/NativeMount.cpp:244: Aquire java class for JNI method: com/Claw/Android/NativeMount
04-20 13:45:21.711  9067  9387 I Claw    : [0m[      12.664] [30;1mjni/../jni/src/claw/vfs/NativeMount.cpp:244: JNI class acquired, acquire java method: GetFreeDiskSpace with args: (Ljava/lang/String;)J
04-20 13:45:21.721  9067  9387 I Claw    : [0m[      12.673] [30;1mjni/../jni/src/claw/vfs/NativeMount.cpp:244: Aquire java class for JNI method: com/Claw/Android/NativeMount
04-20 13:45:21.721  9067  9387 I Claw    : [0m[      12.673] [30;1mjni/../jni/src/claw/vfs/NativeMount.cpp:244: JNI class acquired, acquire java method: GetFreeDiskSpace with args: (Ljava/lang/String;)J
04-20 13:45:21.721  9067  9387 I Claw    : [0m[      12.676] [30;1mjni/../jni/src/claw/vfs/NativeMount.cpp:244: Aquire java class for JNI method: com/Claw/Android/NativeMount
04-20 13:45:21.721  9067  9387 I Claw    : [0m[      12.676] [30;1mjni/../jni/src/claw/vfs/NativeMount.cpp:244: JNI class acquired, acquire java method: GetFreeDiskSpace with args: (Ljava/lang/String;)J
04-20 13:45:21.721  9067  9387 I Claw    : [0m[      12.679] [30;1mjni/../jni/src/claw/vfs/NativeMount.cpp:244: Aquire java class for JNI method: com/Claw/Android/NativeMount
04-20 13:45:21.721  9067  9387 I Claw    : [0m[      12.679] [30;1mjni/../jni/src/claw/vfs/NativeMount.cpp:244: JNI class acquired, acquire java method: GetFreeDiskSpace with args: (Ljava/lang/String;)J
04-20 13:45:21.731  9067  9387 I Claw    : [0m[      12.684] [30;1mjni/../jni/src/claw/vfs/NativeMount.cpp:244: Aquire java class for JNI method: com/Claw/Android/NativeMount
04-20 13:45:21.731  9067  9387 I Claw    : [0m[      12.684] [30;1mjni/../jni/src/claw/vfs/NativeMount.cpp:244: JNI class acquired, acquire java method: GetFreeDiskSpace with args: (Ljava/lang/String;)J
04-20 13:45:21.731  9067  9387 I Claw    : [0m[      12.692] [30;1mjni/../jni/src/claw/vfs/NativeMount.cpp:244: Aquire java class for JNI method: com/Claw/Android/NativeMount
04-20 13:45:21.731  9067  9387 I Claw    : [0m[      12.692] [30;1mjni/../jni/src/claw/vfs/NativeMount.cpp:244: JNI class acquired, acquire java method: GetFreeDiskSpace with args: (Ljava/lang/String;)J
04-20 13:45:21.741  9067  9387 I Claw    : [0m[      12.695] [30;1mjni/../jni/src/claw/vfs/NativeMount.cpp:244: Aquire java class for JNI method: com/Claw/Android/NativeMount
04-20 13:45:21.741  9067  9387 I Claw    : [0m[      12.695] [30;1mjni/../jni/src/claw/vfs/NativeMount.cpp:244: JNI class acquired, acquire java method: GetFreeDiskSpace with args: (Ljava/lang/String;)J
04-20 13:45:21.741  9067  9387 I Claw    : [0m[      12.696] [30;1mjni/../jni/src/claw/vfs/android/AndroidSaveFile.cpp:82: Open new save assetcache/sound_vo_female.pak.meta
04-20 13:45:21.741  9067  9387 I Claw    : [0m[      12.697] [30;1mjni/../jni/src/claw/vfs/NativeMount.cpp:244: Aquire java class for JNI method: com/Claw/Android/NativeMount
04-20 13:45:21.741  9067  9387 I Claw    : [0m[      12.697] [30;1mjni/../jni/src/claw/vfs/NativeMount.cpp:244: JNI class acquired, acquire java method: GetFreeDiskSpace with args: (Ljava/lang/String;)J
04-20 13:45:21.741  9067  9387 I Claw    : [0m[      12.699] [30;1mjni/../jni/src/claw/vfs/NativeMount.cpp:244: Aquire java class for JNI method: com/Claw/Android/NativeMount
04-20 13:45:21.741  9067  9387 I Claw    : [0m[      12.699] [30;1mjni/../jni/src/claw/vfs/NativeMount.cpp:244: JNI class acquired, acquire java method: GetFreeDiskSpace with args: (Ljava/lang/String;)J
04-20 13:45:21.741  9067  9387 I Claw    : [0m[        12.7] [30;1mjni/../jni/src/claw/vfs/NativeMount.cpp:244: Aquire java class for JNI method: com/Claw/Android/NativeMount
04-20 13:45:21.741  9067  9387 I Claw    : [0m[        12.7] [30;1mjni/../jni/src/claw/vfs/NativeMount.cpp:244: JNI class acquired, acquire java method: GetFreeDiskSpace with args: (Ljava/lang/String;)J
04-20 13:45:21.741  9067  9387 I Claw    : [0m[      12.702] [30;1mjni/../jni/src/claw/vfs/NativeMount.cpp:244: Aquire java class for JNI method: com/Claw/Android/NativeMount
04-20 13:45:21.741  9067  9387 I Claw    : [0m[      12.702] [30;1mjni/../jni/src/claw/vfs/NativeMount.cpp:244: JNI class acquired, acquire java method: GetFreeDiskSpace with args: (Ljava/lang/String;)J
04-20 13:45:21.741  9067  9387 I Claw    : [0m[      12.703] [30;1mjni/../jni/src/claw/vfs/android/AndroidSaveFile.cpp:82: Open new save assetcache/sound_vo_female.pak.meta
04-20 13:45:21.751  9067  9387 I Claw    : [0m[      12.704] [30;1mjni/../jni/src/claw/vfs/NativeMount.cpp:244: Aquire java class for JNI method: com/Claw/Android/NativeMount
04-20 13:45:21.751  9067  9387 I Claw    : [0m[      12.704] [30;1mjni/../jni/src/claw/vfs/NativeMount.cpp:244: JNI class acquired, acquire java method: GetFreeDiskSpace with args: (Ljava/lang/String;)J
04-20 13:45:21.751  9067  9387 I Claw    : [0m[      12.706] [30;1mjni/../jni/src/claw/vfs/NativeMount.cpp:244: Aquire java class for JNI method: com/Claw/Android/NativeMount
04-20 13:45:21.751  9067  9387 I Claw    : [0m[      12.706] [30;1mjni/../jni/src/claw/vfs/NativeMount.cpp:244: JNI class acquired, acquire java method: GetFreeDiskSpace with args: (Ljava/lang/String;)J
04-20 13:45:21.751  9067  9387 I Claw    : [0m[      12.707] [30;1mjni/../jni/src/claw/vfs/NativeMount.cpp:244: Aquire java class for JNI method: com/Claw/Android/NativeMount
04-20 13:45:21.751  9067  9387 I Claw    : [0m[      12.708] [30;1mjni/../jni/src/claw/vfs/NativeMount.cpp:244: JNI class acquired, acquire java method: GetFreeDiskSpace with args: (Ljava/lang/String;)J
04-20 13:45:21.751  9067  9387 I Claw    : [0m[      12.709] [30;1mjni/../jni/src/claw/vfs/NativeMount.cpp:244: Aquire java class for JNI method: com/Claw/Android/NativeMount
04-20 13:45:21.751  9067  9387 I Claw    : [0m[      12.709] [30;1mjni/../jni/src/claw/vfs/NativeMount.cpp:244: JNI class acquired, acquire java method: GetFreeDiskSpace with args: (Ljava/lang/String;)J
04-20 13:45:21.751  9067  9387 I Claw    : [0m[       12.71] [30;1mjni/../jni/src/claw/vfs/android/AndroidSaveFile.cpp:82: Open new save assetcache/sound_vo_female.pak.meta
04-20 13:45:21.751  9067  9387 I Claw    : [0m[      12.712] [30;1mjni/../jni/src/claw/vfs/NativeMount.cpp:244: Aquire java class for JNI method: com/Claw/Android/NativeMount
04-20 13:45:21.751  9067  9387 I Claw    : [0m[      12.712] [30;1mjni/../jni/src/claw/vfs/NativeMount.cpp:244: JNI class acquired, acquire java method: GetFreeDiskSpace with args: (Ljava/lang/String;)J
04-20 13:45:21.761  9067  9387 I Claw    : [0m[      12.713] [30;1mjni/../jni/src/claw/vfs/NativeMount.cpp:244: Aquire java class for JNI method: com/Claw/Android/NativeMount
04-20 13:45:21.761  9067  9387 I Claw    : [0m[      12.713] [30;1mjni/../jni/src/claw/vfs/NativeMount.cpp:244: JNI class acquired, acquire java method: GetFreeDiskSpace with args: (Ljava/lang/String;)J
04-20 13:45:21.761  9067  9387 W libc    : It seems that pthread_join() is not invoked or PTHREAD_ATTR_FLAG_DETACHED is not set.
04-20 13:45:21.761  9067  9387 W libc    :     pthread tid          : 9387
04-20 13:45:21.761  9067  9387 W libc    :     pthread start_routine: 0xded902a8
04-20 13:45:21.811  9067  9377 I Claw    : [0m[      12.767] [30;1mjni/../jni/src/claw/vfs/android/AndroidSaveFile.cpp:42: Open existing save assetcache/sound_vo_female.pak
04-20 13:45:21.811  9067  9377 I Claw    : [0m[      12.767] [30;1mjni/../jni/src/claw/vfs/Vfs.cpp:172: Opened file: /assetcache/sound_vo_female.pak
04-20 13:45:21.811  9067  9377 I Claw    : [0m[       12.77] /home/jenkins/workspace/huuuge-stars/client-dev/hs-android/src/casino/DownloadManager.cpp:500: Mounting pak: sound_vo_female.pak
04-20 13:45:21.811  9067  9329 I Claw    : [0m[      12.771] ../../../../../../../../contrib/huuugeanalyticssdk/cpp/contrib/jni/JniAttach.hpp:185: Aquire java class for JNI method: com/huuuge/analytics/HA
04-20 13:45:21.811  9067  9329 I Claw    : [0m[      12.771] ../../../../../../../../contrib/huuugeanalyticssdk/cpp/contrib/jni/JniAttach.hpp:185: JNI class acquired, acquire java method: connectionStatus with args: ()I
04-20 13:45:21.811  9067  9329 I Claw    : [0m[      12.771] ../../../../../../../../contrib/huuugeanalyticssdk/cpp/contrib/jni/JniAttach.hpp:186: JNI method acquired, try to call.
04-20 13:45:21.811  9067  9377 I Claw    : [0m[      12.772] [30;1mjni/../jni/src/claw/vfs/Vfs.cpp:97: Added new mount at /
04-20 13:45:21.811  9067  9377 I Claw    : [0m[      12.772] [30;1mjni/../jni/src/claw/vfs/android/AndroidSaveFile.cpp:42: Open existing save assetcache/welcome_bg_1_etc2.pak.meta
04-20 13:45:21.811  9067  9377 I Claw    : [0m[      12.772] [30;1mjni/../jni/src/claw/vfs/Vfs.cpp:168: Cannot open file: /assetcache/welcome_bg_1_etc2.pak.meta
04-20 13:45:21.811  9067  9377 I Claw    : [0m[      12.773] /home/jenkins/workspace/huuuge-stars/client-dev/hs-android/src/casino/ServerList.cpp:53: Server list returning http://cdn-hs-dev.hgonline.net/339/, 1/14
04-20 13:45:21.821  9067  9377 I Claw    : [0m[      12.773] [30;1mjni/../jni/src/claw/vfs/android/AndroidSaveFile.cpp:42: Open existing save assetcache/welcome_bg_1_etc2.pak.meta
04-20 13:45:21.821  9067  9329 I Claw    : [0m[      12.773] ../../../../../../../../contrib/huuugeanalyticssdk/cpp/contrib/jni/JniAttach.hpp:189: JNI method called.
04-20 13:45:21.821  9067  9377 I Claw    : [0m[      12.773] [30;1mjni/../jni/src/claw/vfs/Vfs.cpp:168: Cannot open file: /assetcache/welcome_bg_1_etc2.pak.meta
04-20 13:45:21.821  9067  9377 I Claw    : [0m[      12.773] /home/jenkins/workspace/huuuge-stars/client-dev/hs-android/src/casino/DefaultDownloadManager.cpp:415: Downloading pak welcome_bg_1_etc2.pak from http://cdn-hs-dev.hgonline.net/339/
04-20 13:45:21.821  2218  2767 D EnterpriseController: netId is 0
04-20 13:45:21.821  2218  2767 D Netd    : getNetworkForDns: using netid 502 for uid 10667
04-20 13:45:21.821  9067  9392 I Claw    : [0m[      12.777] [30;1mjni/../jni/src/claw/network/HttpRequest.cpp:97: cdn-hs-dev.hgonline.net resolved to ::ffff:2.20.189.185
04-20 13:45:21.821  9067  9392 I Claw    : [0m[      12.777] [30;1mjni/../jni/src/claw/network/HttpRequest.cpp:97: cdn-hs-dev.hgonline.net resolved to ::ffff:2.20.189.122
04-20 13:45:21.821  9067  9392 I Claw    : [0m[      12.777] [30;1mjni/../jni/src/claw/network/unix/UnixStreamSocket.cpp:93: Connecting to ::ffff:2.20.189.185
04-20 13:45:21.861  9067  9329 I Claw    : [0m[      12.815] ../../../../../../../../contrib/huuugeanalyticssdk/cpp/contrib/jni/JniAttach.hpp:185: Aquire java class for JNI method: com/huuuge/analytics/HA
04-20 13:45:21.861  9067  9329 I Claw    : [0m[      12.816] ../../../../../../../../contrib/huuugeanalyticssdk/cpp/contrib/jni/JniAttach.hpp:185: JNI class acquired, acquire java method: connectionStatus with args: ()I
04-20 13:45:21.861  9067  9329 I Claw    : [0m[      12.816] ../../../../../../../../contrib/huuugeanalyticssdk/cpp/contrib/jni/JniAttach.hpp:186: JNI method acquired, try to call.
04-20 13:45:21.861  9067  9329 I Claw    : [0m[      12.817] ../../../../../../../../contrib/huuugeanalyticssdk/cpp/contrib/jni/JniAttach.hpp:189: JNI method called.
