04-20 13:45:24.271  9067  9419 I Claw    : [0m[      15.225] [30;1mjni/../jni/src/claw/vfs/NativeMount.cpp:244: Aquire java class for JNI method: com/Claw/Android/NativeMount
04-20 13:45:24.271  9067  9419 I Claw    : [0m[      15.225] [30;1mjni/../jni/src/claw/vfs/NativeMount.cpp:244: JNI class acquired, acquire java method: GetFreeDiskSpace with args: (Ljava/lang/String;)J
04-20 13:45:24.271  9067  9419 I Claw    : [0m[      15.226] [30;1mjni/../jni/src/claw/vfs/NativeMount.cpp:244: Aquire java class for JNI method: com/Claw/Android/NativeMount
04-20 13:45:24.271  9067  9419 I Claw    : [0m[      15.227] [30;1mjni/../jni/src/claw/vfs/NativeMount.cpp:244: JNI class acquired, acquire java method: GetFreeDiskSpace with args: (Ljava/lang/String;)J
04-20 13:45:24.271  9067  9419 W libc    : It seems that pthread_join() is not invoked or PTHREAD_ATTR_FLAG_DETACHED is not set.
04-20 13:45:24.271  9067  9419 W libc    :     pthread tid          : 9419
04-20 13:45:24.271  9067  9419 W libc    :     pthread start_routine: 0xded902a8
04-20 13:45:24.351  3754  3754 D RelationGraph: garbageCollect()
04-20 13:45:24.361  3754  3754 D RelationGraph: garbageCollect()
04-20 13:45:24.361  9067  9326 I Claw    : [0m[      15.319] ../../../../../../../../contrib/huuugeanalyticssdk/cpp/contrib/jni/JniAttach.hpp:151: JNI method called.
04-20 13:45:24.361  9067  9326 I Claw    : [0m[      15.319] /home/jenkins/workspace/huuuge-stars/client-dev/hs-android/contrib/huuugeanalyticssdk/cpp/src/huuuge/analytics/HAHttp-android.cpp:133: Huuuge::analytics::HTTPAndroid::InvokeHttps response code is 200
04-20 13:45:24.361  9067  9326 I Claw    : [0m[      15.319] /home/jenkins/workspace/huuuge-stars/client-dev/hs-android/contrib/huuugeanalyticssdk/cpp/src/huuuge/analytics/HAHttp-android.cpp:134: Huuuge::analytics::HTTPAndroid::InvokeHttps response payload is null
04-20 13:45:24.381  3754  3754 D RelationGraph: garbageCollect()
04-20 13:45:24.381  3754  3944 E Auth    : [GoogleAccountDataServiceImpl] getToken() -> BAD_AUTHENTICATION. Account: <ELLIDED:312516430>, App: com.android.vending, Service: androidmarket
04-20 13:45:24.381  3754  3944 E Auth    : fkq: Long live credential not available.
04-20 13:45:24.381  3754  3944 E Auth    : 	at fkr.b(:com.google.android.gms@12521020@12.5.21 (040308-189987672):20)
04-20 13:45:24.381  3754  3944 E Auth    : 	at fkr.a(:com.google.android.gms@12521020@12.5.21 (040308-189987672):50)
04-20 13:45:24.381  3754  3944 E Auth    : 	at fjb.a(:com.google.android.gms@12521020@12.5.21 (040308-189987672):35)
04-20 13:45:24.381  3754  3944 E Auth    : 	at gzf.a(:com.google.android.gms@12521020@12.5.21 (040308-189987672):8)
04-20 13:45:24.381  3754  3944 E Auth    : 	at gzf.a(:com.google.android.gms@12521020@12.5.21 (040308-189987672):160)
04-20 13:45:24.381  3754  3944 E Auth    : 	at gyf.a(:com.google.android.gms@12521020@12.5.21 (040308-189987672):2)
04-20 13:45:24.381  3754  3944 E Auth    : 	at gyc.a(:com.google.android.gms@12521020@12.5.21 (040308-189987672):17)
04-20 13:45:24.381  3754  3944 E Auth    : 	at gyc.a(:com.google.android.gms@12521020@12.5.21 (040308-189987672):6)
04-20 13:45:24.381  3754  3944 E Auth    : 	at cug.a(:com.google.android.gms@12521020@12.5.21 (040308-189987672):25)
04-20 13:45:24.381  3754  3944 E Auth    : 	at cug.a(:com.google.android.gms@12521020@12.5.21 (040308-189987672):79)
04-20 13:45:24.381  3754  3944 E Auth    : 	at ffx.a(:com.google.android.gms@12521020@12.5.21 (040308-189987672):6)
04-20 13:45:24.381  3754  3944 E Auth    : 	at ffw.a(:com.google.android.gms@12521020@12.5.21 (040308-189987672):2)
04-20 13:45:24.381  3754  3944 E Auth    : 	at ffw.e(:com.google.android.gms@12521020@12.5.21 (040308-189987672):6)
04-20 13:45:24.381  3754  3944 E Auth    : 	at ffv.a(:com.google.android.gms@12521020@12.5.21 (040308-189987672):1)
04-20 13:45:24.381  3754  3944 E Auth    : 	at fhs.getAuthToken(:com.google.android.gms@12521020@12.5.21 (040308-189987672):7)
04-20 13:45:24.381  3754  3944 E Auth    : 	at android.accounts.AbstractAccountAuthenticator$Transport.getAuthToken(AbstractAccountAuthenticator.java:214)
04-20 13:45:24.381  3754  3944 E Auth    : 	at android.accounts.IAccountAuthenticator$Stub.onTransact(IAccountAuthenticator.java:113)
04-20 13:45:24.381  3754  3944 E Auth    : 	at android.os.Binder.transact(Binder.java:387)
04-20 13:45:24.381  3754  3944 E Auth    : 	at cwl.onTransact(:com.google.android.gms@12521020@12.5.21 (040308-189987672):3)
04-20 13:45:24.381  3754  3944 E Auth    : 	at android.os.Binder.execTransact(Binder.java:453)
04-20 13:45:24.381  3754  3944 W Auth    : [GetToken] GetToken failed with status code: BadAuthentication
04-20 13:45:24.391  3754  3754 D RelationGraph: garbageCollect()
04-20 13:45:24.401  3754  3944 W Auth    : [GoogleAuthUtil] GoogleAuthUtil
04-20 13:45:24.401  3754  3944 W GLSActivity: fgj: BadAuthentication
04-20 13:45:24.401  3754  3944 W GLSActivity: 	at ffx.a(:com.google.android.gms@12521020@12.5.21 (040308-189987672):13)
04-20 13:45:24.401  3754  3944 W GLSActivity: 	at ffw.a(:com.google.android.gms@12521020@12.5.21 (040308-189987672):2)
04-20 13:45:24.401  3754  3944 W GLSActivity: 	at ffw.e(:com.google.android.gms@12521020@12.5.21 (040308-189987672):6)
04-20 13:45:24.401  3754  3944 W GLSActivity: 	at ffv.a(:com.google.android.gms@12521020@12.5.21 (040308-189987672):1)
04-20 13:45:24.401  3754  3944 W GLSActivity: 	at fhs.getAuthToken(:com.google.android.gms@12521020@12.5.21 (040308-189987672):7)
04-20 13:45:24.401  3754  3944 W GLSActivity: 	at android.accounts.AbstractAccountAuthenticator$Transport.getAuthToken(AbstractAccountAuthenticator.java:214)
04-20 13:45:24.401  3754  3944 W GLSActivity: 	at android.accounts.IAccountAuthenticator$Stub.onTransact(IAccountAuthenticator.java:113)
04-20 13:45:24.401  3754  3944 W GLSActivity: 	at android.os.Binder.transact(Binder.java:387)
04-20 13:45:24.401  3754  3944 W GLSActivity: 	at cwl.onTransact(:com.google.android.gms@12521020@12.5.21 (040308-189987672):3)
04-20 13:45:24.401  3754  3944 W GLSActivity: 	at android.os.Binder.execTransact(Binder.java:453)
04-20 13:45:24.401   425   425 I Finsky  : [1] com.google.android.finsky.o.c.a(24): Completed 1 account content syncs with 0 successful.
04-20 13:45:24.411   425   425 I Finsky  : [1] com.google.android.finsky.ai.c.a(7): Installation state replication failed.
04-20 13:45:24.411   425   425 I Finsky  : [1] com.google.android.finsky.ai.c.a(14): Scheduling replication attempt 1.
04-20 13:45:24.411   425   425 I Finsky  : [1] com.google.android.finsky.scheduler.ax.b(12): jobFinished: 1 12
04-20 13:45:24.411   425   425 I Finsky  : [1] com.google.android.finsky.scheduler.y.a(186): Job 1 (12) finished
04-20 13:45:24.411   425   425 I Finsky  : [1] com.google.android.finsky.scheduler.y.a(160): RunningQueue size: 0
04-20 13:45:24.411   425   425 I Finsky  : [1] com.google.android.finsky.scheduler.y.a(161): PendingQueue size: 0
04-20 13:45:24.411   425   425 I Finsky  : [1] com.google.android.finsky.scheduler.ad.handleMessage(224): Executor finished
04-20 13:45:24.411   425   425 I Finsky  : [1] com.google.android.finsky.scheduler.JobSchedulerEngine.a(134): Scheduling job Id: 9001, MinLatency: 39995, Override Deadline: 86399995, C: false, I: false, N: 1
04-20 13:45:24.451  9067  9377 I Claw    : [0m[       15.41] [30;1mjni/../jni/src/claw/vfs/android/AndroidSaveFile.cpp:42: Open existing save assetcache/welcome_bg_0_etc2.pak
04-20 13:45:24.451  9067  9377 I Claw    : [0m[       15.41] [30;1mjni/../jni/src/claw/vfs/Vfs.cpp:172: Opened file: /assetcache/welcome_bg_0_etc2.pak
04-20 13:45:24.461  9067  9377 I Claw    : [0m[      15.414] /home/jenkins/workspace/huuuge-stars/client-dev/hs-android/src/casino/DownloadManager.cpp:500: Mounting pak: welcome_bg_0_etc2.pak
04-20 13:45:24.461  9067  9377 I Claw    : [0m[      15.415] [30;1mjni/../jni/src/claw/vfs/Vfs.cpp:97: Added new mount at /
04-20 13:45:24.461  9067  9377 I Claw    : [0m[      15.416] [30;1mjni/../jni/src/claw/vfs/android/AndroidSaveFile.cpp:42: Open existing save assetcache/atlas_avatars_2_etc2.pak.meta
04-20 13:45:24.461  9067  9377 I Claw    : [0m[      15.416] [30;1mjni/../jni/src/claw/vfs/Vfs.cpp:168: Cannot open file: /assetcache/atlas_avatars_2_etc2.pak.meta
04-20 13:45:24.461  9067  9377 I Claw    : [0m[      15.416] /home/jenkins/workspace/huuuge-stars/client-dev/hs-android/src/casino/ServerList.cpp:53: Server list returning http://cdn-hs-dev.hgonline.net/339/, 1/14
04-20 13:45:24.461  9067  9377 I Claw    : [0m[      15.417] [30;1mjni/../jni/src/claw/vfs/android/AndroidSaveFile.cpp:42: Open existing save assetcache/atlas_avatars_2_etc2.pak.meta
04-20 13:45:24.461  9067  9377 I Claw    : [0m[      15.417] [30;1mjni/../jni/src/claw/vfs/Vfs.cpp:168: Cannot open file: /assetcache/atlas_avatars_2_etc2.pak.meta
04-20 13:45:24.461  9067  9377 I Claw    : [0m[      15.417] /home/jenkins/workspace/huuuge-stars/client-dev/hs-android/src/casino/DefaultDownloadManager.cpp:415: Downloading pak atlas_avatars_2_etc2.pak from http://cdn-hs-dev.hgonline.net/339/
04-20 13:45:24.461  9067  9329 I Claw    : [0m[      15.418] ../../../../../../../../contrib/huuugeanalyticssdk/cpp/contrib/jni/JniAttach.hpp:185: Aquire java class for JNI method: com/huuuge/analytics/HA
04-20 13:45:24.461  9067  9329 I Claw    : [0m[      15.418] ../../../../../../../../contrib/huuugeanalyticssdk/cpp/contrib/jni/JniAttach.hpp:185: JNI class acquired, acquire java method: connectionStatus with args: ()I
04-20 13:45:24.461  9067  9329 I Claw    : [0m[      15.418] ../../../../../../../../contrib/huuugeanalyticssdk/cpp/contrib/jni/JniAttach.hpp:186: JNI method acquired, try to call.
04-20 13:45:24.461  2218  2767 D EnterpriseController: netId is 0
04-20 13:45:24.461  2218  2767 D Netd    : getNetworkForDns: using netid 502 for uid 10667
04-20 13:45:24.461  9067  9438 I Claw    : [0m[       15.42] [30;1mjni/../jni/src/claw/network/HttpRequest.cpp:97: cdn-hs-dev.hgonline.net resolved to ::ffff:2.20.189.185
04-20 13:45:24.461  9067  9438 I Claw    : [0m[      15.421] [30;1mjni/../jni/src/claw/network/HttpRequest.cpp:97: cdn-hs-dev.hgonline.net resolved to ::ffff:2.20.189.122
04-20 13:45:24.461  9067  9438 I Claw    : [0m[      15.421] [30;1mjni/../jni/src/claw/network/unix/UnixStreamSocket.cpp:93: Connecting to ::ffff:2.20.189.185
04-20 13:45:24.461  9067  9329 I Claw    : [0m[      15.421] ../../../../../../../../contrib/huuugeanalyticssdk/cpp/contrib/jni/JniAttach.hpp:189: JNI method called.
04-20 13:45:24.511  9067  9329 I Claw    : [0m[      15.467] ../../../../../../../../contrib/huuugeanalyticssdk/cpp/contrib/jni/JniAttach.hpp:185: Aquire java class for JNI method: com/huuuge/analytics/HA
04-20 13:45:24.511  9067  9329 I Claw    : [0m[      15.467] ../../../../../../../../contrib/huuugeanalyticssdk/cpp/contrib/jni/JniAttach.hpp:185: JNI class acquired, acquire java method: connectionStatus with args: ()I
04-20 13:45:24.511  9067  9329 I Claw    : [0m[      15.467] ../../../../../../../../contrib/huuugeanalyticssdk/cpp/contrib/jni/JniAttach.hpp:186: JNI method acquired, try to call.
04-20 13:45:24.511  9067  9329 I Claw    : [0m[      15.469] ../../../../../../../../contrib/huuugeanalyticssdk/cpp/contrib/jni/JniAttach.hpp:189: JNI method called.
04-20 13:45:24.871  9067  9438 I Claw    : [0m[      15.824] [30;1mjni/../jni/src/claw/network/HttpRequest.cpp:279: Content length: 50
04-20 13:45:24.871  9067  9438 I Claw    : [0m[      15.825] [30;1mjni/../jni/src/claw/vfs/android/AndroidSaveFile.cpp:82: Open new save assetcache/atlas_avatars_2_etc2.pak
04-20 13:45:24.871  9067  9438 I Claw    : [0m[      15.826] [30;1mjni/../jni/src/claw/vfs/android/AndroidSaveFile.cpp:82: Open new save assetcache/atlas_avatars_2_etc2.pak.meta
04-20 13:45:24.871  9067  9438 I Claw    : [0m[      15.827] [30;1mjni/../jni/src/claw/vfs/NativeMount.cpp:244: Aquire java class for JNI method: com/Claw/Android/NativeMount
04-20 13:45:24.871  9067  9438 I Claw    : [0m[      15.828] [30;1mjni/../jni/src/claw/vfs/NativeMount.cpp:244: JNI class acquired, acquire java method: GetFreeDiskSpace with args: (Ljava/lang/String;)J
04-20 13:45:24.871  9067  9438 I Claw    : [0m[      15.829] [30;1mjni/../jni/src/claw/vfs/NativeMount.cpp:244: Aquire java class for JNI method: com/Claw/Android/NativeMount
04-20 13:45:24.871  9067  9438 I Claw    : [0m[      15.829] [30;1mjni/../jni/src/claw/vfs/NativeMount.cpp:244: JNI class acquired, acquire java method: GetFreeDiskSpace with args: (Ljava/lang/String;)J
04-20 13:45:24.871  9067  9438 I Claw    : [0m[       15.83] [30;1mjni/../jni/src/claw/vfs/NativeMount.cpp:244: Aquire java class for JNI method: com/Claw/Android/NativeMount
04-20 13:45:24.871  9067  9438 I Claw    : [0m[       15.83] [30;1mjni/../jni/src/claw/vfs/NativeMount.cpp:244: JNI class acquired, acquire java method: GetFreeDiskSpace with args: (Ljava/lang/String;)J
04-20 13:45:24.871  9067  9438 I Claw    : [0m[      15.831] [30;1mjni/../jni/src/claw/vfs/NativeMount.cpp:244: Aquire java class for JNI method: com/Claw/Android/NativeMount
04-20 13:45:24.871  9067  9438 I Claw    : [0m[      15.831] [30;1mjni/../jni/src/claw/vfs/NativeMount.cpp:244: JNI class acquired, acquire java method: GetFreeDiskSpace with args: (Ljava/lang/String;)J
04-20 13:45:24.871  2218  2767 D EnterpriseController: netId is 0
04-20 13:45:24.871  2218  2767 D Netd    : getNetworkForDns: using netid 502 for uid 10667
04-20 13:45:24.881  9067  9438 I Claw    : [0m[      15.837] [30;1mjni/../jni/src/claw/network/HttpRequest.cpp:97: cdn-hs-dev.hgonline.net resolved to ::ffff:2.20.189.185
04-20 13:45:24.881  9067  9438 I Claw    : [0m[      15.837] [30;1mjni/../jni/src/claw/network/HttpRequest.cpp:97: cdn-hs-dev.hgonline.net resolved to ::ffff:2.20.189.122
04-20 13:45:24.881  9067  9438 I Claw    : [0m[      15.837] [30;1mjni/../jni/src/claw/network/unix/UnixStreamSocket.cpp:93: Connecting to ::ffff:2.20.189.185
04-20 13:45:24.941  9067  9438 I Claw    : [0m[        15.9] [30;1mjni/../jni/src/claw/network/HttpRequest.cpp:279: Content length: 160857
04-20 13:45:24.951  9067  9438 I Claw    : [0m[      15.906] [30;1mjni/../jni/src/claw/vfs/NativeMount.cpp:244: Aquire java class for JNI method: com/Claw/Android/NativeMount
04-20 13:45:24.951  9067  9438 I Claw    : [0m[      15.906] [30;1mjni/../jni/src/claw/vfs/NativeMount.cpp:244: JNI class acquired, acquire java method: GetFreeDiskSpace with args: (Ljava/lang/String;)J
04-20 13:45:24.951  9067  9438 I Claw    : [0m[      15.911] [30;1mjni/../jni/src/claw/vfs/NativeMount.cpp:244: Aquire java class for JNI method: com/Claw/Android/NativeMount
04-20 13:45:24.951  9067  9438 I Claw    : [0m[      15.912] [30;1mjni/../jni/src/claw/vfs/NativeMount.cpp:244: JNI class acquired, acquire java method: GetFreeDiskSpace with args: (Ljava/lang/String;)J
04-20 13:45:24.981  9067  9438 I Claw    : [0m[      15.942] [30;1mjni/../jni/src/claw/vfs/NativeMount.cpp:244: Aquire java class for JNI method: com/Claw/Android/NativeMount
04-20 13:45:24.991  9067  9438 I Claw    : [0m[      15.943] [30;1mjni/../jni/src/claw/vfs/NativeMount.cpp:244: JNI class acquired, acquire java method: GetFreeDiskSpace with args: (Ljava/lang/String;)J
04-20 13:45:25.031  9067  9438 I Claw    : [0m[      15.984] [30;1mjni/../jni/src/claw/vfs/NativeMount.cpp:244: Aquire java class for JNI method: com/Claw/Android/NativeMount
04-20 13:45:25.031  9067  9438 I Claw    : [0m[      15.984] [30;1mjni/../jni/src/claw/vfs/NativeMount.cpp:244: JNI class acquired, acquire java method: GetFreeDiskSpace with args: (Ljava/lang/String;)J
04-20 13:45:25.031  9067  9438 I Claw    : [0m[      15.986] [30;1mjni/../jni/src/claw/vfs/NativeMount.cpp:244: Aquire java class for JNI method: com/Claw/Android/NativeMount
04-20 13:45:25.031  9067  9438 I Claw    : [0m[      15.986] [30;1mjni/../jni/src/claw/vfs/NativeMount.cpp:244: JNI class acquired, acquire java method: GetFreeDiskSpace with args: (Ljava/lang/String;)J
04-20 13:45:25.031  9067  9438 I Claw    : [0m[      15.988] [30;1mjni/../jni/src/claw/vfs/NativeMount.cpp:244: Aquire java class for JNI method: com/Claw/Android/NativeMount
04-20 13:45:25.031  9067  9438 I Claw    : [0m[      15.988] [30;1mjni/../jni/src/claw/vfs/NativeMount.cpp:244: JNI class acquired, acquire java method: GetFreeDiskSpace with args: (Ljava/lang/String;)J
04-20 13:45:25.031  9067  9438 I Claw    : [0m[       15.99] [30;1mjni/../jni/src/claw/vfs/NativeMount.cpp:244: Aquire java class for JNI method: com/Claw/Android/NativeMount
04-20 13:45:25.031  9067  9438 I Claw    : [0m[       15.99] [30;1mjni/../jni/src/claw/vfs/NativeMount.cpp:244: JNI class acquired, acquire java method: GetFreeDiskSpace with args: (Ljava/lang/String;)J
04-20 13:45:25.031  9067  9438 I Claw    : [0m[      15.991] [30;1mjni/../jni/src/claw/vfs/NativeMount.cpp:244: Aquire java class for JNI method: com/Claw/Android/NativeMount
04-20 13:45:25.031  9067  9438 I Claw    : [0m[      15.992] [30;1mjni/../jni/src/claw/vfs/NativeMount.cpp:244: JNI class acquired, acquire java method: GetFreeDiskSpace with args: (Ljava/lang/String;)J
04-20 13:45:25.041  9067  9438 I Claw    : [0m[      15.993] [30;1mjni/../jni/src/claw/vfs/NativeMount.cpp:244: Aquire java class for JNI method: com/Claw/Android/NativeMount
04-20 13:45:25.041  9067  9438 I Claw    : [0m[      15.994] [30;1mjni/../jni/src/claw/vfs/NativeMount.cpp:244: JNI class acquired, acquire java method: GetFreeDiskSpace with args: (Ljava/lang/String;)J
04-20 13:45:25.041  9067  9438 I Claw    : [0m[      15.995] [30;1mjni/../jni/src/claw/vfs/NativeMount.cpp:244: Aquire java class for JNI method: com/Claw/Android/NativeMount
04-20 13:45:25.041  9067  9438 I Claw    : [0m[      15.996] [30;1mjni/../jni/src/claw/vfs/NativeMount.cpp:244: JNI class acquired, acquire java method: GetFreeDiskSpace with args: (Ljava/lang/String;)J
04-20 13:45:25.041  9067  9438 I Claw    : [0m[      15.997] [30;1mjni/../jni/src/claw/vfs/android/AndroidSaveFile.cpp:82: Open new save assetcache/atlas_avatars_2_etc2.pak.meta
04-20 13:45:25.041  9067  9438 I Claw    : [0m[      15.998] [30;1mjni/../jni/src/claw/vfs/NativeMount.cpp:244: Aquire java class for JNI method: com/Claw/Android/NativeMount
04-20 13:45:25.041  9067  9438 I Claw    : [0m[      15.998] [30;1mjni/../jni/src/claw/vfs/NativeMount.cpp:244: JNI class acquired, acquire java method: GetFreeDiskSpace with args: (Ljava/lang/String;)J
04-20 13:45:25.041  9067  9438 I Claw    : [0m[      15.999] [30;1mjni/../jni/src/claw/vfs/NativeMount.cpp:244: Aquire java class for JNI method: com/Claw/Android/NativeMount
04-20 13:45:25.041  9067  9438 I Claw    : [0m[      15.999] [30;1mjni/../jni/src/claw/vfs/NativeMount.cpp:244: JNI class acquired, acquire java method: GetFreeDiskSpace with args: (Ljava/lang/String;)J
04-20 13:45:25.041  9067  9438 I Claw    : [0m[          16] [30;1mjni/../jni/src/claw/vfs/NativeMount.cpp:244: Aquire java class for JNI method: com/Claw/Android/NativeMount
04-20 13:45:25.041  9067  9438 I Claw    : [0m[      16.001] [30;1mjni/../jni/src/claw/vfs/NativeMount.cpp:244: JNI class acquired, acquire java method: GetFreeDiskSpace with args: (Ljava/lang/String;)J
04-20 13:45:25.041  9067  9438 I Claw    : [0m[      16.002] [30;1mjni/../jni/src/claw/vfs/NativeMount.cpp:244: Aquire java class for JNI method: com/Claw/Android/NativeMount
04-20 13:45:25.041  9067  9438 I Claw    : [0m[      16.002] [30;1mjni/../jni/src/claw/vfs/NativeMount.cpp:244: JNI class acquired, acquire java method: GetFreeDiskSpace with args: (Ljava/lang/String;)J
04-20 13:45:25.041  9067  9438 I Claw    : [0m[      16.003] [30;1mjni/../jni/src/claw/vfs/android/AndroidSaveFile.cpp:82: Open new save assetcache/atlas_avatars_2_etc2.pak.meta
04-20 13:45:25.051  9067  9438 I Claw    : [0m[      16.004] [30;1mjni/../jni/src/claw/vfs/NativeMount.cpp:244: Aquire java class for JNI method: com/Claw/Android/NativeMount
04-20 13:45:25.051  9067  9438 I Claw    : [0m[      16.004] [30;1mjni/../jni/src/claw/vfs/NativeMount.cpp:244: JNI class acquired, acquire java method: GetFreeDiskSpace with args: (Ljava/lang/String;)J
04-20 13:45:25.051  9067  9438 I Claw    : [0m[      16.005] [30;1mjni/../jni/src/claw/vfs/NativeMount.cpp:244: Aquire java class for JNI method: com/Claw/Android/NativeMount
04-20 13:45:25.051  9067  9438 I Claw    : [0m[      16.005] [30;1mjni/../jni/src/claw/vfs/NativeMount.cpp:244: JNI class acquired, acquire java method: GetFreeDiskSpace with args: (Ljava/lang/String;)J
04-20 13:45:25.051  9067  9438 I Claw    : [0m[      16.006] [30;1mjni/../jni/src/claw/vfs/NativeMount.cpp:244: Aquire java class for JNI method: com/Claw/Android/NativeMount
04-20 13:45:25.051  9067  9438 I Claw    : [0m[      16.006] [30;1mjni/../jni/src/claw/vfs/NativeMount.cpp:244: JNI class acquired, acquire java method: GetFreeDiskSpace with args: (Ljava/lang/String;)J
04-20 13:45:25.051  9067  9438 I Claw    : [0m[      16.007] [30;1mjni/../jni/src/claw/vfs/NativeMount.cpp:244: Aquire java class for JNI method: com/Claw/Android/NativeMount
04-20 13:45:25.051  9067  9438 I Claw    : [0m[      16.008] [30;1mjni/../jni/src/claw/vfs/NativeMount.cpp:244: JNI class acquired, acquire java method: GetFreeDiskSpace with args: (Ljava/lang/String;)J
04-20 13:45:25.051  9067  9438 I Claw    : [0m[      16.008] [30;1mjni/../jni/src/claw/vfs/android/AndroidSaveFile.cpp:82: Open new save assetcache/atlas_avatars_2_etc2.pak.meta
04-20 13:45:25.051  9067  9438 I Claw    : [0m[      16.009] [30;1mjni/../jni/src/claw/vfs/NativeMount.cpp:244: Aquire java class for JNI method: com/Claw/Android/NativeMount
04-20 13:45:25.051  9067  9438 I Claw    : [0m[      16.009] [30;1mjni/../jni/src/claw/vfs/NativeMount.cpp:244: JNI class acquired, acquire java method: GetFreeDiskSpace with args: (Ljava/lang/String;)J
04-20 13:45:25.051  9067  9438 I Claw    : [0m[       16.01] [30;1mjni/../jni/src/claw/vfs/NativeMount.cpp:244: Aquire java class for JNI method: com/Claw/Android/NativeMount
04-20 13:45:25.051  9067  9438 I Claw    : [0m[       16.01] [30;1mjni/../jni/src/claw/vfs/NativeMount.cpp:244: JNI class acquired, acquire java method: GetFreeDiskSpace with args: (Ljava/lang/String;)J
04-20 13:45:25.051  9067  9438 W libc    : It seems that pthread_join() is not invoked or PTHREAD_ATTR_FLAG_DETACHED is not set.
04-20 13:45:25.051  9067  9438 W libc    :     pthread tid          : 9438
04-20 13:45:25.051  9067  9438 W libc    :     pthread start_routine: 0xded902a8
04-20 13:45:25.061  9067  9377 I Claw    : [0m[       16.02] [30;1mjni/../jni/src/claw/vfs/android/AndroidSaveFile.cpp:42: Open existing save assetcache/atlas_avatars_2_etc2.pak
04-20 13:45:25.061  9067  9377 I Claw    : [0m[      16.021] [30;1mjni/../jni/src/claw/vfs/Vfs.cpp:172: Opened file: /assetcache/atlas_avatars_2_etc2.pak
04-20 13:45:25.071  9067  9329 I Claw    : [0m[      16.029] ../../../../../../../../contrib/huuugeanalyticssdk/cpp/contrib/jni/JniAttach.hpp:185: Aquire java class for JNI method: com/huuuge/analytics/HA
04-20 13:45:25.071  9067  9329 I Claw    : [0m[      16.029] ../../../../../../../../contrib/huuugeanalyticssdk/cpp/contrib/jni/JniAttach.hpp:185: JNI class acquired, acquire java method: connectionStatus with args: ()I
04-20 13:45:25.071  9067  9329 I Claw    : [0m[      16.029] ../../../../../../../../contrib/huuugeanalyticssdk/cpp/contrib/jni/JniAttach.hpp:186: JNI method acquired, try to call.
04-20 13:45:25.071  9067  9377 I Claw    : [0m[       16.03] /home/jenkins/workspace/huuuge-stars/client-dev/hs-android/src/casino/DownloadManager.cpp:500: Mounting pak: atlas_avatars_2_etc2.pak
04-20 13:45:25.071  9067  9377 I Claw    : [0m[      16.031] [30;1mjni/../jni/src/claw/vfs/Vfs.cpp:97: Added new mount at /
04-20 13:45:25.071  9067  9329 I Claw    : [0m[      16.032] ../../../../../../../../contrib/huuugeanalyticssdk/cpp/contrib/jni/JniAttach.hpp:189: JNI method called.
04-20 13:45:25.081  9067  9377 I Claw    : [0m[      16.033] [30;1mjni/../jni/src/claw/vfs/android/AndroidSaveFile.cpp:42: Open existing save assetcache/atlas_clubs_intro_2_etc2.pak.meta
04-20 13:45:25.081  9067  9377 I Claw    : [0m[      16.034] [30;1mjni/../jni/src/claw/vfs/Vfs.cpp:168: Cannot open file: /assetcache/atlas_clubs_intro_2_etc2.pak.meta
04-20 13:45:25.081  9067  9377 I Claw    : [0m[      16.034] /home/jenkins/workspace/huuuge-stars/client-dev/hs-android/src/casino/ServerList.cpp:53: Server list returning http://cdn-hs-dev.hgonline.net/339/, 1/14
04-20 13:45:25.081  9067  9377 I Claw    : [0m[      16.035] [30;1mjni/../jni/src/claw/vfs/android/AndroidSaveFile.cpp:42: Open existing save assetcache/atlas_clubs_intro_2_etc2.pak.meta
04-20 13:45:25.081  9067  9377 I Claw    : [0m[      16.035] [30;1mjni/../jni/src/claw/vfs/Vfs.cpp:168: Cannot open file: /assetcache/atlas_clubs_intro_2_etc2.pak.meta
04-20 13:45:25.081  9067  9377 I Claw    : [0m[      16.035] /home/jenkins/workspace/huuuge-stars/client-dev/hs-android/src/casino/DefaultDownloadManager.cpp:415: Downloading pak atlas_clubs_intro_2_etc2.pak from http://cdn-hs-dev.hgonline.net/339/
04-20 13:45:25.081  2218  2767 D EnterpriseController: netId is 0
04-20 13:45:25.081  2218  2767 D Netd    : getNetworkForDns: using netid 502 for uid 10667
04-20 13:45:25.081  9067  9448 I Claw    : [0m[      16.039] [30;1mjni/../jni/src/claw/network/HttpRequest.cpp:97: cdn-hs-dev.hgonline.net resolved to ::ffff:2.20.189.185
04-20 13:45:25.081  9067  9448 I Claw    : [0m[      16.039] [30;1mjni/../jni/src/claw/network/HttpRequest.cpp:97: cdn-hs-dev.hgonline.net resolved to ::ffff:2.20.189.122
04-20 13:45:25.081  9067  9448 I Claw    : [0m[      16.039] [30;1mjni/../jni/src/claw/network/unix/UnixStreamSocket.cpp:93: Connecting to ::ffff:2.20.189.185
04-20 13:45:25.111  9067  9326 I Claw    : [0m[      16.065] /home/jenkins/workspace/huuuge-stars/client-dev/hs-android/contrib/huuugeanalyticssdk/cpp/src/huuuge/analytics/HAHttp-android.cpp:80: Huuuge::analytics::HTTPAndroid::InvokeHttps 1nsjtnbmgl.execute-api.us-east-1.amazonaws.com public/dashboard-events
04-20 13:45:25.111  9067  9326 I Claw    : [0m[      16.066] /home/jenkins/workspace/huuuge-stars/client-dev/hs-android/contrib/huuugeanalyticssdk/cpp/src/huuuge/analytics/HAHttp-android.cpp:100: Huuuge::analytics::HTTPAndroid::InvokeHttps convert post payload 2230
04-20 13:45:25.111  9067  9326 I Claw    : [0m[      16.066] ../../../../../../../../contrib/huuugeanalyticssdk/cpp/contrib/jni/JniAttach.hpp:147: Aquire java class for JNI method: com/huuuge/analytics/HA
04-20 13:45:25.111  9067  9326 I Claw    : [0m[      16.067] ../../../../../../../../contrib/huuugeanalyticssdk/cpp/contrib/jni/JniAttach.hpp:147: JNI class acquired, acquire java method: doHttpsRequest with args: (Ljava/lang/String;Ljava/lang/String;Ljava/lang/String;[Ljava/lang/String;[Ljava/lang/String;[B)[Ljava/lang/String;
04-20 13:45:25.111  9067  9326 I Claw    : [0m[      16.067] ../../../../../../../../contrib/huuugeanalyticssdk/cpp/contrib/jni/JniAttach.hpp:148: JNI method acquired, try to call.
04-20 13:45:25.111  9067  9450 I System.out: (HTTPLog)-Static: isSBSettingEnabled false
04-20 13:45:25.111  9067  9450 I System.out: (HTTPLog)-Static: isSBSettingEnabled false
04-20 13:45:25.131  9067  9329 I Claw    : [0m[      16.084] ../../../../../../../../contrib/huuugeanalyticssdk/cpp/contrib/jni/JniAttach.hpp:185: Aquire java class for JNI method: com/huuuge/analytics/HA
04-20 13:45:25.131  9067  9329 I Claw    : [0m[      16.084] ../../../../../../../../contrib/huuugeanalyticssdk/cpp/contrib/jni/JniAttach.hpp:185: JNI class acquired, acquire java method: connectionStatus with args: ()I
04-20 13:45:25.131  9067  9329 I Claw    : [0m[      16.084] ../../../../../../../../contrib/huuugeanalyticssdk/cpp/contrib/jni/JniAttach.hpp:186: JNI method acquired, try to call.
04-20 13:45:25.131  9067  9329 I Claw    : [0m[      16.086] ../../../../../../../../contrib/huuugeanalyticssdk/cpp/contrib/jni/JniAttach.hpp:189: JNI method called.
04-20 13:45:25.141  9067  9448 I Claw    : [0m[        16.1] [30;1mjni/../jni/src/claw/network/HttpRequest.cpp:279: Content length: 54
04-20 13:45:25.141  9067  9448 I Claw    : [0m[        16.1] [30;1mjni/../jni/src/claw/vfs/android/AndroidSaveFile.cpp:82: Open new save assetcache/atlas_clubs_intro_2_etc2.pak
04-20 13:45:25.141  9067  9448 I Claw    : [0m[      16.102] [30;1mjni/../jni/src/claw/vfs/android/AndroidSaveFile.cpp:82: Open new save assetcache/atlas_clubs_intro_2_etc2.pak.meta
04-20 13:45:25.151  9067  9448 I Claw    : [0m[      16.104] [30;1mjni/../jni/src/claw/vfs/NativeMount.cpp:244: Aquire java class for JNI method: com/Claw/Android/NativeMount
04-20 13:45:25.151  9067  9448 I Claw    : [0m[      16.104] [30;1mjni/../jni/src/claw/vfs/NativeMount.cpp:244: JNI class acquired, acquire java method: GetFreeDiskSpace with args: (Ljava/lang/String;)J
04-20 13:45:25.151  9067  9448 I Claw    : [0m[      16.105] [30;1mjni/../jni/src/claw/vfs/NativeMount.cpp:244: Aquire java class for JNI method: com/Claw/Android/NativeMount
04-20 13:45:25.151  9067  9448 I Claw    : [0m[      16.105] [30;1mjni/../jni/src/claw/vfs/NativeMount.cpp:244: JNI class acquired, acquire java method: GetFreeDiskSpace with args: (Ljava/lang/String;)J
04-20 13:45:25.151  9067  9448 I Claw    : [0m[      16.107] [30;1mjni/../jni/src/claw/vfs/NativeMount.cpp:244: Aquire java class for JNI method: com/Claw/Android/NativeMount
04-20 13:45:25.151  9067  9448 I Claw    : [0m[      16.107] [30;1mjni/../jni/src/claw/vfs/NativeMount.cpp:244: JNI class acquired, acquire java method: GetFreeDiskSpace with args: (Ljava/lang/String;)J
04-20 13:45:25.151  9067  9448 I Claw    : [0m[      16.108] [30;1mjni/../jni/src/claw/vfs/NativeMount.cpp:244: Aquire java class for JNI method: com/Claw/Android/NativeMount
04-20 13:45:25.151  9067  9448 I Claw    : [0m[      16.108] [30;1mjni/../jni/src/claw/vfs/NativeMount.cpp:244: JNI class acquired, acquire java method: GetFreeDiskSpace with args: (Ljava/lang/String;)J
04-20 13:45:25.151  2218  2767 D EnterpriseController: netId is 0
04-20 13:45:25.151  2218  2767 D Netd    : getNetworkForDns: using netid 502 for uid 10667
04-20 13:45:25.151  9067  9448 I Claw    : [0m[      16.112] [30;1mjni/../jni/src/claw/network/HttpRequest.cpp:97: cdn-hs-dev.hgonline.net resolved to ::ffff:2.20.189.185
04-20 13:45:25.151  9067  9448 I Claw    : [0m[      16.112] [30;1mjni/../jni/src/claw/network/HttpRequest.cpp:97: cdn-hs-dev.hgonline.net resolved to ::ffff:2.20.189.122
04-20 13:45:25.151  9067  9448 I Claw    : [0m[      16.112] [30;1mjni/../jni/src/claw/network/unix/UnixStreamSocket.cpp:93: Connecting to ::ffff:2.20.189.185
04-20 13:45:25.221  9067  9448 I Claw    : [0m[      16.173] [30;1mjni/../jni/src/claw/network/HttpRequest.cpp:279: Content length: 439282
04-20 13:45:25.221  9067  9448 I Claw    : [0m[       16.18] [30;1mjni/../jni/src/claw/vfs/NativeMount.cpp:244: Aquire java class for JNI method: com/Claw/Android/NativeMount
04-20 13:45:25.221  9067  9448 I Claw    : [0m[       16.18] [30;1mjni/../jni/src/claw/vfs/NativeMount.cpp:244: JNI class acquired, acquire java method: GetFreeDiskSpace with args: (Ljava/lang/String;)J
04-20 13:45:25.231  9067  9448 I Claw    : [0m[      16.186] [30;1mjni/../jni/src/claw/vfs/NativeMount.cpp:244: Aquire java class for JNI method: com/Claw/Android/NativeMount
04-20 13:45:25.231  9067  9448 I Claw    : [0m[      16.187] [30;1mjni/../jni/src/claw/vfs/NativeMount.cpp:244: JNI class acquired, acquire java method: GetFreeDiskSpace with args: (Ljava/lang/String;)J
04-20 13:45:25.251  9067  9448 I Claw    : [0m[      16.209] [30;1mjni/../jni/src/claw/vfs/NativeMount.cpp:244: Aquire java class for JNI method: com/Claw/Android/NativeMount
04-20 13:45:25.251  9067  9448 I Claw    : [0m[      16.209] [30;1mjni/../jni/src/claw/vfs/NativeMount.cpp:244: JNI class acquired, acquire java method: GetFreeDiskSpace with args: (Ljava/lang/String;)J
04-20 13:45:25.261  9067  9448 I Claw    : [0m[      16.221] [30;1mjni/../jni/src/claw/vfs/NativeMount.cpp:244: Aquire java class for JNI method: com/Claw/Android/NativeMount
04-20 13:45:25.261  9067  9448 I Claw    : [0m[      16.223] [30;1mjni/../jni/src/claw/vfs/NativeMount.cpp:244: JNI class acquired, acquire java method: GetFreeDiskSpace with args: (Ljava/lang/String;)J
04-20 13:45:25.271  9067  9448 I Claw    : [0m[      16.225] [30;1mjni/../jni/src/claw/vfs/NativeMount.cpp:244: Aquire java class for JNI method: com/Claw/Android/NativeMount
04-20 13:45:25.271  9067  9448 I Claw    : [0m[      16.225] [30;1mjni/../jni/src/claw/vfs/NativeMount.cpp:244: JNI class acquired, acquire java method: GetFreeDiskSpace with args: (Ljava/lang/String;)J
04-20 13:45:25.271  9067  9448 I Claw    : [0m[      16.229] [30;1mjni/../jni/src/claw/vfs/NativeMount.cpp:244: Aquire java class for JNI method: com/Claw/Android/NativeMount
04-20 13:45:25.271  9067  9448 I Claw    : [0m[       16.23] [30;1mjni/../jni/src/claw/vfs/NativeMount.cpp:244: JNI class acquired, acquire java method: GetFreeDiskSpace with args: (Ljava/lang/String;)J
04-20 13:45:25.281  9067  9448 I Claw    : [0m[      16.236] [30;1mjni/../jni/src/claw/vfs/NativeMount.cpp:244: Aquire java class for JNI method: com/Claw/Android/NativeMount
04-20 13:45:25.281  9067  9448 I Claw    : [0m[      16.236] [30;1mjni/../jni/src/claw/vfs/NativeMount.cpp:244: JNI class acquired, acquire java method: GetFreeDiskSpace with args: (Ljava/lang/String;)J
04-20 13:45:25.281  9067  9448 I Claw    : [0m[      16.241] [30;1mjni/../jni/src/claw/vfs/NativeMount.cpp:244: Aquire java class for JNI method: com/Claw/Android/NativeMount
04-20 13:45:25.281  9067  9448 I Claw    : [0m[      16.241] [30;1mjni/../jni/src/claw/vfs/NativeMount.cpp:244: JNI class acquired, acquire java method: GetFreeDiskSpace with args: (Ljava/lang/String;)J
04-20 13:45:25.291  9067  9448 I Claw    : [0m[      16.245] [30;1mjni/../jni/src/claw/vfs/NativeMount.cpp:244: Aquire java class for JNI method: com/Claw/Android/NativeMount
04-20 13:45:25.291  9067  9448 I Claw    : [0m[      16.245] [30;1mjni/../jni/src/claw/vfs/NativeMount.cpp:244: JNI class acquired, acquire java method: GetFreeDiskSpace with args: (Ljava/lang/String;)J
04-20 13:45:25.301  9067  9448 I Claw    : [0m[      16.259] [30;1mjni/../jni/src/claw/vfs/NativeMount.cpp:244: Aquire java class for JNI method: com/Claw/Android/NativeMount
04-20 13:45:25.301  9067  9448 I Claw    : [0m[      16.259] [30;1mjni/../jni/src/claw/vfs/NativeMount.cpp:244: JNI class acquired, acquire java method: GetFreeDiskSpace with args: (Ljava/lang/String;)J
04-20 13:45:25.301  9067  9448 I Claw    : [0m[      16.261] [30;1mjni/../jni/src/claw/vfs/NativeMount.cpp:244: Aquire java class for JNI method: com/Claw/Android/NativeMount
04-20 13:45:25.301  9067  9448 I Claw    : [0m[      16.261] [30;1mjni/../jni/src/claw/vfs/NativeMount.cpp:244: JNI class acquired, acquire java method: GetFreeDiskSpace with args: (Ljava/lang/String;)J
04-20 13:45:25.311  9067  9448 I Claw    : [0m[      16.268] [30;1mjni/../jni/src/claw/vfs/NativeMount.cpp:244: Aquire java class for JNI method: com/Claw/Android/NativeMount
04-20 13:45:25.311  9067  9448 I Claw    : [0m[       16.27] [30;1mjni/../jni/src/claw/vfs/NativeMount.cpp:244: JNI class acquired, acquire java method: GetFreeDiskSpace with args: (Ljava/lang/String;)J
04-20 13:45:25.321  9067  9448 I Claw    : [0m[      16.275] [30;1mjni/../jni/src/claw/vfs/NativeMount.cpp:244: Aquire java class for JNI method: com/Claw/Android/NativeMount
04-20 13:45:25.321  9067  9448 I Claw    : [0m[      16.275] [30;1mjni/../jni/src/claw/vfs/NativeMount.cpp:244: JNI class acquired, acquire java method: GetFreeDiskSpace with args: (Ljava/lang/String;)J
04-20 13:45:25.321  9067  9448 I Claw    : [0m[      16.277] [30;1mjni/../jni/src/claw/vfs/NativeMount.cpp:244: Aquire java class for JNI method: com/Claw/Android/NativeMount
04-20 13:45:25.321  9067  9448 I Claw    : [0m[      16.277] [30;1mjni/../jni/src/claw/vfs/NativeMount.cpp:244: JNI class acquired, acquire java method: GetFreeDiskSpace with args: (Ljava/lang/String;)J
04-20 13:45:25.401  9067  9448 I Claw    : [0m[      16.362] [30;1mjni/../jni/src/claw/vfs/NativeMount.cpp:244: Aquire java class for JNI method: com/Claw/Android/NativeMount
04-20 13:45:25.401  9067  9448 I Claw    : [0m[      16.362] [30;1mjni/../jni/src/claw/vfs/NativeMount.cpp:244: JNI class acquired, acquire java method: GetFreeDiskSpace with args: (Ljava/lang/String;)J
04-20 13:45:25.401  9067  9326 I Claw    : [0m[      16.362] ../../../../../../../../contrib/huuugeanalyticssdk/cpp/contrib/jni/JniAttach.hpp:151: JNI method called.
04-20 13:45:25.401  9067  9326 I Claw    : [0m[      16.362] /home/jenkins/workspace/huuuge-stars/client-dev/hs-android/contrib/huuugeanalyticssdk/cpp/src/huuuge/analytics/HAHttp-android.cpp:133: Huuuge::analytics::HTTPAndroid::InvokeHttps response code is 200
04-20 13:45:25.401  9067  9326 I Claw    : [0m[      16.363] /home/jenkins/workspace/huuuge-stars/client-dev/hs-android/contrib/huuugeanalyticssdk/cpp/src/huuuge/analytics/HAHttp-android.cpp:134: Huuuge::analytics::HTTPAndroid::InvokeHttps response payload is null
04-20 13:45:25.411  9067  9448 I Claw    : [0m[      16.364] [30;1mjni/../jni/src/claw/vfs/NativeMount.cpp:244: Aquire java class for JNI method: com/Claw/Android/NativeMount
04-20 13:45:25.411  9067  9448 I Claw    : [0m[      16.364] [30;1mjni/../jni/src/claw/vfs/NativeMount.cpp:244: JNI class acquired, acquire java method: GetFreeDiskSpace with args: (Ljava/lang/String;)J
04-20 13:45:25.411  9067  9448 I Claw    : [0m[      16.366] [30;1mjni/../jni/src/claw/vfs/NativeMount.cpp:244: Aquire java class for JNI method: com/Claw/Android/NativeMount
04-20 13:45:25.411  9067  9448 I Claw    : [0m[      16.366] [30;1mjni/../jni/src/claw/vfs/NativeMount.cpp:244: JNI class acquired, acquire java method: GetFreeDiskSpace with args: (Ljava/lang/String;)J
04-20 13:45:25.411  9067  9448 I Claw    : [0m[      16.368] [30;1mjni/../jni/src/claw/vfs/NativeMount.cpp:244: Aquire java class for JNI method: com/Claw/Android/NativeMount
04-20 13:45:25.411  9067  9448 I Claw    : [0m[      16.368] [30;1mjni/../jni/src/claw/vfs/NativeMount.cpp:244: JNI class acquired, acquire java method: GetFreeDiskSpace with args: (Ljava/lang/String;)J
04-20 13:45:25.411  9067  9448 I Claw    : [0m[       16.37] [30;1mjni/../jni/src/claw/vfs/NativeMount.cpp:244: Aquire java class for JNI method: com/Claw/Android/NativeMount
04-20 13:45:25.411  9067  9448 I Claw    : [0m[       16.37] [30;1mjni/../jni/src/claw/vfs/NativeMount.cpp:244: JNI class acquired, acquire java method: GetFreeDiskSpace with args: (Ljava/lang/String;)J
04-20 13:45:25.411  9067  9448 I Claw    : [0m[      16.372] [30;1mjni/../jni/src/claw/vfs/NativeMount.cpp:244: Aquire java class for JNI method: com/Claw/Android/NativeMount
04-20 13:45:25.411  9067  9448 I Claw    : [0m[      16.372] [30;1mjni/../jni/src/claw/vfs/NativeMount.cpp:244: JNI class acquired, acquire java method: GetFreeDiskSpace with args: (Ljava/lang/String;)J
04-20 13:45:25.421  9067  9448 I Claw    : [0m[      16.374] [30;1mjni/../jni/src/claw/vfs/NativeMount.cpp:244: Aquire java class for JNI method: com/Claw/Android/NativeMount
04-20 13:45:25.421  9067  9448 I Claw    : [0m[      16.374] [30;1mjni/../jni/src/claw/vfs/NativeMount.cpp:244: JNI class acquired, acquire java method: GetFreeDiskSpace with args: (Ljava/lang/String;)J
04-20 13:45:25.421  9067  9448 I Claw    : [0m[      16.375] [30;1mjni/../jni/src/claw/vfs/NativeMount.cpp:244: Aquire java class for JNI method: com/Claw/Android/NativeMount
04-20 13:45:25.421  9067  9448 I Claw    : [0m[      16.376] [30;1mjni/../jni/src/claw/vfs/NativeMount.cpp:244: JNI class acquired, acquire java method: GetFreeDiskSpace with args: (Ljava/lang/String;)J
04-20 13:45:25.421  9067  9448 I Claw    : [0m[      16.377] [30;1mjni/../jni/src/claw/vfs/NativeMount.cpp:244: Aquire java class for JNI method: com/Claw/Android/NativeMount
04-20 13:45:25.421  9067  9448 I Claw    : [0m[      16.377] [30;1mjni/../jni/src/claw/vfs/NativeMount.cpp:244: JNI class acquired, acquire java method: GetFreeDiskSpace with args: (Ljava/lang/String;)J
04-20 13:45:25.421  9067  9448 I Claw    : [0m[      16.379] [30;1mjni/../jni/src/claw/vfs/NativeMount.cpp:244: Aquire java class for JNI method: com/Claw/Android/NativeMount
04-20 13:45:25.421  9067  9448 I Claw    : [0m[      16.379] [30;1mjni/../jni/src/claw/vfs/NativeMount.cpp:244: JNI class acquired, acquire java method: GetFreeDiskSpace with args: (Ljava/lang/String;)J
04-20 13:45:25.421  9067  9448 I Claw    : [0m[      16.381] [30;1mjni/../jni/src/claw/vfs/NativeMount.cpp:244: Aquire java class for JNI method: com/Claw/Android/NativeMount
04-20 13:45:25.421  9067  9448 I Claw    : [0m[      16.381] [30;1mjni/../jni/src/claw/vfs/NativeMount.cpp:244: JNI class acquired, acquire java method: GetFreeDiskSpace with args: (Ljava/lang/String;)J
04-20 13:45:25.421  9067  9448 I Claw    : [0m[      16.382] [30;1mjni/../jni/src/claw/vfs/NativeMount.cpp:244: Aquire java class for JNI method: com/Claw/Android/NativeMount
04-20 13:45:25.421  9067  9448 I Claw    : [0m[      16.382] [30;1mjni/../jni/src/claw/vfs/NativeMount.cpp:244: JNI class acquired, acquire java method: GetFreeDiskSpace with args: (Ljava/lang/String;)J
04-20 13:45:25.431  9067  9448 I Claw    : [0m[      16.384] [30;1mjni/../jni/src/claw/vfs/NativeMount.cpp:244: Aquire java class for JNI method: com/Claw/Android/NativeMount
04-20 13:45:25.431  9067  9448 I Claw    : [0m[      16.384] [30;1mjni/../jni/src/claw/vfs/NativeMount.cpp:244: JNI class acquired, acquire java method: GetFreeDiskSpace with args: (Ljava/lang/String;)J
04-20 13:45:25.431  9067  9448 I Claw    : [0m[      16.385] [30;1mjni/../jni/src/claw/vfs/android/AndroidSaveFile.cpp:82: Open new save assetcache/atlas_clubs_intro_2_etc2.pak.meta
04-20 13:45:25.431  9067  9448 I Claw    : [0m[      16.387] [30;1mjni/../jni/src/claw/vfs/NativeMount.cpp:244: Aquire java class for JNI method: com/Claw/Android/NativeMount
04-20 13:45:25.431  9067  9448 I Claw    : [0m[      16.387] [30;1mjni/../jni/src/claw/vfs/NativeMount.cpp:244: JNI class acquired, acquire java method: GetFreeDiskSpace with args: (Ljava/lang/String;)J
04-20 13:45:25.431  9067  9448 I Claw    : [0m[      16.388] [30;1mjni/../jni/src/claw/vfs/NativeMount.cpp:244: Aquire java class for JNI method: com/Claw/Android/NativeMount
04-20 13:45:25.431  9067  9448 I Claw    : [0m[      16.388] [30;1mjni/../jni/src/claw/vfs/NativeMount.cpp:244: JNI class acquired, acquire java method: GetFreeDiskSpace with args: (Ljava/lang/String;)J
04-20 13:45:25.431  9067  9448 I Claw    : [0m[      16.389] [30;1mjni/../jni/src/claw/vfs/NativeMount.cpp:244: Aquire java class for JNI method: com/Claw/Android/NativeMount
04-20 13:45:25.431  9067  9448 I Claw    : [0m[      16.389] [30;1mjni/../jni/src/claw/vfs/NativeMount.cpp:244: JNI class acquired, acquire java method: GetFreeDiskSpace with args: (Ljava/lang/String;)J
04-20 13:45:25.431  9067  9448 I Claw    : [0m[       16.39] [30;1mjni/../jni/src/claw/vfs/NativeMount.cpp:244: Aquire java class for JNI method: com/Claw/Android/NativeMount
04-20 13:45:25.431  9067  9448 I Claw    : [0m[       16.39] [30;1mjni/../jni/src/claw/vfs/NativeMount.cpp:244: JNI class acquired, acquire java method: GetFreeDiskSpace with args: (Ljava/lang/String;)J
04-20 13:45:25.431  9067  9448 I Claw    : [0m[      16.391] [30;1mjni/../jni/src/claw/vfs/android/AndroidSaveFile.cpp:82: Open new save assetcache/atlas_clubs_intro_2_etc2.pak.meta
04-20 13:45:25.431  9067  9448 I Claw    : [0m[      16.392] [30;1mjni/../jni/src/claw/vfs/NativeMount.cpp:244: Aquire java class for JNI method: com/Claw/Android/NativeMount
04-20 13:45:25.431  9067  9448 I Claw    : [0m[      16.392] [30;1mjni/../jni/src/claw/vfs/NativeMount.cpp:244: JNI class acquired, acquire java method: GetFreeDiskSpace with args: (Ljava/lang/String;)J
04-20 13:45:25.441  9067  9448 I Claw    : [0m[      16.394] [30;1mjni/../jni/src/claw/vfs/NativeMount.cpp:244: Aquire java class for JNI method: com/Claw/Android/NativeMount
04-20 13:45:25.441  9067  9448 I Claw    : [0m[      16.394] [30;1mjni/../jni/src/claw/vfs/NativeMount.cpp:244: JNI class acquired, acquire java method: GetFreeDiskSpace with args: (Ljava/lang/String;)J
04-20 13:45:25.441  9067  9448 I Claw    : [0m[      16.395] [30;1mjni/../jni/src/claw/vfs/NativeMount.cpp:244: Aquire java class for JNI method: com/Claw/Android/NativeMount
04-20 13:45:25.441  9067  9448 I Claw    : [0m[      16.395] [30;1mjni/../jni/src/claw/vfs/NativeMount.cpp:244: JNI class acquired, acquire java method: GetFreeDiskSpace with args: (Ljava/lang/String;)J
04-20 13:45:25.441  9067  9448 I Claw    : [0m[      16.396] [30;1mjni/../jni/src/claw/vfs/NativeMount.cpp:244: Aquire java class for JNI method: com/Claw/Android/NativeMount
04-20 13:45:25.441  9067  9448 I Claw    : [0m[      16.396] [30;1mjni/../jni/src/claw/vfs/NativeMount.cpp:244: JNI class acquired, acquire java method: GetFreeDiskSpace with args: (Ljava/lang/String;)J
04-20 13:45:25.441  9067  9448 I Claw    : [0m[      16.397] [30;1mjni/../jni/src/claw/vfs/android/AndroidSaveFile.cpp:82: Open new save assetcache/atlas_clubs_intro_2_etc2.pak.meta
04-20 13:45:25.441  9067  9448 I Claw    : [0m[      16.398] [30;1mjni/../jni/src/claw/vfs/NativeMount.cpp:244: Aquire java class for JNI method: com/Claw/Android/NativeMount
04-20 13:45:25.441  9067  9448 I Claw    : [0m[      16.398] [30;1mjni/../jni/src/claw/vfs/NativeMount.cpp:244: JNI class acquired, acquire java method: GetFreeDiskSpace with args: (Ljava/lang/String;)J
04-20 13:45:25.441  9067  9448 I Claw    : [0m[      16.399] [30;1mjni/../jni/src/claw/vfs/NativeMount.cpp:244: Aquire java class for JNI method: com/Claw/Android/NativeMount
04-20 13:45:25.441  9067  9448 I Claw    : [0m[      16.399] [30;1mjni/../jni/src/claw/vfs/NativeMount.cpp:244: JNI class acquired, acquire java method: GetFreeDiskSpace with args: (Ljava/lang/String;)J
04-20 13:45:25.441  9067  9448 W libc    : It seems that pthread_join() is not invoked or PTHREAD_ATTR_FLAG_DETACHED is not set.
04-20 13:45:25.441  9067  9448 W libc    :     pthread tid          : 9448
04-20 13:45:25.441  9067  9448 W libc    :     pthread start_routine: 0xded902a8
04-20 13:45:25.481  9067  9377 I Claw    : [0m[      16.439] [30;1mjni/../jni/src/claw/vfs/android/AndroidSaveFile.cpp:42: Open existing save assetcache/atlas_clubs_intro_2_etc2.pak
04-20 13:45:25.481  9067  9377 I Claw    : [0m[      16.439] [30;1mjni/../jni/src/claw/vfs/Vfs.cpp:172: Opened file: /assetcache/atlas_clubs_intro_2_etc2.pak
04-20 13:45:25.481  9067  9377 I Claw    : [0m[      16.442] /home/jenkins/workspace/huuuge-stars/client-dev/hs-android/src/casino/DownloadManager.cpp:500: Mounting pak: atlas_clubs_intro_2_etc2.pak
04-20 13:45:25.491  9067  9329 I Claw    : [0m[      16.443] ../../../../../../../../contrib/huuugeanalyticssdk/cpp/contrib/jni/JniAttach.hpp:185: Aquire java class for JNI method: com/huuuge/analytics/HA
04-20 13:45:25.491  9067  9329 I Claw    : [0m[      16.443] ../../../../../../../../contrib/huuugeanalyticssdk/cpp/contrib/jni/JniAttach.hpp:185: JNI class acquired, acquire java method: connectionStatus with args: ()I
04-20 13:45:25.491  9067  9329 I Claw    : [0m[      16.444] ../../../../../../../../contrib/huuugeanalyticssdk/cpp/contrib/jni/JniAttach.hpp:186: JNI method acquired, try to call.
04-20 13:45:25.491  9067  9377 I Claw    : [0m[      16.444] [30;1mjni/../jni/src/claw/vfs/Vfs.cpp:97: Added new mount at /
04-20 13:45:25.491  9067  9377 I Claw    : [0m[      16.445] [30;1mjni/../jni/src/claw/vfs/android/AndroidSaveFile.cpp:42: Open existing save assetcache/atlas_collection_event_2_etc2.pak.meta
04-20 13:45:25.491  9067  9377 I Claw    : [0m[      16.446] [30;1mjni/../jni/src/claw/vfs/Vfs.cpp:168: Cannot open file: /assetcache/atlas_collection_event_2_etc2.pak.meta
04-20 13:45:25.491  9067  9377 I Claw    : [0m[      16.446] /home/jenkins/workspace/huuuge-stars/client-dev/hs-android/src/casino/ServerList.cpp:53: Server list returning http://cdn-hs-dev.hgonline.net/339/, 1/14
04-20 13:45:25.491  9067  9329 I Claw    : [0m[      16.447] ../../../../../../../../contrib/huuugeanalyticssdk/cpp/contrib/jni/JniAttach.hpp:189: JNI method called.
04-20 13:45:25.491  9067  9377 I Claw    : [0m[      16.447] [30;1mjni/../jni/src/claw/vfs/android/AndroidSaveFile.cpp:42: Open existing save assetcache/atlas_collection_event_2_etc2.pak.meta
04-20 13:45:25.491  9067  9377 I Claw    : [0m[      16.447] [30;1mjni/../jni/src/claw/vfs/Vfs.cpp:168: Cannot open file: /assetcache/atlas_collection_event_2_etc2.pak.meta
04-20 13:45:25.491  9067  9377 I Claw    : [0m[      16.448] /home/jenkins/workspace/huuuge-stars/client-dev/hs-android/src/casino/DefaultDownloadManager.cpp:415: Downloading pak atlas_collection_event_2_etc2.pak from http://cdn-hs-dev.hgonline.net/339/
04-20 13:45:25.491  2218  2767 D EnterpriseController: netId is 0
