04-20 13:45:29.061  9067  9289 I Claw    : [0m[      20.017] [30;1mjni/../jni/src/claw/graphics/surface/SurfaceHW.cpp:883: Surface  xy: 4, uv: 4, tri: 2
04-20 13:45:29.061  9067  9289 I Claw    : [0m[      20.017] [30;1mjni/../jni/src/claw/graphics/surface/SurfaceHW.cpp:883: Surface  xy: 4, uv: 4, tri: 2
04-20 13:45:29.061  9067  9289 I Claw    : [0m[      20.017] [30;1mjni/../jni/src/claw/graphics/surface/SurfaceHW.cpp:883: Surface  xy: 4, uv: 4, tri: 2
04-20 13:45:29.061  9067  9289 I Claw    : [0m[      20.017] [30;1mjni/../jni/src/claw/graphics/surface/SurfaceHW.cpp:883: Surface  xy: 4, uv: 4, tri: 2
04-20 13:45:29.061  9067  9289 I Claw    : [0m[      20.018] [30;1mjni/../jni/src/claw/graphics/surface/SurfaceHW.cpp:883: Surface  xy: 4, uv: 4, tri: 2
04-20 13:45:29.061  9067  9289 I Claw    : [0m[      20.018] [30;1mjni/../jni/src/claw/graphics/surface/SurfaceHW.cpp:883: Surface  xy: 8, uv: 10, tri: 6
04-20 13:45:29.061  9067  9289 I Claw    : [0m[      20.018] [30;1mjni/../jni/src/claw/graphics/surface/SurfaceHW.cpp:883: Surface  xy: 4, uv: 4, tri: 2
04-20 13:45:29.061  9067  9289 I Claw    : [0m[      20.019] [30;1mjni/../jni/src/claw/graphics/surface/SurfaceHW.cpp:883: Surface  xy: 4, uv: 4, tri: 2
04-20 13:45:29.061  9067  9289 I Claw    : [0m[      20.019] [30;1mjni/../jni/src/claw/graphics/surface/SurfaceHW.cpp:883: Surface  xy: 4, uv: 4, tri: 2
04-20 13:45:29.061  9067  9289 I Claw    : [0m[      20.019] [30;1mjni/../jni/src/claw/graphics/surface/SurfaceHW.cpp:883: Surface  xy: 4, uv: 4, tri: 2
04-20 13:45:29.061  9067  9289 I Claw    : [0m[       20.02] [30;1mjni/../jni/src/claw/graphics/surface/SurfaceHW.cpp:883: Surface  xy: 4, uv: 4, tri: 2
04-20 13:45:29.061  9067  9289 I Claw    : [0m[       20.02] [30;1mjni/../jni/src/claw/graphics/surface/SurfaceHW.cpp:883: Surface  xy: 4, uv: 4, tri: 2
04-20 13:45:29.061  9067  9289 I Claw    : [0m[      20.021] [30;1mjni/../jni/src/claw/graphics/surface/SurfaceHW.cpp:883: Surface  xy: 8, uv: 10, tri: 6
04-20 13:45:29.061  9067  9289 I Claw    : [0m[      20.021] [30;1mjni/../jni/src/claw/graphics/surface/SurfaceHW.cpp:883: Surface  xy: 16, uv: 22, tri: 14
04-20 13:45:29.061  9067  9289 I Claw    : [0m[      20.022] [30;1mjni/../jni/src/claw/graphics/surface/SurfaceHW.cpp:883: Surface  xy: 16, uv: 22, tri: 14
04-20 13:45:29.071  9067  9289 I Claw    : [0m[      20.024] [30;1mjni/../jni/src/claw/graphics/surface/SurfaceHW.cpp:883: Surface  xy: 48, uv: 70, tri: 46
04-20 13:45:29.071  9067  9289 I Claw    : [0m[      20.025] [30;1mjni/../jni/src/claw/graphics/surface/SurfaceHW.cpp:883: Surface  xy: 28, uv: 42, tri: 28
04-20 13:45:29.071  9067  9294 I Claw    : [0m[      20.025] [30;1mjni/../jni/src/claw/service/StreamingManager.cpp:563: mip 9  w 8  h 8 (128)
04-20 13:45:29.071  9067  9294 I Claw    : [0m[      20.025] [30;1mjni/../jni/src/claw/vfs/Vfs.cpp:172: Opened file: /atlases/atlas2.etc2+.mip/C9
04-20 13:45:29.071  9067  9289 I Claw    : [0m[      20.025] [30;1mjni/../jni/src/claw/graphics/surface/SurfaceHW.cpp:883: Surface  xy: 16, uv: 22, tri: 14
04-20 13:45:29.071  9067  9289 I Claw    : [0m[      20.026] [30;1mjni/../jni/src/claw/graphics/surface/SurfaceHW.cpp:883: Surface  xy: 8, uv: 10, tri: 6
04-20 13:45:29.071  9067  9289 I Claw    : [0m[      20.026] [30;1mjni/../jni/src/claw/graphics/surface/SurfaceHW.cpp:883: Surface  xy: 16, uv: 22, tri: 14
04-20 13:45:29.071  9067  9289 I Claw    : [0m[      20.027] [30;1mjni/../jni/src/claw/graphics/surface/SurfaceHW.cpp:883: Surface  xy: 12, uv: 16, tri: 10
04-20 13:45:29.071  9067  9289 I Claw    : [0m[      20.027] [30;1mjni/../jni/src/claw/graphics/surface/SurfaceHW.cpp:883: Surface  xy: 4, uv: 4, tri: 2
04-20 13:45:29.071  9067  9289 I Claw    : [0m[      20.028] [30;1mjni/../jni/src/claw/graphics/surface/SurfaceHW.cpp:883: Surface  xy: 8, uv: 10, tri: 6
04-20 13:45:29.071  9067  9289 I Claw    : [0m[      20.028] [30;1mjni/../jni/src/claw/graphics/surface/SurfaceHW.cpp:883: Surface  xy: 8, uv: 10, tri: 6
04-20 13:45:29.071  9067  9289 I Claw    : [0m[      20.029] [30;1mjni/../jni/src/claw/graphics/surface/SurfaceHW.cpp:883: Surface  xy: 16, uv: 22, tri: 14
04-20 13:45:29.071  9067  9505 I Claw    : [0m[      20.029] [30;1mjni/../jni/src/claw/vfs/NativeMount.cpp:244: Aquire java class for JNI method: com/Claw/Android/NativeMount
04-20 13:45:29.071  9067  9289 I Claw    : [0m[       20.03] [30;1mjni/../jni/src/claw/graphics/surface/SurfaceHW.cpp:883: Surface  xy: 4, uv: 4, tri: 2
04-20 13:45:29.071  9067  9505 I Claw    : [0m[       20.03] [30;1mjni/../jni/src/claw/vfs/NativeMount.cpp:244: JNI class acquired, acquire java method: GetFreeDiskSpace with args: (Ljava/lang/String;)J
04-20 13:45:29.071  9067  9289 I Claw    : [0m[       20.03] [30;1mjni/../jni/src/claw/graphics/surface/SurfaceHW.cpp:883: Surface  xy: 12, uv: 16, tri: 10
04-20 13:45:29.071  9067  9294 I Claw    : [0m[       20.03] [30;1mjni/../jni/src/claw/vfs/Vfs.cpp:172: Opened file: /atlases/atlas2.etc2+.mip/A9
04-20 13:45:29.071  9067  9289 I Claw    : [0m[       20.03] [30;1mjni/../jni/src/claw/graphics/surface/SurfaceHW.cpp:883: Surface  xy: 4, uv: 4, tri: 2
04-20 13:45:29.071  9067  9289 I Claw    : [0m[      20.031] [30;1mjni/../jni/src/claw/graphics/surface/SurfaceHW.cpp:883: Surface  xy: 4, uv: 4, tri: 2
04-20 13:45:29.071  9067  9289 I Claw    : [0m[      20.031] [30;1mjni/../jni/src/claw/graphics/surface/SurfaceHW.cpp:883: Surface  xy: 8, uv: 8, tri: 4
04-20 13:45:29.071  9067  9289 I Claw    : [0m[      20.031] [30;1mjni/../jni/src/claw/graphics/surface/SurfaceHW.cpp:883: Surface  xy: 4, uv: 4, tri: 2
04-20 13:45:29.071  9067  9289 I Claw    : [0m[      20.032] [30;1mjni/../jni/src/claw/graphics/surface/SurfaceHW.cpp:883: Surface  xy: 12, uv: 16, tri: 10
04-20 13:45:29.071  9067  9289 I Claw    : [0m[      20.032] [30;1mjni/../jni/src/claw/graphics/surface/SurfaceHW.cpp:883: Surface  xy: 8, uv: 10, tri: 6
04-20 13:45:29.071  9067  9505 I Claw    : [0m[      20.032] [30;1mjni/../jni/src/claw/vfs/NativeMount.cpp:244: Aquire java class for JNI method: com/Claw/Android/NativeMount
04-20 13:45:29.071  9067  9505 I Claw    : [0m[      20.032] [30;1mjni/../jni/src/claw/vfs/NativeMount.cpp:244: JNI class acquired, acquire java method: GetFreeDiskSpace with args: (Ljava/lang/String;)J
04-20 13:45:29.071  9067  9289 I Claw    : [0m[      20.032] [30;1mjni/../jni/src/claw/graphics/surface/SurfaceHW.cpp:883: Surface  xy: 12, uv: 16, tri: 10
04-20 13:45:29.081  9067  9289 I Claw    : [0m[      20.033] [30;1mjni/../jni/src/claw/graphics/surface/SurfaceHW.cpp:883: Surface  xy: 13, uv: 19, tri: 11
04-20 13:45:29.081  9067  9289 I Claw    : [0m[      20.033] [30;1mjni/../jni/src/claw/graphics/surface/SurfaceHW.cpp:883: Surface  xy: 13, uv: 19, tri: 11
04-20 13:45:29.081  9067  9289 I Claw    : [0m[      20.034] [30;1mjni/../jni/src/claw/graphics/surface/SurfaceHW.cpp:883: Surface  xy: 7, uv: 9, tri: 5
04-20 13:45:29.081  9067  9289 I Claw    : [0m[      20.034] [30;1mjni/../jni/src/claw/graphics/surface/SurfaceHW.cpp:883: Surface  xy: 8, uv: 10, tri: 6
04-20 13:45:29.081  9067  9289 I Claw    : [0m[      20.035] [30;1mjni/../jni/src/claw/graphics/surface/SurfaceHW.cpp:883: Surface  xy: 20, uv: 28, tri: 18
04-20 13:45:29.081  9067  9289 I Claw    : [0m[      20.035] [30;1mjni/../jni/src/claw/graphics/surface/SurfaceHW.cpp:883: Surface  xy: 8, uv: 10, tri: 6
04-20 13:45:29.081  9067  9289 I Claw    : [0m[      20.036] [30;1mjni/../jni/src/claw/graphics/surface/SurfaceHW.cpp:883: Surface  xy: 4, uv: 4, tri: 2
04-20 13:45:29.081  9067  9289 I Claw    : [0m[      20.036] [30;1mjni/../jni/src/claw/graphics/surface/SurfaceHW.cpp:883: Surface  xy: 16, uv: 22, tri: 14
04-20 13:45:29.081  9067  9289 I Claw    : [0m[      20.036] [30;1mjni/../jni/src/claw/graphics/surface/SurfaceHW.cpp:883: Surface  xy: 4, uv: 4, tri: 2
04-20 13:45:29.081  9067  9289 I Claw    : [0m[      20.037] [30;1mjni/../jni/src/claw/graphics/surface/SurfaceHW.cpp:883: Surface  xy: 4, uv: 4, tri: 2
04-20 13:45:29.081  9067  9294 I Claw    : [0m[      20.037] [30;1mjni/../jni/src/claw/service/StreamingManager.cpp:563: mip 8  w 16  h 16 (512)
04-20 13:45:29.081  9067  9289 I Claw    : [0m[      20.037] [30;1mjni/../jni/src/claw/graphics/surface/SurfaceHW.cpp:883: Surface  xy: 4, uv: 4, tri: 2
04-20 13:45:29.081  9067  9294 I Claw    : [0m[      20.037] [30;1mjni/../jni/src/claw/vfs/Vfs.cpp:172: Opened file: /atlases/atlas2.etc2+.mip/C8
04-20 13:45:29.081  9067  9289 I Claw    : [0m[      20.038] [30;1mjni/../jni/src/claw/graphics/surface/SurfaceHW.cpp:883: Surface  xy: 4, uv: 4, tri: 2
04-20 13:45:29.081  9067  9289 I Claw    : [0m[      20.038] [30;1mjni/../jni/src/claw/graphics/surface/SurfaceHW.cpp:883: Surface  xy: 16, uv: 22, tri: 14
04-20 13:45:29.081  9067  9289 I Claw    : [0m[      20.039] [30;1mjni/../jni/src/claw/graphics/surface/SurfaceHW.cpp:883: Surface  xy: 8, uv: 10, tri: 6
04-20 13:45:29.081  9067  9289 I Claw    : [0m[      20.039] [30;1mjni/../jni/src/claw/graphics/surface/SurfaceHW.cpp:883: Surface  xy: 4, uv: 4, tri: 2
04-20 13:45:29.081  9067  9289 I Claw    : [0m[       20.04] [30;1mjni/../jni/src/claw/graphics/surface/SurfaceHW.cpp:883: Surface  xy: 4, uv: 4, tri: 2
04-20 13:45:29.081  9067  9289 I Claw    : [0m[       20.04] [30;1mjni/../jni/src/claw/graphics/surface/SurfaceHW.cpp:883: Surface  xy: 4, uv: 4, tri: 2
04-20 13:45:29.081  9067  9289 I Claw    : [0m[       20.04] [30;1mjni/../jni/src/claw/graphics/surface/SurfaceHW.cpp:883: Surface  xy: 4, uv: 4, tri: 2
04-20 13:45:29.081  9067  9294 I Claw    : [0m[      20.041] [30;1mjni/../jni/src/claw/vfs/Vfs.cpp:172: Opened file: /atlases/atlas2.etc2+.mip/A8
04-20 13:45:29.081  9067  9289 I Claw    : [0m[      20.041] [30;1mjni/../jni/src/claw/graphics/surface/SurfaceHW.cpp:883: Surface  xy: 4, uv: 4, tri: 2
04-20 13:45:29.081  9067  9289 I Claw    : [0m[      20.041] [30;1mjni/../jni/src/claw/graphics/surface/SurfaceHW.cpp:883: Surface  xy: 4, uv: 4, tri: 2
04-20 13:45:29.081  9067  9289 I Claw    : [0m[      20.042] [30;1mjni/../jni/src/claw/graphics/surface/SurfaceHW.cpp:883: Surface  xy: 4, uv: 4, tri: 2
04-20 13:45:29.081  9067  9289 I Claw    : [0m[      20.042] [30;1mjni/../jni/src/claw/graphics/surface/SurfaceHW.cpp:883: Surface  xy: 4, uv: 4, tri: 2
04-20 13:45:29.081  9067  9289 I Claw    : [0m[      20.042] [30;1mjni/../jni/src/claw/graphics/surface/SurfaceHW.cpp:883: Surface  xy: 4, uv: 4, tri: 2
04-20 13:45:29.081  9067  9289 I Claw    : [0m[      20.042] [30;1mjni/../jni/src/claw/graphics/surface/SurfaceHW.cpp:883: Surface  xy: 4, uv: 4, tri: 2
04-20 13:45:29.091  9067  9289 I Claw    : [0m[      20.043] [30;1mjni/../jni/src/claw/graphics/surface/SurfaceHW.cpp:883: Surface  xy: 7, uv: 9, tri: 5
04-20 13:45:29.091  9067  9289 I Claw    : [0m[      20.043] [30;1mjni/../jni/src/claw/graphics/surface/SurfaceHW.cpp:883: Surface  xy: 12, uv: 16, tri: 10
04-20 13:45:29.091  9067  9289 I Claw    : [0m[      20.044] [30;1mjni/../jni/src/claw/graphics/surface/SurfaceHW.cpp:883: Surface  xy: 12, uv: 16, tri: 10
04-20 13:45:29.091  9067  9289 I Claw    : [0m[      20.045] [30;1mjni/../jni/src/claw/graphics/surface/SurfaceHW.cpp:883: Surface  xy: 12, uv: 16, tri: 10
04-20 13:45:29.091  9067  9289 I Claw    : [0m[      20.046] [30;1mjni/../jni/src/claw/graphics/surface/SurfaceHW.cpp:883: Surface  xy: 10, uv: 14, tri: 8
04-20 13:45:29.091  9067  9289 I Claw    : [0m[      20.046] [30;1mjni/../jni/src/claw/graphics/surface/SurfaceHW.cpp:883: Surface  xy: 4, uv: 4, tri: 2
04-20 13:45:29.091  9067  9289 I Claw    : [0m[      20.047] [30;1mjni/../jni/src/claw/graphics/surface/SurfaceHW.cpp:883: Surface  xy: 18, uv: 26, tri: 16
04-20 13:45:29.091  9067  9289 I Claw    : [0m[      20.047] [30;1mjni/../jni/src/claw/graphics/surface/SurfaceHW.cpp:883: Surface  xy: 4, uv: 4, tri: 2
04-20 13:45:29.091  9067  9289 I Claw    : [0m[      20.047] [30;1mjni/../jni/src/claw/graphics/surface/SurfaceHW.cpp:883: Surface  xy: 4, uv: 4, tri: 2
04-20 13:45:29.091  9067  9294 I Claw    : [0m[      20.047] [30;1mjni/../jni/src/claw/service/StreamingManager.cpp:563: mip 7  w 32  h 32 (2048)
04-20 13:45:29.091  9067  9294 I Claw    : [0m[      20.047] [30;1mjni/../jni/src/claw/vfs/Vfs.cpp:172: Opened file: /atlases/atlas2.etc2+.mip/C7
04-20 13:45:29.091  9067  9289 I Claw    : [0m[      20.048] [30;1mjni/../jni/src/claw/graphics/surface/SurfaceHW.cpp:883: Surface  xy: 4, uv: 4, tri: 2
04-20 13:45:29.091  9067  9289 I Claw    : [0m[      20.048] [30;1mjni/../jni/src/claw/graphics/surface/SurfaceHW.cpp:883: Surface  xy: 4, uv: 4, tri: 2
04-20 13:45:29.091  9067  9289 I Claw    : [0m[      20.048] [30;1mjni/../jni/src/claw/graphics/surface/SurfaceHW.cpp:883: Surface  xy: 16, uv: 22, tri: 14
04-20 13:45:29.091  9067  9289 I Claw    : [0m[      20.049] [30;1mjni/../jni/src/claw/graphics/surface/SurfaceHW.cpp:883: Surface  xy: 4, uv: 4, tri: 2
04-20 13:45:29.091  9067  9289 I Claw    : [0m[      20.049] [30;1mjni/../jni/src/claw/graphics/surface/SurfaceHW.cpp:883: Surface  xy: 16, uv: 22, tri: 14
04-20 13:45:29.091  9067  9289 I Claw    : [0m[       20.05] [30;1mjni/../jni/src/claw/graphics/surface/SurfaceHW.cpp:883: Surface  xy: 16, uv: 22, tri: 14
04-20 13:45:29.091  9067  9289 I Claw    : [0m[       20.05] [30;1mjni/../jni/src/claw/graphics/surface/SurfaceHW.cpp:883: Surface  xy: 16, uv: 22, tri: 14
04-20 13:45:29.091  9067  9294 I Claw    : [0m[      20.051] [30;1mjni/../jni/src/claw/vfs/Vfs.cpp:172: Opened file: /atlases/atlas2.etc2+.mip/A7
04-20 13:45:29.091  9067  9289 I Claw    : [0m[      20.051] [30;1mjni/../jni/src/claw/graphics/surface/SurfaceHW.cpp:883: Surface  xy: 16, uv: 22, tri: 14
04-20 13:45:29.091  9067  9289 I Claw    : [0m[      20.051] [30;1mjni/../jni/src/claw/graphics/surface/SurfaceHW.cpp:883: Surface  xy: 4, uv: 4, tri: 2
04-20 13:45:29.091  9067  9289 I Claw    : [0m[      20.052] [30;1mjni/../jni/src/claw/graphics/surface/SurfaceHW.cpp:883: Surface  xy: 17, uv: 27, tri: 17
04-20 13:45:29.091  9067  9289 I Claw    : [0m[      20.052] [30;1mjni/../jni/src/claw/graphics/surface/SurfaceHW.cpp:883: Surface  xy: 8, uv: 10, tri: 6
04-20 13:45:29.091  9067  9289 I Claw    : [0m[      20.053] [30;1mjni/../jni/src/claw/graphics/surface/SurfaceHW.cpp:883: Surface  xy: 12, uv: 16, tri: 10
04-20 13:45:29.101  9067  9289 I Claw    : [0m[      20.053] [30;1mjni/../jni/src/claw/graphics/surface/SurfaceHW.cpp:883: Surface  xy: 12, uv: 16, tri: 10
04-20 13:45:29.101  9067  9289 I Claw    : [0m[      20.053] [30;1mjni/../jni/src/claw/graphics/surface/SurfaceHW.cpp:883: Surface  xy: 8, uv: 10, tri: 6
04-20 13:45:29.101  9067  9289 I Claw    : [0m[      20.054] [30;1mjni/../jni/src/claw/graphics/surface/SurfaceHW.cpp:883: Surface  xy: 4, uv: 4, tri: 2
04-20 13:45:29.101  9067  9289 I Claw    : [0m[      20.054] [30;1mjni/../jni/src/claw/graphics/surface/SurfaceHW.cpp:883: Surface  xy: 4, uv: 4, tri: 2
04-20 13:45:29.101  9067  9289 I Claw    : [0m[      20.055] [30;1mjni/../jni/src/claw/graphics/surface/SurfaceHW.cpp:883: Surface  xy: 31, uv: 43, tri: 27
04-20 13:45:29.101  9067  9289 I Claw    : [0m[      20.056] [30;1mjni/../jni/src/claw/graphics/surface/SurfaceHW.cpp:883: Surface  xy: 15, uv: 21, tri: 13
04-20 13:45:29.101  9067  9294 I Claw    : [0m[      20.057] [30;1mjni/../jni/src/claw/service/StreamingManager.cpp:563: mip 6  w 64  h 64 (8192)
04-20 13:45:29.101  9067  9289 I Claw    : [0m[      20.057] [30;1mjni/../jni/src/claw/graphics/surface/SurfaceHW.cpp:883: Surface  xy: 24, uv: 34, tri: 22
04-20 13:45:29.101  9067  9294 I Claw    : [0m[      20.057] [30;1mjni/../jni/src/claw/vfs/Vfs.cpp:172: Opened file: /atlases/atlas2.etc2+.mip/C6
04-20 13:45:29.101  9067  9289 I Claw    : [0m[      20.058] [30;1mjni/../jni/src/claw/graphics/surface/SurfaceHW.cpp:883: Surface  xy: 27, uv: 39, tri: 25
04-20 13:45:29.101  9067  9289 I Claw    : [0m[      20.059] [30;1mjni/../jni/src/claw/graphics/surface/SurfaceHW.cpp:883: Surface  xy: 15, uv: 21, tri: 13
04-20 13:45:29.101  9067  9505 I Claw    : [0m[      20.059] [30;1mjni/../jni/src/claw/vfs/NativeMount.cpp:244: Aquire java class for JNI method: com/Claw/Android/NativeMount
04-20 13:45:29.101  9067  9505 I Claw    : [0m[      20.059] [30;1mjni/../jni/src/claw/vfs/NativeMount.cpp:244: JNI class acquired, acquire java method: GetFreeDiskSpace with args: (Ljava/lang/String;)J
04-20 13:45:29.101  9067  9289 I Claw    : [0m[       20.06] [30;1mjni/../jni/src/claw/graphics/surface/SurfaceHW.cpp:883: Surface  xy: 24, uv: 34, tri: 22
04-20 13:45:29.101  9067  9294 I Claw    : [0m[       20.06] [30;1mjni/../jni/src/claw/vfs/Vfs.cpp:172: Opened file: /atlases/atlas2.etc2+.mip/A6
04-20 13:45:29.101  9067  9289 I Claw    : [0m[      20.061] [30;1mjni/../jni/src/claw/graphics/surface/SurfaceHW.cpp:883: Surface  xy: 23, uv: 33, tri: 21
04-20 13:45:29.101  9067  9289 I Claw    : [0m[      20.061] [30;1mjni/../jni/src/claw/graphics/surface/SurfaceHW.cpp:883: Surface  xy: 16, uv: 22, tri: 14
04-20 13:45:29.101  9067  9289 I Claw    : [0m[      20.062] [30;1mjni/../jni/src/claw/graphics/surface/SurfaceHW.cpp:883: Surface  xy: 24, uv: 34, tri: 22
04-20 13:45:29.111  9067  9289 I Claw    : [0m[      20.063] [30;1mjni/../jni/src/claw/graphics/surface/SurfaceHW.cpp:883: Surface  xy: 23, uv: 33, tri: 21
04-20 13:45:29.111  9067  9289 I Claw    : [0m[      20.064] [30;1mjni/../jni/src/claw/graphics/surface/SurfaceHW.cpp:883: Surface  xy: 4, uv: 4, tri: 2
04-20 13:45:29.111  9067  9289 I Claw    : [0m[      20.064] [30;1mjni/../jni/src/claw/graphics/surface/SurfaceHW.cpp:883: Surface  xy: 12, uv: 16, tri: 10
04-20 13:45:29.111  9067  9289 I Claw    : [0m[      20.065] [30;1mjni/../jni/src/claw/graphics/surface/SurfaceHW.cpp:883: Surface  xy: 4, uv: 4, tri: 2
04-20 13:45:29.111  9067  9289 I Claw    : [0m[      20.065] [30;1mjni/../jni/src/claw/graphics/surface/SurfaceHW.cpp:883: Surface  xy: 12, uv: 16, tri: 10
04-20 13:45:29.111  9067  9505 I Claw    : [0m[      20.065] [30;1mjni/../jni/src/claw/vfs/NativeMount.cpp:244: Aquire java class for JNI method: com/Claw/Android/NativeMount
04-20 13:45:29.111  9067  9505 I Claw    : [0m[      20.066] [30;1mjni/../jni/src/claw/vfs/NativeMount.cpp:244: JNI class acquired, acquire java method: GetFreeDiskSpace with args: (Ljava/lang/String;)J
04-20 13:45:29.111  9067  9289 I Claw    : [0m[      20.066] [30;1mjni/../jni/src/claw/graphics/surface/SurfaceHW.cpp:883: Surface  xy: 12, uv: 16, tri: 10
04-20 13:45:29.111  9067  9289 I Claw    : [0m[      20.066] [30;1mjni/../jni/src/claw/graphics/surface/SurfaceHW.cpp:883: Surface  xy: 8, uv: 10, tri: 6
04-20 13:45:29.111  9067  9294 I Claw    : [0m[      20.066] [30;1mjni/../jni/src/claw/service/StreamingManager.cpp:563: mip 5  w 128  h 128 (32768)
04-20 13:45:29.111  9067  9294 I Claw    : [0m[      20.067] [30;1mjni/../jni/src/claw/vfs/Vfs.cpp:172: Opened file: /atlases/atlas2.etc2+.mip/C5
04-20 13:45:29.111  9067  9289 I Claw    : [0m[      20.067] [30;1mjni/../jni/src/claw/graphics/surface/SurfaceHW.cpp:883: Surface  xy: 16, uv: 22, tri: 14
04-20 13:45:29.111  9067  9505 I Claw    : [0m[      20.068] [30;1mjni/../jni/src/claw/vfs/NativeMount.cpp:244: Aquire java class for JNI method: com/Claw/Android/NativeMount
04-20 13:45:29.111  9067  9289 I Claw    : [0m[      20.068] [30;1mjni/../jni/src/claw/graphics/surface/SurfaceHW.cpp:883: Surface  xy: 48, uv: 70, tri: 46
04-20 13:45:29.111  9067  9505 I Claw    : [0m[      20.068] [30;1mjni/../jni/src/claw/vfs/NativeMount.cpp:244: JNI class acquired, acquire java method: GetFreeDiskSpace with args: (Ljava/lang/String;)J
04-20 13:45:29.111  9067  9289 I Claw    : [0m[      20.069] [30;1mjni/../jni/src/claw/graphics/surface/SurfaceHW.cpp:883: Surface  xy: 16, uv: 22, tri: 14
04-20 13:45:29.111  9067  9289 I Claw    : [0m[      20.069] [30;1mjni/../jni/src/claw/graphics/surface/SurfaceHW.cpp:883: Surface  xy: 8, uv: 10, tri: 6
04-20 13:45:29.111  9067  9289 I Claw    : [0m[      20.069] [30;1mjni/../jni/src/claw/graphics/surface/SurfaceHW.cpp:883: Surface  xy: 4, uv: 4, tri: 2
04-20 13:45:29.111  9067  9289 I Claw    : [0m[       20.07] [30;1mjni/../jni/src/claw/graphics/surface/SurfaceHW.cpp:883: Surface  xy: 4, uv: 4, tri: 2
04-20 13:45:29.111  9067  9294 I Claw    : [0m[       20.07] [30;1mjni/../jni/src/claw/vfs/Vfs.cpp:172: Opened file: /atlases/atlas2.etc2+.mip/A5
04-20 13:45:29.111  9067  9289 I Claw    : [0m[       20.07] [30;1mjni/../jni/src/claw/graphics/surface/SurfaceHW.cpp:883: Surface  xy: 24, uv: 34, tri: 22
04-20 13:45:29.111  9067  9289 I Claw    : [0m[      20.071] [30;1mjni/../jni/src/claw/graphics/surface/SurfaceHW.cpp:883: Surface  xy: 12, uv: 16, tri: 10
04-20 13:45:29.111  9067  9289 I Claw    : [0m[      20.071] [30;1mjni/../jni/src/claw/graphics/surface/SurfaceHW.cpp:883: Surface  xy: 8, uv: 10, tri: 6
04-20 13:45:29.111  9067  9289 I Claw    : [0m[      20.071] [30;1mjni/../jni/src/claw/graphics/surface/SurfaceHW.cpp:883: Surface  xy: 4, uv: 4, tri: 2
04-20 13:45:29.111  9067  9289 I Claw    : [0m[      20.072] [30;1mjni/../jni/src/claw/graphics/surface/SurfaceHW.cpp:883: Surface  xy: 4, uv: 4, tri: 2
04-20 13:45:29.111  9067  9289 I Claw    : [0m[      20.072] [30;1mjni/../jni/src/claw/graphics/surface/SurfaceHW.cpp:883: Surface  xy: 4, uv: 4, tri: 2
04-20 13:45:29.111  9067  9289 I Claw    : [0m[      20.072] [30;1mjni/../jni/src/claw/graphics/surface/SurfaceHW.cpp:883: Surface  xy: 4, uv: 4, tri: 2
04-20 13:45:29.111  9067  9326 I Claw    : [0m[      20.072] /home/jenkins/workspace/huuuge-stars/client-dev/hs-android/contrib/huuugeanalyticssdk/cpp/src/huuuge/analytics/HAHttp-android.cpp:80: Huuuge::analytics::HTTPAndroid::InvokeHttps 1nsjtnbmgl.execute-api.us-east-1.amazonaws.com public/dashboard-events
04-20 13:45:29.111  9067  9289 I Claw    : [0m[      20.072] [30;1mjni/../jni/src/claw/graphics/surface/SurfaceHW.cpp:883: Surface  xy: 4, uv: 4, tri: 2
04-20 13:45:29.111  9067  9289 I Claw    : [0m[      20.072] [30;1mjni/../jni/src/claw/graphics/surface/SurfaceHW.cpp:883: Surface  xy: 4, uv: 4, tri: 2
04-20 13:45:29.121  9067  9289 I Claw    : [0m[      20.073] [30;1mjni/../jni/src/claw/graphics/surface/SurfaceHW.cpp:883: Surface  xy: 16, uv: 22, tri: 14
04-20 13:45:29.121  9067  9289 I Claw    : [0m[      20.073] [30;1mjni/../jni/src/claw/graphics/surface/SurfaceHW.cpp:883: Surface  xy: 4, uv: 4, tri: 2
04-20 13:45:29.121  9067  9326 I Claw    : [0m[      20.074] /home/jenkins/workspace/huuuge-stars/client-dev/hs-android/contrib/huuugeanalyticssdk/cpp/src/huuuge/analytics/HAHttp-android.cpp:100: Huuuge::analytics::HTTPAndroid::InvokeHttps convert post payload 6619
04-20 13:45:29.121  9067  9326 I Claw    : [0m[      20.074] ../../../../../../../../contrib/huuugeanalyticssdk/cpp/contrib/jni/JniAttach.hpp:147: Aquire java class for JNI method: com/huuuge/analytics/HA
04-20 13:45:29.121  9067  9326 I Claw    : [0m[      20.074] ../../../../../../../../contrib/huuugeanalyticssdk/cpp/contrib/jni/JniAttach.hpp:147: JNI class acquired, acquire java method: doHttpsRequest with args: (Ljava/lang/String;Ljava/lang/String;Ljava/lang/String;[Ljava/lang/String;[Ljava/lang/String;[B)[Ljava/lang/String;
04-20 13:45:29.121  9067  9326 I Claw    : [0m[      20.074] ../../../../../../../../contrib/huuugeanalyticssdk/cpp/contrib/jni/JniAttach.hpp:148: JNI method acquired, try to call.
04-20 13:45:29.121  9067  9289 I Claw    : [0m[      20.074] [30;1mjni/../jni/src/claw/graphics/surface/SurfaceHW.cpp:883: Surface  xy: 24, uv: 34, tri: 22
04-20 13:45:29.121  9067  9289 I Claw    : [0m[      20.075] [30;1mjni/../jni/src/claw/graphics/surface/SurfaceHW.cpp:883: Surface  xy: 7, uv: 9, tri: 5
04-20 13:45:29.121  9067  9289 I Claw    : [0m[      20.075] [30;1mjni/../jni/src/claw/graphics/surface/SurfaceHW.cpp:883: Surface  xy: 4, uv: 4, tri: 2
04-20 13:45:29.121  9067  9289 I Claw    : [0m[      20.075] [30;1mjni/../jni/src/claw/graphics/surface/SurfaceHW.cpp:883: Surface  xy: 4, uv: 4, tri: 2
04-20 13:45:29.121  9067  9289 I Claw    : [0m[      20.076] [30;1mjni/../jni/src/claw/graphics/surface/SurfaceHW.cpp:883: Surface  xy: 4, uv: 4, tri: 2
04-20 13:45:29.121  9067  9289 I Claw    : [0m[      20.076] [30;1mjni/../jni/src/claw/graphics/surface/SurfaceHW.cpp:883: Surface  xy: 4, uv: 4, tri: 2
04-20 13:45:29.121  9067  9294 I Claw    : [0m[      20.076] [30;1mjni/../jni/src/claw/service/StreamingManager.cpp:563: mip 4  w 256  h 256 (131072)
04-20 13:45:29.121  9067  9294 I Claw    : [0m[      20.076] [30;1mjni/../jni/src/claw/vfs/Vfs.cpp:172: Opened file: /atlases/atlas2.etc2+.mip/C4
04-20 13:45:29.121  9067  9289 I Claw    : [0m[      20.076] [30;1mjni/../jni/src/claw/graphics/surface/SurfaceHW.cpp:883: Surface  xy: 8, uv: 10, tri: 6
04-20 13:45:29.121  9067  9289 I Claw    : [0m[      20.077] [30;1mjni/../jni/src/claw/graphics/surface/SurfaceHW.cpp:883: Surface  xy: 4, uv: 4, tri: 2
04-20 13:45:29.121  9067  9289 I Claw    : [0m[      20.077] [30;1mjni/../jni/src/claw/graphics/surface/SurfaceHW.cpp:883: Surface  xy: 4, uv: 4, tri: 2
04-20 13:45:29.121  9067  9289 I Claw    : [0m[      20.077] [30;1mjni/../jni/src/claw/graphics/surface/SurfaceHW.cpp:883: Surface  xy: 4, uv: 4, tri: 2
04-20 13:45:29.121  9067  9513 I System.out: (HTTPLog)-Static: isSBSettingEnabled false
04-20 13:45:29.121  9067  9289 I Claw    : [0m[      20.078] [30;1mjni/../jni/src/claw/graphics/surface/SurfaceHW.cpp:883: Surface  xy: 4, uv: 4, tri: 2
04-20 13:45:29.121  9067  9513 I System.out: (HTTPLog)-Static: isSBSettingEnabled false
04-20 13:45:29.121  9067  9289 I Claw    : [0m[      20.078] [30;1mjni/../jni/src/claw/graphics/surface/SurfaceHW.cpp:883: Surface  xy: 4, uv: 4, tri: 2
04-20 13:45:29.121  9067  9505 I Claw    : [0m[      20.078] [30;1mjni/../jni/src/claw/vfs/NativeMount.cpp:244: Aquire java class for JNI method: com/Claw/Android/NativeMount
04-20 13:45:29.121  9067  9289 I Claw    : [0m[      20.078] [30;1mjni/../jni/src/claw/graphics/surface/SurfaceHW.cpp:883: Surface  xy: 4, uv: 4, tri: 2
04-20 13:45:29.121  9067  9505 I Claw    : [0m[      20.079] [30;1mjni/../jni/src/claw/vfs/NativeMount.cpp:244: JNI class acquired, acquire java method: GetFreeDiskSpace with args: (Ljava/lang/String;)J
04-20 13:45:29.121  9067  9289 I Claw    : [0m[      20.079] [30;1mjni/../jni/src/claw/graphics/surface/SurfaceHW.cpp:883: Surface  xy: 4, uv: 4, tri: 2
04-20 13:45:29.121  9067  9289 I Claw    : [0m[      20.079] [30;1mjni/../jni/src/claw/graphics/surface/SurfaceHW.cpp:883: Surface  xy: 4, uv: 4, tri: 2
04-20 13:45:29.121  9067  9289 I Claw    : [0m[       20.08] [30;1mjni/../jni/src/claw/graphics/surface/SurfaceHW.cpp:883: Surface  xy: 16, uv: 22, tri: 14
04-20 13:45:29.121  9067  9289 I Claw    : [0m[       20.08] [30;1mjni/../jni/src/claw/graphics/surface/SurfaceHW.cpp:883: Surface  xy: 12, uv: 16, tri: 10
04-20 13:45:29.121  9067  9289 I Claw    : [0m[      20.081] [30;1mjni/../jni/src/claw/graphics/surface/SurfaceHW.cpp:883: Surface  xy: 8, uv: 10, tri: 6
04-20 13:45:29.121  9067  9289 I Claw    : [0m[      20.082] [30;1mjni/../jni/src/claw/graphics/surface/SurfaceHW.cpp:883: Surface  xy: 8, uv: 10, tri: 6
04-20 13:45:29.121  9067  9289 I Claw    : [0m[      20.082] [30;1mjni/../jni/src/claw/graphics/surface/SurfaceHW.cpp:883: Surface  xy: 4, uv: 4, tri: 2
04-20 13:45:29.121  9067  9289 I Claw    : [0m[      20.082] [30;1mjni/../jni/src/claw/graphics/surface/SurfaceHW.cpp:883: Surface  xy: 4, uv: 4, tri: 2
04-20 13:45:29.121  9067  9289 I Claw    : [0m[      20.082] [30;1mjni/../jni/src/claw/graphics/surface/SurfaceHW.cpp:883: Surface  xy: 8, uv: 10, tri: 6
04-20 13:45:29.121  9067  9294 I Claw    : [0m[      20.082] [30;1mjni/../jni/src/claw/vfs/Vfs.cpp:172: Opened file: /atlases/atlas2.etc2+.mip/A4
04-20 13:45:29.131  9067  9289 I Claw    : [0m[      20.084] [30;1mjni/../jni/src/claw/graphics/surface/SurfaceHW.cpp:883: Surface  xy: 48, uv: 70, tri: 46
04-20 13:45:29.131  9067  9289 I Claw    : [0m[      20.084] [30;1mjni/../jni/src/claw/graphics/surface/SurfaceHW.cpp:883: Surface  xy: 4, uv: 4, tri: 2
04-20 13:45:29.131  9067  9289 I Claw    : [0m[      20.085] [30;1mjni/../jni/src/claw/graphics/surface/SurfaceHW.cpp:883: Surface  xy: 28, uv: 42, tri: 28
04-20 13:45:29.131  9067  9289 I Claw    : [0m[      20.086] [30;1mjni/../jni/src/claw/graphics/surface/SurfaceHW.cpp:883: Surface  xy: 20, uv: 28, tri: 18
04-20 13:45:29.131  9067  9289 I Claw    : [0m[      20.086] [30;1mjni/../jni/src/claw/graphics/surface/SurfaceHW.cpp:883: Surface  xy: 4, uv: 4, tri: 2
04-20 13:45:29.131  9067  9289 I Claw    : [0m[      20.087] [30;1mjni/../jni/src/claw/graphics/surface/SurfaceHW.cpp:883: Surface  xy: 4, uv: 4, tri: 2
04-20 13:45:29.131  9067  9289 I Claw    : [0m[      20.087] [30;1mjni/../jni/src/claw/graphics/surface/SurfaceHW.cpp:883: Surface  xy: 20, uv: 28, tri: 18
04-20 13:45:29.131  9067  9289 I Claw    : [0m[      20.088] [30;1mjni/../jni/src/claw/graphics/surface/SurfaceHW.cpp:883: Surface  xy: 32, uv: 48, tri: 32
04-20 13:45:29.131  9067  9294 I Claw    : [0m[      20.089] [30;1mjni/../jni/src/claw/service/StreamingManager.cpp:563: mip 3  w 512  h 512 (524288)
04-20 13:45:29.131  9067  9294 I Claw    : [0m[      20.089] [30;1mjni/../jni/src/claw/vfs/Vfs.cpp:172: Opened file: /atlases/atlas2.etc2+.mip/C3
04-20 13:45:29.131  9067  9289 I Claw    : [0m[      20.089] [30;1mjni/../jni/src/claw/graphics/surface/SurfaceHW.cpp:883: Surface  xy: 7, uv: 9, tri: 5
04-20 13:45:29.131  9067  9289 I Claw    : [0m[      20.089] [30;1mjni/../jni/src/claw/graphics/surface/SurfaceHW.cpp:883: Surface  xy: 4, uv: 4, tri: 2
04-20 13:45:29.131  9067  9289 I Claw    : [0m[       20.09] [30;1mjni/../jni/src/claw/graphics/surface/SurfaceHW.cpp:883: Surface  xy: 7, uv: 9, tri: 5
04-20 13:45:29.131  9067  9289 I Claw    : [0m[       20.09] [30;1mjni/../jni/src/claw/graphics/surface/SurfaceHW.cpp:883: Surface  xy: 7, uv: 9, tri: 5
04-20 13:45:29.131  9067  9289 I Claw    : [0m[       20.09] [30;1mjni/../jni/src/claw/graphics/surface/SurfaceHW.cpp:883: Surface  xy: 16, uv: 22, tri: 14
04-20 13:45:29.131  9067  9289 I Claw    : [0m[      20.091] [30;1mjni/../jni/src/claw/graphics/surface/SurfaceHW.cpp:883: Surface  xy: 4, uv: 4, tri: 2
04-20 13:45:29.131  9067  9505 I Claw    : [0m[      20.091] [30;1mjni/../jni/src/claw/vfs/NativeMount.cpp:244: Aquire java class for JNI method: com/Claw/Android/NativeMount
04-20 13:45:29.131  9067  9505 I Claw    : [0m[      20.091] [30;1mjni/../jni/src/claw/vfs/NativeMount.cpp:244: JNI class acquired, acquire java method: GetFreeDiskSpace with args: (Ljava/lang/String;)J
04-20 13:45:29.131  9067  9289 I Claw    : [0m[      20.091] [30;1mjni/../jni/src/claw/graphics/surface/SurfaceHW.cpp:883: Surface  xy: 20, uv: 28, tri: 18
04-20 13:45:29.131  9067  9289 I Claw    : [0m[      20.092] [30;1mjni/../jni/src/claw/graphics/surface/SurfaceHW.cpp:883: Surface  xy: 8, uv: 10, tri: 6
04-20 13:45:29.131  9067  9289 I Claw    : [0m[      20.092] [30;1mjni/../jni/src/claw/graphics/surface/SurfaceHW.cpp:883: Surface  xy: 16, uv: 22, tri: 14
04-20 13:45:29.141  9067  9289 I Claw    : [0m[      20.093] [30;1mjni/../jni/src/claw/graphics/surface/SurfaceHW.cpp:883: Surface  xy: 7, uv: 9, tri: 5
04-20 13:45:29.141  9067  9289 I Claw    : [0m[      20.093] [30;1mjni/../jni/src/claw/graphics/surface/SurfaceHW.cpp:883: Surface  xy: 16, uv: 22, tri: 14
04-20 13:45:29.141  9067  9289 I Claw    : [0m[      20.094] [30;1mjni/../jni/src/claw/graphics/surface/SurfaceHW.cpp:883: Surface  xy: 16, uv: 22, tri: 14
04-20 13:45:29.141  9067  9289 I Claw    : [0m[      20.094] [30;1mjni/../jni/src/claw/graphics/surface/SurfaceHW.cpp:883: Surface  xy: 4, uv: 4, tri: 2
04-20 13:45:29.141  9067  9289 I Claw    : [0m[      20.095] [30;1mjni/../jni/src/claw/graphics/surface/SurfaceHW.cpp:883: Surface  xy: 8, uv: 10, tri: 6
04-20 13:45:29.141  9067  9289 I Claw    : [0m[      20.096] [30;1mjni/../jni/src/claw/graphics/surface/SurfaceHW.cpp:883: Surface  xy: 4, uv: 4, tri: 2
04-20 13:45:29.141  9067  9289 I Claw    : [0m[      20.097] [30;1mjni/../jni/src/claw/graphics/surface/SurfaceHW.cpp:883: Surface  xy: 8, uv: 10, tri: 6
04-20 13:45:29.141  9067  9289 I Claw    : [0m[      20.097] [30;1mjni/../jni/src/claw/graphics/surface/SurfaceHW.cpp:883: Surface  xy: 4, uv: 4, tri: 2
04-20 13:45:29.141  9067  9505 I Claw    : [0m[      20.097] [30;1mjni/../jni/src/claw/vfs/NativeMount.cpp:244: Aquire java class for JNI method: com/Claw/Android/NativeMount
04-20 13:45:29.141  9067  9289 I Claw    : [0m[      20.098] [30;1mjni/../jni/src/claw/graphics/surface/SurfaceHW.cpp:883: Surface  xy: 8, uv: 10, tri: 6
04-20 13:45:29.141  9067  9505 I Claw    : [0m[      20.098] [30;1mjni/../jni/src/claw/vfs/NativeMount.cpp:244: JNI class acquired, acquire java method: GetFreeDiskSpace with args: (Ljava/lang/String;)J
04-20 13:45:29.141  9067  9289 I Claw    : [0m[      20.099] [30;1mjni/../jni/src/claw/graphics/surface/SurfaceHW.cpp:883: Surface  xy: 16, uv: 22, tri: 14
04-20 13:45:29.141  9067  9289 I Claw    : [0m[      20.099] [30;1mjni/../jni/src/claw/graphics/surface/SurfaceHW.cpp:883: Surface  xy: 16, uv: 22, tri: 14
04-20 13:45:29.141  9067  9289 I Claw    : [0m[        20.1] [30;1mjni/../jni/src/claw/graphics/surface/SurfaceHW.cpp:883: Surface  xy: 16, uv: 22, tri: 14
04-20 13:45:29.141  9067  9289 I Claw    : [0m[        20.1] [30;1mjni/../jni/src/claw/graphics/surface/SurfaceHW.cpp:883: Surface  xy: 16, uv: 22, tri: 14
04-20 13:45:29.141  9067  9294 I Claw    : [0m[      20.101] [30;1mjni/../jni/src/claw/vfs/Vfs.cpp:172: Opened file: /atlases/atlas2.etc2+.mip/A3
04-20 13:45:29.141  9067  9289 I Claw    : [0m[      20.101] [30;1mjni/../jni/src/claw/graphics/surface/SurfaceHW.cpp:883: Surface  xy: 4, uv: 4, tri: 2
04-20 13:45:29.141  9067  9289 I Claw    : [0m[      20.101] [30;1mjni/../jni/src/claw/graphics/surface/SurfaceHW.cpp:883: Surface  xy: 4, uv: 4, tri: 2
04-20 13:45:29.141  9067  9289 I Claw    : [0m[      20.101] [30;1mjni/../jni/src/claw/graphics/surface/SurfaceHW.cpp:883: Surface  xy: 4, uv: 4, tri: 2
04-20 13:45:29.141  9067  9289 I Claw    : [0m[      20.102] [30;1mjni/../jni/src/claw/graphics/surface/SurfaceHW.cpp:883: Surface  xy: 4, uv: 4, tri: 2
04-20 13:45:29.141  9067  9289 I Claw    : [0m[      20.102] [30;1mjni/../jni/src/claw/graphics/surface/SurfaceHW.cpp:883: Surface  xy: 4, uv: 4, tri: 2
04-20 13:45:29.141  9067  9289 I Claw    : [0m[      20.102] [30;1mjni/../jni/src/claw/graphics/surface/SurfaceHW.cpp:883: Surface  xy: 4, uv: 4, tri: 2
04-20 13:45:29.151  9067  9289 I Claw    : [0m[      20.103] [30;1mjni/../jni/src/claw/graphics/surface/SurfaceHW.cpp:883: Surface  xy: 8, uv: 10, tri: 6
04-20 13:45:29.151  9067  9289 I Claw    : [0m[      20.103] [30;1mjni/../jni/src/claw/graphics/surface/SurfaceHW.cpp:883: Surface  xy: 4, uv: 4, tri: 2
04-20 13:45:29.151  9067  9289 I Claw    : [0m[      20.104] [30;1mjni/../jni/src/claw/graphics/surface/SurfaceHW.cpp:883: Surface  xy: 20, uv: 28, tri: 18
04-20 13:45:29.151  9067  9289 I Claw    : [0m[      20.105] [30;1mjni/../jni/src/claw/graphics/surface/SurfaceHW.cpp:883: Surface  xy: 16, uv: 22, tri: 14
04-20 13:45:29.151  9067  9505 I Claw    : [0m[      20.106] [30;1mjni/../jni/src/claw/vfs/NativeMount.cpp:244: Aquire java class for JNI method: com/Claw/Android/NativeMount
04-20 13:45:29.151  9067  9505 I Claw    : [0m[      20.106] [30;1mjni/../jni/src/claw/vfs/NativeMount.cpp:244: JNI class acquired, acquire java method: GetFreeDiskSpace with args: (Ljava/lang/String;)J
04-20 13:45:29.151  9067  9289 I Claw    : [0m[      20.106] [30;1mjni/../jni/src/claw/graphics/surface/SurfaceHW.cpp:883: Surface  xy: 12, uv: 16, tri: 10
04-20 13:45:29.151  9067  9289 I Claw    : [0m[      20.107] [30;1mjni/../jni/src/claw/graphics/surface/SurfaceHW.cpp:883: Surface  xy: 12, uv: 16, tri: 10
04-20 13:45:29.151  9067  9289 I Claw    : [0m[      20.107] [30;1mjni/../jni/src/claw/graphics/surface/SurfaceHW.cpp:883: Surface  xy: 8, uv: 10, tri: 6
04-20 13:45:29.151  9067  9289 I Claw    : [0m[      20.108] [30;1mjni/../jni/src/claw/graphics/surface/SurfaceHW.cpp:883: Surface  xy: 8, uv: 10, tri: 6
04-20 13:45:29.151  9067  9289 I Claw    : [0m[      20.108] [30;1mjni/../jni/src/claw/graphics/surface/SurfaceHW.cpp:883: Surface  xy: 4, uv: 4, tri: 2
04-20 13:45:29.151  9067  9289 I Claw    : [0m[      20.108] [30;1mjni/../jni/src/claw/graphics/surface/SurfaceHW.cpp:883: Surface  xy: 4, uv: 4, tri: 2
04-20 13:45:29.151  9067  9289 I Claw    : [0m[      20.108] [30;1mjni/../jni/src/claw/graphics/surface/SurfaceHW.cpp:883: Surface  xy: 4, uv: 4, tri: 2
04-20 13:45:29.151  9067  9289 I Claw    : [0m[      20.109] [30;1mjni/../jni/src/claw/graphics/surface/SurfaceHW.cpp:883: Surface  xy: 20, uv: 28, tri: 18
04-20 13:45:29.151  9067  9289 I Claw    : [0m[       20.11] [30;1mjni/../jni/src/claw/graphics/surface/SurfaceHW.cpp:883: Surface  xy: 20, uv: 28, tri: 18
04-20 13:45:29.151  9067  9505 I Claw    : [0m[       20.11] [30;1mjni/../jni/src/claw/vfs/NativeMount.cpp:244: Aquire java class for JNI method: com/Claw/Android/NativeMount
04-20 13:45:29.151  9067  9505 I Claw    : [0m[       20.11] [30;1mjni/../jni/src/claw/vfs/NativeMount.cpp:244: JNI class acquired, acquire java method: GetFreeDiskSpace with args: (Ljava/lang/String;)J
04-20 13:45:29.151  9067  9289 I Claw    : [0m[       20.11] [30;1mjni/../jni/src/claw/graphics/surface/SurfaceHW.cpp:883: Surface  xy: 4, uv: 4, tri: 2
04-20 13:45:29.151  9067  9289 I Claw    : [0m[      20.111] [30;1mjni/../jni/src/claw/graphics/surface/SurfaceHW.cpp:883: Surface  xy: 24, uv: 34, tri: 22
04-20 13:45:29.151  9067  9289 I Claw    : [0m[      20.112] [30;1mjni/../jni/src/claw/graphics/surface/SurfaceHW.cpp:883: Surface  xy: 8, uv: 10, tri: 6
04-20 13:45:29.151  9067  9289 I Claw    : [0m[      20.112] [30;1mjni/../jni/src/claw/graphics/surface/SurfaceHW.cpp:883: Surface  xy: 4, uv: 4, tri: 2
04-20 13:45:29.161  9067  9289 I Claw    : [0m[      20.113] [30;1mjni/../jni/src/claw/graphics/surface/SurfaceHW.cpp:883: Surface  xy: 4, uv: 4, tri: 2
04-20 13:45:29.161  9067  9289 I Claw    : [0m[      20.113] [30;1mjni/../jni/src/claw/graphics/surface/SurfaceHW.cpp:883: Surface  xy: 4, uv: 4, tri: 2
04-20 13:45:29.161  9067  9289 I Claw    : [0m[      20.114] [30;1mjni/../jni/src/claw/graphics/surface/SurfaceHW.cpp:883: Surface  xy: 4, uv: 4, tri: 2
04-20 13:45:29.161  9067  9289 I Claw    : [0m[      20.114] [30;1mjni/../jni/src/claw/graphics/surface/SurfaceHW.cpp:883: Surface  xy: 4, uv: 4, tri: 2
04-20 13:45:29.161  9067  9289 I Claw    : [0m[      20.115] [30;1mjni/../jni/src/claw/graphics/surface/SurfaceHW.cpp:883: Surface  xy: 4, uv: 4, tri: 2
04-20 13:45:29.161  9067  9289 I Claw    : [0m[      20.115] [30;1mjni/../jni/src/claw/graphics/surface/SurfaceHW.cpp:883: Surface  xy: 4, uv: 4, tri: 2
04-20 13:45:29.161  9067  9289 I Claw    : [0m[      20.115] [30;1mjni/../jni/src/claw/graphics/surface/SurfaceHW.cpp:883: Surface  xy: 12, uv: 16, tri: 10
04-20 13:45:29.161  9067  9289 I Claw    : [0m[      20.116] [30;1mjni/../jni/src/claw/graphics/surface/SurfaceHW.cpp:883: Surface  xy: 4, uv: 4, tri: 2
04-20 13:45:29.161  9067  9289 I Claw    : [0m[      20.116] [30;1mjni/../jni/src/claw/graphics/surface/SurfaceHW.cpp:883: Surface  xy: 4, uv: 4, tri: 2
04-20 13:45:29.161  9067  9294 I Claw    : [0m[      20.116] [30;1mjni/../jni/src/claw/service/StreamingManager.cpp:563: mip 2  w 1024  h 1024 (2097152)
04-20 13:45:29.161  9067  9294 I Claw    : [0m[      20.116] [30;1mjni/../jni/src/claw/vfs/Vfs.cpp:172: Opened file: /atlases/atlas2.etc2+.mip/C2
04-20 13:45:29.161  9067  9289 I Claw    : [0m[      20.116] [30;1mjni/../jni/src/claw/graphics/surface/SurfaceHW.cpp:883: Surface  xy: 8, uv: 10, tri: 6
04-20 13:45:29.161  9067  9289 I Claw    : [0m[      20.117] [30;1mjni/../jni/src/claw/graphics/surface/SurfaceHW.cpp:883: Surface  xy: 16, uv: 22, tri: 14
04-20 13:45:29.161  9067  9289 I Claw    : [0m[      20.117] [30;1mjni/../jni/src/claw/graphics/surface/SurfaceHW.cpp:883: Surface  xy: 4, uv: 4, tri: 2
04-20 13:45:29.161  9067  9289 I Claw    : [0m[      20.117] [30;1mjni/../jni/src/claw/graphics/surface/SurfaceHW.cpp:883: Surface  xy: 4, uv: 4, tri: 2
04-20 13:45:29.161  9067  9289 I Claw    : [0m[      20.118] [30;1mjni/../jni/src/claw/graphics/surface/SurfaceHW.cpp:883: Surface  xy: 8, uv: 10, tri: 6
04-20 13:45:29.161  9067  9289 I Claw    : [0m[      20.118] [30;1mjni/../jni/src/claw/graphics/surface/SurfaceHW.cpp:883: Surface  xy: 8, uv: 10, tri: 6
04-20 13:45:29.161  9067  9289 I Claw    : [0m[      20.118] [30;1mjni/../jni/src/claw/graphics/surface/SurfaceHW.cpp:883: Surface  xy: 4, uv: 4, tri: 2
04-20 13:45:29.161  9067  9289 I Claw    : [0m[      20.119] [30;1mjni/../jni/src/claw/graphics/surface/SurfaceHW.cpp:883: Surface  xy: 4, uv: 4, tri: 2
04-20 13:45:29.161  9067  9289 I Claw    : [0m[      20.119] [30;1mjni/../jni/src/claw/graphics/surface/SurfaceHW.cpp:883: Surface  xy: 4, uv: 4, tri: 2
04-20 13:45:29.161  9067  9505 I Claw    : [0m[      20.119] [30;1mjni/../jni/src/claw/vfs/NativeMount.cpp:244: Aquire java class for JNI method: com/Claw/Android/NativeMount
04-20 13:45:29.161  9067  9505 I Claw    : [0m[       20.12] [30;1mjni/../jni/src/claw/vfs/NativeMount.cpp:244: JNI class acquired, acquire java method: GetFreeDiskSpace with args: (Ljava/lang/String;)J
04-20 13:45:29.161  9067  9289 I Claw    : [0m[       20.12] [30;1mjni/../jni/src/claw/graphics/surface/SurfaceHW.cpp:883: Surface  xy: 4, uv: 4, tri: 2
04-20 13:45:29.161  9067  9289 I Claw    : [0m[      20.121] [30;1mjni/../jni/src/claw/graphics/surface/SurfaceHW.cpp:883: Surface  xy: 4, uv: 4, tri: 2
04-20 13:45:29.161  9067  9289 I Claw    : [0m[      20.121] [30;1mjni/../jni/src/claw/graphics/surface/SurfaceHW.cpp:883: Surface  xy: 4, uv: 4, tri: 2
04-20 13:45:29.161  9067  9289 I Claw    : [0m[      20.122] [30;1mjni/../jni/src/claw/graphics/surface/SurfaceHW.cpp:883: Surface  xy: 11, uv: 15, tri: 9
04-20 13:45:29.171  9067  9289 I Claw    : [0m[      20.123] [30;1mjni/../jni/src/claw/graphics/surface/SurfaceHW.cpp:883: Surface  xy: 20, uv: 28, tri: 18
04-20 13:45:29.171  9067  9289 I Claw    : [0m[      20.124] [30;1mjni/../jni/src/claw/graphics/surface/SurfaceHW.cpp:883: Surface  xy: 8, uv: 10, tri: 6
04-20 13:45:29.171  9067  9289 I Claw    : [0m[      20.125] [30;1mjni/../jni/src/claw/graphics/surface/SurfaceHW.cpp:883: Surface  xy: 19, uv: 27, tri: 17
04-20 13:45:29.171  9067  9289 I Claw    : [0m[      20.125] [30;1mjni/../jni/src/claw/graphics/surface/SurfaceHW.cpp:883: Surface  xy: 24, uv: 34, tri: 22
04-20 13:45:29.171  9067  9289 I Claw    : [0m[      20.126] [30;1mjni/../jni/src/claw/graphics/surface/SurfaceHW.cpp:883: Surface  xy: 19, uv: 27, tri: 17
04-20 13:45:29.171  9067  9289 I Claw    : [0m[      20.127] [30;1mjni/../jni/src/claw/graphics/surface/SurfaceHW.cpp:883: Surface  xy: 24, uv: 34, tri: 22
04-20 13:45:29.171  9067  9289 I Claw    : [0m[      20.128] [30;1mjni/../jni/src/claw/graphics/surface/SurfaceHW.cpp:883: Surface  xy: 19, uv: 27, tri: 17
04-20 13:45:29.171  9067  9289 I Claw    : [0m[      20.128] [30;1mjni/../jni/src/claw/graphics/surface/SurfaceHW.cpp:883: Surface  xy: 8, uv: 10, tri: 6
04-20 13:45:29.171  9067  9289 I Claw    : [0m[      20.129] [30;1mjni/../jni/src/claw/graphics/surface/SurfaceHW.cpp:883: Surface  xy: 22, uv: 32, tri: 20
04-20 13:45:29.171  9067  9289 I Claw    : [0m[       20.13] [30;1mjni/../jni/src/claw/graphics/surface/SurfaceHW.cpp:883: Surface  xy: 19, uv: 27, tri: 17
04-20 13:45:29.171  9067  9289 I Claw    : [0m[      20.131] [30;1mjni/../jni/src/claw/graphics/surface/SurfaceHW.cpp:883: Surface  xy: 4, uv: 4, tri: 2
04-20 13:45:29.171  9067  9289 I Claw    : [0m[      20.131] [30;1mjni/../jni/src/claw/graphics/surface/SurfaceHW.cpp:883: Surface  xy: 8, uv: 10, tri: 6
04-20 13:45:29.171  9067  9289 I Claw    : [0m[      20.132] [30;1mjni/../jni/src/claw/graphics/surface/SurfaceHW.cpp:883: Surface  xy: 24, uv: 34, tri: 22
04-20 13:45:29.181  9067  9289 I Claw    : [0m[      20.133] [30;1mjni/../jni/src/claw/graphics/surface/SurfaceHW.cpp:883: Surface  xy: 8, uv: 10, tri: 6
04-20 13:45:29.181  9067  9289 I Claw    : [0m[      20.134] [30;1mjni/../jni/src/claw/graphics/surface/SurfaceHW.cpp:883: Surface  xy: 28, uv: 40, tri: 26
04-20 13:45:29.181  9067  9505 I Claw    : [0m[      20.134] [30;1mjni/../jni/src/claw/vfs/NativeMount.cpp:244: Aquire java class for JNI method: com/Claw/Android/NativeMount
04-20 13:45:29.181  9067  9505 I Claw    : [0m[      20.134] [30;1mjni/../jni/src/claw/vfs/NativeMount.cpp:244: JNI class acquired, acquire java method: GetFreeDiskSpace with args: (Ljava/lang/String;)J
04-20 13:45:29.181  9067  9289 I Claw    : [0m[      20.134] [30;1mjni/../jni/src/claw/graphics/surface/SurfaceHW.cpp:883: Surface  xy: 8, uv: 10, tri: 6
04-20 13:45:29.181  9067  9289 I Claw    : [0m[      20.135] [30;1mjni/../jni/src/claw/graphics/surface/SurfaceHW.cpp:883: Surface  xy: 4, uv: 4, tri: 2
04-20 13:45:29.181  9067  9289 I Claw    : [0m[      20.135] [30;1mjni/../jni/src/claw/graphics/surface/SurfaceHW.cpp:883: Surface  xy: 8, uv: 10, tri: 6
04-20 13:45:29.181  9067  9289 I Claw    : [0m[      20.135] [30;1mjni/../jni/src/claw/graphics/surface/SurfaceHW.cpp:883: Surface  xy: 4, uv: 4, tri: 2
04-20 13:45:29.181  9067  9289 I Claw    : [0m[      20.136] [30;1mjni/../jni/src/claw/graphics/surface/SurfaceHW.cpp:883: Surface  xy: 4, uv: 4, tri: 2
04-20 13:45:29.181  9067  9289 I Claw    : [0m[      20.136] [30;1mjni/../jni/src/claw/graphics/surface/SurfaceHW.cpp:883: Surface  xy: 4, uv: 4, tri: 2
04-20 13:45:29.181  9067  9289 I Claw    : [0m[      20.136] [30;1mjni/../jni/src/claw/graphics/surface/SurfaceHW.cpp:883: Surface  xy: 4, uv: 4, tri: 2
04-20 13:45:29.181  9067  9289 I Claw    : [0m[      20.136] [30;1mjni/../jni/src/claw/graphics/surface/SurfaceHW.cpp:883: Surface  xy: 8, uv: 10, tri: 6
04-20 13:45:29.181  9067  9505 I Claw    : [0m[      20.137] [30;1mjni/../jni/src/claw/vfs/NativeMount.cpp:244: Aquire java class for JNI method: com/Claw/Android/NativeMount
04-20 13:45:29.181  9067  9289 I Claw    : [0m[      20.137] [30;1mjni/../jni/src/claw/graphics/surface/SurfaceHW.cpp:883: Surface  xy: 16, uv: 22, tri: 14
04-20 13:45:29.181  9067  9505 I Claw    : [0m[      20.137] [30;1mjni/../jni/src/claw/vfs/NativeMount.cpp:244: JNI class acquired, acquire java method: GetFreeDiskSpace with args: (Ljava/lang/String;)J
04-20 13:45:29.181  9067  9289 I Claw    : [0m[      20.138] [30;1mjni/../jni/src/claw/graphics/surface/SurfaceHW.cpp:883: Surface  xy: 16, uv: 22, tri: 14
04-20 13:45:29.181  9067  9289 I Claw    : [0m[      20.138] [30;1mjni/../jni/src/claw/graphics/surface/SurfaceHW.cpp:883: Sur