04-20 13:45:21.881  9067  9392 I Claw    : [0m[      12.841] [30;1mjni/../jni/src/claw/network/HttpRequest.cpp:279: Content length: 47
04-20 13:45:21.881  9067  9392 I Claw    : [0m[      12.842] [30;1mjni/../jni/src/claw/vfs/android/AndroidSaveFile.cpp:82: Open new save assetcache/welcome_bg_1_etc2.pak
04-20 13:45:21.891  9067  9392 I Claw    : [0m[      12.844] [30;1mjni/../jni/src/claw/vfs/android/AndroidSaveFile.cpp:82: Open new save assetcache/welcome_bg_1_etc2.pak.meta
04-20 13:45:21.891  9067  9392 I Claw    : [0m[      12.848] [30;1mjni/../jni/src/claw/vfs/NativeMount.cpp:244: Aquire java class for JNI method: com/Claw/Android/NativeMount
04-20 13:45:21.891  9067  9392 I Claw    : [0m[      12.848] [30;1mjni/../jni/src/claw/vfs/NativeMount.cpp:244: JNI class acquired, acquire java method: GetFreeDiskSpace with args: (Ljava/lang/String;)J
04-20 13:45:21.891  9067  9392 I Claw    : [0m[       12.85] [30;1mjni/../jni/src/claw/vfs/NativeMount.cpp:244: Aquire java class for JNI method: com/Claw/Android/NativeMount
04-20 13:45:21.891  9067  9392 I Claw    : [0m[       12.85] [30;1mjni/../jni/src/claw/vfs/NativeMount.cpp:244: JNI class acquired, acquire java method: GetFreeDiskSpace with args: (Ljava/lang/String;)J
04-20 13:45:21.891  9067  9392 I Claw    : [0m[      12.852] [30;1mjni/../jni/src/claw/vfs/NativeMount.cpp:244: Aquire java class for JNI method: com/Claw/Android/NativeMount
04-20 13:45:21.901  9067  9392 I Claw    : [0m[      12.853] [30;1mjni/../jni/src/claw/vfs/NativeMount.cpp:244: JNI class acquired, acquire java method: GetFreeDiskSpace with args: (Ljava/lang/String;)J
04-20 13:45:21.901  9067  9392 I Claw    : [0m[      12.855] [30;1mjni/../jni/src/claw/vfs/NativeMount.cpp:244: Aquire java class for JNI method: com/Claw/Android/NativeMount
04-20 13:45:21.901  9067  9392 I Claw    : [0m[      12.855] [30;1mjni/../jni/src/claw/vfs/NativeMount.cpp:244: JNI class acquired, acquire java method: GetFreeDiskSpace with args: (Ljava/lang/String;)J
04-20 13:45:21.901  2218  2767 D EnterpriseController: netId is 0
04-20 13:45:21.901  2218  2767 D Netd    : getNetworkForDns: using netid 502 for uid 10667
04-20 13:45:21.901  9067  9392 I Claw    : [0m[      12.858] [30;1mjni/../jni/src/claw/network/HttpRequest.cpp:97: cdn-hs-dev.hgonline.net resolved to ::ffff:2.20.189.185
04-20 13:45:21.901  9067  9392 I Claw    : [0m[      12.859] [30;1mjni/../jni/src/claw/network/HttpRequest.cpp:97: cdn-hs-dev.hgonline.net resolved to ::ffff:2.20.189.122
04-20 13:45:21.901  9067  9392 I Claw    : [0m[      12.859] [30;1mjni/../jni/src/claw/network/unix/UnixStreamSocket.cpp:93: Connecting to ::ffff:2.20.189.185
04-20 13:45:21.961  9067  9392 I Claw    : [0m[      12.918] [30;1mjni/../jni/src/claw/network/HttpRequest.cpp:279: Content length: 335302
04-20 13:45:21.971  9067  9392 I Claw    : [0m[      12.929] [30;1mjni/../jni/src/claw/vfs/NativeMount.cpp:244: Aquire java class for JNI method: com/Claw/Android/NativeMount
04-20 13:45:21.971  9067  9392 I Claw    : [0m[       12.93] [30;1mjni/../jni/src/claw/vfs/NativeMount.cpp:244: JNI class acquired, acquire java method: GetFreeDiskSpace with args: (Ljava/lang/String;)J
04-20 13:45:21.981  9067  9392 I Claw    : [0m[      12.933] [30;1mjni/../jni/src/claw/vfs/NativeMount.cpp:244: Aquire java class for JNI method: com/Claw/Android/NativeMount
04-20 13:45:21.981  9067  9392 I Claw    : [0m[      12.934] [30;1mjni/../jni/src/claw/vfs/NativeMount.cpp:244: JNI class acquired, acquire java method: GetFreeDiskSpace with args: (Ljava/lang/String;)J
04-20 13:45:22.001  9067  9392 I Claw    : [0m[      12.954] [30;1mjni/../jni/src/claw/vfs/NativeMount.cpp:244: Aquire java class for JNI method: com/Claw/Android/NativeMount
04-20 13:45:22.001  9067  9392 I Claw    : [0m[      12.955] [30;1mjni/../jni/src/claw/vfs/NativeMount.cpp:244: JNI class acquired, acquire java method: GetFreeDiskSpace with args: (Ljava/lang/String;)J
04-20 13:45:22.001  9067  9392 I Claw    : [0m[      12.962] [30;1mjni/../jni/src/claw/vfs/NativeMount.cpp:244: Aquire java class for JNI method: com/Claw/Android/NativeMount
04-20 13:45:22.011  9067  9392 I Claw    : [0m[      12.963] [30;1mjni/../jni/src/claw/vfs/NativeMount.cpp:244: JNI class acquired, acquire java method: GetFreeDiskSpace with args: (Ljava/lang/String;)J
04-20 13:45:22.011  9067  9392 I Claw    : [0m[      12.968] [30;1mjni/../jni/src/claw/vfs/NativeMount.cpp:244: Aquire java class for JNI method: com/Claw/Android/NativeMount
04-20 13:45:22.011  9067  9392 I Claw    : [0m[      12.969] [30;1mjni/../jni/src/claw/vfs/NativeMount.cpp:244: JNI class acquired, acquire java method: GetFreeDiskSpace with args: (Ljava/lang/String;)J
04-20 13:45:22.021  9067  9392 I Claw    : [0m[      12.977] [30;1mjni/../jni/src/claw/vfs/NativeMount.cpp:244: Aquire java class for JNI method: com/Claw/Android/NativeMount
04-20 13:45:22.021  9067  9392 I Claw    : [0m[      12.977] [30;1mjni/../jni/src/claw/vfs/NativeMount.cpp:244: JNI class acquired, acquire java method: GetFreeDiskSpace with args: (Ljava/lang/String;)J
04-20 13:45:22.021  9067  9392 I Claw    : [0m[      12.981] [30;1mjni/../jni/src/claw/vfs/NativeMount.cpp:244: Aquire java class for JNI method: com/Claw/Android/NativeMount
04-20 13:45:22.021  9067  9392 I Claw    : [0m[      12.982] [30;1mjni/../jni/src/claw/vfs/NativeMount.cpp:244: JNI class acquired, acquire java method: GetFreeDiskSpace with args: (Ljava/lang/String;)J
04-20 13:45:22.031  9067  9392 I Claw    : [0m[      12.985] [30;1mjni/../jni/src/claw/vfs/NativeMount.cpp:244: Aquire java class for JNI method: com/Claw/Android/NativeMount
04-20 13:45:22.031  9067  9392 I Claw    : [0m[      12.985] [30;1mjni/../jni/src/claw/vfs/NativeMount.cpp:244: JNI class acquired, acquire java method: GetFreeDiskSpace with args: (Ljava/lang/String;)J
04-20 13:45:22.031  9067  9392 I Claw    : [0m[      12.989] [30;1mjni/../jni/src/claw/vfs/NativeMount.cpp:244: Aquire java class for JNI method: com/Claw/Android/NativeMount
04-20 13:45:22.031  9067  9392 I Claw    : [0m[      12.989] [30;1mjni/../jni/src/claw/vfs/NativeMount.cpp:244: JNI class acquired, acquire java method: GetFreeDiskSpace with args: (Ljava/lang/String;)J
04-20 13:45:22.041  9067  9392 I Claw    : [0m[      12.998] [30;1mjni/../jni/src/claw/vfs/NativeMount.cpp:244: Aquire java class for JNI method: com/Claw/Android/NativeMount
04-20 13:45:22.041  9067  9392 I Claw    : [0m[      12.998] [30;1mjni/../jni/src/claw/vfs/NativeMount.cpp:244: JNI class acquired, acquire java method: GetFreeDiskSpace with args: (Ljava/lang/String;)J
04-20 13:45:22.041  9067  9392 I Claw    : [0m[      13.001] [30;1mjni/../jni/src/claw/vfs/NativeMount.cpp:244: Aquire java class for JNI method: com/Claw/Android/NativeMount
04-20 13:45:22.041  9067  9392 I Claw    : [0m[      13.001] [30;1mjni/../jni/src/claw/vfs/NativeMount.cpp:244: JNI class acquired, acquire java method: GetFreeDiskSpace with args: (Ljava/lang/String;)J
04-20 13:45:22.051  9067  9392 I Claw    : [0m[      13.008] [30;1mjni/../jni/src/claw/vfs/NativeMount.cpp:244: Aquire java class for JNI method: com/Claw/Android/NativeMount
04-20 13:45:22.051  9067  9392 I Claw    : [0m[      13.008] [30;1mjni/../jni/src/claw/vfs/NativeMount.cpp:244: JNI class acquired, acquire java method: GetFreeDiskSpace with args: (Ljava/lang/String;)J
04-20 13:45:22.051  9067  9392 I Claw    : [0m[      13.011] [30;1mjni/../jni/src/claw/vfs/NativeMount.cpp:244: Aquire java class for JNI method: com/Claw/Android/NativeMount
04-20 13:45:22.051  9067  9392 I Claw    : [0m[      13.011] [30;1mjni/../jni/src/claw/vfs/NativeMount.cpp:244: JNI class acquired, acquire java method: GetFreeDiskSpace with args: (Ljava/lang/String;)J
04-20 13:45:22.081  9067  9392 I Claw    : [0m[      13.035] [30;1mjni/../jni/src/claw/vfs/NativeMount.cpp:244: Aquire java class for JNI method: com/Claw/Android/NativeMount
04-20 13:45:22.081  9067  9392 I Claw    : [0m[      13.035] [30;1mjni/../jni/src/claw/vfs/NativeMount.cpp:244: JNI class acquired, acquire java method: GetFreeDiskSpace with args: (Ljava/lang/String;)J
04-20 13:45:22.081  9067  9392 I Claw    : [0m[      13.038] [30;1mjni/../jni/src/claw/vfs/NativeMount.cpp:244: Aquire java class for JNI method: com/Claw/Android/NativeMount
04-20 13:45:22.081  9067  9392 I Claw    : [0m[      13.038] [30;1mjni/../jni/src/claw/vfs/NativeMount.cpp:244: JNI class acquired, acquire java method: GetFreeDiskSpace with args: (Ljava/lang/String;)J
04-20 13:45:22.081  9067  9392 I Claw    : [0m[       13.04] [30;1mjni/../jni/src/claw/vfs/NativeMount.cpp:244: Aquire java class for JNI method: com/Claw/Android/NativeMount
04-20 13:45:22.081  9067  9392 I Claw    : [0m[       13.04] [30;1mjni/../jni/src/claw/vfs/NativeMount.cpp:244: JNI class acquired, acquire java method: GetFreeDiskSpace with args: (Ljava/lang/String;)J
04-20 13:45:22.091  9067  9392 I Claw    : [0m[      13.043] [30;1mjni/../jni/src/claw/vfs/NativeMount.cpp:244: Aquire java class for JNI method: com/Claw/Android/NativeMount
04-20 13:45:22.091  9067  9392 I Claw    : [0m[      13.043] [30;1mjni/../jni/src/claw/vfs/NativeMount.cpp:244: JNI class acquired, acquire java method: GetFreeDiskSpace with args: (Ljava/lang/String;)J
04-20 13:45:22.091  9067  9392 I Claw    : [0m[      13.051] [30;1mjni/../jni/src/claw/vfs/NativeMount.cpp:244: Aquire java class for JNI method: com/Claw/Android/NativeMount
04-20 13:45:22.091  9067  9392 I Claw    : [0m[      13.051] [30;1mjni/../jni/src/claw/vfs/NativeMount.cpp:244: JNI class acquired, acquire java method: GetFreeDiskSpace with args: (Ljava/lang/String;)J
04-20 13:45:22.091  9067  9326 I Claw    : [0m[      13.052] /home/jenkins/workspace/huuuge-stars/client-dev/hs-android/contrib/huuugeanalyticssdk/cpp/src/huuuge/analytics/HAHttp-android.cpp:80: Huuuge::analytics::HTTPAndroid::InvokeHttps 1nsjtnbmgl.execute-api.us-east-1.amazonaws.com public/dashboard-events
04-20 13:45:22.101  9067  9392 I Claw    : [0m[      13.053] [30;1mjni/../jni/src/claw/vfs/NativeMount.cpp:244: Aquire java class for JNI method: com/Claw/Android/NativeMount
04-20 13:45:22.101  9067  9392 I Claw    : [0m[      13.054] [30;1mjni/../jni/src/claw/vfs/NativeMount.cpp:244: JNI class acquired, acquire java method: GetFreeDiskSpace with args: (Ljava/lang/String;)J
04-20 13:45:22.101  9067  9326 I Claw    : [0m[      13.054] /home/jenkins/workspace/huuuge-stars/client-dev/hs-android/contrib/huuugeanalyticssdk/cpp/src/huuuge/analytics/HAHttp-android.cpp:100: Huuuge::analytics::HTTPAndroid::InvokeHttps convert post payload 6538
04-20 13:45:22.101  9067  9326 I Claw    : [0m[      13.054] ../../../../../../../../contrib/huuugeanalyticssdk/cpp/contrib/jni/JniAttach.hpp:147: Aquire java class for JNI method: com/huuuge/analytics/HA
04-20 13:45:22.101  9067  9326 I Claw    : [0m[      13.054] ../../../../../../../../contrib/huuugeanalyticssdk/cpp/contrib/jni/JniAttach.hpp:147: JNI class acquired, acquire java method: doHttpsRequest with args: (Ljava/lang/String;Ljava/lang/String;Ljava/lang/String;[Ljava/lang/String;[Ljava/lang/String;[B)[Ljava/lang/String;
04-20 13:45:22.101  9067  9326 I Claw    : [0m[      13.054] ../../../../../../../../contrib/huuugeanalyticssdk/cpp/contrib/jni/JniAttach.hpp:148: JNI method acquired, try to call.
04-20 13:45:22.101  9067  9395 I System.out: (HTTPLog)-Static: isSBSettingEnabled false
04-20 13:45:22.101  9067  9395 I System.out: (HTTPLog)-Static: isSBSettingEnabled false
04-20 13:45:22.101  9067  9392 I Claw    : [0m[      13.059] [30;1mjni/../jni/src/claw/vfs/NativeMount.cpp:244: Aquire java class for JNI method: com/Claw/Android/NativeMount
04-20 13:45:22.101  9067  9392 I Claw    : [0m[      13.059] [30;1mjni/../jni/src/claw/vfs/NativeMount.cpp:244: JNI class acquired, acquire java method: GetFreeDiskSpace with args: (Ljava/lang/String;)J
04-20 13:45:22.101  9067  9392 I Claw    : [0m[      13.062] [30;1mjni/../jni/src/claw/vfs/NativeMount.cpp:244: Aquire java class for JNI method: com/Claw/Android/NativeMount
04-20 13:45:22.101  9067  9392 I Claw    : [0m[      13.062] [30;1mjni/../jni/src/claw/vfs/NativeMount.cpp:244: JNI class acquired, acquire java method: GetFreeDiskSpace with args: (Ljava/lang/String;)J
04-20 13:45:22.111  9067  9392 I Claw    : [0m[      13.063] [30;1mjni/../jni/src/claw/vfs/android/AndroidSaveFile.cpp:82: Open new save assetcache/welcome_bg_1_etc2.pak.meta
04-20 13:45:22.111  9067  9392 I Claw    : [0m[      13.065] [30;1mjni/../jni/src/claw/vfs/NativeMount.cpp:244: Aquire java class for JNI method: com/Claw/Android/NativeMount
04-20 13:45:22.111  9067  9392 I Claw    : [0m[      13.065] [30;1mjni/../jni/src/claw/vfs/NativeMount.cpp:244: JNI class acquired, acquire java method: GetFreeDiskSpace with args: (Ljava/lang/String;)J
04-20 13:45:22.111  9067  9392 I Claw    : [0m[      13.066] [30;1mjni/../jni/src/claw/vfs/NativeMount.cpp:244: Aquire java class for JNI method: com/Claw/Android/NativeMount
04-20 13:45:22.111  9067  9392 I Claw    : [0m[      13.067] [30;1mjni/../jni/src/claw/vfs/NativeMount.cpp:244: JNI class acquired, acquire java method: GetFreeDiskSpace with args: (Ljava/lang/String;)J
04-20 13:45:22.111  9067  9392 I Claw    : [0m[      13.068] [30;1mjni/../jni/src/claw/vfs/NativeMount.cpp:244: Aquire java class for JNI method: com/Claw/Android/NativeMount
04-20 13:45:22.111  9067  9392 I Claw    : [0m[      13.068] [30;1mjni/../jni/src/claw/vfs/NativeMount.cpp:244: JNI class acquired, acquire java method: GetFreeDiskSpace with args: (Ljava/lang/String;)J
04-20 13:45:22.111  9067  9392 I Claw    : [0m[      13.069] [30;1mjni/../jni/src/claw/vfs/NativeMount.cpp:244: Aquire java class for JNI method: com/Claw/Android/NativeMount
04-20 13:45:22.111  9067  9392 I Claw    : [0m[       13.07] [30;1mjni/../jni/src/claw/vfs/NativeMount.cpp:244: JNI class acquired, acquire java method: GetFreeDiskSpace with args: (Ljava/lang/String;)J
04-20 13:45:22.111  9067  9392 I Claw    : [0m[      13.071] [30;1mjni/../jni/src/claw/vfs/android/AndroidSaveFile.cpp:82: Open new save assetcache/welcome_bg_1_etc2.pak.meta
04-20 13:45:22.111  9067  9392 I Claw    : [0m[      13.072] [30;1mjni/../jni/src/claw/vfs/NativeMount.cpp:244: Aquire java class for JNI method: com/Claw/Android/NativeMount
04-20 13:45:22.111  9067  9392 I Claw    : [0m[      13.072] [30;1mjni/../jni/src/claw/vfs/NativeMount.cpp:244: JNI class acquired, acquire java method: GetFreeDiskSpace with args: (Ljava/lang/String;)J
04-20 13:45:22.121  9067  9392 I Claw    : [0m[      13.074] [30;1mjni/../jni/src/claw/vfs/NativeMount.cpp:244: Aquire java class for JNI method: com/Claw/Android/NativeMount
04-20 13:45:22.121  9067  9392 I Claw    : [0m[      13.074] [30;1mjni/../jni/src/claw/vfs/NativeMount.cpp:244: JNI class acquired, acquire java method: GetFreeDiskSpace with args: (Ljava/lang/String;)J
04-20 13:45:22.121  9067  9392 I Claw    : [0m[      13.076] [30;1mjni/../jni/src/claw/vfs/NativeMount.cpp:244: Aquire java class for JNI method: com/Claw/Android/NativeMount
04-20 13:45:22.121  9067  9392 I Claw    : [0m[      13.076] [30;1mjni/../jni/src/claw/vfs/NativeMount.cpp:244: JNI class acquired, acquire java method: GetFreeDiskSpace with args: (Ljava/lang/String;)J
04-20 13:45:22.121  9067  9392 I Claw    : [0m[      13.077] [30;1mjni/../jni/src/claw/vfs/NativeMount.cpp:244: Aquire java class for JNI method: com/Claw/Android/NativeMount
04-20 13:45:22.121  9067  9392 I Claw    : [0m[      13.078] [30;1mjni/../jni/src/claw/vfs/NativeMount.cpp:244: JNI class acquired, acquire java method: GetFreeDiskSpace with args: (Ljava/lang/String;)J
04-20 13:45:22.121  9067  9392 I Claw    : [0m[      13.078] [30;1mjni/../jni/src/claw/vfs/android/AndroidSaveFile.cpp:82: Open new save assetcache/welcome_bg_1_etc2.pak.meta
04-20 13:45:22.121  9067  9392 I Claw    : [0m[       13.08] [30;1mjni/../jni/src/claw/vfs/NativeMount.cpp:244: Aquire java class for JNI method: com/Claw/Android/NativeMount
04-20 13:45:22.121  9067  9392 I Claw    : [0m[       13.08] [30;1mjni/../jni/src/claw/vfs/NativeMount.cpp:244: JNI class acquired, acquire java method: GetFreeDiskSpace with args: (Ljava/lang/String;)J
04-20 13:45:22.121  9067  9392 I Claw    : [0m[      13.082] [30;1mjni/../jni/src/claw/vfs/NativeMount.cpp:244: Aquire java class for JNI method: com/Claw/Android/NativeMount
04-20 13:45:22.121  9067  9392 I Claw    : [0m[      13.082] [30;1mjni/../jni/src/claw/vfs/NativeMount.cpp:244: JNI class acquired, acquire java method: GetFreeDiskSpace with args: (Ljava/lang/String;)J
04-20 13:45:22.131  9067  9392 W libc    : It seems that pthread_join() is not invoked or PTHREAD_ATTR_FLAG_DETACHED is not set.
04-20 13:45:22.131  9067  9392 W libc    :     pthread tid          : 9392
04-20 13:45:22.131  9067  9392 W libc    :     pthread start_routine: 0xded902a8
04-20 13:45:22.221  9067  9377 I Claw    : [0m[      13.175] [30;1mjni/../jni/src/claw/vfs/android/AndroidSaveFile.cpp:42: Open existing save assetcache/welcome_bg_1_etc2.pak
04-20 13:45:22.221  9067  9377 I Claw    : [0m[      13.175] [30;1mjni/../jni/src/claw/vfs/Vfs.cpp:172: Opened file: /assetcache/welcome_bg_1_etc2.pak
04-20 13:45:22.221  9067  9377 I Claw    : [0m[      13.176] /home/jenkins/workspace/huuuge-stars/client-dev/hs-android/src/casino/DownloadManager.cpp:500: Mounting pak: welcome_bg_1_etc2.pak
04-20 13:45:22.221  9067  9377 I Claw    : [0m[      13.177] [30;1mjni/../jni/src/claw/vfs/Vfs.cpp:97: Added new mount at /
04-20 13:45:22.221  9067  9377 I Claw    : [0m[      13.177] [30;1mjni/../jni/src/claw/vfs/android/AndroidSaveFile.cpp:42: Open existing save assetcache/welcome_bg_2_etc2.pak.meta
04-20 13:45:22.221  9067  9377 I Claw    : [0m[      13.177] [30;1mjni/../jni/src/claw/vfs/Vfs.cpp:168: Cannot open file: /assetcache/welcome_bg_2_etc2.pak.meta
04-20 13:45:22.221  9067  9377 I Claw    : [0m[      13.177] /home/jenkins/workspace/huuuge-stars/client-dev/hs-android/src/casino/ServerList.cpp:53: Server list returning http://cdn-hs-dev.hgonline.net/339/, 1/14
04-20 13:45:22.221  9067  9377 I Claw    : [0m[      13.178] [30;1mjni/../jni/src/claw/vfs/android/AndroidSaveFile.cpp:42: Open existing save assetcache/welcome_bg_2_etc2.pak.meta
04-20 13:45:22.221  9067  9377 I Claw    : [0m[      13.178] [30;1mjni/../jni/src/claw/vfs/Vfs.cpp:168: Cannot open file: /assetcache/welcome_bg_2_etc2.pak.meta
04-20 13:45:22.221  9067  9377 I Claw    : [0m[      13.178] /home/jenkins/workspace/huuuge-stars/client-dev/hs-android/src/casino/DefaultDownloadManager.cpp:415: Downloading pak welcome_bg_2_etc2.pak from http://cdn-hs-dev.hgonline.net/339/
04-20 13:45:22.221  9067  9329 I Claw    : [0m[       13.18] ../../../../../../../../contrib/huuugeanalyticssdk/cpp/contrib/jni/JniAttach.hpp:185: Aquire java class for JNI method: com/huuuge/analytics/HA
04-20 13:45:22.221  9067  9329 I Claw    : [0m[       13.18] ../../../../../../../../contrib/huuugeanalyticssdk/cpp/contrib/jni/JniAttach.hpp:185: JNI class acquired, acquire java method: connectionStatus with args: ()I
04-20 13:45:22.221  2218  2767 D EnterpriseController: netId is 0
04-20 13:45:22.221  9067  9329 I Claw    : [0m[       13.18] ../../../../../../../../contrib/huuugeanalyticssdk/cpp/contrib/jni/JniAttach.hpp:186: JNI method acquired, try to call.
04-20 13:45:22.221  2218  2767 D Netd    : getNetworkForDns: using netid 502 for uid 10667
04-20 13:45:22.221  9067  9404 I Claw    : [0m[      13.181] [30;1mjni/../jni/src/claw/network/HttpRequest.cpp:97: cdn-hs-dev.hgonline.net resolved to ::ffff:2.20.189.185
04-20 13:45:22.221  9067  9404 I Claw    : [0m[      13.181] [30;1mjni/../jni/src/claw/network/HttpRequest.cpp:97: cdn-hs-dev.hgonline.net resolved to ::ffff:2.20.189.122
04-20 13:45:22.221  9067  9404 I Claw    : [0m[      13.181] [30;1mjni/../jni/src/claw/network/unix/UnixStreamSocket.cpp:93: Connecting to ::ffff:2.20.189.185
04-20 13:45:22.231  9067  9329 I Claw    : [0m[      13.183] ../../../../../../../../contrib/huuugeanalyticssdk/cpp/contrib/jni/JniAttach.hpp:189: JNI method called.
04-20 13:45:22.321  9067  9404 I Claw    : [0m[      13.281] [30;1mjni/../jni/src/claw/network/HttpRequest.cpp:279: Content length: 47
04-20 13:45:22.321  9067  9404 I Claw    : [0m[      13.282] [30;1mjni/../jni/src/claw/vfs/android/AndroidSaveFile.cpp:82: Open new save assetcache/welcome_bg_2_etc2.pak
04-20 13:45:22.331  9067  9404 I Claw    : [0m[      13.283] [30;1mjni/../jni/src/claw/vfs/android/AndroidSaveFile.cpp:82: Open new save assetcache/welcome_bg_2_etc2.pak.meta
04-20 13:45:22.331  9067  9404 I Claw    : [0m[      13.286] [30;1mjni/../jni/src/claw/vfs/NativeMount.cpp:244: Aquire java class for JNI method: com/Claw/Android/NativeMount
04-20 13:45:22.331  9067  9404 I Claw    : [0m[      13.286] [30;1mjni/../jni/src/claw/vfs/NativeMount.cpp:244: JNI class acquired, acquire java method: GetFreeDiskSpace with args: (Ljava/lang/String;)J
04-20 13:45:22.331  9067  9404 I Claw    : [0m[      13.289] [30;1mjni/../jni/src/claw/vfs/NativeMount.cpp:244: Aquire java class for JNI method: com/Claw/Android/NativeMount
04-20 13:45:22.331  9067  9404 I Claw    : [0m[      13.289] [30;1mjni/../jni/src/claw/vfs/NativeMount.cpp:244: JNI class acquired, acquire java method: GetFreeDiskSpace with args: (Ljava/lang/String;)J
04-20 13:45:22.331  9067  9404 I Claw    : [0m[      13.291] [30;1mjni/../jni/src/claw/vfs/NativeMount.cpp:244: Aquire java class for JNI method: com/Claw/Android/NativeMount
04-20 13:45:22.331  9067  9404 I Claw    : [0m[      13.291] [30;1mjni/../jni/src/claw/vfs/NativeMount.cpp:244: JNI class acquired, acquire java method: GetFreeDiskSpace with args: (Ljava/lang/String;)J
04-20 13:45:22.341  9067  9404 I Claw    : [0m[      13.294] [30;1mjni/../jni/src/claw/vfs/NativeMount.cpp:244: Aquire java class for JNI method: com/Claw/Android/NativeMount
04-20 13:45:22.341  9067  9404 I Claw    : [0m[      13.294] [30;1mjni/../jni/src/claw/vfs/NativeMount.cpp:244: JNI class acquired, acquire java method: GetFreeDiskSpace with args: (Ljava/lang/String;)J
04-20 13:45:22.341  2218  2767 D EnterpriseController: netId is 0
04-20 13:45:22.341  2218  2767 D Netd    : getNetworkForDns: using netid 502 for uid 10667
04-20 13:45:22.341  9067  9404 I Claw    : [0m[      13.296] [30;1mjni/../jni/src/claw/network/HttpRequest.cpp:97: cdn-hs-dev.hgonline.net resolved to ::ffff:2.20.189.185
04-20 13:45:22.341  9067  9404 I Claw    : [0m[      13.297] [30;1mjni/../jni/src/claw/network/HttpRequest.cpp:97: cdn-hs-dev.hgonline.net resolved to ::ffff:2.20.189.122
04-20 13:45:22.341  9067  9404 I Claw    : [0m[      13.297] [30;1mjni/../jni/src/claw/network/unix/UnixStreamSocket.cpp:93: Connecting to ::ffff:2.20.189.185
04-20 13:45:22.401  9067  9404 I Claw    : [0m[      13.357] [30;1mjni/../jni/src/claw/network/HttpRequest.cpp:279: Content length: 130500
04-20 13:45:22.401  9067  9404 I Claw    : [0m[      13.361] [30;1mjni/../jni/src/claw/vfs/NativeMount.cpp:244: Aquire java class for JNI method: com/Claw/Android/NativeMount
04-20 13:45:22.401  9067  9404 I Claw    : [0m[      13.361] [30;1mjni/../jni/src/claw/vfs/NativeMount.cpp:244: JNI class acquired, acquire java method: GetFreeDiskSpace with args: (Ljava/lang/String;)J
04-20 13:45:22.411  9067  9404 I Claw    : [0m[      13.372] [30;1mjni/../jni/src/claw/vfs/NativeMount.cpp:244: Aquire java class for JNI method: com/Claw/Android/NativeMount
04-20 13:45:22.411  9067  9404 I Claw    : [0m[      13.372] [30;1mjni/../jni/src/claw/vfs/NativeMount.cpp:244: JNI class acquired, acquire java method: GetFreeDiskSpace with args: (Ljava/lang/String;)J
04-20 13:45:22.431  9067  9404 I Claw    : [0m[      13.389] [30;1mjni/../jni/src/claw/vfs/NativeMount.cpp:244: Aquire java class for JNI method: com/Claw/Android/NativeMount
04-20 13:45:22.431  9067  9404 I Claw    : [0m[       13.39] [30;1mjni/../jni/src/claw/vfs/NativeMount.cpp:244: JNI class acquired, acquire java method: GetFreeDiskSpace with args: (Ljava/lang/String;)J
04-20 13:45:22.451  9067  9404 I Claw    : [0m[      13.404] [30;1mjni/../jni/src/claw/vfs/NativeMount.cpp:244: Aquire java class for JNI method: com/Claw/Android/NativeMount
04-20 13:45:22.451  9067  9404 I Claw    : [0m[      13.405] [30;1mjni/../jni/src/claw/vfs/NativeMount.cpp:244: JNI class acquired, acquire java method: GetFreeDiskSpace with args: (Ljava/lang/String;)J
04-20 13:45:22.451  9067  9404 I Claw    : [0m[      13.412] [30;1mjni/../jni/src/claw/vfs/NativeMount.cpp:244: Aquire java class for JNI method: com/Claw/Android/NativeMount
04-20 13:45:22.451  9067  9404 I Claw    : [0m[      13.412] [30;1mjni/../jni/src/claw/vfs/NativeMount.cpp:244: JNI class acquired, acquire java method: GetFreeDiskSpace with args: (Ljava/lang/String;)J
04-20 13:45:22.471  9067  9404 I Claw    : [0m[      13.423] [30;1mjni/../jni/src/claw/vfs/NativeMount.cpp:244: Aquire java class for JNI method: com/Claw/Android/NativeMount
04-20 13:45:22.471  9067  9404 I Claw    : [0m[      13.423] [30;1mjni/../jni/src/claw/vfs/NativeMount.cpp:244: JNI class acquired, acquire java method: GetFreeDiskSpace with args: (Ljava/lang/String;)J
04-20 13:45:22.471  9067  9404 I Claw    : [0m[      13.427] [30;1mjni/../jni/src/claw/vfs/NativeMount.cpp:244: Aquire java class for JNI method: com/Claw/Android/NativeMount
04-20 13:45:22.471  9067  9404 I Claw    : [0m[      13.427] [30;1mjni/../jni/src/claw/vfs/NativeMount.cpp:244: JNI class acquired, acquire java method: GetFreeDiskSpace with args: (Ljava/lang/String;)J
04-20 13:45:22.471  9067  9404 I Claw    : [0m[      13.431] [30;1mjni/../jni/src/claw/vfs/NativeMount.cpp:244: Aquire java class for JNI method: com/Claw/Android/NativeMount
04-20 13:45:22.471  9067  9404 I Claw    : [0m[      13.431] [30;1mjni/../jni/src/claw/vfs/NativeMount.cpp:244: JNI class acquired, acquire java method: GetFreeDiskSpace with args: (Ljava/lang/String;)J
04-20 13:45:22.481  9067  9404 I Claw    : [0m[      13.433] [30;1mjni/../jni/src/claw/vfs/android/AndroidSaveFile.cpp:82: Open new save assetcache/welcome_bg_2_etc2.pak.meta
04-20 13:45:22.481  9067  9404 I Claw    : [0m[      13.436] [30;1mjni/../jni/src/claw/vfs/NativeMount.cpp:244: Aquire java class for JNI method: com/Claw/Android/NativeMount
04-20 13:45:22.481  9067  9404 I Claw    : [0m[      13.436] [30;1mjni/../jni/src/claw/vfs/NativeMount.cpp:244: JNI class acquired, acquire java method: GetFreeDiskSpace with args: (Ljava/lang/String;)J
04-20 13:45:22.481  9067  9404 I Claw    : [0m[      13.438] [30;1mjni/../jni/src/claw/vfs/NativeMount.cpp:244: Aquire java class for JNI method: com/Claw/Android/NativeMount
04-20 13:45:22.481  9067  9404 I Claw    : [0m[      13.438] [30;1mjni/../jni/src/claw/vfs/NativeMount.cpp:244: JNI class acquired, acquire java method: GetFreeDiskSpace with args: (Ljava/lang/String;)J
04-20 13:45:22.481  9067  9404 I Claw    : [0m[      13.441] [30;1mjni/../jni/src/claw/vfs/NativeMount.cpp:244: Aquire java class for JNI method: com/Claw/Android/NativeMount
04-20 13:45:22.481  9067  9404 I Claw    : [0m[      13.441] [30;1mjni/../jni/src/claw/vfs/NativeMount.cpp:244: JNI class acquired, acquire java method: GetFreeDiskSpace with args: (Ljava/lang/String;)J
04-20 13:45:22.491  9067  9404 I Claw    : [0m[      13.443] [30;1mjni/../jni/src/claw/vfs/NativeMount.cpp:244: Aquire java class for JNI method: com/Claw/Android/NativeMount
04-20 13:45:22.491  9067  9404 I Claw    : [0m[      13.443] [30;1mjni/../jni/src/claw/vfs/NativeMount.cpp:244: JNI class acquired, acquire java method: GetFreeDiskSpace with args: (Ljava/lang/String;)J
04-20 13:45:22.491  9067  9404 I Claw    : [0m[      13.444] [30;1mjni/../jni/src/claw/vfs/android/AndroidSaveFile.cpp:82: Open new save assetcache/welcome_bg_2_etc2.pak.meta
04-20 13:45:22.491  9067  9404 I Claw    : [0m[      13.446] [30;1mjni/../jni/src/claw/vfs/NativeMount.cpp:244: Aquire java class for JNI method: com/Claw/Android/NativeMount
04-20 13:45:22.491  9067  9404 I Claw    : [0m[      13.446] [30;1mjni/../jni/src/claw/vfs/NativeMount.cpp:244: JNI class acquired, acquire java method: GetFreeDiskSpace with args: (Ljava/lang/String;)J
04-20 13:45:22.491  9067  9404 I Claw    : [0m[      13.447] [30;1mjni/../jni/src/claw/vfs/NativeMount.cpp:244: Aquire java class for JNI method: com/Claw/Android/NativeMount
04-20 13:45:22.491  9067  9404 I Claw    : [0m[      13.447] [30;1mjni/../jni/src/claw/vfs/NativeMount.cpp:244: JNI class acquired, acquire java method: GetFreeDiskSpace with args: (Ljava/lang/String;)J
04-20 13:45:22.491  9067  9404 I Claw    : [0m[      13.449] [30;1mjni/../jni/src/claw/vfs/NativeMount.cpp:244: Aquire java class for JNI method: com/Claw/Android/NativeMount
04-20 13:45:22.491  9067  9404 I Claw    : [0m[      13.449] [30;1mjni/../jni/src/claw/vfs/NativeMount.cpp:244: JNI class acquired, acquire java method: GetFreeDiskSpace with args: (Ljava/lang/String;)J
04-20 13:45:22.491  9067  9404 I Claw    : [0m[       13.45] [30;1mjni/../jni/src/claw/vfs/NativeMount.cpp:244: Aquire java class for JNI method: com/Claw/Android/NativeMount
04-20 13:45:22.491  9067  9404 I Claw    : [0m[      13.451] [30;1mjni/../jni/src/claw/vfs/NativeMount.cpp:244: JNI class acquired, acquire java method: GetFreeDiskSpace with args: (Ljava/lang/String;)J
04-20 13:45:22.491  9067  9404 I Claw    : [0m[      13.451] [30;1mjni/../jni/src/claw/vfs/android/AndroidSaveFile.cpp:82: Open new save assetcache/welcome_bg_2_etc2.pak.meta
04-20 13:45:22.501  9067  9404 I Claw    : [0m[      13.453] [30;1mjni/../jni/src/claw/vfs/NativeMount.cpp:244: Aquire java class for JNI method: com/Claw/Android/NativeMount
04-20 13:45:22.501  9067  9404 I Claw    : [0m[      13.453] [30;1mjni/../jni/src/claw/vfs/NativeMount.cpp:244: JNI class acquired, acquire java method: GetFreeDiskSpace with args: (Ljava/lang/String;)J
04-20 13:45:22.501  9067  9404 I Claw    : [0m[      13.454] [30;1mjni/../jni/src/claw/vfs/NativeMount.cpp:244: Aquire java class for JNI method: com/Claw/Android/NativeMount
04-20 13:45:22.501  9067  9404 I Claw    : [0m[      13.455] [30;1mjni/../jni/src/claw/vfs/NativeMount.cpp:244: JNI class acquired, acquire java method: GetFreeDiskSpace with args: (Ljava/lang/String;)J
04-20 13:45:22.501  9067  9404 W libc    : It seems that pthread_join() is not invoked or PTHREAD_ATTR_FLAG_DETACHED is not set.
04-20 13:45:22.501  9067  9404 W libc    :     pthread tid          : 9404
04-20 13:45:22.501  9067  9404 W libc    :     pthread start_routine: 0xded902a8
04-20 13:45:22.601  9067  9326 I Claw    : [0m[      13.554] ../../../../../../../../contrib/huuugeanalyticssdk/cpp/contrib/jni/JniAttach.hpp:151: JNI method called.
04-20 13:45:22.601  9067  9326 I Claw    : [0m[      13.555] /home/jenkins/workspace/huuuge-stars/client-dev/hs-android/contrib/huuugeanalyticssdk/cpp/src/huuuge/analytics/HAHttp-android.cpp:133: Huuuge::analytics::HTTPAndroid::InvokeHttps response code is 200
04-20 13:45:22.601  9067  9326 I Claw    : [0m[      13.555] /home/jenkins/workspace/huuuge-stars/client-dev/hs-android/contrib/huuugeanalyticssdk/cpp/src/huuuge/analytics/HAHttp-android.cpp:134: Huuuge::analytics::HTTPAndroid::InvokeHttps response payload is null
04-20 13:45:22.621  9067  9377 I Claw    : [0m[      13.579] [30;1mjni/../jni/src/claw/vfs/android/AndroidSaveFile.cpp:42: Open existing save assetcache/welcome_bg_2_etc2.pak
04-20 13:45:22.621  9067  9377 I Claw    : [0m[       13.58] [30;1mjni/../jni/src/claw/vfs/Vfs.cpp:172: Opened file: /assetcache/welcome_bg_2_etc2.pak
04-20 13:45:22.621  9067  9377 I Claw    : [0m[      13.581] /home/jenkins/workspace/huuuge-stars/client-dev/hs-android/src/casino/DownloadManager.cpp:500: Mounting pak: welcome_bg_2_etc2.pak
04-20 13:45:22.621  9067  9377 I Claw    : [0m[      13.581] [30;1mjni/../jni/src/claw/vfs/Vfs.cpp:97: Added new mount at /
04-20 13:45:22.621  9067  9377 I Claw    : [0m[      13.582] [30;1mjni/../jni/src/claw/vfs/android/AndroidSaveFile.cpp:42: Open existing save assetcache/splash_tip.pak.meta
04-20 13:45:22.621  9067  9377 I Claw    : [0m[      13.582] [30;1mjni/../jni/src/claw/vfs/Vfs.cpp:168: Cannot open file: /assetcache/splash_tip.pak.meta
04-20 13:45:22.621  9067  9377 I Claw    : [0m[      13.582] /home/jenkins/workspace/huuuge-stars/client-dev/hs-android/src/casino/ServerList.cpp:53: Server list returning http://cdn-hs-dev.hgonline.net/339/, 1/14
04-20 13:45:22.621  9067  9377 I Claw    : [0m[      13.582] [30;1mjni/../jni/src/claw/vfs/android/AndroidSaveFile.cpp:42: Open existing save assetcache/splash_tip.pak.meta
04-20 13:45:22.621  9067  9377 I Claw    : [0m[      13.583] [30;1mjni/../jni/src/claw/vfs/Vfs.cpp:168: Cannot open file: /assetcache/splash_tip.pak.meta
04-20 13:45:22.631  9067  9377 I Claw    : [0m[      13.583] /home/jenkins/workspace/huuuge-stars/client-dev/hs-android/src/casino/DefaultDownloadManager.cpp:415: Downloading pak splash_tip.pak from http://cdn-hs-dev.hgonline.net/339/
04-20 13:45:22.631  9067  9329 I Claw    : [0m[      13.584] ../../../../../../../../contrib/huuugeanalyticssdk/cpp/contrib/jni/JniAttach.hpp:185: Aquire java class for JNI method: com/huuuge/analytics/HA
04-20 13:45:22.631  9067  9329 I Claw    : [0m[      13.584] ../../../../../../../../contrib/huuugeanalyticssdk/cpp/contrib/jni/JniAttach.hpp:185: JNI class acquired, acquire java method: connectionStatus with args: ()I
04-20 13:45:22.631  2218  2767 D EnterpriseController: netId is 0
04-20 13:45:22.631  2218  2767 D Netd    : getNetworkForDns: using netid 502 for uid 10667
04-20 13:45:22.631  9067  9329 I Claw    : [0m[      13.585] ../../../../../../../../contrib/huuugeanalyticssdk/cpp/contrib/jni/JniAttach.hpp:186: JNI method acquired, try to call.
04-20 13:45:22.631  9067  9411 I Claw    : [0m[      13.586] [30;1mjni/../jni/src/claw/network/HttpRequest.cpp:97: cdn-hs-dev.hgonline.net resolved to ::ffff:2.20.189.185
04-20 13:45:22.631  9067  9411 I Claw    : [0m[      13.586] [30;1mjni/../jni/src/claw/network/HttpRequest.cpp:97: cdn-hs-dev.hgonline.net resolved to ::ffff:2.20.189.122
04-20 13:45:22.631  9067  9411 I Claw    : [0m[      13.586] [30;1mjni/../jni/src/claw/network/unix/UnixStreamSocket.cpp:93: Connecting to ::ffff:2.20.189.185
04-20 13:45:22.631  9067  9329 I Claw    : [0m[      13.587] ../../../../../../../../contrib/huuugeanalyticssdk/cpp/contrib/jni/JniAttach.hpp:189: JNI method called.
04-20 13:45:22.681  9067  9329 I Claw    : [0m[      13.641] ../../../../../../../../contrib/huuugeanalyticssdk/cpp/contrib/jni/JniAttach.hpp:185: Aquire java class for JNI method: com/huuuge/analytics/HA
04-20 13:45:22.681  9067  9329 I Claw    : [0m[      13.642] ../../../../../../../../contrib/huuugeanalyticssdk/cpp/contrib/jni/JniAttach.hpp:185: JNI class acquired, acquire java method: connectionStatus with args: ()I
04-20 13:45:22.681  9067  9329 I Claw    : [0m[      13.642] ../../../../../../../../contrib/huuugeanalyticssdk/cpp/contrib/jni/JniAttach.hpp:186: JNI method acquired, try to call.
04-20 13:45:22.691  9067  9329 I Claw    : [0m[      13.644] ../../../../../../../../contrib/huuugeanalyticssdk/cpp/contrib/jni/JniAttach.hpp:189: JNI method called.
04-20 13:45:22.711  9067  9411 I Claw    : [0m[      13.665] [30;1mjni/../jni/src/claw/network/HttpRequest.cpp:279: Content length: 40
04-20 13:45:22.711  9067  9411 I Claw    : [0m[      13.666] [30;1mjni/../jni/src/claw/vfs/android/AndroidSaveFile.cpp:82: Open new save assetcache/splash_tip.pak
04-20 13:45:22.711  9067  9411 I Claw    : [0m[      13.667] [30;1mjni/../jni/src/claw/vfs/android/AndroidSaveFile.cpp:82: Open new save assetcache/splash_tip.pak.meta
04-20 13:45:22.711  9067  9411 I Claw    : [0m[      13.668] [30;1mjni/../jni/src/claw/vfs/NativeMount.cpp:244: Aquire java class for JNI method: com/Claw/Android/NativeMount
04-20 13:45:22.711  9067  9411 I Claw    : [0m[      13.668] [30;1mjni/../jni/src/claw/vfs/NativeMount.cpp:244: JNI class acquired, acquire java method: GetFreeDiskSpace with args: (Ljava/lang/String;)J
04-20 13:45:22.711  9067  9411 I Claw    : [0m[       13.67] [30;1mjni/../jni/src/claw/vfs/NativeMount.cpp:244: Aquire java class for JNI method: com/Claw/Android/NativeMount
04-20 13:45:22.711  9067  9411 I Claw    : [0m[       13.67] [30;1mjni/../jni/src/claw/vfs/NativeMount.cpp:244: JNI class acquired, acquire java method: GetFreeDiskSpace with args: (Ljava/lang/String;)J
04-20 13:45:22.711  9067  9411 I Claw    : [0m[      13.671] [30;1mjni/../jni/src/claw/vfs/NativeMount.cpp:244: Aquire java class for JNI method: com/Claw/Android/NativeMount
04-20 13:45:22.711  9067  9411 I Claw    : [0m[      13.671] [30;1mjni/../jni/src/claw/vfs/NativeMount.cpp:244: JNI class acquired, acquire java method: GetFreeDiskSpace with args: (Ljava/lang/String;)J
04-20 13:45:22.721  9067  9411 I Claw    : [0m[      13.673] [30;1mjni/../jni/src/claw/vfs/NativeMount.cpp:244: Aquire java class for JNI method: com/Claw/Android/NativeMount
04-20 13:45:22.721  9067  9411 I Claw    : [0m[      13.674] [30;1mjni/../jni/src/claw/vfs/NativeMount.cpp:244: JNI class acquired, acquire java method: GetFreeDiskSpace with args: (Ljava/lang/String;)J
04-20 13:45:22.721  2218  2767 D EnterpriseController: netId is 0
04-20 13:45:22.721  2218  2767 D Netd    : getNetworkForDns: using netid 502 for uid 10667
04-20 13:45:22.721  9067  9411 I Claw    : [0m[      13.676] [30;1mjni/../jni/src/claw/network/HttpRequest.cpp:97: cdn-hs-dev.hgonline.net resolved to ::ffff:2.20.189.185
04-20 13:45:22.721  9067  9411 I Claw    : [0m[      13.676] [30;1mjni/../jni/src/claw/network/HttpRequest.cpp:97: cdn-hs-dev.hgonline.net resolved to ::ffff:2.20.189.122
04-20 13:45:22.721  9067  9411 I Claw    : [0m[      13.677] [30;1mjni/../jni/src/claw/network/unix/UnixStreamSocket.cpp:93: Connecting to ::ffff:2.20.189.185
04-20 13:45:22.781  9067  9411 I Claw    : [0m[      13.736] [30;1mjni/../jni/src/claw/network/HttpRequest.cpp:279: Content length: 15731
04-20 13:45:22.781  9067  9411 I Claw    : [0m[      13.741] [30;1mjni/../jni/src/claw/vfs/NativeMount.cpp:244: Aquire java class for JNI method: com/Claw/Android/NativeMount
04-20 13:45:22.781  9067  9411 I Claw    : [0m[      13.742] [30;1mjni/../jni/src/claw/vfs/NativeMount.cpp:244: JNI class acquired, acquire java method: GetFreeDiskSpace with args: (Ljava/lang/String;)J
04-20 13:45:22.791  9067  9411 I Claw    : [0m[      13.743] [30;1mjni/../jni/src/claw/vfs/android/AndroidSaveFile.cpp:82: Open new save assetcache/splash_tip.pak.meta
04-20 13:45:22.791  9067  9411 I Claw    : [0m[      13.745] [30;1mjni/../jni/src/claw/vfs/NativeMount.cpp:244: Aquire java class for JNI method: com/Claw/Android/NativeMount
04-20 13:45:22.791  9067  9411 I Claw    : [0m[      13.745] [30;1mjni/../jni/src/claw/vfs/NativeMount.cpp:244: JNI class acquired, acquire java method: GetFreeDiskSpace with args: (Ljava/lang/String;)J
04-20 13:45:22.791  9067  9411 I Claw    : [0m[      13.746] [30;1mjni/../jni/src/claw/vfs/NativeMount.cpp:244: Aquire java class for JNI method: com/Claw/Android/NativeMount
04-20 13:45:22.791  9067  9411 I Claw    : [0m[      13.746] [30;1mjni/../jni/src/claw/vfs/NativeMount.cpp:244: JNI class acquired, acquire java method: GetFreeDiskSpace with args: (Ljava/lang/String;)J
04-20 13:45:22.791  9067  9411 I Claw    : [0m[      13.747] [30;1mjni/../jni/src/claw/vfs/NativeMount.cpp:244: Aquire java class for JNI method: com/Claw/Android/NativeMount
04-20 13:45:22.791  9067  9411 I Claw    : [0m[      13.747] [30;1mjni/../jni/src/claw/vfs/NativeMount.cpp:244: JNI class acquired, acquire java method: GetFreeDiskSpace with args: (Ljava/lang/String;)J
04-20 13:45:22.791  9067  9411 I Claw    : [0m[      13.748] [30;1mjni/../jni/src/claw/vfs/NativeMount.cpp:244: Aquire java class for JNI method: com/Claw/Android/NativeMount
04-20 13:45:22.791  9067  9411 I Claw    : [0m[      13.749] [30;1mjni/../jni/src/claw/vfs/NativeMount.cpp:244: JNI class acquired, acquire java method: GetFreeDiskSpace with args: (Ljava/lang/String;)J
04-20 13:45:22.791  9067  9411 I Claw    : [0m[       13.75] [30;1mjni/../jni/src/claw/vfs/android/AndroidSaveFile.cpp:82: Open new save assetcache/splash_tip.pak.meta
04-20 13:45:22.791  9067  9411 I Claw    : [0m[      13.751] [30;1mjni/../jni/src/claw/vfs/NativeMount.cpp:244: Aquire java class for JNI method: com/Claw/Android/NativeMount
04-20 13:45:22.791  9067  9411 I Claw    : [0m[      13.752] [30;1mjni/../jni/src/claw/vfs/NativeMount.cpp:244: JNI class acquired, acquire java method: GetFreeDiskSpace with args: (Ljava/lang/String;)J
04-20 13:45:22.791  9067  9411 I Claw    : [0m[      13.752] [30;1mjni/../jni/src/claw/vfs/NativeMount.cpp:244: Aquire java class for JNI method: com/Claw/Android/NativeMount
04-20 13:45:22.791  9067  9411 I Claw    : [0m[      13.753] [30;1mjni/../jni/src/claw/vfs/NativeMount.cpp:244: JNI class acquired, acquire java method: GetFreeDiskSpace with args: (Ljava/lang/String;)J
04-20 13:45:22.801  9067  9411 I Claw    : [0m[      13.755] [30;1mjni/../jni/src/claw/vfs/NativeMount.cpp:244: Aquire java class for JNI method: com/Claw/Android/NativeMount
04-20 13:45:22.801  9067  9411 I Claw    : [0m[      13.755] [30;1mjni/../jni/src/claw/vfs/NativeMount.cpp:244: JNI class acquired, acquire java method: GetFreeDiskSpace with args: (Ljava/lang/String;)J
04-20 13:45:22.801  9067  9411 I Claw    : [0m[      13.756] [30;1mjni/../jni/src/claw/vfs/NativeMount.cpp:244: Aquire java class for JNI method: com/Claw/Android/NativeMount
04-20 13:45:22.801  9067  9411 I Claw    : [0m[      13.756] [30;1mjni/../jni/src/claw/vfs/NativeMount.cpp:244: JNI class acquired, acquire java method: GetFreeDiskSpace with args: (Ljava/lang/String;)J
04-20 13:45:22.801  9067  9411 I Claw    : [0m[      13.757] [30;1mjni/../jni/src/claw/vfs/android/AndroidSaveFile.cpp:82: Open new save assetcache/splash_tip.pak.meta
04-20 13:45:22.801  9067  9411 I Claw    : [0m[      13.758] [30;1mjni/../jni/src/claw/vfs/NativeMount.cpp:244: Aquire java class for JNI method: com/Claw/Android/NativeMount
04-20 13:45:22.801  9067  9411 I Claw    : [0m[      13.758] [30;1mjni/../jni/src/claw/vfs/NativeMount.cpp:244: JNI class acquired, acquire java method: GetFreeDiskSpace with args: (Ljava/lang/String;)J
04-20 13:45:22.801  9067  9411 I Claw    : [0m[       13.76] [30;1mjni/../jni/src/claw/vfs/NativeMount.cpp:244: Aquire java class for JNI method: com/Claw/Android/NativeMount
04-20 13:45:22.801  9067  9411 I Claw    : [0m[       13.76] [30;1mjni/../jni/src/claw/vfs/NativeMount.cpp:244: JNI class acquired, acquire java method: GetFreeDiskSpace with args: (Ljava/lang/String;)J
04-20 13:45:22.801  9067  9411 W libc    : It seems that pthread_join() is not invoked or PTHREAD_ATTR_FLAG_DETACHED is not set.
04-20 13:45:22.801  9067  9411 W libc    :     pthread tid          : 9411
04-20 13:45:22.801  9067  9411 W libc    :     pthread start_routine: 0xded902a8
04-20 13:45:22.831  9067  9377 I Claw    : [0m[      13.784] [30;1mjni/../jni/src/claw/vfs/android/AndroidSaveFile.cpp:42: Open existing save assetcache/splash_tip.pak
04-20 13:45:22.831  9067  9377 I Claw    : [0m[      13.785] [30;1mjni/../jni/src/claw/vfs/Vfs.cpp:172: Opened file: /assetcache/splash_tip.pak
04-20 13:45:22.831  9067  9377 I Claw    : [0m[      13.792] /home/jenkins/workspace/huuuge-stars/client-dev/hs-android/src/casino/DownloadManager.cpp:500: Mounting pak: splash_tip.pak
04-20 13:45:22.841  9067  9377 I Claw    : [0m[      13.793] [30;1mjni/../jni/src/claw/vfs/Vfs.cpp:97: Added new mount at /
04-20 13:45:22.841  9067  9377 I Claw    : [0m[      13.794] [30;1mjni/../jni/src/claw/vfs/android/AndroidSaveFile.cpp:42: Open existing save assetcache/data-hc.pak.meta
04-20 13:45:22.841  9067  9377 I Claw    : [0m[      13.795] [30;1mjni/../jni/src/claw/vfs/Vfs.cpp:172: Opened file: /assetcache/data-hc.pak.meta
04-20 13:45:22.841  9067  9377 I Claw    : [0m[      13.795] /home/jenkins/workspace/huuuge-stars/client-dev/hs-android/src/casino/ServerList.cpp:53: Server list returning http://cdn-hs-dev.hgonline.net/339/, 1/14
04-20 13:45:22.841  9067  9377 I Claw    : [0m[      13.796] [30;1mjni/../jni/src/claw/vfs/android/AndroidSaveFile.cpp:42: Open existing save assetcache/data-hc.pak.meta
04-20 13:45:22.841  9067  9377 I Claw    : [0m[      13.797] [30;1mjni/../jni/src/claw/vfs/Vfs.cpp:172: Opened file: /assetcache/data-hc.pak.meta
04-20 13:45:22.841  9067  9377 I Claw    : [0m[      13.797] /home/jenkins/workspace/huuuge-stars/client-dev/hs-android/src/casino/DefaultDownloadManager.cpp:415: Downloading pak data-hc.pak from http://cdn-hs-dev.hgonline.net/339/
04-20 13:45:22.841  9067  9329 I Claw    : [0m[      13.797] ../../../../../../../../contrib/huuugeanalyticssdk/cpp/contrib/jni/JniAttach.hpp:185: Aquire java class for JNI method: com/huuuge/analytics/HA
04-20 13:45:22.841  9067  9329 I Claw    : [0m[      13.797] ../../../../../../../../contrib/huuugeanalyticssdk/cpp/contrib/jni/JniAttach.hpp:185: JNI class acquired, acquire java method: connectionStatus with args: ()I
04-20 13:45:22.841  9067  9329 I Claw    : [0m[      13.798] ../../../../../../../../contrib/huuugeanalyticssdk/cpp/contrib/jni/JniAttach.hpp:186: JNI method acquired, try to call.
04-20 13:45:22.841  9067  9329 I Claw    : [0m[        13.8] ../../../../../../../../contrib/huuugeanalyticssdk/cpp/contrib/jni/JniAttach.hpp:189: JNI method called.
04-20 13:45:22.841  9067  9414 I Claw    : [0m[        13.8] [30;1mjni/../jni/src/claw/vfs/android/AndroidSaveFile.cpp:62: Open existing save assetcache/data-hc.pak
04-20 13:45:22.841  9067  9414 I Claw    : [0m[      13.801] [30;1mjni/../jni/src/claw/vfs/Vfs.cpp:207: Opened file: /assetcache/data-hc.pak
04-20 13:45:22.841  2218  2767 D EnterpriseController: netId is 0
04-20 13:45:22.841  2218  2767 D Netd    : getNetworkForDns: using netid 502 for uid 10667
04-20 13:45:22.851  9067  9414 I Claw    : [0m[      13.803] [30;1mjni/../jni/src/claw/network/HttpRequest.cpp:97: cdn-hs-dev.hgonline.net resolved to ::ffff:2.20.189.185
04-20 13:45:22.851  9067  9414 I Claw    : [0m[      13.804] [30;1mjni/../jni/src/claw/network/HttpRequest.cpp:97: cdn-hs-dev.hgonline.net resolved to ::ffff:2.20.189.122
04-20 13:45:22.851  9067  9414 I Claw    : [0m[      13.804] [30;1mjni/../jni/src/claw/network/unix/UnixStreamSocket.cpp:93: Connecting to ::ffff:2.20.189.185
04-20 13:45:22.871  9067  9329 I Claw    : [0m[      13.832] ../../../../../../../../contrib/huuugeanalyticssdk/cpp/contrib/jni/JniAttach.hpp:185: Aquire java class for JNI method: com/huuuge/analytics/HA
04-20 13:45:22.881  9067  9329 I Claw    : [0m[      13.833] ../../../../../../../../contrib/huuugeanalyticssdk/cpp/contrib/jni/JniAttach.hpp:185: JNI class acquired, acquire java method: connectionStatus with args: ()I
04-20 13:45:22.881  9067  9329 I Claw    : [0m[      13.833] ../../../../../../../../contrib/huuugeanalyticssdk/cpp/contrib/jni/JniAttach.hpp:186: JNI method acquired, try to call.
04-20 13:45:22.881  9067  9329 I Claw    : [0m[      13.835] ../../../../../../../../contrib/huuugeanalyticssdk/cpp/contrib/jni/JniAttach.hpp:189: JNI method called.
04-20 13:45:23.101  9067  9326 I Claw    : [0m[      14.055] /home/jenkins/workspace/huuuge-stars/client-dev/hs-android/contrib/huuugeanalyticssdk/cpp/src/huuuge/analytics/HAHttp-android.cpp:80: Huuuge::analytics::HTTPAndroid::InvokeHttps 1nsjtnbmgl.execute-api.us-east-1.amazonaws.com public/dashboard-events
04-20 13:45:23.101  9067  9326 I Claw    : [0m[      14.056] /home/jenkins/workspace/huuuge-stars/client-dev/hs-android/contrib/huuugeanalyticssdk/cpp/src/huuuge/analytics/HAHttp-android.cpp:100: Huuuge::analytics::HTTPAndroid::InvokeHttps convert post payload 6634
04-20 13:45:23.101  9067  9326 I Claw    : [0m[      14.056] ../../../../../../../../contrib/huuugeanalyticssdk/cpp/contrib/jni/JniAttach.hpp:147: Aquire java class for JNI method: com/huuuge/analytics/HA
04-20 13:45:23.101  9067  9326 I Claw    : [0m[      14.056] ../../../../../../../../contrib/huuugeanalyticssdk/cpp/contrib/jni/JniAttach.hpp:147: JNI class acquired, acquire java method: doHttpsRequest with args: (Ljava/lang/String;Ljava/lang/String;Ljava/lang/String;[Ljava/lang/String;[Ljava/lang/String;[B)[Ljava/lang/String;
04-20 13:45:23.101  9067  9326 I Claw    : [0m[      14.056] ../../../../../../../../contrib/huuugeanalyticssdk/cpp/contrib/jni/JniAttach.hpp:148: JNI method acquired, try to call.
04-20 13:45:23.101  9067  9416 I System.out: (HTTPLog)-Static: isSBSettingEnabled false
04-20 13:45:23.101  9067  9416 I System.out: (HTTPLog)-Static: isSBSettingEnabled false
04-20 13:45:23.181  3968  3968 D ContentApp:  LEVEL : 1
04-20 13:45:23.181  9067  9414 I Claw    : [0m[      14.134] [30;1mjni/../jni/src/claw/network/HttpRequest.cpp:279: Content length: 1455
04-20 13:45:23.191  3096  3428 D NetworkController.MobileSignalController(0/2147483643): onSignalStrengthsChanged signalStrength=SignalStrength: 23 99 -23 -200 -23 -200 -1 99 2147483647 2147483647 2147483647 2147483647 2147483647 0x4 gsm|lte level=4
04-20 13:45:23.191  3096  3428 D NetworkController.MobileSignalController(0/2147483643): getMobileIconGroup(): 0
