04-23 10:13:04.929 10838 11035 I Claw    : [0m[      20.592] [30;1mjni/../jni/src/claw/graphics/surface/SurfaceHW.cpp:883: Surface  xy: 4, uv: 4, tri: 2
04-23 10:13:04.929 10838 11035 I Claw    : [0m[      20.593] [30;1mjni/../jni/src/claw/graphics/surface/SurfaceHW.cpp:883: Surface  xy: 4, uv: 4, tri: 2
04-23 10:13:04.929 10838 11123 I Claw    : [0m[      20.593] [30;1mjni/../jni/src/claw/vfs/NativeMount.cpp:244: Aquire java class for JNI method: com/Claw/Android/NativeMount
04-23 10:13:04.929 10838 11123 I Claw    : [0m[      20.593] [30;1mjni/../jni/src/claw/vfs/NativeMount.cpp:244: JNI class acquired, acquire java method: GetFreeDiskSpace with args: (Ljava/lang/String;)J
04-23 10:13:04.929 10838 11035 I Claw    : [0m[      20.593] [30;1mjni/../jni/src/claw/graphics/surface/SurfaceHW.cpp:883: Surface  xy: 4, uv: 4, tri: 2
04-23 10:13:04.929 10838 11113 I Claw    : [0m[      20.593] [30;1m/home/jenkins/workspace/huuuge-stars/client-dev/hs-android/claw/sdk/src/claw/system/android/JniAttach.hpp:135: Aquire java class for JNI method: com/gamelion/inapp/google/InAppStore
04-23 10:13:04.929 10838 11113 I Claw    : [0m[      20.593] [30;1m/home/jenkins/workspace/huuuge-stars/client-dev/hs-android/claw/sdk/src/claw/system/android/JniAttach.hpp:135: JNI class acquired, acquire java method: CheckBillingSupport with args: (Ljava/lang/String;)V
04-23 10:13:04.929 10838 11113 I Claw    : [0m[      20.594] [30;1m/home/jenkins/workspace/huuuge-stars/client-dev/hs-android/claw/sdk/src/claw/system/android/JniAttach.hpp:136: JNI method acquired, try to call.
04-23 10:13:04.929 10838 11035 I Claw    : [0m[      20.594] [30;1mjni/../jni/src/claw/graphics/surface/SurfaceHW.cpp:883: Surface  xy: 4, uv: 4, tri: 2
04-23 10:13:04.929 10838 11035 I Claw    : [0m[      20.595] [30;1mjni/../jni/src/claw/graphics/surface/SurfaceHW.cpp:883: Surface  xy: 4, uv: 4, tri: 2
04-23 10:13:04.929 10838 11035 I Claw    : [0m[      20.595] [30;1mjni/../jni/src/claw/graphics/surface/SurfaceHW.cpp:883: Surface  xy: 4, uv: 4, tri: 2
04-23 10:13:04.929 10838 11035 I Claw    : [0m[      20.596] [30;1mjni/../jni/src/claw/graphics/surface/SurfaceHW.cpp:883: Surface  xy: 4, uv: 4, tri: 2
04-23 10:13:04.929 10838 11035 I Claw    : [0m[      20.597] [30;1mjni/../jni/src/claw/graphics/surface/SurfaceHW.cpp:883: Surface  xy: 4, uv: 4, tri: 2
04-23 10:13:04.939 10838 11035 I Claw    : [0m[      20.597] [30;1mjni/../jni/src/claw/graphics/surface/SurfaceHW.cpp:883: Surface  xy: 4, uv: 4, tri: 2
04-23 10:13:04.939 10838 11035 I Claw    : [0m[      20.598] [30;1mjni/../jni/src/claw/graphics/surface/SurfaceHW.cpp:883: Surface  xy: 4, uv: 4, tri: 2
04-23 10:13:04.939 10838 11035 I Claw    : [0m[      20.598] [30;1mjni/../jni/src/claw/graphics/surface/SurfaceHW.cpp:883: Surface  xy: 4, uv: 4, tri: 2
04-23 10:13:04.939 10838 11035 I Claw    : [0m[      20.599] [30;1mjni/../jni/src/claw/graphics/surface/SurfaceHW.cpp:883: Surface  xy: 4, uv: 4, tri: 2
04-23 10:13:04.939 10838 11035 I Claw    : [0m[      20.599] [30;1mjni/../jni/src/claw/graphics/surface/SurfaceHW.cpp:883: Surface  xy: 4, uv: 4, tri: 2
04-23 10:13:04.939 10838 11035 I Claw    : [0m[        20.6] [30;1mjni/../jni/src/claw/graphics/surface/SurfaceHW.cpp:883: Surface  xy: 4, uv: 4, tri: 2
04-23 10:13:04.939 10838 11123 I Claw    : [0m[      20.601] [30;1mjni/../jni/src/claw/vfs/NativeMount.cpp:244: Aquire java class for JNI method: com/Claw/Android/NativeMount
04-23 10:13:04.939 10838 11035 I Claw    : [0m[      20.601] [30;1mjni/../jni/src/claw/graphics/surface/SurfaceHW.cpp:883: Surface  xy: 4, uv: 4, tri: 2
04-23 10:13:04.939 10838 11123 I Claw    : [0m[      20.601] [30;1mjni/../jni/src/claw/vfs/NativeMount.cpp:244: JNI class acquired, acquire java method: GetFreeDiskSpace with args: (Ljava/lang/String;)J
04-23 10:13:04.939 10838 11035 I Claw    : [0m[      20.601] [30;1mjni/../jni/src/claw/graphics/surface/SurfaceHW.cpp:883: Surface  xy: 4, uv: 4, tri: 2
04-23 10:13:04.939 10838 11035 I Claw    : [0m[      20.602] [30;1mjni/../jni/src/claw/graphics/surface/SurfaceHW.cpp:883: Surface  xy: 4, uv: 4, tri: 2
04-23 10:13:04.939 10838 11113 I Claw    : [0m[      20.603] [30;1m/home/jenkins/workspace/huuuge-stars/client-dev/hs-android/claw/sdk/src/claw/system/android/JniAttach.hpp:139: JNI method called.
04-23 10:13:04.939 10838 11035 I Claw    : [0m[      20.603] [30;1mjni/../jni/src/claw/graphics/surface/SurfaceHW.cpp:883: Surface  xy: 4, uv: 4, tri: 2
04-23 10:13:04.939 10838 11123 I Claw    : [0m[      20.603] [30;1mjni/../jni/src/claw/vfs/NativeMount.cpp:244: Aquire java class for JNI method: com/Claw/Android/NativeMount
04-23 10:13:04.939 10838 11123 I Claw    : [0m[      20.604] [30;1mjni/../jni/src/claw/vfs/NativeMount.cpp:244: JNI class acquired, acquire java method: GetFreeDiskSpace with args: (Ljava/lang/String;)J
04-23 10:13:04.939 10838 11035 I Claw    : [0m[      20.604] [30;1mjni/../jni/src/claw/graphics/surface/SurfaceHW.cpp:883: Surface  xy: 4, uv: 4, tri: 2
04-23 10:13:04.939 10838 11113 I Claw    : [0m[      20.604] [30;1mjni/../jni/src/claw/vfs/android/AndroidSaveFile.cpp:42: Open existing save save/.iap
04-23 10:13:04.939 10838 11113 I Claw    : [0m[      20.604] [30;1mjni/../jni/src/claw/vfs/Vfs.cpp:168: Cannot open file: /save/.iap
04-23 10:13:04.939 10838 11035 I Claw    : [0m[      20.605] [30;1mjni/../jni/src/claw/graphics/surface/SurfaceHW.cpp:883: Surface  xy: 4, uv: 4, tri: 2
04-23 10:13:04.939  2612  3011 D NtpTrustedTime: currentTimeMillis() cache hit
04-23 10:13:04.939 10838 11035 I Claw    : [0m[      20.605] [30;1mjni/../jni/src/claw/graphics/surface/SurfaceHW.cpp:883: Surface  xy: 4, uv: 4, tri: 2
04-23 10:13:04.939 10838 11123 I Claw    : [0m[      20.605] [30;1mjni/../jni/src/claw/vfs/NativeMount.cpp:244: Aquire java class for JNI method: com/Claw/Android/NativeMount
04-23 10:13:04.939 10838 11123 I Claw    : [0m[      20.606] [30;1mjni/../jni/src/claw/vfs/NativeMount.cpp:244: JNI class acquired, acquire java method: GetFreeDiskSpace with args: (Ljava/lang/String;)J
04-23 10:13:04.939  6429  6429 D RelationGraph: garbageCollect()
04-23 10:13:04.939 10838 11035 I Claw    : [0m[      20.606] [30;1mjni/../jni/src/claw/graphics/surface/SurfaceHW.cpp:883: Surface  xy: 4, uv: 4, tri: 2
04-23 10:13:04.939 10838 11035 I Claw    : [0m[      20.606] [30;1mjni/../jni/src/claw/graphics/surface/SurfaceHW.cpp:883: Surface  xy: 4, uv: 4, tri: 2
04-23 10:13:04.939 10838 11035 I Claw    : [0m[      20.607] [30;1mjni/../jni/src/claw/graphics/surface/SurfaceHW.cpp:883: Surface  xy: 4, uv: 4, tri: 2
04-23 10:13:04.939  2612  3012 D NetworkPolicy: isUidForegroundLocked: 10028, mScreenOn: true, uidstate: 3, mProxSensorScreenOff: false
04-23 10:13:04.939  2612  3012 D NetworkPolicy: isUidForegroundLocked: 10015, mScreenOn: true, uidstate: 3, mProxSensorScreenOff: false
04-23 10:13:04.939  2612  3011 V NetworkStats: performPollLocked(flags=0x1)
04-23 10:13:04.949 10838 11123 I Claw    : [0m[      20.607] [30;1mjni/../jni/src/claw/vfs/NativeMount.cpp:244: Aquire java class for JNI method: com/Claw/Android/NativeMount
04-23 10:13:04.949 10838 11123 I Claw    : [0m[      20.608] [30;1mjni/../jni/src/claw/vfs/NativeMount.cpp:244: JNI class acquired, acquire java method: GetFreeDiskSpace with args: (Ljava/lang/String;)J
04-23 10:13:04.949 10838 11035 I Claw    : [0m[      20.609] [30;1mjni/../jni/src/claw/graphics/surface/SurfaceHW.cpp:883: Surface  xy: 4, uv: 4, tri: 2
04-23 10:13:04.949 10838 11123 I Claw    : [0m[       20.61] [30;1mjni/../jni/src/claw/vfs/NativeMount.cpp:244: Aquire java class for JNI method: com/Claw/Android/NativeMount
04-23 10:13:04.949 10838 11035 I Claw    : [0m[       20.61] [30;1mjni/../jni/src/claw/graphics/surface/SurfaceHW.cpp:883: Surface  xy: 4, uv: 4, tri: 2
04-23 10:13:04.949 10838 11035 I Claw    : [0m[      20.611] [30;1mjni/../jni/src/claw/graphics/surface/SurfaceHW.cpp:883: Surface  xy: 4, uv: 4, tri: 2
04-23 10:13:04.949 10838 11035 I Claw    : [0m[      20.612] [30;1mjni/../jni/src/claw/graphics/surface/SurfaceHW.cpp:883: Surface  xy: 4, uv: 4, tri: 2
04-23 10:13:04.949 10838 11123 I Claw    : [0m[       20.61] [30;1mjni/../jni/src/claw/vfs/NativeMount.cpp:244: JNI class acquired, acquire java method: GetFreeDiskSpace with args: (Ljava/lang/String;)J
04-23 10:13:04.949 10838 11035 I Claw    : [0m[      20.613] [30;1mjni/../jni/src/claw/graphics/surface/SurfaceHW.cpp:883: Surface  xy: 4, uv: 4, tri: 2
04-23 10:13:04.949 10838 11035 I Claw    : [0m[      20.614] [30;1mjni/../jni/src/claw/graphics/surface/SurfaceHW.cpp:883: Surface  xy: 4, uv: 4, tri: 2
04-23 10:13:04.949 10838 11035 I Claw    : [0m[      20.615] [30;1mjni/../jni/src/claw/graphics/surface/SurfaceHW.cpp:883: Surface  xy: 4, uv: 4, tri: 2
04-23 10:13:04.949 10838 11123 I Claw    : [0m[      20.614] [30;1mjni/../jni/src/claw/vfs/NativeMount.cpp:244: Aquire java class for JNI method: com/Claw/Android/NativeMount
04-23 10:13:04.949 10838 11123 I Claw    : [0m[      20.616] [30;1mjni/../jni/src/claw/vfs/NativeMount.cpp:244: JNI class acquired, acquire java method: GetFreeDiskSpace with args: (Ljava/lang/String;)J
04-23 10:13:04.949 10838 11035 I Claw    : [0m[      20.616] [30;1mjni/../jni/src/claw/graphics/surface/SurfaceHW.cpp:883: Surface  xy: 4, uv: 4, tri: 2
04-23 10:13:04.949  2612  3011 D NetworkStatsRecorder: entry.iface is null
04-23 10:13:04.949  2612  3011 D NetworkStatsRecorder: entry.iface is null
04-23 10:13:04.949  2612  3011 D NetworkStatsRecorder: entry.iface is null
04-23 10:13:04.949  2612  3011 D NetworkStatsRecorder: entry.iface is null
04-23 10:13:04.949  2612  3011 D NetworkStatsRecorder: entry.iface is null
04-23 10:13:04.949  2612  3011 D NetworkStatsRecorder: entry.iface is null
04-23 10:13:04.949  2612  3011 D NetworkStatsRecorder: entry.iface is null
04-23 10:13:04.949  2612  3011 D NetworkStatsRecorder: entry.iface is null
04-23 10:13:04.949  2612  3011 D NetworkStatsRecorder: entry.iface is null
04-23 10:13:04.949  2612  3011 D NetworkStatsRecorder: entry.iface is null
04-23 10:13:04.959 10838 11035 I Claw    : [0m[      20.617] [30;1mjni/../jni/src/claw/graphics/surface/SurfaceHW.cpp:883: Surface  xy: 4, uv: 4, tri: 2
04-23 10:13:04.959 10838 11035 I Claw    : [0m[      20.618] [30;1mjni/../jni/src/claw/graphics/surface/SurfaceHW.cpp:883: Surface  xy: 4, uv: 4, tri: 2
04-23 10:13:04.959  6429  6441 I Finsky  : [12845] com.google.android.finsky.billing.iab.ab.b(46): com.huuuge.stars.slots: Account from first account - [JjseoS3C1uVn2R3OVE5pZKgPwhc]
04-23 10:13:04.959 10838 11123 I Claw    : [0m[      20.619] [30;1mjni/../jni/src/claw/vfs/NativeMount.cpp:244: Aquire java class for JNI method: com/Claw/Android/NativeMount
04-23 10:13:04.959 10838 11037 I Claw    : [0m[      20.619] [30;1mjni/../jni/src/claw/service/StreamingManager.cpp:563: mip 1  w 2048  h 2048 (8388608)
04-23 10:13:04.959 10838 11037 I Claw    : [0m[      20.619] [30;1mjni/../jni/src/claw/vfs/Vfs.cpp:172: Opened file: /atlases/atlas3.etc2+.mip/C1
04-23 10:13:04.959 10838 11123 I Claw    : [0m[      20.619] [30;1mjni/../jni/src/claw/vfs/NativeMount.cpp:244: JNI class acquired, acquire java method: GetFreeDiskSpace with args: (Ljava/lang/String;)J
04-23 10:13:04.959 10838 11035 I Claw    : [0m[      20.619] [30;1mjni/../jni/src/claw/graphics/surface/SurfaceHW.cpp:883: Surface  xy: 4, uv: 4, tri: 2
04-23 10:13:04.959 10838 11035 I Claw    : [0m[       20.62] [30;1mjni/../jni/src/claw/graphics/surface/SurfaceHW.cpp:883: Surface  xy: 4, uv: 4, tri: 2
04-23 10:13:04.959 10838 11035 I Claw    : [0m[      20.621] [30;1mjni/../jni/src/claw/graphics/surface/SurfaceHW.cpp:883: Surface  xy: 4, uv: 4, tri: 2
04-23 10:13:04.959 10838 11035 I Claw    : [0m[      20.622] [30;1mjni/../jni/src/claw/graphics/surface/SurfaceHW.cpp:883: Surface  xy: 4, uv: 4, tri: 2
04-23 10:13:04.959  6429  6616 I Finsky  : [12903] com.google.android.finsky.billing.iab.ab.b(46): com.huuuge.stars.slots: Account from first account - [JjseoS3C1uVn2R3OVE5pZKgPwhc]
04-23 10:13:04.959 10838 11035 I Claw    : [0m[      20.623] [30;1mjni/../jni/src/claw/graphics/surface/SurfaceHW.cpp:883: Surface  xy: 4, uv: 4, tri: 2
04-23 10:13:04.959 10838 10838 I Claw    : [0m[      20.624] /home/jenkins/workspace/huuuge-stars/client-dev/hs-android/contrib/clawext/src/claw_ext/monetization/inappstore/android/google/AndroidGoogleInAppStore.cpp:339: nativeOnPurchaseSupport: 
04-23 10:13:04.959 10838 11035 I Claw    : [0m[      20.624] [30;1mjni/../jni/src/claw/graphics/surface/SurfaceHW.cpp:883: Surface  xy: 4, uv: 4, tri: 2
04-23 10:13:04.959 10838 11035 I Claw    : [0m[      20.624] [30;1mjni/../jni/src/claw/graphics/surface/SurfaceHW.cpp:883: Surface  xy: 4, uv: 4, tri: 2
04-23 10:13:04.959 10838 11035 I Claw    : [0m[      20.625] [30;1mjni/../jni/src/claw/graphics/surface/SurfaceHW.cpp:883: Surface  xy: 4, uv: 4, tri: 2
04-23 10:13:04.959 10838 11035 I Claw    : [0m[      20.625] [30;1mjni/../jni/src/claw/graphics/surface/SurfaceHW.cpp:883: Surface  xy: 4, uv: 4, tri: 2
04-23 10:13:04.959 10838 11035 I Claw    : [0m[      20.626] [30;1mjni/../jni/src/claw/graphics/surface/SurfaceHW.cpp:883: Surface  xy: 4, uv: 4, tri: 2
04-23 10:13:04.959 10838 11035 I Claw    : [0m[      20.626] [30;1mjni/../jni/src/claw/graphics/surface/SurfaceHW.cpp:883: Surface  xy: 4, uv: 4, tri: 2
04-23 10:13:04.969 10838 11123 I Claw    : [0m[      20.627] [30;1mjni/../jni/src/claw/vfs/NativeMount.cpp:244: Aquire java class for JNI method: com/Claw/Android/NativeMount
04-23 10:13:04.969 10838 11123 I Claw    : [0m[      20.627] [30;1mjni/../jni/src/claw/vfs/NativeMount.cpp:244: JNI class acquired, acquire java method: GetFreeDiskSpace with args: (Ljava/lang/String;)J
04-23 10:13:04.969 10838 11035 I Claw    : [0m[      20.627] [30;1mjni/../jni/src/claw/graphics/surface/SurfaceHW.cpp:883: Surface  xy: 4, uv: 4, tri: 2
04-23 10:13:04.969 10838 11035 I Claw    : [0m[      20.628] [30;1mjni/../jni/src/claw/graphics/surface/SurfaceHW.cpp:883: Surface  xy: 4, uv: 4, tri: 2
04-23 10:13:04.969 10838 11035 I Claw    : [0m[      20.629] [30;1mjni/../jni/src/claw/graphics/surface/SurfaceHW.cpp:883: Surface  xy: 4, uv: 4, tri: 2
04-23 10:13:04.969 10838 11123 I Claw    : [0m[      20.629] [30;1mjni/../jni/src/claw/vfs/NativeMount.cpp:244: Aquire java class for JNI method: com/Claw/Android/NativeMount
04-23 10:13:04.969 10838 11123 I Claw    : [0m[       20.63] [30;1mjni/../jni/src/claw/vfs/NativeMount.cpp:244: JNI class acquired, acquire java method: GetFreeDiskSpace with args: (Ljava/lang/String;)J
04-23 10:13:04.969 10838 11035 I Claw    : [0m[       20.63] [30;1mjni/../jni/src/claw/graphics/surface/SurfaceHW.cpp:883: Surface  xy: 4, uv: 4, tri: 2
04-23 10:13:04.969 10838 11035 I Claw    : [0m[      20.631] [30;1mjni/../jni/src/claw/graphics/surface/SurfaceHW.cpp:883: Surface  xy: 4, uv: 4, tri: 2
04-23 10:13:04.969 10838 11123 I Claw    : [0m[      20.631] [30;1mjni/../jni/src/claw/vfs/NativeMount.cpp:244: Aquire java class for JNI method: com/Claw/Android/NativeMount
04-23 10:13:04.969 10838 11123 I Claw    : [0m[      20.631] [30;1mjni/../jni/src/claw/vfs/NativeMount.cpp:244: JNI class acquired, acquire java method: GetFreeDiskSpace with args: (Ljava/lang/String;)J
04-23 10:13:04.969 10838 11035 I Claw    : [0m[      20.632] [30;1mjni/../jni/src/claw/graphics/surface/SurfaceHW.cpp:883: Surface  xy: 4, uv: 4, tri: 2
04-23 10:13:04.969 10838 11035 I Claw    : [0m[      20.633] [30;1mjni/../jni/src/claw/graphics/surface/SurfaceHW.cpp:883: Surface  xy: 4, uv: 4, tri: 2
04-23 10:13:04.969 10838 11123 I Claw    : [0m[      20.633] [30;1mjni/../jni/src/claw/vfs/NativeMount.cpp:244: Aquire java class for JNI method: com/Claw/Android/NativeMount
04-23 10:13:04.969 10838 11123 I Claw    : [0m[      20.633] [30;1mjni/../jni/src/claw/vfs/NativeMount.cpp:244: JNI class acquired, acquire java method: GetFreeDiskSpace with args: (Ljava/lang/String;)J
04-23 10:13:04.969 10838 11035 I Claw    : [0m[      20.634] [30;1mjni/../jni/src/claw/graphics/surface/SurfaceHW.cpp:883: Surface  xy: 4, uv: 4, tri: 2
04-23 10:13:04.969 10838 11035 I Claw    : [0m[      20.635] [30;1mjni/../jni/src/claw/graphics/surface/SurfaceHW.cpp:883: Surface  xy: 4, uv: 4, tri: 2
04-23 10:13:04.969 10838 11123 I Claw    : [0m[      20.635] [30;1mjni/../jni/src/claw/vfs/NativeMount.cpp:244: Aquire java class for JNI method: com/Claw/Android/NativeMount
04-23 10:13:04.969 10838 11123 I Claw    : [0m[      20.636] [30;1mjni/../jni/src/claw/vfs/NativeMount.cpp:244: JNI class acquired, acquire java method: GetFreeDiskSpace with args: (Ljava/lang/String;)J
04-23 10:13:04.969 10838 11035 I Claw    : [0m[      20.636] [30;1mjni/../jni/src/claw/graphics/surface/SurfaceHW.cpp:883: Surface  xy: 4, uv: 4, tri: 2
04-23 10:13:04.979 10838 11035 I Claw    : [0m[      20.637] [30;1mjni/../jni/src/claw/graphics/surface/SurfaceHW.cpp:883: Surface  xy: 4, uv: 4, tri: 2
04-23 10:13:04.979 10838 11123 I Claw    : [0m[      20.637] [30;1mjni/../jni/src/claw/vfs/NativeMount.cpp:244: Aquire java class for JNI method: com/Claw/Android/NativeMount
04-23 10:13:04.979 10838 11123 I Claw    : [0m[      20.637] [30;1mjni/../jni/src/claw/vfs/NativeMount.cpp:244: JNI class acquired, acquire java method: GetFreeDiskSpace with args: (Ljava/lang/String;)J
04-23 10:13:04.979  2612  3011 D NtpTrustedTime: currentTimeMillis() cache hit
04-23 10:13:04.979 10838 11035 I Claw    : [0m[      20.638] [30;1mjni/../jni/src/claw/graphics/surface/SurfaceHW.cpp:883: Surface  xy: 4, uv: 4, tri: 2
04-23 10:13:04.979 10838 11035 I Claw    : [0m[      20.639] [30;1mjni/../jni/src/claw/graphics/surface/SurfaceHW.cpp:883: Surface  xy: 4, uv: 4, tri: 2
04-23 10:13:04.979 10838 11123 I Claw    : [0m[      20.639] [30;1mjni/../jni/src/claw/vfs/NativeMount.cpp:244: Aquire java class for JNI method: com/Claw/Android/NativeMount
04-23 10:13:04.979 10838 11123 I Claw    : [0m[      20.639] [30;1mjni/../jni/src/claw/vfs/NativeMount.cpp:244: JNI class acquired, acquire java method: GetFreeDiskSpace with args: (Ljava/lang/String;)J
04-23 10:13:04.979 10838 11035 I Claw    : [0m[      20.639] [30;1mjni/../jni/src/claw/graphics/surface/SurfaceHW.cpp:883: Surface  xy: 4, uv: 4, tri: 2
04-23 10:13:04.979 10838 11035 I Claw    : [0m[       20.64] [30;1mjni/../jni/src/claw/graphics/surface/SurfaceHW.cpp:883: Surface  xy: 4, uv: 4, tri: 2
04-23 10:13:04.979 10838 11123 I Claw    : [0m[      20.641] [30;1mjni/../jni/src/claw/vfs/NativeMount.cpp:244: Aquire java class for JNI method: com/Claw/Android/NativeMount
04-23 10:13:04.979  2612  3012 D NtpTrustedTime: currentTimeMillis() cache hit
04-23 10:13:04.979  2612  3012 D NtpTrustedTime: currentTimeMillis() cache hit
04-23 10:13:04.979 10838 11123 I Claw    : [0m[      20.641] [30;1mjni/../jni/src/claw/vfs/NativeMount.cpp:244: JNI class acquired, acquire java method: GetFreeDiskSpace with args: (Ljava/lang/String;)J
04-23 10:13:04.979 10838 11035 I Claw    : [0m[      20.641] [30;1mjni/../jni/src/claw/graphics/surface/SurfaceHW.cpp:883: Surface  xy: 4, uv: 4, tri: 2
04-23 10:13:04.979 10838 11035 I Claw    : [0m[      20.642] [30;1mjni/../jni/src/claw/graphics/surface/SurfaceHW.cpp:883: Surface  xy: 4, uv: 4, tri: 2
04-23 10:13:04.979 10838 11123 I Claw    : [0m[      20.642] [30;1mjni/../jni/src/claw/vfs/NativeMount.cpp:244: Aquire java class for JNI method: com/Claw/Android/NativeMount
04-23 10:13:04.979 10838 11123 I Claw    : [0m[      20.643] [30;1mjni/../jni/src/claw/vfs/NativeMount.cpp:244: JNI class acquired, acquire java method: GetFreeDiskSpace with args: (Ljava/lang/String;)J
04-23 10:13:04.979 10838 11035 I Claw    : [0m[      20.643] [30;1mjni/../jni/src/claw/graphics/surface/SurfaceHW.cpp:883: Surface  xy: 4, uv: 4, tri: 2
04-23 10:13:04.979 10838 11035 I Claw    : [0m[      20.643] [30;1mjni/../jni/src/claw/graphics/surface/SurfaceHW.cpp:883: Surface  xy: 4, uv: 4, tri: 2
04-23 10:13:04.979 10838 11035 I Claw    : [0m[      20.644] [30;1mjni/../jni/src/claw/graphics/surface/SurfaceHW.cpp:883: Surface  xy: 4, uv: 4, tri: 2
04-23 10:13:04.979 10838 11035 I Claw    : [0m[      20.645] [30;1mjni/../jni/src/claw/graphics/surface/SurfaceHW.cpp:883: Surface  xy: 4, uv: 4, tri: 2
04-23 10:13:04.979 10838 11123 I Claw    : [0m[      20.645] [30;1mjni/../jni/src/claw/vfs/NativeMount.cpp:244: Aquire java class for JNI method: com/Claw/Android/NativeMount
04-23 10:13:04.979 10838 11123 I Claw    : [0m[      20.646] [30;1mjni/../jni/src/claw/vfs/NativeMount.cpp:244: JNI class acquired, acquire java method: GetFreeDiskSpace with args: (Ljava/lang/String;)J
04-23 10:13:04.979 10838 11035 I Claw    : [0m[      20.646] [30;1mjni/../jni/src/claw/graphics/surface/SurfaceHW.cpp:883: Surface  xy: 4, uv: 4, tri: 2
04-23 10:13:04.979 10838 11035 I Claw    : [0m[      20.647] [30;1mjni/../jni/src/claw/graphics/surface/SurfaceHW.cpp:883: Surface  xy: 4, uv: 4, tri: 2
04-23 10:13:04.979  2612  3011 V NetworkStats: performPollLocked() took 32ms
04-23 10:13:04.989 10838 11035 I Claw    : [0m[      20.648] [30;1mjni/../jni/src/claw/graphics/surface/SurfaceHW.cpp:883: Surface  xy: 4, uv: 4, tri: 2
04-23 10:13:04.989 10838 11123 I Claw    : [0m[      20.648] [30;1mjni/../jni/src/claw/vfs/NativeMount.cpp:244: Aquire java class for JNI method: com/Claw/Android/NativeMount
04-23 10:13:04.989 10838 11123 I Claw    : [0m[      20.648] [30;1mjni/../jni/src/claw/vfs/NativeMount.cpp:244: JNI class acquired, acquire java method: GetFreeDiskSpace with args: (Ljava/lang/String;)J
04-23 10:13:04.989 10838 11035 I Claw    : [0m[      20.649] [30;1mjni/../jni/src/claw/graphics/surface/SurfaceHW.cpp:883: Surface  xy: 4, uv: 4, tri: 2
04-23 10:13:04.989 10838 11035 I Claw    : [0m[       20.65] [30;1mjni/../jni/src/claw/graphics/surface/SurfaceHW.cpp:883: Surface  xy: 4, uv: 4, tri: 2
04-23 10:13:04.989 10838 11123 I Claw    : [0m[       20.65] [30;1mjni/../jni/src/claw/vfs/NativeMount.cpp:244: Aquire java class for JNI method: com/Claw/Android/NativeMount
04-23 10:13:04.989 10838 11123 I Claw    : [0m[       20.65] [30;1mjni/../jni/src/claw/vfs/NativeMount.cpp:244: JNI class acquired, acquire java method: GetFreeDiskSpace with args: (Ljava/lang/String;)J
04-23 10:13:04.989 10838 11035 I Claw    : [0m[      20.651] [30;1mjni/../jni/src/claw/graphics/surface/SurfaceHW.cpp:883: Surface  xy: 4, uv: 4, tri: 2
04-23 10:13:04.989 10838 11035 I Claw    : [0m[      20.651] [30;1mjni/../jni/src/claw/graphics/surface/SurfaceHW.cpp:883: Surface  xy: 4, uv: 4, tri: 2
04-23 10:13:04.989 10838 11123 I Claw    : [0m[      20.652] [30;1mjni/../jni/src/claw/vfs/NativeMount.cpp:244: Aquire java class for JNI method: com/Claw/Android/NativeMount
04-23 10:13:04.989 10838 11123 I Claw    : [0m[      20.652] [30;1mjni/../jni/src/claw/vfs/NativeMount.cpp:244: JNI class acquired, acquire java method: GetFreeDiskSpace with args: (Ljava/lang/String;)J
04-23 10:13:04.989 10838 11035 I Claw    : [0m[      20.652] [30;1mjni/../jni/src/claw/graphics/surface/SurfaceHW.cpp:883: Surface  xy: 4, uv: 4, tri: 2
04-23 10:13:04.989 10838 11035 I Claw    : [0m[      20.653] [30;1mjni/../jni/src/claw/graphics/surface/SurfaceHW.cpp:883: Surface  xy: 4, uv: 4, tri: 2
04-23 10:13:04.989 10838 11035 I Claw    : [0m[      20.653] [30;1mjni/../jni/src/claw/graphics/surface/SurfaceHW.cpp:883: Surface  xy: 4, uv: 4, tri: 2
04-23 10:13:04.989 10838 11035 I Claw    : [0m[      20.654] [30;1mjni/../jni/src/claw/graphics/surface/SurfaceHW.cpp:883: Surface  xy: 4, uv: 4, tri: 2
04-23 10:13:04.989 10838 11123 I Claw    : [0m[      20.654] [30;1mjni/../jni/src/claw/vfs/NativeMount.cpp:244: Aquire java class for JNI method: com/Claw/Android/NativeMount
04-23 10:13:04.989 10838 11123 I Claw    : [0m[      20.654] [30;1mjni/../jni/src/claw/vfs/NativeMount.cpp:244: JNI class acquired, acquire java method: GetFreeDiskSpace with args: (Ljava/lang/String;)J
04-23 10:13:04.989 10838 11035 I Claw    : [0m[      20.654] [30;1mjni/../jni/src/claw/graphics/surface/SurfaceHW.cpp:883: Surface  xy: 4, uv: 4, tri: 2
04-23 10:13:04.989 10838 11035 I Claw    : [0m[      20.655] [30;1mjni/../jni/src/claw/graphics/surface/SurfaceHW.cpp:883: Surface  xy: 4, uv: 4, tri: 2
04-23 10:13:04.989 10838 11035 I Claw    : [0m[      20.655] [30;1mjni/../jni/src/claw/graphics/surface/SurfaceHW.cpp:883: Surface  xy: 4, uv: 4, tri: 2
04-23 10:13:04.989 10838 11035 I Claw    : [0m[      20.656] [30;1mjni/../jni/src/claw/graphics/surface/SurfaceHW.cpp:883: Surface  xy: 4, uv: 4, tri: 2
04-23 10:13:04.989 10838 11035 I Claw    : [0m[      20.656] [30;1mjni/../jni/src/claw/graphics/surface/SurfaceHW.cpp:883: Surface  xy: 4, uv: 4, tri: 2
04-23 10:13:04.989 10838 11123 I Claw    : [0m[      20.656] [30;1mjni/../jni/src/claw/vfs/NativeMount.cpp:244: Aquire java class for JNI method: com/Claw/Android/NativeMount
04-23 10:13:04.989 10838 11123 I Claw    : [0m[      20.657] [30;1mjni/../jni/src/claw/vfs/NativeMount.cpp:244: JNI class acquired, acquire java method: GetFreeDiskSpace with args: (Ljava/lang/String;)J
04-23 10:13:04.989 10838 11035 I Claw    : [0m[      20.657] [30;1mjni/../jni/src/claw/graphics/surface/SurfaceHW.cpp:883: Surface  xy: 4, uv: 4, tri: 2
04-23 10:13:04.999 10838 11035 I Claw    : [0m[      20.657] [30;1mjni/../jni/src/claw/graphics/surface/SurfaceHW.cpp:883: Surface  xy: 4, uv: 4, tri: 2
04-23 10:13:04.999 10838 11035 I Claw    : [0m[      20.658] [30;1mjni/../jni/src/claw/graphics/surface/SurfaceHW.cpp:883: Surface  xy: 4, uv: 4, tri: 2
04-23 10:13:04.999 10838 11035 I Claw    : [0m[      20.658] [30;1mjni/../jni/src/claw/graphics/surface/SurfaceHW.cpp:883: Surface  xy: 4, uv: 4, tri: 2
04-23 10:13:04.999 10838 11123 I Claw    : [0m[      20.658] [30;1mjni/../jni/src/claw/vfs/NativeMount.cpp:244: Aquire java class for JNI method: com/Claw/Android/NativeMount
04-23 10:13:04.999 10838 11123 I Claw    : [0m[      20.659] [30;1mjni/../jni/src/claw/vfs/NativeMount.cpp:244: JNI class acquired, acquire java method: GetFreeDiskSpace with args: (Ljava/lang/String;)J
04-23 10:13:04.999 10838 11035 I Claw    : [0m[      20.659] [30;1mjni/../jni/src/claw/graphics/surface/SurfaceHW.cpp:883: Surface  xy: 4, uv: 4, tri: 2
04-23 10:13:04.999 10838 11035 I Claw    : [0m[      20.659] [30;1mjni/../jni/src/claw/graphics/surface/SurfaceHW.cpp:883: Surface  xy: 4, uv: 4, tri: 2
04-23 10:13:04.999 10838 11035 I Claw    : [0m[       20.66] [30;1mjni/../jni/src/claw/graphics/surface/SurfaceHW.cpp:883: Surface  xy: 4, uv: 4, tri: 2
04-23 10:13:04.999 10838 11123 I Claw    : [0m[      20.661] [30;1mjni/../jni/src/claw/vfs/NativeMount.cpp:244: Aquire java class for JNI method: com/Claw/Android/NativeMount
04-23 10:13:04.999 10838 11123 I Claw    : [0m[      20.661] [30;1mjni/../jni/src/claw/vfs/NativeMount.cpp:244: JNI class acquired, acquire java method: GetFreeDiskSpace with args: (Ljava/lang/String;)J
04-23 10:13:04.999 10838 11035 I Claw    : [0m[      20.662] [30;1mjni/../jni/src/claw/graphics/surface/SurfaceHW.cpp:883: Surface  xy: 4, uv: 4, tri: 2
04-23 10:13:04.999 10838 11035 I Claw    : [0m[      20.662] [30;1mjni/../jni/src/claw/graphics/surface/SurfaceHW.cpp:883: Surface  xy: 4, uv: 4, tri: 2
04-23 10:13:04.999 10838 11123 I Claw    : [0m[      20.663] [30;1mjni/../jni/src/claw/vfs/NativeMount.cpp:244: Aquire java class for JNI method: com/Claw/Android/NativeMount
04-23 10:13:04.999 10838 11123 I Claw    : [0m[      20.663] [30;1mjni/../jni/src/claw/vfs/NativeMount.cpp:244: JNI class acquired, acquire java method: GetFreeDiskSpace with args: (Ljava/lang/String;)J
04-23 10:13:04.999 10838 11035 I Claw    : [0m[      20.664] [30;1mjni/../jni/src/claw/graphics/surface/SurfaceHW.cpp:883: Surface  xy: 4, uv: 4, tri: 2
04-23 10:13:04.999 10838 11035 I Claw    : [0m[      20.665] [30;1mjni/../jni/src/claw/graphics/surface/SurfaceHW.cpp:883: Surface  xy: 4, uv: 4, tri: 2
04-23 10:13:04.999 10838 11035 I Claw    : [0m[      20.665] [30;1mjni/../jni/src/claw/graphics/surface/SurfaceHW.cpp:883: Surface  xy: 4, uv: 4, tri: 2
04-23 10:13:04.999 10838 11123 I Claw    : [0m[      20.665] [30;1mjni/../jni/src/claw/vfs/NativeMount.cpp:244: Aquire java class for JNI method: com/Claw/Android/NativeMount
04-23 10:13:04.999 10838 11123 I Claw    : [0m[      20.666] [30;1mjni/../jni/src/claw/vfs/NativeMount.cpp:244: JNI class acquired, acquire java method: GetFreeDiskSpace with args: (Ljava/lang/String;)J
04-23 10:13:04.999 10838 11035 I Claw    : [0m[      20.666] [30;1mjni/../jni/src/claw/graphics/surface/SurfaceHW.cpp:883: Surface  xy: 4, uv: 4, tri: 2
04-23 10:13:04.999 10838 11035 I Claw    : [0m[      20.667] [30;1mjni/../jni/src/claw/graphics/surface/SurfaceHW.cpp:883: Surface  xy: 4, uv: 4, tri: 2
04-23 10:13:05.009 10838 11035 I Claw    : [0m[      20.667] [30;1mjni/../jni/src/claw/graphics/surface/SurfaceHW.cpp:883: Surface  xy: 4, uv: 4, tri: 2
04-23 10:13:05.009 10838 11035 I Claw    : [0m[      20.668] [30;1mjni/../jni/src/claw/graphics/surface/SurfaceHW.cpp:883: Surface  xy: 4, uv: 4, tri: 2
04-23 10:13:05.009 10838 11035 I Claw    : [0m[      20.668] [30;1mjni/../jni/src/claw/graphics/surface/SurfaceHW.cpp:883: Surface  xy: 4, uv: 4, tri: 2
04-23 10:13:05.009 10838 11035 I Claw    : [0m[      20.669] [30;1mjni/../jni/src/claw/graphics/surface/SurfaceHW.cpp:883: Surface  xy: 4, uv: 4, tri: 2
04-23 10:13:05.009 10838 11035 I Claw    : [0m[      20.669] [30;1mjni/../jni/src/claw/graphics/surface/SurfaceHW.cpp:883: Surface  xy: 4, uv: 4, tri: 2
04-23 10:13:05.009 10838 11035 I Claw    : [0m[      20.669] [30;1mjni/../jni/src/claw/graphics/surface/SurfaceHW.cpp:883: Surface  xy: 4, uv: 4, tri: 2
04-23 10:13:05.009 10838 11035 I Claw    : [0m[       20.67] [30;1mjni/../jni/src/claw/graphics/surface/SurfaceHW.cpp:883: Surface  xy: 4, uv: 4, tri: 2
04-23 10:13:05.009 10838 11035 I Claw    : [0m[       20.67] [30;1mjni/../jni/src/claw/graphics/surface/SurfaceHW.cpp:883: Surface  xy: 4, uv: 4, tri: 2
04-23 10:13:05.009 10838 11035 I Claw    : [0m[      20.671] [30;1mjni/../jni/src/claw/graphics/surface/SurfaceHW.cpp:883: Surface  xy: 4, uv: 4, tri: 2
04-23 10:13:05.009 10838 11035 I Claw    : [0m[      20.671] [30;1mjni/../jni/src/claw/graphics/surface/SurfaceHW.cpp:883: Surface  xy: 4, uv: 4, tri: 2
04-23 10:13:05.009 10838 11035 I Claw    : [0m[      20.671] [30;1mjni/../jni/src/claw/graphics/surface/SurfaceHW.cpp:883: Surface  xy: 4, uv: 4, tri: 2
04-23 10:13:05.009 10838 11035 I Claw    : [0m[      20.672] [30;1mjni/../jni/src/claw/graphics/surface/SurfaceHW.cpp:883: Surface  xy: 4, uv: 4, tri: 2
04-23 10:13:05.009 10838 11035 I Claw    : [0m[      20.672] [30;1mjni/../jni/src/claw/graphics/surface/SurfaceHW.cpp:883: Surface  xy: 4, uv: 4, tri: 2
04-23 10:13:05.009 10838 11035 I Claw    : [0m[      20.672] [30;1mjni/../jni/src/claw/graphics/surface/SurfaceHW.cpp:883: Surface  xy: 4, uv: 4, tri: 2
04-23 10:13:05.009 10838 11035 I Claw    : [0m[      20.673] [30;1mjni/../jni/src/claw/graphics/surface/SurfaceHW.cpp:883: Surface  xy: 4, uv: 4, tri: 2
04-23 10:13:05.009 10838 11035 I Claw    : [0m[      20.673] [30;1mjni/../jni/src/claw/graphics/surface/SurfaceHW.cpp:883: Surface  xy: 24, uv: 34, tri: 22
04-23 10:13:05.009 10838 11035 I Claw    : [0m[      20.674] [30;1mjni/../jni/src/claw/graphics/surface/SurfaceHW.cpp:883: Surface  xy: 24, uv: 34, tri: 22
04-23 10:13:05.009 10838 11035 I Claw    : [0m[      20.675] [30;1mjni/../jni/src/claw/graphics/surface/SurfaceHW.cpp:883: Surface  xy: 28, uv: 40, tri: 26
04-23 10:13:05.009 10838 11035 I Claw    : [0m[      20.676] [30;1mjni/../jni/src/claw/graphics/surface/SurfaceHW.cpp:883: Surface  xy: 24, uv: 34, tri: 22
04-23 10:13:05.019 10838 11123 I Claw    : [0m[      20.677] [30;1mjni/../jni/src/claw/vfs/NativeMount.cpp:244: Aquire java class for JNI method: com/Claw/Android/NativeMount
04-23 10:13:05.019 10838 11035 I Claw    : [0m[      20.678] [30;1mjni/../jni/src/claw/graphics/surface/SurfaceHW.cpp:883: Surface  xy: 28, uv: 40, tri: 26
04-23 10:13:05.019 10838 11123 I Claw    : [0m[      20.678] [30;1mjni/../jni/src/claw/vfs/NativeMount.cpp:244: JNI class acquired, acquire java method: GetFreeDiskSpace with args: (Ljava/lang/String;)J
04-23 10:13:05.019 10838 11035 I Claw    : [0m[      20.679] [30;1mjni/../jni/src/claw/graphics/surface/SurfaceHW.cpp:883: Surface  xy: 28, uv: 40, tri: 26
04-23 10:13:05.019 10838 11035 I Claw    : [0m[       20.68] [30;1mjni/../jni/src/claw/graphics/surface/SurfaceHW.cpp:883: Surface  xy: 28, uv: 40, tri: 26
04-23 10:13:05.019 10838 11035 I Claw    : [0m[      20.682] [30;1mjni/../jni/src/claw/graphics/surface/SurfaceHW.cpp:883: Surface  xy: 24, uv: 34, tri: 22
04-23 10:13:05.019 10838 11035 I Claw    : [0m[      20.683] [30;1mjni/../jni/src/claw/graphics/surface/SurfaceHW.cpp:883: Surface  xy: 28, uv: 40, tri: 26
04-23 10:13:05.019 10838 11035 I Claw    : [0m[      20.684] [30;1mjni/../jni/src/claw/graphics/surface/SurfaceHW.cpp:883: Surface  xy: 28, uv: 40, tri: 26
04-23 10:13:05.019 10838 11035 I Claw    : [0m[      20.684] [30;1mjni/../jni/src/claw/graphics/surface/SurfaceHW.cpp:883: Surface  xy: 4, uv: 4, tri: 2
04-23 10:13:05.019 10838 11035 I Claw    : [0m[      20.684] [30;1mjni/../jni/src/claw/graphics/surface/SurfaceHW.cpp:883: Surface  xy: 4, uv: 4, tri: 2
04-23 10:13:05.019 10838 11035 I Claw    : [0m[      20.685] [30;1mjni/../jni/src/claw/graphics/surface/SurfaceHW.cpp:883: Surface  xy: 4, uv: 4, tri: 2
04-23 10:13:05.019 10838 11035 I Claw    : [0m[      20.685] [30;1mjni/../jni/src/claw/graphics/surface/SurfaceHW.cpp:883: Surface  xy: 4, uv: 4, tri: 2
04-23 10:13:05.019 10838 11035 I Claw    : [0m[      20.685] [30;1mjni/../jni/src/claw/graphics/surface/SurfaceHW.cpp:883: Surface  xy: 8, uv: 10, tri: 6
04-23 10:13:05.019 10838 11035 I Claw    : [0m[      20.686] [30;1mjni/../jni/src/claw/graphics/surface/SurfaceHW.cpp:883: Surface  xy: 4, uv: 4, tri: 2
04-23 10:13:05.019 10838 11035 I Claw    : [0m[      20.686] [30;1mjni/../jni/src/claw/graphics/surface/SurfaceHW.cpp:883: Surface  xy: 8, uv: 10, tri: 6
04-23 10:13:05.019 10838 11035 I Claw    : [0m[      20.687] [30;1mjni/../jni/src/claw/graphics/surface/SurfaceHW.cpp:883: Surface  xy: 4, uv: 4, tri: 2
04-23 10:13:05.029 10838 11035 I Claw    : [0m[      20.687] [30;1mjni/../jni/src/claw/graphics/surface/SurfaceHW.cpp:883: Surface  xy: 4, uv: 4, tri: 2
04-23 10:13:05.029 10838 11035 I Claw    : [0m[      20.687] [30;1mjni/../jni/src/claw/graphics/surface/SurfaceHW.cpp:883: Surface  xy: 4, uv: 4, tri: 2
04-23 10:13:05.029 10838 11035 I Claw    : [0m[      20.688] [30;1mjni/../jni/src/claw/graphics/surface/SurfaceHW.cpp:883: Surface  xy: 8, uv: 10, tri: 6
04-23 10:13:05.029 10838 11035 I Claw    : [0m[      20.688] [30;1mjni/../jni/src/claw/graphics/surface/SurfaceHW.cpp:883: Surface  xy: 4, uv: 4, tri: 2
04-23 10:13:05.029 10838 11035 I Claw    : [0m[      20.689] [30;1mjni/../jni/src/claw/graphics/surface/SurfaceHW.cpp:883: Surface  xy: 4, uv: 4, tri: 2
04-23 10:13:05.029 10838 11035 I Claw    : [0m[      20.689] [30;1mjni/../jni/src/claw/graphics/surface/SurfaceHW.cpp:883: Surface  xy: 4, uv: 4, tri: 2
04-23 10:13:05.029 10838 11035 I Claw    : [0m[      20.689] [30;1mjni/../jni/src/claw/graphics/surface/SurfaceHW.cpp:883: Surface  xy: 8, uv: 10, tri: 6
04-23 10:13:05.029 10838 11035 I Claw    : [0m[       20.69] [30;1mjni/../jni/src/claw/graphics/surface/SurfaceHW.cpp:883: Surface  xy: 4, uv: 4, tri: 2
04-23 10:13:05.029 10838 11035 I Claw    : [0m[       20.69] [30;1mjni/../jni/src/claw/graphics/surface/SurfaceHW.cpp:883: Surface  xy: 4, uv: 4, tri: 2
04-23 10:13:05.029 10838 11035 I Claw    : [0m[       20.69] [30;1mjni/../jni/src/claw/graphics/surface/SurfaceHW.cpp:883: Surface  xy: 12, uv: 16, tri: 10
04-23 10:13:05.029 10838 11035 I Claw    : [0m[      20.691] [30;1mjni/../jni/src/claw/graphics/surface/SurfaceHW.cpp:883: Surface  xy: 8, uv: 10, tri: 6
04-23 10:13:05.029 10838 11035 I Claw    : [0m[      20.691] [30;1mjni/../jni/src/claw/graphics/surface/SurfaceHW.cpp:883: Surface  xy: 12, uv: 16, tri: 10
04-23 10:13:05.029 10838 11035 I Claw    : [0m[      20.692] [30;1mjni/../jni/src/claw/graphics/surface/SurfaceHW.cpp:883: Surface  xy: 8, uv: 10, tri: 6
04-23 10:13:05.029 10838 11035 I Claw    : [0m[      20.692] [30;1mjni/../jni/src/claw/graphics/surface/SurfaceHW.cpp:883: Surface  xy: 8, uv: 10, tri: 6
04-23 10:13:05.029 10838 11035 I Claw    : [0m[      20.692] [30;1mjni/../jni/src/claw/graphics/surface/SurfaceHW.cpp:883: Surface  xy: 8, uv: 10, tri: 6
04-23 10:13:05.029 10838 11035 I Claw    : [0m[      20.693] [30;1mjni/../jni/src/claw/graphics/surface/SurfaceHW.cpp:883: Surface  xy: 7, uv: 9, tri: 5
04-23 10:13:05.029 10838 11035 I Claw    : [0m[      20.693] [30;1mjni/../jni/src/claw/graphics/surface/SurfaceHW.cpp:883: Surface  xy: 8, uv: 10, tri: 6
04-23 10:13:05.029 10838 11035 I Claw    : [0m[      20.694] [30;1mjni/../jni/src/claw/graphics/surface/SurfaceHW.cpp:883: Surface  xy: 8, uv: 10, tri: 6
04-23 10:13:05.029 10838 11035 I Claw    : [0m[      20.694] [30;1mjni/../jni/src/claw/graphics/surface/SurfaceHW.cpp:883: Surface  xy: 8, uv: 10, tri: 6
04-23 10:13:05.029 10838 11035 I Claw    : [0m[      20.695] [30;1mjni/../jni/src/claw/graphics/surface/SurfaceHW.cpp:883: Surface  xy: 4, uv: 4, tri: 2
04-23 10:13:05.029 10838 11123 I Claw    : [0m[      20.695] [30;1mjni/../jni/src/claw/vfs/NativeMount.cpp:244: Aquire java class for JNI method: com/Claw/Android/NativeMount
04-23 10:13:05.029 10838 11123 I Claw    : [0m[      20.695] [30;1mjni/../jni/src/claw/vfs/NativeMount.cpp:244: JNI class acquired, acquire java method: GetFreeDiskSpace with args: (Ljava/lang/String;)J
04-23 10:13:05.029 10838 11035 I Claw    : [0m[      20.695] [30;1mjni/../jni/src/claw/graphics/surface/SurfaceHW.cpp:883: Surface  xy: 4, uv: 4, tri: 2
04-23 10:13:05.029 10838 11035 I Claw    : [0m[      20.696] [30;1mjni/../jni/src/claw/graphics/surface/SurfaceHW.cpp:883: Surface  xy: 8, uv: 10, tri: 6
04-23 10:13:05.039 10838 11035 I Claw    : [0m[      20.697] [30;1mjni/../jni/src/claw/graphics/surface/SurfaceHW.cpp:883: Surface  xy: 8, uv: 10, tri: 6
04-23 10:13:05.039 10838 11123 I Claw    : [0m[      20.698] [30;1mjni/../jni/src/claw/vfs/NativeMount.cpp:244: Aquire java class for JNI method: com/Claw/Android/NativeMount
04-23 10:13:05.039 10838 11123 I Claw    : [0m[      20.698] [30;1mjni/../jni/src/claw/vfs/NativeMount.cpp:244: JNI class acquired, acquire java method: GetFreeDiskSpace with args: (Ljava/lang/String;)J
04-23 10:13:05.039 10838 11035 I Claw    : [0m[      20.698] [30;1mjni/../jni/src/claw/graphics/surface/SurfaceHW.cpp:883: Surface  xy: 8, uv: 10, tri: 6
04-23 10:13:05.039 10838 11035 I Claw    : [0m[      20.699] [30;1mjni/../jni/src/claw/graphics/surface/SurfaceHW.cpp:883: Surface  xy: 8, uv: 10, tri: 6
04-23 10:13:05.039 10838 11035 I Claw    : [0m[      20.699] [30;1mjni/../jni/src/claw/graphics/surface/SurfaceHW.cpp:883: Surface  xy: 7, uv: 9, tri: 5
04-23 10:13:05.039 10838 11123 I Claw    : [0m[        20.7] [30;1mjni/../jni/src/claw/vfs/NativeMount.cpp:244: Aquire java class for JNI method: com/Claw/Android/NativeMount
04-23 10:13:05.039 10838 11035 I Claw    : [0m[        20.7] [30;1mjni/../jni/src/claw/graphics/surface/SurfaceHW.cpp:883: Surface  xy: 12, uv: 16, tri: 10
04-23 10:13:05.039 10838 11123 I Claw    : [0m[        20.7] [30;1mjni/../jni/src/claw/vfs/NativeMount.cpp:244: JNI class acquired, acquire java method: GetFreeDiskSpace with args: (Ljava/lang/String;)J
04-23 10:13:05.039 10838 11035 I Claw    : [0m[        20.7] [30;1mjni/../jni/src/claw/graphics/surface/SurfaceHW.cpp:883: Surface  xy: 4, uv: 4, tri: 2
04-23 10:13:05.039 10838 11035 I Claw    : [0m[        20.7] [30;1mjni/../jni/src/claw/graphics/surface/SurfaceHW.cpp:883: Surface  xy: 4, uv: 4, tri: 2
04-23 10:13:05.039 10838 11035 I Claw    : [0m[      20.701] [30;1mjni/../jni/src/claw/graphics/surface/SurfaceHW.cpp:883: Surface  xy: 4, uv: 4, tri: 2
04-23 10:13:05.039 10838 11035 I Claw    : [0m[      20.701] [30;1mjni/../jni/src/claw/graphics/surface/SurfaceHW.cpp:883: Surface  xy: 4, uv: 4, tri: 2
04-23 10:13:05.039 10838 11035 I Claw    : [0m[      20.701] [30;1mjni/../jni/src/claw/graphics/surface/SurfaceHW.cpp:883: Surface  xy: 12, uv: 16, tri: 10
04-23 10:13:05.039 10838 11123 I Claw    : [0m[      20.701] [30;1mjni/../jni/src/claw/vfs/NativeMount.cpp:244: Aquire java class for JNI method: com/Claw/Android/NativeMount
04-23 10:13:05.039 10838 11123 I Claw    : [0m[      20.702] [30;1mjni/../jni/src/claw/vfs/NativeMount.cpp:244: JNI class acquired, acquire java method: GetFreeDiskSpace with args: (Ljava/lang/String;)J
04-23 10:13:05.039 10838 11035 I Claw    : [0m[      20.702] [30;1mjni/../jni/src/claw/graphics/surface/SurfaceHW.cpp:883: Surface  xy: 4, uv: 4, tri: 2
04-23 10:13:05.039 10838 11035 I Claw    : [0m[      20.702] [30;1mjni/../jni/src/claw/graphics/surface/SurfaceHW.cpp:883: Surface  xy: 4, uv: 4, tri: 2
04-23 10:13:05.039 10838 11035 I Claw    : [0m[      20.702] [30;1mjni/../jni/src/claw/graphics/surface/SurfaceHW.cpp:883: Surface  xy: 4, uv: 4, tri: 2
04-23 10:13:05.039 10838 11035 I Claw    : [0m[      20.703] [30;1mjni/../jni/src/claw/graphics/surface/SurfaceHW.cpp:883: Surface  xy: 4, uv: 4, tri: 2
04-23 10:13:05.039 10838 11035 I Claw    : [0m[      20.703] [30;1mjni/../jni/src/claw/graphics/surface/SurfaceHW.cpp:883: Surface  xy: 8, uv: 10, tri: 6
04-23 10:13:05.039 10838 11123 I Claw    : [0m[      20.704] [30;1mjni/../jni/src/claw/vfs/NativeMount.cpp:244: Aquire java class for JNI method: com/Claw/Android/NativeMount
04-23 10:13:05.039 10838 11123 I Claw    : [0m[      20.704] [30;1mjni/../jni/src/claw/vfs/NativeMount.cpp:244: JNI class acquired, acquire java method: GetFreeDiskSpace with args: (Ljava/lang/String;)J
04-23 10:13:05.039 10838 11035 I Claw    : [0m[      20.704] [30;1mjni/../jni/src/claw/graphics/surface/SurfaceHW.cpp:883: Surface  xy: 4, uv: 4, tri: 2
04-23 10:13:05.039 10838 11035 I Claw    : [0m[      20.704] [30;1mjni/../jni/src/claw/graphics/surface/SurfaceHW.cpp:883: Surface  xy: 4, uv: 4, tri: 2
04-23 10:13:05.039 10838 11035 I Claw    : [0m[      20.705] [30;1mjni/../jni/src/claw/graphics/surface/SurfaceHW.cpp:883: Surface  xy: 12, uv: 16, tri: 10
04-23 10:13:05.039 10838 11123 I Claw    : [0m[      20.705] [30;1mjni/../jni/src/claw/vfs/NativeMount.cpp:244: Aquire java class for JNI method: com/Claw/Android/NativeMount
04-23 10:13:05.039 10838 11035 I Claw    : [0m[      20.705] [30;1mjni/../jni/src/claw/graphics/surface/SurfaceHW.cpp:883: Surface  xy: 4, uv: 4, tri: 2
04-23 10:13:05.039 10838 11123 I Claw    : [0m[      20.705] [30;1mjni/../jni/src/claw/vfs/NativeMount.cpp:244: JNI class acquired, acquire java method: GetFreeDiskSpace with args: (Ljava/lang/String;)J
04-23 10:13:05.039 10838 11035 I Claw    : [0m[      20.706] [30;1mjni/../jni/src/claw/graphics/surface/SurfaceHW.cpp:883: Surface  xy: 4, uv: 4, tri: 2
04-23 10:13:05.039 10838 11035 I Claw    : [0m[      20.706] [30;1mjni/../jni/src/claw/graphics/surface/SurfaceHW.cpp:883: Surface  xy: 8, uv: 10, tri: 6
04-23 10:13:05.039 10838 11035 I Claw    : [0m[      20.707] [30;1mjni/../jni/src/claw/graphics/surface/SurfaceHW.cpp:883: Surface  xy: 8, uv: 10, tri: 6
04-23 10:13:05.049 10838 11035 I Claw    : [0m[      20.707] [30;1mjni/../jni/src/claw/graphics/surface/SurfaceHW.cpp:883: Surface  xy: 8, uv: 10, tri: 6
04-23 10:13:05.049 10838 11035 I Claw    : [0m[      20.708] [30;1mjni/../jni/src/claw/graphics/surface/SurfaceHW.cpp:883: Surface  xy: 4, uv: 4, tri: 2
04-23 10:13:05.049 10838 11035 I Claw    : [0m[      20.708] [30;1mjni/../jni/src/claw/graphics/surface/SurfaceHW.cpp:883: Surface  xy: 8, uv: 10, tri: 6
04-23 10:13:05.049 10838 11123 I Claw    : [0m[      20.708] [30;1mjni/../jni/src/claw/vfs/NativeMount.cpp:244: Aquire java class for JNI method: com/Claw/Android/NativeMount
04-23 10:13:05.049 10838 11123 I Claw    : [0m[      20.709] [30;1mjni/../jni/src/claw/vfs/NativeMount.cpp:244: JNI class acquired, acquire java method: GetFreeDiskSpace with args: (Ljava/lang/String;)J
04-23 10:13:05.049 10838 11035 I Claw    : [0m[      20.709] [30;1mjni/../jni/src/claw/graphics/surface/SurfaceHW.cpp:883: Surface  xy: 12, uv: 16, tri: 10
04-23 10:13:05.049 10838 11035 I Claw    : [0m[      20.709] [30;1mjni/../jni/src/claw/graphics/surface/SurfaceHW.cpp:883: Surface  xy: 12, uv: 16, tri: 10
04-23 10:13:05.049 10838 11035 I Claw    : [0m[       20.71] [30;1mjni/../jni/src/claw/graphics/surface/SurfaceHW.cpp:883: Surface  xy: 12, uv: 16, tri: 10
04-23 10:13:05.049 10838 11035 I Claw    : [0m[      20.711] [30;1mjni/../jni/src/claw/graphics/surface/SurfaceHW.cpp:883: Surface  xy: 8, uv: 10, tri: 6
04-23 10:13:05.049 10838 11123 I Claw    : [0m[      20.711] [30;1mjni/../jni/src/claw/vfs/NativeMount.cpp:244: Aquire java class for JNI method: com/Claw/Android/NativeMount
04-23 10:13:05.049 10838 11123 I Claw    : [0m[      20.711] [30;1mjni/../jni/src/claw/vfs/NativeMount.cpp:244: JNI class acquired, acquire java method: GetFreeDiskSpace with args: (Ljava/lang/String;)J
04-23 10:13:05.049 10838 11035 I Claw    : [0m[      20.711] [30;1mjni/../jni/src/claw/graphics/surface/SurfaceHW.cpp:883: Surface  xy: 12, uv: 16, tri: 10
04-23 10:13:05.049 10838 11035 I Claw    : [0m[      20.712] [30;1mjni/../jni/src/claw/graphics/surface/SurfaceHW.cpp:883: Surface  xy: 8, uv: 10, tri: 6
04-23 10:13:05.049 10838 11035 I Claw    : [0m[      20.713] [30;1mjni/../jni/src/claw/graphics/surface/SurfaceHW.cpp:883: Surface  xy: 8, uv: 10, tri: 6
04-23 10:13:05.049 10838 11123 I Claw    : [0m[      20.713] [30;1mjni/../jni/src/claw/vfs/NativeMount.cpp:244: Aquire java class for JNI method: com/Claw/Android/NativeMount
04-23 10:13:05.049 10838 11123 I Claw    : [0m[      20.713] [30;1mjni/../jni/src/claw/vfs/NativeMount.cpp:244: JNI class acquired, acquire java method: GetFreeDiskSpace with args: (Ljava/lang/String;)J
04-23 10:13:05.049 10838 11035 I Claw    : [0m[      20.714] [30;1mjni/../jni/src/claw/graphics/surface/SurfaceHW.cpp:883: Surface  xy: 4, uv: 4, tri: 2
04-23 10:13:05.049 10838 11035 I Claw    : [0m[      20.714] [30;1mjni/../jni/src/claw/graphics/surface/SurfaceHW.cpp:883: Surface  xy: 4, uv: 4, tri: 2
04-23 10:13:05.049 10838 11035 I Claw    : [0m[      20.715] [30;1mjni/../jni/src/claw/graphics/surface/SurfaceHW.cpp:883: Surface  xy: 4, uv: 4, tri: 2
04-23 10:13:05.049 10838 11035 I Claw    : [0m[      20.715] [30;1mjni/../jni/src/claw/graphics/surface/SurfaceHW.cpp:883: Surface  xy: 7, uv: 9, tri: 5
04-23 10:13:05.049 10838 11035 I Claw    : [0m[      20.716] [30;1mjni/../jni/src/claw/graphics/surface/SurfaceHW.cpp:883: Surface  xy: 8, uv: 10, tri: 6
04-23 10:13:05.049 10838 11035 I Claw    : [0m[      20.716] [30;1mjni/../jni/src/claw/graphics/surface/SurfaceHW.cpp:883: Surface