04-15 15:00:05.015  3777  4295 I ActivityManager: START u0 {act=android.content.pm.action.REQUEST_PERMISSIONS typ=null flg=0x0 cmp=ComponentInfo{com.google.android.packageinstaller/com.android.packageinstaller.permission.ui.GrantPermissionsActivity}} from uid 10082
04-15 15:00:05.016  3777  4295 W ActivityManager: REQUEST_PERMISSIONS Action.
04-15 15:00:05.020 18000 18182 W CoreComponentFactoryImpl: RetainedComponent will not be retained if  efi does not inherit FragmentActivity and fulfill kvr contract.
04-15 15:00:05.020 18159 18208 I vndksupport: sphal namespace is not configured for this process. Loading /vendor/lib64/egl/libGLES_mali.so from the current namespace instead.
04-15 15:00:05.025  4244  4244 D KeyguardUpdateMonitor: handleStatusBarState( false )
04-15 15:00:05.033 18159 18159 D SettingsProvider: onCreate()
04-15 15:00:05.040  3777  4295 D CustomFrequencyManagerService: releaseDVFSLockLocked : Getting Lock type frm List : DVFS_MIN_LIMIT  frequency : 2314000  uid : 1000  pid : 3777  tag : AMS_APP_SWITCH@CPU_MIN@58
04-15 15:00:05.040  4244  4244 D KeyguardUpdateMonitor: handleStatusBarState( false )
04-15 15:00:05.040  3777  4295 D CustomFrequencyManagerService: acquireDVFSLockLocked : type : DVFS_MIN_LIMIT  frequency : 2314000  uid : 1000  pid : 3777  pkgName : AMS_APP_SWITCH@CPU_MIN@58
04-15 15:00:05.040  3777  4295 D ActivityManagerPerformance: AMP_acquire() APP_SWITCH
04-15 15:00:05.041  3777  5031 D ActivityManagerPerformance: Received MSG_CFMS_HINT_AMS_SWITCH pkgName: com.google.android.packageinstaller
04-15 15:00:05.065 18159 18159 D VoiceWakeupApp: onCreate()
04-15 15:00:05.065  4244  4732 V SystemUIAnalytics: SAPreference : 1109 / 0
04-15 15:00:05.072  4244  4244 D KeyguardUpdateMonitor: handleStatusBarState( false )
04-15 15:00:05.075 18034 18034 W AudioManager: Use of stream types is deprecated for operations other than volume control
04-15 15:00:05.075 18034 18034 W AudioManager: See the documentation of requestAudioFocus() for what to use instead with android.media.AudioAttributes to qualify your playback use case
04-15 15:00:05.077  4244  4587 D TileLifecycleManager: Binding service Intent { cmp=com.android.settings/com.samsung.android.settings.qstile.PowerSavingTile (has extras) } UserHandle{0}
04-15 15:00:05.078  3777  4295 I MediaFocusControl:  AudioFocus  requestAudioFocus() from uid/pid 10082/18034 clientId=android.media.AudioManager$82958a3com.Claw.Android.ClawActivity$1$3ae97a0 req=1 flags=0x0
04-15 15:00:05.081  3777  4295 D AudioService: GetAppDevice, uid=10082
04-15 15:00:05.081  3777  4295 D MediaFocusControl: selectFocusStack, uid = 10082, appDevice = 0, device = 2
04-15 15:00:05.082  3777  4295 D AudioService: GetAppDevice, uid=10082
04-15 15:00:05.083 29469 29469 D AudioManager: dispatching onAudioFocusChange(-1) to android.media.AudioManager$e653943abxj$55dfbc0
04-15 15:00:05.086 18034 18034 D AudioManager: requestAudioFocus status : 1
04-15 15:00:05.086 18034 18034 D ClawActivity: onStart: AudioFocus granted = 1
04-15 15:00:05.087 18034 18034 I BranchSDK: Branch Warning: You are using your test app's Branch Key. Remember to change it to live Branch Key during deployment.
04-15 15:00:05.088  3777  4295 D ConnectivityService: filterNetworkStateForUid() uid: 10185 networkInfo: [type: WIFI[] - WIFI, state: DISCONNECTED/BLOCKED, reason: (unspecified), extra: (none), failover: false, available: true, roaming: false, metered: false]
04-15 15:00:05.088  3777  4295 D ConnectivityService: Returning blocked NetworkInfo to uid=10185
04-15 15:00:05.093  3777  3787 D StorageManagerService: getExternalStorageMountMode : 1
04-15 15:00:05.094  3777  3787 D StorageManagerService: getExternalStorageMountMode : 3
04-15 15:00:05.094  3777  3787 D StorageManagerService: getExternalStorageMountMode : final mountMode=1, uid : 1000, packageName : com.android.settings
04-15 15:00:05.095  3777  3787 I ApplicationPolicy: isApplicationExternalStorageWhitelisted:com.android.settings user:0
04-15 15:00:05.096  3777  3787 D ApplicationPolicy: isApplicationExternalStorageWhitelisted: DO is not enabled on user 0. Allowed.
04-15 15:00:05.096  3777  3787 D ActivityManager: package  com.android.settings, user - 0 is SDcard whitelisted
04-15 15:00:05.096  3777  3787 I ApplicationPolicy: isApplicationExternalStorageBlacklisted:com.android.settings user:0
04-15 15:00:05.096  3777  3787 D ApplicationPolicy: isApplicationExternalStorageBlacklisted: DO is not enabled on user 0. Allowed.
04-15 15:00:05.103  3230  3230 I android.hardware.wifi@1.0-service: getLinkLayerStats
04-15 15:00:05.110  3240  3240 I display : HWC dump:: resultSize(7494), outSize(32768), copySize(7494)
04-15 15:00:05.123  3777  3787 I ActivityManager: Start proc 18218:com.android.settings:QuickSettingsTile/1000 for service com.android.settings/com.samsung.android.settings.qstile.PowerSavingTile
04-15 15:00:05.128 18159 18159 D DeviceInfo: Device ID : dc58c8a1de8bc7221d5095131daab1987db0bc83a1fbd393ada67603a532283c
04-15 15:00:05.129  4244  4587 D TileLifecycleManager: onStartListening
04-15 15:00:05.129 18218 18218 E Zygote  : isWhitelistProcess - Process is Whitelisted
04-15 15:00:05.131 18218 18218 W SELinux : SELinux selinux_android_compute_policy_index : Policy Index[2],  Con:u:r:zygote:s0 RAM:SEPF_SM-G950F_8.0.0_0002, [-1 -1 -1 -1 0 1]
04-15 15:00:05.131  3777  4295 D ConnectivityService: filterNetworkStateForUid() uid: 10082 networkInfo: [type: WIFI[] - WIFI, state: CONNECTED/CONNECTED, reason: (unspecified), extra: "WLAN-B4G0MB", failover: false, available: true, roaming: false, metered: false]
04-15 15:00:05.131 18218 18218 I SELinux : SELinux: seapp_context_lookup: seinfo=platform, pkgname=com.android.settings:QuickSettingsTile 
04-15 15:00:05.132 18159 18208 D libEGL  : loaded /vendor/lib64/egl/libGLES_mali.so
04-15 15:00:05.141  3777  3787 D ConnectivityService: filterNetworkStateForUid() uid: 10082 networkInfo: [type: WIFI[] - WIFI, state: CONNECTED/CONNECTED, reason: (unspecified), extra: "WLAN-B4G0MB", failover: false, available: true, roaming: false, metered: false]
04-15 15:00:05.144  3777  3798 E zygote64: failed to kill 1 processes for processgroup 17156
04-15 15:00:05.147 18034 18229 I System.out: (HTTPLog)-Static: isSBSettingEnabled false
04-15 15:00:05.148 18034 18229 I System.out: (HTTPLog)-Static: isSBSettingEnabled false
04-15 15:00:05.149  3407  3624 D DnsProxyListener: DNSDBG::dns addrinfo af 2
04-15 15:00:05.155 18034 18240 I System.out: (HTTPLog)-Static: isSBSettingEnabled false
04-15 15:00:05.155 18034 18240 I System.out: (HTTPLog)-Static: isSBSettingEnabled false
04-15 15:00:05.156  3407  3624 D DnsProxyListener: DNSDBG::dns addrinfo af 2
04-15 15:00:05.160  3777 18569 I ClientCertificateManager Service: fixContextInfoForMP() returning Caller uid: 1000 ,Container id: 0
04-15 15:00:05.161  3777 18569 I ClientCertificateManager Service: fixContextInfoForMP() returning Caller uid: 1000 ,Container id: 0
04-15 15:00:05.161 18218 18218 D ActivityThread: Added TimaKeyStore provider
04-15 15:00:05.162 18159 18159 D AlwaysMicOnUtil: final_rbm.net is copied.
04-15 15:00:05.163  4244  4587 D Tile.MobileDataTile: handleUpdateState : state true
04-15 15:00:05.164  3777  4295 I ActivityManager: DSS on for com.android.settings and scale is 1.0
04-15 15:00:05.166 30042 30042 E adbd    : recv: OPEN 00000052 00000000 0019:73 68 65 6C 6C 2C 76 32 2C 72 61 77 3A 67 65 74 65 76 65 6E 74 20 2D 70 00 
04-15 15:00:05.166 30042 30042 E adbd    : service_to_fd: shell,v2,raw:getevent -p
04-15 15:00:05.167 18034 18034 I AppsFlyer_4.8.6: onBecameForeground
04-15 15:00:05.168 18034 18034 I AppsFlyer_4.8.6: Sending first launch for this session!
04-15 15:00:05.168  3777  4295 D StorageManagerService: getExternalStorageMountMode : 2
04-15 15:00:05.168  3777  4295 D StorageManagerService: getExternalStorageMountMode : 3
04-15 15:00:05.168  3777  4295 D StorageManagerService: getExternalStorageMountMode : final mountMode=2, uid : 10033, packageName : com.google.android.packageinstaller
04-15 15:00:05.169  3777  4295 I ApplicationPolicy: isApplicationExternalStorageWhitelisted:com.google.android.packageinstaller user:0
04-15 15:00:05.169  3777  4295 D ApplicationPolicy: isApplicationExternalStorageWhitelisted: DO is not enabled on user 0. Allowed.
04-15 15:00:05.169  3777  4295 D ActivityManager: package  com.google.android.packageinstaller, user - 0 is SDcard whitelisted
04-15 15:00:05.169  3777  4295 I ApplicationPolicy: isApplicationExternalStorageBlacklisted:com.google.android.packageinstaller user:0
04-15 15:00:05.169  3777  4295 D ApplicationPolicy: isApplicationExternalStorageBlacklisted: DO is not enabled on user 0. Allowed.
04-15 15:00:05.175 18159 18159 D AlwaysMicOnUtil: norm_fixed.bin is copied.
04-15 15:00:05.181  4244  4244 D KeyguardUpdateMonitor: handleStatusBarState( false )
04-15 15:00:05.182 18246 18246 E Zygote  : isWhitelistProcess - Process is Whitelisted
04-15 15:00:05.182  4244  4587 D TileLifecycleManager: Binding service Intent { cmp=com.samsung.android.lool/com.samsung.android.sm.ui.booster.PerformanceTile (has extras) } UserHandle{0}
04-15 15:00:05.183 18246 18246 W SELinux : SELinux selinux_android_compute_policy_index : Policy Index[2],  Con:u:r:zygote:s0 RAM:SEPF_SM-G950F_8.0.0_0002, [-1 -1 -1 -1 0 1]
04-15 15:00:05.184 18246 18246 I SELinux : SELinux: seapp_context_lookup: seinfo=untrusted, level=s0:c512,c768, pkgname=com.google.android.packageinstaller 
04-15 15:00:05.185  3777  4295 I ActivityManager: Start proc 18246:com.google.android.packageinstaller/u0a33 for activity com.google.android.packageinstaller/com.android.packageinstaller.permission.ui.GrantPermissionsActivity
04-15 15:00:05.186 18159 18159 D AlwaysMicOnUtil: rbm_48.net is copied.
04-15 15:00:05.193  4244  4244 D KeyguardUpdateMonitor: handleStatusBarState( false )
04-15 15:00:05.196  4244  4587 D TileLifecycleManager: onStartListening
04-15 15:00:05.200  4509 26679 D ForegroundUtils: could not check pending caller
04-15 15:00:05.201  4244  4587 D Tile.RotationLockTile:  handleUpdateState: true orientation = true
04-15 15:00:05.201  4244  4587 W Tile.CustomTile: handleUpdateState : hasPendingBind Oszcz.
04-15 15:00:05.201  4244  4587 W Tile.CustomTile: energii
04-15 15:00:05.214 18034 18034 W AudioManager: Use of stream types is deprecated for operations other than volume control
04-15 15:00:05.214 18034 18034 W AudioManager: See the documentation of requestAudioFocus() for what to use instead with android.media.AudioAttributes to qualify your playback use case
04-15 15:00:05.216  4244  4587 W Tile.CustomTile: handleUpdateState : hasPendingBind Tryb
04-15 15:00:05.216  4244  4587 W Tile.CustomTile: wydajności
04-15 15:00:05.216  3777 18569 I MediaFocusControl:  AudioFocus  requestAudioFocus() from uid/pid 10082/18034 clientId=android.media.AudioManager$82958a3com.Claw.Android.ClawActivity$1$3ae97a0 req=1 flags=0x0
04-15 15:00:05.217  3777 18569 D AudioService: GetAppDevice, uid=10082
04-15 15:00:05.217  3777 18569 D MediaFocusControl: selectFocusStack, uid = 10082, appDevice = 0, device = 2
04-15 15:00:05.217 18034 18034 D AudioManager: requestAudioFocus status : 1
04-15 15:00:05.218 18034 18034 D ClawActivity: onResume: AudioFocus granted = 1
04-15 15:00:05.226  4244  4244 D KeyguardUpdateMonitor: handleStatusBarState( false )
04-15 15:00:05.228 17693 17693 I PerformanceTile: onCreate, Performance0
04-15 15:00:05.245  4244  4244 D TileLifecycleManager: onServiceConnected ComponentInfo{com.samsung.android.lool/com.samsung.android.sm.ui.booster.PerformanceTile}
04-15 15:00:05.245  4244  4244 D TileLifecycleManager: Handling pending onStartListening
04-15 15:00:05.245  4244  4244 D TileLifecycleManager: onStartListening
04-15 15:00:05.246  3777 18569 I ClientCertificateManager Service: fixContextInfoForMP() returning Caller uid: 10033 ,Container id: 0
04-15 15:00:05.246  3777 18569 I ClientCertificateManager Service: fixContextInfoForMP() returning Caller uid: 10033 ,Container id: 0
04-15 15:00:05.247  3777 18569 I ClientCertificateManager Service: ClientCertificateManager.isPremiumContainer() : false for user : 0
04-15 15:00:05.255 18034 18264 I System.out: (HTTPLog)-Static: isSBSettingEnabled false
04-15 15:00:05.256 18034 18264 I System.out: (HTTPLog)-Static: isSBSettingEnabled false
04-15 15:00:05.262  3777 15675 D SecContentProvider: query(), uri = 17 selection = isSettingsChangesAllowed
04-15 15:00:05.266  3777 15675 D SecContentProvider: called from android.uid.system:1000
04-15 15:00:05.266  3777 15675 D RestrictionPolicy: isSettingsChangesAllowedAsUser, userId 0 : true
04-15 15:00:05.273  3777  3786 I zygote64: Background concurrent copying GC freed 102741(7MB) AllocSpace objects, 81(2MB) LOS objects, 27% free, 63MB/87MB, paused 1.229ms total 425.036ms
04-15 15:00:05.274  4949  4949 D io_stats: !@   8,0 r 7970214 305747256 w 4397999 40467860 d 141204 45836540 f 1583506 1613837 iot 4165312 3536625 th 211780 0 0 pt 0 inp 1 0 93854.177
04-15 15:00:05.274  3777 18569 I ClientCertificateManager Service: fixContextInfoForMP() returning Caller uid: 10033 ,Container id: 0
04-15 15:00:05.274  3777 18569 I ClientCertificateManager Service: fixContextInfoForMP() returning Caller uid: 10033 ,Container id: 0
04-15 15:00:05.274  3777 18569 I ClientCertificateManager Service: ClientCertificateManager.isPremiumContainer() : false for user : 0
04-15 15:00:05.275 18034 18267 D OpenGLRenderer: HWUI GL Pipeline
04-15 15:00:05.276 17693 17693 I PerformanceTile: updateState, mode=0, state=1
04-15 15:00:05.276 18159 18159 D AlwaysMicOnUtil: train.oov.ftr.ark is copied.
04-15 15:00:05.277 18246 18246 D ActivityThread: Added TimaKeyStore provider
04-15 15:00:05.278  4244  7758 D Tile.CustomTile: updateState : Label = Tryb
04-15 15:00:05.278  4244  7758 D Tile.CustomTile: wydajności, State = 1, Icon = Icon(typ=RESOURCE pkg=com.samsung.android.lool id=0x7f020089)
04-15 15:00:05.281  3777 18569 I ActivityManager: DSS on for com.google.android.packageinstaller and scale is 1.0
04-15 15:00:05.281 18159 18159 D AlwaysMicOnUtil: train.oov.lab.ark.48 is copied.
04-15 15:00:05.287 18034 18034 D ViewRootImpl@a8e712e[BootActivity]: setView = DecorView@cb664cf[BootActivity] TM=true MM=false
04-15 15:00:05.288  3777 18569 D ActivityManager: post active user change for 0 fullscreen true isHomeActivity() false
04-15 15:00:05.288 18034 18034 D AppsFlyer_4.8.6: InstallReferrer connected
04-15 15:00:05.291 18159 18159 D AlwaysMicOnUtil: train.oov.lab.ark.78 is copied.
04-15 15:00:05.298 18218 18269 I vndksupport: sphal namespace is not configured for this process. Loading /vendor/lib64/egl/libGLES_mali.so from the current namespace instead.
04-15 15:00:05.304 18159 18159 D AlwaysMicOnUtil: ubm.bin is copied.
04-15 15:00:05.308  3777  3787 D PowerManagerService: [api] release WakeLock SCREEN_BRIGHT_WAKE_LOCK        'Claw' ACQUIRE_CAUSES_WAKEUP ACQ=-898ms (uid=10082 pid=18034) (0x0)
04-15 15:00:05.308  3777  3787 D EdgeLightingManager: hideForWakeLock packageName=com.huuuge.stars.slots
04-15 15:00:05.308  3777  3787 D EdgeLightingManager: isCallingUserSupported : callingUserId=0, mUserId=0, isDualAppId=false
04-15 15:00:05.308  3777  3787 D EdgeLightingClientManager: isAvailableEdgeLighting: condition=2 mCondition=3 mIsConnected=false0
04-15 15:00:05.308  3777  3787 D EdgeLightingPolicyManager: isAcceptableApplication:  pkg=com.huuuge.stars.slots , range=4 , includeAllApp=false , userId=0 , infoRange=0 , infoCategory=0
04-15 15:00:05.308  3777  3787 D EdgeLightingPolicyManager: isAcceptableApplication: getAcceptablePolicy false
04-15 15:00:05.308  3777  3787 D EdgeLightingManager: hideForWakeLockInternal : return false by isAcceptableApplication.
04-15 15:00:05.309  3777  3787 D ActivityManager: isScaleDownAnimationEnabled() : false
04-15 15:00:05.311 18218 18269 D libEGL  : loaded /vendor/lib64/egl/libGLES_mali.so
04-15 15:00:05.312  3777  3787 D PersonaManagerService: Current focused persona service handled id set to : 0
04-15 15:00:05.312  3777  3787 D InputDispatcher: Focused application set to: xxxx
04-15 15:00:05.314  3777  4083 D GameManagerService: handleForegroundChange(). pkgName: com.google.android.packageinstaller, clsName: com.android.packageinstaller.permission.ui.GrantPermissionsActivity,FgActivityName:com.google.android.packageinstaller/com.android.packageinstaller.permission.ui.GrantPermissionsActivity
04-15 15:00:05.314 18000 18000 E zygote64: The String#value field is not present on Android versions >= 6.0
04-15 15:00:05.314  3777  4083 D GameManagerService: sem_perfomance_mode: 0
04-15 15:00:05.314  3777  4083 D GameManagerService: notifyResumePause(). pkg: com.google.android.packageinstaller, type: 4, isMinimized: false, isTunableApp: false
04-15 15:00:05.314  3777  4083 D GameManagerService:   notifyResumePause(). do nothing. mKillNotiCount: 3
04-15 15:00:05.315  3777  3787 D MARsPolicyManager: onPackageResumedFG pkgName = com.google.android.packageinstaller, userId = 0
04-15 15:00:05.315 18159 18159 D AlwaysMicOnUtil: ubm_fixed.bin is copied.
04-15 15:00:05.316 18159 18159 D VoiceWakeupInfo: current locale language : pl_pl
04-15 15:00:05.318  3777  3879 D ViewRootImpl@ab1e07a[slots]: MSG_RESIZED_REPORT: frame=Rect(0, 0 - 2960, 1440) ci=Rect(0, 0 - 192, 0) vi=Rect(0, 96 - 192, 0) or=2
04-15 15:00:05.319 18034 18243 I AppsFlyer_4.8.6: sendTrackingWithEvent from activity: com.huuuge.casino.BootActivity
04-15 15:00:05.320 18034 18243 I AppsFlyer_4.8.6: Trying to fetch GAID..
04-15 15:00:05.321  3777 21596 I SensorService: createSensorEventConnection package name com.appsflyer.f
04-15 15:00:05.323  3777 21596 D SensorService: Calling batch handle==6 flags=0 rate=2000000 timeout== 0
04-15 15:00:05.323  3227  3882 I Sensors : batch - accelerometer_sensor try to batching with 2000000
04-15 15:00:05.323  4509 26679 D ForegroundUtils: could not check pending caller
04-15 15:00:05.324  4689  4689 I SemPersonaManager: SecureFolder personaId = 150
04-15 15:00:05.325  3227  3882 I Sensors : AccSensor old sensor_state 16384, new sensor_state : 16385 en : 1
04-15 15:00:05.328 17723 17744 D LanguageSettingsProvider: :Ph::query content://com.samsung.android.bixby.agent.settings/language
04-15 15:00:05.328 17723 17744 D PreferenceObserver: :Ph::registerListener()
04-15 15:00:05.328 17723 17744 I BixbySettings: :Ph::Stored Bixby Locale : en-US
04-15 15:00:05.328 17723 17744 I GlobalConstant: :Ph::setLocale locale : en_US
04-15 15:00:05.328 18034 18034 D SensorManager: registerListener :: 6, LSM6DSL Acceleration Sensor, 0, 0,  
04-15 15:00:05.329  3777  7943 I SensorService: createSensorEventConnection package name com.appsflyer.f
04-15 15:00:05.329  3777  4295 D SensorService: Calling batch handle==7 flags=0 rate=2000000 timeout== 0
04-15 15:00:05.330  3227  3882 I Sensors : batch - gyro_sensor try to batching with 2000000
04-15 15:00:05.330  3227  3882 I Sensors : GyroSensor old sensor_state 16385, new sensor_state : 16387 en : 1
04-15 15:00:05.330 18246 18273 I vndksupport: sphal namespace is not configured for this process. Loading /vendor/lib64/egl/libGLES_mali.so from the current namespace instead.
04-15 15:00:05.331  3777  7440 D GamePkgDataHelper: getGamePkgDataIncServer(). com.google.android.packageinstaller
04-15 15:00:05.332 18034 18034 D SensorManager: registerListener :: 7, LSM6DSL Gyroscope Sensor, 0, 0,  
04-15 15:00:05.333  3777  7440 D GameManagerService: identifyGamePackage. com.google.android.packageinstaller
04-15 15:00:05.333  3777  7440 D GamePkgDataHelper: getGamePkgData(). com.google.android.packageinstaller
04-15 15:00:05.333  3777  3787 I SensorService: createSensorEventConnection package name com.appsflyer.f
04-15 15:00:05.334  3777 15675 D SensorService: Calling batch handle==11 flags=0 rate=10000000 timeout== 0
04-15 15:00:05.335  3227  3882 I Sensors : batch - geomagnetic_sensor try to batching with 10000000
04-15 15:00:05.335  3777  3879 V WindowManager: Relayout Window{96d8a46 u0 Splash Screen com.huuuge.stars.slots}: viewVisibility=0 req=2960x1440 WM.LayoutParams{(0,0)(fillxfill) sim=#20 ty=3 fl=#1830518 pfl=0x1020011 wanim=0x1030001 vsysui=0x410 needsMenuKey=2 colorMode=0 naviIconColor=0}
04-15 15:00:05.336  3777  7440 D GamePkgDataHelper: getSosPolicy(). com.google.android.packageinstaller
04-15 15:00:05.336  3777  7440 D GameManagerService: identifyGamePackage. com.google.android.packageinstaller
04-15 15:00:05.336  3777  7440 D GamePkgDataHelper: getGamePkgData(). com.google.android.packageinstaller
04-15 15:00:05.337  3227  3882 I Sensors : GeoMagneticSensor old sensor_state 16387, new sensor_state : 16403 en : 1
04-15 15:00:05.338  3777  7440 D GameManagerService: identifyGamePackage. com.google.android.packageinstaller
04-15 15:00:05.339  3777  7440 D GamePkgDataHelper: getGamePkgData(). com.google.android.packageinstaller
04-15 15:00:05.340 18034 18034 D SensorManager: registerListener :: 11, AK09916C Magnetic field Sensor, 0, 0,  
04-15 15:00:05.340  3777  7440 D GameManagerService: identifyGamePackage. com.google.android.packageinstaller
04-15 15:00:05.341 18034 18034 V InputMethodManager: Not IME target window, ignoring
04-15 15:00:05.342  3777  7440 D GamePkgDataHelper: getGamePkgData(). com.google.android.packageinstaller
04-15 15:00:05.343 18034 18034 D ViewRootImpl@a8e712e[BootActivity]: dispatchAttachedToWindow
04-15 15:00:05.347 18159 18159 D VoiceWakeupInfo: bixbyLanguage : en_us
04-15 15:00:05.350 18246 18273 D libEGL  : loaded /vendor/lib64/egl/libGLES_mali.so
04-15 15:00:05.350 18159 18159 D AlwaysMicOnUtil: hibixby_ap_grammar_en_us.bin is copied.
04-15 15:00:05.352 18159 18159 D AlwaysMicOnUtil: hibixby_ap_grammar_media_en_us.bin is copied.
04-15 15:00:05.355  3777  3879 D ViewRootImpl@ab1e07a[slots]: Relayout returned: old=[0,0][2960,1440] new=[0,0][2960,1440] result=0x23 surface={valid=true 523223924736} changed=false
04-15 15:00:05.358 18159 18159 D AlwaysMicOnUtil: hibixby_ap_net_en_us.bin is copied.
04-15 15:00:05.359  3777  7943 V WindowManager: Relayout Window{8ee67b5 u0 com.huuuge.stars.slots/com.huuuge.casino.BootActivity}: viewVisibility=0 req=2768x1344 WM.LayoutParams{(0,0)(fillxfill) sim=#23 ty=1 fl=#1810500 pfl=0x1020000 wanim=0x1030001 vsysui=0x1716 needsMenuKey=2 colorMode=0 naviIconColor=0}
04-15 15:00:05.360  3240  3240 I SurfaceFlinger: id=5867 createSurf (2960x1440),1 flag=404, com.huuuge.stars.slots/com.huuuge.casino.BootActivity#0
04-15 15:00:05.363 18159 18159 D AlwaysMicOnUtil: hibixby_ap_net_media_en_us.bin is copied.
04-15 15:00:05.363  3777  7943 V Surface : sf_framedrop debug : 0x4f4c, game : false, logging : 0
04-15 15:00:05.370 18034 18034 V Surface : sf_framedrop debug : 0x4f4c, game : false, logging : 0
04-15 15:00:05.372 18034 18034 D ViewRootImpl@a8e712e[BootActivity]: Relayout returned: old=[0,0][0,0] new=[0,0][2960,1440] result=0x7 surface={valid=true 3379314688} changed=true
04-15 15:00:05.372 17723 17744 D ServiceIdProvider: :Ph::query content://com.samsung.android.bixby.agent.serviceid/service_id
04-15 15:00:05.373 17723 17744 D ServiceIdProvider: :Ph::android.content.UriMatcher@89f70bc
04-15 15:00:05.373  3777  3777 D PreBindingService: handleMessage : 1
04-15 15:00:05.380 18159 18159 D VoiceWakeupInfo: getBixbyServiceID: USF3ROLGMBE95FZMJH5TB6V2X6QILCZ2
04-15 15:00:05.383  3777  3879 V WindowManager: finishDrawingLocked: mDrawState=COMMIT_DRAW_PENDING Window{96d8a46 u0 Splash Screen com.huuuge.stars.slots} in Surface(name=Splash Screen com.huuuge.stars.slots)
04-15 15:00:05.384  3777  3879 D ViewRootImpl@ab1e07a[slots]: MSG_RESIZED_REPORT: frame=Rect(0, 0 - 2960, 1440) ci=Rect(0, 0 - 192, 0) vi=Rect(0, 96 - 192, 0) or=1
04-15 15:00:05.385  3777 21596 D ConnectivityService: filterNetworkStateForUid() uid: 10185 networkInfo: [type: WIFI[] - WIFI, state: DISCONNECTED/BLOCKED, reason: (unspecified), extra: (none), failover: false, available: true, roaming: false, metered: false]
04-15 15:00:05.401  3777  7943 D ConnectivityService: filterNetworkStateForUid() uid: 10185 networkInfo: [type: WIFI[] - WIFI, state: DISCONNECTED/BLOCKED, reason: (unspecified), extra: (none), failover: false, available: true, roaming: false, metered: false]
04-15 15:00:05.406  4244  4244 D ViewRootImpl@491ce19[NavBarTouchConsumer]: MSG_RESIZED_REPORT: frame=Rect(2937, 0 - 2960, 1440) ci=Rect(0, 0 - 0, 0) vi=Rect(0, 0 - 0, 0) or=2
04-15 15:00:05.406  3777  3797 D WindowManager: set systemUiVisibility : systemUiFlags= 0x161a fullscreenStackSysUiFlags= 0x0
04-15 15:00:05.408  3777  3879 D ViewRootImpl@ab1e07a[slots]: MSG_RESIZED_REPORT: frame=Rect(0, 0 - 2960, 1440) ci=Rect(0, 0 - 0, 0) vi=Rect(0, 0 - 0, 0) or=1
04-15 15:00:05.408  3240  3240 D SurfaceFlinger:   Display[0] configurations (* current):
04-15 15:00:05.408  3240  3240 D SurfaceFlinger:     * 0: 1440x2960, xdpi=562.706970, ydpi=565.293030, refresh=16666666
04-15 15:00:05.408  3240  3240 D SurfaceFlinger:   numHwLayers=5, flags=00000000
04-15 15:00:05.408  3240  3240 D SurfaceFlinger:     type   |  handle  | hint | flag | tr | blnd |   format    |     source crop (l,t,r,b)      |          frame         | name 
04-15 15:00:05.408  3240  3240 D SurfaceFlinger: -----------+----------+------+------+----+------+-------------+--------------------------------+------------------------+------
04-15 15:00:05.408  3240  3240 D SurfaceFlinger:        HWC | 786fa2ba80 | 0000 | 0020 | 04 | 0100 | RGBA_8888   |    0.0,    0.0, 2960.0, 1440.0 |    0,    0, 1440, 2960 | Splash Screen com.huuuge.stars.slots#0
04-15 15:00:05.408  3240  3240 D SurfaceFlinger:        HWC | 786fa2bee0 | 0000 | 0000 | 00 | 0105 | RGBA_8888   |    0.0,    0.0,   96.0, 2960.0 | 1344,    0, 1440, 2960 | StatusBar#0
04-15 15:00:05.408  3240  3240 D SurfaceFlinger:        HWC | 786fe57f40 | 0000 | 0000 | 00 | 0105 | RGBA_8888   |    0.0,    0.0, 1440.0,  192.0 |    0, 2768, 1440, 2960 | NavigationBar#0
04-15 15:00:05.408  3240  3240 D SurfaceFlinger:        HWC | 786fe59ec0 | 0000 | 0100 | 00 | 0105 | RGBA_8888   |    0.0,    0.0, 1440.0, 2960.0 |    0,    0, 1440, 2960 | ScreenshotSurface#0
04-15 15:00:05.408  3240  3240 D SurfaceFlinger:  FB TARGET | 786fe558c0 | 0000 | 0000 | 
04-15 15:00:05.408  3240  3240 D SurfaceFlinger: 00 | 0105 | RGBA_8888   |    0.0,    0.0, 1440.0, 2960.0 |    0,    0, 1440, 2960 | HWC_FRAMEBUFFER_TARGET
04-15 15:00:05.420  3240  3240 D SurfaceFlinger:   Display[0] configurations (* current):
04-15 15:00:05.420  3240  3240 D SurfaceFlinger:     * 0: 1440x2960, xdpi=562.706970, ydpi=565.293030, refresh=16666666
04-15 15:00:05.420  3240  3240 D SurfaceFlinger:   numHwLayers=3, flags=00000000
04-15 15:00:05.420  3240  3240 D SurfaceFlinger:     type   |  handle  | hint | flag | tr | blnd |   format    |     source crop (l,t,r,b)      |          frame         | name 
04-15 15:00:05.420  3240  3240 D SurfaceFlinger: -----------+----------+------+------+----+------+-------------+--------------------------------+------------------------+------
04-15 15:00:05.420  3240  3240 D SurfaceFlinger:        HWC | 786fa2ba80 | 0000 | 0020 | 04 | 0100 | RGBA_8888   |    0.0,    0.0, 2960.0, 1440.0 |    0,    0, 1440, 2960 | Splash Screen com.huuuge.stars.slots#0
04-15 15:00:05.420  3240  3240 D SurfaceFlinger:        HWC | 786fe59ec0 | 0000 | 0100 | 00 | 0105 | RGBA_8888   |    0.0,    0.0, 1440.0, 2960.0 |    0,    0, 1440, 2960 | ScreenshotSurface#0
04-15 15:00:05.420  3240  3240 D SurfaceFlinger:  FB TARGET | 786fe558c0 | 0000 | 0000 | 00 | 0105 | RGBA_8888   |    0.0,    0.0, 1440.0, 2960.0 |    0,    0, 1440, 2960 | HWC_FRAMEBUFFER_TARGET
04-15 15:00:05.421  3777  3879 V WindowManager: Relayout Window{96d8a46 u0 Splash Screen com.huuuge.stars.slots}: viewVisibility=0 req=2960x1440 WM.LayoutParams{(0,0)(fillxfill) sim=#20 ty=3 fl=#1830518 pfl=0x1020011 wanim=0x1030001 vsysui=0x410 needsMenuKey=2 colorMode=0 naviIconColor=0}
04-15 15:00:05.424  3777  3879 D ViewRootImpl@ab1e07a[slots]: Relayout returned: old=[0,0][2960,1440] new=[0,0][2960,1440] result=0x3 surface={valid=true 523223924736} changed=false
04-15 15:00:05.425  4689  4689 D KNOXCORE::LockSecureFolderTask: started: 150
04-15 15:00:05.425  4689  4689 D KNOXCORE::LockSecureFolderTask: ResumedActivity userId0[com.google.android.packageinstaller/com.android.packageinstaller.permission.ui.GrantPermissionsActivity]
04-15 15:00:05.426  3777  4295 V WindowManager: finishDrawingLocked: mDrawState=COMMIT_DRAW_PENDING Window{cfd6e07 u0 NavBarTouchConsumer} in Surface(name=NavBarTouchConsumer)
04-15 15:00:05.440  3777  3777 D CustomFrequencyManagerService: releaseDVFSLockLocked : Getting Lock type frm List : DVFS_MIN_LIMIT  frequency : 2314000  uid : 1000  pid : 3777  tag : PWM_ROTATION@CPU_MIN@80
04-15 15:00:05.440  3777  3805 W WindowManager: Window freeze timeout expired.
04-15 15:00:05.480  3777  3805 W WindowManager: Force clearing orientation change: Window{cfd6e07 u0 NavBarTouchConsumer}
04-15 15:00:05.480  3777  3805 W WindowManager: Force clearing orientation change: Window{96d8a46 u0 Splash Screen com.huuuge.stars.slots}
04-15 15:00:05.480  3777  3805 W WindowManager: Force clearing orientation change: Window{8ee67b5 u0 com.huuuge.stars.slots/com.huuuge.casino.BootActivity}
04-15 15:00:05.484 18246 18254 I zygote64: Do partial code cache collection, code=0B, data=0B
04-15 15:00:05.485  3777  3935 D MdnieScenarioControlService:  packageName : com.google.android.packageinstaller    className : com.android.packageinstaller.permission.ui.GrantPermissionsActivity
04-15 15:00:05.486  3777  3935 V MdnieScenarioControlService: setUIMode from UI function(3)
04-15 15:00:05.487  3216  3649 D audio_hw_primary_abox: device-adev_set_parameters: enter with key(display_rotation=1)
04-15 15:00:05.488  3216  3649 D audio_hw_primary_abox: device-adev_set_parameters: exit
04-15 15:00:05.489  4244  7758 D SystemServicesProxy: updateOverviewLastStackActiveTimeAsync: newTime=1523793356861
04-15 15:00:05.492  3777 21596 D SecContentProvider: query(), uri = 17 selection = isSettingsChangesAllowed
04-15 15:00:05.493  3397  3553 V MultiRecordManager: setParameters(): io 0, keyvalue display_rotation=1, calling pid 3777
04-15 15:00:05.494  3777 21596 D SecContentProvider: called from android.uid.systemui:10008
04-15 15:00:05.495  3240  3240 I SurfaceFlinger: id=5868 createSurf (2960x1440),4 flag=404, SurfaceView - com.huuuge.stars.slots/com.huuuge.casino.BootActivity@ca9d448@0#0
04-15 15:00:05.495  3777 21596 D RestrictionPolicy: isSettingsChangesAllowedAsUser, userId 0 : true
04-15 15:00:05.495  3240  3240 I SurfaceFlinger: id=5869 createSurf (2960x1440),-1 flag=20404, Background for - SurfaceView - com.huuuge.stars.slots/com.huuuge.casino.BootActivity@ca9d448@0#0
04-15 15:00:05.496 18034 18034 D SurfaceView: BG show() Surface(name=Background for - SurfaceView - com.huuuge.stars.slots/com.huuuge.casino.BootActivity@ca9d448@0) com.Claw.Android.ClawGLSurfaceView{ca9d448 VFE...... .F....ID 0,0-2960,1440}
04-15 15:00:05.497  4244  4451 D SystemServicesProxy: updateOverviewLastStackActiveTimeAsync: done.
04-15 15:00:05.501 18246 18254 I zygote64: After code cache collection, code=0B, data=0B
04-15 15:00:05.501 18246 18254 I zygote64: Increasing code cache capacity to 128KB
04-15 15:00:05.502 18034 18034 V Surface : sf_framedrop debug : 0x4f4c, game : false, logging : 0
04-15 15:00:05.503 18034 18034 V Surface : sf_framedrop debug : 0x4f4c, game : false, logging : 0
04-15 15:00:05.503 18034 18034 D SurfaceView: surfaceCreated 1 com.Claw.Android.ClawGLSurfaceView{ca9d448 VFE...... .F....ID 0,0-2960,1440}
04-15 15:00:05.504 18034 18034 D SurfaceView: surfaceChanged (2960,1440) 1 com.Claw.Android.ClawGLSurfaceView{ca9d448 VFE...... .F....ID 0,0-2960,1440}
04-15 15:00:05.504 18246 18254 I zygote64: Do partial code cache collection, code=0B, data=0B
04-15 15:00:05.504 18246 18254 I zygote64: After code cache collection, code=0B, data=0B
04-15 15:00:05.505 18246 18254 I zygote64: Increasing code cache capacity to 256KB
04-15 15:00:05.518 18246 18254 I zygote64: Method exceeds compiler instruction limit: 25337 in void org.ccil.cowan.tagsoup.HTMLSchema.<init>()
04-15 15:00:05.585  3777 15675 D WindowManager: adjustSystemUiVisibilityLw : vis= 0x161a
04-15 15:00:05.585  4244  4244 D BarTransitions.SecNavigationBarView: MODE_TRANSPARENT -> MODE_OPAQUE animate=false
04-15 15:00:05.589  3777  3936 D AllAroundSensingService: packageName : com.google.android.packageinstaller    className : com.android.packageinstaller.permission.ui.GrantPermissionsActivity
04-15 15:00:05.589  3777  3936 V AllAroundSensingService: setPlatformBrightnessValue 120
04-15 15:00:05.590  4244  4244 D KeyguardUpdateMonitor: handleStatusBarState( false )
04-15 15:00:05.590  4244  4244 D KeyguardUpdateMonitor: handleStatusBarState( false )
04-15 15:00:05.597  3777  3879 V WindowManager: finishDrawingLocked: mDrawState=COMMIT_DRAW_PENDING Window{96d8a46 u0 Splash Screen com.huuuge.stars.slots} in Surface(name=Splash Screen com.huuuge.stars.slots)
04-15 15:00:05.598  3777  4295 D ConnectivityService: filterNetworkStateForUid() uid: 10026 networkInfo: [type: WIFI[] - WIFI, state: CONNECTED/CONNECTED, reason: (unspecified), extra: "WLAN-B4G0MB", failover: false, available: true, roaming: false, metered: false]
04-15 15:00:05.624 30042 30042 E adbd    : recv: OPEN 00000056 00000000 007a:73 68 65 6C 6C 2C 76 32 2C 72 61 77 3A 4C 44 5F 4C 49 42 52 41 52 59 5F 50 41 54 48 3D 2F 64 61 74 61 2F 6C 6F 63 61 6C 2F 74 6D 70 20 2F 64 61 74 61 2F 6C 6F 63 61 6C 2F 74 6D 70 2F 6D 69 6E 69 63 61 70 20 2D 6E 20 27 6D 69 6E 69 63 61 70 5F 31 35 30 31 30 27 20 2D 50 20 31 34 34 30 78 32 39 36 30 40 31 34 34 30 78 32 39 36 30 2F 39 30 20 2D 6C 20 32 3E 26 31 00 
04-15 15:00:05.625 30042 30042 E adbd    : service_to_fd: shell,v2,raw:LD_LIBRARY_PATH=/data/local/tmp /data/local/tmp/minicap -n 'minicap_15010' -P 1440x2960@1440x2960/90 -l 2>&1
04-15 15:00:05.636  4244  4244 D KeyguardUpdateMonitor: handleStatusBarState( false )
04-15 15:00:05.639 18246 18246 D ScrollView: initGoToTop
04-15 15:00:05.642  3777 15675 D ConnectivityService: filterNetworkStateForUid() uid: 10185 networkInfo: [type: WIFI[] - WIFI, state: DISCONNECTED/BLOCKED, reason: (unspecified), extra: (none), failover: false, available: true, roaming: false, metered: false]
04-15 15:00:05.667 18034 18267 I OpenGLRenderer: Initialized EGL, version 1.4
04-15 15:00:05.667 18034 18267 D OpenGLRenderer: Swap behavior 2
04-15 15:00:05.671 18034 18195 D Context factory: creating OpenGL ES context
04-15 15:00:05.674  3777 15675 D ConnectivityService: filterNetworkStateForUid() uid: 10185 networkInfo: [type: WIFI[] - WIFI, state: DISCONNECTED/BLOCKED, reason: (unspecified), extra: (none), failover: false, available: true, roaming: false, metered: false]
04-15 15:00:05.681 18218 18218 W zygote64: Class com.samsung.context.sdk.samsunganalytics.SamsungAnalytics failed lock verification and will run slower.
04-15 15:00:05.681 18218 18218 W zygote64: Common causes for lock verification issues are non-optimized dex code
04-15 15:00:05.681 18218 18218 W zygote64: and incorrect proguard optimizations.
04-15 15:00:05.687  3240  3240 V Surface : sf_framedrop debug : 0x4f4c, game : false, logging : 0
04-15 15:00:05.687  3240  3240 I VirtualDisplaySurface: connect() api 1, producerControlledByApp 0
04-15 15:00:05.688  3240  3240 I VirtualDisplaySurface: connect(SOURCE_SINK) api 1, producerControlledByApp 0, result 0
04-15 15:00:05.689  3240  3240 E FrameEvents: Source mDeltas not empty.
04-15 15:00:05.689  3240  3240 E FrameEvents: Source mDeltas not empty.
04-15 15:00:05.690  3240  3240 D mali_winsys: EGLint new_window_surface(egl_winsys_display *, void *, EGLSurface, EGLConfig, egl_winsys_surface **, egl_color_buffer_format *, EGLBoolean) returns 0x3000,  [2960x1440]-format:1
04-15 15:00:05.692 18218 18218 D SamsungAnalytics: cf feature is supported
04-15 15:00:05.692 18034 18267 D libGLESv1: STS_GLApi : DTS, ODTC are not allowed for Package : com.huuuge.stars.slots
04-15 15:00:05.695 30042 30042 E adbd    : recv: OPEN 00000057 00000000 001c:6C 6F 63 61 6C 61 62 73 74 72 61 63 74 3A 6D 69 6E 69 63 61 70 5F 31 35 30 31 30 00 
04-15 15:00:05.695 30042 30042 E adbd    : service_to_fd: localabstract:minicap_15010
04-15 15:00:05.701 18034 18267 D mali_winsys: EGLint new_window_surface(egl_winsys_display *, void *, EGLSurface, EGLConfig, egl_winsys_surface **, egl_color_buffer_format *, EGLBoolean) returns 0x3000,  [2960x1440]-format:1
04-15 15:00:05.701 18034 18267 D OpenGLRenderer: eglCreateWindowSurface = 0xc93f2ed0
04-15 15:00:05.710  3240  3240 D         : NULL == surf->write_back_color_buffer
04-15 15:00:05.711 18034 18034 D ViewRootImpl@a8e712e[BootActivity]: MSG_RESIZED_REPORT: frame=Rect(0, 0 - 2960, 1440) ci=Rect(0, 0 - 192, 0) vi=Rect(0, 96 - 192, 0) or=2
04-15 15:00:05.711  3240  3240 W GLConsumer: [ScreenshotSurface#0] bindTextureImage: clearing GL error: 0x505
04-15 15:00:05.711 18034 18034 D ViewRootImpl@a8e712e[BootActivity]: MSG_RESIZED_REPORT: frame=Rect(0, 0 - 2960, 1440) ci=Rect(0, 0 - 192, 0) vi=Rect(0, 0 - 0, 0) or=2
04-15 15:00:05.711  3240  3240 D         : NULL == surf->write_back_color_buffer
04-15 15:00:05.711  3240  3240 E DisplayDevice: eglSwapBuffers(0x1, 0x786fe41bb0) failed with 0x0000300d
04-15 15:00:05.712  3240  3240 I VirtualDisplaySurface: disconnect() api 1
04-15 15:00:05.712  3240  3240 I VirtualDisplaySurface: disconnect(SOURCE_SINK) api 1, result -32
04-15 15:00:05.712  3240  3240 W mali_winsys: native_window_api_disconnect failed: -32
04-15 15:00:05.713  3240  3240 I VirtualDisplaySurface: disconnect() api 1
04-15 15:00:05.713  3240  3240 I VirtualDisplaySurface: disconnect(SOURCE_SINK) api 1, result -32
04-15 15:00:05.717  3240  3240 I VirtualDisplaySurface: VirtualDisplaySurface is deleted,WFDMode 0
04-15 15:00:05.727 18218 18218 D SamsungAnalytics: newThread on Executor
04-15 15:00:05.729 18218 18218 D SamsungAnalytics: [Tracker] Tracker start:1.8.15
04-15 15:00:05.729 18218 18218 I Bixby_SmartView: BixbyApi.createInstance
04-15 15:00:05.736 18034 18243 I AppsFlyer_4.8.6: ******* sendTrackingWithEvent: Launch
04-15 15:00:05.737 18034 18195 D mali_winsys: EGLint new_window_surface(egl_winsys_display *, void *, EGLSurface, EGLConfig, egl_winsys_surface **, egl_color_buffer_format *, EGLBoolean) returns 0x3000,  [2960x1440]-format:4
04-15 15:00:05.747  3777  4295 D ConnectivityService: filterNetworkStateForUid() uid: 10185 networkInfo: [type: WIFI[] - WIFI, state: DISCONNECTED/BLOCKED, reason: (unspecified), extra: (none), failover: false, available: true, roaming: false, metered: false]
04-15 15:00:05.758 18246 18302 D OpenGLRenderer: HWUI GL Pipeline
04-15 15:00:05.759  4244  4244 D TileLifecycleManager: onServiceConnected ComponentInfo{com.android.settings/com.samsung.android.settings.qstile.PowerSavingTile}
04-15 15:00:05.760  4244  4244 D TileLifecycleManager: Handling pending onStartListening
04-15 15:00:05.760  4244  4244 D TileLifecycleManager: onStartListening
04-15 15:00:05.761  3777  7440 D SSRM:v  : SIOP:: AP = 460, PST = 423 (W:15), BAT = 371, USB = 358, CHG = 425, CP = 397
04-15 15:00:05.765  3777  3805 D WindowManager: setKeyguardOccluded occluded=true force = false showing = false
04-15 15:00:05.765  3777  3805 V KeyguardServiceDelegate: setOccluded(true) animate=false
04-15 15:00:05.765 18246 18246 D ViewRootImpl@27d0e7d[GrantPermissionsActivity]: setView = DecorView@b577172[GrantPermissionsActivity] TM=true MM=false
04-15 15:00:05.765  4244 19907 D KeyguardViewMediator: setOccluded true
04-15 15:00:05.768 18159 18159 D SamsungAnalytics:110038: newThread on Executor
04-15 15:00:05.773  3777 15675 D ActivityManager: post active user change for 0 fullscreen false isHomeActivity() false
04-15 15:00:05.777  3777 15675 E PersonaManagerService: sendProxyMessage() name:knox.container.proxy.EVENT_ACTIVITY_DRAWN bundle:Bundle[{knox.container.proxy.EXTRA_MULTIWINDOWRECORD=false, knox.container.proxy.EXTRA_COMPONENT_NAME=ComponentInfo{com.google.android.packageinstaller/com.android.packageinstaller.permission.ui.GrantPermissionsActivity}, android.intent.extra.user_handle=0, knox.container.proxy.EXTRA_SHOW_WHEN_LOCKED=true}]
04-15 15:00:05.777  3777 15675 E PersonaManagerService::Proxy: sendProxyMessage() name:knox.container.proxy.EVENT_ACTIVITY_DRAWN bundle:Bundle[{knox.container.proxy.EXTRA_MULTIWINDOWRECORD=false, knox.container.proxy.EXTRA_COMPONENT_NAME=ComponentInfo{com.google.android.packageinstaller/com.android.packageinstaller.permission.ui.GrantPermissionsActivity}, android.intent.extra.user_handle=0, knox.container.proxy.EXTRA_SHOW_WHEN_LOCKED=true}]
04-15 15:00:05.779  3777 15675 V PersonaManagerService::Proxy: sending message:knox.container.proxy.EVENT_ACTIVITY_DRAWN to ContainerServiceInfo [0, name:com.samsung.android.knox.containercore/.service.ContainerCoreService, category:core]
04-15 15:00:05.779  3777 15675 I PersonaManagerService::Proxy: sendProxyAgentMessage() Calling UID:1000
04-15 15:00:05.779  3777 15675 I PersonaManagerService::Proxy: sendProxyAgentMessage() Calling PID:1000
04-15 15:00:05.780 30042 30042 E adbd    : recv: OPEN 0000005f 00000000 0079:73 68 65 6C 6C 2C 76 32 2C 72 61 77 3A 4C 44 5F 4C 49 42 52 41 52 59 5F 50 41 54 48 3D 2F 64 61 74 61 2F 6C 6F 63 61 6C 2F 74 6D 70 20 2F 64 61 74 61 2F 6C 6F 63 61 6C 2F 74 6D 70 2F 6D 69 6E 69 63 61 70 20 2D 6E 20 27 6D 69 6E 69 63 61 70 5F 31 33 38 31 37 27 20 2D 50 20 32 39 36 30 78 31 34 34 30 40 32 39 36 30 78 31 34 34 30 2F 30 20 2D 6C 20 32 3E 26 31 00 
04-15 15:00:05.780 30042 30042 E adbd    : service_to_fd: shell,v2,raw:LD_LIBRARY_PATH=/data/local/tmp /data/local/tmp/minicap -n 'minicap_13817' -P 2960x1440@2960x1440/0 -l 2>&1
04-15 15:00:05.783  4244  4244 D KeyguardWallpaperController: mShowing=false, mOccluded=true, mFadingAway=false, match_parent=false
04-15 15:00:05.783  4244  4244 D KeyguardViewMediator: adjustStatusBarLocked: mShowing=false mOccluded=true isSecure=false --> flags=0x0
04-15 15:00:05.786  3777  4295 D PowerManagerService: [api] [s] userActivity : event: 0 flags: 0 (uid: 10008 pid: 4244) eventTime = 93854689
04-15 15:00:05.792 18218 18218 D PSMUtils: getCurrentPowerSavingMode: 0
04-15 15:00:05.796  4244  7758 D Tile.CustomTile: updateState : Label = Oszcz.
04-15 15:00:05.796  4244  7758 D Tile.CustomTile: energii, State = 1, Icon = Icon(typ=RESOURCE pkg=com.android.settings id=0x7f0805a2)
04-15 15:00:05.808 18034 18271 I AppsFlyer_4.8.6: onBecameBackground
04-15 15:00:05.809 18159 18159 D SamsungAnalytics:110038: [Tracker] Tracker start:1.10.038
04-15 15:00:05.809 18159 18159 D SamsungAnalyticsUtil: SamsungAnalytics setConfiguration
04-15 15:00:05.811  4689 14971 I KNOXCORE::ContainerCoreService: onEvent(action:knox.container.proxy.EVENT_ACTIVITY_DRAWN) Knox container { u:0 name:Mateusz Holz flags:0x13 attributes:0x0 provisioning-type: null(AFW intent) is-enabled:true is-premium:false is-legacy-encryption:false is-super-locked:false is-ppp-secured:false is-locked:false is-initialized:true timeout-value:-1 }
04-15 15:00:05.813 18034 18271 I AppsFlyer_4.8.6: callStatsBackground background call
04-15 15:00:05.813  4689 14971 D KNOXCORE::ContainerCoreService: handleNotifyActivityDrawn for user 0, showwhenlocked : true
04-15 15:00:05.814  3777 15675 D PersonaManagerService: getKeyguardShowState of user: -2
04-15 15:00:05.814  3777 15675 D PersonaManagerService: getKeyguardShowState() does not exist any showing SecureFolder keyguard
04-15 15:00:05.815  3777 15675 D PersonaManagerService: getKeyguardShowState of user: -2
04-15 15:00:05.815  3777 15675 D PersonaManagerService: getKeyguardShowState() does not exist any showing SecureFolder keyguard
04-15 15:00:05.815  3777 15675 D PersonaManagerService: getKeyguardShowState of user: -1
04-15 15:00:05.815  3777 15675 D PersonaManagerService: getKeyguardShowState() does not exist any showing knox keyguard
04-15 15:00:05.815  4689 14971 D KNOXCORE::ContainerCoreService: return code : 2
04-15 15:00:05.816 18034 18271 I AppsFlyer_4.8.6: app went to background
04-15 15:00:05.816  3777 15675 V PersonaManagerService::Proxy: result:0
04-15 15:00:05.818 18246 18246 D ViewRootImpl@27d0e7d[GrantPermissionsActivity]: dispatchAttachedToWindow
04-15 15:00:05.829 18159 18310 D SamsungAnalytics:110038: [Setting Sender] No status log
04-15 15:00:05.836 18034 18243 I AppsFlyer_4.8.6: Initialising KeyStore..
04-15 15:00:05.841  3777  5236 V WindowManager: Relayout Window{9360dfa u0 com.google.android.packageinstaller/com.android.packageinstaller.permission.ui.GrantPermissionsActivity}: viewVisibility=0 req=1846x1344 WM.LayoutParams{(0,0)(wrapxwrap) sim=#120 ty=1 fl=#1a80002 pfl=0x1080000 fmt=-2 wanim=0x10302ec vsysui=0x10 surfaceInsets=Rect(8, 8 - 8, 8) needsMenuKey=2 colorMode=0 naviIconColor=0}
04-15 15:00:05.843  3240  3240 I SurfaceFlinger: id=5870 createSurf (17x17),1 flag=4, com.google.android.packageinstaller/com.android.packageinstaller.permission.ui.GrantPermissionsActivity#0
04-15 15:00:05.845  3777  5236 V Surface : sf_framedrop debug : 0x4f4c, game : false, logging : 0
04-15 15:00:05.847  3777  3797 D SamsungPhoneWindowManager: updateSystemUiVisibilityLw : setForceImmersiveBtnVisibility=true
04-15 15:00:05.847  3777  3797 D WindowManager: set systemUiVisibility : systemUiFlags= 0x101a fullscreenStackSysUiFlags= 0x0
04-15 15:00:05.847  4244  4244 D NavigationBar: setForceImmersiveBtnVisibility visible : true
04-15 15:00:05.847  4244  4244 D SecNavigationBarView: setPinButtonVisibility() shouldshow=true, leftRemoteVisible=false, mAllKeyDisabled=false, isBouncerShowing=false, isUltraPowerSaving=false, isEmergencyMode=false, isDeviceEncrypted=false, isUserSetupComplete : true
04-15 15:00:05.849 18159 18159 D BixbyEventReceiver: Intent received is : android.intent.action.PACKAGE_DATA_CLEARED
04-15 15:00:05.849 18159 18159 D BixbyEventReceiver: Intent received is packageName: com.huuuge.stars.slots
04-15 15:00:05.854  3240  3240 V Surface : sf_framedrop debug : 0x4f4c, game : false, logging : 0
04-15 15:00:05.854  3240  3240 I VirtualDisplaySurface: connect() api 1, producerControlledByApp 0
04-15 15:00:05.859 18034 18271 D AppsFlyer_4.8.6: Stats call is disabled, ignore ...
04-15 15:00:05.859 18034 18271 D AppsFlyer_4.8.6: RD status is OFF
04-15 15:00:05.860  3240  3240 I VirtualDisplaySurface: connect(SOURCE_SINK) api 1, producerControlledByApp 0, result 0
04-15 15:00:05.861  3240  3240 E FrameEvents: Source mDeltas not empty.
04-15 15:00:05.861  3240  3240 E FrameEvents: Source mDeltas not empty.
04-15 15:00:05.861  3777 21596 D StorageManagerService: getExternalStorageMountMode : 1
04-15 15:00:05.862  3240  3240 D mali_winsys: EGLint new_window_surface(egl_winsys_display *, void *, EGLSurface, EGLConfig, egl_winsys_surface **, egl_color_buffer_format *, EGLBoolean) returns 0x3000,  [2960x1440]-format:1
04-15 15:00:05.862  3777 21596 D StorageManagerService: getExternalStorageMountMode : 3
04-15 15:00:05.862  3777 21596 D StorageManagerService: getExternalStorageMountMode : final mountMode=1, uid : 10151, packageName : com.samsung.android.calendar
04-15 15:00:05.862  3777 21596 I ApplicationPolicy: isApplicationExternalStorageWhitelisted:com.samsung.android.calendar user:0
04-15 15:00:05.862  3777 21596 D ApplicationPolicy: isApplicationExternalStorageWhitelisted: DO is not enabled on user 0. Allowed.
04-15 15:00:05.862  3777 21596 D ActivityManager: package  com.samsung.android.calendar, user - 0 is SDcard whitelisted
04-15 15:00:05.862  3777 21596 I ApplicationPolicy: isApplicationExternalStorageBlacklisted:com.samsung.android.calendar user:0
04-15 15:00:05.862  3777 21596 D ApplicationPolicy: isApplicationExternalStorageBlacklisted: DO is not enabled on user 0. Allowed.
04-15 15:00:05.864 17838 18304 I ProvidersCache: Provider returned no roots. Possibly naughty: com.microsoft.skydrive.content.StorageAccessProvider
04-15 15:00:05.868 30042 30042 E adbd    : recv: OPEN 00000060 00000000 001c:6C 6F 63 61 6C 61 62 73 74 72 61 63 74 3A 6D 69 6E 69 63 61 70 5F 31 33 38 31 37 00 
04-15 15:00:05.868 30042 30042 E adbd    : service_to_fd: localabstract:minicap_13817
04-15 15:00:05.876 18034 18243 I AppsFlyer_4.8.6: Creating a new key with alias: com.appsflyer,KSAppsFlyerId=1523458242255-6610177762683003557,KSAppsFlyerRICounter=0
04-15 15:00:05.880 17893 18315 I System.out: (HTTPLog)-Static: isSBSettingEnabled false
04-15 15:00:05.881 17893 18315 I System.out: (HTTPLog)-Static: isSBSettingEnabled false
04-15 15:00:05.884  3407  3624 D DnsProxyListener: DNSDBG::dns addrinfo af 2
04-15 15:00:05.886 18320 18320 E Zygote  : isWhitelistProcess - Process is Whitelisted
04-15 15:00:05.889 18320 18320 W SELinux : SELinux selinux_android_compute_policy_index : Policy Index[2],  Con:u:r:zygote:s0 RAM:SEPF_SM-G950F_8.0.0_0002, [-1 -1 -1 -1 0 1]
04-15 15:00:05.890 18320 18320 I SELinux : SELinux: seapp_context_lookup: seinfo=platform, level=s0:c512,c768, pkgname=com.samsung.android.calendar 
04-15 15:00:05.895  3777 21596 I ActivityManager: Start proc 18320:com.samsung.android.calendar/u0a151 for broadcast com.samsung.android.calendar/com.android.calendar.common.receiver.WeatherActionReceiver
04-15 15:00:05.902  3777  5236 D InputDispatcher: Focus entered window: 18246
04-15 15:00:05.910 18246 18246 V Surface : sf_framedrop debug : 0x4f4c, game : false, logging : 0
04-15 15:00:05.911 18246 18246 D ViewRootImpl@27d0e7d[GrantPermissionsActivity]: Relayout returned: old=[0,0][0,0] new=[557,48][2403,1392] result=0x27 surface={valid=true 523796889600} changed=true
04-15 15:00:05.913  3777  7943 D WindowManager: adjustSystemUiVisibilityLw : vis= 0x101a
