04-23 10:13:03.499 10838 11105 I Claw    : [0m[      19.164] [30;1mjni/../jni/src/claw/vfs/NativeMount.cpp:244: JNI class acquired, acquire java method: GetFreeDiskSpace with args: (Ljava/lang/String;)J
04-23 10:13:03.499  2218  2767 D EnterpriseController: netId is 0
04-23 10:13:03.499  2218  2767 D Netd    : getNetworkForDns: using netid 502 for uid 10687
04-23 10:13:03.509 10838 11105 I Claw    : [0m[      19.167] [30;1mjni/../jni/src/claw/network/HttpRequest.cpp:97: cdn-hs-dev.hgonline.net resolved to ::ffff:5.178.43.35
04-23 10:13:03.509 10838 11105 I Claw    : [0m[      19.167] [30;1mjni/../jni/src/claw/network/HttpRequest.cpp:97: cdn-hs-dev.hgonline.net resolved to ::ffff:5.178.43.48
04-23 10:13:03.509 10838 11105 I Claw    : [0m[      19.167] [30;1mjni/../jni/src/claw/network/unix/UnixStreamSocket.cpp:93: Connecting to ::ffff:5.178.43.35
04-23 10:13:03.579 10838 11105 I Claw    : [0m[      19.246] [30;1mjni/../jni/src/claw/network/HttpRequest.cpp:279: Content length: 113583
04-23 10:13:03.599 10838 11105 I Claw    : [0m[      19.263] [30;1mjni/../jni/src/claw/vfs/NativeMount.cpp:244: Aquire java class for JNI method: com/Claw/Android/NativeMount
04-23 10:13:03.599 10838 11105 I Claw    : [0m[      19.263] [30;1mjni/../jni/src/claw/vfs/NativeMount.cpp:244: JNI class acquired, acquire java method: GetFreeDiskSpace with args: (Ljava/lang/String;)J
04-23 10:13:03.599 10838 11105 I Claw    : [0m[      19.265] [30;1mjni/../jni/src/claw/vfs/NativeMount.cpp:244: Aquire java class for JNI method: com/Claw/Android/NativeMount
04-23 10:13:03.599 10838 11105 I Claw    : [0m[      19.265] [30;1mjni/../jni/src/claw/vfs/NativeMount.cpp:244: JNI class acquired, acquire java method: GetFreeDiskSpace with args: (Ljava/lang/String;)J
04-23 10:13:03.639 10838 11105 I Claw    : [0m[      19.298] [30;1mjni/../jni/src/claw/vfs/NativeMount.cpp:244: Aquire java class for JNI method: com/Claw/Android/NativeMount
04-23 10:13:03.639 10838 11105 I Claw    : [0m[      19.298] [30;1mjni/../jni/src/claw/vfs/NativeMount.cpp:244: JNI class acquired, acquire java method: GetFreeDiskSpace with args: (Ljava/lang/String;)J
04-23 10:13:03.649 10838 11105 I Claw    : [0m[      19.314] [30;1mjni/../jni/src/claw/vfs/NativeMount.cpp:244: Aquire java class for JNI method: com/Claw/Android/NativeMount
04-23 10:13:03.649 10838 11105 I Claw    : [0m[      19.314] [30;1mjni/../jni/src/claw/vfs/NativeMount.cpp:244: JNI class acquired, acquire java method: GetFreeDiskSpace with args: (Ljava/lang/String;)J
04-23 10:13:03.659 10838 11105 I Claw    : [0m[      19.325] [30;1mjni/../jni/src/claw/vfs/NativeMount.cpp:244: Aquire java class for JNI method: com/Claw/Android/NativeMount
04-23 10:13:03.659 10838 11105 I Claw    : [0m[      19.326] [30;1mjni/../jni/src/claw/vfs/NativeMount.cpp:244: JNI class acquired, acquire java method: GetFreeDiskSpace with args: (Ljava/lang/String;)J
04-23 10:13:03.669 10838 11105 I Claw    : [0m[      19.328] [30;1mjni/../jni/src/claw/vfs/NativeMount.cpp:244: Aquire java class for JNI method: com/Claw/Android/NativeMount
04-23 10:13:03.669 10838 11105 I Claw    : [0m[      19.328] [30;1mjni/../jni/src/claw/vfs/NativeMount.cpp:244: JNI class acquired, acquire java method: GetFreeDiskSpace with args: (Ljava/lang/String;)J
04-23 10:13:03.669 10838 11105 I Claw    : [0m[       19.33] [30;1mjni/../jni/src/claw/vfs/NativeMount.cpp:244: Aquire java class for JNI method: com/Claw/Android/NativeMount
04-23 10:13:03.669 10838 11105 I Claw    : [0m[       19.33] [30;1mjni/../jni/src/claw/vfs/NativeMount.cpp:244: JNI class acquired, acquire java method: GetFreeDiskSpace with args: (Ljava/lang/String;)J
04-23 10:13:03.669 10838 11105 I Claw    : [0m[      19.331] [30;1mjni/../jni/src/claw/vfs/android/AndroidSaveFile.cpp:82: Open new save assetcache/atlas_lottery_2_etc2.pak.meta
04-23 10:13:03.669 10838 11105 I Claw    : [0m[      19.332] [30;1mjni/../jni/src/claw/vfs/NativeMount.cpp:244: Aquire java class for JNI method: com/Claw/Android/NativeMount
04-23 10:13:03.669 10838 11105 I Claw    : [0m[      19.333] [30;1mjni/../jni/src/claw/vfs/NativeMount.cpp:244: JNI class acquired, acquire java method: GetFreeDiskSpace with args: (Ljava/lang/String;)J
04-23 10:13:03.669 10838 11105 I Claw    : [0m[      19.334] [30;1mjni/../jni/src/claw/vfs/NativeMount.cpp:244: Aquire java class for JNI method: com/Claw/Android/NativeMount
04-23 10:13:03.669 10838 11105 I Claw    : [0m[      19.334] [30;1mjni/../jni/src/claw/vfs/NativeMount.cpp:244: JNI class acquired, acquire java method: GetFreeDiskSpace with args: (Ljava/lang/String;)J
04-23 10:13:03.669 10838 11105 I Claw    : [0m[      19.335] [30;1mjni/../jni/src/claw/vfs/NativeMount.cpp:244: Aquire java class for JNI method: com/Claw/Android/NativeMount
04-23 10:13:03.669 10838 11105 I Claw    : [0m[      19.335] [30;1mjni/../jni/src/claw/vfs/NativeMount.cpp:244: JNI class acquired, acquire java method: GetFreeDiskSpace with args: (Ljava/lang/String;)J
04-23 10:13:03.669 10838 11105 I Claw    : [0m[      19.337] [30;1mjni/../jni/src/claw/vfs/NativeMount.cpp:244: Aquire java class for JNI method: com/Claw/Android/NativeMount
04-23 10:13:03.669 10838 11105 I Claw    : [0m[      19.337] [30;1mjni/../jni/src/claw/vfs/NativeMount.cpp:244: JNI class acquired, acquire java method: GetFreeDiskSpace with args: (Ljava/lang/String;)J
04-23 10:13:03.679 10838 11105 I Claw    : [0m[      19.338] [30;1mjni/../jni/src/claw/vfs/android/AndroidSaveFile.cpp:82: Open new save assetcache/atlas_lottery_2_etc2.pak.meta
04-23 10:13:03.679 10838 11105 I Claw    : [0m[       19.34] [30;1mjni/../jni/src/claw/vfs/NativeMount.cpp:244: Aquire java class for JNI method: com/Claw/Android/NativeMount
04-23 10:13:03.679 10838 11105 I Claw    : [0m[       19.34] [30;1mjni/../jni/src/claw/vfs/NativeMount.cpp:244: JNI class acquired, acquire java method: GetFreeDiskSpace with args: (Ljava/lang/String;)J
04-23 10:13:03.679 10838 11105 I Claw    : [0m[      19.341] [30;1mjni/../jni/src/claw/vfs/NativeMount.cpp:244: Aquire java class for JNI method: com/Claw/Android/NativeMount
04-23 10:13:03.679 10838 11105 I Claw    : [0m[      19.341] [30;1mjni/../jni/src/claw/vfs/NativeMount.cpp:244: JNI class acquired, acquire java method: GetFreeDiskSpace with args: (Ljava/lang/String;)J
04-23 10:13:03.679 10838 11105 I Claw    : [0m[      19.343] [30;1mjni/../jni/src/claw/vfs/NativeMount.cpp:244: Aquire java class for JNI method: com/Claw/Android/NativeMount
04-23 10:13:03.679 10838 11105 I Claw    : [0m[      19.343] [30;1mjni/../jni/src/claw/vfs/NativeMount.cpp:244: JNI class acquired, acquire java method: GetFreeDiskSpace with args: (Ljava/lang/String;)J
04-23 10:13:03.679 10838 11105 I Claw    : [0m[      19.344] [30;1mjni/../jni/src/claw/vfs/NativeMount.cpp:244: Aquire java class for JNI method: com/Claw/Android/NativeMount
04-23 10:13:03.679 10838 11105 I Claw    : [0m[      19.344] [30;1mjni/../jni/src/claw/vfs/NativeMount.cpp:244: JNI class acquired, acquire java method: GetFreeDiskSpace with args: (Ljava/lang/String;)J
04-23 10:13:03.679 10838 11105 I Claw    : [0m[      19.345] [30;1mjni/../jni/src/claw/vfs/android/AndroidSaveFile.cpp:82: Open new save assetcache/atlas_lottery_2_etc2.pak.meta
04-23 10:13:03.679 10838 11105 I Claw    : [0m[      19.347] [30;1mjni/../jni/src/claw/vfs/NativeMount.cpp:244: Aquire java class for JNI method: com/Claw/Android/NativeMount
04-23 10:13:03.689 10838 11105 I Claw    : [0m[      19.347] [30;1mjni/../jni/src/claw/vfs/NativeMount.cpp:244: JNI class acquired, acquire java method: GetFreeDiskSpace with args: (Ljava/lang/String;)J
04-23 10:13:03.689 10838 11105 I Claw    : [0m[      19.349] [30;1mjni/../jni/src/claw/vfs/NativeMount.cpp:244: Aquire java class for JNI method: com/Claw/Android/NativeMount
04-23 10:13:03.689 10838 11105 I Claw    : [0m[      19.349] [30;1mjni/../jni/src/claw/vfs/NativeMount.cpp:244: JNI class acquired, acquire java method: GetFreeDiskSpace with args: (Ljava/lang/String;)J
04-23 10:13:03.689 10838 11105 W libc    : It seems that pthread_join() is not invoked or PTHREAD_ATTR_FLAG_DETACHED is not set.
04-23 10:13:03.689 10838 11105 W libc    :     pthread tid          : 11105
04-23 10:13:03.689 10838 11105 W libc    :     pthread start_routine: 0xdecf23b4
04-23 10:13:03.819 10838 11060 I Claw    : [0m[      19.483] [30;1mjni/../jni/src/claw/vfs/android/AndroidSaveFile.cpp:42: Open existing save assetcache/atlas_lottery_2_etc2.pak
04-23 10:13:03.819 10838 11060 I Claw    : [0m[      19.483] [30;1mjni/../jni/src/claw/vfs/Vfs.cpp:172: Opened file: /assetcache/atlas_lottery_2_etc2.pak
04-23 10:13:03.819 10838 11060 I Claw    : [0m[      19.484] /home/jenkins/workspace/huuuge-stars/client-dev/hs-android/src/casino/DownloadManager.cpp:500: Mounting pak: atlas_lottery_2_etc2.pak
04-23 10:13:03.819 10838 11060 I Claw    : [0m[      19.485] [30;1mjni/../jni/src/claw/vfs/Vfs.cpp:97: Added new mount at /
04-23 10:13:03.819 10838 11060 I Claw    : [0m[      19.486] [30;1mjni/../jni/src/claw/vfs/android/AndroidSaveFile.cpp:42: Open existing save assetcache/atlas_promo_2_etc2.pak.meta
04-23 10:13:03.819 10838 11060 I Claw    : [0m[      19.486] [30;1mjni/../jni/src/claw/vfs/Vfs.cpp:168: Cannot open file: /assetcache/atlas_promo_2_etc2.pak.meta
04-23 10:13:03.819 10838 11060 I Claw    : [0m[      19.486] /home/jenkins/workspace/huuuge-stars/client-dev/hs-android/src/casino/ServerList.cpp:53: Server list returning http://cdn-hs-dev.hgonline.net/345/, 1/14
04-23 10:13:03.819 10838 11060 I Claw    : [0m[      19.486] [30;1mjni/../jni/src/claw/vfs/android/AndroidSaveFile.cpp:42: Open existing save assetcache/atlas_promo_2_etc2.pak.meta
04-23 10:13:03.819 10838 11060 I Claw    : [0m[      19.486] [30;1mjni/../jni/src/claw/vfs/Vfs.cpp:168: Cannot open file: /assetcache/atlas_promo_2_etc2.pak.meta
04-23 10:13:03.819 10838 11060 I Claw    : [0m[      19.486] /home/jenkins/workspace/huuuge-stars/client-dev/hs-android/src/casino/DefaultDownloadManager.cpp:415: Downloading pak atlas_promo_2_etc2.pak from http://cdn-hs-dev.hgonline.net/345/
04-23 10:13:03.829  2218  2767 D EnterpriseController: netId is 0
04-23 10:13:03.829  2218  2767 D Netd    : getNetworkForDns: using netid 502 for uid 10687
04-23 10:13:03.829 10838 11108 I Claw    : [0m[      19.491] [30;1mjni/../jni/src/claw/network/HttpRequest.cpp:97: cdn-hs-dev.hgonline.net resolved to ::ffff:5.178.43.35
04-23 10:13:03.829 10838 11108 I Claw    : [0m[      19.491] [30;1mjni/../jni/src/claw/network/HttpRequest.cpp:97: cdn-hs-dev.hgonline.net resolved to ::ffff:5.178.43.48
04-23 10:13:03.829 10838 11049 I Claw    : [0m[      19.491] ../../../../../../../../contrib/huuugeanalyticssdk/cpp/contrib/jni/JniAttach.hpp:185: Aquire java class for JNI method: com/huuuge/analytics/HA
04-23 10:13:03.829 10838 11108 I Claw    : [0m[      19.492] [30;1mjni/../jni/src/claw/network/unix/UnixStreamSocket.cpp:93: Connecting to ::ffff:5.178.43.35
04-23 10:13:03.829 10838 11049 I Claw    : [0m[      19.492] ../../../../../../../../contrib/huuugeanalyticssdk/cpp/contrib/jni/JniAttach.hpp:185: JNI class acquired, acquire java method: connectionStatus with args: ()I
04-23 10:13:03.829 10838 11049 I Claw    : [0m[      19.492] ../../../../../../../../contrib/huuugeanalyticssdk/cpp/contrib/jni/JniAttach.hpp:186: JNI method acquired, try to call.
04-23 10:13:03.829 10838 11049 I Claw    : [0m[      19.495] ../../../../../../../../contrib/huuugeanalyticssdk/cpp/contrib/jni/JniAttach.hpp:189: JNI method called.
04-23 10:13:03.829  2612  3005 D ConnectivityService: returning getNetworkInfo for network type 1 : [type: WIFI[] - WIFI, state: CONNECTED/CONNECTED, reason: (unspecified), extra: "HuuugeQA", roaming: false, failover: false, isAvailable: true]
04-23 10:13:03.829  2612  4192 D ConnectivityService: returning getNetworkInfo for network type 0 : [type: MOBILE[] - MOBILE, state: DISCONNECTED/DISCONNECTED, reason: (unspecified), extra: (none), roaming: false, failover: false, isAvailable: true]
04-23 10:13:03.909 10838 11108 I Claw    : [0m[      19.571] [30;1mjni/../jni/src/claw/network/HttpRequest.cpp:279: Content length: 48
04-23 10:13:03.909 10838 11108 I Claw    : [0m[      19.571] [30;1mjni/../jni/src/claw/vfs/android/AndroidSaveFile.cpp:82: Open new save assetcache/atlas_promo_2_etc2.pak
04-23 10:13:03.909 10838 11108 I Claw    : [0m[      19.572] [30;1mjni/../jni/src/claw/vfs/android/AndroidSaveFile.cpp:82: Open new save assetcache/atlas_promo_2_etc2.pak.meta
04-23 10:13:03.909 10838 11108 I Claw    : [0m[      19.573] [30;1mjni/../jni/src/claw/vfs/NativeMount.cpp:244: Aquire java class for JNI method: com/Claw/Android/NativeMount
04-23 10:13:03.909 10838 11108 I Claw    : [0m[      19.574] [30;1mjni/../jni/src/claw/vfs/NativeMount.cpp:244: JNI class acquired, acquire java method: GetFreeDiskSpace with args: (Ljava/lang/String;)J
04-23 10:13:03.909 10838 11108 I Claw    : [0m[      19.575] [30;1mjni/../jni/src/claw/vfs/NativeMount.cpp:244: Aquire java class for JNI method: com/Claw/Android/NativeMount
04-23 10:13:03.909 10838 11108 I Claw    : [0m[      19.575] [30;1mjni/../jni/src/claw/vfs/NativeMount.cpp:244: JNI class acquired, acquire java method: GetFreeDiskSpace with args: (Ljava/lang/String;)J
04-23 10:13:03.909 10838 11108 I Claw    : [0m[      19.576] [30;1mjni/../jni/src/claw/vfs/NativeMount.cpp:244: Aquire java class for JNI method: com/Claw/Android/NativeMount
04-23 10:13:03.909 10838 11108 I Claw    : [0m[      19.576] [30;1mjni/../jni/src/claw/vfs/NativeMount.cpp:244: JNI class acquired, acquire java method: GetFreeDiskSpace with args: (Ljava/lang/String;)J
04-23 10:13:03.909 10838 11108 I Claw    : [0m[      19.577] [30;1mjni/../jni/src/claw/vfs/NativeMount.cpp:244: Aquire java class for JNI method: com/Claw/Android/NativeMount
04-23 10:13:03.909 10838 11108 I Claw    : [0m[      19.577] [30;1mjni/../jni/src/claw/vfs/NativeMount.cpp:244: JNI class acquired, acquire java method: GetFreeDiskSpace with args: (Ljava/lang/String;)J
04-23 10:13:03.919  2218  2767 D EnterpriseController: netId is 0
04-23 10:13:03.919  2218  2767 D Netd    : getNetworkForDns: using netid 502 for uid 10687
04-23 10:13:03.919 10838 11108 I Claw    : [0m[       19.58] [30;1mjni/../jni/src/claw/network/HttpRequest.cpp:97: cdn-hs-dev.hgonline.net resolved to ::ffff:5.178.43.35
04-23 10:13:03.919 10838 11108 I Claw    : [0m[       19.58] [30;1mjni/../jni/src/claw/network/HttpRequest.cpp:97: cdn-hs-dev.hgonline.net resolved to ::ffff:5.178.43.48
04-23 10:13:03.919 10838 11108 I Claw    : [0m[       19.58] [30;1mjni/../jni/src/claw/network/unix/UnixStreamSocket.cpp:93: Connecting to ::ffff:5.178.43.35
04-23 10:13:04.009 10838 11108 I Claw    : [0m[      19.673] [30;1mjni/../jni/src/claw/network/HttpRequest.cpp:279: Content length: 380456
04-23 10:13:04.009 10838 11108 I Claw    : [0m[      19.677] [30;1mjni/../jni/src/claw/vfs/NativeMount.cpp:244: Aquire java class for JNI method: com/Claw/Android/NativeMount
04-23 10:13:04.009 10838 11108 I Claw    : [0m[      19.677] [30;1mjni/../jni/src/claw/vfs/NativeMount.cpp:244: JNI class acquired, acquire java method: GetFreeDiskSpace with args: (Ljava/lang/String;)J
04-23 10:13:04.019 10838 11108 I Claw    : [0m[      19.679] [30;1mjni/../jni/src/claw/vfs/NativeMount.cpp:244: Aquire java class for JNI method: com/Claw/Android/NativeMount
04-23 10:13:04.019 10838 11108 I Claw    : [0m[      19.679] [30;1mjni/../jni/src/claw/vfs/NativeMount.cpp:244: JNI class acquired, acquire java method: GetFreeDiskSpace with args: (Ljava/lang/String;)J
04-23 10:13:04.059 10838 11108 I Claw    : [0m[       19.72] [30;1mjni/../jni/src/claw/vfs/NativeMount.cpp:244: Aquire java class for JNI method: com/Claw/Android/NativeMount
04-23 10:13:04.059 10838 11108 I Claw    : [0m[       19.72] [30;1mjni/../jni/src/claw/vfs/NativeMount.cpp:244: JNI class acquired, acquire java method: GetFreeDiskSpace with args: (Ljava/lang/String;)J
04-23 10:13:04.069 10838 11108 I Claw    : [0m[      19.734] [30;1mjni/../jni/src/claw/vfs/NativeMount.cpp:244: Aquire java class for JNI method: com/Claw/Android/NativeMount
04-23 10:13:04.069 10838 11108 I Claw    : [0m[      19.734] [30;1mjni/../jni/src/claw/vfs/NativeMount.cpp:244: JNI class acquired, acquire java method: GetFreeDiskSpace with args: (Ljava/lang/String;)J
04-23 10:13:04.069 10838 11108 I Claw    : [0m[      19.736] [30;1mjni/../jni/src/claw/vfs/NativeMount.cpp:244: Aquire java class for JNI method: com/Claw/Android/NativeMount
04-23 10:13:04.069 10838 11108 I Claw    : [0m[      19.736] [30;1mjni/../jni/src/claw/vfs/NativeMount.cpp:244: JNI class acquired, acquire java method: GetFreeDiskSpace with args: (Ljava/lang/String;)J
04-23 10:13:04.079 10838 11108 I Claw    : [0m[      19.744] [30;1mjni/../jni/src/claw/vfs/NativeMount.cpp:244: Aquire java class for JNI method: com/Claw/Android/NativeMount
04-23 10:13:04.079 10838 11108 I Claw    : [0m[      19.744] [30;1mjni/../jni/src/claw/vfs/NativeMount.cpp:244: JNI class acquired, acquire java method: GetFreeDiskSpace with args: (Ljava/lang/String;)J
04-23 10:13:04.079 10838 11108 I Claw    : [0m[      19.746] [30;1mjni/../jni/src/claw/vfs/NativeMount.cpp:244: Aquire java class for JNI method: com/Claw/Android/NativeMount
04-23 10:13:04.079 10838 11108 I Claw    : [0m[      19.746] [30;1mjni/../jni/src/claw/vfs/NativeMount.cpp:244: JNI class acquired, acquire java method: GetFreeDiskSpace with args: (Ljava/lang/String;)J
04-23 10:13:04.089 10838 11108 I Claw    : [0m[      19.755] [30;1mjni/../jni/src/claw/vfs/NativeMount.cpp:244: Aquire java class for JNI method: com/Claw/Android/NativeMount
04-23 10:13:04.089 10838 11108 I Claw    : [0m[      19.755] [30;1mjni/../jni/src/claw/vfs/NativeMount.cpp:244: JNI class acquired, acquire java method: GetFreeDiskSpace with args: (Ljava/lang/String;)J
04-23 10:13:04.119 10838 11108 I Claw    : [0m[      19.785] [30;1mjni/../jni/src/claw/vfs/NativeMount.cpp:244: Aquire java class for JNI method: com/Claw/Android/NativeMount
04-23 10:13:04.119 10838 11108 I Claw    : [0m[      19.785] [30;1mjni/../jni/src/claw/vfs/NativeMount.cpp:244: JNI class acquired, acquire java method: GetFreeDiskSpace with args: (Ljava/lang/String;)J
04-23 10:13:04.129 10838 11108 I Claw    : [0m[      19.789] [30;1mjni/../jni/src/claw/vfs/NativeMount.cpp:244: Aquire java class for JNI method: com/Claw/Android/NativeMount
04-23 10:13:04.129 10838 11108 I Claw    : [0m[      19.789] [30;1mjni/../jni/src/claw/vfs/NativeMount.cpp:244: JNI class acquired, acquire java method: GetFreeDiskSpace with args: (Ljava/lang/String;)J
04-23 10:13:04.139 10838 11108 I Claw    : [0m[        19.8] [30;1mjni/../jni/src/claw/vfs/NativeMount.cpp:244: Aquire java class for JNI method: com/Claw/Android/NativeMount
04-23 10:13:04.139 10838 11108 I Claw    : [0m[        19.8] [30;1mjni/../jni/src/claw/vfs/NativeMount.cpp:244: JNI class acquired, acquire java method: GetFreeDiskSpace with args: (Ljava/lang/String;)J
04-23 10:13:04.139 10838 11108 I Claw    : [0m[      19.802] [30;1mjni/../jni/src/claw/vfs/NativeMount.cpp:244: Aquire java class for JNI method: com/Claw/Android/NativeMount
04-23 10:13:04.139 10838 11108 I Claw    : [0m[      19.802] [30;1mjni/../jni/src/claw/vfs/NativeMount.cpp:244: JNI class acquired, acquire java method: GetFreeDiskSpace with args: (Ljava/lang/String;)J
04-23 10:13:04.139 10838 11108 I Claw    : [0m[      19.804] [30;1mjni/../jni/src/claw/vfs/NativeMount.cpp:244: Aquire java class for JNI method: com/Claw/Android/NativeMount
04-23 10:13:04.139 10838 11108 I Claw    : [0m[      19.804] [30;1mjni/../jni/src/claw/vfs/NativeMount.cpp:244: JNI class acquired, acquire java method: GetFreeDiskSpace with args: (Ljava/lang/String;)J
04-23 10:13:04.139 10838 11108 I Claw    : [0m[      19.806] [30;1mjni/../jni/src/claw/vfs/NativeMount.cpp:244: Aquire java class for JNI method: com/Claw/Android/NativeMount
04-23 10:13:04.139 10838 11108 I Claw    : [0m[      19.806] [30;1mjni/../jni/src/claw/vfs/NativeMount.cpp:244: JNI class acquired, acquire java method: GetFreeDiskSpace with args: (Ljava/lang/String;)J
04-23 10:13:04.149 10838 11108 I Claw    : [0m[       19.81] [30;1mjni/../jni/src/claw/vfs/NativeMount.cpp:244: Aquire java class for JNI method: com/Claw/Android/NativeMount
04-23 10:13:04.149 10838 11108 I Claw    : [0m[       19.81] [30;1mjni/../jni/src/claw/vfs/NativeMount.cpp:244: JNI class acquired, acquire java method: GetFreeDiskSpace with args: (Ljava/lang/String;)J
04-23 10:13:04.149 10838 11108 I Claw    : [0m[      19.814] [30;1mjni/../jni/src/claw/vfs/NativeMount.cpp:244: Aquire java class for JNI method: com/Claw/Android/NativeMount
04-23 10:13:04.149 10838 11108 I Claw    : [0m[      19.815] [30;1mjni/../jni/src/claw/vfs/NativeMount.cpp:244: JNI class acquired, acquire java method: GetFreeDiskSpace with args: (Ljava/lang/String;)J
04-23 10:13:04.169 10838 11108 I Claw    : [0m[      19.828] [30;1mjni/../jni/src/claw/vfs/NativeMount.cpp:244: Aquire java class for JNI method: com/Claw/Android/NativeMount
04-23 10:13:04.169 10838 11108 I Claw    : [0m[      19.828] [30;1mjni/../jni/src/claw/vfs/NativeMount.cpp:244: JNI class acquired, acquire java method: GetFreeDiskSpace with args: (Ljava/lang/String;)J
04-23 10:13:04.179 10838 11108 I Claw    : [0m[      19.843] [30;1mjni/../jni/src/claw/vfs/NativeMount.cpp:244: Aquire java class for JNI method: com/Claw/Android/NativeMount
04-23 10:13:04.179 10838 11108 I Claw    : [0m[      19.843] [30;1mjni/../jni/src/claw/vfs/NativeMount.cpp:244: JNI class acquired, acquire java method: GetFreeDiskSpace with args: (Ljava/lang/String;)J
04-23 10:13:04.179 10838 11108 I Claw    : [0m[      19.845] [30;1mjni/../jni/src/claw/vfs/NativeMount.cpp:244: Aquire java class for JNI method: com/Claw/Android/NativeMount
04-23 10:13:04.179 10838 11108 I Claw    : [0m[      19.845] [30;1mjni/../jni/src/claw/vfs/NativeMount.cpp:244: JNI class acquired, acquire java method: GetFreeDiskSpace with args: (Ljava/lang/String;)J
04-23 10:13:04.179 10838 11108 I Claw    : [0m[      19.847] [30;1mjni/../jni/src/claw/vfs/NativeMount.cpp:244: Aquire java class for JNI method: com/Claw/Android/NativeMount
04-23 10:13:04.179 10838 11108 I Claw    : [0m[      19.847] [30;1mjni/../jni/src/claw/vfs/NativeMount.cpp:244: JNI class acquired, acquire java method: GetFreeDiskSpace with args: (Ljava/lang/String;)J
04-23 10:13:04.189 10838 11108 I Claw    : [0m[      19.849] [30;1mjni/../jni/src/claw/vfs/NativeMount.cpp:244: Aquire java class for JNI method: com/Claw/Android/NativeMount
04-23 10:13:04.189 10838 11108 I Claw    : [0m[      19.849] [30;1mjni/../jni/src/claw/vfs/NativeMount.cpp:244: JNI class acquired, acquire java method: GetFreeDiskSpace with args: (Ljava/lang/String;)J
04-23 10:13:04.199 10838 11108 I Claw    : [0m[      19.863] [30;1mjni/../jni/src/claw/vfs/NativeMount.cpp:244: Aquire java class for JNI method: com/Claw/Android/NativeMount
04-23 10:13:04.199 10838 11108 I Claw    : [0m[      19.863] [30;1mjni/../jni/src/claw/vfs/NativeMount.cpp:244: JNI class acquired, acquire java method: GetFreeDiskSpace with args: (Ljava/lang/String;)J
04-23 10:13:04.199 10838 11108 I Claw    : [0m[      19.865] [30;1mjni/../jni/src/claw/vfs/NativeMount.cpp:244: Aquire java class for JNI method: com/Claw/Android/NativeMount
04-23 10:13:04.199 10838 11108 I Claw    : [0m[      19.866] [30;1mjni/../jni/src/claw/vfs/NativeMount.cpp:244: JNI class acquired, acquire java method: GetFreeDiskSpace with args: (Ljava/lang/String;)J
04-23 10:13:04.209 10838 11108 I Claw    : [0m[      19.867] [30;1mjni/../jni/src/claw/vfs/NativeMount.cpp:244: Aquire java class for JNI method: com/Claw/Android/NativeMount
04-23 10:13:04.209 10838 11108 I Claw    : [0m[      19.868] [30;1mjni/../jni/src/claw/vfs/NativeMount.cpp:244: JNI class acquired, acquire java method: GetFreeDiskSpace with args: (Ljava/lang/String;)J
04-23 10:13:04.209 10838 11108 I Claw    : [0m[      19.868] [30;1mjni/../jni/src/claw/vfs/android/AndroidSaveFile.cpp:82: Open new save assetcache/atlas_promo_2_etc2.pak.meta
04-23 10:13:04.209 10838 11108 I Claw    : [0m[      19.869] [30;1mjni/../jni/src/claw/vfs/NativeMount.cpp:244: Aquire java class for JNI method: com/Claw/Android/NativeMount
04-23 10:13:04.209 10838 11108 I Claw    : [0m[       19.87] [30;1mjni/../jni/src/claw/vfs/NativeMount.cpp:244: JNI class acquired, acquire java method: GetFreeDiskSpace with args: (Ljava/lang/String;)J
04-23 10:13:04.209 10838 11108 I Claw    : [0m[      19.871] [30;1mjni/../jni/src/claw/vfs/NativeMount.cpp:244: Aquire java class for JNI method: com/Claw/Android/NativeMount
04-23 10:13:04.209 10838 11108 I Claw    : [0m[      19.871] [30;1mjni/../jni/src/claw/vfs/NativeMount.cpp:244: JNI class acquired, acquire java method: GetFreeDiskSpace with args: (Ljava/lang/String;)J
04-23 10:13:04.209 10838 11108 I Claw    : [0m[      19.873] [30;1mjni/../jni/src/claw/vfs/NativeMount.cpp:244: Aquire java class for JNI method: com/Claw/Android/NativeMount
04-23 10:13:04.209 10838 11108 I Claw    : [0m[      19.873] [30;1mjni/../jni/src/claw/vfs/NativeMount.cpp:244: JNI class acquired, acquire java method: GetFreeDiskSpace with args: (Ljava/lang/String;)J
04-23 10:13:04.209 10838 11108 I Claw    : [0m[      19.874] [30;1mjni/../jni/src/claw/vfs/NativeMount.cpp:244: Aquire java class for JNI method: com/Claw/Android/NativeMount
04-23 10:13:04.209 10838 11108 I Claw    : [0m[      19.874] [30;1mjni/../jni/src/claw/vfs/NativeMount.cpp:244: JNI class acquired, acquire java method: GetFreeDiskSpace with args: (Ljava/lang/String;)J
04-23 10:13:04.209 10838 11108 I Claw    : [0m[      19.875] [30;1mjni/../jni/src/claw/vfs/android/AndroidSaveFile.cpp:82: Open new save assetcache/atlas_promo_2_etc2.pak.meta
04-23 10:13:04.209 10838 11108 I Claw    : [0m[      19.876] [30;1mjni/../jni/src/claw/vfs/NativeMount.cpp:244: Aquire java class for JNI method: com/Claw/Android/NativeMount
04-23 10:13:04.209 10838 11108 I Claw    : [0m[      19.876] [30;1mjni/../jni/src/claw/vfs/NativeMount.cpp:244: JNI class acquired, acquire java method: GetFreeDiskSpace with args: (Ljava/lang/String;)J
04-23 10:13:04.219 10838 11108 I Claw    : [0m[      19.877] [30;1mjni/../jni/src/claw/vfs/NativeMount.cpp:244: Aquire java class for JNI method: com/Claw/Android/NativeMount
04-23 10:13:04.219 10838 11108 I Claw    : [0m[      19.877] [30;1mjni/../jni/src/claw/vfs/NativeMount.cpp:244: JNI class acquired, acquire java method: GetFreeDiskSpace with args: (Ljava/lang/String;)J
04-23 10:13:04.219 10838 11108 I Claw    : [0m[      19.878] [30;1mjni/../jni/src/claw/vfs/NativeMount.cpp:244: Aquire java class for JNI method: com/Claw/Android/NativeMount
04-23 10:13:04.219 10838 11108 I Claw    : [0m[      19.879] [30;1mjni/../jni/src/claw/vfs/NativeMount.cpp:244: JNI class acquired, acquire java method: GetFreeDiskSpace with args: (Ljava/lang/String;)J
04-23 10:13:04.219 10838 11108 I Claw    : [0m[       19.88] [30;1mjni/../jni/src/claw/vfs/NativeMount.cpp:244: Aquire java class for JNI method: com/Claw/Android/NativeMount
04-23 10:13:04.219 10838 11108 I Claw    : [0m[       19.88] [30;1mjni/../jni/src/claw/vfs/NativeMount.cpp:244: JNI class acquired, acquire java method: GetFreeDiskSpace with args: (Ljava/lang/String;)J
04-23 10:13:04.219 10838 11108 I Claw    : [0m[       19.88] [30;1mjni/../jni/src/claw/vfs/android/AndroidSaveFile.cpp:82: Open new save assetcache/atlas_promo_2_etc2.pak.meta
04-23 10:13:04.219 10838 11108 I Claw    : [0m[      19.881] [30;1mjni/../jni/src/claw/vfs/NativeMount.cpp:244: Aquire java class for JNI method: com/Claw/Android/NativeMount
04-23 10:13:04.219 10838 11108 I Claw    : [0m[      19.882] [30;1mjni/../jni/src/claw/vfs/NativeMount.cpp:244: JNI class acquired, acquire java method: GetFreeDiskSpace with args: (Ljava/lang/String;)J
04-23 10:13:04.219 10838 11108 I Claw    : [0m[      19.883] [30;1mjni/../jni/src/claw/vfs/NativeMount.cpp:244: Aquire java class for JNI method: com/Claw/Android/NativeMount
04-23 10:13:04.219 10838 11108 I Claw    : [0m[      19.883] [30;1mjni/../jni/src/claw/vfs/NativeMount.cpp:244: JNI class acquired, acquire java method: GetFreeDiskSpace with args: (Ljava/lang/String;)J
04-23 10:13:04.219 10838 11108 W libc    : It seems that pthread_join() is not invoked or PTHREAD_ATTR_FLAG_DETACHED is not set.
04-23 10:13:04.219 10838 11108 W libc    :     pthread tid          : 11108
04-23 10:13:04.219 10838 11108 W libc    :     pthread start_routine: 0xdecf23b4
04-23 10:13:04.229 10838 11060 I Claw    : [0m[      19.888] [30;1mjni/../jni/src/claw/vfs/android/AndroidSaveFile.cpp:42: Open existing save assetcache/atlas_promo_2_etc2.pak
04-23 10:13:04.229 10838 11060 I Claw    : [0m[      19.888] [30;1mjni/../jni/src/claw/vfs/Vfs.cpp:172: Opened file: /assetcache/atlas_promo_2_etc2.pak
04-23 10:13:04.229 10838 11060 I Claw    : [0m[      19.889] /home/jenkins/workspace/huuuge-stars/client-dev/hs-android/src/casino/DownloadManager.cpp:500: Mounting pak: atlas_promo_2_etc2.pak
04-23 10:13:04.229 10838 11060 I Claw    : [0m[       19.89] [30;1mjni/../jni/src/claw/vfs/Vfs.cpp:97: Added new mount at /
04-23 10:13:04.229 10838 11060 I Claw    : [0m[       19.89] [30;1mjni/../jni/src/claw/vfs/android/AndroidSaveFile.cpp:42: Open existing save assetcache/atlas_promo_1_etc2.pak.meta
04-23 10:13:04.229 10838 11060 I Claw    : [0m[       19.89] [30;1mjni/../jni/src/claw/vfs/Vfs.cpp:168: Cannot open file: /assetcache/atlas_promo_1_etc2.pak.meta
04-23 10:13:04.229 10838 11060 I Claw    : [0m[      19.891] /home/jenkins/workspace/huuuge-stars/client-dev/hs-android/src/casino/ServerList.cpp:53: Server list returning http://cdn-hs-dev.hgonline.net/345/, 1/14
04-23 10:13:04.229 10838 11060 I Claw    : [0m[      19.891] [30;1mjni/../jni/src/claw/vfs/android/AndroidSaveFile.cpp:42: Open existing save assetcache/atlas_promo_1_etc2.pak.meta
04-23 10:13:04.229 10838 11060 I Claw    : [0m[      19.891] [30;1mjni/../jni/src/claw/vfs/Vfs.cpp:168: Cannot open file: /assetcache/atlas_promo_1_etc2.pak.meta
04-23 10:13:04.229 10838 11060 I Claw    : [0m[      19.891] /home/jenkins/workspace/huuuge-stars/client-dev/hs-android/src/casino/DefaultDownloadManager.cpp:415: Downloading pak atlas_promo_1_etc2.pak from http://cdn-hs-dev.hgonline.net/345/
04-23 10:13:04.229  2218  2767 D EnterpriseController: netId is 0
04-23 10:13:04.229  2218  2767 D Netd    : getNetworkForDns: using netid 502 for uid 10687
04-23 10:13:04.229 10838 11111 I Claw    : [0m[      19.894] [30;1mjni/../jni/src/claw/network/HttpRequest.cpp:97: cdn-hs-dev.hgonline.net resolved to ::ffff:5.178.43.35
04-23 10:13:04.229 10838 11111 I Claw    : [0m[      19.894] [30;1mjni/../jni/src/claw/network/HttpRequest.cpp:97: cdn-hs-dev.hgonline.net resolved to ::ffff:5.178.43.48
04-23 10:13:04.229 10838 11111 I Claw    : [0m[      19.895] [30;1mjni/../jni/src/claw/network/unix/UnixStreamSocket.cpp:93: Connecting to ::ffff:5.178.43.35
04-23 10:13:04.239 10838 11049 I Claw    : [0m[      19.897] ../../../../../../../../contrib/huuugeanalyticssdk/cpp/contrib/jni/JniAttach.hpp:185: Aquire java class for JNI method: com/huuuge/analytics/HA
04-23 10:13:04.239 10838 11049 I Claw    : [0m[      19.897] ../../../../../../../../contrib/huuugeanalyticssdk/cpp/contrib/jni/JniAttach.hpp:185: JNI class acquired, acquire java method: connectionStatus with args: ()I
04-23 10:13:04.239 10838 11049 I Claw    : [0m[      19.898] ../../../../../../../../contrib/huuugeanalyticssdk/cpp/contrib/jni/JniAttach.hpp:186: JNI method acquired, try to call.
04-23 10:13:04.239 10838 11049 I Claw    : [0m[      19.899] ../../../../../../../../contrib/huuugeanalyticssdk/cpp/contrib/jni/JniAttach.hpp:189: JNI method called.
04-23 10:13:04.239  2612  3483 D ConnectivityService: returning getNetworkInfo for network type 1 : [type: WIFI[] - WIFI, state: CONNECTED/CONNECTED, reason: (unspecified), extra: "HuuugeQA", roaming: false, failover: false, isAvailable: true]
04-23 10:13:04.239  2612  3270 D ConnectivityService: returning getNetworkInfo for network type 0 : [type: MOBILE[] - MOBILE, state: DISCONNECTED/DISCONNECTED, reason: (unspecified), extra: (none), roaming: false, failover: false, isAvailable: true]
04-23 10:13:04.249 10838 11113 I Claw    : [0m[      19.911] [30;1mjni/../jni/src/claw/vfs/android/AndroidFile.cpp:97: Aquire java class for JNI method: com/Claw/Android/ClawActivityCommon
04-23 10:13:04.249 10838 11113 I Claw    : [0m[      19.912] [30;1mjni/../jni/src/claw/vfs/android/AndroidFile.cpp:97: JNI class acquired, acquire java method: FillAndroidFD with args: (Ljava/lang/String;)Z
04-23 10:13:04.249 10838 11113 D ClawActivityCommon: Checking for: data-gfx.pak
04-23 10:13:04.249 10838 11113 I Claw    : [0m[      19.913] [30;1mjni/../jni/src/claw/vfs/android/AndroidFile.cpp:97: Aquire java class for JNI method: com/Claw/Android/ClawActivityCommon
04-23 10:13:04.249 10838 11113 I Claw    : [0m[      19.913] [30;1mjni/../jni/src/claw/vfs/android/AndroidFile.cpp:97: JNI class acquired, acquire java method: FillAndroidFD with args: (Ljava/lang/String;)Z
04-23 10:13:04.249 10838 11113 D ClawActivityCommon: Checking for: data-gfx.pak
04-23 10:13:04.249 10838 11113 I Claw    : [0m[      19.914] [30;1mjni/../jni/src/claw/vfs/android/AndroidFile.cpp:97: Aquire java class for JNI method: com/Claw/Android/ClawActivityCommon
04-23 10:13:04.249 10838 11113 I Claw    : [0m[      19.914] [30;1mjni/../jni/src/claw/vfs/android/AndroidFile.cpp:97: JNI class acquired, acquire java method: FillAndroidFD with args: (Ljava/lang/String;)Z
04-23 10:13:04.249 10838 11113 D ClawActivityCommon: Checking for: data-gfx-slots.pak
04-23 10:13:04.249 10838 11113 I Claw    : [0m[      19.915] [30;1mjni/../jni/src/claw/vfs/android/AndroidFile.cpp:97: Aquire java class for JNI method: com/Claw/Android/ClawActivityCommon
04-23 10:13:04.249 10838 11113 I Claw    : [0m[      19.915] [30;1mjni/../jni/src/claw/vfs/android/AndroidFile.cpp:97: JNI class acquired, acquire java method: FillAndroidFD with args: (Ljava/lang/String;)Z
04-23 10:13:04.249 10838 11113 D ClawActivityCommon: Checking for: data-gfx-slots.pak
04-23 10:13:04.249 10838 11113 I Claw    : [0m[      19.916] [30;1mjni/../jni/src/claw/vfs/android/AndroidFile.cpp:97: Aquire java class for JNI method: com/Claw/Android/ClawActivityCommon
04-23 10:13:04.249 10838 11113 I Claw    : [0m[      19.916] [30;1mjni/../jni/src/claw/vfs/android/AndroidFile.cpp:97: JNI class acquired, acquire java method: FillAndroidFD with args: (Ljava/lang/String;)Z
04-23 10:13:04.249 10838 11113 D ClawActivityCommon: Checking for: data-games.pak
04-23 10:13:04.249 10838 11113 D ClawActivityCommon: Descriptor found offset=49457864 length=303880
04-23 10:13:04.249 10838 11113 I Claw    : [0m[      19.917] [30;1mjni/../jni/src/claw/application/android/AndroidApplication.cpp:446: Native FD: 71 (not used), duplicated: 89
04-23 10:13:04.259 10838 11113 I Claw    : [0m[      19.917] [30;1mjni/../jni/src/claw/vfs/ZMount.cpp:35: Opened ZPak: data-games.pak
04-23 10:13:04.259 10838 11113 I Claw    : [0m[      19.918] [30;1mjni/../jni/src/claw/vfs/android/AndroidFile.cpp:97: Aquire java class for JNI method: com/Claw/Android/ClawActivityCommon
04-23 10:13:04.259 10838 11113 I Claw    : [0m[      19.918] [30;1mjni/../jni/src/claw/vfs/android/AndroidFile.cpp:97: JNI class acquired, acquire java method: FillAndroidFD with args: (Ljava/lang/String;)Z
04-23 10:13:04.259 10838 11113 D ClawActivityCommon: Checking for: data-games.pak
04-23 10:13:04.259 10838 11113 D ClawActivityCommon: Descriptor found offset=49457864 length=303880
04-23 10:13:04.259 10838 11113 I Claw    : [0m[      19.919] [30;1mjni/../jni/src/claw/application/android/AndroidApplication.cpp:446: Native FD: 32 (not used), duplicated: 48
04-23 10:13:04.259 10838 11113 I Claw    : [0m[       19.92] [30;1mjni/../jni/src/claw/vfs/android/AndroidFile.cpp:97: Aquire java class for JNI method: com/Claw/Android/ClawActivityCommon
04-23 10:13:04.259 10838 11113 I Claw    : [0m[       19.92] [30;1mjni/../jni/src/claw/vfs/android/AndroidFile.cpp:97: JNI class acquired, acquire java method: FillAndroidFD with args: (Ljava/lang/String;)Z
04-23 10:13:04.259 10838 11113 D ClawActivityCommon: Checking for: data-games.pak
04-23 10:13:04.259 10838 11113 D ClawActivityCommon: Descriptor found offset=49457864 length=303880
04-23 10:13:04.259 10838 11113 I Claw    : [0m[      19.921] [30;1mjni/../jni/src/claw/application/android/AndroidApplication.cpp:446: Native FD: 32 (not used), duplicated: 48
04-23 10:13:04.259 10838 11113 I Claw    : [0m[      19.923] [30;1mjni/../jni/src/claw/vfs/Vfs.cpp:97: Added new mount at /
04-23 10:13:04.259 10838 11113 I Claw    : [0m[      19.924] [30;1mjni/../jni/src/claw/vfs/android/AndroidSaveFile.cpp:42: Open existing save save/trpaks
04-23 10:13:04.259 10838 11113 I Claw    : [0m[      19.924] [30;1mjni/../jni/src/claw/vfs/Vfs.cpp:168: Cannot open file: /save/trpaks
04-23 10:13:04.259 10838 11113 I Claw    : [0m[      19.925] [30;1mjni/../jni/src/claw/vfs/Vfs.cpp:172: Opened file: /util/atlas_db.lua
04-23 10:13:04.269 10838 11047 I Claw    : [0m[      19.928] /home/jenkins/workspace/huuuge-stars/client-dev/hs-android/contrib/huuugeanalyticssdk/cpp/src/huuuge/analytics/HAHttp-android.cpp:80: Huuuge::analytics::HTTPAndroid::InvokeHttps 1nsjtnbmgl.execute-api.us-east-1.amazonaws.com public/dashboard-events
04-23 10:13:04.269 10838 11047 I Claw    : [0m[      19.929] /home/jenkins/workspace/huuuge-stars/client-dev/hs-android/contrib/huuugeanalyticssdk/cpp/src/huuuge/analytics/HAHttp-android.cpp:100: Huuuge::analytics::HTTPAndroid::InvokeHttps convert post payload 4438
04-23 10:13:04.269 10838 11047 I Claw    : [0m[      19.929] ../../../../../../../../contrib/huuugeanalyticssdk/cpp/contrib/jni/JniAttach.hpp:147: Aquire java class for JNI method: com/huuuge/analytics/HA
04-23 10:13:04.269 10838 11047 I Claw    : [0m[      19.929] ../../../../../../../../contrib/huuugeanalyticssdk/cpp/contrib/jni/JniAttach.hpp:147: JNI class acquired, acquire java method: doHttpsRequest with args: (Ljava/lang/String;Ljava/lang/String;Ljava/lang/String;[Ljava/lang/String;[Ljava/lang/String;[B)[Ljava/lang/String;
04-23 10:13:04.269 10838 11047 I Claw    : [0m[      19.929] ../../../../../../../../contrib/huuugeanalyticssdk/cpp/contrib/jni/JniAttach.hpp:148: JNI method acquired, try to call.
04-23 10:13:04.269 10838 11119 I System.out: (HTTPLog)-Static: isSBSettingEnabled false
04-23 10:13:04.269 10838 11119 I System.out: (HTTPLog)-Static: isSBSettingEnabled false
04-23 10:13:04.269 10838 11113 I Claw    : [0m[      19.933] [35;1mATLAS /home/jenkins/workspace/huuuge-stars/client-dev/hs-android/src/casino/AtlasManager.cpp:344: Atlas manager got request
04-23 10:13:04.269 10838 11113 I Claw    : [0m[      19.933] [35;1mATLAS /home/jenkins/workspace/huuuge-stars/client-dev/hs-android/src/casino/AtlasManager.cpp:349:   requested set 3
04-23 10:13:04.269 10838 11113 I Claw    : [0m[      19.934] [35;1mATLAS /home/jenkins/workspace/huuuge-stars/client-dev/hs-android/src/casino/AtlasManager.cpp:354:   add to wanted list
04-23 10:13:04.269 10838 11113 I Claw    : [0m[      19.934] /home/jenkins/workspace/huuuge-stars/client-dev/hs-android/src/casino/DownloadManager.cpp:177: Preempting download of atlas_promo_1_etc2.pak
04-23 10:13:04.269 10838 11113 I Claw    : [0m[      19.934] [35;1mATLAS /home/jenkins/workspace/huuuge-stars/client-dev/hs-android/src/casino/AtlasManager.cpp:360:   hold updated (3) : 1
04-23 10:13:04.269 10838 11113 I Claw    : [0m[      19.934] [35;1mATLAS /home/jenkins/workspace/huuuge-stars/client-dev/hs-android/src/casino/AtlasManager.cpp:349:   requested set 4
04-23 10:13:04.269 10838 11113 I Claw    : [0m[      19.934] [35;1mATLAS /home/jenkins/workspace/huuuge-stars/client-dev/hs-android/src/casino/AtlasManager.cpp:354:   add to wanted list
04-23 10:13:04.269 10838 11113 I Claw    : [0m[      19.935] [35;1mATLAS /home/jenkins/workspace/huuuge-stars/client-dev/hs-android/src/casino/AtlasManager.cpp:360:   hold updated (4) : 1
04-23 10:13:04.269 10838 11113 I Claw    : [0m[      19.935] [35;1mATLAS /home/jenkins/workspace/huuuge-stars/client-dev/hs-android/src/casino/AtlasManager.cpp:349:   requested set 5
04-23 10:13:04.269 10838 11113 I Claw    : [0m[      19.935] [35;1mATLAS /home/jenkins/workspace/huuuge-stars/client-dev/hs-android/src/casino/AtlasManager.cpp:354:   add to wanted list
04-23 10:13:04.269 10838 11113 I Claw    : [0m[      19.935] [35;1mATLAS /home/jenkins/workspace/huuuge-stars/client-dev/hs-android/src/casino/AtlasManager.cpp:360:   hold updated (5) : 1
04-23 10:13:04.269 10838 11035 I Claw    : [0m[      19.935] [35;1mATLAS /home/jenkins/workspace/huuuge-stars/client-dev/hs-android/src/casino/AtlasManager.cpp:566: Atlas manager loading set 3 (1)
04-23 10:13:04.269 10838 11113 I Claw    : [0m[      19.935] [30;1mjni/../jni/src/claw/vfs/Vfs.cpp:172: Opened file: /i18n/magiccasino.csv
04-23 10:13:04.269 10838 11035 I Claw    : [0m[      19.935] [35;1mATLAS /home/jenkins/workspace/huuuge-stars/client-dev/hs-android/src/casino/AtlasManager.cpp:617: Atlas manager loading atlas: atlas (atlas)
04-23 10:13:04.269 10838 11035 I Claw    : [0m[      19.935] [35;1mATLAS /home/jenkins/workspace/huuuge-stars/client-dev/hs-android/src/casino/AtlasManager.cpp:631: Atlas manager waiting for pak: atlas_2_etc2.pak
04-23 10:13:04.269 10838 11035 I Claw    : [0m[      19.936] [35;1mATLAS /home/jenkins/workspace/huuuge-stars/client-dev/hs-android/src/casino/AtlasManager.cpp:637: Atlas manager pak ready: atlas_2_etc2.pak
04-23 10:13:04.269 10838 11035 I Claw    : [0m[      19.936] [30;1mjni/../jni/src/claw/vfs/Vfs.cpp:172: Opened file: /atlases/atlas.etc2+.mip/Ameta
04-23 10:13:04.279 10838 11113 I Claw    : [0m[      19.942] [30;1mjni/../jni/src/claw/vfs/Vfs.cpp:172: Opened file: /i18n/magiccasino.csv
04-23 10:13:04.279 10838 11035 I Claw    : [0m[      19.943] [35;1mATLAS /home/jenkins/workspace/huuuge-stars/client-dev/hs-android/src/casino/AtlasManager.cpp:686: Atlas manager adding atlas: atlas (atlases/atlas.xml@linear,mipmap-linear)
04-23 10:13:04.279 10838 11035 I Claw    : [0m[      19.945] [30;1mjni/../jni/src/claw/vfs/Vfs.cpp:172: Opened file: /atlases/atlas.etc2+.mip/Ameta
04-23 10:13:04.279 10838 11035 I Claw    : [0m[      19.945] [30;1mjni/../jni/src/claw/service/StreamingManager.cpp:563: mip 12  w 1  h 1 (1)
04-23 10:13:04.279 10838 11035 I Claw    : [0m[      19.945] [30;1mjni/../jni/src/claw/vfs/Vfs.cpp:172: Opened file: /atlases/atlas.etc2+.mip/C12
04-23 10:13:04.279 10838 11035 I Claw    : [0m[      19.945] [30;1mjni/../jni/src/claw/vfs/Vfs.cpp:172: Opened file: /atlases/atlas.etc2+.mip/A12
04-23 10:13:04.289 10838 11035 I Claw    : [0m[      19.951] [30;1mjni/../jni/src/claw/service/StreamingManager.cpp:563: mip 11  w 2  h 2 (8)
04-23 10:13:04.289 10838 11035 I Claw    : [0m[      19.952] [30;1mjni/../jni/src/claw/vfs/Vfs.cpp:172: Opened file: /atlases/atlas.etc2+.mip/C11
04-23 10:13:04.299 10838 11035 I Claw    : [0m[      19.959] [30;1mjni/../jni/src/claw/vfs/Vfs.cpp:172: Opened file: /atlases/atlas.etc2+.mip/A11
04-23 10:13:04.299 10838 11035 I Claw    : [0m[      19.961] [30;1mjni/../jni/src/claw/service/StreamingManager.cpp:563: mip 10  w 4  h 4 (32)
04-23 10:13:04.299 10838 11035 I Claw    : [0m[      19.961] [30;1mjni/../jni/src/claw/vfs/Vfs.cpp:172: Opened file: /atlases/atlas.etc2+.mip/C10
04-23 10:13:04.309 10838 11111 I Claw    : [0m[      19.968] [30;1mjni/../jni/src/claw/network/HttpRequest.cpp:279: Content length: 48
04-23 10:13:04.309 10838 11035 I Claw    : [0m[      19.968] [30;1mjni/../jni/src/claw/vfs/Vfs.cpp:172: Opened file: /atlases/atlas.etc2+.mip/A10
04-23 10:13:04.309 10838 11111 I Claw    : [0m[      19.968] [30;1mjni/../jni/src/claw/vfs/android/AndroidSaveFile.cpp:82: Open new save assetcache/atlas_promo_1_etc2.pak
04-23 10:13:04.309 10838 11111 I Claw    : [0m[      19.969] [30;1mjni/../jni/src/claw/vfs/android/AndroidSaveFile.cpp:82: Open new save assetcache/atlas_promo_1_etc2.pak.meta
04-23 10:13:04.309 10838 11037 I Claw    : [0m[       19.97] [30;1mjni/../jni/src/claw/service/StreamingManager.cpp:563: mip 9  w 8  h 8 (128)
04-23 10:13:04.309 10838 11035 I Claw    : [0m[       19.97] [30;1mjni/../jni/src/claw/vfs/Vfs.cpp:172: Opened file: /atlases/atlas.xml
04-23 10:13:04.309 10838 11037 I Claw    : [0m[       19.97] [30;1mjni/../jni/src/claw/vfs/Vfs.cpp:172: Opened file: /atlases/atlas.etc2+.mip/C9
04-23 10:13:04.309 10838 11111 I Claw    : [0m[      19.971] [30;1mjni/../jni/src/claw/vfs/NativeMount.cpp:244: Aquire java class for JNI method: com/Claw/Android/NativeMount
04-23 10:13:04.309 10838 11111 I Claw    : [0m[      19.971] [30;1mjni/../jni/src/claw/vfs/NativeMount.cpp:244: JNI class acquired, acquire java method: GetFreeDiskSpace with args: (Ljava/lang/String;)J
04-23 10:13:04.309 10838 11111 I Claw    : [0m[      19.972] [30;1mjni/../jni/src/claw/vfs/NativeMount.cpp:244: Aquire java class for JNI method: com/Claw/Android/NativeMount
04-23 10:13:04.309 10838 11111 I Claw    : [0m[      19.973] [30;1mjni/../jni/src/claw/vfs/NativeMount.cpp:244: JNI class acquired, acquire java method: GetFreeDiskSpace with args: (Ljava/lang/String;)J
04-23 10:13:04.309 10838 11111 I Claw    : [0m[      19.974] [30;1mjni/../jni/src/claw/vfs/NativeMount.cpp:244: Aquire java class for JNI method: com/Claw/Android/NativeMount
04-23 10:13:04.309 10838 11111 I Claw    : [0m[      19.974] [30;1mjni/../jni/src/claw/vfs/NativeMount.cpp:244: JNI class acquired, acquire java method: GetFreeDiskSpace with args: (Ljava/lang/String;)J
04-23 10:13:04.309 10838 11111 I Claw    : [0m[      19.975] [30;1mjni/../jni/src/claw/vfs/NativeMount.cpp:244: Aquire java class for JNI method: com/Claw/Android/NativeMount
04-23 10:13:04.309 10838 11037 I Claw    : [0m[      19.975] [30;1mjni/../jni/src/claw/vfs/Vfs.cpp:172: Opened file: /atlases/atlas.etc2+.mip/A9
04-23 10:13:04.309 10838 11111 I Claw    : [0m[      19.975] [30;1mjni/../jni/src/claw/vfs/NativeMount.cpp:244: JNI class acquired, acquire java method: GetFreeDiskSpace with args: (Ljava/lang/String;)J
04-23 10:13:04.309  2218  2767 D EnterpriseController: netId is 0
04-23 10:13:04.309  2218  2767 D Netd    : getNetworkForDns: using netid 502 for uid 10687
04-23 10:13:04.319 10838 11035 I Claw    : [0m[      19.979] [30;1mjni/../jni/src/claw/graphics/surface/SurfaceHW.cpp:883: Surface  xy: 4, uv: 4, tri: 2
04-23 10:13:04.319 10838 11035 I Claw    : [0m[      19.979] [30;1mjni/../jni/src/claw/graphics/surface/SurfaceHW.cpp:883: Surface  xy: 4, uv: 4, tri: 2
04-23 10:13:04.319 10838 11035 I Claw    : [0m[       19.98] [30;1mjni/../jni/src/claw/graphics/surface/SurfaceHW.cpp:883: Surface  xy: 4, uv: 4, tri: 2
04-23 10:13:04.319 10838 11035 I Claw    : [0m[       19.98] [30;1mjni/../jni/src/claw/graphics/surface/SurfaceHW.cpp:883: Surface  xy: 4, uv: 4, tri: 2
04-23 10:13:04.319 10838 11035 I Claw    : [0m[       19.98] [30;1mjni/../jni/src/claw/graphics/surface/SurfaceHW.cpp:883: Surface  xy: 8, uv: 10, tri: 6
04-23 10:13:04.319 10838 11035 I Claw    : [0m[       19.98] [30;1mjni/../jni/src/claw/graphics/surface/SurfaceHW.cpp:883: Surface  xy: 1, uv: 2, tri: 0
04-23 10:13:04.319 10838 11035 I Claw    : [0m[       19.98] [30;1mjni/../jni/src/claw/graphics/surface/SurfaceHW.cpp:883: Surface  xy: 4, uv: 4, tri: 2
04-23 10:13:04.319 10838 11111 I Claw    : [0m[       19.98] [30;1mjni/../jni/src/claw/network/HttpRequest.cpp:97: cdn-hs-dev.hgonline.net resolved to ::ffff:5.178.43.35
04-23 10:13:04.319 10838 11035 I Claw    : [0m[       19.98] [30;1mjni/../jni/src/claw/graphics/surface/SurfaceHW.cpp:883: Surface  xy: 4, uv: 4, tri: 2
04-23 10:13:04.319 10838 11111 I Claw    : [0m[      19.981] [30;1mjni/../jni/src/claw/network/HttpRequest.cpp:97: cdn-hs-dev.hgonline.net resolved to ::ffff:5.178.43.48
04-23 10:13:04.319 10838 11035 I Claw    : [0m[      19.981] [30;1mjni/../jni/src/claw/graphics/surface/SurfaceHW.cpp:883: Surface  xy: 4, uv: 4, tri: 2
04-23 10:13:04.319 10838 11111 I Claw    : [0m[      19.981] [30;1mjni/../jni/src/claw/network/unix/UnixStreamSocket.cpp:93: Connecting to ::ffff:5.178.43.35
04-23 10:13:04.319 10838 11035 I Claw    : [0m[      19.981] [30;1mjni/../jni/src/claw/graphics/surface/SurfaceHW.cpp:883: Surface  xy: 4, uv: 4, tri: 2
04-23 10:13:04.319 10838 11035 I Claw    : [0m[      19.981] [30;1mjni/../jni/src/claw/graphics/surface/SurfaceHW.cpp:883: Surface  xy: 4, uv: 4, tri: 2
04-23 10:13:04.319 10838 11035 I Claw    : [0m[      19.981] [30;1mjni/../jni/src/claw/graphics/surface/SurfaceHW.cpp:883: Surface  xy: 4, uv: 4, tri: 2
04-23 10:13:04.319 10838 11035 I Claw    : [0m[      19.982] [30;1mjni/../jni/src/claw/graphics/surface/SurfaceHW.cpp:883: Surface  xy: 4, uv: 4, tri: 2
04-23 10:13:04.319 10838 11035 I Claw    : [0m[      19.982] [30;1mjni/../jni/src/claw/graphics/surface/SurfaceHW.cpp:883: Surface  xy: 4, uv: 4, tri: 2
