--------- beginning of main
04-15 15:00:01.602 17838 17838 D ActivityThread: Added TimaKeyStore provider
04-15 15:00:01.605  3777  4286 I ClientCertificateManager Service: fixContextInfoForMP() returning Caller uid: 1000 ,Container id: 0
04-15 15:00:01.606  3777  4286 I ClientCertificateManager Service: fixContextInfoForMP() returning Caller uid: 1000 ,Container id: 0
04-15 15:00:01.607 17851 17851 D ActivityThread: Added TimaKeyStore provider
04-15 15:00:01.668 17851 17868 I vndksupport: sphal namespace is not configured for this process. Loading /vendor/lib64/egl/libGLES_mali.so from the current namespace instead.
04-15 15:00:01.671 17838 17869 I vndksupport: sphal namespace is not configured for this process. Loading /vendor/lib64/egl/libGLES_mali.so from the current namespace instead.
04-15 15:00:01.700  3777  3802 W Binder  : Outgoing transactions from this process must be FLAG_ONEWAY
04-15 15:00:01.700  3777  3802 W Binder  : java.lang.Throwable
04-15 15:00:01.700  3777  3802 W Binder  : 	at android.os.BinderProxy.transact(Binder.java:744)
04-15 15:00:01.700  3777  3802 W Binder  : 	at android.content.ContentProviderProxy.update(ContentProviderNative.java:570)
04-15 15:00:01.700  3777  3802 W Binder  : 	at android.content.ContentResolver.update(ContentResolver.java:1678)
04-15 15:00:01.700  3777  3802 W Binder  : 	at com.android.server.am.MARsDBManager.updateDataClearedPackageFromMARsToSM(MARsDBManager.java:2060)
04-15 15:00:01.700  3777  3802 W Binder  : 	at com.android.server.am.MARsDBManager.-wrap13(Unknown Source:0)
04-15 15:00:01.700  3777  3802 W Binder  : 	at com.android.server.am.MARsDBManager$DBHandler.handleMessage(MARsDBManager.java:465)
04-15 15:00:01.700  3777  3802 W Binder  : 	at android.os.Handler.dispatchMessage(Handler.java:105)
04-15 15:00:01.700  3777  3802 W Binder  : 	at android.os.Looper.loop(Looper.java:164)
04-15 15:00:01.700  3777  3802 W Binder  : 	at com.android.server.am.MARsDBManager$DBThread.run(MARsDBManager.java:286)
--------- beginning of system
04-15 15:00:01.717  3777  3802 D MARsDBManager: onChange - mSmartManagerObserver! Uri = content://com.samsung.android.sm/AppFreezer?MARs-self=true&MARs=true
04-15 15:00:01.734 17838 17869 D libEGL  : loaded /vendor/lib64/egl/libGLES_mali.so
04-15 15:00:01.742 17851 17868 D libEGL  : loaded /vendor/lib64/egl/libGLES_mali.so
04-15 15:00:01.789  3777  4286 D StorageManagerService: getExternalStorageMountMode : 3
04-15 15:00:01.800  3777  4286 D StorageManagerService: getExternalStorageMountMode : 3
04-15 15:00:01.804  3777  4286 D StorageManagerService: getExternalStorageMountMode : final mountMode=3, uid : 10113, packageName : com.facebook.katana
04-15 15:00:01.805  3777  4286 I ApplicationPolicy: isApplicationExternalStorageWhitelisted:com.facebook.katana user:0
04-15 15:00:01.805  3777  4286 D ApplicationPolicy: isApplicationExternalStorageWhitelisted: DO is not enabled on user 0. Allowed.
04-15 15:00:01.805  3777  4286 D ActivityManager: package  com.facebook.katana, user - 0 is SDcard whitelisted
04-15 15:00:01.805  3777  4286 I ApplicationPolicy: isApplicationExternalStorageBlacklisted:com.facebook.katana user:0
04-15 15:00:01.805  3777  4286 D ApplicationPolicy: isApplicationExternalStorageBlacklisted: DO is not enabled on user 0. Allowed.
04-15 15:00:01.825  3777  4286 I ActivityManager: Start proc 17876:com.facebook.katana/u0a113 for broadcast com.facebook.katana/com.facebook.pkg.event.PackageEventBroadcastReceiver
04-15 15:00:01.827  3777  4286 I ActivityManager: KPU : put [com.sec.android.app.sbrowser] : 22539 K
04-15 15:00:01.827 17876 17876 E Zygote  : isWhitelistProcess - Process is Whitelisted
04-15 15:00:01.827  3777  4286 I ActivityManager: Killing 16863:com.sec.android.app.sbrowser/u0a192 (adj 906): DHA:empty #25
04-15 15:00:01.831 17876 17876 W SELinux : SELinux selinux_android_compute_policy_index : Policy Index[2],  Con:u:r:zygote:s0 RAM:SEPF_SM-G950F_8.0.0_0002, [-1 -1 -1 -1 0 1]
04-15 15:00:01.833 17876 17876 I SELinux : SELinux: seapp_context_lookup: seinfo=untrusted, level=s0:c512,c768, pkgname=com.facebook.katana 
04-15 15:00:01.837 17851 17851 D SamsungAnalytics:110038: cf feature is supported
04-15 15:00:01.853 17851 17851 D SamsungAnalytics:110038: newThread on Executor
04-15 15:00:01.854 17851 17851 D SamsungAnalytics:110038: [Tracker] Tracker start:1.10.038
04-15 15:00:01.877  3777 17436 I ClientCertificateManager Service: fixContextInfoForMP() returning Caller uid: 10113 ,Container id: 0
04-15 15:00:01.878  3777 17436 I ClientCertificateManager Service: fixContextInfoForMP() returning Caller uid: 10113 ,Container id: 0
04-15 15:00:01.878  3777 17436 I ClientCertificateManager Service: ClientCertificateManager.isPremiumContainer() : false for user : 0
04-15 15:00:01.884  3777 17436 I ClientCertificateManager Service: fixContextInfoForMP() returning Caller uid: 10113 ,Container id: 0
04-15 15:00:01.884  3777 17436 I ClientCertificateManager Service: fixContextInfoForMP() returning Caller uid: 10113 ,Container id: 0
04-15 15:00:01.884  3777 17436 I ClientCertificateManager Service: ClientCertificateManager.isPremiumContainer() : false for user : 0
04-15 15:00:01.889 17876 17876 D ActivityThread: Added TimaKeyStore provider
04-15 15:00:01.891  3777 17436 I ActivityManager: DSS on for com.facebook.katana and scale is 1.0
04-15 15:00:01.917  4509 26679 D ForegroundUtils: could not check pending caller
04-15 15:00:01.948  3777  5236 D StorageManagerService: getExternalStorageMountMode : 1
04-15 15:00:01.949  3777  5236 D StorageManagerService: getExternalStorageMountMode : 3
04-15 15:00:01.949  3777  5236 D StorageManagerService: getExternalStorageMountMode : final mountMode=1, uid : 10052, packageName : com.microsoft.skydrive
04-15 15:00:01.949  3777  5236 I ApplicationPolicy: isApplicationExternalStorageWhitelisted:com.microsoft.skydrive user:0
04-15 15:00:01.949  3777  5236 D ApplicationPolicy: isApplicationExternalStorageWhitelisted: DO is not enabled on user 0. Allowed.
04-15 15:00:01.950  3777  5236 D ActivityManager: package  com.microsoft.skydrive, user - 0 is SDcard whitelisted
04-15 15:00:01.950  3777  5236 I ApplicationPolicy: isApplicationExternalStorageBlacklisted:com.microsoft.skydrive user:0
04-15 15:00:01.950  3777  5236 D ApplicationPolicy: isApplicationExternalStorageBlacklisted: DO is not enabled on user 0. Allowed.
04-15 15:00:01.964  3777  5236 I ActivityManager: Start proc 17893:com.microsoft.skydrive/u0a52 for content provider com.microsoft.skydrive/.content.StorageAccessProvider
04-15 15:00:01.966 17893 17893 E Zygote  : isWhitelistProcess - Process is Whitelisted
04-15 15:00:01.969 17893 17893 W SELinux : SELinux selinux_android_compute_policy_index : Policy Index[2],  Con:u:r:zygote:s0 RAM:SEPF_SM-G950F_8.0.0_0002, [-1 -1 -1 -1 0 1]
04-15 15:00:01.970 17893 17893 I SELinux : SELinux: seapp_context_lookup: seinfo=untrusted, level=s0:c512,c768, pkgname=com.microsoft.skydrive 
04-15 15:00:01.973 17876 17898 I vndksupport: sphal namespace is not configured for this process. Loading /vendor/lib/egl/libGLES_mali.so from the current namespace instead.
04-15 15:00:01.990 17876 17876 V CatchMeIfYouCan: initializing CMIYC, flags = 0x00000002
04-15 15:00:01.996 17876 17876 I CatchMeIfYouCan: found 0 crashes in last 14400 seconds: need remedy level 0
04-15 15:00:01.999 17876 17876 D ExceptionHandlerManager: initializing exception handler manager, prioritized=true
04-15 15:00:02.019  3230  3230 I android.hardware.wifi@1.0-service: getLinkLayerStats
04-15 15:00:02.027 17876 17898 D libEGL  : loaded /vendor/lib/egl/libGLES_mali.so
04-15 15:00:02.032  3376  3376 E audit   : type=1400 audit(1523797202.024:9817): avc:  denied  { read } for  pid=17907 comm="PersistToDiskTh" name="zoneinfo" dev="proc" ino=4026532453 scontext=u:r:untrusted_app_25:s0:c512,c768 tcontext=u:object_r:proc_zoneinfo:s0 tclass=file permissive=0 SEPF_SM-G950F_8.0.0_0002 audit_filtered
04-15 15:00:02.039  3777  4286 I ClientCertificateManager Service: fixContextInfoForMP() returning Caller uid: 10052 ,Container id: 0
04-15 15:00:02.039  3777  4286 I ClientCertificateManager Service: fixContextInfoForMP() returning Caller uid: 10052 ,Container id: 0
04-15 15:00:02.039  3376  3376 E audit   : type=1300 audit(1523797202.024:9817): arch=40000028 syscall=322 per=8 success=no exit=-13 a0=ffffff9c a1=da9630b0 a2=20000 a3=0 items=0 ppid=3394 pid=17907 auid=4294967295 uid=10113 gid=10113 euid=10113 suid=10113 fsuid=10113 egid=10113 sgid=10113 fsgid=10113 tty=(none) ses=4294967295 comm="PersistToDiskTh" exe="/system/bin/app_process32" subj=u:r:untrusted_app_25:s0:c512,c768 key=(null)
04-15 15:00:02.039  3777  4286 I ClientCertificateManager Service: ClientCertificateManager.isPremiumContainer() : false for user : 0
04-15 15:00:02.039  3376  3376 E audit   : type=1327 audit(1523797202.024:9817): proctitle="com.facebook.katana"
04-15 15:00:02.045 17876 17907 D MemProcWatermarkReader: Couldn't open /proc/zoneinfo for reading
04-15 15:00:02.045 17876 17907 D MemProcWatermarkReader: java.io.FileNotFoundException: /proc/zoneinfo (Permission denied)
04-15 15:00:02.045 17876 17907 D MemProcWatermarkReader: 	at java.io.FileInputStream.open0(Native Method)
04-15 15:00:02.045 17876 17907 D MemProcWatermarkReader: 	at java.io.FileInputStream.open(FileInputStream.java:200)
04-15 15:00:02.045 17876 17907 D MemProcWatermarkReader: 	at java.io.FileInputStream.<init>(FileInputStream.java:150)
04-15 15:00:02.045 17876 17907 D MemProcWatermarkReader: 	at java.util.Scanner.<init>(Scanner.java:616)
04-15 15:00:02.045 17876 17907 D MemProcWatermarkReader: 	at X.016.<init>(:5373)
04-15 15:00:02.045 17876 17907 D MemProcWatermarkReader: 	at X.00l.run(:3559)
04-15 15:00:02.047  3777  5234 D ConnectivityService: filterNetworkStateForUid() uid: 10177 networkInfo: [type: WIFI[] - WIFI, state: CONNECTED/CONNECTED, reason: (unspecified), extra: "WLAN-B4G0MB", failover: false, available: true, roaming: false, metered: false]
04-15 15:00:02.054  3777  4286 I ClientCertificateManager Service: fixContextInfoForMP() returning Caller uid: 10052 ,Container id: 0
04-15 15:00:02.055  3777  4286 I ClientCertificateManager Service: fixContextInfoForMP() returning Caller uid: 10052 ,Container id: 0
04-15 15:00:02.055  3777  4286 I ClientCertificateManager Service: ClientCertificateManager.isPremiumContainer() : false for user : 0
04-15 15:00:02.062 17893 17893 D ActivityThread: Added TimaKeyStore provider
04-15 15:00:02.066  3777  4286 I ActivityManager: DSS on for com.microsoft.skydrive and scale is 1.0
04-15 15:00:02.080  3777  4286 I ActivityManager: KPU : put [com.sec.android.app.shealth:remote] : 30163 K
04-15 15:00:02.080  3777  4286 I ActivityManager: Killing 15772:com.sec.android.app.shealth:remote/u0a193 (adj 906): DHA:empty #25
04-15 15:00:02.126 17876 17876 E ACRA    : Initializing ANR detector for process: com.facebook.katana
04-15 15:00:02.143  4509 26679 D ForegroundUtils: could not check pending caller
04-15 15:00:02.157 17876 17876 I SplashScreenApplication: using nonodex init: ASSUMING DIRECT CONTROL
04-15 15:00:02.161 17876 17876 D SplashScreenApplication: delaying init message { when=-253ms what=113 obj=ReceiverData{intent=Intent { act=android.intent.action.PACKAGE_DATA_CLEARED dat=package:com.huuuge.stars.slots flg=0x1000010 cmp=com.facebook.katana/com.facebook.pkg.event.PackageEventBroadcastReceiver (has extras) } packageName=com.facebook.katana resultCode=0 resultData=null resultExtras=null} target=android.app.ActivityThread$H }
04-15 15:00:02.173 17876 17914 D SoLoader: init start
04-15 15:00:02.173 17876 17914 D SoLoader: adding system library source: /vendor/lib
04-15 15:00:02.173 17876 17914 D SoLoader: adding system library source: /system/lib
04-15 15:00:02.174 17876 17914 D SoLoader: adding application source: X.01W[root = /data/app/com.facebook.katana-luMHWlL98BPR31r0zSBqcQ==/lib/arm flags = 0]
04-15 15:00:02.175 17876 17914 D SoLoader: adding backup  source: X.01Z[root = /data/data/com.facebook.katana/lib-main flags = 1]
04-15 15:00:02.175 17876 17914 D SoLoader: Preparing SO source: X.01W[root = /system/lib flags = 2]
04-15 15:00:02.175 17876 17914 D SoLoader: Preparing SO source: X.01W[root = /system/vendor/lib flags = 2]
04-15 15:00:02.176 17876 17914 D SoLoader: Preparing SO source: X.01W[root = /data/app/com.facebook.katana-luMHWlL98BPR31r0zSBqcQ==/lib/arm flags = 0]
04-15 15:00:02.176 17876 17914 D SoLoader: Preparing SO source: X.01Z[root = /data/data/com.facebook.katana/lib-main flags = 1]
04-15 15:00:02.176 17876 17914 V fb-UnpackingSoSource: locked dso store /data/user/0/com.facebook.katana/lib-main
04-15 15:00:02.179 17876 17914 I fb-UnpackingSoSource: dso store is up-to-date: /data/user/0/com.facebook.katana/lib-main
04-15 15:00:02.179 17876 17914 V fb-UnpackingSoSource: releasing dso store lock for /data/user/0/com.facebook.katana/lib-main
04-15 15:00:02.179 17876 17914 D SoLoader: init finish: 4 SO sources prepared
04-15 15:00:02.179 17876 17914 D SoLoader: init exiting
04-15 15:00:02.180 17876 17914 D SoLoader: Prepending to SO sources: X.01d[root = /data/data/com.facebook.katana/lib-assets flags = 1]
04-15 15:00:02.180 17876 17914 V fb-UnpackingSoSource: locked dso store /data/user/0/com.facebook.katana/lib-assets
04-15 15:00:02.182 17876 17914 I fb-UnpackingSoSource: dso store is up-to-date: /data/user/0/com.facebook.katana/lib-assets
04-15 15:00:02.182 17876 17914 V fb-UnpackingSoSource: releasing dso store lock for /data/user/0/com.facebook.katana/lib-assets
04-15 15:00:02.183 17876 17914 D SoLoader: Prepended to SO sources: X.01d[root = /data/data/com.facebook.katana/lib-assets flags = 1]
04-15 15:00:02.183 17876 17914 D SoLoader: Prepending to SO sources: X.01e[root = /data/data/com.facebook.katana/lib-xzs flags = 1]
04-15 15:00:02.184 17876 17914 V fb-UnpackingSoSource: locked dso store /data/user/0/com.facebook.katana/lib-xzs
04-15 15:00:02.189 17876 17914 I fb-UnpackingSoSource: dso store is up-to-date: /data/user/0/com.facebook.katana/lib-xzs
04-15 15:00:02.189 17876 17914 V fb-UnpackingSoSource: releasing dso store lock for /data/user/0/com.facebook.katana/lib-xzs
04-15 15:00:02.189 17876 17914 D SoLoader: Prepended to SO sources: X.01e[root = /data/data/com.facebook.katana/lib-xzs flags = 1]
04-15 15:00:02.190 17876 17914 D SoLoader: About to load: libcoldstart.so
04-15 15:00:02.191 17876 17914 D SoLoader: libcoldstart.so found on /data/data/com.facebook.katana/lib-xzs
04-15 15:00:02.196 17893 17915 I vndksupport: sphal namespace is not configured for this process. Loading /vendor/lib/egl/libGLES_mali.so from the current namespace instead.
04-15 15:00:02.209 17893 17893 I MAMInfo : MAMInfo initialized. Debug=false, UseTestAgent=false, ManagedDialogDisabled=false, DeprecationDialogDisabled=false, PolicyRequired=false, MultiIdentityEnabled=true, FullBackupContent=true, UseDefaultEnrollment=false, ExceptionOnInit=false
04-15 15:00:02.213 17876 17914 D SoLoader: Loading lib dependencies: [libandroid.so, libz.so, liblog.so, libdl.so, liblowlevel.so, libsigmux.so, libxplat_FBExit_FBExit.so, libjnigraphics.so, libshadowmalloc.so, liblinkerutils.so, libforce_dlopen.so, libdistract.so, libreactivesocket-jni-livequery.so, libdextricks.so, libopencv.so, libglog.so, libflatbuffersflatc.so, libthird-party_easywsclient_easywsclientAndroid.so, libfbsystrace.so, libgnustl_shared.so, libm.so, libc.so]
04-15 15:00:02.214 17876 17914 D SoLoader: About to load: libandroid.so
04-15 15:00:02.214 17876 17914 D SoLoader: libandroid.so not found on /data/data/com.facebook.katana/lib-xzs
04-15 15:00:02.214 17876 17914 D SoLoader: libandroid.so not found on /data/data/com.facebook.katana/lib-assets
04-15 15:00:02.215 17876 17914 D SoLoader: libandroid.so not found on /data/data/com.facebook.katana/lib-main
04-15 15:00:02.215 17876 17914 D SoLoader: libandroid.so not found on /data/app/com.facebook.katana-luMHWlL98BPR31r0zSBqcQ==/lib/arm
04-15 15:00:02.215 17876 17914 D SoLoader: libandroid.so not found on /system/vendor/lib
04-15 15:00:02.215 17876 17914 D SoLoader: libandroid.so found on /system/lib
04-15 15:00:02.215 17876 17914 D SoLoader: libandroid.so loaded implicitly
04-15 15:00:02.215 17876 17914 D SoLoader: Loaded: libandroid.so
04-15 15:00:02.215 17876 17914 D SoLoader: About to load: libz.so
04-15 15:00:02.216 17876 17914 D SoLoader: libz.so not found on /data/data/com.facebook.katana/lib-xzs
04-15 15:00:02.228 17876 17914 D SoLoader: libz.so not found on /data/data/com.facebook.katana/lib-assets
04-15 15:00:02.228 17876 17914 D SoLoader: libz.so not found on /data/data/com.facebook.katana/lib-main
04-15 15:00:02.229 17876 17914 D SoLoader: libz.so not found on /data/app/com.facebook.katana-luMHWlL98BPR31r0zSBqcQ==/lib/arm
04-15 15:00:02.229 17876 17914 D SoLoader: libz.so not found on /system/vendor/lib
04-15 15:00:02.229 17876 17914 D SoLoader: libz.so found on /system/lib
04-15 15:00:02.229 17876 17914 D SoLoader: libz.so loaded implicitly
04-15 15:00:02.229 17876 17914 D SoLoader: Loaded: libz.so
04-15 15:00:02.229 17876 17914 D SoLoader: About to load: liblog.so
04-15 15:00:02.230 17876 17914 D SoLoader: liblog.so not found on /data/data/com.facebook.katana/lib-xzs
04-15 15:00:02.230 17876 17914 D SoLoader: liblog.so not found on /data/data/com.facebook.katana/lib-assets
04-15 15:00:02.230 17876 17914 D SoLoader: liblog.so not found on /data/data/com.facebook.katana/lib-main
04-15 15:00:02.230 17876 17914 D SoLoader: liblog.so not found on /data/app/com.facebook.katana-luMHWlL98BPR31r0zSBqcQ==/lib/arm
04-15 15:00:02.231 17876 17914 D SoLoader: liblog.so not found on /system/vendor/lib
04-15 15:00:02.231 17876 17914 D SoLoader: liblog.so found on /system/lib
04-15 15:00:02.231 17876 17914 D SoLoader: liblog.so loaded implicitly
04-15 15:00:02.231 17876 17914 D SoLoader: Loaded: liblog.so
04-15 15:00:02.231 17876 17914 D SoLoader: About to load: libdl.so
04-15 15:00:02.231 17876 17914 D SoLoader: libdl.so not found on /data/data/com.facebook.katana/lib-xzs
04-15 15:00:02.232 17876 17914 D SoLoader: libdl.so not found on /data/data/com.facebook.katana/lib-assets
04-15 15:00:02.232 17876 17914 D SoLoader: libdl.so not found on /data/data/com.facebook.katana/lib-main
04-15 15:00:02.232 17876 17914 D SoLoader: libdl.so not found on /data/app/com.facebook.katana-luMHWlL98BPR31r0zSBqcQ==/lib/arm
04-15 15:00:02.233 17876 17914 D SoLoader: libdl.so not found on /system/vendor/lib
04-15 15:00:02.233 17876 17914 D SoLoader: libdl.so found on /system/lib
04-15 15:00:02.233 17876 17914 D SoLoader: libdl.so loaded implicitly
04-15 15:00:02.233 17876 17914 D SoLoader: Loaded: libdl.so
04-15 15:00:02.233 17876 17914 D SoLoader: About to load: liblowlevel.so
04-15 15:00:02.233 17876 17914 D SoLoader: liblowlevel.so found on /data/data/com.facebook.katana/lib-xzs
04-15 15:00:02.247 17876 17914 D SoLoader: Loading lib dependencies: [libshadowmalloc.so, libbreakpad.so, liblog.so, libdl.so, libglog.so, libgnustl_shared.so, libc.so]
04-15 15:00:02.247 17876 17914 D SoLoader: About to load: libshadowmalloc.so
04-15 15:00:02.247 17876 17914 D SoLoader: libshadowmalloc.so not found on /data/data/com.facebook.katana/lib-xzs
04-15 15:00:02.248 17876 17914 D SoLoader: libshadowmalloc.so not found on /data/data/com.facebook.katana/lib-assets
04-15 15:00:02.248 17876 17914 D SoLoader: libshadowmalloc.so not found on /data/data/com.facebook.katana/lib-main
04-15 15:00:02.248 17876 17914 D SoLoader: libshadowmalloc.so found on /data/app/com.facebook.katana-luMHWlL98BPR31r0zSBqcQ==/lib/arm
04-15 15:00:02.248 17876 17914 D SoLoader: Not resolving dependencies for libshadowmalloc.so
04-15 15:00:02.248 17893 17917 I MAMWERetryScheduler: task thread waiting for tasks.
04-15 15:00:02.252 17893 17893 I MAMComponents: Not initializing MAM classes because the MDM package is not installed.
04-15 15:00:02.254 17893 17893 I MAMComponents: Not initializing MAM classes because the MDM package is not installed.
04-15 15:00:02.257 17876 17914 D SoLoader: Loaded: libshadowmalloc.so
04-15 15:00:02.257 17876 17914 D SoLoader: About to load: libbreakpad.so
04-15 15:00:02.257 17876 17914 D SoLoader: libbreakpad.so found on /data/data/com.facebook.katana/lib-xzs
04-15 15:00:02.257 17893 17893 I MultiDex: VM with version 2.1.0 has multidex support
04-15 15:00:02.258 17893 17893 I MultiDex: install
04-15 15:00:02.258 17893 17893 I MultiDex: VM has multidex support, MultiDex support library is disabled.
04-15 15:00:02.261 17876 17914 D SoLoader: Loading lib dependencies: [libsigmux.so, libshadowmalloc.so, liblog.so, libgnustl_shared.so, libc.so, libdl.so]
04-15 15:00:02.261 17876 17914 D SoLoader: About to load: libsigmux.so
04-15 15:00:02.261 17876 17914 D SoLoader: libsigmux.so not found on /data/data/com.facebook.katana/lib-xzs
04-15 15:00:02.262 17876 17914 D SoLoader: libsigmux.so not found on /data/data/com.facebook.katana/lib-assets
04-15 15:00:02.262 17876 17914 D SoLoader: libsigmux.so not found on /data/data/com.facebook.katana/lib-main
04-15 15:00:02.262 17876 17914 D SoLoader: libsigmux.so found on /data/app/com.facebook.katana-luMHWlL98BPR31r0zSBqcQ==/lib/arm
04-15 15:00:02.262 17876 17914 D SoLoader: Not resolving dependencies for libsigmux.so
04-15 15:00:02.264 17876 17914 D SoLoader: Loaded: libsigmux.so
04-15 15:00:02.264 17876 17914 D SoLoader: About to load: libgnustl_shared.so
04-15 15:00:02.264 17876 17914 D SoLoader: libgnustl_shared.so not found on /data/data/com.facebook.katana/lib-xzs
04-15 15:00:02.265 17876 17914 D SoLoader: libgnustl_shared.so not found on /data/data/com.facebook.katana/lib-assets
04-15 15:00:02.265 17876 17914 D SoLoader: libgnustl_shared.so not found on /data/data/com.facebook.katana/lib-main
04-15 15:00:02.265 17876 17914 D SoLoader: libgnustl_shared.so found on /data/app/com.facebook.katana-luMHWlL98BPR31r0zSBqcQ==/lib/arm
04-15 15:00:02.265 17876 17914 D SoLoader: Not resolving dependencies for libgnustl_shared.so
04-15 15:00:02.266 17893 17915 D libEGL  : loaded /vendor/lib/egl/libGLES_mali.so
04-15 15:00:02.266 17876 17914 D SoLoader: Loaded: libgnustl_shared.so
04-15 15:00:02.267 17876 17914 D SoLoader: About to load: libc.so
04-15 15:00:02.267 17876 17914 D SoLoader: libc.so not found on /data/data/com.facebook.katana/lib-xzs
04-15 15:00:02.267 17876 17914 D SoLoader: libc.so not found on /data/data/com.facebook.katana/lib-assets
04-15 15:00:02.267 17876 17914 D SoLoader: libc.so not found on /data/data/com.facebook.katana/lib-main
04-15 15:00:02.268 17876 17914 D SoLoader: libc.so not found on /data/app/com.facebook.katana-luMHWlL98BPR31r0zSBqcQ==/lib/arm
04-15 15:00:02.268 17876 17914 D SoLoader: libc.so not found on /system/vendor/lib
04-15 15:00:02.268 17876 17914 D SoLoader: libc.so found on /system/lib
04-15 15:00:02.268 17876 17914 D SoLoader: libc.so loaded implicitly
04-15 15:00:02.268 17876 17914 D SoLoader: Loaded: libc.so
04-15 15:00:02.270 17876 17914 D SoLoader: Loaded: libbreakpad.so
04-15 15:00:02.271 17876 17914 D SoLoader: About to load: libglog.so
04-15 15:00:02.271 17876 17914 D SoLoader: libglog.so found on /data/data/com.facebook.katana/lib-xzs
04-15 15:00:02.276 17876 17914 D SoLoader: Loading lib dependencies: [libshadowmalloc.so, libgnustl_shared.so, libc.so]
04-15 15:00:02.278 17876 17914 D SoLoader: Loaded: libglog.so
04-15 15:00:02.281 17876 17914 D SoLoader: Loaded: liblowlevel.so
04-15 15:00:02.281 17876 17914 D SoLoader: About to load: libxplat_FBExit_FBExit.so
04-15 15:00:02.282 17876 17914 D SoLoader: libxplat_FBExit_FBExit.so found on /data/data/com.facebook.katana/lib-xzs
04-15 15:00:02.284 17876 17914 D SoLoader: Loading lib dependencies: [libgnustl_shared.so, libc.so]
04-15 15:00:02.286 17876 17914 D SoLoader: Loaded: libxplat_FBExit_FBExit.so
04-15 15:00:02.286 17876 17914 D SoLoader: About to load: libjnigraphics.so
04-15 15:00:02.286 17876 17914 D SoLoader: libjnigraphics.so not found on /data/data/com.facebook.katana/lib-xzs
04-15 15:00:02.287 17876 17914 D SoLoader: libjnigraphics.so not found on /data/data/com.facebook.katana/lib-assets
04-15 15:00:02.287 17876 17914 D SoLoader: libjnigraphics.so not found on /data/data/com.facebook.katana/lib-main
04-15 15:00:02.287 17876 17914 D SoLoader: libjnigraphics.so not found on /data/app/com.facebook.katana-luMHWlL98BPR31r0zSBqcQ==/lib/arm
04-15 15:00:02.287 17876 17914 D SoLoader: libjnigraphics.so not found on /system/vendor/lib
04-15 15:00:02.287 17876 17914 D SoLoader: libjnigraphics.so found on /system/lib
04-15 15:00:02.287 17876 17914 D SoLoader: libjnigraphics.so loaded implicitly
04-15 15:00:02.287 17876 17914 D SoLoader: Loaded: libjnigraphics.so
04-15 15:00:02.288 17876 17914 D SoLoader: About to load: liblinkerutils.so
04-15 15:00:02.288 17876 17914 D SoLoader: liblinkerutils.so found on /data/data/com.facebook.katana/lib-xzs
04-15 15:00:02.291 17876 17914 D SoLoader: Loading lib dependencies: [libsigmux.so, libshadowmalloc.so, libgnustl_shared.so, libc.so, libdl.so]
04-15 15:00:02.293 17876 17914 D SoLoader: Loaded: liblinkerutils.so
04-15 15:00:02.293 17876 17914 D SoLoader: About to load: libforce_dlopen.so
04-15 15:00:02.294 17876 17914 D SoLoader: libforce_dlopen.so not found on /data/data/com.facebook.katana/lib-xzs
04-15 15:00:02.294 17876 17914 D SoLoader: libforce_dlopen.so not found on /data/data/com.facebook.katana/lib-assets
04-15 15:00:02.294 17876 17914 D SoLoader: libforce_dlopen.so not found on /data/data/com.facebook.katana/lib-main
04-15 15:00:02.295 17876 17914 D SoLoader: libforce_dlopen.so found on /data/app/com.facebook.katana-luMHWlL98BPR31r0zSBqcQ==/lib/arm
04-15 15:00:02.295 17876 17914 D SoLoader: Not resolving dependencies for libforce_dlopen.so
04-15 15:00:02.296 17876 17914 D SoLoader: Loaded: libforce_dlopen.so
04-15 15:00:02.297 17876 17914 D SoLoader: About to load: libdistract.so
04-15 15:00:02.297 17876 17914 D SoLoader: libdistract.so not found on /data/data/com.facebook.katana/lib-xzs
04-15 15:00:02.297 17876 17914 D SoLoader: libdistract.so not found on /data/data/com.facebook.katana/lib-assets
04-15 15:00:02.297 17876 17914 D SoLoader: libdistract.so not found on /data/data/com.facebook.katana/lib-main
04-15 15:00:02.298 17876 17914 D SoLoader: libdistract.so found on /data/app/com.facebook.katana-luMHWlL98BPR31r0zSBqcQ==/lib/arm
04-15 15:00:02.298 17876 17914 D SoLoader: Not resolving dependencies for libdistract.so
04-15 15:00:02.299 17876 17914 D SoLoader: Loaded: libdistract.so
04-15 15:00:02.300 17876 17914 D SoLoader: About to load: libreactivesocket-jni-livequery.so
04-15 15:00:02.300 17876 17914 D SoLoader: libreactivesocket-jni-livequery.so found on /data/data/com.facebook.katana/lib-xzs
04-15 15:00:02.303 17876 17914 D SoLoader: Loading lib dependencies: [liblowlevel.so, libgnustl_shared.so, libc.so]
04-15 15:00:02.305 17876 17914 D SoLoader: Loaded: libreactivesocket-jni-livequery.so
04-15 15:00:02.305 17876 17914 D SoLoader: About to load: libdextricks.so
04-15 15:00:02.305 17876 17914 D SoLoader: libdextricks.so found on /data/data/com.facebook.katana/lib-xzs
04-15 15:00:02.311 17876 17914 D SoLoader: Loading lib dependencies: [liblowlevel.so, libsigmux.so, libz.so, libshadowmalloc.so, libnative_redex_tools_oatmeal_oatmeal-src.so, libforce_dlopen.so, libdistract.so, liblog.so, libfbsystrace.so, libgnustl_shared.so, libc.so, libdl.so]
04-15 15:00:02.311 17876 17914 D SoLoader: About to load: libnative_redex_tools_oatmeal_oatmeal-src.so
04-15 15:00:02.312 17876 17914 D SoLoader: libnative_redex_tools_oatmeal_oatmeal-src.so found on /data/data/com.facebook.katana/lib-xzs
04-15 15:00:02.315 17876 17914 D SoLoader: Loading lib dependencies: [libshadowmalloc.so, libgnustl_shared.so, libc.so]
04-15 15:00:02.317 17876 17914 D SoLoader: Loaded: libnative_redex_tools_oatmeal_oatmeal-src.so
04-15 15:00:02.317 17876 17914 D SoLoader: About to load: libfbsystrace.so
04-15 15:00:02.317 17876 17914 D SoLoader: libfbsystrace.so found on /data/data/com.facebook.katana/lib-xzs
04-15 15:00:02.320 17876 17914 D SoLoader: Loading lib dependencies: [libgnustl_shared.so, libc.so, libdl.so]
04-15 15:00:02.324 17876 17914 D SoLoader: Loaded: libfbsystrace.so
04-15 15:00:02.325  5072  5140 I BeaconBle: Client requested scan, settings=BleSettings [scanMode=ZERO_POWER, callbackType=ALL_MATCHES, reportDelayMillis=0, 6 filters, 1 clients, callingClientName=Nearby]
04-15 15:00:02.329 17876 17914 D SoLoader: Loaded: libdextricks.so
04-15 15:00:02.329 17876 17914 D SoLoader: About to load: libopencv.so
04-15 15:00:02.329 17876 17914 D SoLoader: libopencv.so found on /data/data/com.facebook.katana/lib-xzs
04-15 15:00:02.334 17876 17914 D SoLoader: Loading lib dependencies: [libshadowmalloc.so, libthird-party_png_pngAndroid.so, libz.so, liblog.so, libdl.so, libgnustl_shared.so, libstdc++.so, libm.so, libc.so]
04-15 15:00:02.334 17876 17914 D SoLoader: About to load: libthird-party_png_pngAndroid.so
04-15 15:00:02.334 17876 17914 D SoLoader: libthird-party_png_pngAndroid.so found on /data/data/com.facebook.katana/lib-xzs
04-15 15:00:02.338 17876 17914 D SoLoader: Loading lib dependencies: [libz.so, libshadowmalloc.so, libgnustl_shared.so, libm.so, libc.so]
04-15 15:00:02.338 17876 17914 D SoLoader: About to load: libm.so
04-15 15:00:02.338 17876 17914 D SoLoader: libm.so not found on /data/data/com.facebook.katana/lib-xzs
04-15 15:00:02.338 17876 17914 D SoLoader: libm.so not found on /data/data/com.facebook.katana/lib-assets
04-15 15:00:02.339 17876 17914 D SoLoader: libm.so not found on /data/data/com.facebook.katana/lib-main
04-15 15:00:02.339 17876 17914 D SoLoader: libm.so not found on /data/app/com.facebook.katana-luMHWlL98BPR31r0zSBqcQ==/lib/arm
04-15 15:00:02.339 17876 17914 D SoLoader: libm.so not found on /system/vendor/lib
04-15 15:00:02.339 17876 17914 D SoLoader: libm.so found on /system/lib
04-15 15:00:02.339 17876 17914 D SoLoader: libm.so loaded implicitly
04-15 15:00:02.339 17876 17914 D SoLoader: Loaded: libm.so
04-15 15:00:02.341  5072  5140 I BeaconBle: Stopping scan on delegate scanner. BT state: 12
04-15 15:00:02.341 17876 17914 D SoLoader: Loaded: libthird-party_png_pngAndroid.so
04-15 15:00:02.342 17876 17914 D SoLoader: About to load: libstdc++.so
04-15 15:00:02.342 17876 17914 D SoLoader: libstdc++.so not found on /data/data/com.facebook.katana/lib-xzs
04-15 15:00:02.342  5072  5140 D BluetoothAdapter: STATE_ON
04-15 15:00:02.342 17876 17914 D SoLoader: libstdc++.so not found on /data/data/com.facebook.katana/lib-assets
04-15 15:00:02.343 17876 17914 D SoLoader: libstdc++.so not found on /data/data/com.facebook.katana/lib-main
04-15 15:00:02.343 17876 17914 D SoLoader: libstdc++.so not found on /data/app/com.facebook.katana-luMHWlL98BPR31r0zSBqcQ==/lib/arm
04-15 15:00:02.343 17876 17914 D SoLoader: libstdc++.so not found on /system/vendor/lib
04-15 15:00:02.343 17876 17914 D SoLoader: libstdc++.so found on /system/lib
04-15 15:00:02.343 17876 17914 D SoLoader: libstdc++.so loaded implicitly
04-15 15:00:02.343 17876 17914 D SoLoader: Loaded: libstdc++.so
04-15 15:00:02.344  5072  5140 D BluetoothAdapter: STATE_ON
04-15 15:00:02.344  5072  5140 D BluetoothLeScanner: Stop Scan with callback
04-15 15:00:02.351  5072  5140 D BluetoothAdapter: STATE_ON
04-15 15:00:02.352  5072  5140 D BluetoothAdapter: STATE_ON
04-15 15:00:02.353  5072  5140 I BeaconBle: Resetting - new scanner available: true
04-15 15:00:02.353  5072  5140 I BeaconBle: ZERO_POWER is disabled.
04-15 15:00:02.353  5072  5140 I BeaconBle: 'L' hardware scan: scan stopped, no powered clients
04-15 15:00:02.361 17876 17914 D SoLoader: Loaded: libopencv.so
04-15 15:00:02.362 17876 17914 D SoLoader: About to load: libflatbuffersflatc.so
04-15 15:00:02.362 17876 17914 D SoLoader: libflatbuffersflatc.so found on /data/data/com.facebook.katana/lib-xzs
04-15 15:00:02.367 17876 17914 D SoLoader: Loading lib dependencies: [libshadowmalloc.so, libgnustl_shared.so, libc.so]
04-15 15:00:02.368  4635  4686 D BluetoothAdapter: STATE_ON
04-15 15:00:02.369  4635  4686 D BluetoothAdapter: STATE_ON
04-15 15:00:02.370 17876 17914 D SoLoader: Loaded: libflatbuffersflatc.so
04-15 15:00:02.370 17876 17914 D SoLoader: About to load: libthird-party_easywsclient_easywsclientAndroid.so
04-15 15:00:02.370  4635  4686 D BluetoothAdapter: STATE_ON
04-15 15:00:02.371 17876 17914 D SoLoader: libthird-party_easywsclient_easywsclientAndroid.so found on /data/data/com.facebook.katana/lib-xzs
04-15 15:00:02.371  4635  4686 D BluetoothAdapter: STATE_ON
04-15 15:00:02.373  4635  4853 W bt_btm  : btm_ble_disable_resolving_list() rl_state = 0x1b, rl_mask = 0x2, to_resume = 1
04-15 15:00:02.373  4635  4686 D BtGatt.ScanManager: configureRegularScanParams() scan param set to 800 / 8000 (units)
04-15 15:00:02.373  4635  4853 W bt_btm  : btm_ble_enable_resolving_list() rl_state = 0x19, rl_mask = 0x2
04-15 15:00:02.374  4635  4687 E BtGatt.GattService: [GSIM LOG]: gsimLogHandler, msg: MESSAGE_SCAN_STOP, appName: com.google.uid.shared, scannerId: 12, reportDelayMillis=0
04-15 15:00:02.374 17876 17914 D SoLoader: Loading lib dependencies: [libshadowmalloc.so, libgnustl_shared.so, libc.so]
04-15 15:00:02.376 17876 17914 D SoLoader: Loaded: libthird-party_easywsclient_easywsclientAndroid.so
04-15 15:00:02.394  3777 21596 D ConnectivityService: filterNetworkStateForUid() uid: 10052 networkInfo: [type: WIFI[] - WIFI, state: CONNECTED/CONNECTED, reason: (unspecified), extra: "WLAN-B4G0MB", failover: false, available: true, roaming: false, metered: false]
04-15 15:00:02.396  3777 21596 I chatty  : uid=1000(system) Binder:3777_1F identical 1 line
04-15 15:00:02.416 17876 17914 D SoLoader: Loaded: libcoldstart.so
04-15 15:00:02.417 17876 17914 D SoLoader: About to merge: verifier / libcoldstart.so
04-15 15:00:02.417 17876 17914 D SoLoader: About to merge: fb / liblowlevel.so
04-15 15:00:02.418 17876 17914 D SoLoader: About to merge: fb / liblowlevel.so
04-15 15:00:02.424 17876 17914 D SoLoader: About to load: libbreakpad_cpp_helper.so
04-15 15:00:02.424 17876 17914 D SoLoader: libbreakpad_cpp_helper.so not found on /data/data/com.facebook.katana/lib-xzs
04-15 15:00:02.425 17876 17914 D SoLoader: libbreakpad_cpp_helper.so not found on /data/data/com.facebook.katana/lib-assets
04-15 15:00:02.425 17876 17914 D SoLoader: libbreakpad_cpp_helper.so not found on /data/data/com.facebook.katana/lib-main
04-15 15:00:02.425 17876 17914 D SoLoader: libbreakpad_cpp_helper.so found on /data/app/com.facebook.katana-luMHWlL98BPR31r0zSBqcQ==/lib/arm
04-15 15:00:02.426 17876 17914 D SoLoader: Not resolving dependencies for libbreakpad_cpp_helper.so
04-15 15:00:02.427 17893 17893 D NetworkSecurityConfig: Using Network Security Config from resource network_security_config debugBuild: false
04-15 15:00:02.427 17876 17914 D SoLoader: Loaded: libbreakpad_cpp_helper.so
04-15 15:00:02.432 17876 17914 D SoLoader: About to load: liblogcat-interceptor.so
04-15 15:00:02.432 17876 17914 D SoLoader: liblogcat-interceptor.so found on /data/data/com.facebook.katana/lib-xzs
04-15 15:00:02.437 17876 17914 D SoLoader: Loading lib dependencies: [liblowlevel.so, libshadowmalloc.so, liblinkerutils.so, libforce_dlopen.so, liblog.so, libgnustl_shared.so, libc.so, libdl.so]
04-15 15:00:02.439 17876 17914 D SoLoader: Loaded: liblogcat-interceptor.so
04-15 15:00:02.443 17876 17914 I logcat-interceptor: Logcat interceptor installed successfully with buffer size 204800
04-15 15:00:02.445 17876 17914 I FacebookApplication: Logcat interceptor installed successfully
04-15 15:00:02.446 17876 17914 D SoLoader: About to load: libaborthooks.so
04-15 15:00:02.446 17876 17914 D SoLoader: libaborthooks.so found on /data/data/com.facebook.katana/lib-xzs
04-15 15:00:02.450  3777 21596 D ConnectivityService: filterNetworkStateForUid() uid: 10052 networkInfo: [type: WIFI[] - WIFI, state: CONNECTED/CONNECTED, reason: (unspecified), extra: "WLAN-B4G0MB", failover: false, available: true, roaming: false, metered: false]
04-15 15:00:02.450  5439 17398 I EventLogSendingHelper: Sending log events.
04-15 15:00:02.451 17876 17914 D SoLoader: Loading lib dependencies: [liblowlevel.so, libshadowmalloc.so, libdistract.so, libbreakpad.so, liblog.so, libglog.so, libgnustl_shared.so, libc.so]
04-15 15:00:02.453 17876 17914 D SoLoader: Loaded: libaborthooks.so
04-15 15:00:02.454 17876 17914 I FacebookApplication: Abort hooks installed successfully
04-15 15:00:02.454 17876 17914 D SoLoader: About to merge: lyramanager / libcoldstart.so
04-15 15:00:02.458 17876 17914 D SoLoader: About to load: libterminate_handler_manager.so
04-15 15:00:02.458 17876 17914 D SoLoader: libterminate_handler_manager.so found on /data/data/com.facebook.katana/lib-xzs
04-15 15:00:02.459 17893 17893 V com.microsoft.instrumentation.applicationinsights.c: Flushing session
04-15 15:00:02.461 17876 17914 D SoLoader: Loading lib dependencies: [liblowlevel.so, libshadowmalloc.so, libgnustl_shared.so, libc.so]
04-15 15:00:02.464 17876 17914 D SoLoader: Loaded: libterminate_handler_manager.so
04-15 15:00:02.464 17893 17924 V com.microsoft.instrumentation.applicationinsights.c: Sending data to server
04-15 15:00:02.466  5439 17404 I EventLogSendingHelper: Sending log events.
04-15 15:00:02.469 17876 17914 D SoLoader: About to merge: appstatelogger / libcoldstart.so
04-15 15:00:02.470  3777  4286 W StorageManager: getStorageLowBytes lowPercent : 5, lowBytes : 2898018304, maxLowBytes : 524288000
04-15 15:00:02.471 17876 17914 V appstatelogger: Registered App State Logger stream with Breakpad
04-15 15:00:02.472 17876 17914 D DexLibLoader: IsArt = true context = com.facebook.katana.app.FacebookApplication@65fe4a
04-15 15:00:02.473 17876 17914 W dalvik-internals: ignoring failure to find _ZN3art12FaultManager35EnsureArtActionInFrontOfSignalChainEv: could not hook _ZN3art12FaultManager35EnsureArtActionInFrontOfSignalChainEv
04-15 15:00:02.474 17876 17914 V dalvik-internals: hooked signal using trap ()
04-15 15:00:02.474 17876 17914 V dalvik-internals: hooked sysv_signal using trap ()
04-15 15:00:02.475 17876 17914 V dalvik-internals: hooked bsd_signal using trap ()
04-15 15:00:02.476 17876 17914 V dalvik-internals: hooked sigaction using trap ()
04-15 15:00:02.482 17876 17914 I dalvik-internals: installed sigmux crash handler for crash log
04-15 15:00:02.485  3777 21596 D ConnectivityService: filterNetworkStateForUid() uid: 10026 networkInfo: [type: WIFI[] - WIFI, state: CONNECTED/CONNECTED, reason: (unspecified), extra: "WLAN-B4G0MB", failover: false, available: true, roaming: false, metered: false]
04-15 15:00:02.486 17876 17914 D ClassFailureStapler: not installing class failure stapler: ART in use
04-15 15:00:02.486 17876 17914 D SoLoader: About to merge: classtracing / libcoldstart.so
04-15 15:00:02.488 17876 17914 V DexLibLoader: DLL.loadAll betaBuild:false flags:0x00000004
04-15 15:00:02.490 17876 17914 V DexLibLoader: resolved non-canonical data directory /data/user/0/com.facebook.katana to /data/data/com.facebook.katana
04-15 15:00:02.491 17876 17927 D SoLoader: About to load: libacra.so
04-15 15:00:02.491 17876 17928 D SoLoader: About to load: libpreconnector.so
04-15 15:00:02.492 17876 17927 D SoLoader: libacra.so found on /data/data/com.facebook.katana/lib-xzs
04-15 15:00:02.493 17876 17914 V DexLibLoader: opening dex store /data/data/com.facebook.katana/dex
04-15 15:00:02.495 17876 17914 W DexLibLoader: disabling background optimization
04-15 15:00:02.498 17876 17914 V DexLibLoader: Secondary program dex metadata: [.root_relative]
04-15 15:00:02.498 17876 17914 V DexLibLoader: Secondary program dex metadata: [.locators]
04-15 15:00:02.498 17876 17914 V DexLibLoader: Secondary program dex metadata: [classes2.dex 37f9442275639bcf7db654efcc248b2fa5faa1c5 secondary.dex01.Canary]
04-15 15:00:02.499 17876 17914 V DexLibLoader: Secondary program dex metadata: [classes3.dex e819becb24aa0778fec749d42a34c4697e7b37bc secondary.dex02.Canary]
04-15 15:00:02.499 17876 17927 D SoLoader: Loading lib dependencies: [liblowlevel.so, libshadowmalloc.so, libforce_dlopen.so, libdistract.so, liblog.so, libgnustl_shared.so, libc.so, libdl.so]
04-15 15:00:02.499 17876 17914 V DexLibLoader: Secondary program dex metadata: [classes4.dex 6bbda8b1fa58d114c03f43ff9883560e6225dc71 secondary.dex03.Canary]
04-15 15:00:02.502 17876 17927 D SoLoader: Loaded: libacra.so
04-15 15:00:02.502 17876 17927 D SigquitBasedANRDetector: Initialized
04-15 15:00:02.503 17876 17927 D SigquitBasedANRDetector: Function hooked with result=0
04-15 15:00:02.504 17876 17928 D SoLoader: libpreconnector.so found on /data/data/com.facebook.katana/lib-xzs
04-15 15:00:02.505 17876 17914 V DexLibLoader: Secondary program dex metadata: [classes5.dex 34451ea5582a7c449bd39c8d8f2df376da82bdf6 secondary.dex04.Canary]
04-15 15:00:02.506 17876 17914 V DexLibLoader: Secondary program dex metadata: [classes6.dex 6125d5558ec8cb4cb6fd4f4bb1b222c549363d6d secondary.dex05.Canary]
04-15 15:00:02.506 17876 17914 V DexLibLoader: Secondary program dex metadata: [classes7.dex 5cd879cbf08bd06836adbf9c2e2a6ea13c50ccfe secondary.dex06.Canary]
04-15 15:00:02.506 17876 17914 V DexLibLoader: Secondary program dex metadata: [classes8.dex 6f42464561c2410cd7ba66da1cf73a80a5d4e345 secondary.dex07.Canary]
04-15 15:00:02.506 17876 17914 V DexLibLoader: Secondary program dex metadata: [classes9.dex 276bd7e1166299a31d4d1143b05b27c72a1f5f44 secondary.dex08.Canary]
04-15 15:00:02.506 17876 17914 V DexLibLoader: Secondary program dex metadata: [classes10.dex a578f923896aa1329e1854a095fc3444cda22984 secondary.dex09.Canary]
04-15 15:00:02.507 17876 17914 V DexLibLoader: Secondary program dex metadata: [classes11.dex b0979858708c4fc393c87741bc49aed23cc01e37 secondary.dex10.Canary]
04-15 15:00:02.507 17876 17914 V DexLibLoader: Secondary program dex metadata: [classes12.dex 83c85bb354605fa2c810e3a4ed6c3b90d2a4e88c secondary.dex11.Canary]
04-15 15:00:02.507 17876 17914 V DexLibLoader: Secondary program dex metadata: [classes13.dex 9f5df15b961ee6316cda21144fc7de69451ce38a secondary.dex12.Canary]
04-15 15:00:02.512 17876 17928 D SoLoader: Loading lib dependencies: [liblowlevel.so, libshadowmalloc.so, libgnustl_shared.so, libc.so]
04-15 15:00:02.518 17876 17914 V DexLibLoader: read status:9 check:faceb007faceb00e str:STATE_NOOP
04-15 15:00:02.519 17893 17893 W System  : ClassLoader referenced unknown path: 
04-15 15:00:02.520 17876 17928 D SoLoader: Loaded: libpreconnector.so
04-15 15:00:02.537 17876 17914 V DexLibLoader: read saved dep file /data/data/com.facebook.katana/dex/deps (224 bytes)
04-15 15:00:02.537 17876 17914 I DexLibLoader: current scheme: com.facebook.common.dextricks.OdexSchemeNoop next step: LA_LOAD_EXISTING
04-15 15:00:02.540 17876 17914 I DexLibLoader: Read SetupStartupQEsConfig for MDCL Configure: [StartupQEsConfig Lock Dex Num: -1 Lock Art:false Lock Art:false Enable ColdStart Aware GC:false Disable Concurrent GC:false Concurrent GC Threshold:-1 Disable Native GC:false Grow Heap Aggresively:false Disable min concurrent:false Idle throughput enabled:true Max idle requests:3 Delay between idle calss:25 Prioritizew main thread:false Idle Startup Items delayed: false Idle Max Interval Startup: 500 Idle NonCritical INeedInits: false Idle NonCritical INeedInits Dealy: 1500 Idle LowPri INeedInits: false MC PROT_EXEC: false MC madvise random: false MC madvise  will need: false XML Cache Size: 0 Threadpool IHPNeedInit Size: 0 Mobile Config MLockfalse Threadpool Urgent Size: 0 LRU XML Resource Cache Size: 192Drawables in LRU Xml Cache: trueDrawable XML LRU Cache Size: 0CachedThreadFactory count: 0]
04-15 15:00:02.542 17876 17914 V MultiDexClassLoader: installing MultiDexClassLoader before application classloader
04-15 15:00:02.546 17876 17914 D SoLoader: About to merge: classid / libcoldstart.so
04-15 15:00:02.562 17876 17914 D MultiDexClassLoader: primary dex name: /data/app/com.facebook.katana-luMHWlL98BPR31r0zSBqcQ==/base.apk
04-15 15:00:02.562 17876 17914 D MultiDexClassLoader: Found system/other dex /system/framework/com.google.android.maps.jar
04-15 15:00:02.563 17876 17914 D MultiDexClassLoader: Found primary dex /data/app/com.facebook.katana-luMHWlL98BPR31r0zSBqcQ==/base.apk
04-15 15:00:02.563 17876 17914 D MultiDexClassLoader: Setup multi dex took 1 ms.
04-15 15:00:02.564 17876 17914 I MultiDexClassLoader: using java MDCL
04-15 15:00:02.567 17876 17914 V DexLibLoader: created tmpdir /data/data/com.facebook.katana/dex/dexopt8997943339761374357.tmpdir (lock file /data/data/com.facebook.katana/dex/dexopt8997943339761374357.tmpdir_lock)
04-15 15:00:02.568 17876 17914 V DexLibLoader: optimization needed: no
04-15 15:00:02.569 17893 17930 I System.out: (HTTPLog)-Static: isSBSettingEnabled false
04-15 15:00:02.570 17893 17930 I System.out: (HTTPLog)-Static: isSBSettingEnabled false
04-15 15:00:02.574  3407  3624 D DnsProxyListener: DNSDBG::dns addrinfo af 2
04-15 15:00:02.577 17876 17914 W MemoryReductionHack: Couldn't update the Loader (NoSuchFieldException)
04-15 15:00:02.586 17893 17893 I QtCore  : Start
04-15 15:00:02.592 17893 17893 W linker  : "/data/app/com.microsoft.skydrive-zAvNrd_DnlP-1piytieoUg==/lib/arm/libQt5AndroidExtras.so" has unsupported flags DT_FLAGS_1=0x81
04-15 15:00:02.597 17893 17893 W linker  : "/data/app/com.microsoft.skydrive-zAvNrd_DnlP-1piytieoUg==/lib/arm/libQt5Sql.so" has unsupported flags DT_FLAGS_1=0x81
04-15 15:00:02.602 17893 17893 W linker  : "/data/app/com.microsoft.skydrive-zAvNrd_DnlP-1piytieoUg==/lib/arm/libQt5Network.so" has unsupported flags DT_FLAGS_1=0x81
04-15 15:00:02.611 17893 17893 W linker  : "/data/app/com.microsoft.skydrive-zAvNrd_DnlP-1piytieoUg==/lib/arm/libQt5Xml.so" has unsupported flags DT_FLAGS_1=0x81
04-15 15:00:02.615 17893 17893 W linker  : "/data/app/com.microsoft.skydrive-zAvNrd_DnlP-1piytieoUg==/lib/arm/libQt5Concurrent.so" has unsupported flags DT_FLAGS_1=0x81
04-15 15:00:02.621 17893 17930 D TcpOptimizer: TcpOptimizer-ON
04-15 15:00:02.678 17876 17935 D SoLoader: About to merge: profilo_systemcounters / libcoldstart.so
04-15 15:00:02.686 17876 17935 D SoLoader: About to merge: profilo_stacktrace / libcoldstart.so
04-15 15:00:02.688 17876 17935 D SoLoader: About to merge: profilo_threadmetadata / libcoldstart.so
04-15 15:00:02.689 17876 17935 D SoLoader: About to merge: profilo_libcio / libcoldstart.so
04-15 15:00:02.694 17876 17935 D SoLoader: About to merge: profilo / libcoldstart.so
04-15 15:00:02.744 30042 30042 E adbd    : recv: OPEN 00000028 00000000 0054:73 68 65 6C 6C 2C 76 32 2C 72 61 77 3A 6D 6F 6E 6B 65 79 20 2D 70 20 63 6F 6D 2E 68 75 75 75 67 65 2E 73 74 61 72 73 2E 73 6C 6F 74 73 20 2D 63 20 61 6E 64 72 6F 69 64 2E 69 6E 74 65 6E 74 2E 63 61 74 65 67 6F 72 79 2E 4C 41 55 4E 43 48 45 52 20 31 00 
04-15 15:00:02.744 30042 30042 E adbd    : service_to_fd: shell,v2,raw:monkey -p com.huuuge.stars.slots -c android.intent.category.LAUNCHER 1
04-15 15:00:02.805 17893 17952 W linker  : "/data/data/com.microsoft.skydrive/files/libs/sqldrivers/libqsqlite.so" unused DT entry: type 0xf arg 0x1cd7
04-15 15:00:02.805 17893 17952 W linker  : "/data/data/com.microsoft.skydrive/files/libs/sqldrivers/libqsqlite.so" has unsupported flags DT_FLAGS_1=0x81
04-15 15:00:02.828  3777 21596 D ConnectivityService: filterNetworkStateForUid() uid: 10052 networkInfo: [type: WIFI[] - WIFI, state: CONNECTED/CONNECTED, reason: (unspecified), extra: "WLAN-B4G0MB", failover: false, available: true, roaming: false, metered: false]
04-15 15:00:02.860  3777  4001 D SamsungAlarmManager: Cancel Alarm calling from uid:1000 pid :3777 / listener:android.app.AlarmManager$ListenerWrapper@593da67
04-15 15:00:02.863  3777  4001 I SamsungAlarmManager: setLocked to kernel - T:2 / 20180415T150017, SetElapsed=257369690, nowELAPSED=257355203
04-15 15:00:02.868  3777  3777 I WifiService: Securities matching
04-15 15:00:02.870  4413  4466 D EventHandler_FLP: WIFI_SCAN_RESULTS
04-15 15:00:02.872 10408 10408 D oneconnect[1.7.02-45_2]: SepP2pHelper.onReceive - SCAN_RESULTS_AVAILABLE_ACTION
04-15 15:00:02.873 10408 10408 D oneconnect[1.7.02-45_2]: SepP2pHelper.onReceive - SCAN_RESULTS_AVAILABLE_ACTION
04-15 15:00:02.946 17876 17935 D DownloadedFbResources: xmlCacheSize: 0 Lru Xml Resource Cache Size: 192 Drawables in Lru Xml Cache: true Drawable LRU Cache Size: 0
04-15 15:00:02.955 17838 17872 I ProvidersCache: Provider returned no roots. Possibly naughty: com.microsoft.skydrive.content.StorageAccessProvider
04-15 15:00:02.981  3777 21596 W StorageManager: getStorageLowBytes lowPercent : 5, lowBytes : 2898018304, maxLowBytes : 524288000
04-15 15:00:02.984  3777 21596 W StorageManager: getStorageLowBytes lowPercent : 5, lowBytes : 2898018304, maxLowBytes : 524288000
04-15 15:00:02.991 17893 17959 I PSPDFKit: PSPDFKit for Android (3.3.1, 63410), compiled at 2017-07-26.
04-15 15:00:02.991 17893 17959 I PSPDFKit: Features: Forms, User Interface, Document Editing, PDF Creation, Annotation Editing, Indexed Full-Text Search, Strong Encryption, Text Selection.
04-15 15:00:02.991 17893 17959 I PSPDFKit: Copyright © 2011-2017 PSPDFKit GmbH. All rights reserved.
04-15 15:00:03.018 17893 17893 D libcrashlytics: Initializing libcrashlytics version 1.1.5
04-15 15:00:03.018 17893 17893 D libcrashlytics: Attempting to load unwinder...
04-15 15:00:03.034  3777 21596 D StorageManagerService: getExternalStorageMountMode : 3
04-15 15:00:03.035  3777 21596 D StorageManagerService: getExternalStorageMountMode : 3
04-15 15:00:03.035  3777 21596 D StorageManagerService: getExternalStorageMountMode : final mountMode=3, uid : 10185, packageName : com.google.android.apps.docs
