04-18 12:39:46.139 20999 21061 I AppsFlyer_4.8.6: ******* sendTrackingWithEvent: Launch
04-18 12:39:46.139  2612  2612 D KnoxTimeoutHandler: activityDrawn [MsgParam] userId: 0 fullscreen is true showWhenlocked is false
04-18 12:39:46.139 20999 20999 I Timeline: Timeline: Activity_idle id: android.os.BinderProxy@65ab192 time:12356333
04-18 12:39:46.139  2612  2612 I KnoxTimeoutHandler: SD activityfalse
04-18 12:39:46.139  2612  2612 I KnoxTimeoutHandler: Fullscreen and mCurrent is not KNOX user. Hence hide keyguard
04-18 12:39:46.139  2612  2724 I Timeline: Timeline: Activity_windows_visible id: ActivityRecord{da282ba u0 com.huuuge.stars.slots/com.huuuge.casino.BootActivity t781} time:12356336
04-18 12:39:46.139  2612  3012 D NetworkPolicy: isUidForegroundLocked: 10015, mScreenOn: true, uidstate: 6, mProxSensorScreenOff: false
04-18 12:39:46.149 20999 21061 I AppsFlyer_4.8.6: Initialising KeyStore..
04-18 12:39:46.149  2205  2205 D libEGL  : eglInitialize EGLDisplay = 0xffca241c
04-18 12:39:46.159 20999 21061 I AppsFlyer_4.8.6: Creating a new key with alias: com.appsflyer,KSAppsFlyerId=1524047595132-376663494115258576,KSAppsFlyerRICounter=0
04-18 12:39:46.169  2230  2230 W keystore: ENTER del USRPKEY_com.appsflyer,KSAppsFlyerId=1524047595132-376663494115258576,KSAppsFlyerRICounter=0 from uid 10637 for uid 10637
04-18 12:39:46.169  2230  2230 W keystore: ENTER del user_0/10637_USRPKEY_com+^appsflyer+\KSAppsFlyerId=1524047595132+]376663494115258576+\KSAppsFlyerRICounter=0 for userId 0
04-18 12:39:46.169  2230  2230 W keystore: ENTER del USRSKEY_com.appsflyer,KSAppsFlyerId=1524047595132-376663494115258576,KSAppsFlyerRICounter=0 from uid 10637 for uid 10637
04-18 12:39:46.169  2230  2230 W keystore: ENTER del user_0/10637_USRSKEY_com+^appsflyer+\KSAppsFlyerId=1524047595132+]376663494115258576+\KSAppsFlyerRICounter=0 for userId 0
04-18 12:39:46.169  2205  2205 D libEGL  : eglInitialize EGLDisplay = 0xffca241c
04-18 12:39:46.169  2230  2230 W keystore: ENTER del USRCERT_com.appsflyer,KSAppsFlyerId=1524047595132-376663494115258576,KSAppsFlyerRICounter=0 from uid 10637 for uid 10637
04-18 12:39:46.169  2230  2230 W keystore: ENTER del user_0/10637_USRCERT_com+^appsflyer+\KSAppsFlyerId=1524047595132+]376663494115258576+\KSAppsFlyerRICounter=0 for userId 0
04-18 12:39:46.169  2230  2230 W keystore: ENTER del CACERT_com.appsflyer,KSAppsFlyerId=1524047595132-376663494115258576,KSAppsFlyerRICounter=0 from uid 10637 for uid 10637
04-18 12:39:46.169  2230  2230 W keystore: ENTER del user_0/10637_CACERT_com+^appsflyer+\KSAppsFlyerId=1524047595132+]376663494115258576+\KSAppsFlyerRICounter=0 for userId 0
04-18 12:39:46.179  2230  2230 I TlcTeeKeyMaster: TEE_Open(): returning pointer to TCI buffer: 0x0xf6cb9000
04-18 12:39:46.179  2204 21106 W libc    : It seems that pthread_join() is not invoked or PTHREAD_ATTR_FLAG_DETACHED is not set.
04-18 12:39:46.179  2204 21106 W libc    :     pthread tid          : 21106
04-18 12:39:46.179  2204 21106 W libc    :     pthread start_routine: 0xaad39c5f
04-18 12:39:46.249  2205  3820 I SurfaceFlinger: id=98 Removed tlots (9/17)
04-18 12:39:46.249  2205  3519 I SurfaceFlinger: id=98 Removed tlots (-2/17)
04-18 12:39:46.249  2205  2271 D libEGL  : eglTerminate EGLDisplay = 0xf6e81624
04-18 12:39:46.259  2205  2205 D libEGL  : eglTerminate EGLDisplay = 0xffca2494
04-18 12:39:46.339  2205  2274 I SurfaceFlinger: id=99 Removed TcreenshotS (12/16)
04-18 12:39:46.339  2205  3519 I SurfaceFlinger: id=99 Removed TcreenshotS (-2/16)
04-18 12:39:46.339  2205  2205 D libEGL  : eglTerminate EGLDisplay = 0xffca247c
04-18 12:39:46.339  2205  2271 I SurfaceFlinger: id=100 Removed ClackSurfac (12/15)
04-18 12:39:46.339  2205  2271 I SurfaceFlinger: id=100 Removed ClackSurfac (-2/15)
04-18 12:39:46.339  2205  3174 I SurfaceFlinger: id=101 Removed ClackSurfac (12/14)
04-18 12:39:46.339  2205  3519 I SurfaceFlinger: id=102 Removed ClackSurfac (12/13)
04-18 12:39:46.339  2205  3519 I SurfaceFlinger: id=101 Removed ClackSurfac (-2/13)
04-18 12:39:46.339  2205  2271 I SurfaceFlinger: id=103 Removed ClackSurfac (12/12)
04-18 12:39:46.339  2205  2271 I SurfaceFlinger: id=102 Removed ClackSurfac (-2/12)
04-18 12:39:46.339  2205  2271 I SurfaceFlinger: id=103 Removed ClackSurfac (-2/12)
04-18 12:39:46.339  2612  2724 V WindowOrientationListener: OrientationSensorJudge.getProposedRotation, Rotation: -1
04-18 12:39:46.339  2612  2724 V WindowManager: rotationForOrientationLw(orient=6, last=1); user=0  sensorRotation=-1 mLidState=-1 mDockMode=0 mHdmiPlugged=false mMobileKeyboardEnabled=false displayId=0
04-18 12:39:46.339  2612  2724 V WindowOrientationListener: OrientationSensorJudge.getProposedRotation, Rotation: -1
04-18 12:39:46.399 20999 21070 I AppsFlyer_4.8.6: onBecameBackground
04-18 12:39:46.399 20999 21070 I AppsFlyer_4.8.6: callStatsBackground background call
04-18 12:39:46.399 20999 21070 I AppsFlyer_4.8.6: app went to background
04-18 12:39:46.399 20999 21070 D AppsFlyer_4.8.6: Stats call is disabled, ignore ...
04-18 12:39:46.399 20999 21070 D AppsFlyer_4.8.6: RD status is OFF
04-18 12:39:46.439  2612  3483 I bsthal  : bhy_activate: handle=1, enabled=0
04-18 12:39:46.449 20999 20999 D SensorManager: unregisterListener ::   
04-18 12:39:46.449  2612  4193 I Sensors : Magneitc enable: mEnabled 1, handle 2, en 0
04-18 12:39:46.449  2612  4193 E yas     : [GEOMAGNETIC SENSOR]: Magnetic_Disable 2
04-18 12:39:46.449 20999 20999 D SensorManager: unregisterListener ::   
04-18 12:39:46.449  2612  2612 D CustomFrequencyManagerService: releaseDVFSLockLocked : Getting Lock type frm List : DVFS_MIN_LIMIT  frequency : 1600000  uid : 1000  pid : 2612  tag : ROTATION_BOOSTER@28
04-18 12:39:46.459  2612  2934 I bsthal  : Sensor [26] sample rate changed, type is 254
04-18 12:39:46.459  2612  2687 V WindowOrientationListener: OrientationSensorJudge.onSensorChanged, Rotation: -1
04-18 12:39:46.659  2612  2612 D CustomFrequencyManagerService: releaseDVFSLockLocked : Getting Lock type frm List : DVFS_MIN_LIMIT  frequency : 1500000  uid : 1000  pid : 2612  tag : ACTIVITY_RESUME_BOOSTER@9
04-18 12:39:46.899 21097 21097 D AndroidRuntime: >>>>>> START com.android.internal.os.RuntimeInit uid 2000 <<<<<<
04-18 12:39:46.899 21097 21097 D AndroidRuntime: CheckJNI is OFF
04-18 12:39:46.909 21097 21097 D AndroidRuntime: readGMSProperty: start
04-18 12:39:46.909 21097 21097 D AndroidRuntime: readGMSProperty: already setted!!
04-18 12:39:46.909 21097 21097 D AndroidRuntime: propertySet: couldn't set property (it is from app)
04-18 12:39:46.909 21097 21097 D AndroidRuntime: readGMSProperty: could not set the property(default)!!
04-18 12:39:46.909 21097 21097 D AndroidRuntime: readGMSProperty: end
04-18 12:39:46.909 21097 21097 D AndroidRuntime: addProductProperty: start
04-18 12:39:46.909  3190  3190 D Recents : onTaskStackChanged
04-18 12:39:46.949 21097 21097 D ICU     : No timezone override file found: /data/misc/zoneinfo/current/icu/icu_tzdata.dat
04-18 12:39:46.969 21097 21097 W CscFeature: mpsCode : none
04-18 12:39:46.969 21097 21097 W CscFeature: OMC_OTHERS_PATH : none/others.xml
04-18 12:39:46.969 21097 21097 W CscFeature: org.xmlpull.v1.XmlPullParserException: expected: /CscFeature_VoiceCall_ConfigOpStyleForRoaming read: FeatureSet (position:END_TAG </FeatureSet>@28:18 in java.io.InputStreamReader@5b58923) 
04-18 12:39:46.999 21097 21097 I Radio-JNI: register_android_hardware_Radio DONE
04-18 12:39:46.999 21097 21097 E AffinityControl: AffinityControl: registerfunction enter
04-18 12:39:47.029 21097 21097 D AndroidRuntime: Calling main entry jp.co.cyberagent.stf.rotationwatcher.RotationWatcher
04-18 12:39:47.139 20999 21093 W System.err: remove failed: ENOENT (No such file or directory) : /data/user/0/com.huuuge.stars.slots/shared_prefs/com.google.android.gms.appid.xml.bak
04-18 12:39:47.139 20999 21093 W InstanceID/Rpc: Found 10015
04-18 12:39:47.199  3754  3754 D RelationGraph: garbageCollect()
04-18 12:39:47.249  3754  3754 D RelationGraph: garbageCollect()
04-18 12:39:47.249  3754 15467 I System.out: (HTTPLog)-Static: isSBSettingEnabled false
04-18 12:39:47.249  3754 15467 I System.out: (HTTPLog)-Static: isSBSettingEnabled false
04-18 12:39:47.249  3754 15467 I qtaguid : Tagging socket 79 with tag 3000040700000000{805307399,0} uid -1, pid: 3754, getuid(): 10015
04-18 12:39:47.349 20999 21131 I BranchSDK: posting to https://api.branch.io/v1/install
04-18 12:39:47.349 20999 21131 I BranchSDK: Post value = {"app_version":"0.1.318","uri_scheme":"hg-casino","facebook_app_link_checked":false,"is_referrable":1,"update":0,"debug":true,"metadata":{},"hardware_id":"d5ffa316-adb3-4a60-b05f-1f20138969e0","is_hardware_id_real":false,"brand":"samsung","model":"SM-A510F","screen_dpi":480,"screen_height":1080,"screen_width":1920,"wifi":true,"os":"Android","os_version":23,"country":"US","language":"en","local_ip":"192.168.65.182","environment":"FULL_APP","cd":{"mv":"-1","pn":"com.huuuge.stars.slots"},"instrumentation":{"v1\/install-qwt":"0"},"sdk":"android2.12.1","branch_key":"key_test_keBK3QXqzqQbJpOpldhkIlihztjhbXnD"}
04-18 12:39:47.349 20999 21131 I System.out: (HTTPLog)-Static: isSBSettingEnabled false
04-18 12:39:47.349 20999 21131 I System.out: (HTTPLog)-Static: isSBSettingEnabled false
04-18 12:39:47.359  2218  2767 D EnterpriseController: netId is 0
04-18 12:39:47.359  2218  2767 D Netd    : getNetworkForDns: using netid 502 for uid 10637
04-18 12:39:47.489  3754 15467 I qtaguid : Untagging socket 79
04-18 12:39:47.499 20999 21020 W System.err: remove failed: ENOENT (No such file or directory) : /data/user/0/com.huuuge.stars.slots/shared_prefs/com.huuuge.stars.slots_preferences.xml.bak
04-18 12:39:47.589  2205  2205 D mali_winsys: new_window_surface returns 0x3000,  [1920x1080]-format:1
04-18 12:39:47.589  2205  2205 D SurfaceFlinger: debugMultiDownscale = 1
04-18 12:39:47.619  2205  2205 D         : NULL == surf->write_back_color_buffer
04-18 12:39:47.619  2205  2205 W         : GLES-MALI OOM error: failed to allocate CPU memory (gles_fb_first_drawcall_cb at hardware/samsung_slsi/MaliT720_r7p0_Insel/product/gles/src/fb/mali_gles_fb_module_api.c:1290)
04-18 12:39:47.619  2205  2205 W GLConsumer: [com.google.android.packageinstaller/com.android.packageinstaller.permission.ui.GrantPermissionsActivity] bindTextureImage: clearing GL error: 0x505
04-18 12:39:47.619  2205  2205 D         : NULL == surf->write_back_color_buffer
04-18 12:39:47.619  2205  2205 E SurfaceFlinger: eglSwapBuffers(0x1, 0xf3eeb240) failed with 0x0000300d
04-18 12:39:47.639  2205  2205 W libEGL  : EGLNativeWindowType 0xf2f51008 disconnect failed
04-18 12:39:47.719 20999 21131 I BranchSDK: returned {"session_id":"515101472464302809","identity_id":"515101472455773857","link":"https://w08t.test-app.link?%24identity_id=515101472455773857","data":"{\"+clicked_branch_link\":false,\"+is_first_session\":true}","device_fingerprint_id":"515101472447454022"}
04-18 12:39:47.769  2205  2205 D mali_winsys: new_window_surface returns 0x3000,  [1920x1080]-format:1
04-18 12:39:47.769  2205  2205 D SurfaceFlinger: debugMultiDownscale = 1
04-18 12:39:47.889  2612  3061 W System.err: remove failed: ENOENT (No such file or directory) : /data/system/recent_tasks/781_task.xml.bak
04-18 12:39:47.899  2612  2724 I art     : Starting a blocking GC Explicit
04-18 12:39:48.109  2612  2724 I art     : Explicit concurrent mark sweep GC freed 45839(2MB) AllocSpace objects, 14(280KB) LOS objects, 30% free, 36MB/52MB, paused 2.776ms total 203.118ms
04-18 12:39:49.679  2612  2968 D InputReader: Input event(7): value=1 when=12359875979000
04-18 12:39:49.679  2612  2968 I InputReader: Touch event's action is 0x0 (deviceType=0) [pCnt=1, s=0.1 ] when=12359875979000
04-18 12:39:49.679  2612  2968 D InputReader: lastThreadEndTime = 12355183538201, currentThreadStartTime = 12355183541278, diff = 0
04-18 12:39:49.679  2612  2967 I InputDispatcher: Delivering touch to (17953): action: 0x0, toolType: 1
04-18 12:39:49.679 17953 17953 D ViewRootImpl: ViewPostImeInputStage processPointer 0
04-18 12:39:49.709  2205  2205 D hwcutils: MppFactory::MppFactory()
04-18 12:39:49.709  2205  2205 D         : virtual LibMpp* MppFactory::CreateMpp(int, int, int, int) dev(4) mode(0) drm(0), 
04-18 12:39:49.709  2205  2205 D libexynosgscaler: LibMpp::LibMpp()
04-18 12:39:49.799  2205  2205 D libEGL  : eglInitialize EGLDisplay = 0xffca241c
04-18 12:39:49.879  2612  2968 D InputReader: Input event(7): value=0 when=12360076382000
04-18 12:39:49.879  2612  2968 I InputReader: Touch event's action is 0x1 (deviceType=0) [pCnt=1, s=] when=12360076382000
04-18 12:39:49.879  2612  2967 I InputDispatcher: Delivering touch to (17953): action: 0x1, toolType: 1
04-18 12:39:49.879 17953 17953 D ViewRootImpl: ViewPostImeInputStage processPointer 1
04-18 12:39:49.879  2612  2612 D LocationManagerService: provider request: passive ProviderRequest[ON interval=0]
04-18 12:39:49.879  2612  2612 D LocationManagerService: provider request: fused ProviderRequest[OFF]
04-18 12:39:49.879  2180  2402 D vold    : Remounting 10637 as mode read
04-18 12:39:49.879  2612  3660 D MountService: onExternalStoragePolicyChanged : uid=10637, packageName=com.huuuge.stars.slots
04-18 12:39:49.879  2612  3660 D MountService: getExternalStorageMountMode : 2
04-18 12:39:49.879  2612  3660 D MountService: getExternalStorageMountMode : 3
04-18 12:39:49.879  2612  3660 D MountService: getExternalStorageMountMode : final mountMode=2, uid : 10637, packageName : com.huuuge.stars.slots
04-18 12:39:49.879  2612  3660 D VoldConnector: SND -> {13 volume remount_uid 10637 read}
04-18 12:39:49.879  2180  2402 D VoldCmdListener: volume remount_uid 10637 read
04-18 12:39:49.879  2180  2402 D VoldCmdListener: CommandListener::runCommand() cmd:remount_uid
04-18 12:39:49.889  2612  3386 D SLocation: handleMessage got exception 13java.lang.NullPointerException: Attempt to invoke virtual method 'void com.samsung.location.b.h.m(int)' on a null object reference
04-18 12:39:49.889  2612  3386 W System.err: java.lang.NullPointerException: Attempt to invoke virtual method 'void com.samsung.location.b.h.m(int)' on a null object reference
04-18 12:39:49.889  2612  3386 W System.err: 	at com.samsung.location.lib.n.handleMessage(Unknown Source)
04-18 12:39:49.889  2612  3386 W System.err: 	at android.os.Handler.dispatchMessage(Handler.java:102)
04-18 12:39:49.889  2612  3386 W System.err: 	at android.os.Looper.loop(Looper.java:148)
04-18 12:39:49.889  2612  3386 W System.err: 	at com.samsung.location.SLocationService.run(Unknown Source)
04-18 12:39:49.889  2612  3386 W System.err: 	at java.lang.Thread.run(Thread.java:818)
04-18 12:39:49.899  2180  2402 D vold    : Found matching PID 20999
04-18 12:39:49.909  2205  2205 D libexynosgscaler: virtual CGscaler::~CGscaler()
04-18 12:39:49.909  2205  2205 D libexynosgscaler: virtual LibMpp::~LibMpp()
04-18 12:39:49.909  2205  2205 D         : virtual MppFactory::~MppFactory()
04-18 12:39:49.989  2612  2612 D LocationManagerService: provider request: passive ProviderRequest[ON interval=0]
04-18 12:39:49.989  2612  2612 D LocationManagerService: provider request: fused ProviderRequest[OFF]
04-18 12:39:49.989  2612  3386 D SLocation: handleMessage got exception 13java.lang.NullPointerException: Attempt to invoke virtual method 'void com.samsung.location.b.h.m(int)' on a null object reference
04-18 12:39:49.989  2612  3386 W System.err: java.lang.NullPointerException: Attempt to invoke virtual method 'void com.samsung.location.b.h.m(int)' on a null object reference
04-18 12:39:49.989  2180  2402 D vold    : Remounting 10637 as mode write
04-18 12:39:49.989  2612  3386 W System.err: 	at com.samsung.location.lib.n.handleMessage(Unknown Source)
04-18 12:39:49.989  2612  3386 W System.err: 	at android.os.Handler.dispatchMessage(Handler.java:102)
04-18 12:39:49.989  2612  3386 W System.err: 	at android.os.Looper.loop(Looper.java:148)
04-18 12:39:49.989  2612  3386 W System.err: 	at com.samsung.location.SLocationService.run(Unknown Source)
04-18 12:39:49.989  2612  3386 W System.err: 	at java.lang.Thread.run(Thread.java:818)
04-18 12:39:49.989  2612  2973 D VoldConnector: RCV <- {200 13 Command succeeded}
04-18 12:39:49.989  2612  3270 D MountService: onExternalStoragePolicyChanged : uid=10637, packageName=com.huuuge.stars.slots
04-18 12:39:49.989  2612  3270 D MountService: getExternalStorageMountMode : 3
04-18 12:39:49.989  2612  3270 D MountService: getExternalStorageMountMode : 3
04-18 12:39:49.989  2612  3270 D MountService: getExternalStorageMountMode : final mountMode=3, uid : 10637, packageName : com.huuuge.stars.slots
04-18 12:39:49.989  2612  3270 D VoldConnector: SND -> {14 volume remount_uid 10637 write}
04-18 12:39:49.989  2180  2402 D VoldCmdListener: volume remount_uid 10637 write
04-18 12:39:49.989  2180  2402 D VoldCmdListener: CommandListener::runCommand() cmd:remount_uid
04-18 12:39:49.999  2180  2402 D vold    : Found matching PID 20999
04-18 12:39:49.999  2204 21105 W libc    : It seems that pthread_join() is not invoked or PTHREAD_ATTR_FLAG_DETACHED is not set.
04-18 12:39:49.999  2204 21105 W libc    :     pthread tid          : 21105
04-18 12:39:49.999  2204 21105 W libc    :     pthread start_routine: 0xaad39c5f
04-18 12:39:50.009  2230  2230 I TlcTeeKeyMaster: TEE_Open(): returning pointer to TCI buffer: 0x0xf6cb9000
04-18 12:39:50.009  2204 21155 W libc    : It seems that pthread_join() is not invoked or PTHREAD_ATTR_FLAG_DETACHED is not set.
04-18 12:39:50.009  2204 21155 W libc    :     pthread tid          : 21155
04-18 12:39:50.009  2204 21155 W libc    :     pthread start_routine: 0xaad39c5f
04-18 12:39:50.029  2204 21154 W libc    : It seems that pthread_join() is not invoked or PTHREAD_ATTR_FLAG_DETACHED is not set.
04-18 12:39:50.029  2204 21154 W libc    :     pthread tid          : 21154
04-18 12:39:50.029  2204 21154 W libc    :     pthread start_routine: 0xaad39c5f
04-18 12:39:50.049 20999 21061 I AppsFlyer_4.8.6: IMEI was not collected.
04-18 12:39:50.049 20999 21061 I AppsFlyer_4.8.6: Android ID was not collected.
04-18 12:39:50.049 20999 21061 E ActivityThread: Failed to find provider info for com.facebook.katana.provider.AttributionIdProvider
04-18 12:39:50.059 20999 21061 D AppsFlyer_4.8.6: AppsFlyer: first launch detected
04-18 12:39:50.059 20999 21061 I AppsFlyer_4.8.6: AppsFlyer: first launch date: 2018-04-18_103950+0000
04-18 12:39:50.059  2205  2205 D hwcutils: MppFactory::MppFactory()
04-18 12:39:50.059  2205  2205 D         : virtual LibMpp* MppFactory::CreateMpp(int, int, int, int) dev(4) mode(0) drm(0), 
04-18 12:39:50.059  2205  2205 D libexynosgscaler: LibMpp::LibMpp()
04-18 12:39:50.059 20999 21061 D AppsFlyer_4.8.6: didConfigureTokenRefreshService=false
04-18 12:39:50.069 20999 21061 I AppsFlyer_4.8.6: AppsFlyerLib.sendTrackingWithEvent
04-18 12:39:50.069 20999 21061 D AppsFlyer_4.8.6: Install referrer is allowed
04-18 12:39:50.069 20999 21061 I AppsFlyer_4.8.6: url: https://t.appsflyer.com/api/v4/androidevent?buildnumber=4.8.6&app_id=com.huuuge.stars.slots
04-18 12:39:50.079 20999 21061 I AppsFlyer_4.8.6: data: {"device":"a5xelte","firstLaunchDate":"2018-04-18_103950+0000","installDate":"2018-04-18_103315+0000","sdk":"23","batteryLevel":"100.0","date1":"2018-04-18_103315+0000","tokenRefreshConfigured":false,"af_preinstalled":"false","advertiserIdEnabled":"true","af_sdks":"0001000000","iaecounter":"0","lang_code":"en","appsflyerKey":"x********************k","registeredUninstall":false,"app_version_name":"0.1.318","lang":"English","timepassedsincelastlaunch":"-1","advertiserId":"0ad1cce2-18c5-4bf5-b3d2-ffd2f040d90a","isGaidWithGps":"true","deviceData":{"btch":"no","build_display_id":"MMB29K.A510FXXU4BQC1","arch":"","cpu_abi":"armeabi-v7a","btl":"100.0","cpu_abi2":"armeabi","sensors":[{"sT":1,"sV":"Bosch Sensortec GmbH","sVE":[-0.12330139,-0.81283146,9.66659],"sVS":[-0.05626374,-0.80804306,9.805453],"sN":"BOSCH Accelerometer Sensor"},{"sT":2,"sV":"Yamaha Corporation","sVE":[-28.580002,-3.6399994,41.880005],"sVS":[-23.61,7.409996,42.119995],"sN":"YAS537 Magnetic field Sensor"}]},"af_v2":"1339cac2ca9f8a2817edc7730092b66565406720","deviceType":"user","af_v":"069d18c2ceb0005a7864d4b0e0760245827621b8","app_version_code":"318","af_events_api":"1","network":"WIFI","platformextension":"android_native","rfr":{"val":"utm_source=google-play&utm_medium=organic","clk":"0","install":"0","code":"0"},"country":"US","date2":"2018-04-18_103315+0000","brand":"samsung","af_timestamp":"1524047986142","uid":"1524047595132-376663494115258576","isFirstCall":"true","counter":"1","model":"SM-A510F","product":"a5xeltexx"}
04-18 12:39:50.079  2612  3272 W VirtualScreenManagerService: moveTaskBackToDisplayIfNeeded(): The task has more than one activity
04-18 12:39:50.079  2205  2205 D libexynosgscaler: virtual CGscaler::~CGscaler()
04-18 12:39:50.079  2205  2205 D libexynosgscaler: virtual LibMpp::~LibMpp()
04-18 12:39:50.079  2205  2205 D         : virtual MppFactory::~MppFactory()
04-18 12:39:50.079 20999 21061 I System.out: (HTTPLog)-Static: isSBSettingEnabled false
04-18 12:39:50.079 20999 21061 I System.out: (HTTPLog)-Static: isSBSettingEnabled false
04-18 12:39:50.079  2218  2767 D EnterpriseController: netId is 0
04-18 12:39:50.079  2218  2767 D Netd    : getNetworkForDns: using netid 502 for uid 10637
04-18 12:39:50.079  2612  3272 D InputDispatcher: Focused application set to: xxxx
04-18 12:39:50.079  2612  2973 D VoldConnector: RCV <- {200 14 Command succeeded}
04-18 12:39:50.089  2612  3272 D ActivityTrigger: ActivityTrigger activityPauseTrigger 
04-18 12:39:50.089  2612  3486 D CustomFrequencyManagerService: acquireDVFSLockLocked : type : DVFS_MIN_LIMIT  frequency : 1500000  uid : 1000  pid : 2612  pkgName : ACTIVITY_RESUME_BOOSTER@3
04-18 12:39:50.099 20999 20999 I AppsFlyer_4.8.6: onBecameForeground
04-18 12:39:50.099 20999 20999 I AppsFlyer_4.8.6: Last Launch attempt: 2018/04/18 10:39:45.872 +0000;
04-18 12:39:50.099 20999 20999 I AppsFlyer_4.8.6: Last successful Launch event: 1969/12/31 23:59:59.999 +0000;
04-18 12:39:50.099 20999 20999 I AppsFlyer_4.8.6: This launch is blocked: 4233 ms < 5000 ms
04-18 12:39:50.099  2612  3268 I MediaFocusControl:  AudioFocus  requestAudioFocus() from android.media.AudioManager$79f05ebcom.Claw.Android.ClawActivity$1$1454f48 req=1flags=0x0
04-18 12:39:50.099 20999 20999 D ClawActivity: onResume: AudioFocus granted = 1
04-18 12:39:50.099  2612  3486 D InputDispatcher: Focus left window: 17953
04-18 12:39:50.099  2612  3486 D InputDispatcher: Focus entered window: 20999
04-18 12:39:50.099  2612  3486 D ActivityManager: mDVFSHelper.acquire()
04-18 12:39:50.099  2612  3486 D ActivityManager:  Launching com.huuuge.stars.slots, updated priority
04-18 12:39:50.099  2612  2612 D GameManagerService: NotifyRunnable. pkg: com.huuuge.stars.slots, type: 4, isMinimized: false, isTunableApp: false
04-18 12:39:50.099  2612  2612 D GameManagerService: do nothing. mKillNotiCount: 3
04-18 12:39:50.099  2612  2685 V MARsPolicyManager: updatePackagesScore PackageInfo name -- com.huuuge.stars.slots
04-18 12:39:50.099  2612  3136 D PowerManagerService: [api] acquire WakeLock flags=0x1000000a tag=Claw uid=10637 pid=20999
04-18 12:39:50.109  2612  2724 D PointerIcon: setMouseIconStyle1 pointerType: 1001 iconType:101 flag:0 pid:2612 uid:1000
04-18 12:39:50.109  2612  2724 D PointerIcon: setMouseCustomIcon IconType is same.101
04-18 12:39:50.109  2612  2627 D ActivityManager: post active user change for 0 fullscreen true isFloatingActivity() false isHomeActivity() false
04-18 12:39:50.109  2612  2627 D KnoxTimeoutHandler: postActiveUserChange [MsgParam] userId: 0 fullscreen is true showWhenlocked is false
04-18 12:39:50.109  3096  3096 D PhoneStatusBar: setSystemUiVisibility vis=9706 mask=ffffffff oldVal=8000 newVal=9706 diff=1706
04-18 12:39:50.109  2612  2612 D KnoxTimeoutHandler: handleActiveUserChange [MsgParam] userId: 0 fullscreen is true showWhenlocked is false
04-18 12:39:50.109  2612  2612 I KnoxTimeoutHandler: Shared devices show user statefalse
04-18 12:39:50.109  2612  3272 D InputMethodManagerService: windowGainedFocus mCurrentFocusedUserId - 0 and mSecureKeypadEnabled-false
04-18 12:39:50.109  2612  2687 D StatusBarManagerService: manageDisableList userId=0 what=0x0 pkg=Window{fb2670e u0 d0 p20999 com.huuuge.stars.slots/com.huuuge.casino.BootActivity}
04-18 12:39:50.119  2205  3519 D libEGL  : eglTerminate EGLDisplay = 0xf39bf624
04-18 12:39:50.119 13661 13661 D SamsungIME: IMPL finishInput
04-18 12:39:50.119 13661 13661 D SamsungIME: SwiftKeyWrapper writeDBdataToFileOnFinishInput
04-18 12:39:50.119  2205  3519 D libEGL  : eglTerminate EGLDisplay = 0xf39bf624
04-18 12:39:50.119 13661 13661 D SamsungIME: saveAndClear +
04-18 12:39:50.119 13661 13661 D SamsungIME: saveAndClear -
04-18 12:39:50.119 17953 18041 D OpenGLRenderer: endAllActiveAnimators on 0xdf648900 (RippleDrawable) with handle 0xdf4f5b00
04-18 12:39:50.119 20999 20999 I Timeline: Timeline: Activity_idle id: android.os.BinderProxy@65ab192 time:12360312
04-18 12:39:50.119 13661 13661 D SamsungIME: onStartInput: No inputType, No imeOption, isInputViewShown = false, isExtractViewShown = false, isShowInputRequested = false, isConfigChanged = true
04-18 12:39:50.119 17953 17953 D ViewRootImpl: #3 mView = null
04-18 12:39:50.139 20999 21051 W AudioTrack: AUDIO_OUTPUT_FLAG_FAST denied by client; transfer 1, track 44100 Hz, output 48000 Hz
04-18 12:39:50.139 20999 21051 W AudioTrack: AUDIO_OUTPUT_FLAG_FAST denied by client; transfer 1, track 44100 Hz, output 48000 Hz
04-18 12:39:50.139  2225  3674 W AudioPolicyIntefaceImpl: Skipped to add effects on session 38
04-18 12:39:50.139  2225  3674 I APM::AudioPolicyManager: startOutput() output 4, stream 3, session 38
04-18 12:39:50.149  2225  2778 D audio_hw_primary: out_set_parameters: enter: kvpairs: routing=2
04-18 12:39:50.149  2225  2778 D AudioFlinger: setCurDevice() 0x2
04-18 12:39:50.149  2225  2773 D audio_hw_primary: adev_set_parameters: enter: kvpairs: TFA_SETVOLUME=15
04-18 12:39:50.149  2225  2773 D audio_hw_primary: adev_set_parameters: enter: kvpairs: TFA_SETVOLUME=15
04-18 12:39:50.149 20999 21051 D AudioTrackShared: State is same : 8
04-18 12:39:50.149 20999 21051 D com.Claw.Android.HardwareKey: Android ID is a valid id.  using ANDROID_ID: value=b5d3fa82b9128e97
04-18 12:39:50.149  2612  3270 V BackupManagerService: beginRestoreSession: pkg=com.huuuge.stars.slots transport=null
04-18 12:39:50.149  2612  3270 D BackupManagerService: restoring self on current transport; no permission needed
04-18 12:39:50.159  2225  2778 I AudioMixer: create resampler src 44100, 2, dst 48000, 2
04-18 12:39:50.159  2225  2778 D SoundAliveResampler: [SoundAliveResampler] Init+++
04-18 12:39:50.159  2225  2778 V audio_hw_primary: start_output_stream+, out->device : 00000002 , out->type = 1
04-18 12:39:50.159  2612  3272 V RestoreSession: restorePackage pkg=com.huuuge.stars.slots obs=android.app.backup.IRestoreObserver$Stub$Proxy@50c11ed
04-18 12:39:50.159  2612  3272 V RestoreSession: restorePackage pkg=com.huuuge.stars.slots token=0
04-18 12:39:50.159  2612  3272 W RestoreSession: No data available for this package; not restoring
04-18 12:39:50.159  2612  3264 D RestoreSession: endRestoreSession
04-18 12:39:50.159  2612  3044 V BackupManagerService: Clearing restore session and halting timeout
04-18 12:39:50.159  2612  3044 W ContextImpl: Calling a method in the system process without a qualified user: android.app.ContextImpl.sendBroadcast:843 com.android.server.backup.BackupManagerService.warnEdmAdminOperationCompleted:10499 com.android.server.backup.BackupManagerService.clearRestoreSession:9902 com.android.server.backup.BackupManagerService$ActiveRestoreSession$EndRestoreRunnable.run:10239 android.os.Handler.handleCallback:739 
04-18 12:39:50.179  2225  2778 D audio_hw_primary: start_output_stream (0xf24ec620) out->pcm_device:5 out->config.rate:48000 out->config.format:0 out->period_size:240
04-18 12:39:50.179  2225  2778 D audio_hw_primary: start_output_stream (0xf24ec620) out->config.rate:48000 out->config.format:0 out->period_size:240
04-18 12:39:50.179  2225  2778 V audio_hw_primary: select_devices output_scenario:0 input_scenario:-1 out_snd_device 0x2 in_snd_device:0x0
04-18 12:39:50.179  2225  2778 D audio_hw_spk_amp: check_speaker_amp_off: turning_off_speaker_amp = true 
04-18 12:39:50.179  2225  2778 D tfa98xxApp: [NXP] tfa_enable: turning tfa off
04-18 12:39:50.179  2225  2778 D tfa98xxApp: [NXP] tfa_enable: Tfa is already turned off
04-18 12:39:50.179  2225  2778 D tfa98xxApp: [NXP] tfa_enable: 2.exit
04-18 12:39:50.179  2225  2778 I audio_route: > audio_route_reset :
04-18 12:39:50.179  2225  2778 D tfa98xxApp: [NXP] [May 27, 2015] tfa_enable: turning tfa on 
04-18 12:39:50.179  2225  2778 D tfa98xxApp: [NXP] tfa_enable: tfa_i2c_dev_name = /dev/i2c-0, tfa_log_enable_cnt = 11, tfa_log_coldboot_cnt = 1 
04-18 12:39:50.179  2225  2778 D tfa98xxApp: [NXP] tfa_enable: coldstartup_flag = 1
04-18 12:39:50.179  2225  2778 D tfa98xxApp: [NXP] tfa_enable: check speakerOn(0) && (tfaMode(0) == prev_tfaMode(0)) 
04-18 12:39:50.179  2225  2778 D tfa98xxApp: [NXP] tfa_iscoldboot: Loaded container file /system/etc/Tfa9897.cnt.
04-18 12:39:50.179  2225  2778 D tfa98xxRuntime: [NXP] tfaRunIsCold:0x001c
04-18 12:39:50.189  2218  2767 D EnterpriseController: netId is 0
04-18 12:39:50.189  2218  2767 D Netd    : getNetworkForDns: using netid 502 for uid 10637
04-18 12:39:50.189  2612  3487 V AlarmManager:  remove PendingIntent] PendingIntent{de80822: PendingIntentRecord{a9202b3 com.huuuge.stars.slots broadcastIntent}}
04-18 12:39:50.189  2612  2627 V AlarmManager:  remove PendingIntent] PendingIntent{66fe070: PendingIntentRecord{aa4dfe9 com.huuuge.stars.slots broadcastIntent}}
04-18 12:39:50.199  3857  3857 D RelationGraph: garbageCollect()
04-18 12:39:50.199  2612  3005 V AlarmManager:  remove PendingIntent] PendingIntent{ba2846e: PendingIntentRecord{3a0170f com.huuuge.stars.slots broadcastIntent}}
04-18 12:39:50.199  2612  3012 D NetworkPolicy: isUidForegroundLocked: 10015, mScreenOn: true, uidstate: 3, mProxSensorScreenOff: false
04-18 12:39:50.199  2612  3272 V AlarmManager:  remove PendingIntent] PendingIntent{bd1152b: PendingIntentRecord{6bb4d88 com.huuuge.stars.slots broadcastIntent}}
04-18 12:39:50.199  2612  3486 V AlarmManager:  remove PendingIntent] PendingIntent{e8fa321: PendingIntentRecord{362b346 com.huuuge.stars.slots broadcastIntent}}
04-18 12:39:50.199  2612  3005 V AlarmManager:  remove PendingIntent] PendingIntent{1c9d907: PendingIntentRecord{57bba34 com.huuuge.stars.slots broadcastIntent}}
04-18 12:39:50.199  2612  3272 V AlarmManager:  remove PendingIntent] PendingIntent{a2505d: PendingIntentRecord{e86bdd2 com.huuuge.stars.slots broadcastIntent}}
04-18 12:39:50.239 20999 21164 D ClawActivityCommon: Checking for: atlas_font_hs_2_etc2.pak
04-18 12:39:50.239 20999 21164 D ClawActivityCommon: Checking for: atlas_font_hs_2_etc2.pak
04-18 12:39:50.259  2225  2778 D tfa98xxApp: [NXP] tfa_enable: warm boot 
04-18 12:39:50.259  2225  2778 D tfa98xxApp: [NXP] tfa_enable: Tfa mode would be switched. prev = 0, current = 0
04-18 12:39:50.259  2225  2778 D tfa98xxApp: [NXP] tfa_speakeron: begin
04-18 12:39:50.259  2225  2778 D tfa98xxApp: [NXP] tfa_speakeron: set mode 0, current mode 0
04-18 12:39:50.259  2225  2778 D tfa98xxApp: [NXP] tfa_speakeron: Loaded container file speaker_on /system/etc/Tfa9897.cnt.
04-18 12:39:50.259  2225  2778 D tfa98xxApp: [NXP] tfa_speakeron: tfa start with volume 0.
04-18 12:39:50.259  2225  2778 D tfa98xxRuntime: [NXP] tfa98xx_start START
04-18 12:39:50.259  2225  2778 D tfa98xxRuntime: Call tfaContSetCurrentVstep for channel 0
04-18 12:39:50.259  2225  2778 D tfa98xxRuntime: [NXP] tfa98xx_start: start Call tfaContOpen for dev 0
04-18 12:39:50.269  2225  2778 D tfa98xxRuntime: [NXP] tfa98xx_start: start Starting device [left]
04-18 12:39:50.269  2225  2778 D tfa98xxRuntime: [NXP] tfaRunSpeakerBoost : ENTER force = 0, handle = 0
04-18 12:39:50.269  2225  2778 D tfa98xxRuntime: [NXP] tfaRunIsCold:0x001c
04-18 12:39:50.269  2225  2778 D tfa98xxRuntime: tfaRunSpeakerBoost: warm boot 
04-18 12:39:50.269  2225  2778 D tfa98xxRuntime: [NXP] tfaRunSpeakerBoost: status reg is 0xd05e in start up 2
04-18 12:39:50.279  2225  2778 D tfa98xxRuntime: tfaRunUnmute: set DCA in active mode
04-18 12:39:50.279  2225  2778 D tfa98xxRuntime: -------------------tfaunmuted ------------------
04-18 12:39:50.279  2225  2778 D tfa98xxRuntime: [NXP] tfaRunSpeakerBoost : END force = 0
04-18 12:39:50.279  2225  2778 D tfa98xxRuntime: Call tfaContClose for dev 0
04-18 12:39:50.279  2225  2778 D tfa98xxRuntime: [NXP] tfa98xx_start END
04-18 12:39:50.279  2225  2778 D tfa98xxApp: [NXP] tfa_speakeron: start usecase success
04-18 12:39:50.279  2225  2778 D tfa98xxApp: [NXP] tfa_speakeron: tfa mode same, nothing to be done
04-18 12:39:50.279  2225  2778 D tfa98xxApp: [NXP] tfa_speakeron: tfa start use case success
04-18 12:39:50.279  2225  2778 D tfa98xxApp: [NXP] tfa_speakeron: end
04-18 12:39:50.279  2225  2778 D tfa98xxApp: [NXP] tfa_enable: tfaVolume : 0
04-18 12:39:50.279  2225  2778 D tfa98xxApp: [NXP] tfa_setvolumestep: begin
04-18 12:39:50.279  2225  2778 D tfa98xxApp: [NXP] tfa_setvolumestep: tfa setvolume - leftvolume(0) rightvolume(0) tfa_mode(0)
04-18 12:39:50.279  2225  2778 D tfa98xxApp: [NXP] tfa_setvolumestep: volume set to : 0
04-18 12:39:50.279  2225  2778 D tfaContainer: [NXP] tfaContWriteVstepWithoutBiquad: volume level = 0, num of volume levels = 15, vp = 0xef6f4ba2 
04-18 12:39:50.279  2225  2778 D tfaContainer: vstep[0][0]
04-18 12:39:50.279  2225  2778 D tfaContainer: [NXP] tfaContWriteVolumeStep: profile is 0, volume is 0
04-18 12:39:50.279  2225  2778 D tfaContainer: [NXP} tfaContWriteVolumeStep: set volume step, nxpTfaProfile 0
04-18 12:39:50.279  2225  2778 D tfa98xxApp: [NXP] tfa_setvolumestep: tfa set volume successful
04-18 12:39:50.279  2225  2778 D tfa98xxApp: [NXP] tfa_setvolumestep: end
04-18 12:39:50.279  2225  2778 D tfa98xxApp: [NXP] tfa_enable: 2.exit
04-18 12:39:50.279  2225  2778 I audio_route: > audio_route_update_mixer : +
04-18 12:39:50.279  2225  2778 I audio_route: > audio_route_update_mixer : changed(0) -
04-18 12:39:50.279  2225  2778 I audio_route: > audio_route_apply_path : "media-speaker"
04-18 12:39:50.339 20999 21061 I AppsFlyer_4.8.6: response code: 404
04-18 12:39:50.349  2205  3519 I SurfaceFlinger: id=105 Removed HrantPermis (8/11)
04-18 12:39:50.349  2205  3174 I SurfaceFlinger: id=105 Removed HrantPermis (-2/11)
04-18 12:39:50.349 20999 21170 I AppsFlyer_4.8.6: Calling server for attribution url: https://api.appsflyer.com/install_data/v3/com.huuuge.stars.slots?devkey=x********************k&device_id=1524047595132-376663494115258576
04-18 12:39:50.349 20999 21170 I System.out: (HTTPLog)-Static: isSBSettingEnabled false
04-18 12:39:50.349 20999 21170 I System.out: (HTTPLog)-Static: isSBSettingEnabled false
04-18 12:39:50.349  2218  2767 D EnterpriseController: netId is 0
04-18 12:39:50.349  2218  2767 D Netd    : getNetworkForDns: using netid 502 for uid 10637
04-18 12:39:50.359  2205  2205 D libEGL  : eglTerminate EGLDisplay = 0xffca2494
04-18 12:39:50.359  2205  2205 W SurfaceFlinger: couldn't log to binary event log: overflow.
04-18 12:39:50.409 20999 21162 W libc    : It seems that pthread_join() is not invoked or PTHREAD_ATTR_FLAG_DETACHED is not set.
04-18 12:39:50.409 20999 21162 W libc    :     pthread tid          : 21162
04-18 12:39:50.409 20999 21162 W libc    :     pthread start_routine: 0xdf8313f0
04-18 12:39:50.419 20999 21051 I AppsFlyer: reportInstall
04-18 12:39:50.419 20999 21051 I AppsFlyer: sendBroadcasts()
04-18 12:39:50.419  2612  5167 D GameManagerService: identifyGamePackage. com.huuuge.stars.slots
04-18 12:39:50.429  2225  2778 V audio_hw_primary: select_devices() output_route "media-speaker" 
04-18 12:39:50.429  2225  2778 I audio_route: > audio_route_apply_path : "gain-media-speaker"
04-18 12:39:50.429  2225  2778 V audio_hw_primary: select_devices() output_gain "gain-media-speaker" 
04-18 12:39:50.429  2225  2778 I audio_route: > audio_route_update_mixer : +
04-18 12:39:50.429  2225  2778 I audio_route: > audio_route_update_mixer : changed(0) -
04-18 12:39:50.429  2225  2778 D audio_hw_primary: select_devices: pcm_voice_out 0x0
04-18 12:39:50.429  2225  2778 D audio_hw_primary: select_devices: pcm_fm_out 0x0
04-18 12:39:50.429  2225  2778 I audio_hw_primary: select_devices - 
04-18 12:39:50.429  2225  2778 D audio_hw_spk_amp: check_speaker_amp_on: turning_on_speaker_amp = true 
04-18 12:39:50.429  2225  2778 D tfa98xxApp: [NXP] [May 27, 2015] tfa_enable: turning tfa on 
04-18 12:39:50.429  2225  2778 D tfa98xxApp: [NXP] tfa_enable: tfa_i2c_dev_name = /dev/i2c-0, tfa_log_enable_cnt = 12, tfa_log_coldboot_cnt = 1 
04-18 12:39:50.429  2225  2778 D tfa98xxApp: [NXP] tfa_enable: coldstartup_flag = 1
04-18 12:39:50.429  2225  2778 D tfa98xxApp: [NXP] tfa_enable: check speakerOn(1) && (tfaMode(0) == prev_tfaMode(0)) 
04-18 12:39:50.429  2225  2778 D tfa98xxApp: [NXP] tfa_enable: Tfa is already turned on
04-18 12:39:50.429  2225  2778 D tfa98xxApp: [NXP] tfa_enable: 2.exit
04-18 12:39:50.429  2225  2778 V audio_hw_primary: start_output_stream-
04-18 12:39:50.429  2612  5167 D GameManagerService: identifyGamePackage. com.huuuge.stars.slots
04-18 12:39:50.639 20999 21170 D AppsFlyer_4.8.6: iscache=null caching conversion data
04-18 12:39:50.639 20999 21170 I AppsFlyer: InstallConversion attribute: af_message = organic install
04-18 12:39:50.639 20999 21170 I AppsFlyer: InstallConversion attribute: af_status = Organic
04-18 12:39:50.639 20999 21170 I AppsFlyer: InstallConversion attribute: is_first_launch = true
04-18 12:39:50.879 20999 21051 D libGLESv2: DTS_GLAPI : DTS is not allowed for Package : com.huuuge.stars.slots
04-18 12:39:51.109  3190  3190 D Recents : onTaskStackChanged
04-18 12:39:53.099  2612  2685 D CustomFrequencyManagerService: releaseDVFSLockLocked : Getting Lock type frm List : DVFS_MIN_LIMIT  frequency : 1500000  uid : 1000  pid : 2612  tag : ACTIVITY_RESUME_BOOSTER@3
04-18 12:39:53.099  2612  2685 D ActivityManager: mDVFSHelper.release()
04-18 12:39:53.099  2612  2685 D CustomFrequencyManagerService: acquireDVFSLockLocked : type : DVFS_MIN_LIMIT  frequency : 1500000  uid : 1000  pid : 2612  pkgName : ACTIVITY_RESUME_BOOSTER@9
04-18 12:39:53.229  2612  5167 D SSRM:w  : SIOP:: AP = 490, PST = 447 (W:10), CUR = -116, LCD = 24
04-18 12:39:53.229  2612  5167 D ConnectivityService: returning getNetworkInfo for network type 1 : [type: WIFI[] - WIFI, state: CONNECTED/CONNECTED, reason: (unspecified), extra: "HuuugeQA", roaming: false, failover: false, isAvailable: true]
04-18 12:39:53.699  2612  2612 D CustomFrequencyManagerService: releaseDVFSLockLocked : Getting Lock type frm List : DVFS_MIN_LIMIT  frequency : 1500000  uid : 1000  pid : 2612  tag : ACTIVITY_RESUME_BOOSTER@9
04-18 12:39:54.079 17565 17602 I ReschedulableTimer: [#CMH#] ReschedulableTimer started 
04-18 12:39:54.279  2612  2968 D InputReader: Input event(7): value=1 when=12364473341000
04-18 12:39:54.279  2612  2968 I InputReader: Touch event's action is 0x0 (deviceType=0) [pCnt=1, s=0.2 ] when=12364473341000
04-18 12:39:54.279  2612  2968 D InputReader: lastThreadEndTime = 12360076667851, currentThreadStartTime = 12360076671082, diff = 0
04-18 12:39:54.279  2612  2967 I InputDispatcher: Delivering touch to (20999): action: 0x0, toolType: 1
04-18 12:39:54.279 20999 20999 D ViewRootImpl: ViewPostImeInputStage processPointer 0
04-18 12:39:54.299  2205  2205 D hwcutils: MppFactory::MppFactory()
04-18 12:39:54.299  2205  2205 D         : virtual LibMpp* MppFactory::CreateMpp(int, int, int, int) dev(4) mode(0) drm(0), 
04-18 12:39:54.299  2205  2205 D libexynosgscaler: LibMpp::LibMpp()
04-18 12:39:54.479  2612  2968 D InputReader: Input event(7): value=0 when=12364673644000
04-18 12:39:54.479  2612  2968 I InputReader: Touch event's action is 0x1 (deviceType=0) [pCnt=1, s=] when=12364673644000
04-18 12:39:54.479  2612  2967 I InputDispatcher: Delivering touch to (20999): action: 0x1, toolType: 1
04-18 12:39:54.479 20999 20999 D ViewRootImpl: ViewPostImeInputStage processPointer 1
04-18 12:39:54.509  2205  2205 D libexynosgscaler: virtual CGscaler::~CGscaler()
04-18 12:39:54.509  2205  2205 D libexynosgscaler: virtual LibMpp::~LibMpp()
04-18 12:39:54.509  2205  2205 D         : virtual MppFactory::~MppFactory()
04-18 12:39:54.549  2218  2767 D EnterpriseController: netId is 0
04-18 12:39:54.549  2218  2767 D Netd    : getNetworkForDns: using netid 502 for uid 10637
04-18 12:39:54.869  3857  3857 D RelationGraph: garbageCollect()
04-18 12:39:54.989 20999 21051 I AppsFlyer: reportConversionEvent: app_launch; 
04-18 12:39:54.989 20999 21051 I AppsFlyer: reportEvent: app_launch
04-18 12:39:54.989 20999 21182 I System.out: (HTTPLog)-Static: isSBSettingEnabled false
04-18 12:39:54.989 20999 21182 I System.out: (HTTPLog)-Static: isSBSettingEnabled false
04-18 12:39:54.999  2218  2767 D EnterpriseController: netId is 0
04-18 12:39:54.999  2218  2767 D Netd    : getNetworkForDns: using netid 502 for uid 10637
04-18 12:39:54.999  2218  2767 D EnterpriseController: netId is 0
04-18 12:39:54.999  2218  2767 D Netd    : getNetworkForDns: using netid 502 for uid 10637
04-18 12:39:54.999  2612  3268 D ConnectivityService: returning getNetworkInfo for network type 1 : [type: WIFI[] - WIFI, state: CONNECTED/CONNECTED, reason: (unspecified), extra: "HuuugeQA", roaming: false, failover: false, isAvailable: true]
04-18 12:39:54.999  2612  3264 D ConnectivityService: returning getNetworkInfo for network type 0 : [type: MOBILE[] - MOBILE, state: DISCONNECTED/DISCONNECTED, reason: (unspecified), extra: (none), roaming: false, failover: false, isAvailable: true]
04-18 12:39:55.139 20999 21181 I AppsFlyer_4.8.6: sendTrackingWithEvent from activity: io.branch.referral.BranchApp
04-18 12:39:55.139 20999 21181 I AppsFlyer_4.8.6: Trying to fetch GAID..
04-18 12:39:55.149  3857  3857 D RelationGraph: garbageCollect()
04-18 12:39:55.159 20999 21181 I AppsFlyer_4.8.6: ******* sendTrackingWithEvent: app_launch
04-18 12:39:55.169 20999 21181 I AppsFlyer_4.8.6: IMEI was not collected.
04-18 12:39:55.169 20999 21181 E ActivityThread: Failed to find provider info for com.facebook.katana.provider.AttributionIdProvider
04-18 12:39:55.179 20999 21181 I AppsFlyer_4.8.6: Android ID was not collected.
04-18 12:39:55.179 20999 21181 I AppsFlyer_4.8.6: AppsFlyer: first launch date: 2018-04-18_103950+0000
04-18 12:39:55.189 20999 21181 D AppsFlyer_4.8.6: didConfigureTokenRefreshService=false
04-18 12:39:55.189 20999 21181 I AppsFlyer_4.8.6: AppsFlyerLib.sendTrackingWithEvent
04-18 12:39:55.189 20999 21181 I AppsFlyer_4.8.6: url: https://events.appsflyer.com/api/v4/androidevent?buildnumber=4.8.6&app_id=com.huuuge.stars.slots
04-18 12:39:55.189 20999 21181 I AppsFlyer_4.8.6: data: {"installAttribution":"{\"af_message\":\"organic install\",\"af_status\":\"Organic\",\"is_first_launch\":\"false\"}","device":"a5xelte","firstLaunchDate":"2018-04-18_103950+0000","installDate":"2018-04-18_103315+0000","sdk":"23","date1":"2018-04-18_103315+0000","tokenRefreshConfigured":false,"af_preinstalled":"false","advertiserIdEnabled":"true","iaecounter":"1","lang_code":"en","appsflyerKey":"x********************k","registeredUninstall":false,"app_version_name":"0.1.318","lang":"English","eventName":"app_launch","advertiserId":"0ad1cce2-18c5-4bf5-b3d2-ffd2f040d90a","isGaidWithGps":"true","deviceData":{"build_display_id":"MMB29K.A510FXXU4BQC1","arch":"","cpu_abi2":"armeabi","cpu_abi":"armeabi-v7a"},"af_v2":"7f03a5ec4561381d268500e4fa0fed4af5385ef5","deviceType":"user","af_v":"9cb1a488313b6793158bdd04121a5d0e6da31ee4","app_version_code":"318","eventValue":"{}","af_events_api":"1","network":"WIFI","platformextension":"android_native","country":"US","date2":"2018-04-18_103315+0000","brand":"samsung","af_timestamp":"1524047995162","uid":"1524047595132-376663494115258576","isFirstCall":"true","counter":"1","model":"SM-A510F","product":"a5xeltexx"}
04-18 12:39:55.189 20999 21181 I System.out: (HTTPLog)-Static: isSBSettingEnabled false
04-18 12:39:55.189 20999 21181 I System.out: (HTTPLog)-Static: isSBSettingEnabled false
04-18 12:39:55.189  2218  2767 D EnterpriseController: netId is 0
04-18 12:39:55.189  2218  2767 D Netd    : getNetworkForDns: using netid 502 for uid 10637
04-18 12:39:55.399 20999 21187 I System.out: (HTTPLog)-Static: isSBSettingEnabled false
04-18 12:39:55.399 20999 21187 I System.out: (HTTPLog)-Static: isSBSettingEnabled false
04-18 12:39:55.399  2218  2767 D EnterpriseController: netId is 0
04-18 12:39:55.399  2218  2767 D Netd    : getNetworkForDns: using netid 502 for uid 10637
04-18 12:39:55.449 20999 21181 I AppsFlyer_4.8.6: response code: 404
04-18 12:39:55.499 20999 21183 D ClawActivityCommon: Checking for: atlas3_1_etc2.pak
04-18 12:39:55.499 20999 21183 D ClawActivityCommon: Descriptor found offset=3622556 length=740102
04-18 12:39:55.499 20999 21183 D ClawActivityCommon: Checking for: welcome_bg_thsku_0_etc2.pak
04-18 12:39:55.499 20999 21183 D ClawActivityCommon: Checking for: welcome_bg_thsku_0_etc2.pak
04-18 12:39:55.499 20999 21183 D ClawActivityCommon: Checking for: welcome_bg_2_etc2.pak
04-18 12:39:55.499 20999 21183 D ClawActivityCommon: Checking for: welcome_bg_2_etc2.pak
04-18 12:39:55.499 20999 21183 D ClawActivityCommon: Checking for: welcome_bg_1_etc2.pak
04-18 12:39:55.499 20999 21183 D ClawActivityCommon: Checking for: welcome_bg_1_etc2.pak
04-18 12:39:55.509 20999 21183 D ClawActivityCommon: Checking for: splash_tip.pak
04-18 12:39:55.509 20999 21183 D ClawActivityCommon: Checking for: splash_tip.pak
04-18 12:39:55.509 20999 21183 D ClawActivityCommon: Checking for: splash_background_2_etc2.pak
04-18 12:39:55.509 20999 21183 D ClawActivityCommon: Checking for: splash_background_2_etc2.pak
04-18 12:39:55.509 20999 21183 D ClawActivityCommon: Checking for: splash_background_1_etc2.pak
04-18 12:39:55.509 20999 21183 D ClawActivityCommon: Checking for: splash_background_1_etc2.pak
04-18 12:39:55.509 20999 21183 D ClawActivityCommon: Checking for: splash_background_0_etc2.pak
04-18 12:39:55.509 20999 21183 D ClawActivityCommon: Checking for: splash_background_0_etc2.pak
04-18 12:39:55.509 20999 21183 D ClawActivityCommon: Checking for: sound_vo.pak
04-18 12:39:55.509 20999 21183 D ClawActivityCommon: Descriptor found offset=70473612 length=26
04-18 12:39:55.509 20999 21183 D ClawActivityCommon: Checking for: sound_slots.pak
04-18 12:39:55.509 20999 21183 D ClawActivityCommon: Descriptor found offset=69049200 length=409508
04-18 12:39:55.509 20999 21183 D ClawActivityCommon: Checking for: sound_slots_multiple_classic.pak
04-18 12:39:55.509 20999 21183 D ClawActivityCommon: Descriptor found offset=69569896 length=80057
04-18 12:39:55.519 20999 21183 D ClawActivityCommon: Checking for: music_multiple_classic.pak
04-18 12:39:55.519 20999 21183 D ClawActivityCommon: Descriptor found offset=65834796 length=495427
04-18 12:39:55.519 20999 21183 D ClawActivityCommon: Checking for: sound.pak
04-18 12:39:55.519 20999 21183 D ClawActivityCommon: Descriptor found offset=67077612 length=1715452
04-18 12:39:55.519 20999 21183 D ClawActivityCommon: Checking for: sound_ingame_vo_male.pak
04-18 12:39:55.519 20999 21183 D ClawActivityCommon: Descriptor found offset=68970368 length=78771
04-18 12:39:55.519 20999 21183 D ClawActivityCommon: Checking for: sound_ingame.pak
04-18 12:39:55.519 20999 21183 D ClawActivityCommon: Descriptor found offset=68793124 length=109620
04-18 12:39:55.519 20999 21183 D ClawActivityCommon: Checking for: slots_zeus_background_2_etc2.pak
04-18 12:39:55.529 20999 21183 D ClawActivityCommon: Descriptor found offset=67037320 length=40237
04-18 12:39:55.529 20999 21183 D ClawActivityCommon: Checking for: slots_zeus_background_1_etc2.pak
04-18 12:39:55.529 20999 21183 D ClawActivityCommon: Descriptor found offset=66891640 length=107257
04-18 12:39:55.529 20999 21183 D ClawActivityCommon: Checking for: splash_background_thsku_2_etc2.pak
04-18 12:39:55.529 20999 21183 D ClawActivityCommon: Checking for: splash_background_thsku_2_etc2.pak
04-18 12:39:55.529 20999 21183 D ClawActivityCommon: Checking for: atlas_slots_effects_1_etc2.pak
04-18 12:39:55.529 20999 21183 D ClawActivityCommon: Descriptor found offset=19306192 length=1637817
04-18 12:39:55.529 20999 21183 D ClawActivityCommon: Checking for: atlas3_2_etc2.pak
04-18 12:39:55.529 20999 21183 D ClawActivityCommon: Descriptor found offset=4784208 length=419843
04-18 12:39:55.529 20999 21183 D ClawActivityCommon: Checking for: atlas_clubs_common_2_etc2.pak
04-18 12:39:55.529 20999 21183 D ClawActivityCommon: Descriptor found offset=9195876 length=285669
04-18 12:39:55.529 20999 21183 D ClawActivityCommon: Checking for: slots_classic_diamonds_background_2_etc2.pak
04-18 12:39:55.529 20999 21183 D ClawActivityCommon: Descriptor found offset=66775664 length=18508
04-18 12:39:55.539 20999 21183 D ClawActivityCommon: Checking for: slots_classic_diamonds_background_1_etc2.pak
