04-15 15:00:05.919  3402  3402 I keystore: del CACERT_com.appsflyer,KSAppsFlyerId=1523458242255-6610177762683003557,KSAppsFlyerRICounter=0 10082 0
04-15 15:00:05.919  3402  3402 I keystore: del USRCERT_com.appsflyer,KSAppsFlyerId=1523458242255-6610177762683003557,KSAppsFlyerRICounter=0 10082 0
04-15 15:00:05.919  3402  3402 I keystore: del USRPKEY_com.appsflyer,KSAppsFlyerId=1523458242255-6610177762683003557,KSAppsFlyerRICounter=0 10082 0
04-15 15:00:05.919  3402  3402 I keystore: del USRSKEY_com.appsflyer,KSAppsFlyerId=1523458242255-6610177762683003557,KSAppsFlyerRICounter=0 10082 0
04-15 15:00:05.919  3402  3402 I keystore: del USRCSR_com.appsflyer,KSAppsFlyerId=1523458242255-6610177762683003557,KSAppsFlyerRICounter=0 10082 0
04-15 15:00:05.939  3136  3136 I keymaster_tee: [INFO]:  (nwd_keymaster_mdfpp.cpp:743) entered add_rng_entropy function.
04-15 15:00:05.943  3136  3136 D keymaster_tee: [DEBUG]: (nwd_keymaster_tc_api.c:988) ******PRNG ENTROPY***NWD****
04-15 15:00:05.952  3136  3136 D keymaster_tee: [DEBUG]: (nwd_keymaster_mobicore.c:352) TA return code: 0 (0x00000000)
04-15 15:00:05.952  3136  3136 D keymaster_tee: [DEBUG]: (nwd_keymaster_mobicore.c:357) TLC_COMMAND(e): cmd = 0x00000007, ret = 0x00000000
04-15 15:00:05.952  3136  3136 I keymaster_tee: [INFO]:  (nwd_keymaster_mdfpp.cpp:754) exit add_rng_entropy function, returns 0
04-15 15:00:05.957  3136  3136 D SoftKeymaster: system/keymaster/soft_keymaster_device.cpp, Line 710: Requested digest(s) supported for algorithm 1 and purpose 0
04-15 15:00:05.957  3136  3136 D SoftKeymaster: system/keymaster/soft_keymaster_device.cpp, Line 710: Requested digest(s) supported for algorithm 1 and purpose 1
04-15 15:00:05.957  3136  3136 I keymaster_tee: [INFO]:  (nwd_keymaster_mdfpp.cpp:764) entered generate_key function.
04-15 15:00:05.957  3136  3136 D keymaster_tee: [DEBUG]: (keymaster_packing.c:36) *********print_params***********
04-15 15:00:05.957  3136  3136 D keymaster_tee: [DEBUG]: (keymaster_packing.c:37) params->length = 7 
04-15 15:00:05.957  3136  3136 D keymaster_tee: [DEBUG]: (keymaster_packing.c:43)  tc_KM_TAG_KEY_SIZE params->params[0].tag = 0x30000003 
04-15 15:00:05.958  3136  3136 D keymaster_tee: [DEBUG]: (keymaster_packing.c:60) tc_KM_UINT 2048 0x00000800
04-15 15:00:05.958  3136  3136 D keymaster_tee: [DEBUG]: (keymaster_packing.c:43)  tc_KM_TAG_ALGORITHM params->params[1].tag = 0x10000002 
04-15 15:00:05.958  3136  3136 D keymaster_tee: [DEBUG]: (keymaster_packing.c:48) tc_KM_ENUM 1 0x00000001
04-15 15:00:05.958  3136  3136 D keymaster_tee: [DEBUG]: (keymaster_packing.c:43)  tc_KM_TAG_PURPOSE params->params[2].tag = 0x20000001 
04-15 15:00:05.958  3136  3136 D keymaster_tee: [DEBUG]: (keymaster_packing.c:52) tc_KM_ENUM_REP 0 0x00000000
04-15 15:00:05.958  3136  3136 D keymaster_tee: [DEBUG]: (keymaster_packing.c:43)  tc_KM_TAG_PURPOSE params->params[3].tag = 0x20000001 
04-15 15:00:05.958  3136  3136 D keymaster_tee: [DEBUG]: (keymaster_packing.c:52) tc_KM_ENUM_REP 1 0x00000001
04-15 15:00:05.958  3136  3136 D keymaster_tee: [DEBUG]: (keymaster_packing.c:43)  tc_KM_TAG_NO_AUTH_REQUIRED params->params[4].tag = 0x700001f7 
04-15 15:00:05.958  3136  3136 D keymaster_tee: [DEBUG]: (keymaster_packing.c:56) tc_KM_BOOL 1 0x00000001
04-15 15:00:05.958  3136  3136 D keymaster_tee: [DEBUG]: (keymaster_packing.c:43)  tc_KM_TAG_RSA_PUBLIC_EXPONENT params->params[5].tag = 0x500000c8 
04-15 15:00:05.958  3136  3136 D keymaster_tee: [DEBUG]: (keymaster_packing.c:68) tc_KM_ULONG 0x00010001
04-15 15:00:05.958  3136  3136 D keymaster_tee: [DEBUG]: (keymaster_packing.c:43)  tc_KM_TAG_CREATION_DATETIME params->params[6].tag = 0x600002bd 
04-15 15:00:05.958  3136  3136 D keymaster_tee: [DEBUG]: (keymaster_packing.c:76) tc_KM_DATE 0x162c9642008
04-15 15:00:05.958  3136  3136 D keymaster_tee: [DEBUG]: (keymaster_packing.c:95) *************************************
04-15 15:00:05.958  3136  3136 D keymaster_tee: [DEBUG]: (nwd_keymaster_mobicore.c:352) TA return code: -10 (0xfffffff6)
04-15 15:00:05.958  3136  3136 D keymaster_tee: [DEBUG]: (nwd_keymaster_mobicore.c:357) TLC_COMMAND(e): cmd = 0x00000008, ret = 0xFFFFFFF6
04-15 15:00:05.958  3136  3136 E keymaster_tee: [ERROR]: (nwd_keymaster_tc_api.c:1097) KM_TZRunCommand returned -10
04-15 15:00:05.958  3136  3136 I keymaster_tee: [INFO]:  (nwd_keymaster_mdfpp.cpp:777) exit generate_key function, returns -10
04-15 15:00:05.959  3402  3402 E keystore: Failed to generate key -> falling back to software keymaster
04-15 15:00:06.033 18246 18246 D ScrollView:  onsize change changed 
04-15 15:00:06.126  3777 15675 D SensorService: Calling activate off 7
04-15 15:00:06.127  3227  3882 I Sensors : GyroSensor old sensor_state 16403, new sensor_state : 16401 en : 0
04-15 15:00:06.131 18034 18034 D SensorManager: unregisterListener ::   
04-15 15:00:06.133  3777 15675 D SensorService: Calling activate off 6
04-15 15:00:06.135  3227  3227 I Sensors : AccSensor old sensor_state 16401, new sensor_state : 16400 en : 0
04-15 15:00:06.139 18034 18034 D SensorManager: unregisterListener ::   
04-15 15:00:06.140  3777 15675 D SensorService: Calling activate off 11
04-15 15:00:06.140  3227  3882 I Sensors : GeoMagneticSensor old sensor_state 16400, new sensor_state : 16384 en : 0
04-15 15:00:06.144 18034 18034 D SensorManager: unregisterListener ::   
04-15 15:00:06.155 18034 18195 D ClawActivityCommon: Checking for: data-fonts.pak
04-15 15:00:06.156 18034 18195 D ClawActivityCommon: Descriptor found offset=29628064 length=19573522
04-15 15:00:06.159 18034 18195 D ClawActivityCommon: Checking for: data-splash.pak
04-15 15:00:06.160 18034 18195 D ClawActivityCommon: Descriptor found offset=49704512 length=12642139
04-15 15:00:06.161 18034 18195 D ClawActivityCommon: Checking for: data-splash-i18n.pak
04-15 15:00:06.162 18034 18195 D ClawActivityCommon: Descriptor found offset=49704380 length=80
04-15 15:00:06.162 18034 18195 D ClawActivityCommon: Checking for: data-embedded-paks.pak
04-15 15:00:06.162 18034 18195 D ClawActivityCommon: Descriptor found offset=29625248 length=2756
04-15 15:00:06.164 18034 18195 D ClawActivityCommon: Checking for: data-latest-override.pak
04-15 15:00:06.164 18034 18195 D ClawActivityCommon: Descriptor found offset=49505592 length=198
04-15 15:00:06.273  3777 15675 V WindowManager: finishDrawingLocked: mDrawState=COMMIT_DRAW_PENDING Window{8ee67b5 u0 com.huuuge.stars.slots/com.huuuge.casino.BootActivity} in Surface(name=com.huuuge.stars.slots/com.huuuge.casino.BootActivity)
04-15 15:00:06.433  3777  3879 D ViewRootImpl@ab1e07a[slots]: dispatchDetachedFromWindow
04-15 15:00:06.433  3777  3879 D InputEventReceiver: channel '96d8a46 Splash Screen com.huuuge.stars.slots (client)' ~ Disposing input event receiver.
04-15 15:00:06.434  3777  3879 D InputEventReceiver: channel '96d8a46 Splash Screen com.huuuge.stars.slots (client)' ~NativeInputEventReceiver.
04-15 15:00:06.435  3777 15675 V WindowManager: Relayout Window{8ee67b5 u0 com.huuuge.stars.slots/com.huuuge.casino.BootActivity}: viewVisibility=0 req=2960x1440 WM.LayoutParams{(0,0)(fillxfill) sim=#23 ty=1 fl=#1810500 pfl=0x1020000 fmt=-3 wanim=0x1030001 vsysui=0x1716 needsMenuKey=2 colorMode=0 naviIconColor=0}
04-15 15:00:06.453 18246 18302 I OpenGLRenderer: Initialized EGL, version 1.4
04-15 15:00:06.453 18246 18302 D OpenGLRenderer: Swap behavior 2
04-15 15:00:06.456 18034 18034 D ViewRootImpl@a8e712e[BootActivity]: Relayout returned: old=[0,0][2960,1440] new=[0,0][2960,1440] result=0x1 surface={valid=true 3379314688} changed=false
04-15 15:00:06.462 18246 18302 D libGLESv1: STS_GLApi : DTS, ODTC are not allowed for Package : com.google.android.packageinstaller
04-15 15:00:06.464 18246 18302 D mali_winsys: EGLint new_window_surface(egl_winsys_display *, void *, EGLSurface, EGLConfig, egl_winsys_surface **, egl_color_buffer_format *, EGLBoolean) returns 0x3000,  [1862x1360]-format:1
04-15 15:00:06.464 18246 18302 D OpenGLRenderer: eglCreateWindowSurface = 0x79ea096780
04-15 15:00:06.469  3777 21596 I ClientCertificateManager Service: fixContextInfoForMP() returning Caller uid: 10151 ,Container id: 0
04-15 15:00:06.469  3777 21596 I ClientCertificateManager Service: fixContextInfoForMP() returning Caller uid: 10151 ,Container id: 0
04-15 15:00:06.469  3777 21596 I ClientCertificateManager Service: ClientCertificateManager.isPremiumContainer() : false for user : 0
04-15 15:00:06.478  3777  4563 I ClientCertificateManager Service: fixContextInfoForMP() returning Caller uid: 10151 ,Container id: 0
04-15 15:00:06.478  3777  4563 I ClientCertificateManager Service: fixContextInfoForMP() returning Caller uid: 10151 ,Container id: 0
04-15 15:00:06.478  3777  4563 I ClientCertificateManager Service: ClientCertificateManager.isPremiumContainer() : false for user : 0
04-15 15:00:06.485 18320 18320 D ActivityThread: Added TimaKeyStore provider
04-15 15:00:06.493  3777  3879 I WindowManager: Destroying surface Surface(name=Splash Screen com.huuuge.stars.slots) called by com.android.server.wm.WindowStateAnimator.destroySurface:2465 com.android.server.wm.WindowStateAnimator.destroySurfaceLocked:967 com.android.server.wm.WindowState.removeImmediately:2395 com.android.server.wm.WindowState.removeIfPossible:2584 com.android.server.wm.WindowState.removeIfPossible:2424 com.android.server.wm.WindowManagerService.removeWindow:1988 com.android.server.wm.Session.remove:233 android.view.ViewRootImpl.dispatchDetachedFromWindow:4046 
04-15 15:00:06.493  3240  3268 I SurfaceFlinger: id=5865 Removed Splash Screen com.huuuge.stars.slots#0 (5/10)
04-15 15:00:06.493  3240  3268 I SurfaceFlinger: id=5865 Removed Splash Screen com.huuuge.stars.slots#0 (-2/10)
04-15 15:00:06.502  3777  4563 I ActivityManager: DSS on for com.samsung.android.calendar and scale is 1.0
04-15 15:00:06.503  3240  3240 I Layer   : id=5865 onRemoved Splash Screen com.huuuge.stars.slots#0 
04-15 15:00:06.507  3777  5236 D ConnectivityService: filterNetworkStateForUid() uid: 10185 networkInfo: [type: WIFI[] - WIFI, state: DISCONNECTED/BLOCKED, reason: (unspecified), extra: (none), failover: false, available: true, roaming: false, metered: false]
04-15 15:00:06.508  3777  3797 D SamsungPhoneWindowManager: updateSystemUiVisibilityLw : setForceImmersiveBtnVisibility=false
04-15 15:00:06.510  4244  4244 D NavigationBar: setForceImmersiveBtnVisibility visible : false
04-15 15:00:06.510  4244  4244 D SecNavigationBarView: setPinButtonVisibility() shouldshow=false, leftRemoteVisible=false, mAllKeyDisabled=false, isBouncerShowing=false, isUltraPowerSaving=false, isEmergencyMode=false, isDeviceEncrypted=false, isUserSetupComplete : true
04-15 15:00:06.520  3240  3240 D SurfaceFlinger:   Display[0] configurations (* current):
04-15 15:00:06.520  3240  3240 D SurfaceFlinger:     * 0: 1440x2960, xdpi=562.706970, ydpi=565.293030, refresh=16666666
04-15 15:00:06.520  3240  3240 D SurfaceFlinger:   numHwLayers=2, flags=00000000
04-15 15:00:06.520  3240  3240 D SurfaceFlinger:     type   |  handle  | hint | flag | tr | blnd |   format    |     source crop (l,t,r,b)      |          frame         | name 
04-15 15:00:06.520  3240  3240 D SurfaceFlinger: -----------+----------+------+------+----+------+-------------+--------------------------------+------------------------+------
04-15 15:00:06.520  3240  3240 D SurfaceFlinger:        HWC | 786fe59ec0 | 0000 | 0100 | 00 | 0105 | RGBA_8888   |    0.0,    0.0, 1440.0, 2960.0 |    0,    0, 1440, 2960 | ScreenshotSurface#0
04-15 15:00:06.520  3240  3240 D SurfaceFlinger:  FB TARGET | 786fe558c0 | 0000 | 0000 | 00 | 0105 | RGBA_8888   |    0.0,    0.0, 1440.0, 2960.0 |    0,    0, 1440, 2960 | HWC_FRAMEBUFFER_TARGET
04-15 15:00:06.522 18034 18243 D CertificatePolicyCache: Creating new instance of CertificatePolicyCache myUid: 10082 callingUid: 10082
04-15 15:00:06.522 18034 18243 D CertificatePolicyCache: readVariables type: null userId: 0
04-15 15:00:06.524  3777  3805 D CustomFrequencyManagerService: acquireDVFSLockLocked : type : DVFS_MIN_LIMIT  frequency : 1807000  uid : 1000  pid : 3777  pkgName : AMS_RESUME_TAIL@CPU_MIN@64
04-15 15:00:06.526  3777  3805 D ActivityManagerPerformance: AMP_acquire() TAIL
04-15 15:00:06.526  3777  3805 D CustomFrequencyManagerService: releaseDVFSLockLocked : Getting Lock type frm List : DVFS_MIN_LIMIT  frequency : 2314000  uid : 1000  pid : 3777  tag : AMS_APP_SWITCH@CPU_MIN@58
04-15 15:00:06.527  3777  3805 D ActivityManagerPerformance: AMP_release() APP_SWITCH
04-15 15:00:06.536  3240  3240 D SurfaceFlinger:   Display[0] configurations (* current):
04-15 15:00:06.536  3240  3240 D SurfaceFlinger:     * 0: 1440x2960, xdpi=562.706970, ydpi=565.293030, refresh=16666666
04-15 15:00:06.536  3240  3240 D SurfaceFlinger:   numHwLayers=4, flags=00000000
04-15 15:00:06.536  3240  3240 D SurfaceFlinger:     type   |  handle  | hint | flag | tr | blnd |   format    |     source crop (l,t,r,b)      |          frame         | name 
04-15 15:00:06.536  3240  3240 D SurfaceFlinger: -----------+----------+------+------+----+------+-------------+--------------------------------+------------------------+------
04-15 15:00:06.536  3240  3240 D SurfaceFlinger:        HWC | 785a7420e0 | 0000 | 0020 | 00 | 0100 | RGB_565     |    0.0,    0.0, 1440.0, 2960.0 |    0,    0, 1440, 2960 | SurfaceView - com.huuuge.stars.slots/com.huuuge.casino.BootActivity@ca9d448@0#0
04-15 15:00:06.536  3240  3240 D SurfaceFlinger:        HWC | 786fe5a780 | 0000 | 0000 | 00 | 0105 | RGBA_8888   |    0.0,    0.0, 1440.0, 2960.0 |    0,    0, 1440, 2960 | com.huuuge.stars.slots/com.huuuge.casino.BootActivity#0
04-15 15:00:06.536  3240  3240 D SurfaceFlinger:        HWC | 786fe59ec0 | 0000 | 0100 | 00 | 0105 | RGBA_8888   |    0.0,    0.0, 1440.0, 2960.0 |    0,    0, 1440, 2960 | ScreenshotSurface#0
04-15 15:00:06.536  3240  3240 D SurfaceFlinger:  FB TARGET | 786fe558c0 | 0000 | 0000 | 00 | 0105 | RGBA_8888   |    0.0,    0.0, 1440.0, 2960.
04-15 15:00:06.537  3240  3240 D SurfaceFlinger: 0 |    0,    0, 1440, 2960 | HWC_FRAMEBUFFER_TARGET
04-15 15:00:06.544  3777 21596 D ConnectivityService: filterNetworkStateForUid() uid: 10185 networkInfo: [type: WIFI[] - WIFI, state: DISCONNECTED/BLOCKED, reason: (unspecified), extra: (none), failover: false, available: true, roaming: false, metered: false]
04-15 15:00:06.550  3777  5236 D ConnectivityService: filterNetworkStateForUid() uid: 10185 networkInfo: [type: WIFI[] - WIFI, state: DISCONNECTED/BLOCKED, reason: (unspecified), extra: (none), failover: false, available: true, roaming: false, metered: false]
04-15 15:00:06.563  3240  3240 D SurfaceFlinger:   Display[0] configurations (* current):
04-15 15:00:06.563  3240  3240 D SurfaceFlinger:     * 0: 1440x2960, xdpi=562.706970, ydpi=565.293030, refresh=16666666
04-15 15:00:06.563  3240  3240 D SurfaceFlinger:   numHwLayers=3, flags=00000000
04-15 15:00:06.563  3240  3240 D SurfaceFlinger:     type   |  handle  | hint | flag | tr | blnd |   format    |     source crop (l,t,r,b)      |          frame         | name 
04-15 15:00:06.563  3240  3240 D SurfaceFlinger: -----------+----------+------+------+----+------+-------------+--------------------------------+------------------------+------
04-15 15:00:06.563  3240  3240 D SurfaceFlinger:        HWC | 785a742460 | 0000 | 0020 | 00 | 0100 | RGB_565     |    0.0,    0.0, 1440.0, 2960.0 |    0,    0, 1440, 2960 | SurfaceView - com.huuuge.stars.slots/com.huuuge.casino.BootActivity@ca9d448@0#0
04-15 15:00:06.563  3240  3240 D SurfaceFlinger:        HWC | 786fe59ec0 | 0000 | 0100 | 00 | 0105 | RGBA_8888   |    0.0,    0.0, 1440.0, 2960.0 |    0,    0, 1440, 2960 | ScreenshotSurface#0
04-15 15:00:06.563  3240  3240 D SurfaceFlinger:  FB TARGET | 786fe558c0 | 0000 | 0000 | 00 | 0105 | RGBA_8888   |    0.0,    0.0, 1440.0, 2960.0 |    0,    0, 1440, 2960 | HWC_FRAMEBUFFER_TARGET
04-15 15:00:06.578  5237  5237 D StageManager: saved stages : inStack [1] , outStack[2]
04-15 15:00:06.578  3777  3802 D MARsDBManager: onChange - mSmartManagerObserver! Uri = content://com.samsung.android.sm/AppFreezer?MARs-self=true&MARs=true
04-15 15:00:06.616 18320 18355 I vndksupport: sphal namespace is not configured for this process. Loading /vendor/lib64/egl/libGLES_mali.so from the current namespace instead.
04-15 15:00:06.632  3777 21596 I WindowManager: Destroying surface Surface(name=com.sec.android.app.launcher/com.sec.android.app.launcher.activities.LauncherActivity) called by com.android.server.wm.WindowStateAnimator.destroySurface:2465 com.android.server.wm.WindowStateAnimator.destroySurfaceLocked:967 com.android.server.wm.WindowState.destroyOrSaveSurfaceUnchecked:3651 com.android.server.wm.WindowState.destroySurface:3599 com.android.server.wm.AppWindowToken.destroySurfaces:722 com.android.server.wm.AppWindowToken.destroySurfaces:706 com.android.server.wm.AppWindowToken.notifyAppStopped:751 com.android.server.wm.AppWindowContainerController.notifyAppStopped:803 
04-15 15:00:06.632  3240  3268 I SurfaceFlinger: id=5864 Removed com.sec.android.app.launcher/com.sec.android.app.launcher.activities.LauncherActivity#0 (1/9)
04-15 15:00:06.632  3240  3268 I SurfaceFlinger: id=5864 Removed com.sec.android.app.launcher/com.sec.android.app.launcher.activities.LauncherActivity#0 (-2/9)
04-15 15:00:06.633  3777 18569 V WindowManager: finishDrawingLocked: mDrawState=COMMIT_DRAW_PENDING Window{9360dfa u0 com.google.android.packageinstaller/com.android.packageinstaller.permission.ui.GrantPermissionsActivity} in Surface(name=com.google.android.packageinstaller/com.android.packageinstaller.permission.ui.GrantPermissionsActivity)
04-15 15:00:06.636 18246 18246 D ViewRootImpl@27d0e7d[GrantPermissionsActivity]: MSG_RESIZED_REPORT: frame=Rect(557, 48 - 2403, 1392) ci=Rect(0, 0 - 0, 0) vi=Rect(0, 0 - 0, 0) or=2
04-15 15:00:06.636  3240  3240 I Layer   : id=5864 onRemoved com.sec.android.app.launcher/com.sec.android.app.launcher.activities.LauncherActivity#0 
04-15 15:00:06.636 18246 18246 D ViewRootImpl@27d0e7d[GrantPermissionsActivity]: MSG_WINDOW_FOCUS_CHANGED 1
04-15 15:00:06.638  4244  4244 D ViewRootImpl@491ce19[NavBarTouchConsumer]: MSG_RESIZED_REPORT: frame=Rect(2937, 0 - 2960, 1440) ci=Rect(0, 0 - 0, 0) vi=Rect(0, 0 - 192, 0) or=2
04-15 15:00:06.641 18034 18034 D ViewRootImpl@a8e712e[BootActivity]: MSG_RESIZED_REPORT: frame=Rect(0, 0 - 2960, 1440) ci=Rect(0, 0 - 192, 0) vi=Rect(0, 0 - 192, 0) or=2
04-15 15:00:06.643  3777  3797 D WindowManager: set systemUiVisibility : systemUiFlags= 0x18 fullscreenStackSysUiFlags= 0x0
04-15 15:00:06.648  3777  3879 D SamsungPhoneWindowManager: Turning screen on : com.google.android.packageinstaller uid = 10033
04-15 15:00:06.648  3777  3879 D EdgeLightingManager: showForWakeUpByWindow : packageName = com.google.android.packageinstaller, screenOn = true
04-15 15:00:06.649  4244  7758 D WallpaperService: dispatchAppVisibility onVisibilityChanged(): true
04-15 15:00:06.649  3777  3879 D PowerManagerService: [api] [s] wakeUpWithReason (uid: 1000 pid: 3777) eventTime = 93855553 event = 17
04-15 15:00:06.651 18034 18116 I BranchSDK: posting to https://api.branch.io/v1/install
04-15 15:00:06.653 17838 17866 I zygote64: Waiting for a blocking GC ProfileSaver
04-15 15:00:06.653  4509 26679 D ForegroundUtils: could not check pending caller
04-15 15:00:06.661  3376  3376 E audit   : type=1400 audit(1523797206.656:9820): avc:  denied  { read } for  pid=18320 comm="ndroid.calendar" name="u:object_r:serialno_prop:s0" dev="tmpfs" ino=19056 scontext=u:r:platform_app:s0:c512,c768 tcontext=u:object_r:serialno_prop:s0 tclass=file permissive=0 SEPF_SM-G950F_8.0.0_0002 audit_filtered
04-15 15:00:06.662  3376  3376 E audit   : type=1300 audit(1523797206.656:9820): arch=c00000b7 syscall=56 success=no exit=-13 a0=ffffff9c a1=7fdbd78338 a2=88000 a3=0 items=0 ppid=3393 pid=18320 auid=4294967295 uid=10151 gid=10151 euid=10151 suid=10151 fsuid=10151 egid=10151 sgid=10151 fsgid=10151 tty=(none) ses=4294967295 comm="ndroid.calendar" exe="/system/bin/app_process64" subj=u:r:platform_app:s0:c512,c768 key=(null)
04-15 15:00:06.662  3376  3376 E audit   : type=1327 audit(1523797206.656:9820): proctitle="com.samsung.android.calendar"
04-15 15:00:06.663 18320 18320 E libc    : Access denied finding property "ro.serialno"
04-15 15:00:06.668  3240  3240 D SurfaceFlinger:   Display[0] configurations (* current):
04-15 15:00:06.668  3240  3240 D SurfaceFlinger:     * 0: 1440x2960, xdpi=562.706970, ydpi=565.293030, refresh=16666666
04-15 15:00:06.668  3240  3240 D SurfaceFlinger:   numHwLayers=5, flags=00000000
04-15 15:00:06.668  3240  3240 D SurfaceFlinger:     type   |  handle  | hint | flag | tr | blnd |   format    |     source crop (l,t,r,b)      |          frame         | name 
04-15 15:00:06.668  3240  3240 D SurfaceFlinger: -----------+----------+------+------+----+------+-------------+--------------------------------+------------------------+------
04-15 15:00:06.668  3240  3240 D SurfaceFlinger:        HWC | 785a742460 | 0000 | 0020 | 00 | 0100 | RGB_565     |    0.0,    0.0, 1440.0, 2768.0 |    0,    0, 1440, 2768 | SurfaceView - com.huuuge.stars.slots/com.huuuge.casino.BootActivity@ca9d448@0#0
04-15 15:00:06.668  3240  3240 D SurfaceFlinger:        HWC | 786fe5bd60 | 0000 | 0000 | 00 | 0105 | RGBA_8888   |    0.0,    0.0, 1360.0, 1862.0 |   40,  453, 1400, 2315 | com.google.android.packageinstaller/com.android.packageinstaller.permission.ui.GrantPermissionsActivity#0
04-15 15:00:06.668  3240  3240 D SurfaceFlinger:        HWC | 786fe5abe0 | 0000 | 0000 | 00 | 0105 | RGBA_8888   |    0.0,    0.0, 1440.0,  192.0 |    0, 2768, 1440, 2960 | NavigationBar#0
04-15 15:00:06.668  3240  3240 D SurfaceFlinger:        HWC | 786fe59ec0 | 0000 | 0100 | 00 | 0105
04-15 15:00:06.668  3240  3240 D SurfaceFlinger:  | RGBA_8888   |    0.0,    0.0, 1440.0, 2960.0 |    0,    0, 1440, 2960 | ScreenshotSurface#0
04-15 15:00:06.668  3240  3240 D SurfaceFlinger:  FB TARGET | 786fe558c0 | 0000 | 0000 | 00 | 0105 | RGBA_8888   |    0.0,    0.0, 1440.0, 2960.0 |    0,    0, 1440, 2960 | HWC_FRAMEBUFFER_TARGET
04-15 15:00:06.671  3777  4563 V WindowManager: finishDrawingLocked: mDrawState=COMMIT_DRAW_PENDING Window{cfd6e07 u0 NavBarTouchConsumer} in Surface(name=NavBarTouchConsumer)
04-15 15:00:06.671  3777 21596 V WindowManager: finishDrawingLocked: mDrawState=COMMIT_DRAW_PENDING Window{8ee67b5 u0 com.huuuge.stars.slots/com.huuuge.casino.BootActivity} in Surface(name=com.huuuge.stars.slots/com.huuuge.casino.BootActivity)
04-15 15:00:06.674  3777  3805 I ActivityManager: Displayed com.google.android.packageinstaller/com.android.packageinstaller.permission.ui.GrantPermissionsActivity: +1s470ms (total +3s295ms)
04-15 15:00:06.675  4244  4244 D ImageWallpaper: onOffsetsChanged: xOffset=0.0, yOffset=0.0, xOffsetStep=0.0, yOffsetStep=0.0, xPixels=0, yPixels=0
04-15 15:00:06.675  3777  3797 D WindowManager: set systemUiVisibility : systemUiFlags= 0x8 fullscreenStackSysUiFlags= 0x0
04-15 15:00:06.675  4244  4244 D ImageWallpaper: newRotation : 1,mLastRotation : 1
04-15 15:00:06.675  4244  4244 D ImageWallpaper: drawFrame:[frame.width()]2960[frame.height()]2960
04-15 15:00:06.676  4244  4244 D ImageWallpaper: surfaceDimensionsChanged=false mDisplayWidth=2960 mDisplayHeight=1440
04-15 15:00:06.676  4244  4244 D ImageWallpaper: mNewKeyboard : 0 mLastKeyboard : 0 mForceDraw = false
04-15 15:00:06.676  4244  4244 D ImageWallpaper: redrawNeeded = false, mOffsetsChanged = false
04-15 15:00:06.676  4244  4244 D ImageWallpaper: Suppressed drawFrame since redraw is not needed and offsets have not changed.
04-15 15:00:06.676  4244  4244 D WallpaperService: updateSurface forceRelayout=false redrawNeeded=false myWidth=2960 myHeight=2960 fixedSize=true x = 0 y = 0 mWidth=2960 mHeight=2960 mIsSleepMode=false
04-15 15:00:06.676  4244  4244 D ImageWallpaper: onVisibilityChanged: mVisible, visible=false, true
04-15 15:00:06.676  4244  4244 D ImageWallpaper: Visibility changed to visible=true
04-15 15:00:06.676  4244  4244 D ImageWallpaper: newRotation : 1,mLastRotation : 1
04-15 15:00:06.676  4244  4244 D ImageWallpaper: drawFrame:[frame.width()]2960[frame.height()]2960
04-15 15:00:06.676  4244  4244 D ImageWallpaper: surfaceDimensionsChanged=false mDisplayWidth=2960 mDisplayHeight=1440
04-15 15:00:06.676  4244  4244 D ImageWallpaper: mNewKeyboard : 0 mLastKeyboard : 0 mForceDraw = false
04-15 15:00:06.676  4244  4244 D ImageWallpaper: redrawNeeded = false, mOffsetsChanged = false
04-15 15:00:06.676  4244  4244 D ImageWallpaper: Suppressed drawFrame since redraw is not needed and offsets have not changed.
04-15 15:00:06.676  4244  4244 D WallpaperService: reportVisibility onVisibilityChanged visible: true
04-15 15:00:06.676  4244  4244 D WallpaperService: updateSurface forceRelayout=true redrawNeeded=true myWidth=2960 myHeight=2960 fixedSize=true x = 0 y = 0 mWidth=2960 mHeight=2960 mIsSleepMode=false
04-15 15:00:06.676  3777  4563 V WindowManager: Relayout Window{9b4dffa u0 com.android.systemui.ImageWallpaper}: viewVisibility=0 req=2960x2960 WM.LayoutParams{(0,0)(2960x2960) gr=#800033 ty=2013 fl=#10318 fmt=2 wanim=0x103030e colorMode=0 naviIconColor=0}
04-15 15:00:06.679 18246 18246 V InputMethodManager: Starting input: tba=android.view.inputmethod.EditorInfo@1360c2b nm : com.google.android.packageinstaller ic=null
04-15 15:00:06.679 18246 18246 I InputMethodManager: startInputInner - mService.startInputOrWindowGainedFocus
04-15 15:00:06.680  3240  3240 D SurfaceFlinger:   Display[0] configurations (* current):
04-15 15:00:06.680  3240  3240 D SurfaceFlinger:     * 0: 1440x2960, xdpi=562.706970, ydpi=565.293030, refresh=16666666
04-15 15:00:06.680  3240  3240 D SurfaceFlinger:   numHwLayers=6, flags=00000000
04-15 15:00:06.680  3240  3240 D SurfaceFlinger:     type   |  handle  | hint | flag | tr | blnd |   format    |     source crop (l,t,r,b)      |          frame         | name 
04-15 15:00:06.680  3240  3240 D SurfaceFlinger: -----------+----------+------+------+----+------+-------------+--------------------------------+------------------------+------
04-15 15:00:06.680  3240  3240 D SurfaceFlinger:        HWC | 785a7420e0 | 0000 | 0020 | 00 | 0100 | RGB_565     |    0.0,    0.0, 1440.0, 2768.0 |    0,    0, 1440, 2768 | SurfaceView - com.huuuge.stars.slots/com.huuuge.casino.BootActivity@ca9d448@0#0
04-15 15:00:06.680  3240  3240 D SurfaceFlinger:        HWC | 00000000 | 0000 | 0200 | 04 | 0105 | ? ffffffff  |   -0.2,   -0.2,   -0.8,   -0.8 |    0,    0, 1440, 2960 | DimLayerController/Stack=0#0
04-15 15:00:06.680  3240  3240 D SurfaceFlinger:        HWC | 786fe5bd60 | 0000 | 0000 | 00 | 0105 | RGBA_8888   |    0.0,    0.0, 1360.0, 1862.0 |   40,  453, 1400, 2315 | com.google.android.packageinstaller/com.android.packageinstaller.permission.ui.GrantPermissionsActivity#0
04-15 15:00:06.680  3240  3240 D SurfaceFlinger:        HWC | 786fe5abe0 | 0000 | 0000 
04-15 15:00:06.680  3240  3240 D SurfaceFlinger: | 00 | 0105 | RGBA_8888   |    0.0,    0.0, 1440.0,  192.0 |    0, 2768, 1440, 2960 | NavigationBar#0
04-15 15:00:06.680  3240  3240 D SurfaceFlinger:        HWC | 786fe59ec0 | 0000 | 0100 | 00 | 0105 | RGBA_8888   |    0.0,    0.0, 1440.0, 2960.0 |    0,    0, 1440, 2960 | ScreenshotSurface#0
04-15 15:00:06.680  3240  3240 D SurfaceFlinger:  FB TARGET | 786fe558c0 | 0000 | 0000 | 00 | 0105 | RGBA_8888   |    0.0,    0.0, 1440.0, 2960.0 |    0,    0, 1440, 2960 | HWC_FRAMEBUFFER_TARGET
04-15 15:00:06.680  3777 18569 D InputMethodManagerService: startInputOrWindowGainedFocus : windowGainedFocus 
04-15 15:00:06.681 18034 18116 I BranchSDK: Post value = {"app_version":"0.1.305","uri_scheme":"hg-casino","facebook_app_link_checked":false,"is_referrable":1,"update":0,"debug":true,"metadata":{},"hardware_id":"a9a1b9a0-a823-42e3-8ded-308dd7b502e7","is_hardware_id_real":false,"brand":"samsung","model":"SM-G950F","screen_dpi":640,"screen_height":1440,"screen_width":2960,"wifi":true,"os":"Android","os_version":26,"country":"PL","language":"pl","local_ip":"192.168.8.106","environment":"FULL_APP","cd":{"mv":"-1","pn":"com.huuuge.stars.slots"},"instrumentation":{"v1\/install-qwt":"0"},"sdk":"android2.12.1","branch_key":"key_test_keBK3QXqzqQbJpOpldhkIlihztjhbXnD"}
04-15 15:00:06.681  4244  4244 D ImageWallpaper: onSurfaceRedrawNeeded
04-15 15:00:06.681  3777 18569 D PersonaManagerService: getKeyguardShowState of user: 150
04-15 15:00:06.682  3777 18569 D InputMethodManagerService: windowGainedFocus: destinationUserId (getCallingUid) = 0
04-15 15:00:06.682  3777 18569 D InputMethodManagerService: windowGainedFocus: currentUserId=0
04-15 15:00:06.682  3777 18569 D InputMethodManagerService: windowGainedFocus: mCurrentFocusedUserId=0
04-15 15:00:06.682  3777 18569 D PersonaManagerService: getKeyguardShowState of user: 150
04-15 15:00:06.682  3777 18569 D InputMethodManagerService: windowGainedFocus : lock - currentUserId = 0 destinationUserId = 0
04-15 15:00:06.683  3777 18569 D InputMethodManagerService: windowGainedFocus : mCurrentFocusedUserId - 0 and mSecureKeypadEnabled - false, userSwitched - false
04-15 15:00:06.684  4244  4244 D ImageWallpaper: newRotation : 1,mLastRotation : 1
04-15 15:00:06.684  4244  4244 D ImageWallpaper: drawFrame:[frame.width()]2960[frame.height()]2960
04-15 15:00:06.684  4244  4244 D ImageWallpaper: surfaceDimensionsChanged=false mDisplayWidth=2960 mDisplayHeight=1440
04-15 15:00:06.684  4244  4244 D ImageWallpaper: mNewKeyboard : 0 mLastKeyboard : 0 mForceDraw = false
04-15 15:00:06.684  4244  4244 D ImageWallpaper: redrawNeeded = false, mOffsetsChanged = false
04-15 15:00:06.684  4244  4244 D ImageWallpaper: Suppressed drawFrame since redraw is not needed and offsets have not changed.
04-15 15:00:06.684  4244  4244 D WallpaperService: updateSurface : finish redrawing
04-15 15:00:06.685 18034 18116 I System.out: (HTTPLog)-Static: isSBSettingEnabled false
04-15 15:00:06.685 18034 18116 I System.out: (HTTPLog)-Static: isSBSettingEnabled false
04-15 15:00:06.686  3777  7943 V WindowManager: finishDrawingLocked: mDrawState=COMMIT_DRAW_PENDING Window{9b4dffa u0 com.android.systemui.ImageWallpaper} in Surface(name=com.android.systemui.ImageWallpaper)
04-15 15:00:06.687  3407  3624 D DnsProxyListener: DNSDBG::dns addrinfo af 2
04-15 15:00:06.687  4244  4244 D ImageWallpaper: onOffsetsChanged: xOffset=0.0, yOffset=0.0, xOffsetStep=0.0, yOffsetStep=0.0, xPixels=0, yPixels=0
04-15 15:00:06.688  4244  4244 D ImageWallpaper: newRotation : 1,mLastRotation : 1
04-15 15:00:06.688  4244  4244 D ImageWallpaper: drawFrame:[frame.width()]2960[frame.height()]2960
04-15 15:00:06.688  4244  4244 D ImageWallpaper: surfaceDimensionsChanged=false mDisplayWidth=2960 mDisplayHeight=1440
04-15 15:00:06.688  4244  4244 D ImageWallpaper: mNewKeyboard : 0 mLastKeyboard : 0 mForceDraw = false
04-15 15:00:06.688  4244  4244 D ImageWallpaper: redrawNeeded = false, mOffsetsChanged = false
04-15 15:00:06.688  4244  4244 D ImageWallpaper: Suppressed drawFrame since redraw is not needed and offsets have not changed.
04-15 15:00:06.689  3777  5236 D WindowManager: adjustSystemUiVisibilityLw : vis= 0x18
04-15 15:00:06.690  3777 18569 V InputMethodManagerService: windowGainedFocus : reason=WINDOW_FOCUS_GAIN client=android.os.BinderProxy@e9df41c inputContext=null missingMethods= attribute=android.view.inputmethod.EditorInfo@63d1477 nm = com.google.android.packageinstaller controlFlags=#104 softInputMode=#120 windowFlags=#1a80002
04-15 15:00:06.691  3777  5236 D WindowManager: adjustSystemUiVisibilityLw : vis= 0x8
04-15 15:00:06.691  3777 18569 V InputMethodManagerService: hideCurrentInputLocked : shouldHideSoftInput is false
04-15 15:00:06.692  3777 18569 D InputMethodManagerService: isImeSwitcherDisabledPackage : false
04-15 15:00:06.694  3777 18569 V InputMethodManagerService: Creating new session for client ClientState{f4828e4 uid 10033 pid 18246}
04-15 15:00:06.700  3777  7943 D InputMethodManagerService: setCurrentInputInfo - inputContext : null eidtorInfo : android.view.inputmethod.EditorInfo@63d1477 missingMethods : 0
04-15 15:00:06.706  3777 18569 W StorageManager: getStorageLowBytes lowPercent : 5, lowBytes : 2898018304, maxLowBytes : 524288000
04-15 15:00:06.709  3777  3797 D SamsungPhoneWindowManager: updateSystemUiVisibilityLw : setForceImmersiveBtnVisibility=true
04-15 15:00:06.710  4244  4244 D NavigationBar: setForceImmersiveBtnVisibility visible : true
04-15 15:00:06.710  4244  4244 D SecNavigationBarView: setPinButtonVisibility() shouldshow=true, leftRemoteVisible=false, mAllKeyDisabled=false, isBouncerShowing=false, isUltraPowerSaving=false, isEmergencyMode=false, isDeviceEncrypted=false, isUserSetupComplete : true
04-15 15:00:06.718  3777  3879 I WindowManager: Screen frozen for +3s277ms due to Window{9b4dffa u0 com.android.systemui.ImageWallpaper}
04-15 15:00:06.723  4220  4220 I InputMethodWrapper:  call dispatchStartInputWithToken
04-15 15:00:06.724  4220  4220 I InputMethodService: dispatchStartInputWithToken
04-15 15:00:06.724 18034 18243 I AppsFlyer_4.8.6: IMEI was not collected.
04-15 15:00:06.728  4220  4220 I SKBD    : SamsungKeypad [IMI] onStartInput - caller pid : 18246, caller uid : 10033
04-15 15:00:06.729  4220  4220 I SKBD    : SamsungKeypad  CACHEDIC onStartInput  isCachedICEnabled:  false
04-15 15:00:06.730  4220  4220 I SKBD    : aqs getDefaultInputRange : UNKNOWN
04-15 15:00:06.730  4220  4220 I SKBD    : ato resetBinderManager()
04-15 15:00:06.730  4220  4220 I SKBD_SYNC: SamsungKeypad onStartInput: import DLM
04-15 15:00:06.731  4220  4220 I SKBD    : aqs setPrivateImeOptionsToTable privateImeOptions ( null )
04-15 15:00:06.731  4220  4220 I SKBD    : aqs imeOptions is null
04-15 15:00:06.735 18034 18243 I AppsFlyer_4.8.6: Android ID was not collected.
04-15 15:00:06.744  3240  3240 D SurfaceFlinger:   Display[0] configurations (* current):
04-15 15:00:06.744  3240  3240 D SurfaceFlinger:     * 0: 1440x2960, xdpi=562.706970, ydpi=565.293030, refresh=16666666
04-15 15:00:06.744  3240  3240 D SurfaceFlinger:   numHwLayers=7, flags=00000000
04-15 15:00:06.744  3240  3240 D SurfaceFlinger:     type   |  handle  | hint | flag | tr | blnd |   format    |     source crop (l,t,r,b)      |          frame         | name 
04-15 15:00:06.744  3240  3240 D SurfaceFlinger: -----------+----------+------+------+----+------+-------------+--------------------------------+------------------------+------
04-15 15:00:06.744  3240  3240 D SurfaceFlinger:        HWC | 786fe5b040 | 0000 | 0020 | 00 | 0100 | RGBx_8888   |  760.0,    0.0, 2200.0, 2960.0 |    0,    0, 1440, 2960 | com.android.systemui.ImageWallpaper#0
04-15 15:00:06.744  3240  3240 D SurfaceFlinger:        HWC | 785a7420e0 | 0000 | 0020 | 00 | 0100 | RGB_565     |    0.0,    0.0, 1440.0, 2768.0 |    0,    0, 1440, 2768 | SurfaceView - com.huuuge.stars.slots/com.huuuge.casino.BootActivity@ca9d448@0#0
04-15 15:00:06.744  3240  3240 D SurfaceFlinger:        HWC | 00000000 | 0000 | 0200 | 04 | 0105 | ? ffffffff  |   -0.2,   -0.2,   -0.8,   -0.8 |    0,    0, 1440, 2960 | DimLayerController/Stack=0#0
04-15 15:00:06.744  3240  3240 D SurfaceFlinger:        HWC | 786fe5bd60 | 0000 | 0000 | 00 | 0105 | RGBA_8888   |    0.0,    0.0, 1360.0, 1862.0 |   40,  
04-15 15:00:06.745  3240  3240 D SurfaceFlinger: 453, 1400, 2315 | com.google.android.packageinstaller/com.android.packageinstaller.permission.ui.GrantPermissionsActivity#0
04-15 15:00:06.745  3240  3240 D SurfaceFlinger:        HWC | 786fe5abe0 | 0000 | 0000 | 00 | 0105 | RGBA_8888   |    0.0,    0.0, 1440.0,  192.0 |    0, 2768, 1440, 2960 | NavigationBar#0
04-15 15:00:06.745  3240  3240 D SurfaceFlinger:        HWC | 786fe59ec0 | 0000 | 0100 | 00 | 0105 | RGBA_8888   |    0.0,    0.0, 1440.0, 2960.0 |    0,    0, 1440, 2960 | ScreenshotSurface#0
04-15 15:00:06.745  3240  3240 D SurfaceFlinger:  FB TARGET | 786fe558c0 | 0000 | 0000 | 00 | 0105 | RGBA_8888   |    0.0,    0.0, 1440.0, 2960.0 |    0,    0, 1440, 2960 | HWC_FRAMEBUFFER_TARGET
04-15 15:00:06.745  3240  3240 I SurfaceFlinger: id=5871 createSurf (2880x2960),-1 flag=20004, BlackSurface#0
04-15 15:00:06.747  3240  3240 D SurfaceFlinger: duplicate layer name: changing BlackSurface to BlackSurface#1
04-15 15:00:06.748  3240  3240 I SurfaceFlinger: id=5872 createSurf (1440x5920),-1 flag=20004, BlackSurface#1
04-15 15:00:06.751  3777  5236 D ConnectivityService: filterNetworkStateForUid() uid: 10082 networkInfo: [type: WIFI_P2P[] - WIFI_P2P, state: DISCONNECTED/DISCONNECTED, reason: (unspecified), extra: (none), failover: false, available: true, roaming: false, metered: false]
04-15 15:00:06.758  3777  5236 D ConnectivityService: filterNetworkStateForUid() uid: 10082 networkInfo: [type: WIFI[] - WIFI, state: CONNECTED/CONNECTED, reason: (unspecified), extra: "WLAN-B4G0MB", failover: false, available: true, roaming: false, metered: false]
04-15 15:00:06.761  3240  3240 D SurfaceFlinger: duplicate layer name: changing BlackSurface to BlackSurface#1
04-15 15:00:06.761  3240  3240 I SurfaceFlinger: id=5873 createSurf (2880x2960),-1 flag=20004, BlackSurface#1
04-15 15:00:06.762 18034 18243 D AppsFlyer_4.8.6: AppsFlyer: first launch detected
04-15 15:00:06.764 18034 18243 I AppsFlyer_4.8.6: AppsFlyer: first launch date: 2018-04-15_130006+0000
04-15 15:00:06.768  4220  4220 I SKBD    : SamsungKeypad [PF_OP][onStartInput] 40734923
04-15 15:00:06.773 18034 18243 D AppsFlyer_4.8.6: didConfigureTokenRefreshService=false
04-15 15:00:06.774  3240  3240 D SurfaceFlinger: duplicate layer name: changing BlackSurface to BlackSurface#2
04-15 15:00:06.775  3240  3240 I SurfaceFlinger: id=5874 createSurf (1440x5920),-1 flag=20004, BlackSurface#2
04-15 15:00:06.776 18034 18243 I AppsFlyer_4.8.6: AppsFlyerLib.sendTrackingWithEvent
04-15 15:00:06.780  3777  3879 D InputDispatcher: setInputDispatchMode: enabled=1, frozen=0
04-15 15:00:06.781 18034 18243 D AppsFlyer_4.8.6: Install referrer is allowed
04-15 15:00:06.782 18034 18243 I AppsFlyer_4.8.6: url: https://t.appsflyer.com/api/v4/androidevent?buildnumber=4.8.6&app_id=com.huuuge.stars.slots
04-15 15:00:06.782  3777  3935 D MdnieScenarioControlService:  packageName : com.google.android.packageinstaller    className : com.android.packageinstaller.permission.ui.GrantPermissionsActivity
04-15 15:00:06.782  3777  3935 V MdnieScenarioControlService: setUIMode from UI function(3)
04-15 15:00:06.782 18034 18243 I AppsFlyer_4.8.6: data: {"country":"PL","af_timestamp":"1523797205736","appsflyerKey":"x********************k","af_events_api":"1","isFirstCall":"true","registeredUninstall":false,"network":"WIFI","timepassedsincelastlaunch":"-1","af_v2":"75d08e563aaa5fbfb305a59a5d45d4301dd065ad","uid":"1523458242255-6610177762683003557","isGaidWithGps":"true","lang_code":"pl","installDate":"2018-04-11_145042+0000","app_version_code":"305","firstLaunchDate":"2018-04-15_130006+0000","model":"SM-G950F","lang":"polski","brand":"samsung","batteryLevel":"28.0","deviceType":"user","product":"dreamltexx","af_sdks":"0001000000","deviceData":{"sensors":[{"sT":4,"sVS":[-0.006200282,-0.017315585,-0.0012797627],"sN":"LSM6DSL Gyroscope Sensor","sV":"STM","sVE":[0.015790867,0.04010575,-0.001890628]},{"sT":1,"sVS":[-0.62251145,0.05027977,9.747093],"sN":"LSM6DSL Acceleration Sensor","sV":"STM","sVE":[-0.7326481,0.117319465,9.792584]},{"sT":2,"sVS":[13.74,-29.82,-19.08],"sN":"AK09916C Magnetic field Sensor","sV":"Asahi Kasei Microdevices","sVE":[13.259999,-28.56,-19.38]}],"cpu_abi":"arm64-v8a","build_display_id":"R16NW.G950FXXU1CRC7","btch":"usb","arch":"","btl":"28.0","cpu_abi2":""},"date2":"2018-04-11_145042+0000","counter":"1","date1":"2018-04-11_145042+0000","advertiserId":"fa1cce18-0256-4dd3-93ef-3fffc0f72f0a","advertiserIdEnabled":"true","af_v":"53b4e162885ba41939c7301e210ce37f9b595fb6","af_preinstalled":"false","iaecounter":"0","tokenRefreshConfigured":false,"sdk":"26","fb":"d2a06474-d6fa-4450-b744-bd5a55798ec8","app_version_name":"0.1.305","device":"dreamlte","platformextension":"android_native","rfr":{"val":"utm_source=google-play&utm_medium=organic","code":"0","clk":"0","install":"0"}}
04-15 15:00:06.783  3216 13759 D audio_hw_primary_abox: device-adev_set_parameters: enter with key(display_rotation=1)
04-15 15:00:06.783 18034 18243 I System.out: (HTTPLog)-Static: isSBSettingEnabled false
04-15 15:00:06.783 18034 18243 I System.out: (HTTPLog)-Static: isSBSettingEnabled false
04-15 15:00:06.783  3216 13759 D audio_hw_primary_abox: device-adev_set_parameters: exit
04-15 15:00:06.785 18246 18246 V InputMethodManager: Starting input: tba=android.view.inputmethod.EditorInfo@ffa7888 nm : com.google.android.packageinstaller ic=null
04-15 15:00:06.785  3407  3624 D DnsProxyListener: DNSDBG::dns addrinfo af 2
04-15 15:00:06.787  3777  5236 V WindowManager: Relayout Window{6ecdd77 u0 InputMethod}: viewVisibility=8 req=2960x192 WM.LayoutParams{(0,0)(fillxwrap) gr=#50 sim=#20 ty=2011 fl=#800108 pfl=0x1000000 fmt=-2 wanim=0x7f0e00e1 vsysui=0x310 needsMenuKey=2 colorMode=0 naviIconColor=0 sfl=0x800}
04-15 15:00:06.788 18320 18355 D libEGL  : loaded /vendor/lib64/egl/libGLES_mali.so
04-15 15:00:06.789  3777  3797 D WindowManager: set systemUiVisibility : systemUiFlags= 0x100a fullscreenStackSysUiFlags= 0x0
04-15 15:00:06.794  3397  3553 V MultiRecordManager: setParameters(): io 0, keyvalue display_rotation=1, calling pid 3777
04-15 15:00:06.799  4244  4244 D WallpaperService: updateSurface forceRelayout=true redrawNeeded=false myWidth=2960 myHeight=2960 fixedSize=true x = 0 y = 0 mWidth=2960 mHeight=2960 mIsSleepMode=false
04-15 15:00:06.801  3777  5229 V WindowManager: Relayout Window{9b4dffa u0 com.android.systemui.ImageWallpaper}: viewVisibility=0 req=2960x2960 WM.LayoutParams{(0,0)(2960x2960) gr=#800033 ty=2013 fl=#10318 fmt=2 wanim=0x103030e colorMode=0 naviIconColor=0}
04-15 15:00:06.802  4220  4220 D ViewRootImpl@9d96424[InputMethod]: Relayout returned: old=[0,896][1440,2960] new=[0,896][1440,2960] result=0x1 surface={valid=false 0} changed=false
04-15 15:00:06.810 18320 18320 D BixbyApi_0.2.5: isBixbySupported:true
04-15 15:00:06.812  3777  7943 D WindowManager: adjustSystemUiVisibilityLw : vis= 0x100a
04-15 15:00:06.814  3777 18569 V WindowManager: Relayout Window{8ee67b5 u0 com.huuuge.stars.slots/com.huuuge.casino.BootActivity}: viewVisibility=0 req=2960x1440 WM.LayoutParams{(0,0)(fillxfill) sim=#23 ty=1 fl=#1810500 pfl=0x1020000 fmt=-3 wanim=0x1030001 vsysui=0x1714 needsMenuKey=2 colorMode=0 naviIconColor=0}
04-15 15:00:06.815  4244  4244 D ImageWallpaper: onOffsetsChanged: xOffset=0.0, yOffset=0.0, xOffsetStep=0.0, yOffsetStep=0.0, xPixels=0, yPixels=0
04-15 15:00:06.816  4244  4244 D ImageWallpaper: newRotation : 1,mLastRotation : 1
04-15 15:00:06.816  4244  4244 D ImageWallpaper: drawFrame:[frame.width()]2960[frame.height()]2960
04-15 15:00:06.822  3240  3240 D SurfaceFlinger:   Display[0] configurations (* current):
04-15 15:00:06.822  3240  3240 D SurfaceFlinger:     * 0: 1440x2960, xdpi=562.706970, ydpi=565.293030, refresh=16666666
04-15 15:00:06.822  3240  3240 D SurfaceFlinger:   numHwLayers=6, flags=00000000
04-15 15:00:06.822  3240  3240 D SurfaceFlinger:     type   |  handle  | hint | flag | tr | blnd |   format    |     source crop (l,t,r,b)      |          frame         | name 
04-15 15:00:06.822  3240  3240 D SurfaceFlinger: -----------+----------+------+------+----+------+-------------+--------------------------------+------------------------+------
04-15 15:00:06.822  3240  3240 D SurfaceFlinger:        HWC | 786fe5b040 | 0000 | 0020 | 07 | 0100 | RGBx_8888   |    1.0,  760.0, 2959.0, 2200.0 |    0,    0, 1440, 2960 | com.android.systemui.ImageWallpaper#0
04-15 15:00:06.822  3240  3240 D SurfaceFlinger:       GLES | 785a7422a0 | 0000 | 0020 | 07 | 0100 | RGB_565     |    0.0,  760.0, 1440.0, 2200.0 |    0,  759, 1440, 2201 | SurfaceView - com.huuuge.stars.slots/com.huuuge.casino.BootActivity@ca9d448@0#0
04-15 15:00:06.822  3240  3240 D SurfaceFlinger:       GLES | 00000000 | 0000 | 0200 | 04 | 0105 | ? ffffffff  |   -0.2,   -0.2,   -0.8,   -0.8 |    0,    0, 1440, 2960 | DimLayerController/Stack=0#0
04-15 15:00:06.822  3240  3240 D SurfaceFlinger:       GLES | 786fe5bba0 | 0000 | 0000 | 07 | 0105 | RGBA_8888   |    0.0,  292.0, 1360.0, 1730.0 |    0,  
04-15 15:00:06.823  3240  3240 D SurfaceFlinger: 799, 1440, 2161 | com.google.android.packageinstaller/com.android.packageinstaller.permission.ui.GrantPermissionsActivity#0
04-15 15:00:06.823  3240  3240 D SurfaceFlinger:        HWC | 786fe59ec0 | 0000 | 0100 | 00 | 0105 | RGBA_8888   |    0.0,    0.0, 1440.0, 2960.0 |    0,    0, 1440, 2960 | ScreenshotSurface#0
04-15 15:00:06.823  3240  3240 D SurfaceFlinger:  FB TARGET | 786fe55d20 | 0000 | 0000 | 00 | 0105 | RGBA_8888   |    0.0,    0.0, 1440.0, 2960.0 |    0,    0, 1440, 2960 | HWC_FRAMEBUFFER_TARGET
04-15 15:00:06.824  3777  3777 D CustomFrequencyManagerService: releaseDVFSLockLocked : Getting Lock type frm List : DVFS_MIN_LIMIT  frequency : 1807000  uid : 1000  pid : 3777  tag : AMS_RESUME_TAIL@CPU_MIN@64
04-15 15:00:06.838 18034 18034 D ViewRootImpl@a8e712e[BootActivity]: Relayout returned: old=[0,0][2960,1440] new=[0,0][2960,1440] result=0x1 surface={valid=true 3379314688} changed=false
04-15 15:00:06.838  3240  3240 D SurfaceFlinger:   Display[0] configurations (* current):
04-15 15:00:06.838  3240  3240 D SurfaceFlinger:     * 0: 1440x2960, xdpi=562.706970, ydpi=565.293030, refresh=16666666
04-15 15:00:06.838  3240  3240 D SurfaceFlinger:   numHwLayers=11, flags=00000000
04-15 15:00:06.838  3240  3240 D SurfaceFlinger:     type   |  handle  | hint | flag | tr | blnd |   format    |     source crop (l,t,r,b)      |          frame         | name 
04-15 15:00:06.838  3240  3240 D SurfaceFlinger: -----------+----------+------+------+----+------+-------------+--------------------------------+------------------------+------
04-15 15:00:06.838  3240  3240 D SurfaceFlinger:       GLES | 786fe5b040 | 0000 | 0021 | 00 | 0100 | RGBx_8888   |    0.0,  348.0, 2960.0, 2612.0 |    0,    0, 1440, 2960 | com.android.systemui.ImageWallpaper#0
04-15 15:00:06.838  3240  3240 D SurfaceFlinger:       GLES | 00000000 | 0000 | 0221 | 00 | 0105 | ? ffffffff  |   -0.2,    0.0,   -0.8,   -1.0 |    0,  483, 1440, 2478 | Background for - SurfaceView - com.huuuge.stars.slots/com.huuuge.casino.BootActivity@ca9d448@0#0
04-15 15:00:06.838  3240  3240 D SurfaceFlinger:       GLES | 785a742460 | 0000 | 0021 | 00 | 0100 | RGB_565     |    0.0,  452.0, 1440.0, 2508.0 |    0,  483, 1440, 2478 | SurfaceView - com.huuuge.stars.slots/com.huuuge.casino.BootActivity@ca9d448@0#0
04-15 15:00:06.838  3240  3240 D SurfaceFlinger:       GLES | 00000000 | 0000 | 0200 |
04-15 15:00:06.838  3240  3240 D SurfaceFlinger:  04 | 0105 | ? ffffffff  |   -0.2,   -0.2,   -0.8,   -0.8 |    0,    0, 1440, 2960 | DimLayerController/Stack=0#0
04-15 15:00:06.838  3240  3240 D SurfaceFlinger:       GLES | 786fe5bba0 | 0000 | 0001 | 00 | 0105 | RGBA_8888   |    0.0,   39.0, 1360.0, 1862.0 |    0,  536, 1440, 2384 | com.google.android.packageinstaller/com.android.packageinstaller.permission.ui.GrantPermissionsActivity#0
04-15 15:00:06.838  3240  3240 D SurfaceFlinger:       GLES | 786fe59ec0 | 0000 | 0101 | 00 | 0105 | RGBA_8888   |    0.0,    0.0, 1440.0, 2960.0 |    0,    0, 1440, 2960 | ScreenshotSurface#0
04-15 15:00:06.838  3240  3240 D SurfaceFlinger:       GLES | 00000000 | 0000 | 0201 | 00 | 0105 | ? ffffffff  |   -0.4,   -0.9,   -0.9,   -1.0 |   41,    0, 1440,  326 | BlackSurface#0
04-15 15:00:06.838  3240  3240 D SurfaceFlinger:       GLES | 00000000 | 0000 | 0201 | 00 | 0105 | ? ffffffff  |   -0.8,   -0.0,   -1.0,   -0.6 |    0,    0,  279, 2771 | BlackSurface#1
04-15 15:00:06.838  3240  3240 D SurfaceFlinger:       GLES | 00000000 | 0000 | 0201 | 00 | 0105 | ? ffffffff  |   -0.1,    0.0,   -0.6,   -0.1 |    0, 2634, 1399, 2960 | BlackSurface#1
04-15 15:00:06.838  3240  3240 D SurfaceFlinger:       GLES | 00000000 | 0000 | 0201 | 00 | 0105 | ? ffffffff  |    0.0,   -0.4,   -0.2,   -1.0 | 1161,  189, 1440, 2960 | Bl
04-15 15:00:06.838  3240  3240 D SurfaceFlinger: ackSurface#2
04-15 15:00:06.838  3240  3240 D SurfaceFlinger:  FB TARGET | 786fe55b60 | 0000 | 0000 | 00 | 0105 | RGBA_8888   |    0.0,    0.0, 1440.0, 2960.0 |    0,    0, 1440, 2960 | HWC_FRAMEBUFFER_TARGET
04-15 15:00:06.839  4244  4244 D ImageWallpaper: surfaceDimensionsChanged=false mDisplayWidth=2960 mDisplayHeight=1440
04-15 15:00:06.839  4244  4244 D ImageWallpaper: mNewKeyboard : 0 mLastKeyboard : 0 mForceDraw = false
04-15 15:00:06.839  4244  4244 D ImageWallpaper: redrawNeeded = false, mOffsetsChanged = false
04-15 15:00:06.839  4244  4244 D ImageWallpaper: Suppressed drawFrame since redraw is not needed and offsets have not changed.
04-15 15:00:06.840  4244  4244 D ViewRootImpl@491ce19[NavBarTouchConsumer]: MSG_RESIZED: frame=Rect(2937, 0 - 2960, 1440) ci=Rect(0, 0 - 0, 0) vi=Rect(0, 0 - 0, 0) or=2
04-15 15:00:06.843 17838 17866 I zygote64: WaitForGcToComplete blocked for 190.809ms for cause ProfileSaver
04-15 15:00:06.852  4220  4220 I SKBD    : putCacheDrawable inputModule=0 key =ICON_SETTING
04-15 15:00:06.854 18320 18320 D SamsungAnalytics:110038: cf feature is supported
04-15 15:00:06.862  3240  3240 D SurfaceFlinger:   Display[0] configurations (* current):
04-15 15:00:06.862  3240  3240 D SurfaceFlinger:     * 0: 1440x2960, xdpi=562.706970, ydpi=565.293030, refresh=16666666
04-15 15:00:06.862  3240  3240 D SurfaceFlinger:   numHwLayers=12, flags=00000000
04-15 15:00:06.862  3240  3240 D SurfaceFlinger:     type   |  handle  | hint | flag | tr | blnd |   format    |     source crop (l,t,r,b)      |          frame         | name 
