04-13 14:48:00.874  1249  1249 D CustomFrequencyManagerService: releaseDVFSLockLocked : Getting Lock type frm List : DVFS_MIN_LIMIT  frequency : 1804800  uid : 1000  pid : 1249  tag : AMS_APP_HOME@CPU_MIN@15
04-13 14:48:00.938  1249  1272 I WindowManager_SurfaceController: Destroying surface Surface(name=SurfaceView - com.huuuge.stars.slots/com.huuuge.casino.BootActivity) called by com.android.server.wm.WindowStateAnimator.destroySurface:2958 com.android.server.wm.WindowStateAnimator.destroySurfaceLocked:1132 com.android.server.wm.WindowState.destroyOrSaveSurface:2709 com.android.server.wm.AppWindowToken.destroySurfaces:425 com.android.server.wm.AppWindowToken.destroySurfaces:389 com.android.server.wm.WindowStateAnimator.finishExit:698 com.android.server.wm.WindowStateAnimator.finishExit:614 com.android.server.wm.WindowStateAnimator.stepAnimationLocked:583 
04-13 14:48:00.938   460  1466 I SurfaceFlinger: id=699 Removed CootActivit (3/11)
04-13 14:48:00.939   460   472 I SurfaceFlinger: id=700 Removed CootActivit (2/10)
04-13 14:48:00.940  1249  1272 I WindowManager_SurfaceController: Destroying surface Surface(name=com.huuuge.stars.slots/com.huuuge.casino.BootActivity) called by com.android.server.wm.WindowStateAnimator.destroySurface:2958 com.android.server.wm.WindowStateAnimator.destroySurfaceLocked:1132 com.android.server.wm.WindowState.destroyOrSaveSurface:2709 com.android.server.wm.AppWindowToken.destroySurfaces:425 com.android.server.wm.AppWindowToken.destroySurfaces:389 com.android.server.wm.WindowStateAnimator.finishExit:698 com.android.server.wm.WindowStateAnimator.stepAnimationLocked:583 com.android.server.wm.WindowAnimator.updateWindowsLocked:443 
04-13 14:48:00.941   460  7062 I SurfaceFlinger: id=697 Removed CootActivit (2/9)
04-13 14:48:00.944   460  7062 I SurfaceFlinger: id=700 Removed CootActivit (-2/9)
04-13 14:48:00.944   460  7062 I SurfaceFlinger: id=699 Removed CootActivit (-2/9)
04-13 14:48:00.944   460  7062 I SurfaceFlinger: id=697 Removed CootActivit (-2/9)
04-13 14:48:00.964  1249  1264 D ActivityTrigger: ActivityTrigger activityStopTrigger 
04-13 14:48:00.968  1249  1272 D KnoxTimeoutHandler: notifyActivityDrawn [MsgParam] userId: 0 fullscreen is true showWhenlocked is false isMutiwindowRecord is false multiwindowstyle is 0
04-13 14:48:00.968  1249  1249 D KnoxTimeoutHandler: activityDrawn [MsgParam] userId: 0 fullscreen is true showWhenlocked is false isMutiwindowRecord is false multiwindowstyle is 0
04-13 14:48:00.970  1249  1249 I KnoxTimeoutHandler: SD activityfalse
04-13 14:48:00.970  1249  1249 I KnoxTimeoutHandler: Fullscreen and mCurrent is not KNOX user. Hence hide keyguard
04-13 14:48:01.106  1249  1432 D MdnieScenarioControlService:  packageName : com.sec.android.app.launcher    className : com.sec.android.app.launcher.activities.LauncherActivity
04-13 14:48:01.106  1249  1432 V MdnieScenarioControlService: setUIMode from UI function(2)
04-13 14:48:01.168 10913 10945 W InstanceID/Rpc: Found 10012
04-13 14:48:01.187  1249  1260 D CompatibilityInfo: mCompatibilityFlags - 4
04-13 14:48:01.187  1249  1260 D CompatibilityInfo: applicationDensity - 320
04-13 14:48:01.187  1249  1260 D CompatibilityInfo: applicationScale - 1.0
04-13 14:48:01.225  1249  2594 D CompatibilityInfo: mCompatibilityFlags - 4
04-13 14:48:01.225  1249  2594 D CompatibilityInfo: applicationDensity - 320
04-13 14:48:01.226  1249  2594 D CompatibilityInfo: applicationScale - 1.0
04-13 14:48:01.228  2288  8937 I System.out: (HTTPLog)-Static: isSBSettingEnabled false
04-13 14:48:01.228  2288  8937 I System.out: (HTTPLog)-Static: isSBSettingEnabled false
04-13 14:48:01.230   591  1242 D Netd    : getNetworkForDns: using netid 502 for uid 10012
04-13 14:48:01.230   591  1242 D DnsProxyListener: DNSDBG::dns addrinfo af 2
04-13 14:48:01.267  2288  8937 W Conscrypt: Could not set socket write timeout: java.lang.reflect.InvocationTargetException
04-13 14:48:01.268  2288  8937 W Conscrypt: 	at java.lang.reflect.Method.invoke(Native Method)
04-13 14:48:01.268  2288  8937 W Conscrypt: 	at com.google.android.gms.org.conscrypt.Platform.setSocketWriteTimeout(:com.google.android.gms@12521022@12.5.21 (040406-189987672):13)
04-13 14:48:01.268  2288  8937 W Conscrypt: Caused by: android.system.ErrnoException: setsockopt failed: EBADF (Bad file descriptor)
04-13 14:48:01.268  2288  8937 W Conscrypt: 	at libcore.io.Posix.setsockoptTimeval(Native Method)
04-13 14:48:01.268  2288  8937 W Conscrypt: 	at libcore.io.ForwardingOs.setsockoptTimeval(ForwardingOs.java:157)
04-13 14:48:01.360  2288  8937 W Conscrypt: Could not set socket write timeout: java.lang.reflect.InvocationTargetException
04-13 14:48:01.360  2288  8937 W Conscrypt: 	at java.lang.reflect.Method.invoke(Native Method)
04-13 14:48:01.360  2288  8937 W Conscrypt: 	at com.google.android.gms.org.conscrypt.Platform.setSocketWriteTimeout(:com.google.android.gms@12521022@12.5.21 (040406-189987672):13)
04-13 14:48:01.361  2288  8937 W Conscrypt: Caused by: android.system.ErrnoException: setsockopt failed: EBADF (Bad file descriptor)
04-13 14:48:01.361  2288  8937 W Conscrypt: 	at libcore.io.Posix.setsockoptTimeval(Native Method)
04-13 14:48:01.361  2288  8937 W Conscrypt: 	at libcore.io.ForwardingOs.setsockoptTimeval(ForwardingOs.java:157)
04-13 14:48:01.380   477   483 D DrmLibTime: got the req here! ret=0
04-13 14:48:01.380   477   483 D DrmLibTime: command id, time_cmd_id = 770
04-13 14:48:01.380   477   483 D DrmLibTime: time_getutcsec starts!
04-13 14:48:01.380   477   483 D DrmLibTime: QSEE Time Listener: time_getutcsec
04-13 14:48:01.380   477   483 D DrmLibTime: QSEE Time Listener: get_utc_seconds
04-13 14:48:01.380   477   483 D DrmLibTime: QSEE Time Listener: time_get_modem_time
04-13 14:48:01.380   477   483 D DrmLibTime: QSEE Time Listener: Checking if ATS_MODEM is set or not.
04-13 14:48:01.380   477   483 D QC-time-services: Lib:time_genoff_operation: pargs->base = 13
04-13 14:48:01.380   477   483 D QC-time-services: Lib:time_genoff_operation: pargs->operation = 2
04-13 14:48:01.380   477   483 D QC-time-services: Lib:time_genoff_operation: pargs->ts_val = 0
04-13 14:48:01.380   477   483 D QC-time-services: Lib:time_genoff_operation: Send to server  passed!!
04-13 14:48:01.381   657   679 D QC-time-services: Daemon: Connection accepted:time_genoff
04-13 14:48:01.382   657 11030 D QC-time-services: Daemon: genoff_handler: Process name is qseecomd
04-13 14:48:01.382   657 11030 E QC-time-services: Daemon:genoff_handler: Socket client is not qualcomm time service, uid: 1000, pid: 477
04-13 14:48:01.382   477   483 E QC-time-services: Receive Passed == base = 0, unit = 0, operation = 2, result = -1
04-13 14:48:01.382   477   483 D DrmLibTime: QSEE Time Listener: ATS_MODEM is not set. Fallback to Android system time.
04-13 14:48:01.382   477   483 D DrmLibTime: QSEE Time Listener: Retrieved Android system time: 1523623681
04-13 14:48:01.382   477   483 D DrmLibTime: time_getutcsec returns 0, sec = 1523623681; nsec = 0
04-13 14:48:01.382   477   483 D DrmLibTime: time_getutcsec finished! 
04-13 14:48:01.382   477   483 D DrmLibTime: iotcl_continue_command finished! and return 0 
04-13 14:48:01.382   477   483 D DrmLibTime: before calling ioctl to read the next time_cmd
04-13 14:48:01.382   657   679 E QC-time-services: Daemon: Time-services: Waiting to acceptconnection
04-13 14:48:01.409 10913 10944 I BranchSDK: posting to https://api.branch.io/v1/install
04-13 14:48:01.410 10913 10944 I BranchSDK: Post value = {"app_version":"0.1.310","uri_scheme":"hg-casino","facebook_app_link_checked":false,"is_referrable":1,"update":0,"debug":true,"metadata":{},"hardware_id":"af89491b-ab75-459f-9cfb-2ce834a22a49","is_hardware_id_real":false,"brand":"samsung","model":"SM-T713","screen_dpi":320,"screen_height":1536,"screen_width":2048,"wifi":true,"os":"Android","os_version":24,"country":"US","language":"en","local_ip":"192.168.67.185","environment":"FULL_APP","cd":{"mv":"-1","pn":"com.huuuge.stars.slots"},"instrumentation":{"v1\/install-qwt":"0"},"sdk":"android2.12.1","branch_key":"key_test_keBK3QXqzqQbJpOpldhkIlihztjhbXnD"}
04-13 14:48:01.410 10913 10944 I System.out: (HTTPLog)-Static: isSBSettingEnabled false
04-13 14:48:01.410 10913 10944 I System.out: (HTTPLog)-Static: isSBSettingEnabled false
04-13 14:48:01.411   591  1242 D Netd    : getNetworkForDns: using netid 502 for uid 10580
04-13 14:48:01.411   591  1242 D DnsProxyListener: DNSDBG::dns addrinfo af 2
04-13 14:48:01.451 10913 10978 W AppsFlyer_4.8.6: Exception while collecting facebook's attribution ID. 
04-13 14:48:01.457 10913 10978 I AppsFlyer_4.8.6: IMEI was not collected.
04-13 14:48:01.462 10913 10978 I AppsFlyer_4.8.6: Android ID was not collected.
04-13 14:48:01.472 10913 10978 D AppsFlyer_4.8.6: AppsFlyer: first launch detected
04-13 14:48:01.473 10913 10978 I AppsFlyer_4.8.6: AppsFlyer: first launch date: 2018-04-13_124801+0000
04-13 14:48:01.480 10913 10978 D AppsFlyer_4.8.6: didConfigureTokenRefreshService=false
04-13 14:48:01.487 10913 10978 I AppsFlyer_4.8.6: AppsFlyerLib.sendTrackingWithEvent
04-13 14:48:01.491 10913 10978 D AppsFlyer_4.8.6: Install referrer is allowed
04-13 14:48:01.493 10913 10978 I AppsFlyer_4.8.6: url: https://t.appsflyer.com/api/v4/androidevent?buildnumber=4.8.6&app_id=com.huuuge.stars.slots
04-13 14:48:01.495 10913 10978 I AppsFlyer_4.8.6: data: {"device":"gts28vewifi","firstLaunchDate":"2018-04-13_124801+0000","installDate":"2018-04-13_113027+0000","sdk":"24","batteryLevel":"74.0","date1":"2018-04-13_113027+0000","tokenRefreshConfigured":false,"af_preinstalled":"false","advertiserIdEnabled":"true","af_sdks":"0001000000","iaecounter":"0","appsflyerKey":"x********************k","lang_code":"en","registeredUninstall":false,"app_version_name":"0.1.310","lang":"English","timepassedsincelastlaunch":"-1","advertiserId":"e2126cc8-fb67-4968-9523-8892f0fd8d46","isGaidWithGps":"true","deviceData":{"btch":"usb","build_display_id":"NRD90M.T713XXU2BQI1","arch":"","cpu_abi":"arm64-v8a","btl":"74.0","cpu_abi2":"","sensors":[{"sT":2,"sV":"Yamaha Corporation","sVE":[-5.3499994,-8.429999,-10.049999],"sVS":[-5.2,-10.159999,-7.049999],"sN":"YAS539 Magnetometer Sensor"},{"sT":1,"sV":"STMicroelectronics","sVE":[-0.97832805,-1.074008,6.678464],"sVS":[-0.58006,0.034684002,9.780889],"sN":"LSM6DS3 Accelerometer Sensor"},{"sT":4,"sV":"STMicroelectronics","sVE":[-0.005676138,-2.445369E-4,0.013553331],"sVS":[0,0,0],"sN":"LSM6DS3 Gyroscope Sensor"}]},"af_v2":"221bd30326ed2ac45f98c52df56410d9a05b486e","deviceType":"user","af_v":"d8f6215762395d35758d12f106bb90667ee9039f","app_version_code":"310","af_events_api":"1","platformextension":"android_native","network":"WIFI","rfr":{"install":"0","val":"utm_source=google-play&utm_medium=organic","clk":"0","code":"0"},"country":"US","date2":"2018-04-13_113027+0000","brand":"samsung","af_timestamp":"1523623680193","uid":"1523619027152-2592970451191522525","isFirstCall":"true","counter":"1","model":"SM-T713","product":"gts28vewifixx"}
04-13 14:48:01.498 10913 10978 I System.out: (HTTPLog)-Static: isSBSettingEnabled false
04-13 14:48:01.498 10913 10978 I System.out: (HTTPLog)-Static: isSBSettingEnabled false
04-13 14:48:01.499   591  1242 D Netd    : getNetworkForDns: using netid 502 for uid 10580
04-13 14:48:01.500   591  1242 D DnsProxyListener: DNSDBG::dns addrinfo af 2
04-13 14:48:01.595  1249  2611 D SamsungAlarmManager: Cancel Alarm calling from uid:10012 pid :2288 / op:PendingIntent{20ed5ab: PendingIntentRecord{4d4960f com.google.android.gms broadcastIntent}}
04-13 14:48:01.657  1249  1384 D CompatibilityInfo: mCompatibilityFlags - 4
04-13 14:48:01.657  1249  1384 D CompatibilityInfo: applicationDensity - 320
04-13 14:48:01.657  1249  1384 D CompatibilityInfo: applicationScale - 1.0
04-13 14:48:01.666   705   705 I MSM-irqbalance: Decided to move IRQ224 from CPU1 to CPU0
04-13 14:48:01.680  1249  1260 D CompatibilityInfo: mCompatibilityFlags - 4
04-13 14:48:01.680  1249  1260 D CompatibilityInfo: applicationDensity - 320
04-13 14:48:01.680  1249  1260 D CompatibilityInfo: applicationScale - 1.0
04-13 14:48:01.693  1249  2599 D CompatibilityInfo: mCompatibilityFlags - 4
04-13 14:48:01.693  1249  2599 D CompatibilityInfo: applicationDensity - 320
04-13 14:48:01.693  1249  2599 D CompatibilityInfo: applicationScale - 1.0
04-13 14:48:01.700  1249  2620 D SamsungAlarmManager: setInexact Intent (T:2/F:0/AC:false) 20180413T150109 - CU:10012/CP:2288
04-13 14:48:01.704  1249  2613 D CompatibilityInfo: mCompatibilityFlags - 4
04-13 14:48:01.704  1249  2613 D CompatibilityInfo: applicationDensity - 320
04-13 14:48:01.704  1249  2613 D CompatibilityInfo: applicationScale - 1.0
04-13 14:48:01.731  1249  1384 D CompatibilityInfo: mCompatibilityFlags - 4
04-13 14:48:01.731  1249  1384 D CompatibilityInfo: applicationDensity - 320
04-13 14:48:01.731  1249  1384 D CompatibilityInfo: applicationScale - 1.0
04-13 14:48:01.906 10913 10944 I BranchSDK: returned {"session_id":"513322787935583999","identity_id":"513322787952367908","link":"https://w08t.test-app.link?%24identity_id=513322787952367908","data":"{\"+clicked_branch_link\":false,\"+is_first_session\":true}","device_fingerprint_id":"513322787809739966"}
04-13 14:48:01.915 10913 10978 I AppsFlyer_4.8.6: response code: 404
04-13 14:48:01.932 10913 11036 I AppsFlyer_4.8.6: Calling server for attribution url: https://api.appsflyer.com/install_data/v3/com.huuuge.stars.slots?devkey=x********************k&device_id=1523619027152-2592970451191522525
04-13 14:48:01.936 10913 11036 I System.out: (HTTPLog)-Static: isSBSettingEnabled false
04-13 14:48:01.936 10913 11036 I System.out: (HTTPLog)-Static: isSBSettingEnabled false
04-13 14:48:01.938   591  1242 D Netd    : getNetworkForDns: using netid 502 for uid 10580
04-13 14:48:01.938   591  1242 D DnsProxyListener: DNSDBG::dns addrinfo af 2
04-13 14:48:02.071   460   460 W libEGL  : EGLNativeWindowType 0x7f890bac10 disconnect failed
04-13 14:48:02.076  1249  1370 D WifiStateMachine: Current network is: "HuuugeGames" , ID is: 0
04-13 14:48:02.077  1249  1370 D WifiStateMachine: 5GHz mQnsLowerRssiThreshold is recovered, currentRssi = -44
04-13 14:48:02.077  1249  1370 D WifiStateMachine: Current network is 5GHz, bail out...
04-13 14:48:02.288 10913 11036 D AppsFlyer_4.8.6: iscache=null caching conversion data
04-13 14:48:02.289 10913 11036 I AppsFlyer: InstallConversion attribute: af_message = organic install
04-13 14:48:02.289 10913 11036 I AppsFlyer: InstallConversion attribute: af_status = Organic
04-13 14:48:02.289 10913 11036 I AppsFlyer: InstallConversion attribute: is_first_launch = true
04-13 14:48:02.332  1627  1627 E wpa_supplicant: IAPP SNAP_HDR Mismatch
04-13 14:48:02.875  1249  1469 D skia    : Encode PNG Singlethread :     224866 us, width=1228, height=921
04-13 14:48:03.640  1249  2623 D BatteryService: !@BatteryListener : batteryPropertiesChanged!
04-13 14:48:03.640  1249  2623 D BatteryService: level:74, scale:100, status:2, health:2, present:true, voltage: 4093, temperature: 349, technology: Li-ion, AC powered:false, USB powered:true, POGO powered:false, Wireless powered:false, icon:17303700, invalid charger:0, maxChargingCurrent:0, maxChargingVoltage:0, chargeCounter:0
04-13 14:48:03.640  1249  2623 D BatteryService: online:6, current avg:341, charge type:1, power sharing:false, high voltage charger:false, capacity:280000, batterySWSelfDischarging:false, misc_event:0, current_now:582
04-13 14:48:03.641  1249  1249 D BatteryService: Sending ACTION_BATTERY_CHANGED.
04-13 14:48:03.643  1249  1249 D SamsungPhoneWindowManager: ACTION_BATTERY_CHANGED - Level :: 74, battStatus :: 2
04-13 14:48:03.643  1249  1249 D GameManagerService: new battery level: 74
04-13 14:48:03.646  1526  1526 D KeyguardUpdateMonitor: received broadcast android.intent.action.BATTERY_CHANGED
04-13 14:48:03.649  1526  1526 D PowerUI : showing power sharing dialogfalse
04-13 14:48:03.649  1526  1526 D PowerUI : priorPlugType = 2 mPlugType =  2
04-13 14:48:03.649  1526  1526 D PowerUI.Notification: Charging estimate time is not supported and connected cable is not a fast/slow charger, so return!
04-13 14:48:03.652  1526  1526 D BatteryMeterDrawable: isSomethingChanged - false
04-13 14:48:03.652  1526  1526 D BatteryMeterDrawable: isSomethingChanged - false
04-13 14:48:03.652  1526  1526 D BatteryController: onReceive - ACTION_BATTERY_CHANGED : mLevel = 74
04-13 14:48:03.652  1526  1526 D KeyguardUpdateMonitor: handleBatteryUpdate
04-13 14:48:03.656 21265 21265 D charging_screen: Naive charging time: 3744 s
04-13 14:48:04.185  1249  1322 I TLC_TIMA_PKM_measure_kernel: TIMA: response_id = 3
04-13 14:48:04.185  1249  1322 I TLC_TIMA_PKM_measure_kernel: TIMA: response ret = 0, result_ondemand = MSG=Kernel Verification Success;
04-13 14:48:04.189  1526  1526 D NetworkController: updateCarrierText : HuuugeGames
04-13 14:48:04.190  1526  1526 D NetworkController: dynamicallyReduceTextSize : mDisplayMetrics.densityDpi320
04-13 14:48:04.198  1526  1526 D KeyguardUpdateMonitor: received broadcast com.samsung.systemui.ACTION_VOIP_CALL_STATE_CHANGED
04-13 14:48:04.200  1526  1526 D KeyguardClockPage: onRefreshCarrierInfo(pre, now): false, false
04-13 14:48:04.378  1249  3616 D TelephonyManager: getAllCellInfo : Caller (PID / UID / TID): 1249 / 1000 / 3616
04-13 14:48:05.088  1249  1370 D WifiStateMachine: Current network is: "HuuugeGames" , ID is: 0
04-13 14:48:05.088  1249  1370 D WifiStateMachine: 5GHz mQnsLowerRssiThreshold is recovered, currentRssi = -45
04-13 14:48:05.088  1249  1370 D WifiStateMachine: Current network is 5GHz, bail out...
04-13 14:48:06.553  1249  3616 D SSRM:i  : SIOP:: AP = 380, PST = 344 (W:26), CP = 46, LCD = 66
04-13 14:48:06.668   705   705 I MSM-irqbalance: Decided to move IRQ331 from CPU3 to CPU0
04-13 14:48:06.843  1249  1307 D SensorService: [SO] -0.580 0.036 9.810
04-13 14:48:08.102  1249  1370 D WifiStateMachine: Current network is: "HuuugeGames" , ID is: 0
04-13 14:48:08.102  1249  1370 D WifiStateMachine: 5GHz mQnsLowerRssiThreshold is recovered, currentRssi = -46
04-13 14:48:08.102  1249  1370 D WifiStateMachine: Current network is 5GHz, bail out...
04-13 14:48:09.998  1249  3616 D TelephonyManager: getAllCellInfo : Caller (PID / UID / TID): 1249 / 1000 / 3616
04-13 14:48:10.204  1526  1526 D NetworkController: updateCarrierText : HuuugeGames
04-13 14:48:10.205  1526  1526 D NetworkController: dynamicallyReduceTextSize : mDisplayMetrics.densityDpi320
04-13 14:48:10.208  1526  1526 D KeyguardUpdateMonitor: received broadcast com.samsung.systemui.ACTION_VOIP_CALL_STATE_CHANGED
04-13 14:48:10.223  1526  1526 D KeyguardClockPage: onRefreshCarrierInfo(pre, now): false, false
04-13 14:48:10.929 21038 21091 I ReschedulableTimer: [#CMH#] ReschedulableTimer started 
04-13 14:48:11.117  1249  1370 D WifiStateMachine: Current network is: "HuuugeGames" , ID is: 0
04-13 14:48:11.117  1249  1370 D WifiStateMachine: 5GHz mQnsLowerRssiThreshold is recovered, currentRssi = -45
04-13 14:48:11.117  1249  1370 D WifiStateMachine: Current network is 5GHz, bail out...
04-13 14:48:11.206  1526  1526 D NetworkController: updateCarrierText : HuuugeGames
04-13 14:48:11.207  1526  1526 D NetworkController: dynamicallyReduceTextSize : mDisplayMetrics.densityDpi320
04-13 14:48:11.224  1526  1526 D KeyguardUpdateMonitor: received broadcast com.samsung.systemui.ACTION_VOIP_CALL_STATE_CHANGED
04-13 14:48:11.227  1526  1526 D KeyguardClockPage: onRefreshCarrierInfo(pre, now): false, false
04-13 14:48:11.337   460   460 W libEGL  : EGLNativeWindowType 0x7f890bac10 disconnect failed
04-13 14:48:11.667   705   705 I MSM-irqbalance: Decided to move IRQ215 from CPU2 to CPU0
04-13 14:48:12.209  1526  1526 D NetworkController: updateCarrierText : HuuugeGames
04-13 14:48:12.209  1526  1526 D NetworkController: dynamicallyReduceTextSize : mDisplayMetrics.densityDpi320
04-13 14:48:12.223  1526  1526 D KeyguardUpdateMonitor: received broadcast com.samsung.systemui.ACTION_VOIP_CALL_STATE_CHANGED
04-13 14:48:12.225  1526  1526 D KeyguardClockPage: onRefreshCarrierInfo(pre, now): false, false
04-13 14:48:12.561  1249  1836 E Watchdog: !@Sync 850 [2018-04-13 14:48:12.561]
04-13 14:48:13.212  1526  1526 D NetworkController: updateCarrierText : HuuugeGames
04-13 14:48:13.212  1526  1526 D NetworkController: dynamicallyReduceTextSize : mDisplayMetrics.densityDpi320
04-13 14:48:13.216  1526  1526 D KeyguardUpdateMonitor: received broadcast com.samsung.systemui.ACTION_VOIP_CALL_STATE_CHANGED
04-13 14:48:13.228  1526  1526 D KeyguardClockPage: onRefreshCarrierInfo(pre, now): false, false
04-13 14:48:13.679  1249  1259 D BatteryService: !@BatteryListener : batteryPropertiesChanged!
04-13 14:48:13.680  1249  1259 D BatteryService: level:74, scale:100, status:2, health:2, present:true, voltage: 4101, temperature: 348, technology: Li-ion, AC powered:false, USB powered:true, POGO powered:false, Wireless powered:false, icon:17303700, invalid charger:0, maxChargingCurrent:0, maxChargingVoltage:0, chargeCounter:0
04-13 14:48:13.680  1249  1259 D BatteryService: online:6, current avg:584, charge type:1, power sharing:false, high voltage charger:false, capacity:280000, batterySWSelfDischarging:false, misc_event:0, current_now:664
04-13 14:48:13.680  1249  1249 D BatteryService: Sending ACTION_BATTERY_CHANGED.
04-13 14:48:13.682  1249  1249 D SamsungPhoneWindowManager: ACTION_BATTERY_CHANGED - Level :: 74, battStatus :: 2
04-13 14:48:13.682  1249  1249 D GameManagerService: new battery level: 74
04-13 14:48:13.684  1526  1526 D KeyguardUpdateMonitor: received broadcast android.intent.action.BATTERY_CHANGED
04-13 14:48:13.686  1526  1526 D PowerUI : showing power sharing dialogfalse
04-13 14:48:13.686  1526  1526 D PowerUI : priorPlugType = 2 mPlugType =  2
04-13 14:48:13.686  1526  1526 D PowerUI.Notification: Charging estimate time is not supported and connected cable is not a fast/slow charger, so return!
04-13 14:48:13.686  1526  1526 D KeyguardUpdateMonitor: handleBatteryUpdate
04-13 14:48:13.687  1526  1526 D BatteryMeterDrawable: isSomethingChanged - false
04-13 14:48:13.688  1526  1526 D BatteryMeterDrawable: isSomethingChanged - false
04-13 14:48:13.688  1526  1526 D BatteryController: onReceive - ACTION_BATTERY_CHANGED : mLevel = 74
04-13 14:48:13.695 21265 21265 D charging_screen: Naive charging time: 3744 s
04-13 14:48:14.130  1249  1370 D WifiStateMachine: Current network is: "HuuugeGames" , ID is: 0
04-13 14:48:14.131  1249  1370 D WifiStateMachine: 5GHz mQnsLowerRssiThreshold is recovered, currentRssi = -46
04-13 14:48:14.131  1249  1370 D WifiStateMachine: Current network is 5GHz, bail out...
04-13 14:48:16.581  1249  3616 D SSRM:i  : SIOP:: AP = 370, PST = 346 (W:26), CP = 42, LCD = 66
04-13 14:48:16.843  1249  1307 D SensorService: [SO] -0.575 0.042 9.794
04-13 14:48:17.145  1249  1370 D WifiStateMachine: Current network is: "HuuugeGames" , ID is: 0
04-13 14:48:17.145  1249  1370 D WifiStateMachine: 5GHz mQnsLowerRssiThreshold is recovered, currentRssi = -46
04-13 14:48:17.145  1249  1370 D WifiStateMachine: Current network is 5GHz, bail out...
04-13 14:48:20.157  1249  1370 D WifiStateMachine: Current network is: "HuuugeGames" , ID is: 0
04-13 14:48:20.157  1249  1370 D WifiStateMachine: 5GHz mQnsLowerRssiThreshold is recovered, currentRssi = -46
04-13 14:48:20.157  1249  1370 D WifiStateMachine: Current network is 5GHz, bail out...
04-13 14:48:23.171  1249  1370 D WifiStateMachine: Current network is: "HuuugeGames" , ID is: 0
04-13 14:48:23.171  1249  1370 D WifiStateMachine: 5GHz mQnsLowerRssiThreshold is recovered, currentRssi = -46
04-13 14:48:23.171  1249  1370 D WifiStateMachine: Current network is 5GHz, bail out...
04-13 14:48:23.720  1249  1413 D BatteryService: !@BatteryListener : batteryPropertiesChanged!
04-13 14:48:23.720  1249  1413 D BatteryService: level:74, scale:100, status:2, health:2, present:true, voltage: 4101, temperature: 348, technology: Li-ion, AC powered:false, USB powered:true, POGO powered:false, Wireless powered:false, icon:17303700, invalid charger:0, maxChargingCurrent:0, maxChargingVoltage:0, chargeCounter:0
04-13 14:48:23.720  1249  1413 D BatteryService: online:6, current avg:659, charge type:1, power sharing:false, high voltage charger:false, capacity:280000, batterySWSelfDischarging:false, misc_event:0, current_now:679
04-13 14:48:23.721  1249  1249 D BatteryService: Sending ACTION_BATTERY_CHANGED.
04-13 14:48:23.723  1249  1249 D SamsungPhoneWindowManager: ACTION_BATTERY_CHANGED - Level :: 74, battStatus :: 2
04-13 14:48:23.723  1249  1249 D GameManagerService: new battery level: 74
04-13 14:48:23.724  1526  1526 D KeyguardUpdateMonitor: received broadcast android.intent.action.BATTERY_CHANGED
04-13 14:48:23.727  1526  1526 D PowerUI : showing power sharing dialogfalse
04-13 14:48:23.727  1526  1526 D PowerUI : priorPlugType = 2 mPlugType =  2
04-13 14:48:23.727  1526  1526 D PowerUI.Notification: Charging estimate time is not supported and connected cable is not a fast/slow charger, so return!
04-13 14:48:23.728  1526  1526 D KeyguardUpdateMonitor: handleBatteryUpdate
04-13 14:48:23.729  1526  1526 D BatteryMeterDrawable: isSomethingChanged - false
04-13 14:48:23.729  1526  1526 D BatteryMeterDrawable: isSomethingChanged - false
04-13 14:48:23.729  1526  1526 D BatteryController: onReceive - ACTION_BATTERY_CHANGED : mLevel = 74
04-13 14:48:23.736 21265 21265 D charging_screen: Naive charging time: 3744 s
04-13 14:48:24.311   617   617 I cnss-daemon: RTM_NEWNEIGH message received: 28
04-13 14:48:24.312   617   617 E cnss-daemon: Stale or unreachable neighbors, ndm state: 4
04-13 14:48:26.185  1249  1370 D WifiStateMachine: Current network is: "HuuugeGames" , ID is: 0
04-13 14:48:26.185  1249  1370 D WifiStateMachine: 5GHz mQnsLowerRssiThreshold is recovered, currentRssi = -46
04-13 14:48:26.185  1249  1370 D WifiStateMachine: Current network is 5GHz, bail out...
04-13 14:48:26.240  1526  1526 D NetworkController: updateCarrierText : HuuugeGames
04-13 14:48:26.240  1526  1526 D NetworkController: dynamicallyReduceTextSize : mDisplayMetrics.densityDpi320
04-13 14:48:26.244  1526  1526 D KeyguardUpdateMonitor: received broadcast com.samsung.systemui.ACTION_VOIP_CALL_STATE_CHANGED
04-13 14:48:26.261  1526  1526 D KeyguardClockPage: onRefreshCarrierInfo(pre, now): false, false
04-13 14:48:26.609  1249  3616 D SSRM:i  : SIOP:: AP = 360, PST = 346 (W:26), CP = 41, LCD = 66
04-13 14:48:26.843  1249  1307 D SensorService: [SO] -0.566 0.038 9.769
04-13 14:48:27.243  1526  1526 D NetworkController: updateCarrierText : HuuugeGames
04-13 14:48:27.243  1526  1526 D NetworkController: dynamicallyReduceTextSize : mDisplayMetrics.densityDpi320
04-13 14:48:27.260  1526  1526 D KeyguardUpdateMonitor: received broadcast com.samsung.systemui.ACTION_VOIP_CALL_STATE_CHANGED
04-13 14:48:27.262  1526  1526 D KeyguardClockPage: onRefreshCarrierInfo(pre, now): false, false
04-13 14:48:29.198  1249  1370 D WifiStateMachine: Current network is: "HuuugeGames" , ID is: 0
04-13 14:48:29.199  1249  1370 D WifiStateMachine: 5GHz mQnsLowerRssiThreshold is recovered, currentRssi = -46
04-13 14:48:29.199  1249  1370 D WifiStateMachine: Current network is 5GHz, bail out...
04-13 14:48:31.252  1526  1526 D NetworkController: updateCarrierText : HuuugeGames
04-13 14:48:31.252  1526  1526 D NetworkController: dynamicallyReduceTextSize : mDisplayMetrics.densityDpi320
04-13 14:48:31.256  1526  1526 D KeyguardUpdateMonitor: received broadcast com.samsung.systemui.ACTION_VOIP_CALL_STATE_CHANGED
04-13 14:48:31.262  1526  1526 D KeyguardClockPage: onRefreshCarrierInfo(pre, now): false, false
04-13 14:48:32.210  1249  1370 D WifiStateMachine: Current network is: "HuuugeGames" , ID is: 0
04-13 14:48:32.210  1249  1370 D WifiStateMachine: 5GHz mQnsLowerRssiThreshold is recovered, currentRssi = -46
04-13 14:48:32.210  1249  1370 D WifiStateMachine: Current network is 5GHz, bail out...
04-13 14:48:32.254  1526  1526 D NetworkController: updateCarrierText : HuuugeGames
04-13 14:48:32.254  1526  1526 D NetworkController: dynamicallyReduceTextSize : mDisplayMetrics.densityDpi320
04-13 14:48:32.258  1526  1526 D KeyguardUpdateMonitor: received broadcast com.samsung.systemui.ACTION_VOIP_CALL_STATE_CHANGED
04-13 14:48:32.281  1526  1526 D KeyguardClockPage: onRefreshCarrierInfo(pre, now): false, false
04-13 14:48:33.256  1526  1526 D NetworkController: updateCarrierText : HuuugeGames
04-13 14:48:33.257  1526  1526 D NetworkController: dynamicallyReduceTextSize : mDisplayMetrics.densityDpi320
04-13 14:48:33.277  1526  1526 D KeyguardUpdateMonitor: received broadcast com.samsung.systemui.ACTION_VOIP_CALL_STATE_CHANGED
04-13 14:48:33.278  1526  1526 D KeyguardClockPage: onRefreshCarrierInfo(pre, now): false, false
04-13 14:48:33.759  1249  1416 D BatteryService: !@BatteryListener : batteryPropertiesChanged!
04-13 14:48:33.760  1249  1416 D BatteryService: level:74, scale:100, status:2, health:2, present:true, voltage: 4105, temperature: 348, technology: Li-ion, AC powered:false, USB powered:true, POGO powered:false, Wireless powered:false, icon:17303700, invalid charger:0, maxChargingCurrent:0, maxChargingVoltage:0, chargeCounter:0
04-13 14:48:33.760  1249  1416 D BatteryService: online:6, current avg:677, charge type:1, power sharing:false, high voltage charger:false, capacity:280000, batterySWSelfDischarging:false, misc_event:0, current_now:683
04-13 14:48:33.760  1249  1249 D BatteryService: Sending ACTION_BATTERY_CHANGED.
04-13 14:48:33.762  1249  1249 D SamsungPhoneWindowManager: ACTION_BATTERY_CHANGED - Level :: 74, battStatus :: 2
04-13 14:48:33.763  1249  1249 D GameManagerService: new battery level: 74
04-13 14:48:33.764  1526  1526 D KeyguardUpdateMonitor: received broadcast android.intent.action.BATTERY_CHANGED
04-13 14:48:33.764  1526  1526 D KeyguardUpdateMonitor: handleBatteryUpdate
04-13 14:48:33.768  1526  1526 D PowerUI : showing power sharing dialogfalse
04-13 14:48:33.768  1526  1526 D PowerUI : priorPlugType = 2 mPlugType =  2
04-13 14:48:33.768  1526  1526 D PowerUI.Notification: Charging estimate time is not supported and connected cable is not a fast/slow charger, so return!
04-13 14:48:33.769  1526  1526 D BatteryMeterDrawable: isSomethingChanged - false
04-13 14:48:33.770  1526  1526 D BatteryMeterDrawable: isSomethingChanged - false
04-13 14:48:33.770  1526  1526 D BatteryController: onReceive - ACTION_BATTERY_CHANGED : mLevel = 74
04-13 14:48:33.782 21265 21265 D charging_screen: Naive charging time: 3744 s
04-13 14:48:35.222  1249  1370 D WifiStateMachine: Current network is: "HuuugeGames" , ID is: 0
04-13 14:48:35.222  1249  1370 D WifiStateMachine: 5GHz mQnsLowerRssiThreshold is recovered, currentRssi = -46
04-13 14:48:35.222  1249  1370 D WifiStateMachine: Current network is 5GHz, bail out...
04-13 14:48:36.639  1249  3616 D SSRM:i  : SIOP:: AP = 350, PST = 347 (W:26), CP = 41, LCD = 66
04-13 14:48:36.667   705   705 I MSM-irqbalance: Decided to move IRQ65 from CPU0 to CPU2
04-13 14:48:36.843  1249  1307 D SensorService: [SO] -0.574 0.060 9.753
04-13 14:48:38.236  1249  1370 D WifiStateMachine: Current network is: "HuuugeGames" , ID is: 0
04-13 14:48:38.236  1249  1370 D WifiStateMachine: 5GHz mQnsLowerRssiThreshold is recovered, currentRssi = -46
04-13 14:48:38.236  1249  1370 D WifiStateMachine: Current network is 5GHz, bail out...
04-13 14:48:38.479   617   617 I cnss-daemon: RTM_NEWROUTE Indication
04-13 14:48:41.248  1249  1370 D WifiStateMachine: Current network is: "HuuugeGames" , ID is: 0
04-13 14:48:41.248  1249  1370 D WifiStateMachine: 5GHz mQnsLowerRssiThreshold is recovered, currentRssi = -46
04-13 14:48:41.248  1249  1370 D WifiStateMachine: Current network is 5GHz, bail out...
04-13 14:48:41.667   705   705 I MSM-irqbalance: Decided to move IRQ200 from CPU0 to CPU2
04-13 14:48:42.570  1249  1836 E Watchdog: !@Sync 851 [2018-04-13 14:48:42.570]
04-13 14:48:43.799  1249  1382 D BatteryService: !@BatteryListener : batteryPropertiesChanged!
04-13 14:48:43.800  1249  1382 D BatteryService: level:74, scale:100, status:2, health:2, present:true, voltage: 4105, temperature: 348, technology: Li-ion, AC powered:false, USB powered:true, POGO powered:false, Wireless powered:false, icon:17303700, invalid charger:0, maxChargingCurrent:0, maxChargingVoltage:0, chargeCounter:0
04-13 14:48:43.800  1249  1382 D BatteryService: online:6, current avg:680, charge type:1, power sharing:false, high voltage charger:false, capacity:280000, batterySWSelfDischarging:false, misc_event:0, current_now:679
04-13 14:48:43.800  1249  1249 D BatteryService: Sending ACTION_BATTERY_CHANGED.
04-13 14:48:43.802  1249  1249 D SamsungPhoneWindowManager: ACTION_BATTERY_CHANGED - Level :: 74, battStatus :: 2
04-13 14:48:43.803  1249  1249 D GameManagerService: new battery level: 74
04-13 14:48:43.804  1526  1526 D KeyguardUpdateMonitor: received broadcast android.intent.action.BATTERY_CHANGED
04-13 14:48:43.807  1526  1526 D PowerUI : showing power sharing dialogfalse
04-13 14:48:43.807  1526  1526 D PowerUI : priorPlugType = 2 mPlugType =  2
04-13 14:48:43.807  1526  1526 D PowerUI.Notification: Charging estimate time is not supported and connected cable is not a fast/slow charger, so return!
04-13 14:48:43.808  1526  1526 D BatteryMeterDrawable: isSomethingChanged - false
04-13 14:48:43.808  1526  1526 D BatteryMeterDrawable: isSomethingChanged - false
04-13 14:48:43.808  1526  1526 D BatteryController: onReceive - ACTION_BATTERY_CHANGED : mLevel = 74
04-13 14:48:43.809  1526  1526 D KeyguardUpdateMonitor: handleBatteryUpdate
04-13 14:48:43.815 21265 21265 D charging_screen: Naive charging time: 3744 s
04-13 14:48:44.262  1249  1370 D WifiStateMachine: Current network is: "HuuugeGames" , ID is: 0
04-13 14:48:44.262  1249  1370 D WifiStateMachine: 5GHz mQnsLowerRssiThreshold is recovered, currentRssi = -46
04-13 14:48:44.262  1249  1370 D WifiStateMachine: Current network is 5GHz, bail out...
04-13 14:48:46.668   705   705 I MSM-irqbalance: Decided to move IRQ104 from CPU0 to CPU2
04-13 14:48:46.674  1249  3616 D SSRM:i  : SIOP:: AP = 350, PST = 347 (W:28), CP = 40, LCD = 66
04-13 14:48:46.843  1249  1307 D SensorService: [SO] -0.567 0.053 9.792
04-13 14:48:47.184  1627  1627 E wpa_supplicant: IAPP SNAP_HDR Mismatch
04-13 14:48:47.276  1249  1370 D WifiStateMachine: Current network is: "HuuugeGames" , ID is: 0
04-13 14:48:47.276  1249  1370 D WifiStateMachine: 5GHz mQnsLowerRssiThreshold is recovered, currentRssi = -46
04-13 14:48:47.276  1249  1370 D WifiStateMachine: Current network is 5GHz, bail out...
04-13 14:48:50.289  1249  1370 D WifiStateMachine: Current network is: "HuuugeGames" , ID is: 0
04-13 14:48:50.290  1249  1370 D WifiStateMachine: 5GHz mQnsLowerRssiThreshold is recovered, currentRssi = -48
04-13 14:48:50.290  1249  1370 D WifiStateMachine: Current network is 5GHz, bail out...
04-13 14:48:51.668   705   705 I MSM-irqbalance: Decided to move IRQ215 from CPU0 to CPU2
04-13 14:48:52.302  1526  1526 D NetworkController: updateCarrierText : HuuugeGames
04-13 14:48:52.302  1526  1526 D NetworkController: dynamicallyReduceTextSize : mDisplayMetrics.densityDpi320
04-13 14:48:52.310  1526  1526 D KeyguardUpdateMonitor: received broadcast com.samsung.systemui.ACTION_VOIP_CALL_STATE_CHANGED
04-13 14:48:52.312  1526  1526 D KeyguardClockPage: onRefreshCarrierInfo(pre, now): false, false
04-13 14:48:52.980  2786  2905 D ContactsProvider_EventLog: contents_sample_state: [ contacts(1) data(5) accounts({com.google (30)=1}) accounts deleted({}) calls([]) countryIso(US) userId(0)  ]
04-13 14:48:52.980  2786  2905 D ContactsProvider_EventLog: contents_sample_state: [ agr({[30]=1})  ]
04-13 14:48:52.980  2786  2905 D ContactsProvider_EventLog: contents_sample_state: [ actCnt({android.process.acore=1})  ]
04-13 14:48:52.984  2786  2905 E ContactsProvider_EventLog: Flush buffer to file cnt : 1 size : 0Kb duration : 4ms lastUpdatedAfter : 60064 ms mFlush_time_threasold : 2000 mCurrentSize : 280
04-13 14:48:53.304  1249  1370 D WifiStateMachine: Current network is: "HuuugeGames" , ID is: 0
04-13 14:48:53.304  1249  1370 D WifiStateMachine: 5GHz mQnsLowerRssiThreshold is recovered, currentRssi = -50
04-13 14:48:53.304  1249  1370 D WifiStateMachine: Current network is 5GHz, bail out...
04-13 14:48:53.304  1526  1526 D NetworkController: updateCarrierText : HuuugeGames
04-13 14:48:53.305  1526  1526 D NetworkController: dynamicallyReduceTextSize : mDisplayMetrics.densityDpi320
04-13 14:48:53.309  1526  1526 D KeyguardUpdateMonitor: received broadcast com.samsung.systemui.ACTION_VOIP_CALL_STATE_CHANGED
04-13 14:48:53.316  1526  1526 D KeyguardClockPage: onRefreshCarrierInfo(pre, now): false, false
04-13 14:48:53.376  1249  1274 D PowerManagerService: [s] UserActivityState : 1 -> 2
04-13 14:48:53.376  1249  1274 D PowerManagerService: mDisplayReady: false
04-13 14:48:53.376  1249  1274 D DisplayPowerController: animateScreenStateChange[0]: target=2
04-13 14:48:53.376  1249  1274 D DisplayPowerController: [Dual Screen Compatible] state[0] :2
04-13 14:48:53.376  1249  1274 D DisplayPowerController: getFinalBrightness : Summary is 20 -> 20
04-13 14:48:53.376  1249  1274 D DisplayPowerController: Animating brightness: target=20, rate=2000 (PSM:false, AB limit:(-1 ~ -1) MB Limit:(-1 ~ -1))
04-13 14:48:53.376  1249  1274 D PowerManagerService: [s] DisplayPowerCallbacks : onStateChanged()
04-13 14:48:53.377  1249  1274 D PowerManagerService: mDisplayReady: true
04-13 14:48:53.396  1249  1465 D lights  : lcd : 30 +
04-13 14:48:53.397  1249  1465 D lights  : lcd : 30 -
04-13 14:48:53.412  1249  1465 D lights  : lcd : 20 +
04-13 14:48:53.412  1249  1274 D DisplayPowerController: animateScreenStateChange[0]: target=2
04-13 14:48:53.412  1249  1274 D DisplayPowerController: [Dual Screen Compatible] state[0] :2
04-13 14:48:53.412  1249  1274 D DisplayPowerController: getFinalBrightness : Summary is 20 -> 20
04-13 14:48:53.412  1249  1274 D DisplayPowerController: Animating brightness: target=20, rate=2000 (PSM:false, AB limit:(-1 ~ -1) MB Limit:(-1 ~ -1))
04-13 14:48:53.413  1249  1465 D lights  : lcd : 20 -
04-13 14:48:53.839  1249  2386 D BatteryService: !@BatteryListener : batteryPropertiesChanged!
04-13 14:48:53.839  1249  2386 D BatteryService: level:74, scale:100, status:2, health:2, present:true, voltage: 4105, temperature: 347, technology: Li-ion, AC powered:false, USB powered:true, POGO powered:false, Wireless powered:false, icon:17303700, invalid charger:0, maxChargingCurrent:0, maxChargingVoltage:0, chargeCounter:0
04-13 14:48:53.839  1249  2386 D BatteryService: online:6, current avg:673, charge type:1, power sharing:false, high voltage charger:false, capacity:280000, batterySWSelfDischarging:false, misc_event:0, current_now:664
04-13 14:48:53.840  1249  1249 D BatteryService: Sending ACTION_BATTERY_CHANGED.
04-13 14:48:53.841  1249  1249 D SamsungPhoneWindowManager: ACTION_BATTERY_CHANGED - Level :: 74, battStatus :: 2
04-13 14:48:53.842  1249  1249 D GameManagerService: new battery level: 74
04-13 14:48:53.843  1526  1526 D KeyguardUpdateMonitor: received broadcast android.intent.action.BATTERY_CHANGED
04-13 14:48:53.847  1526  1526 D PowerUI : showing power sharing dialogfalse
04-13 14:48:53.847  1526  1526 D PowerUI : priorPlugType = 2 mPlugType =  2
04-13 14:48:53.847  1526  1526 D PowerUI.Notification: Charging estimate time is not supported and connected cable is not a fast/slow charger, so return!
04-13 14:48:53.847  1526  1526 D KeyguardUpdateMonitor: handleBatteryUpdate
04-13 14:48:53.848  1526  1526 D BatteryMeterDrawable: isSomethingChanged - false
04-13 14:48:53.848  1526  1526 D BatteryMeterDrawable: isSomethingChanged - false
04-13 14:48:53.848  1526  1526 D BatteryController: onReceive - ACTION_BATTERY_CHANGED : mLevel = 74
04-13 14:48:53.856 21265 21265 D charging_screen: Naive charging time: 3744 s
04-13 14:48:54.511   617   617 I cnss-daemon: RTM_NEWNEIGH message received: 28
04-13 14:48:54.511   617   617 E cnss-daemon: Stale or unreachable neighbors, ndm state: 4
04-13 14:48:56.317  1249  1370 D WifiStateMachine: Current network is: "HuuugeGames" , ID is: 0
04-13 14:48:56.317  1249  1370 D WifiStateMachine: 5GHz mQnsLowerRssiThreshold is recovered, currentRssi = -50
04-13 14:48:56.317  1249  1370 D WifiStateMachine: Current network is 5GHz, bail out...
04-13 14:48:56.706  1249  3616 D SSRM:i  : SIOP:: AP = 350, PST = 348 (W:28), CP = 40, LCD = 20
04-13 14:48:56.843  1249  1307 D SensorService: [SO] -0.580 0.056 9.788
04-13 14:48:59.331  1249  1370 D WifiStateMachine: Current network is: "HuuugeGames" , ID is: 0
04-13 14:48:59.331  1249  1370 D WifiStateMachine: 5GHz mQnsLowerRssiThreshold is recovered, currentRssi = -49
04-13 14:48:59.331  1249  1370 D WifiStateMachine: Current network is 5GHz, bail out...
04-13 14:49:00.000  1249  1316 D SamsungAlarmManager: Expired : 8
04-13 14:49:00.001  1249  1316 V SamsungAlarmManager: Sending to uid : 1000 action=android.intent.action.TIME_TICK alarm=Alarm{6ddab11 type 3 when 28332058 android}
04-13 14:49:00.006  1249  1249 D SamsungAlarmManager: setExact Intent (T:3/F:1/AC:false) 20180413T145000 - CU:1000/CP:1249
04-13 14:49:00.006  1249  1249 I SamsungAlarmManager: setLocked to kernel - T:3 / 20180413T145000, SetElapsed=28392058, nowELAPSED=28332063
04-13 14:49:00.007  1526  1526 D KeyguardUpdateMonitor: received broadcast android.intent.action.TIME_TICK
04-13 14:49:00.007  1526  1526 D KeyguardUpdateMonitor: handleTimeUpdate#start
04-13 14:49:00.008  1526  1526 I KeyguardClockPage: refreshTime(): DefaultSingle2016 hometime:null locale:en_US hasBG?false, Roaming:false
04-13 14:49:00.021  1526  1526 D KeyguardUpdateMonitor: handleTimeUpdate#end
04-13 14:49:00.021  1526  1526 D SystemUI_Clock: Clock received ACTION_TIME_TICK : start
04-13 14:49:00.023  1526  1526 D SystemUI_Clock: Clock received ACTION_TIME_TICK : end
04-13 14:49:00.038  1526  1526 D TextClock: TextClock received ACTION_TIME_TICK : start
04-13 14:49:00.039  1526  1526 D TextClock: TextClock received ACTION_TIME_TICK : end
04-13 14:49:00.041  1526  1526 D TextClock: TextClock received ACTION_TIME_TICK : start
04-13 14:49:00.042  1526  1526 D TextClock: TextClock received ACTION_TIME_TICK : end
04-13 14:49:00.059  1526  1526 D TextClock: TextClock received ACTION_TIME_TICK : start
04-13 14:49:00.059  1526  1526 D TextClock: TextClock received ACTION_TIME_TICK : end
04-13 14:49:00.062  1526  1526 V hong    : mid yDiff = 383
04-13 14:49:00.062  1526  1526 V hong    : mid yDiff = 383
04-13 14:49:00.062  1526  1526 V hong    : mid yDiff = 383
04-13 14:49:00.062  1526  1526 V hong    : mid yDiff = 383
04-13 14:49:00.070  1526  1526 D SystemUI_DateView: DateView received ACTION_TIME_TICK : start
04-13 14:49:00.070  1526  1526 D SystemUI_DateView: DateView received ACTION_TIME_TICK : end
04-13 14:49:00.073  1526  1526 D TextClock: TextClock received ACTION_TIME_TICK : start
04-13 14:49:00.073  1526  1526 D TextClock: TextClock received ACTION_TIME_TICK : end
04-13 14:49:00.075  1526  1526 D TextClock: TextClock received ACTION_TIME_TICK : start
04-13 14:49:00.075  1526  1526 D TextClock: TextClock received ACTION_TIME_TICK : end
04-13 14:49:00.078  1526  1526 D TextClock: TextClock received ACTION_TIME_TICK : start
04-13 14:49:00.078  1526  1526 D TextClock: TextClock received ACTION_TIME_TICK : end
04-13 14:49:00.081  1526  1526 D TextClock: TextClock received ACTION_TIME_TICK : start
04-13 14:49:00.081  1526  1526 D TextClock: TextClock received ACTION_TIME_TICK : end
04-13 14:49:00.085  1526  1526 D DateTimeView: DateTimeView received ACTION_TIME_TICK : start
04-13 14:49:00.087  1526  1526 D DateTimeView: DateTimeView received ACTION_TIME_TICK : end
04-13 14:49:00.367  1249  1274 D PowerManagerService: [s] UserActivityState : 2 -> 4
04-13 14:49:00.367  1249  1274 I PowerManagerService: !@[ps] Screen__Off - 14 : timeout (0x4) (2)
04-13 14:49:00.367  1249  1274 I PowerManagerService: Going to sleep due to screen timeout (uid 1000)...
04-13 14:49:00.367  1249  1274 D InputManager-JNI: setInteractive(false)
04-13 14:49:00.367  1249  1274 D PowerManagerService: mDisplayReady: false
04-13 14:49:00.367  1249  1462 D NetworkPolicy: onScreenStateChanged, state: false, reason: 3
04-13 14:49:00.368  1249 11063 D MISC PowerHAL: sysfs_write +: /sys/class/input/event1/device/enabled: 0
04-13 14:49:00.368  1526  1907 D KeyguardViewMediator: onStartedGoingToSleep(3)
04-13 14:49:00.368  1249 11063 D MISC PowerHAL: sysfs_write -: /sys/class/input/event1/device/enabled: 0
04-13 14:49:00.369  2695  2695 V InputMethodManager: Starting input: tba=android.view.inputmethod.EditorInfo@e61fed5 nm : com.sec.android.app.launcher ic=null
04-13 14:49:00.369  2695  2695 I InputMethodManager: [IMM] startInputInner - mService.startInputOrWindowGainedFocus
04-13 14:49:00.369  1249 11064 D MISC PowerHAL: sysfs_write +: /sys/class/input/event2/device/enabled: 0
04-13 14:49:00.369  1249 11064 D MISC PowerHAL: sysfs_write -: /sys/class/input/event2/device/enabled: 0
04-13 14:49:00.369  1249  1274 D MISC PowerHAL: sysfs_write +: /sys/class/power_supply/battery/lcd: 0
04-13 14:49:00.369  1249  1274 D MISC PowerHAL: sysfs_write -: /sys/class/power_supply/battery/lcd: 0
04-13 14:49:00.369  1249  1274 I QTI PowerHAL: Got set_interactive hint
04-13 14:49:00.370  1249  1274 E QCOM PowerHAL: Error opening sys/devices/system/cpu/cpu0/cpufreq/scaling_governor: No such file or directory
04-13 14:49:00.370  1249  1274 E QCOM PowerHAL: Error opening sys/devices/system/cpu/cpu1/cpufreq/scaling_governor: No such file or directory
04-13 14:49:00.370  1249  1274 E QCOM PowerHAL: Error opening sys/devices/system/cpu/cpu2/cpufreq/scaling_governor: No such file or directory
04-13 14:49:00.370  1249  2613 D InputTransport: Input channel constructed: fd=446
04-13 14:49:00.370  1249  1274 E QCOM PowerHAL: Error opening sys/devices/system/cpu/cpu3/cpufreq/scaling_governor: No such file or directory
04-13 14:49:00.370  1249  1274 E QTI PowerHAL: Can't obtain scaling governor.
04-13 14:49:00.370  1249  2613 D InputTransport: Input channel destroyed: fd=446
04-13 14:49:00.370  1249  1274 D DisplayPowerController: animateScreenStateChange[0]: target=1
04-13 14:49:00.370  1249  1274 D ColorFade: prepare: mode=2
04-13 14:49:00.370  2695  2695 D InputTransport: Input channel constructed: fd=75
04-13 14:49:00.370  2695  2695 D InputTransport: Input channel destroyed: fd=70
04-13 14:49:00.370  1526  1907 D KeyguardViewMediator: Lock timeout lockAfterTimeout=5000 policyTimeout=0 displayTimeout=60000
04-13 14:49:00.370  1526  1907 D KeyguardViewMediator: timeout = 5000
04-13 14:49:00.371   460   460 I SurfaceFlinger: id=702 createSurf (1536x2048),-1 flag=20004, DolorFade
04-13 14:49:00.375  1249  1384 D SamsungAlarmManager: setExact Intent (T:2/F:5/AC:false) 20180413T144905 - CU:10047/CP:1526
04-13 14:49:00.375  1249  1384 I SamsungAlarmManager: setLocked to kernel - T:2 / 20180413T144905, SetElapsed=28337428, nowELAPSED=28332433
04-13 14:49:00.376  1526  1907 D KeyguardViewMediator: setting alarm to turn off keyguard, seq = 15
04-13 14:49:00.377  1526  1907 D KeyguardViewMediator: notifyStartedGoingToSleep
04-13 14:49:00.378  1526  1526 D KeyguardFingerPrint: shouldListenForFingerprint ( fingerprint is not enabled. ) 
04-13 14:49:00.378  1526  1526 V KeyguardFingerPrint: stopListeningForFingerprint()
04-13 14:49:00.378  1526  1526 D KeyguardViewMediator: handleNotifyStartedGoingToSleep
04-13 14:49:00.387  1249  1274 D PowerManagerUtil: Excessive delay in ColorFade : createSurface: 17ms
04-13 14:49:00.399  1249  1274 D PowerManagerUtil: Excessive delay in ColorFade : captureScreenshotTextureAndSetViewport: 11ms
04-13 14:49:00.403  1249  1274 D ColorFade: ColorFade is ready
04-13 14:49:00.403  1249  1274 D DisplayPowerController: ColorFade: onAnimationStart
04-13 14:49:00.403  1249  1274 D DisplayPowerController: [Dual Screen Compatible] state[0] :2
04-13 14:49:00.621  1249  1274 D DisplayPowerState: !@ [0] ColorFade entry
04-13 14:49:00.622  1249  1274 D PowerManagerService: [input device light] onColorFadeExit(false)
04-13 14:49:00.622  1249  1274 D DisplayPowerController: ColorFade: onAnimationEnd
04-13 14:49:00.623  1249  1274 D DisplayPowerController: animateScreenStateChange[0]: target=1
04-13 14:49:00.623  1249  1274 D DisplayPowerController: [M OS] 0 REPORTED_TO_POLICY_SCREEN_* -> REPORTED_TO_POLICY_SCREEN_OFF.
04-13 14:49:00.623  1249  1465 D lights  : lcd : 0 +
04-13 14:49:00.624  1249  1274 D ActivityTrigger: ActivityTrigger activityPauseTrigger 
04-13 14:49:00.627  1249  1274 D GameManagerService: there is not sem_perfomance_mode on setting
04-13 14:49:00.630  2695  2695 D Launcher: onPause, Launcher: 9882442
04-13 14:49:00.630  2695  2695 D Launcher.HomeView: onPause
04-13 14:49:00.630  2695  2695 D Launcher.Workspace: exitWidgetResizeMode. isClearResizeFrame is false
04-13 14:49:00.632  1249  1465 D lights  : lcd : 0 -
04-13 14:49:00.679  1249  1274 D SensorService: [SO] activate (ident=0x7f4fc698e0, enabled=0)
04-13 14:49:00.679  1249  2609 D ActivityManager: clearAppIconInfo()
04-13 14:49:00.679  1249  2609 D SamsungAnimationCreator: setAnimationTriggerActivity type 1
04-13 14:49:00.680  1249  1264 D ActivityTrigger: ActivityTrigger activityStopTrigger 
04-13 14:49:00.681  1249  1274 D SensorHAL: lsm6ds3_accel: power-off.
04-13 14:49:00.682  1249  1274 D SensorManager: unregisterListener ::   
04-13 14:49:00.682  1249  1274 V KeyguardServiceDelegate: onScreenTurnedOff()
04-13 14:49:00.682  1249  1274 D DisplayPowerController: mWindowManagerPolicy.screenTurnedOff(0)
04-13 14:49:00.682  1249  1274 D DisplayPowerController: [Dual Screen Compatible] state[0] :1
04-13 14:49:00.682  1249  1274 D DisplayPowerController: Animating brightness: target=0, rate=0 (PSM:false, AB limit:(-1 ~ -1) MB Limit:(-1 ~ -1))
04-13 14:49:00.683  1526  1549 D KeyguardViewMediator: notifyScreenTurnedOff
04-13 14:49:00.683  1526  1526 D KeyguardViewMediator: handleNotifyScreenTurnedOff
