05-23 12:22:51.684 29266 30285 I Claw    : [0m[      98.677] [30;1mjni/../jni/src/claw/vfs/NativeMount.cpp:245: JNI class acquired, acquire java method: GetFreeDiskSpace with args: (Ljava/lang/String;)J
05-23 12:22:51.684 29266 30285 I Claw    : [0m[       98.68] [30;1mjni/../jni/src/claw/vfs/NativeMount.cpp:245: Aquire java class for JNI method: com/Claw/Android/NativeMount
05-23 12:22:51.684 29266 30285 I Claw    : [0m[       98.68] [30;1mjni/../jni/src/claw/vfs/NativeMount.cpp:245: JNI class acquired, acquire java method: GetFreeDiskSpace with args: (Ljava/lang/String;)J
05-23 12:22:51.684 29266 30285 I Claw    : [0m[      98.682] [30;1mjni/../jni/src/claw/vfs/NativeMount.cpp:245: Aquire java class for JNI method: com/Claw/Android/NativeMount
05-23 12:22:51.684 29266 30285 I Claw    : [0m[      98.682] [30;1mjni/../jni/src/claw/vfs/NativeMount.cpp:245: JNI class acquired, acquire java method: GetFreeDiskSpace with args: (Ljava/lang/String;)J
05-23 12:22:51.684 29266 30285 I Claw    : [0m[      98.685] [30;1mjni/../jni/src/claw/vfs/NativeMount.cpp:245: Aquire java class for JNI method: com/Claw/Android/NativeMount
05-23 12:22:51.684 29266 30285 I Claw    : [0m[      98.685] [30;1mjni/../jni/src/claw/vfs/NativeMount.cpp:245: JNI class acquired, acquire java method: GetFreeDiskSpace with args: (Ljava/lang/String;)J
05-23 12:22:51.694 29266 30285 I Claw    : [0m[      98.687] [30;1mjni/../jni/src/claw/vfs/NativeMount.cpp:245: Aquire java class for JNI method: com/Claw/Android/NativeMount
05-23 12:22:51.694 29266 30285 I Claw    : [0m[      98.687] [30;1mjni/../jni/src/claw/vfs/NativeMount.cpp:245: JNI class acquired, acquire java method: GetFreeDiskSpace with args: (Ljava/lang/String;)J
05-23 12:22:51.694 29266 29306 I Claw    : [0m[      98.688] [30;1mjni/../jni/src/claw/graphics/pixeldata/PixelDataGL.cpp:321: 50x50 -> 52x50   100 pixels wasted
05-23 12:22:51.694 29266 30285 I Claw    : [0m[      98.689] [30;1mjni/../jni/src/claw/vfs/NativeMount.cpp:245: Aquire java class for JNI method: com/Claw/Android/NativeMount
05-23 12:22:51.694 29266 30285 I Claw    : [0m[       98.69] [30;1mjni/../jni/src/claw/vfs/NativeMount.cpp:245: JNI class acquired, acquire java method: GetFreeDiskSpace with args: (Ljava/lang/String;)J
05-23 12:22:51.694  2599  3011 D NtpTrustedTime: currentTimeMillis() cache hit
05-23 12:22:51.694 29266 30285 I Claw    : [0m[      98.692] [30;1mjni/../jni/src/claw/vfs/NativeMount.cpp:245: Aquire java class for JNI method: com/Claw/Android/NativeMount
05-23 12:22:51.694 29266 30285 I Claw    : [0m[      98.692] [30;1mjni/../jni/src/claw/vfs/NativeMount.cpp:245: JNI class acquired, acquire java method: GetFreeDiskSpace with args: (Ljava/lang/String;)J
05-23 12:22:51.694 29266 30285 I Claw    : [0m[      98.694] [30;1mjni/../jni/src/claw/vfs/NativeMount.cpp:245: Aquire java class for JNI method: com/Claw/Android/NativeMount
05-23 12:22:51.694 29266 30285 I Claw    : [0m[      98.694] [30;1mjni/../jni/src/claw/vfs/NativeMount.cpp:245: JNI class acquired, acquire java method: GetFreeDiskSpace with args: (Ljava/lang/String;)J
05-23 12:22:51.694  2599  3011 V NetworkStats: performPollLocked(flags=0x1)
05-23 12:22:51.704 29266 30285 I Claw    : [0m[      98.697] [30;1mjni/../jni/src/claw/vfs/NativeMount.cpp:245: Aquire java class for JNI method: com/Claw/Android/NativeMount
05-23 12:22:51.704 29266 30285 I Claw    : [0m[      98.697] [30;1mjni/../jni/src/claw/vfs/NativeMount.cpp:245: JNI class acquired, acquire java method: GetFreeDiskSpace with args: (Ljava/lang/String;)J
05-23 12:22:51.704 29266 29306 I Claw    : [0m[      98.697] [30;1mjni/../jni/src/claw/graphics/surface/SurfaceHW.cpp:880: Surface  xy: 4, uv: 4, tri: 2
05-23 12:22:51.704 29266 30285 I Claw    : [0m[      98.699] [30;1mjni/../jni/src/claw/vfs/NativeMount.cpp:245: Aquire java class for JNI method: com/Claw/Android/NativeMount
05-23 12:22:51.704 29266 30285 I Claw    : [0m[      98.699] [30;1mjni/../jni/src/claw/vfs/NativeMount.cpp:245: JNI class acquired, acquire java method: GetFreeDiskSpace with args: (Ljava/lang/String;)J
05-23 12:22:51.704 29266 30285 I Claw    : [0m[      98.701] [30;1mjni/../jni/src/claw/vfs/NativeMount.cpp:245: Aquire java class for JNI method: com/Claw/Android/NativeMount
05-23 12:22:51.704 29266 30285 I Claw    : [0m[      98.701] [30;1mjni/../jni/src/claw/vfs/NativeMount.cpp:245: JNI class acquired, acquire java method: GetFreeDiskSpace with args: (Ljava/lang/String;)J
05-23 12:22:51.704 29266 30285 I Claw    : [0m[      98.703] [30;1mjni/../jni/src/claw/vfs/NativeMount.cpp:245: Aquire java class for JNI method: com/Claw/Android/NativeMount
05-23 12:22:51.704 29266 30285 I Claw    : [0m[      98.703] [30;1mjni/../jni/src/claw/vfs/NativeMount.cpp:245: JNI class acquired, acquire java method: GetFreeDiskSpace with args: (Ljava/lang/String;)J
05-23 12:22:51.714 29266 30285 I Claw    : [0m[      98.705] [30;1mjni/../jni/src/claw/vfs/NativeMount.cpp:245: Aquire java class for JNI method: com/Claw/Android/NativeMount
05-23 12:22:51.714 29266 30285 I Claw    : [0m[      98.706] [30;1mjni/../jni/src/claw/vfs/NativeMount.cpp:245: JNI class acquired, acquire java method: GetFreeDiskSpace with args: (Ljava/lang/String;)J
05-23 12:22:51.714 29266 30285 I Claw    : [0m[      98.709] [30;1mjni/../jni/src/claw/vfs/NativeMount.cpp:245: Aquire java class for JNI method: com/Claw/Android/NativeMount
05-23 12:22:51.714 29266 30285 I Claw    : [0m[      98.709] [30;1mjni/../jni/src/claw/vfs/NativeMount.cpp:245: JNI class acquired, acquire java method: GetFreeDiskSpace with args: (Ljava/lang/String;)J
05-23 12:22:51.714 29266 30285 I Claw    : [0m[      98.711] [30;1mjni/../jni/src/claw/vfs/NativeMount.cpp:245: Aquire java class for JNI method: com/Claw/Android/NativeMount
05-23 12:22:51.714 29266 30285 I Claw    : [0m[      98.711] [30;1mjni/../jni/src/claw/vfs/NativeMount.cpp:245: JNI class acquired, acquire java method: GetFreeDiskSpace with args: (Ljava/lang/String;)J
05-23 12:22:51.724 29266 30285 I Claw    : [0m[      98.716] [30;1mjni/../jni/src/claw/vfs/NativeMount.cpp:245: Aquire java class for JNI method: com/Claw/Android/NativeMount
05-23 12:22:51.724 29266 30285 I Claw    : [0m[      98.717] [30;1mjni/../jni/src/claw/vfs/NativeMount.cpp:245: JNI class acquired, acquire java method: GetFreeDiskSpace with args: (Ljava/lang/String;)J
05-23 12:22:51.724 29266 30285 I Claw    : [0m[      98.719] [30;1mjni/../jni/src/claw/vfs/NativeMount.cpp:245: Aquire java class for JNI method: com/Claw/Android/NativeMount
05-23 12:22:51.724 29266 30285 I Claw    : [0m[      98.719] [30;1mjni/../jni/src/claw/vfs/NativeMount.cpp:245: JNI class acquired, acquire java method: GetFreeDiskSpace with args: (Ljava/lang/String;)J
05-23 12:22:51.724 29266 30285 I Claw    : [0m[      98.722] [30;1mjni/../jni/src/claw/vfs/NativeMount.cpp:245: Aquire java class for JNI method: com/Claw/Android/NativeMount
05-23 12:22:51.724 29266 30285 I Claw    : [0m[      98.722] [30;1mjni/../jni/src/claw/vfs/NativeMount.cpp:245: JNI class acquired, acquire java method: GetFreeDiskSpace with args: (Ljava/lang/String;)J
05-23 12:22:51.724 29266 30285 I Claw    : [0m[      98.724] [30;1mjni/../jni/src/claw/vfs/NativeMount.cpp:245: Aquire java class for JNI method: com/Claw/Android/NativeMount
05-23 12:22:51.724 29266 30285 I Claw    : [0m[      98.724] [30;1mjni/../jni/src/claw/vfs/NativeMount.cpp:245: JNI class acquired, acquire java method: GetFreeDiskSpace with args: (Ljava/lang/String;)J
05-23 12:22:51.734 29266 30285 I Claw    : [0m[      98.727] [30;1mjni/../jni/src/claw/vfs/NativeMount.cpp:245: Aquire java class for JNI method: com/Claw/Android/NativeMount
05-23 12:22:51.734 29266 30285 I Claw    : [0m[      98.727] [30;1mjni/../jni/src/claw/vfs/NativeMount.cpp:245: JNI class acquired, acquire java method: GetFreeDiskSpace with args: (Ljava/lang/String;)J
05-23 12:22:51.734 29266 30285 I Claw    : [0m[      98.729] [30;1mjni/../jni/src/claw/vfs/NativeMount.cpp:245: Aquire java class for JNI method: com/Claw/Android/NativeMount
05-23 12:22:51.734 29266 30285 I Claw    : [0m[       98.73] [30;1mjni/../jni/src/claw/vfs/NativeMount.cpp:245: JNI class acquired, acquire java method: GetFreeDiskSpace with args: (Ljava/lang/String;)J
05-23 12:22:51.734  2599  3011 D NtpTrustedTime: currentTimeMillis() cache hit
05-23 12:22:51.734 29266 30285 I Claw    : [0m[      98.732] [30;1mjni/../jni/src/claw/vfs/NativeMount.cpp:245: Aquire java class for JNI method: com/Claw/Android/NativeMount
05-23 12:22:51.734 29266 30285 I Claw    : [0m[      98.732] [30;1mjni/../jni/src/claw/vfs/NativeMount.cpp:245: JNI class acquired, acquire java method: GetFreeDiskSpace with args: (Ljava/lang/String;)J
05-23 12:22:51.734  2599  3012 D NtpTrustedTime: currentTimeMillis() cache hit
05-23 12:22:51.734  2599  3012 D NtpTrustedTime: currentTimeMillis() cache hit
05-23 12:22:51.734 29266 30285 I Claw    : [0m[      98.734] [30;1mjni/../jni/src/claw/vfs/NativeMount.cpp:245: Aquire java class for JNI method: com/Claw/Android/NativeMount
05-23 12:22:51.734 29266 30285 I Claw    : [0m[      98.735] [30;1mjni/../jni/src/claw/vfs/NativeMount.cpp:245: JNI class acquired, acquire java method: GetFreeDiskSpace with args: (Ljava/lang/String;)J
05-23 12:22:51.734  2599  3011 V NetworkStats: performPollLocked() took 41ms
05-23 12:22:51.744 29266 30285 I Claw    : [0m[      98.737] [30;1mjni/../jni/src/claw/vfs/NativeMount.cpp:245: Aquire java class for JNI method: com/Claw/Android/NativeMount
05-23 12:22:51.744 29266 30285 I Claw    : [0m[      98.737] [30;1mjni/../jni/src/claw/vfs/NativeMount.cpp:245: JNI class acquired, acquire java method: GetFreeDiskSpace with args: (Ljava/lang/String;)J
05-23 12:22:51.744 29266 30285 I Claw    : [0m[       98.74] [30;1mjni/../jni/src/claw/vfs/NativeMount.cpp:245: Aquire java class for JNI method: com/Claw/Android/NativeMount
05-23 12:22:51.744 29266 30285 I Claw    : [0m[       98.74] [30;1mjni/../jni/src/claw/vfs/NativeMount.cpp:245: JNI class acquired, acquire java method: GetFreeDiskSpace with args: (Ljava/lang/String;)J
05-23 12:22:51.744 29266 30285 I Claw    : [0m[      98.742] [30;1mjni/../jni/src/claw/vfs/NativeMount.cpp:245: Aquire java class for JNI method: com/Claw/Android/NativeMount
05-23 12:22:51.744 29266 30285 I Claw    : [0m[      98.742] [30;1mjni/../jni/src/claw/vfs/NativeMount.cpp:245: JNI class acquired, acquire java method: GetFreeDiskSpace with args: (Ljava/lang/String;)J
05-23 12:22:51.744 29266 30285 I Claw    : [0m[      98.745] [30;1mjni/../jni/src/claw/vfs/NativeMount.cpp:245: Aquire java class for JNI method: com/Claw/Android/NativeMount
05-23 12:22:51.744 29266 30285 I Claw    : [0m[      98.745] [30;1mjni/../jni/src/claw/vfs/NativeMount.cpp:245: JNI class acquired, acquire java method: GetFreeDiskSpace with args: (Ljava/lang/String;)J
05-23 12:22:51.754 29266 30285 I Claw    : [0m[      98.747] [30;1mjni/../jni/src/claw/vfs/NativeMount.cpp:245: Aquire java class for JNI method: com/Claw/Android/NativeMount
05-23 12:22:51.754 29266 30285 I Claw    : [0m[      98.747] [30;1mjni/../jni/src/claw/vfs/NativeMount.cpp:245: JNI class acquired, acquire java method: GetFreeDiskSpace with args: (Ljava/lang/String;)J
05-23 12:22:51.764 29266 30285 I Claw    : [0m[       98.76] [30;1mjni/../jni/src/claw/vfs/NativeMount.cpp:245: Aquire java class for JNI method: com/Claw/Android/NativeMount
05-23 12:22:51.764 29266 30285 I Claw    : [0m[      98.761] [30;1mjni/../jni/src/claw/vfs/NativeMount.cpp:245: JNI class acquired, acquire java method: GetFreeDiskSpace with args: (Ljava/lang/String;)J
05-23 12:22:51.764 29266 30285 I Claw    : [0m[      98.763] [30;1mjni/../jni/src/claw/vfs/NativeMount.cpp:245: Aquire java class for JNI method: com/Claw/Android/NativeMount
05-23 12:22:51.764 29266 30285 I Claw    : [0m[      98.763] [30;1mjni/../jni/src/claw/vfs/NativeMount.cpp:245: JNI class acquired, acquire java method: GetFreeDiskSpace with args: (Ljava/lang/String;)J
05-23 12:22:51.774 29266 30285 I Claw    : [0m[      98.765] [30;1mjni/../jni/src/claw/vfs/NativeMount.cpp:245: Aquire java class for JNI method: com/Claw/Android/NativeMount
05-23 12:22:51.774 29266 29306 I Claw    : [0m[      98.765] [30;1mjni/../jni/src/claw/graphics/pixeldata/PixelDataGL.cpp:321: 50x50 -> 52x50   100 pixels wasted
05-23 12:22:51.774 29266 30285 I Claw    : [0m[      98.766] [30;1mjni/../jni/src/claw/vfs/NativeMount.cpp:245: JNI class acquired, acquire java method: GetFreeDiskSpace with args: (Ljava/lang/String;)J
05-23 12:22:51.774 29266 30285 I Claw    : [0m[      98.769] [30;1mjni/../jni/src/claw/vfs/NativeMount.cpp:245: Aquire java class for JNI method: com/Claw/Android/NativeMount
05-23 12:22:51.774 29266 30285 I Claw    : [0m[      98.769] [30;1mjni/../jni/src/claw/vfs/NativeMount.cpp:245: JNI class acquired, acquire java method: GetFreeDiskSpace with args: (Ljava/lang/String;)J
05-23 12:22:51.774 29266 30285 I Claw    : [0m[      98.772] [30;1mjni/../jni/src/claw/vfs/NativeMount.cpp:245: Aquire java class for JNI method: com/Claw/Android/NativeMount
05-23 12:22:51.774 29266 30285 I Claw    : [0m[      98.772] [30;1mjni/../jni/src/claw/vfs/NativeMount.cpp:245: JNI class acquired, acquire java method: GetFreeDiskSpace with args: (Ljava/lang/String;)J
05-23 12:22:51.774 29266 29306 I Claw    : [0m[      98.774] [30;1mjni/../jni/src/claw/graphics/surface/SurfaceHW.cpp:880: Surface  xy: 4, uv: 4, tri: 2
05-23 12:22:51.774 29266 30285 I Claw    : [0m[      98.775] [30;1mjni/../jni/src/claw/vfs/NativeMount.cpp:245: Aquire java class for JNI method: com/Claw/Android/NativeMount
05-23 12:22:51.774 29266 30285 I Claw    : [0m[      98.775] [30;1mjni/../jni/src/claw/vfs/NativeMount.cpp:245: JNI class acquired, acquire java method: GetFreeDiskSpace with args: (Ljava/lang/String;)J
05-23 12:22:51.784 29266 30285 I Claw    : [0m[      98.778] [30;1mjni/../jni/src/claw/vfs/NativeMount.cpp:245: Aquire java class for JNI method: com/Claw/Android/NativeMount
05-23 12:22:51.784 29266 30285 I Claw    : [0m[      98.778] [30;1mjni/../jni/src/claw/vfs/NativeMount.cpp:245: JNI class acquired, acquire java method: GetFreeDiskSpace with args: (Ljava/lang/String;)J
05-23 12:22:51.784 29266 30285 I Claw    : [0m[      98.781] [30;1mjni/../jni/src/claw/vfs/NativeMount.cpp:245: Aquire java class for JNI method: com/Claw/Android/NativeMount
05-23 12:22:51.784 29266 30285 I Claw    : [0m[      98.781] [30;1mjni/../jni/src/claw/vfs/NativeMount.cpp:245: JNI class acquired, acquire java method: GetFreeDiskSpace with args: (Ljava/lang/String;)J
05-23 12:22:51.784 29266 30285 I Claw    : [0m[      98.783] [30;1mjni/../jni/src/claw/vfs/NativeMount.cpp:245: Aquire java class for JNI method: com/Claw/Android/NativeMount
05-23 12:22:51.784 29266 30285 I Claw    : [0m[      98.784] [30;1mjni/../jni/src/claw/vfs/NativeMount.cpp:245: JNI class acquired, acquire java method: GetFreeDiskSpace with args: (Ljava/lang/String;)J
05-23 12:22:51.794 29266 30285 I Claw    : [0m[      98.786] [30;1mjni/../jni/src/claw/vfs/NativeMount.cpp:245: Aquire java class for JNI method: com/Claw/Android/NativeMount
05-23 12:22:51.794 29266 30285 I Claw    : [0m[      98.787] [30;1mjni/../jni/src/claw/vfs/NativeMount.cpp:245: JNI class acquired, acquire java method: GetFreeDiskSpace with args: (Ljava/lang/String;)J
05-23 12:22:51.794 29266 30285 I Claw    : [0m[      98.789] [30;1mjni/../jni/src/claw/vfs/NativeMount.cpp:245: Aquire java class for JNI method: com/Claw/Android/NativeMount
05-23 12:22:51.794 29266 30285 I Claw    : [0m[      98.789] [30;1mjni/../jni/src/claw/vfs/NativeMount.cpp:245: JNI class acquired, acquire java method: GetFreeDiskSpace with args: (Ljava/lang/String;)J
05-23 12:22:51.794 29266 30285 I Claw    : [0m[      98.792] [30;1mjni/../jni/src/claw/vfs/NativeMount.cpp:245: Aquire java class for JNI method: com/Claw/Android/NativeMount
05-23 12:22:51.794 29266 30285 I Claw    : [0m[      98.792] [30;1mjni/../jni/src/claw/vfs/NativeMount.cpp:245: JNI class acquired, acquire java method: GetFreeDiskSpace with args: (Ljava/lang/String;)J
05-23 12:22:51.794 29266 30285 I Claw    : [0m[      98.795] [30;1mjni/../jni/src/claw/vfs/NativeMount.cpp:245: Aquire java class for JNI method: com/Claw/Android/NativeMount
05-23 12:22:51.794 29266 30285 I Claw    : [0m[      98.795] [30;1mjni/../jni/src/claw/vfs/NativeMount.cpp:245: JNI class acquired, acquire java method: GetFreeDiskSpace with args: (Ljava/lang/String;)J
05-23 12:22:51.804 29266 30285 I Claw    : [0m[      98.798] [30;1mjni/../jni/src/claw/vfs/NativeMount.cpp:245: Aquire java class for JNI method: com/Claw/Android/NativeMount
05-23 12:22:51.804 29266 30285 I Claw    : [0m[      98.798] [30;1mjni/../jni/src/claw/vfs/NativeMount.cpp:245: JNI class acquired, acquire java method: GetFreeDiskSpace with args: (Ljava/lang/String;)J
05-23 12:22:51.804 29266 30285 I Claw    : [0m[        98.8] [30;1mjni/../jni/src/claw/vfs/NativeMount.cpp:245: Aquire java class for JNI method: com/Claw/Android/NativeMount
05-23 12:22:51.804 29266 30285 I Claw    : [0m[      98.801] [30;1mjni/../jni/src/claw/vfs/NativeMount.cpp:245: JNI class acquired, acquire java method: GetFreeDiskSpace with args: (Ljava/lang/String;)J
05-23 12:22:51.804 29266 30285 I Claw    : [0m[      98.803] [30;1mjni/../jni/src/claw/vfs/NativeMount.cpp:245: Aquire java class for JNI method: com/Claw/Android/NativeMount
05-23 12:22:51.804 29266 30285 I Claw    : [0m[      98.804] [30;1mjni/../jni/src/claw/vfs/NativeMount.cpp:245: JNI class acquired, acquire java method: GetFreeDiskSpace with args: (Ljava/lang/String;)J
05-23 12:22:51.814 29266 30285 I Claw    : [0m[      98.806] [30;1mjni/../jni/src/claw/vfs/NativeMount.cpp:245: Aquire java class for JNI method: com/Claw/Android/NativeMount
05-23 12:22:51.814 29266 30285 I Claw    : [0m[      98.806] [30;1mjni/../jni/src/claw/vfs/NativeMount.cpp:245: JNI class acquired, acquire java method: GetFreeDiskSpace with args: (Ljava/lang/String;)J
05-23 12:22:51.814 29266 30285 I Claw    : [0m[      98.809] [30;1mjni/../jni/src/claw/vfs/NativeMount.cpp:245: Aquire java class for JNI method: com/Claw/Android/NativeMount
05-23 12:22:51.814 29266 30285 I Claw    : [0m[      98.809] [30;1mjni/../jni/src/claw/vfs/NativeMount.cpp:245: JNI class acquired, acquire java method: GetFreeDiskSpace with args: (Ljava/lang/String;)J
05-23 12:22:51.814 29266 30285 I Claw    : [0m[      98.812] [30;1mjni/../jni/src/claw/vfs/NativeMount.cpp:245: Aquire java class for JNI method: com/Claw/Android/NativeMount
05-23 12:22:51.814 29266 30285 I Claw    : [0m[      98.812] [30;1mjni/../jni/src/claw/vfs/NativeMount.cpp:245: JNI class acquired, acquire java method: GetFreeDiskSpace with args: (Ljava/lang/String;)J
05-23 12:22:51.814 29266 30285 I Claw    : [0m[      98.814] [30;1mjni/../jni/src/claw/vfs/NativeMount.cpp:245: Aquire java class for JNI method: com/Claw/Android/NativeMount
05-23 12:22:51.814 29266 30285 I Claw    : [0m[      98.815] [30;1mjni/../jni/src/claw/vfs/NativeMount.cpp:245: JNI class acquired, acquire java method: GetFreeDiskSpace with args: (Ljava/lang/String;)J
05-23 12:22:51.824 29266 30285 I Claw    : [0m[      98.817] [30;1mjni/../jni/src/claw/vfs/NativeMount.cpp:245: Aquire java class for JNI method: com/Claw/Android/NativeMount
05-23 12:22:51.824 29266 30285 I Claw    : [0m[      98.817] [30;1mjni/../jni/src/claw/vfs/NativeMount.cpp:245: JNI class acquired, acquire java method: GetFreeDiskSpace with args: (Ljava/lang/String;)J
05-23 12:22:51.824 29266 30285 I Claw    : [0m[      98.819] [30;1mjni/../jni/src/claw/vfs/NativeMount.cpp:245: Aquire java class for JNI method: com/Claw/Android/NativeMount
05-23 12:22:51.824 29266 30285 I Claw    : [0m[       98.82] [30;1mjni/../jni/src/claw/vfs/NativeMount.cpp:245: JNI class acquired, acquire java method: GetFreeDiskSpace with args: (Ljava/lang/String;)J
05-23 12:22:51.824 29266 30285 I Claw    : [0m[      98.822] [30;1mjni/../jni/src/claw/vfs/NativeMount.cpp:245: Aquire java class for JNI method: com/Claw/Android/NativeMount
05-23 12:22:51.824 29266 30285 I Claw    : [0m[      98.822] [30;1mjni/../jni/src/claw/vfs/NativeMount.cpp:245: JNI class acquired, acquire java method: GetFreeDiskSpace with args: (Ljava/lang/String;)J
05-23 12:22:51.824 29266 30285 I Claw    : [0m[      98.824] [30;1mjni/../jni/src/claw/vfs/NativeMount.cpp:245: Aquire java class for JNI method: com/Claw/Android/NativeMount
05-23 12:22:51.824 29266 30285 I Claw    : [0m[      98.824] [30;1mjni/../jni/src/claw/vfs/NativeMount.cpp:245: JNI class acquired, acquire java method: GetFreeDiskSpace with args: (Ljava/lang/String;)J
05-23 12:22:51.834 29266 30285 I Claw    : [0m[      98.826] [30;1mjni/../jni/src/claw/vfs/NativeMount.cpp:245: Aquire java class for JNI method: com/Claw/Android/NativeMount
05-23 12:22:51.834 29266 30285 I Claw    : [0m[      98.826] [30;1mjni/../jni/src/claw/vfs/NativeMount.cpp:245: JNI class acquired, acquire java method: GetFreeDiskSpace with args: (Ljava/lang/String;)J
05-23 12:22:51.834 29266 30285 I Claw    : [0m[      98.829] [30;1mjni/../jni/src/claw/vfs/NativeMount.cpp:245: Aquire java class for JNI method: com/Claw/Android/NativeMount
05-23 12:22:51.834 29266 30285 I Claw    : [0m[      98.829] [30;1mjni/../jni/src/claw/vfs/NativeMount.cpp:245: JNI class acquired, acquire java method: GetFreeDiskSpace with args: (Ljava/lang/String;)J
05-23 12:22:51.834 29266 30285 I Claw    : [0m[      98.831] [30;1mjni/../jni/src/claw/vfs/NativeMount.cpp:245: Aquire java class for JNI method: com/Claw/Android/NativeMount
05-23 12:22:51.834 29266 30285 I Claw    : [0m[      98.831] [30;1mjni/../jni/src/claw/vfs/NativeMount.cpp:245: JNI class acquired, acquire java method: GetFreeDiskSpace with args: (Ljava/lang/String;)J
05-23 12:22:51.834 29266 30285 I Claw    : [0m[      98.833] [30;1mjni/../jni/src/claw/vfs/NativeMount.cpp:245: Aquire java class for JNI method: com/Claw/Android/NativeMount
05-23 12:22:51.834 29266 30285 I Claw    : [0m[      98.833] [30;1mjni/../jni/src/claw/vfs/NativeMount.cpp:245: JNI class acquired, acquire java method: GetFreeDiskSpace with args: (Ljava/lang/String;)J
05-23 12:22:51.844 29266 30285 I Claw    : [0m[      98.836] [30;1mjni/../jni/src/claw/vfs/NativeMount.cpp:245: Aquire java class for JNI method: com/Claw/Android/NativeMount
05-23 12:22:51.844 29266 30285 I Claw    : [0m[      98.836] [30;1mjni/../jni/src/claw/vfs/NativeMount.cpp:245: JNI class acquired, acquire java method: GetFreeDiskSpace with args: (Ljava/lang/String;)J
05-23 12:22:51.844 29266 30285 I Claw    : [0m[      98.839] [30;1mjni/../jni/src/claw/vfs/NativeMount.cpp:245: Aquire java class for JNI method: com/Claw/Android/NativeMount
05-23 12:22:51.844 29266 30285 I Claw    : [0m[      98.839] [30;1mjni/../jni/src/claw/vfs/NativeMount.cpp:245: JNI class acquired, acquire java method: GetFreeDiskSpace with args: (Ljava/lang/String;)J
05-23 12:22:51.844 29266 29306 I Claw    : [0m[      98.842] [30;1mjni/../jni/src/claw/graphics/pixeldata/PixelDataGL.cpp:321: 50x50 -> 52x50   100 pixels wasted
05-23 12:22:51.844 29266 30285 I Claw    : [0m[      98.842] [30;1mjni/../jni/src/claw/vfs/NativeMount.cpp:245: Aquire java class for JNI method: com/Claw/Android/NativeMount
05-23 12:22:51.844 29266 30285 I Claw    : [0m[      98.842] [30;1mjni/../jni/src/claw/vfs/NativeMount.cpp:245: JNI class acquired, acquire java method: GetFreeDiskSpace with args: (Ljava/lang/String;)J
05-23 12:22:51.854 29266 30285 I Claw    : [0m[      98.846] [30;1mjni/../jni/src/claw/vfs/NativeMount.cpp:245: Aquire java class for JNI method: com/Claw/Android/NativeMount
05-23 12:22:51.854 29266 30285 I Claw    : [0m[      98.846] [30;1mjni/../jni/src/claw/vfs/NativeMount.cpp:245: JNI class acquired, acquire java method: GetFreeDiskSpace with args: (Ljava/lang/String;)J
05-23 12:22:51.854 29266 30285 I Claw    : [0m[      98.849] [30;1mjni/../jni/src/claw/vfs/NativeMount.cpp:245: Aquire java class for JNI method: com/Claw/Android/NativeMount
05-23 12:22:51.854 29266 30285 I Claw    : [0m[      98.849] [30;1mjni/../jni/src/claw/vfs/NativeMount.cpp:245: JNI class acquired, acquire java method: GetFreeDiskSpace with args: (Ljava/lang/String;)J
05-23 12:22:51.854 29266 29306 I Claw    : [0m[      98.852] [30;1mjni/../jni/src/claw/graphics/surface/SurfaceHW.cpp:880: Surface  xy: 4, uv: 4, tri: 2
05-23 12:22:51.854 29266 30285 I Claw    : [0m[      98.855] [30;1mjni/../jni/src/claw/vfs/NativeMount.cpp:245: Aquire java class for JNI method: com/Claw/Android/NativeMount
05-23 12:22:51.854 29266 30285 I Claw    : [0m[      98.855] [30;1mjni/../jni/src/claw/vfs/NativeMount.cpp:245: JNI class acquired, acquire java method: GetFreeDiskSpace with args: (Ljava/lang/String;)J
05-23 12:22:51.864 29266 30285 I Claw    : [0m[      98.857] [30;1mjni/../jni/src/claw/vfs/NativeMount.cpp:245: Aquire java class for JNI method: com/Claw/Android/NativeMount
05-23 12:22:51.864 29266 30285 I Claw    : [0m[      98.857] [30;1mjni/../jni/src/claw/vfs/NativeMount.cpp:245: JNI class acquired, acquire java method: GetFreeDiskSpace with args: (Ljava/lang/String;)J
05-23 12:22:51.864 29266 30285 I Claw    : [0m[      98.859] [30;1mjni/../jni/src/claw/vfs/NativeMount.cpp:245: Aquire java class for JNI method: com/Claw/Android/NativeMount
05-23 12:22:51.864 29266 30285 I Claw    : [0m[       98.86] [30;1mjni/../jni/src/claw/vfs/NativeMount.cpp:245: JNI class acquired, acquire java method: GetFreeDiskSpace with args: (Ljava/lang/String;)J
05-23 12:22:51.864 29266 30285 I Claw    : [0m[      98.862] [30;1mjni/../jni/src/claw/vfs/NativeMount.cpp:245: Aquire java class for JNI method: com/Claw/Android/NativeMount
05-23 12:22:51.864 29266 30285 I Claw    : [0m[      98.862] [30;1mjni/../jni/src/claw/vfs/NativeMount.cpp:245: JNI class acquired, acquire java method: GetFreeDiskSpace with args: (Ljava/lang/String;)J
05-23 12:22:51.864 29266 30285 I Claw    : [0m[      98.864] [30;1mjni/../jni/src/claw/vfs/NativeMount.cpp:245: Aquire java class for JNI method: com/Claw/Android/NativeMount
05-23 12:22:51.864 29266 30285 I Claw    : [0m[      98.864] [30;1mjni/../jni/src/claw/vfs/NativeMount.cpp:245: JNI class acquired, acquire java method: GetFreeDiskSpace with args: (Ljava/lang/String;)J
05-23 12:22:51.874 29266 30285 I Claw    : [0m[      98.868] [30;1mjni/../jni/src/claw/vfs/NativeMount.cpp:245: Aquire java class for JNI method: com/Claw/Android/NativeMount
05-23 12:22:51.874 29266 30285 I Claw    : [0m[      98.868] [30;1mjni/../jni/src/claw/vfs/NativeMount.cpp:245: JNI class acquired, acquire java method: GetFreeDiskSpace with args: (Ljava/lang/String;)J
05-23 12:22:51.874 29266 30285 I Claw    : [0m[       98.87] [30;1mjni/../jni/src/claw/vfs/NativeMount.cpp:245: Aquire java class for JNI method: com/Claw/Android/NativeMount
05-23 12:22:51.874 29266 30285 I Claw    : [0m[       98.87] [30;1mjni/../jni/src/claw/vfs/NativeMount.cpp:245: JNI class acquired, acquire java method: GetFreeDiskSpace with args: (Ljava/lang/String;)J
05-23 12:22:51.874 29266 30285 I Claw    : [0m[      98.873] [30;1mjni/../jni/src/claw/vfs/NativeMount.cpp:245: Aquire java class for JNI method: com/Claw/Android/NativeMount
05-23 12:22:51.874 29266 30285 I Claw    : [0m[      98.873] [30;1mjni/../jni/src/claw/vfs/NativeMount.cpp:245: JNI class acquired, acquire java method: GetFreeDiskSpace with args: (Ljava/lang/String;)J
05-23 12:22:51.884 29266 30285 I Claw    : [0m[      98.876] [30;1mjni/../jni/src/claw/vfs/NativeMount.cpp:245: Aquire java class for JNI method: com/Claw/Android/NativeMount
05-23 12:22:51.884 29266 30285 I Claw    : [0m[      98.876] [30;1mjni/../jni/src/claw/vfs/NativeMount.cpp:245: JNI class acquired, acquire java method: GetFreeDiskSpace with args: (Ljava/lang/String;)J
05-23 12:22:51.884 29266 30285 I Claw    : [0m[      98.879] [30;1mjni/../jni/src/claw/vfs/NativeMount.cpp:245: Aquire java class for JNI method: com/Claw/Android/NativeMount
05-23 12:22:51.884 29266 30285 I Claw    : [0m[      98.879] [30;1mjni/../jni/src/claw/vfs/NativeMount.cpp:245: JNI class acquired, acquire java method: GetFreeDiskSpace with args: (Ljava/lang/String;)J
05-23 12:22:51.884 29266 30285 I Claw    : [0m[      98.883] [30;1mjni/../jni/src/claw/vfs/NativeMount.cpp:245: Aquire java class for JNI method: com/Claw/Android/NativeMount
05-23 12:22:51.884 29266 30285 I Claw    : [0m[      98.883] [30;1mjni/../jni/src/claw/vfs/NativeMount.cpp:245: JNI class acquired, acquire java method: GetFreeDiskSpace with args: (Ljava/lang/String;)J
05-23 12:22:51.894 29266 30285 I Claw    : [0m[      98.886] [30;1mjni/../jni/src/claw/vfs/NativeMount.cpp:245: Aquire java class for JNI method: com/Claw/Android/NativeMount
05-23 12:22:51.894 29266 30285 I Claw    : [0m[      98.886] [30;1mjni/../jni/src/claw/vfs/NativeMount.cpp:245: JNI class acquired, acquire java method: GetFreeDiskSpace with args: (Ljava/lang/String;)J
05-23 12:22:51.894 29266 30285 I Claw    : [0m[       98.89] [30;1mjni/../jni/src/claw/vfs/NativeMount.cpp:245: Aquire java class for JNI method: com/Claw/Android/NativeMount
05-23 12:22:51.894 29266 30285 I Claw    : [0m[      98.891] [30;1mjni/../jni/src/claw/vfs/NativeMount.cpp:245: JNI class acquired, acquire java method: GetFreeDiskSpace with args: (Ljava/lang/String;)J
05-23 12:22:51.894 29266 30285 I Claw    : [0m[      98.893] [30;1mjni/../jni/src/claw/vfs/NativeMount.cpp:245: Aquire java class for JNI method: com/Claw/Android/NativeMount
05-23 12:22:51.894 29266 30285 I Claw    : [0m[      98.893] [30;1mjni/../jni/src/claw/vfs/NativeMount.cpp:245: JNI class acquired, acquire java method: GetFreeDiskSpace with args: (Ljava/lang/String;)J
05-23 12:22:51.904 29266 30285 I Claw    : [0m[      98.896] [30;1mjni/../jni/src/claw/vfs/NativeMount.cpp:245: Aquire java class for JNI method: com/Claw/Android/NativeMount
05-23 12:22:51.904 29266 30285 I Claw    : [0m[      98.896] [30;1mjni/../jni/src/claw/vfs/NativeMount.cpp:245: JNI class acquired, acquire java method: GetFreeDiskSpace with args: (Ljava/lang/String;)J
05-23 12:22:51.904 29266 30285 I Claw    : [0m[      98.899] [30;1mjni/../jni/src/claw/vfs/NativeMount.cpp:245: Aquire java class for JNI method: com/Claw/Android/NativeMount
05-23 12:22:51.904 29266 30285 I Claw    : [0m[      98.899] [30;1mjni/../jni/src/claw/vfs/NativeMount.cpp:245: JNI class acquired, acquire java method: GetFreeDiskSpace with args: (Ljava/lang/String;)J
05-23 12:22:51.904 29266 30285 I Claw    : [0m[      98.901] [30;1mjni/../jni/src/claw/vfs/NativeMount.cpp:245: Aquire java class for JNI method: com/Claw/Android/NativeMount
05-23 12:22:51.904 29266 30285 I Claw    : [0m[      98.901] [30;1mjni/../jni/src/claw/vfs/NativeMount.cpp:245: JNI class acquired, acquire java method: GetFreeDiskSpace with args: (Ljava/lang/String;)J
05-23 12:22:51.904 29266 30285 I Claw    : [0m[      98.903] [30;1mjni/../jni/src/claw/vfs/NativeMount.cpp:245: Aquire java class for JNI method: com/Claw/Android/NativeMount
05-23 12:22:51.904 29266 30285 I Claw    : [0m[      98.903] [30;1mjni/../jni/src/claw/vfs/NativeMount.cpp:245: JNI class acquired, acquire java method: GetFreeDiskSpace with args: (Ljava/lang/String;)J
05-23 12:22:51.914 29266 30285 I Claw    : [0m[      98.909] [30;1mjni/../jni/src/claw/vfs/NativeMount.cpp:245: Aquire java class for JNI method: com/Claw/Android/NativeMount
05-23 12:22:51.914 29266 30285 I Claw    : [0m[      98.909] [30;1mjni/../jni/src/claw/vfs/NativeMount.cpp:245: JNI class acquired, acquire java method: GetFreeDiskSpace with args: (Ljava/lang/String;)J
05-23 12:22:51.914 29266 30285 I Claw    : [0m[      98.911] [30;1mjni/../jni/src/claw/vfs/NativeMount.cpp:245: Aquire java class for JNI method: com/Claw/Android/NativeMount
05-23 12:22:51.914 29266 30285 I Claw    : [0m[      98.911] [30;1mjni/../jni/src/claw/vfs/NativeMount.cpp:245: JNI class acquired, acquire java method: GetFreeDiskSpace with args: (Ljava/lang/String;)J
05-23 12:22:51.924 29266 29306 I Claw    : [0m[      98.919] [30;1mjni/../jni/src/claw/graphics/pixeldata/PixelDataGL.cpp:321: 50x50 -> 52x50   100 pixels wasted
05-23 12:22:51.934 29266 29306 I Claw    : [0m[      98.926] [30;1mjni/../jni/src/claw/graphics/surface/SurfaceHW.cpp:880: Surface  xy: 4, uv: 4, tri: 2
05-23 12:22:51.954 29266 30285 I Claw    : [0m[       98.95] [30;1mjni/../jni/src/claw/vfs/NativeMount.cpp:245: Aquire java class for JNI method: com/Claw/Android/NativeMount
05-23 12:22:51.954 29266 30285 I Claw    : [0m[      98.951] [30;1mjni/../jni/src/claw/vfs/NativeMount.cpp:245: JNI class acquired, acquire java method: GetFreeDiskSpace with args: (Ljava/lang/String;)J
05-23 12:22:51.954 29266 30285 I Claw    : [0m[      98.953] [30;1mjni/../jni/src/claw/vfs/NativeMount.cpp:245: Aquire java class for JNI method: com/Claw/Android/NativeMount
05-23 12:22:51.954 29266 30285 I Claw    : [0m[      98.954] [30;1mjni/../jni/src/claw/vfs/NativeMount.cpp:245: JNI class acquired, acquire java method: GetFreeDiskSpace with args: (Ljava/lang/String;)J
05-23 12:22:51.964 29266 30285 I Claw    : [0m[      98.956] [30;1mjni/../jni/src/claw/vfs/NativeMount.cpp:245: Aquire java class for JNI method: com/Claw/Android/NativeMount
05-23 12:22:51.964 29266 30285 I Claw    : [0m[      98.956] [30;1mjni/../jni/src/claw/vfs/NativeMount.cpp:245: JNI class acquired, acquire java method: GetFreeDiskSpace with args: (Ljava/lang/String;)J
05-23 12:22:52.004 29266 29306 I Claw    : [0m[      98.996] [30;1mjni/../jni/src/claw/graphics/pixeldata/PixelDataGL.cpp:321: 50x50 -> 52x50   100 pixels wasted
05-23 12:22:52.004 29266 30285 I Claw    : [0m[      98.999] [30;1mjni/../jni/src/claw/vfs/NativeMount.cpp:245: Aquire java class for JNI method: com/Claw/Android/NativeMount
05-23 12:22:52.004 29266 30285 I Claw    : [0m[          99] [30;1mjni/../jni/src/claw/vfs/NativeMount.cpp:245: JNI class acquired, acquire java method: GetFreeDiskSpace with args: (Ljava/lang/String;)J
05-23 12:22:52.004 29266 30285 I Claw    : [0m[      99.002] [30;1mjni/../jni/src/claw/vfs/NativeMount.cpp:245: Aquire java class for JNI method: com/Claw/Android/NativeMount
05-23 12:22:52.004 29266 30285 I Claw    : [0m[      99.002] [30;1mjni/../jni/src/claw/vfs/NativeMount.cpp:245: JNI class acquired, acquire java method: GetFreeDiskSpace with args: (Ljava/lang/String;)J
05-23 12:22:52.004 29266 29306 I Claw    : [0m[      99.004] [30;1mjni/../jni/src/claw/graphics/surface/SurfaceHW.cpp:880: Surface  xy: 4, uv: 4, tri: 2
05-23 12:22:52.004 29266 30285 I Claw    : [0m[      99.004] [30;1mjni/../jni/src/claw/vfs/NativeMount.cpp:245: Aquire java class for JNI method: com/Claw/Android/NativeMount
05-23 12:22:52.004 29266 30285 I Claw    : [0m[      99.004] [30;1mjni/../jni/src/claw/vfs/NativeMount.cpp:245: JNI class acquired, acquire java method: GetFreeDiskSpace with args: (Ljava/lang/String;)J
05-23 12:22:52.014 29266 30285 I Claw    : [0m[      99.006] [30;1mjni/../jni/src/claw/vfs/NativeMount.cpp:245: Aquire java class for JNI method: com/Claw/Android/NativeMount
05-23 12:22:52.014 29266 30285 I Claw    : [0m[      99.007] [30;1mjni/../jni/src/claw/vfs/NativeMount.cpp:245: JNI class acquired, acquire java method: GetFreeDiskSpace with args: (Ljava/lang/String;)J
05-23 12:22:52.014 29266 30285 I Claw    : [0m[      99.009] [30;1mjni/../jni/src/claw/vfs/NativeMount.cpp:245: Aquire java class for JNI method: com/Claw/Android/NativeMount
05-23 12:22:52.014 29266 30285 I Claw    : [0m[      99.009] [30;1mjni/../jni/src/claw/vfs/NativeMount.cpp:245: JNI class acquired, acquire java method: GetFreeDiskSpace with args: (Ljava/lang/String;)J
05-23 12:22:52.014 29266 30285 I Claw    : [0m[      99.011] [30;1mjni/../jni/src/claw/vfs/NativeMount.cpp:245: Aquire java class for JNI method: com/Claw/Android/NativeMount
05-23 12:22:52.014 29266 30285 I Claw    : [0m[      99.011] [30;1mjni/../jni/src/claw/vfs/NativeMount.cpp:245: JNI class acquired, acquire java method: GetFreeDiskSpace with args: (Ljava/lang/String;)J
05-23 12:22:52.014 29266 30285 I Claw    : [0m[      99.013] [30;1mjni/../jni/src/claw/vfs/NativeMount.cpp:245: Aquire java class for JNI method: com/Claw/Android/NativeMount
05-23 12:22:52.014 29266 30285 I Claw    : [0m[      99.013] [30;1mjni/../jni/src/claw/vfs/NativeMount.cpp:245: JNI class acquired, acquire java method: GetFreeDiskSpace with args: (Ljava/lang/String;)J
05-23 12:22:52.024 29266 30285 I Claw    : [0m[      99.015] [30;1mjni/../jni/src/claw/vfs/NativeMount.cpp:245: Aquire java class for JNI method: com/Claw/Android/NativeMount
05-23 12:22:52.024 29266 30285 I Claw    : [0m[      99.016] [30;1mjni/../jni/src/claw/vfs/NativeMount.cpp:245: JNI class acquired, acquire java method: GetFreeDiskSpace with args: (Ljava/lang/String;)J
05-23 12:22:52.024 29266 30285 I Claw    : [0m[      99.018] [30;1mjni/../jni/src/claw/vfs/NativeMount.cpp:245: Aquire java class for JNI method: com/Claw/Android/NativeMount
05-23 12:22:52.024 29266 30285 I Claw    : [0m[      99.018] [30;1mjni/../jni/src/claw/vfs/NativeMount.cpp:245: JNI class acquired, acquire java method: GetFreeDiskSpace with args: (Ljava/lang/String;)J
05-23 12:22:52.024 29266 30285 I Claw    : [0m[       99.02] [30;1mjni/../jni/src/claw/vfs/NativeMount.cpp:245: Aquire java class for JNI method: com/Claw/Android/NativeMount
05-23 12:22:52.024 29266 30285 I Claw    : [0m[       99.02] [30;1mjni/../jni/src/claw/vfs/NativeMount.cpp:245: JNI class acquired, acquire java method: GetFreeDiskSpace with args: (Ljava/lang/String;)J
05-23 12:22:52.024 29266 30285 I Claw    : [0m[      99.022] [30;1mjni/../jni/src/claw/vfs/NativeMount.cpp:245: Aquire java class for JNI method: com/Claw/Android/NativeMount
05-23 12:22:52.024 29266 30285 I Claw    : [0m[      99.022] [30;1mjni/../jni/src/claw/vfs/NativeMount.cpp:245: JNI class acquired, acquire java method: GetFreeDiskSpace with args: (Ljava/lang/String;)J
05-23 12:22:52.024 29266 30285 I Claw    : [0m[      99.024] [30;1mjni/../jni/src/claw/vfs/NativeMount.cpp:245: Aquire java class for JNI method: com/Claw/Android/NativeMount
05-23 12:22:52.024 29266 30285 I Claw    : [0m[      99.024] [30;1mjni/../jni/src/claw/vfs/NativeMount.cpp:245: JNI class acquired, acquire java method: GetFreeDiskSpace with args: (Ljava/lang/String;)J
05-23 12:22:52.034 29266 30285 I Claw    : [0m[      99.026] [30;1mjni/../jni/src/claw/vfs/NativeMount.cpp:245: Aquire java class for JNI method: com/Claw/Android/NativeMount
05-23 12:22:52.034 29266 30285 I Claw    : [0m[      99.027] [30;1mjni/../jni/src/claw/vfs/NativeMount.cpp:245: JNI class acquired, acquire java method: GetFreeDiskSpace with args: (Ljava/lang/String;)J
05-23 12:22:52.034 29266 30285 I Claw    : [0m[      99.027] [30;1mjni/../jni/src/claw/vfs/android/AndroidSaveFile.cpp:82: Open new save assetcache/music_hanabi.pak.meta
05-23 12:22:52.034 29266 30285 I Claw    : [0m[      99.029] [30;1mjni/../jni/src/claw/vfs/NativeMount.cpp:245: Aquire java class for JNI method: com/Claw/Android/NativeMount
05-23 12:22:52.034 29266 30285 I Claw    : [0m[      99.029] [30;1mjni/../jni/src/claw/vfs/NativeMount.cpp:245: JNI class acquired, acquire java method: GetFreeDiskSpace with args: (Ljava/lang/String;)J
05-23 12:22:52.034 29266 30285 I Claw    : [0m[      99.031] [30;1mjni/../jni/src/claw/vfs/NativeMount.cpp:245: Aquire java class for JNI method: com/Claw/Android/NativeMount
05-23 12:22:52.034 29266 30285 I Claw    : [0m[      99.031] [30;1mjni/../jni/src/claw/vfs/NativeMount.cpp:245: JNI class acquired, acquire java method: GetFreeDiskSpace with args: (Ljava/lang/String;)J
05-23 12:22:52.034 29266 30285 I Claw    : [0m[      99.032] [30;1mjni/../jni/src/claw/vfs/NativeMount.cpp:245: Aquire java class for JNI method: com/Claw/Android/NativeMount
05-23 12:22:52.034 29266 30285 I Claw    : [0m[      99.032] [30;1mjni/../jni/src/claw/vfs/NativeMount.cpp:245: JNI class acquired, acquire java method: GetFreeDiskSpace with args: (Ljava/lang/String;)J
05-23 12:22:52.034 29266 30285 I Claw    : [0m[      99.034] [30;1mjni/../jni/src/claw/vfs/NativeMount.cpp:245: Aquire java class for JNI method: com/Claw/Android/NativeMount
05-23 12:22:52.034 29266 30285 I Claw    : [0m[      99.034] [30;1mjni/../jni/src/claw/vfs/NativeMount.cpp:245: JNI class acquired, acquire java method: GetFreeDiskSpace with args: (Ljava/lang/String;)J
05-23 12:22:52.044 29266 30285 I Claw    : [0m[      99.036] [30;1mjni/../jni/src/claw/vfs/NativeMount.cpp:245: Aquire java class for JNI method: com/Claw/Android/NativeMount
05-23 12:22:52.044 29266 30285 I Claw    : [0m[      99.036] [30;1mjni/../jni/src/claw/vfs/NativeMount.cpp:245: JNI class acquired, acquire java method: GetFreeDiskSpace with args: (Ljava/lang/String;)J
05-23 12:22:52.044 29266 30285 I Claw    : [0m[      99.038] [30;1mjni/../jni/src/claw/vfs/NativeMount.cpp:245: Aquire java class for JNI method: com/Claw/Android/NativeMount
05-23 12:22:52.044 29266 30285 I Claw    : [0m[      99.038] [30;1mjni/../jni/src/claw/vfs/NativeMount.cpp:245: JNI class acquired, acquire java method: GetFreeDiskSpace with args: (Ljava/lang/String;)J
05-23 12:22:52.044 29266 30285 I Claw    : [0m[       99.04] [30;1mjni/../jni/src/claw/vfs/NativeMount.cpp:245: Aquire java class for JNI method: com/Claw/Android/NativeMount
05-23 12:22:52.044 29266 30285 I Claw    : [0m[      99.041] [30;1mjni/../jni/src/claw/vfs/NativeMount.cpp:245: JNI class acquired, acquire java method: GetFreeDiskSpace with args: (Ljava/lang/String;)J
05-23 12:22:52.044 29266 30285 I Claw    : [0m[      99.042] [30;1mjni/../jni/src/claw/vfs/NativeMount.cpp:245: Aquire java class for JNI method: com/Claw/Android/NativeMount
05-23 12:22:52.044 29266 30285 I Claw    : [0m[      99.043] [30;1mjni/../jni/src/claw/vfs/NativeMount.cpp:245: JNI class acquired, acquire java method: GetFreeDiskSpace with args: (Ljava/lang/String;)J
05-23 12:22:52.044 29266 30285 I Claw    : [0m[      99.045] [30;1mjni/../jni/src/claw/vfs/NativeMount.cpp:245: Aquire java class for JNI method: com/Claw/Android/NativeMount
05-23 12:22:52.044 29266 30285 I Claw    : [0m[      99.045] [30;1mjni/../jni/src/claw/vfs/NativeMount.cpp:245: JNI class acquired, acquire java method: GetFreeDiskSpace with args: (Ljava/lang/String;)J
05-23 12:22:52.054 29266 30285 I Claw    : [0m[      99.047] [30;1mjni/../jni/src/claw/vfs/NativeMount.cpp:245: Aquire java class for JNI method: com/Claw/Android/NativeMount
05-23 12:22:52.054 29266 30285 I Claw    : [0m[      99.048] [30;1mjni/../jni/src/claw/vfs/NativeMount.cpp:245: JNI class acquired, acquire java method: GetFreeDiskSpace with args: (Ljava/lang/String;)J
05-23 12:22:52.054 29266 30285 I Claw    : [0m[       99.05] [30;1mjni/../jni/src/claw/vfs/NativeMount.cpp:245: Aquire java class for JNI method: com/Claw/Android/NativeMount
05-23 12:22:52.054 29266 30285 I Claw    : [0m[       99.05] [30;1mjni/../jni/src/claw/vfs/NativeMount.cpp:245: JNI class acquired, acquire java method: GetFreeDiskSpace with args: (Ljava/lang/String;)J
05-23 12:22:52.054 29266 30285 I Claw    : [0m[      99.052] [30;1mjni/../jni/src/claw/vfs/NativeMount.cpp:245: Aquire java class for JNI method: com/Claw/Android/NativeMount
05-23 12:22:52.054 29266 30285 I Claw    : [0m[      99.052] [30;1mjni/../jni/src/claw/vfs/NativeMount.cpp:245: JNI class acquired, acquire java method: GetFreeDiskSpace with args: (Ljava/lang/String;)J
05-23 12:22:52.054 29266 30285 I Claw    : [0m[      99.054] [30;1mjni/../jni/src/claw/vfs/NativeMount.cpp:245: Aquire java class for JNI method: com/Claw/Android/NativeMount
05-23 12:22:52.054 29266 30285 I Claw    : [0m[      99.054] [30;1mjni/../jni/src/claw/vfs/NativeMount.cpp:245: JNI class acquired, acquire java method: GetFreeDiskSpace with args: (Ljava/lang/String;)J
05-23 12:22:52.064 29266 30285 I Claw    : [0m[      99.057] [30;1mjni/../jni/src/claw/vfs/NativeMount.cpp:245: Aquire java class for JNI method: com/Claw/Android/NativeMount
05-23 12:22:52.064 29266 30285 I Claw    : [0m[      99.057] [30;1mjni/../jni/src/claw/vfs/NativeMount.cpp:245: JNI class acquired, acquire java method: GetFreeDiskSpace with args: (Ljava/lang/String;)J
05-23 12:22:52.064 29266 30285 I Claw    : [0m[      99.059] [30;1mjni/../jni/src/claw/vfs/NativeMount.cpp:245: Aquire java class for JNI method: com/Claw/Android/NativeMount
05-23 12:22:52.064 29266 30285 I Claw    : [0m[      99.059] [30;1mjni/../jni/src/claw/vfs/NativeMount.cpp:245: JNI class acquired, acquire java method: GetFreeDiskSpace with args: (Ljava/lang/String;)J
05-23 12:22:52.064 29266 30285 I Claw    : [0m[      99.061] [30;1mjni/../jni/src/claw/vfs/NativeMount.cpp:245: Aquire java class for JNI method: com/Claw/Android/NativeMount
05-23 12:22:52.064 29266 30285 I Claw    : [0m[      99.062] [30;1mjni/../jni/src/claw/vfs/NativeMount.cpp:245: JNI class acquired, acquire java method: GetFreeDiskSpace with args: (Ljava/lang/String;)J
05-23 12:22:52.064 29266 30285 I Claw    : [0m[      99.064] [30;1mjni/../jni/src/claw/vfs/NativeMount.cpp:245: Aquire java class for JNI method: com/Claw/Android/NativeMount
05-23 12:22:52.064 29266 30285 I Claw    : [0m[      99.064] [30;1mjni/../jni/src/claw/vfs/NativeMount.cpp:245: JNI class acquired, acquire java method: GetFreeDiskSpace with args: (Ljava/lang/String;)J
05-23 12:22:52.074 29266 30285 I Claw    : [0m[      99.066] [30;1mjni/../jni/src/claw/vfs/NativeMount.cpp:245: Aquire java class for JNI method: com/Claw/Android/NativeMount
05-23 12:22:52.074 29266 30285 I Claw    : [0m[      99.066] [30;1mjni/../jni/src/claw/vfs/NativeMount.cpp:245: JNI class acquired, acquire java method: GetFreeDiskSpace with args: (Ljava/lang/String;)J
05-23 12:22:52.074 29266 30285 I Claw    : [0m[      99.069] [30;1mjni/../jni/src/claw/vfs/NativeMount.cpp:245: Aquire java class for JNI method: com/Claw/Android/NativeMount
05-23 12:22:52.074 29266 30285 I Claw    : [0m[      99.069] [30;1mjni/../jni/src/claw/vfs/NativeMount.cpp:245: JNI class acquired, acquire java method: GetFreeDiskSpace with args: (Ljava/lang/String;)J
05-23 12:22:52.074 29266 30285 I Claw    : [0m[      99.071] [30;1mjni/../jni/src/claw/vfs/NativeMount.cpp:245: Aquire java class for JNI method: com/Claw/Android/NativeMount
05-23 12:22:52.074 29266 30285 I Claw    : [0m[      99.071] [30;1mjni/../jni/src/claw/vfs/NativeMount.cpp:245: JNI class acquired, acquire java method: GetFreeDiskSpace with args: (Ljava/lang/String;)J
05-23 12:22:52.074 29266 30285 I Claw    : [0m[      99.073] [30;1mjni/../jni/src/claw/vfs/NativeMount.cpp:245: Aquire java class for JNI method: com/Claw/Android/NativeMount
05-23 12:22:52.074 29266 30285 I Claw    : [0m[      99.074] [30;1mjni/../jni/src/claw/vfs/NativeMount.cpp:245: JNI class acquired, acquire java method: GetFreeDiskSpace with args: (Ljava/lang/String;)J
05-23 12:22:52.074 29266 29306 I Claw    : [0m[      99.074] [30;1mjni/../jni/src/claw/graphics/pixeldata/PixelDataGL.cpp:321: 50x50 -> 52x50   100 pixels wasted
05-23 12:22:52.084 29266 30285 I Claw    : [0m[      99.076] [30;1mjni/../jni/src/claw/vfs/NativeMount.cpp:245: Aquire java class for JNI method: com/Claw/Android/NativeMount
05-23 12:22:52.084 29266 30285 I Claw    : [0m[      99.076] [30;1mjni/../jni/src/claw/vfs/NativeMount.cpp:245: JNI class acquired, acquire java method: GetFreeDiskSpace with args: (Ljava/lang/String;)J
05-23 12:22:52.084 29266 30285 I Claw    : [0m[      99.078] [30;1mjni/../jni/src/claw/vfs/NativeMount.cpp:245: Aquire java class for JNI method: com/Claw/Android/NativeMount
05-23 12:22:52.084 29266 30285 I Claw    : [0m[      99.078] [30;1mjni/../jni/src/claw/vfs/NativeMount.cpp:245: JNI class acquired, acquire java method: GetFreeDiskSpace with args: (Ljava/lang/String;)J
05-23 12:22:52.084 29266 30285 I Claw    : [0m[       99.08] [30;1mjni/../jni/src/claw/vfs/NativeMount.cpp:245: Aquire java class for JNI method: com/Claw/Android/NativeMount
05-23 12:22:52.084 29266 30285 I Claw    : [0m[       99.08] [30;1mjni/../jni/src/claw/vfs/NativeMount.cpp:245: JNI class acquired, acquire java method: GetFreeDiskSpace with args: (Ljava/lang/String;)J
05-23 12:22:52.084 29266 29306 I Claw    : [0m[      99.081] [30;1mjni/../jni/src/claw/graphics/surface/SurfaceHW.cpp:880: Surface  xy: 4, uv: 4, tri: 2
05-23 12:22:52.084 29266 29426 I Claw    : [0m[      99.082] /home/jenkins/workspace/huuuge-stars/client-dev/hs-android/contrib/huuugeanalyticssdk/cpp/src/huuuge/analytics/HAHttp-android.cpp:80: Huuuge::analytics::HTTPAndroid::InvokeHttps 1nsjtnbmgl.execute-api.us-east-1.amazonaws.com public/dashboard-events
05-23 12:22:52.084 29266 29426 I Claw    : [0m[      99.083] /home/jenkins/workspace/huuuge-stars/client-dev/hs-android/contrib/huuugeanalyticssdk/cpp/src/huuuge/analytics/HAHttp-android.cpp:100: Huuuge::analytics::HTTPAndroid::InvokeHttps convert post payload 3882
05-23 12:22:52.084 29266 29426 I Claw    : [0m[      99.083] ../../../../../../../../contrib/huuugeanalyticssdk/cpp/contrib/jni/JniAttach.hpp:147: Aquire java class for JNI method: com/huuuge/analytics/HA
