04-13 14:48:00.060 10913 10960 I Claw    : [0m[     0.68059] [30;1mjni/../jni/src/claw/application/android/AndroidApplication.cpp:1138: Device name: sm-t713
04-13 14:48:00.060 10913 10960 I Claw    : [0m[     0.68111] [30;1mjni/../jni/src/claw/graphics/OpenGL.cpp:331: OpenGL vendor: Qualcomm
04-13 14:48:00.060 10913 10960 I Claw    : [0m[     0.68118] [30;1mjni/../jni/src/claw/graphics/OpenGL.cpp:332: OpenGL renderer: Adreno (TM) 510
04-13 14:48:00.060 10913 10960 I Claw    : [0m[     0.68122] [30;1mjni/../jni/src/claw/graphics/OpenGL.cpp:333: OpenGL version: OpenGL ES 3.2 V@145.0 (GIT@I8e5c908169)
04-13 14:48:00.060 10913 10960 I Claw    : [0m[     0.68127] [30;1mjni/../jni/src/claw/graphics/OpenGL.cpp:334: OpenGL extensions: GL_OES_EGL_image GL_OES_EGL_image_external GL_OES_EGL_sync GL_OES_vertex_half_float GL_OES_framebuffer_object GL_OES_rgb8_rgba8 GL_OES_compressed_ETC1_RGB8_texture GL_AMD_compressed_ATC_texture GL_KHR_texture_compression_astc_ldr GL_KHR_texture_compression_astc_hdr GL_OES_texture_compression_astc GL_OES_texture_npot GL_EXT_texture_filter_anisotropic GL_EXT_texture_format_BGRA8888 GL_OES_texture_3D GL_EXT_color_buffer_float GL_EXT_color_buffer_half_float GL_QCOM_alpha_test GL_OES_depth24 GL_OES_packed_depth_stencil GL_OES_depth_texture GL_OES_depth_texture_cube_map GL_EXT_sRGB GL_OES_texture_float GL_OES_texture_float_linear GL_OES_texture_half_float GL_OES_texture_half_float_linear GL_EXT_texture_type_2_10_10_10_REV GL_EXT_texture_sRGB_decode GL_OES_element_index_uint GL_EXT_copy_image GL_EXT_geometry_shader GL_EXT_tessellation_shader GL_OES_texture_stencil8 GL_EXT_shader_io_blocks GL_OES_shader_image_atomic GL_OES_samp
04-13 14:48:00.060 10913 10960 I Claw    : [0m[     0.68141] [30;1mjni/../jni/src/claw/graphics/OpenGL.cpp:430: ETC2 supported
04-13 14:48:00.061 10913 10960 I Claw    : [0m[     0.68147] [30;1mjni/../jni/src/claw/graphics/OpenGL.cpp:444: NPOT texture fully supported
04-13 14:48:00.061 10913 10960 I Claw    : [0m[      0.6817] [30;1mjni/../jni/src/claw/graphics/OpenGL.cpp:455: Max texture size: 16384x16384
04-13 14:48:00.061 10913 10960 I Claw    : [0m[     0.68176] [30;1mjni/../jni/src/claw/graphics/OpenGL.cpp:462: Max texturing units: 16
04-13 14:48:00.067 10913 10913 D ViewRootImpl@8229b1f[BootActivity]: Relayout returned: oldFrame=[0,0][2048,1536] newFrame=[0,0][2048,1536] result=0x1 surface={isValid=true -942270464} surfaceGenerationChanged=false
04-13 14:48:00.067  1249  1413 V InputMethodManagerService: windowGainedFocus: reason=WINDOW_FOCUS_GAIN client=android.os.BinderProxy@c4f1c50 inputContext=null missingMethods= attribute=android.view.inputmethod.EditorInfo@bdc6054 nm = com.google.android.packageinstaller controlFlags=#104 softInputMode=#120 windowFlags=#1800002
04-13 14:48:00.067  1249  1413 V InputMethodManagerService: Unspecified window will hide input
04-13 14:48:00.068  1249  1413 V InputMethodManagerService: hideCurrentInputLocked - !shouldHideSoftInput
04-13 14:48:00.068  2695  2695 D InputTransport: Input channel destroyed: fd=70
04-13 14:48:00.068  1249  1413 D InputTransport: Input channel constructed: fd=494
04-13 14:48:00.068  1249  1413 D InputTransport: Input channel destroyed: fd=494
04-13 14:48:00.068  1249  1272 D KnoxTimeoutHandler: notifyActivityDrawn [MsgParam] userId: 0 fullscreen is false showWhenlocked is false isMutiwindowRecord is false multiwindowstyle is 1
04-13 14:48:00.069 21757 21757 D InputTransport: Input channel constructed: fd=64
04-13 14:48:00.069  1249  1272 I ActivityManager: Displayed com.google.android.packageinstaller/com.android.packageinstaller.permission.ui.GrantPermissionsActivity: +107ms (total +909ms)
04-13 14:48:00.069  1249  1398 V WindowManager: Relayout Window{725a4c1d0 u0 SurfaceView - com.huuuge.stars.slots/com.huuuge.casino.BootActivity}: viewVisibility=0 req=2048x1536 WM.LayoutParams{(0,0)(2048x1536) gr=#800033 ty=1001 fl=#4218 pfl=0x10040 fmt=4 naviIconColor=0}
04-13 14:48:00.069  1249  1249 D KnoxTimeoutHandler: activityDrawn [MsgParam] userId: 0 fullscreen is false showWhenlocked is false isMutiwindowRecord is false multiwindowstyle is 1
04-13 14:48:00.070  1249  1249 I KnoxTimeoutHandler: SD activityfalse
04-13 14:48:00.075 10913 10978 I AppsFlyer_4.8.6: sendTrackingWithEvent from activity: com.huuuge.casino.BootActivity
04-13 14:48:00.076 10913 10978 I AppsFlyer_4.8.6: Trying to fetch GAID..
04-13 14:48:00.077 10913 10913 D SurfaceView: Relayout returned: oldFrame=[0,0][2048,1536] newFrame=[0,0][2048,1536] result=0x1 surface={Surface(name=null)/@0x3ae8a0f isValid=true -613083136}
04-13 14:48:00.086  1249  2614 D CompatibilityInfo: mCompatibilityFlags - 4
04-13 14:48:00.087  1249  2614 D CompatibilityInfo: applicationDensity - 320
04-13 14:48:00.087  1249  2614 D CompatibilityInfo: applicationScale - 1.0
04-13 14:48:00.098 10913 10960 I Claw    : [0m[     0.71921] [30;1mjni/../jni/src/claw/application/android/AndroidApplication.cpp:1023: Aquire java class for JNI method: com/Claw/Android/ClawActivityCommon
04-13 14:48:00.099 10913 10960 I Claw    : [0m[     0.71944] [30;1mjni/../jni/src/claw/application/android/AndroidApplication.cpp:1023: JNI class acquired, acquire java method: GetUserAccountsCount with args: ()I
04-13 14:48:00.099 10913 10960 I Claw    : [0m[     0.71955] [30;1mjni/../jni/src/claw/application/android/AndroidApplication.cpp:1053: Aquire java class for JNI method: com/Claw/Android/ClawActivityCommon
04-13 14:48:00.099 10913 10960 I Claw    : [0m[     0.71963] [30;1mjni/../jni/src/claw/application/android/AndroidApplication.cpp:1053: JNI class acquired, acquire java method: IsOXKeysSwapped with args: ()Z
04-13 14:48:00.099 10913 10960 I Claw    : [0m[      0.7197] [30;1mjni/../jni/src/claw/application/android/AndroidApplication.cpp:1065: Aquire java class for JNI method: com/Claw/Android/ClawActivityCommon
04-13 14:48:00.099 10913 10960 I Claw    : [0m[     0.71978] [30;1mjni/../jni/src/claw/application/android/AndroidApplication.cpp:1065: JNI class acquired, acquire java method: GetLanguageCode with args: ()Ljava/lang/String;
04-13 14:48:00.099 10913 10960 I Claw    : [0m[     0.71988] [30;1mjni/../jni/src/claw/application/android/AndroidApplication.cpp:1074: Aquire java class for JNI method: com/Claw/Android/ClawActivityCommon
04-13 14:48:00.099 10913 10960 I Claw    : [0m[        0.72] [30;1mjni/../jni/src/claw/application/android/AndroidApplication.cpp:1074: JNI class acquired, acquire java method: GetCountryCode with args: ()Ljava/lang/String;
04-13 14:48:00.099 10913 10960 I Claw    : [0m[     0.72011] [30;1mjni/../jni/src/claw/application/android/AndroidApplication.cpp:1083: Aquire java class for JNI method: com/Claw/Android/ClawActivityCommon
04-13 14:48:00.099 10913 10960 I Claw    : [0m[     0.72019] [30;1mjni/../jni/src/claw/application/android/AndroidApplication.cpp:1083: JNI class acquired, acquire java method: GetNetworkCountryCode with args: ()Ljava/lang/String;
04-13 14:48:00.100 10913 10960 I Claw    : [0m[     0.72106] [30;1mjni/../jni/src/claw/application/android/AndroidApplication.cpp:1099: Aquire java class for JNI method: com/Claw/Android/ClawActivityCommon
04-13 14:48:00.100 10913 10960 I Claw    : [0m[     0.72127] [30;1mjni/../jni/src/claw/application/android/AndroidApplication.cpp:1099: JNI class acquired, acquire java method: GetPackageName with args: ()Ljava/lang/String;
04-13 14:48:00.100 10913 10960 I Claw    : [0m[      0.7214] [30;1mjni/../jni/src/claw/application/android/AndroidApplication.cpp:1114: Aquire java class for JNI method: com/Claw/Android/ClawActivityCommon
04-13 14:48:00.101 10913 10960 I Claw    : [0m[      0.7215] [30;1mjni/../jni/src/claw/application/android/AndroidApplication.cpp:1114: JNI class acquired, acquire java method: GetIMSI with args: ()Ljava/lang/String;
04-13 14:48:00.104 10913 10960 I Claw    : [0m[     0.72534] [30;1mjni/../jni/src/claw/application/android/AndroidApplication.cpp:1121: IMSI: 
04-13 14:48:00.105 10913 10960 I Claw    : [0m[     0.72563] [30;1mjni/../jni/src/claw/application/android/AndroidApplication.cpp:354: resize w=2048 h=1536
04-13 14:48:00.105 10913 10960 I Claw    : [0m[     0.72579] [30;1mjni/../jni/src/claw/vfs/Vfs.cpp:97: Added new mount at /assetcache/
04-13 14:48:00.105 10913 10960 I Claw    : [0m[     0.72614] [30;1mjni/../jni/src/claw/application/android/AndroidApplication.cpp:769: Aquire java class for JNI method: com/Claw/Android/ClawActivityCommon
04-13 14:48:00.105 10913 10960 I Claw    : [0m[     0.72628] [30;1mjni/../jni/src/claw/application/android/AndroidApplication.cpp:769: JNI class acquired, acquire java method: PreventDimming with args: (Z)V
04-13 14:48:00.106 10913 10960 I Claw    : [0m[     0.72643] [30;1mjni/../jni/src/claw/vfs/android/AndroidFile.cpp:97: Aquire java class for JNI method: com/Claw/Android/ClawActivityCommon
04-13 14:48:00.106 10913 10960 I Claw    : [0m[     0.72653] [30;1mjni/../jni/src/claw/vfs/android/AndroidFile.cpp:97: JNI class acquired, acquire java method: FillAndroidFD with args: (Ljava/lang/String;)Z
04-13 14:48:00.106 10913 10960 D ClawActivityCommon: Checking for: data-fonts.pak
04-13 14:48:00.106 10913 10960 D ClawActivityCommon: Descriptor found offset=29683904 length=19573522
04-13 14:48:00.106 10913 10960 I Claw    : [0m[     0.72721] [30;1mjni/../jni/src/claw/application/android/AndroidApplication.cpp:446: Native FD: 86 (not used), duplicated: 87
04-13 14:48:00.106 10913 10960 I Claw    : [0m[     0.72739] [30;1mjni/../jni/src/claw/vfs/ZMount.cpp:35: Opened ZPak: data-fonts.pak
04-13 14:48:00.108  1249  1432 D MdnieScenarioControlService:  packageName : com.google.android.packageinstaller    className : com.android.packageinstaller.permission.ui.GrantPermissionsActivity
04-13 14:48:00.108  1249  1432 V MdnieScenarioControlService: setUIMode from UI function(3)
04-13 14:48:00.111 10913 10960 I Claw    : [0m[     0.73196] [30;1mjni/../jni/src/claw/vfs/Vfs.cpp:97: Added new mount at /
04-13 14:48:00.111 10913 10960 I Claw    : [0m[     0.73217] [30;1mjni/../jni/src/claw/vfs/android/AndroidFile.cpp:97: Aquire java class for JNI method: com/Claw/Android/ClawActivityCommon
04-13 14:48:00.111 10913 10960 I Claw    : [0m[     0.73239] [30;1mjni/../jni/src/claw/vfs/android/AndroidFile.cpp:97: JNI class acquired, acquire java method: FillAndroidFD with args: (Ljava/lang/String;)Z
04-13 14:48:00.112 10913 10960 D ClawActivityCommon: Checking for: data-splash.pak
04-13 14:48:00.112 10913 10960 D ClawActivityCommon: Descriptor found offset=49760512 length=12642540
04-13 14:48:00.113 10913 10960 I Claw    : [0m[     0.73332] [30;1mjni/../jni/src/claw/application/android/AndroidApplication.cpp:446: Native FD: 86 (not used), duplicated: 87
04-13 14:48:00.113 10913 10960 I Claw    : [0m[     0.73364] [30;1mjni/../jni/src/claw/vfs/ZMount.cpp:35: Opened ZPak: data-splash.pak
04-13 14:48:00.115 10913 10960 I Claw    : [0m[     0.73593] [30;1mjni/../jni/src/claw/vfs/Vfs.cpp:97: Added new mount at /
04-13 14:48:00.115 10913 10960 I Claw    : [0m[     0.73614] [30;1mjni/../jni/src/claw/vfs/android/AndroidFile.cpp:97: Aquire java class for JNI method: com/Claw/Android/ClawActivityCommon
04-13 14:48:00.115 10913 10960 I Claw    : [0m[     0.73634] [30;1mjni/../jni/src/claw/vfs/android/AndroidFile.cpp:97: JNI class acquired, acquire java method: FillAndroidFD with args: (Ljava/lang/String;)Z
04-13 14:48:00.116 10913 10960 D ClawActivityCommon: Checking for: data-splash-i18n.pak
04-13 14:48:00.116 10913 10960 D ClawActivityCommon: Descriptor found offset=49760368 length=80
04-13 14:48:00.117 10913 10960 I Claw    : [0m[     0.73738] [30;1mjni/../jni/src/claw/application/android/AndroidApplication.cpp:446: Native FD: 86 (not used), duplicated: 87
04-13 14:48:00.117 10913 10960 I Claw    : [0m[     0.73772] [30;1mjni/../jni/src/claw/vfs/ZMount.cpp:35: Opened ZPak: data-splash-i18n.pak
04-13 14:48:00.117 10913 10960 I Claw    : [0m[     0.73829] [30;1mjni/../jni/src/claw/vfs/Vfs.cpp:97: Added new mount at /
04-13 14:48:00.118 10913 10960 I Claw    : [0m[     0.73853] [30;1mjni/../jni/src/claw/vfs/Vfs.cpp:97: Added new mount at /save/
04-13 14:48:00.118 10913 10960 I Claw    : [0m[     0.73869] [30;1mjni/../jni/src/claw/vfs/Vfs.cpp:97: Added new mount at /tmp/
04-13 14:48:00.118 10913 10960 I Claw    : [0m[     0.73883] [30;1mjni/../jni/src/claw/vfs/android/AndroidFile.cpp:97: Aquire java class for JNI method: com/Claw/Android/ClawActivityCommon
04-13 14:48:00.118 10913 10960 I Claw    : [0m[     0.73904] [30;1mjni/../jni/src/claw/vfs/android/AndroidFile.cpp:97: JNI class acquired, acquire java method: FillAndroidFD with args: (Ljava/lang/String;)Z
04-13 14:48:00.118 10913 10960 D ClawActivityCommon: Checking for: data-embedded-paks.pak
04-13 14:48:00.119 10913 10960 D ClawActivityCommon: Descriptor found offset=29681076 length=2765
04-13 14:48:00.119 10913 10960 I Claw    : [0m[     0.73989] [30;1mjni/../jni/src/claw/application/android/AndroidApplication.cpp:446: Native FD: 86 (not used), duplicated: 95
04-13 14:48:00.119 10913 10960 I Claw    : [0m[     0.74016] [30;1mjni/../jni/src/claw/vfs/ZMount.cpp:35: Opened ZPak: data-embedded-paks.pak
04-13 14:48:00.120 10913 10960 I Claw    : [0m[     0.74051] [30;1mjni/../jni/src/claw/vfs/Vfs.cpp:97: Added new mount at /
04-13 14:48:00.120 10913 10960 I Claw    : [0m[     0.74075] [30;1mjni/../jni/src/claw/vfs/Vfs.cpp:172: Opened file: /embedded-paks.xml
04-13 14:48:00.123 10913 10960 I Claw    : [0m[     0.74399] [30;1mjni/../jni/src/claw/vfs/android/AndroidFile.cpp:97: Aquire java class for JNI method: com/Claw/Android/ClawActivityCommon
04-13 14:48:00.123 10913 10960 I Claw    : [0m[     0.74426] [30;1mjni/../jni/src/claw/vfs/android/AndroidFile.cpp:97: JNI class acquired, acquire java method: FillAndroidFD with args: (Ljava/lang/String;)Z
04-13 14:48:00.124 10913 10960 D ClawActivityCommon: Checking for: data-latest-override.pak
04-13 14:48:00.124 10913 10960 D ClawActivityCommon: Descriptor found offset=49561540 length=198
04-13 14:48:00.124 10913 10960 I Claw    : [0m[     0.74475] [30;1mjni/../jni/src/claw/application/android/AndroidApplication.cpp:446: Native FD: 86 (not used), duplicated: 95
04-13 14:48:00.124 10913 10960 I Claw    : [0m[     0.74485] [30;1mjni/../jni/src/claw/vfs/ZMount.cpp:35: Opened ZPak: data-latest-override.pak
04-13 14:48:00.124 10913 10960 I Claw    : [0m[     0.74504] [30;1mjni/../jni/src/claw/vfs/Vfs.cpp:97: Added new mount at /
04-13 14:48:00.124 10913 10960 I Claw    : [0m[     0.74511] [30;1mjni/../jni/src/claw/vfs/Vfs.cpp:172: Opened file: /latest-override.xml
04-13 14:48:00.124 10913 10960 I Claw    : [0m[     0.74526] [30;1mjni/../jni/src/claw/vfs/android/AndroidSaveFile.cpp:42: Open existing save save/default
04-13 14:48:00.124 10913 10960 I Claw    : [0m[     0.74536] [30;1mjni/../jni/src/claw/vfs/Vfs.cpp:172: Opened file: /save/default
04-13 14:48:00.127 10913 10960 I Claw    : [0m[      0.7477] [30;1mjni/../jni/src/claw/vfs/android/AndroidSaveFile.cpp:42: Open existing save save/save1
04-13 14:48:00.127 10913 10960 I Claw    : [0m[     0.74779] [30;1mjni/../jni/src/claw/vfs/Vfs.cpp:168: Cannot open file: /save/save1
04-13 14:48:00.127 10913 10960 I Claw    : [0m[     0.74783] [30;1mjni/../jni/src/claw/vfs/android/AndroidSaveFile.cpp:42: Open existing save save/save2
04-13 14:48:00.127 10913 10960 I Claw    : [0m[     0.74788] [30;1mjni/../jni/src/claw/vfs/Vfs.cpp:168: Cannot open file: /save/save2
04-13 14:48:00.127 10913 10960 I Claw    : [0m[     0.74797] [30;1mjni/../jni/src/claw/vfs/Vfs.cpp:172: Opened file: /i18n/upgrade.csv
04-13 14:48:00.130 10913 10960 I Claw    : [0m[     0.75121] [30;1mjni/../jni/src/claw/vfs/Vfs.cpp:172: Opened file: /i18n/upgrade.csv
04-13 14:48:00.130 10913 10960 I Claw    : [0m[     0.75135] [30;1mjni/../jni/src/claw/vfs/Vfs.cpp:172: Opened file: /i18n/upgrade.csv
04-13 14:48:00.140  1249  2584 D WindowManager: finishDrawingWindow: Window{725a4c1d0 u0 SurfaceView - com.huuuge.stars.slots/com.huuuge.casino.BootActivity} mDrawState=READY_TO_SHOW
04-13 14:48:00.181  1526  1526 D NetworkController: updateCarrierText : HuuugeGames
04-13 14:48:00.181  1526  1526 D NetworkController: dynamicallyReduceTextSize : mDisplayMetrics.densityDpi320
04-13 14:48:00.184  1526  1526 D KeyguardUpdateMonitor: received broadcast com.samsung.systemui.ACTION_VOIP_CALL_STATE_CHANGED
04-13 14:48:00.184  1249  2386 D WindowManager: finishDrawingWindow: Window{2decd89d0 u0 com.huuuge.stars.slots/com.huuuge.casino.BootActivity} mDrawState=DRAW_PENDING
04-13 14:48:00.189 10913 10913 D ViewRootImpl@8229b1f[BootActivity]: MSG_RESIZED_REPORT: frame=Rect(0, 0 - 2048, 1536) ci=Rect(0, 0 - 0, 0) vi=Rect(0, 0 - 0, 0) or=2
04-13 14:48:00.193 10913 10978 I AppsFlyer_4.8.6: ******* sendTrackingWithEvent: Launch
04-13 14:48:00.201  1526  1526 D KeyguardClockPage: onRefreshCarrierInfo(pre, now): false, false
04-13 14:48:00.201  1249  1326 D InputReader: Input event(4): value=1 when=25519160298000
04-13 14:48:00.202  1249  1326 D InputReader: !@notifyKey(172), action=0
04-13 14:48:00.202  1249  1326 D InputManager-JNI: !@interceptKeyBeforeQueueing(172), action=0, interactive=true
04-13 14:48:00.202 10913 10978 I AppsFlyer_4.8.6: Initialising KeyStore..
04-13 14:48:00.204  1249  1326 D InputManager-JNI: !@handleInterceptActions(172), action=0, wmActions=1
04-13 14:48:00.207 10913 10978 I AppsFlyer_4.8.6: Creating a new key with alias: com.appsflyer,KSAppsFlyerId=1523619027152-2592970451191522525,KSAppsFlyerRICounter=0
04-13 14:48:00.212   586   586 W keystore: ENTER del USRPKEY_com.appsflyer,KSAppsFlyerId=1523619027152-2592970451191522525,KSAppsFlyerRICounter=0 from uid 10580 for uid 10580
04-13 14:48:00.212   586   586 W keystore: ENTER del user_0/10580_USRPKEY_com+^appsflyer+\KSAppsFlyerId=1523619027152+]2592970451191522525+\KSAppsFlyerRICounter=0 for userId 0
04-13 14:48:00.213   586   586 W keystore: ENTER del USRSKEY_com.appsflyer,KSAppsFlyerId=1523619027152-2592970451191522525,KSAppsFlyerRICounter=0 from uid 10580 for uid 10580
04-13 14:48:00.213   586   586 W keystore: ENTER del user_0/10580_USRSKEY_com+^appsflyer+\KSAppsFlyerId=1523619027152+]2592970451191522525+\KSAppsFlyerRICounter=0 for userId 0
04-13 14:48:00.213   586   586 W keystore: ENTER del USRCERT_com.appsflyer,KSAppsFlyerId=1523619027152-2592970451191522525,KSAppsFlyerRICounter=0 from uid 10580 for uid 10580
04-13 14:48:00.213   586   586 W keystore: ENTER del user_0/10580_USRCERT_com+^appsflyer+\KSAppsFlyerId=1523619027152+]2592970451191522525+\KSAppsFlyerRICounter=0 for userId 0
04-13 14:48:00.214   586   586 W keystore: ENTER del CACERT_com.appsflyer,KSAppsFlyerId=1523619027152-2592970451191522525,KSAppsFlyerRICounter=0 from uid 10580 for uid 10580
04-13 14:48:00.214   586   586 W keystore: ENTER del user_0/10580_CACERT_com+^appsflyer+\KSAppsFlyerId=1523619027152+]2592970451191522525+\KSAppsFlyerRICounter=0 for userId 0
04-13 14:48:00.215   586   586 D SoftKeymaster: system/keymaster/soft_keymaster_device.cpp, Line 706: Requested digest(s) supported for algorithm 1 and purpose 0
04-13 14:48:00.215   586   586 D SoftKeymaster: system/keymaster/soft_keymaster_device.cpp, Line 706: Requested digest(s) supported for algorithm 1 and purpose 1
04-13 14:48:00.218  1249  2604 D WindowManager: finishDrawingWindow: Window{2decd89d0 u0 com.huuuge.stars.slots/com.huuuge.casino.BootActivity} mDrawState=HAS_DRAWN
04-13 14:48:00.221  1249  1325 I Telecom : TelecomFeature: getContactsPackageName: com.samsung.android.contacts: TSI.iR@AQM
04-13 14:48:00.222  1249  1325 I Telecom : com.android.server.telecom.TelecomServiceImpl$1: getSystemDialerPackage: com.samsung.android.contacts: TSI.iR@AQM
04-13 14:48:00.222  1249  1272 D KnoxTimeoutHandler: notifyActivityDrawn [MsgParam] userId: 0 fullscreen is true showWhenlocked is false isMutiwindowRecord is false multiwindowstyle is 1
04-13 14:48:00.225  1249  1325 I Telecom : TelecomFeature: getContactsPackageName: com.samsung.android.contacts: TSI.iR@AQM
04-13 14:48:00.225  1249  1325 I Telecom : com.android.server.telecom.TelecomServiceImpl$1: getSystemDialerPackage: com.samsung.android.contacts: TSI.iR@AQM
04-13 14:48:00.226  1249  1249 D KnoxTimeoutHandler: activityDrawn [MsgParam] userId: 0 fullscreen is true showWhenlocked is false isMutiwindowRecord is false multiwindowstyle is 1
04-13 14:48:00.227  1249  1249 I KnoxTimeoutHandler: SD activityfalse
04-13 14:48:00.228  1249  1249 I KnoxTimeoutHandler: Fullscreen and mCurrent is not KNOX user. Hence hide keyguard
04-13 14:48:00.231  1249  1272 D CustomFrequencyManagerService: acquireDVFSLockLocked : type : DVFS_MIN_LIMIT  frequency : 1190400  uid : 1000  pid : 1249  pkgName : AMS_RESUME_TAIL@CPU_MIN@59
04-13 14:48:00.231   617   617 I cnss-daemon: RTM_NEWNEIGH message received: 28
04-13 14:48:00.231  1249  1272 D ActivityManagerPerformance: AMP_acquire() TAIL
04-13 14:48:00.231   617   617 E cnss-daemon: Stale or unreachable neighbors, ndm state: 4
04-13 14:48:00.231  1249  1272 D CustomFrequencyManagerService: FrequencyrequestList.getNextMaxCPUCoreRequest, index: 1
04-13 14:48:00.233  1249  1272 D CustomFrequencyManagerService: releaseDVFSLockLocked : Getting Lock type frm List : DVFS_MIN_LIMIT  frequency : 1804800  uid : 1000  pid : 1249  tag : AMS_APP_SWITCH@CPU_MIN@53
04-13 14:48:00.234  1249  1272 D ActivityManagerPerformance: AMP_release() APP_SWITCH
04-13 14:48:00.235  1249  1264 D ActivityTrigger: ActivityTrigger activityStopTrigger 
04-13 14:48:00.237  1249  1272 D ViewRootImpl@9be753a[slots]: dispatchDetachedFromWindow
04-13 14:48:00.237  1249  1272 D WindowManager: disposeInputChannel mInputChannel: 8330f48 Starting com.huuuge.stars.slots (server)
04-13 14:48:00.238  2695  2695 D MenuAppsGridFragment: onStop
04-13 14:48:00.238  2695  2695 D Launcher.HomeView: onStop
04-13 14:48:00.238  2695  2695 D capture : ----destroy
04-13 14:48:00.241  1249  2610 V WifiDisplayAdapter: getWifiDisplayStatusLocked: result=WifiDisplayStatus{featureState=2, scanState=0, activeDisplayState=0, activeDisplay=null, displays=[], sessionInfo=WifiDisplaySessionInfo: Client/Owner: Client GroupId:  Passphrase:  SessionId: 0 IP Address: , connectedState=-1, networkQoS=0}
04-13 14:48:00.249  1249  1272 D InputTransport: Input channel destroyed: fd=449
04-13 14:48:00.249  1249  1272 D InputTransport: Input channel destroyed: fd=451
04-13 14:48:00.249  1249  1272 D ViewRootImpl@aa3397a[ContainerKeyguardScrim]: mHardwareRenderer.destroy()#1
04-13 14:48:00.251  2695  2695 D Launcher: onTrimMemory. Level: 20
04-13 14:48:00.253  1249  2387 I WindowManager_SurfaceController: Destroying surface Surface(name=com.sec.android.app.launcher/com.sec.android.app.launcher.activities.LauncherActivity) called by com.android.server.wm.WindowStateAnimator.destroySurface:2958 com.android.server.wm.WindowStateAnimator.destroySurfaceLocked:1132 com.android.server.wm.WindowState.destroyOrSaveSurface:2709 com.android.server.wm.AppWindowToken.destroySurfaces:425 com.android.server.wm.AppWindowToken.destroySurfaces:389 com.android.server.wm.AppWindowToken.notifyAppStopped:469 com.android.server.wm.WindowManagerService.notifyAppStopped:5377 com.android.server.am.ActivityStack.activityStoppedLocked:1584 
04-13 14:48:00.253   460  7062 I SurfaceFlinger: id=695 Removed MauncherAct (1/12)
04-13 14:48:00.253   460   472 I SurfaceFlinger: id=695 Removed MauncherAct (-2/12)
04-13 14:48:00.351  1249  1326 D InputReader: Input event(4): value=0 when=25519310281000
04-13 14:48:00.351  1249  1326 D InputReader: !@notifyKey(172), action=1
04-13 14:48:00.352  1249  1326 D InputManager-JNI: !@interceptKeyBeforeQueueing(172), action=1, interactive=true
04-13 14:48:00.354  1249  1326 D InputManager-JNI: !@handleInterceptActions(172), action=1, wmActions=1
04-13 14:48:00.360  1249  1325 I Telecom : TelecomFeature: getContactsPackageName: com.samsung.android.contacts: TSI.iR@AQQ
04-13 14:48:00.360  1249  1325 I Telecom : com.android.server.telecom.TelecomServiceImpl$1: getSystemDialerPackage: com.samsung.android.contacts: TSI.iR@AQQ
04-13 14:48:00.361  1249  1325 I Telecom : TelecomFeature: getContactsPackageName: com.samsung.android.contacts: TSI.iR@AQQ
04-13 14:48:00.361  1249  1325 I Telecom : com.android.server.telecom.TelecomServiceImpl$1: getSystemDialerPackage: com.samsung.android.contacts: TSI.iR@AQQ
04-13 14:48:00.364  1249  1325 I MultiPhoneWindowManager: updateImeTargetFreeformTaskId: taskId=-1
04-13 14:48:00.365  1249  1325 D PowerManagerService: [api] [s] userActivity : event: 0 flags: 0 (uid: 1000 pid: 1249) eventTime = 25519324
04-13 14:48:00.366  1526  1591 D vol.VolumeDialogControl: onReceive ACTION_CLOSE_SYSTEM_DIALOGS
04-13 14:48:00.367  1526  1526 D ToggleSlider: onReceive : android.intent.action.CLOSE_SYSTEM_DIALOGS
04-13 14:48:00.367  1526  1526 D vol.SecVolumeDialog: dismissH reason: 2
04-13 14:48:00.367  1526  1526 D vol.SecVolumeDialog: dismissH : false
04-13 14:48:00.367  1526  1526 D Tile.MobileDataTile: action:android.intent.action.CLOSE_SYSTEM_DIALOGS
04-13 14:48:00.368  1526  1526 I StatusBarWindowManager: isExpanded:true, false, false, false, false, false
04-13 14:48:00.368  1526  1526 I StatusBarWindowManager: applyHeight:48
04-13 14:48:00.370  1526  1636 D LocationControllerImpl: onReceive   android.intent.action.CLOSE_SYSTEM_DIALOGS
04-13 14:48:00.372  1249  1325 D CustomFrequencyManagerService: acquireDVFSLockLocked : type : DVFS_MIN_LIMIT  frequency : 1804800  uid : 1000  pid : 1249  pkgName : AMS_APP_HOME@CPU_MIN@15
04-13 14:48:00.372  1526  1526 D SwipeDoorsillDetector: reset()com.android.systemui.statusbar.phone.NotificationPanelView.resetViews:879 com.android.systemui.statusbar.phone.PanelBar.collapsePanel:173 com.android.systemui.statusbar.phone.PhoneStatusBar.animateCollapsePanels:4149 com.android.systemui.statusbar.phone.PhoneStatusBar.animateCollapsePanels:4104 
04-13 14:48:00.373  1249  1325 D ActivityManagerPerformance: AMP_acquire() HOME
04-13 14:48:00.373  1249  1325 D SamsungPhoneWindowManager: performHome
04-13 14:48:00.373  1249  1325 D CustomFrequencyManagerService: acquireDVFSLockLocked : type : DVFS_MIN_LIMIT  frequency : 1190400  uid : 1000  pid : 1249  pkgName : HOME_BOOSTER@1
04-13 14:48:00.374  1249  1325 D SamsungPhoneWindowManager: launchZeroPageIfNeeded IsDefaultLauncher = false mStartFromZeroPage = false mZeroPageDefaultHome = false
04-13 14:48:00.374  1249  1325 D PackageManager: resolving Home intent, isUnlockingOrUnlocked : true
04-13 14:48:00.376  1526  1526 D Recents : hideRecents
04-13 14:48:00.377  1526  1526 D Tile.MobileDataTile: action:android.intent.action.CLOSE_SYSTEM_DIALOGS
04-13 14:48:00.377  1526  1526 D ToggleSlider: onReceive : android.intent.action.CLOSE_SYSTEM_DIALOGS
04-13 14:48:00.378  1526  1526 D ToggleSlider: onReceive : android.intent.action.CLOSE_SYSTEM_DIALOGS
04-13 14:48:00.379  1249  1325 I ActivityManager: START u0 {act=android.intent.action.MAIN typ=null flg=0x10200000 cmp=ComponentInfo{com.sec.android.app.launcher/com.sec.android.app.launcher.activities.LauncherActivity}} from uid 1000 on display 0
04-13 14:48:00.380  1249  1325 D PackageManager: resolving Home intent, isUnlockingOrUnlocked : true
04-13 14:48:00.381  1249  1325 D ActivityManager: ActivityRecord() Constructor : multiScreenAttrs=MultiScreenAttrs{mDisplayId=0, mBaseDisplayId=0, mBaseActivity=false}
04-13 14:48:00.382  1249  1325 D ActivityManager: moveToFront() : reason=bringingFoundTaskToFront setFocusedActivity isAttached=true TaskRecord{89fa03bd0 #352 A=com.sec.android.app.launcher U=0 StackId=0 sz=1}
04-13 14:48:00.383  1249  1325 D ActivityManager: setFocusStackUnchecked: reason=bringingFoundTaskToFront setFocusedActivity focusCandidate=ActivityStack{5439419d0 stackId=0, 1 tasks} caller=com.android.server.am.ActivityStack.moveToFront:867 com.android.server.am.ActivityStackSupervisor.moveActivityStackToFront:2032 
04-13 14:48:00.383  1249  1325 W MultiScreenManagerService: moveTaskBackToDisplayIfNeeded(): root is not base activity
04-13 14:48:00.386  1249  1325 D InputDispatcher: Focused application set to: xxxx
04-13 14:48:00.387  1249  1265 D WindowManager: set systemUiVisibility of statusbar : systemUiFlags= 0x170e fullscreenStackSysUiFlag= 0x0
04-13 14:48:00.387  1249  1325 D InputDispatcher: Focus left window: 21757
04-13 14:48:00.388 21757 21757 D ViewRootImpl@ce10e8c[GrantPermissionsActivity]: MSG_WINDOW_FOCUS_CHANGED 0
04-13 14:48:00.389  1249  1325 D ActivityManager: resumeTopActivityInnerLocked() : #0 prevTask=null next=ActivityRecord{2f1111fd0 u0 com.sec.android.app.launcher/.activities.LauncherActivity t352} mFocusedStack=ActivityStack{5439419d0 stackId=0, 1 tasks}
04-13 14:48:00.389  1249  1325 D ActivityTrigger: ActivityTrigger activityPauseTrigger 
04-13 14:48:00.391  1249  1325 D GameManagerService: there is not sem_perfomance_mode on setting
04-13 14:48:00.393  1249  1325 D ActivityManager: resumeTopActivityInnerLocked() : #0 prevTask=null next=ActivityRecord{2f1111fd0 u0 com.sec.android.app.launcher/.activities.LauncherActivity t352} mFocusedStack=ActivityStack{5439419d0 stackId=0, 1 tasks}
04-13 14:48:00.400  1249  1325 I MultiPhoneWindowManager: minimizeOrSildeAllFreeform: minimize
04-13 14:48:00.407  1249  1432 D MdnieScenarioControlService:  packageName : com.sec.android.app.launcher    className : com.sec.android.app.launcher.activities.LauncherActivity
04-13 14:48:00.407  1249  1432 V MdnieScenarioControlService: setUIMode from UI function(2)
04-13 14:48:00.408  1249  2611 D ActivityManager: resumeTopActivityInnerLocked() : #0 prevTask=TaskRecord{98e442ed0 #468 A=com.huuuge.stars.slots U=0 StackId=1 sz=2} next=ActivityRecord{2f1111fd0 u0 com.sec.android.app.launcher/.activities.LauncherActivity t352} mFocusedStack=ActivityStack{5439419d0 stackId=0, 1 tasks}
04-13 14:48:00.409  1249  2611 D ActivityManager: applyOptionsLocked(), pendingOptions : null
04-13 14:48:00.417  2695  2695 D ViewRootImpl@fb7d1aa[LauncherActivity]: mHardwareRenderer.destroy()#1
04-13 14:48:00.419  1249  2611 V WindowOrientationListener: OrientationSensorJudge.getProposedRotation, Rotation: -1
04-13 14:48:00.419  1249  2611 V WindowOrientationListener: OrientationSensorJudge.getProposedRotation, Rotation: -1
04-13 14:48:00.419  1249  2611 V WindowManager: rotationForOrientationLw(orient=-1, last=3); user=0  sensorRotation=-1 mLidState=-1 mDockMode=0 mHdmiPlugged=false
04-13 14:48:00.420  1526  1596 W OpenGLRenderer: Incorrectly called buildLayer on View: NotificationPanelView, destroying layer...
04-13 14:48:00.420  1249  2604 V WindowManager: Relayout Window{e6f21d0d0 u0 com.sec.android.app.launcher/com.sec.android.app.launcher.activities.LauncherActivity}: viewVisibility=4 req=2048x1536 WM.LayoutParams{(0,0)(fillxfill) sim=#130 ty=1 fl=#81910d00 pfl=0x20000 fmt=-2 wanim=0x103038a vsysui=0x600 needsMenuKey=2 dimDuration=0 naviIconColor=0}
04-13 14:48:00.421  2695  2695 D ViewRootImpl@fb7d1aa[LauncherActivity]: Relayout returned: oldFrame=[0,0][2048,1536] newFrame=[0,0][2048,1536] result=0x1 surface={isValid=false 0} surfaceGenerationChanged=false
04-13 14:48:00.450  1249  1272 I WindowManager_SurfaceController: Destroying surface Surface(name=Starting com.huuuge.stars.slots) called by com.android.server.wm.WindowStateAnimator.destroySurface:2958 com.android.server.wm.WindowStateAnimator.destroySurfaceLocked:1132 com.android.server.wm.WindowState.destroyOrSaveSurface:2709 com.android.server.wm.AppWindowToken.destroySurfaces:425 com.android.server.wm.AppWindowToken.destroySurfaces:389 com.android.server.wm.WindowStateAnimator.finishExit:698 com.android.server.wm.WindowStateAnimator.stepAnimationLocked:583 com.android.server.wm.WindowAnimator.updateWindowsLocked:443 
04-13 14:48:00.450   460  1466 I SurfaceFlinger: id=696 Removed tlots (4/11)
04-13 14:48:00.455   460  1466 I SurfaceFlinger: id=696 Removed tlots (-2/11)
04-13 14:48:00.455  1249  1413 D WindowManager: adjustSystemUiVisibilityLw : vis= 0x170e
04-13 14:48:00.456 10991 10991 D SecurityManagerNative: SecurityManagerNative v2.7.2.6 On 64bit PLATFORM With BORINGSSL
04-13 14:48:00.459 10913 10988 I AppsFlyer_4.8.6: onBecameBackground
04-13 14:48:00.460 10913 10988 I AppsFlyer_4.8.6: callStatsBackground background call
04-13 14:48:00.460 10991 10991 E appproc : Enhanced Zygote ASLR: ro.knox.enhance.zygote.aslr != 1. Enhanced Zygote ASLR is DISABLED!
04-13 14:48:00.460 10991 10991 D AndroidRuntime: >>>>>> START com.android.internal.os.RuntimeInit uid 2000 <<<<<<
04-13 14:48:00.461 10913 10988 I AppsFlyer_4.8.6: app went to background
04-13 14:48:00.464 10991 10991 D AndroidRuntime: CheckJNI is OFF
04-13 14:48:00.464 10913 10988 D AppsFlyer_4.8.6: Stats call is disabled, ignore ...
04-13 14:48:00.464 10991 10991 D AndroidRuntime: addProductProperty: start
04-13 14:48:00.465 10913 10988 D AppsFlyer_4.8.6: RD status is OFF
04-13 14:48:00.474  1249  1249 D CustomFrequencyManagerService: releaseDVFSLockLocked : Getting Lock type frm List : DVFS_MIN_LIMIT  frequency : 1190400  uid : 1000  pid : 1249  tag : HOME_BOOSTER@1
04-13 14:48:00.484  2695  2695 D Launcher: onNewIntent()
04-13 14:48:00.487  1249  2611 D GameManagerService: there is not sem_perfomance_mode on setting
04-13 14:48:00.487  1249  1249 D GameManagerService: NotifyRunnable. pkg: com.sec.android.app.launcher, type: 4, isMinimized: false, isTunableApp: false
04-13 14:48:00.487  1249  1249 D GameManagerService: unexpected mPrevNotiType: -1
04-13 14:48:00.487  2695  2695 D Launcher: onNewIntent mPendingIntent is null startingSetting is false!!
04-13 14:48:00.487  1249  2611 D MARsPolicyManager: handlePackageResumedFG pkgName = com.sec.android.app.launcher, userId = 0
04-13 14:48:00.487  2695  2695 D Launcher.HomeView: performOnHomePressed
04-13 14:48:00.487  2695  2695 D HomeScreenOptionMenu: onHomePressed() : false
04-13 14:48:00.489  2695  2695 D Launcher.Workspace: exitWidgetResizeMode. isClearResizeFrame is false
04-13 14:48:00.489  2695  2695 D Launcher: onRestart, Launcher: 9882442
04-13 14:48:00.492  1249  1264 D ActivityTrigger: ActivityTrigger activityStopTrigger 
04-13 14:48:00.496  2695  2695 D Launcher: onStart, Launcher: 9882442
04-13 14:48:00.496  2695  2695 D Launcher.HomeView: onStart
04-13 14:48:00.496  2695  2695 D MenuAppsGridFragment: onStart:false
04-13 14:48:00.496  2695  2695 I VerificationLog: onResume
04-13 14:48:00.496  2695  2695 D Launcher: onResume, Launcher: 9882442
04-13 14:48:00.497 10913 10913 I BranchSDK: Branch is not initialized, cannot close session
04-13 14:48:00.499  1249  1260 D SecContentProvider: query(), uri = 17 selection = isSettingsChangesAllowed
04-13 14:48:00.500  1249  3616 D GamePkgDataHelper: getGamePkgData(). com.sec.android.app.launcher
04-13 14:48:00.501  1249  1260 D SecContentProvider: called from com.sec.android.app.launcher
04-13 14:48:00.503  1249  3616 D GameManagerService: identifyGamePackage. com.sec.android.app.launcher
04-13 14:48:00.505  1249  2608 D SecContentProvider: query(), uri = 17 selection = isSettingsChangesAllowed
04-13 14:48:00.506  1249  2608 D SecContentProvider: called from com.sec.android.app.launcher
04-13 14:48:00.506  1249  1382 D SensorHAL: yas_magnetometer: power-off.
04-13 14:48:00.507 10913 10913 D SensorManager: unregisterListener ::   
04-13 14:48:00.508  1249  2386 D SensorHAL: lsm6ds3_accel: set sampling frequency to 15.0Hz.
04-13 14:48:00.508  2695  2695 D Launcher.HomeView: onResume
04-13 14:48:00.508 10913 10913 D SensorManager: unregisterListener ::   
04-13 14:48:00.508  1249  3616 D GameManagerService: identifyGamePackage. com.sec.android.app.launcher
04-13 14:48:00.512  1249  1259 D SensorHAL: lsm6ds3_gyro: power-off.
04-13 14:48:00.513 10913 10913 D SensorManager: unregisterListener ::   
04-13 14:48:00.518  2695  2695 D MenuAppsGridFragment: onResume:false
04-13 14:48:00.518  2695  2695 D MenuAppsGridFragment: stateObj = com.android.launcher2.MenuAppsGrid$StateNormal@693ebd9
04-13 14:48:00.518  1249  2599 V WindowManager: Relayout Window{725a4c1d0 u0 SurfaceView - com.huuuge.stars.slots/com.huuuge.casino.BootActivity}: viewVisibility=8 req=2048x1536 WM.LayoutParams{(0,0)(2048x1536) gr=#800033 ty=1001 fl=#4218 pfl=0x12040 fmt=4 naviIconColor=0}
04-13 14:48:00.520  2695  2695 D Launcher.MenuAppsGrid: BlurInfo : false , true
04-13 14:48:00.520  2695  2695 D MenuAppsGridFragment: onResume  no mPendingModelUpdate:false this:MenuAppsGridFragment{7c2444c #0 id=0x1020011 APPS}
04-13 14:48:00.521  2695  2695 D Launcher.MenuAppsGrid: ChangeMobileKeyboard:false mCurrentOrientation:2 mRequestedOrientation:2 newConfig.orientation:2 isShown:false
04-13 14:48:00.524  2695  2695 D Launcher.Workspace: changeOrientationIfRequired MobileKeyboardChanged : false   DisplayHeight : 1536  Density : 2.0   newConfig.orientation : 2
04-13 14:48:00.525  2695  2695 D Launcher.Workspace: ChangeMobileKeyboard:false mCurrentOrientation:2 mRequestedOrientation:2 newConfig.orientation:2 isShown:trueQuickViewWorkspace isOpened: false
04-13 14:48:00.525  1249  2620 D ActivityManager: post active user change for 0 fullscreen true isHomeActivity() true
04-13 14:48:00.525  1249  2620 I WallpaperManagerService: switchPersonaWallpaper is called for personaId-0
04-13 14:48:00.525  1249  2620 D KnoxTimeoutHandler: post home show event for user 0
04-13 14:48:00.525  1249  1249 D WallpaperManagerService:  force update = false; persona id = 0; current user =0; current persona = 0
04-13 14:48:00.525  1249  1249 D KnoxKeyguardDelegate: clear Flag
04-13 14:48:00.525  1249  1249 D KnoxTimeoutHandler: handleHomeShow for 0 and current 0
04-13 14:48:00.528  1249  3616 D SSRM:i  : SIOP:: AP = 360, PST = 343 (W:30), CP = 47, LCD = 66
04-13 14:48:00.530  1249  1249 D CustomFrequencyManagerService: FrequencyrequestList.getNextMaxCPUCoreRequest, index: 1
04-13 14:48:00.532  1249  3616 D GameManagerService: identifyGamePackage. com.sec.android.app.launcher
04-13 14:48:00.532  1249  1249 D CustomFrequencyManagerService: releaseDVFSLockLocked : Getting Lock type frm List : DVFS_MIN_LIMIT  frequency : 1190400  uid : 1000  pid : 1249  tag : AMS_RESUME_TAIL@CPU_MIN@59
04-13 14:48:00.534  1249  2620 D KnoxTimeoutHandler: postActiveUserChange [MsgParam] userId: 0 fullscreen is true showWhenlocked is false isMutiwindowRecord is false multiwindowstyle is 0
04-13 14:48:00.535  1249  1249 D KnoxTimeoutHandler: handleActiveUserChange [MsgParam] userId: 0 fullscreen is true showWhenlocked is false isMutiwindowRecord is false multiwindowstyle is 0
04-13 14:48:00.537 10913 10913 D SurfaceView: Relayout returned: oldFrame=[0,0][2048,1536] newFrame=[0,0][2048,1536] result=0x5 surface={Surface(name=null)/@0x3ae8a0f isValid=false 0}
04-13 14:48:00.537  1249  1249 I KnoxTimeoutHandler: Shared devices show user statefalse
04-13 14:48:00.538  1249  1416 V WindowManager: Relayout Window{e6f21d0d0 u0 com.sec.android.app.launcher/com.sec.android.app.launcher.activities.LauncherActivity}: viewVisibility=0 req=2048x1536 WM.LayoutParams{(0,0)(fillxfill) sim=#130 ty=1 fl=#81910d00 pfl=0x20000 fmt=-2 wanim=0x103038a vsysui=0x600 needsMenuKey=2 dimDuration=0 naviIconColor=0}
04-13 14:48:00.538 10991 10991 I [saiv 1.1]: saiv_OnLoadJNI.cpp(38): _init: Version 1.1 Build # 3532
04-13 14:48:00.539 10991 10991 I [saiv 1.1]: saiv_OnLoadJNI.cpp(43): _init: _init() was called
04-13 14:48:00.539   460   460 I SurfaceFlinger: id=701 createSurf (2048x1536),1 flag=4, MauncherAct
04-13 14:48:00.540  1249  1265 D WindowManager: set systemUiVisibility of statusbar : systemUiFlags= 0x608 fullscreenStackSysUiFlag= 0x0
04-13 14:48:00.548 10913 11016 I System.out: (HTTPLog)-Static: isSBSettingEnabled false
04-13 14:48:00.548 10913 11016 I System.out: (HTTPLog)-Static: isSBSettingEnabled false
04-13 14:48:00.550  1249  1416 D InputDispatcher: Focus entered window: 2695
04-13 14:48:00.551  1249  2608 D WindowManager: adjustSystemUiVisibilityLw : vis= 0x608
04-13 14:48:00.551  2695  2695 D ViewRootImpl@fb7d1aa[LauncherActivity]: Relayout returned: oldFrame=[0,0][2048,1536] newFrame=[0,0][2048,1536] result=0x7 surface={isValid=true 547784857600} surfaceGenerationChanged=true
04-13 14:48:00.551  2695  2695 D ViewRootImpl@fb7d1aa[LauncherActivity]: mHardwareRenderer.initialize() mSurface={isValid=true 547784857600} hwInitialized=true
04-13 14:48:00.555 10913 10913 D ViewRootImpl@8229b1f[BootActivity]: mHardwareRenderer.destroy()#1
04-13 14:48:00.558  1249  2386 V WindowManager: Relayout Window{2decd89d0 u0 com.huuuge.stars.slots/com.huuuge.casino.BootActivity}: viewVisibility=4 req=2048x1536 WM.LayoutParams{(0,0)(fillxfill) sim=#123 ty=1 fl=#1810500 pfl=0x20000 fmt=-3 wanim=0x1030001 vsysui=0x1706 needsMenuKey=2 naviIconColor=0}
04-13 14:48:00.568 10913 10913 D ViewRootImpl@8229b1f[BootActivity]: Relayout returned: oldFrame=[0,0][2048,1536] newFrame=[0,0][2048,1536] result=0x5 surface={isValid=false 0} surfaceGenerationChanged=true
04-13 14:48:00.570  1249  2613 D WindowManager: finishDrawingWindow: Window{e6f21d0d0 u0 com.sec.android.app.launcher/com.sec.android.app.launcher.activities.LauncherActivity} mDrawState=DRAW_PENDING
04-13 14:48:00.570  2695  2695 D ViewRootImpl@fb7d1aa[LauncherActivity]: MSG_WINDOW_FOCUS_CHANGED 1
04-13 14:48:00.571  2695  2695 D ViewRootImpl@fb7d1aa[LauncherActivity]: mHardwareRenderer.initializeIfNeeded()#2 mSurface={isValid=true 547784857600}
04-13 14:48:00.572  2695  2695 V InputMethodManager: Starting input: tba=android.view.inputmethod.EditorInfo@bfbb78c nm : com.sec.android.app.launcher ic=null
04-13 14:48:00.572  2695  2695 I InputMethodManager: [IMM] startInputInner - mService.startInputOrWindowGainedFocus
04-13 14:48:00.573  1249  2387 D InputMethodManagerService: windowGainedFocus mCurrentFocusedUserId - 0 and mSecureKeypadEnabled-false
04-13 14:48:00.573  1526  1526 D WallpaperService: updateSurface forceRelayout=false redrawNeeded=false myWidth=2048 myHeight=1536 fixedSize=true mWidth=2048 mHeight=1536
04-13 14:48:00.573  1526  1526 D ImageWallpaper: onVisibilityChanged: mVisible=false visible=true
04-13 14:48:00.573  1526  1526 D ImageWallpaper: Visibility changed to visible=true
04-13 14:48:00.573  1526  1526 D ImageWallpaper: drawFrame=false rotation=3 mLastRotation=3
04-13 14:48:00.573  1526  1526 D ImageWallpaper: drawFrame:[frame.width()]2048[frame.height()]1536
04-13 14:48:00.573  1526  1526 D ImageWallpaper: surfaceDimensionsChanged=false mLastSurfaceRotation=3 mDisplayWidth=-1 mDisplayHeight=-1
04-13 14:48:00.573  1526  1526 D ImageWallpaper: redrawNeeded = false, mOffsetsChanged = false
04-13 14:48:00.573  1526  1526 D ImageWallpaper: Suppressed drawFrame since redraw is not needed and offsets have not changed.
04-13 14:48:00.583  1249  1272 D LowEndSamsungAnimationCreator: createSamsungAnimation type/enter : 13/false
04-13 14:48:00.583  1249  1272 D LowEndSamsungAnimationCreator: createSamsungAnimation wallpaerXOffset : 0
04-13 14:48:00.583  1249  1272 D LowEndSamsungAnimationCreator: createSamsungAnimation isSplit/isFixedOrientation : false/false
04-13 14:48:00.599  1249  1259 D PackageManager: getComponentMetadataForIconTray : com.huuuge.casino.BootActivity does not exist in mServices
04-13 14:48:00.599  1249  1259 D PackageManager: getComponentMetadataForIconTray : com.huuuge.casino.BootActivity does not exist in mProviders
04-13 14:48:00.599  1249  1259 D PackageManager: getComponentMetadataForIconTray : com.huuuge.casino.BootActivity does not exist in mReceivers
04-13 14:48:00.600  1526  1526 I ApplicationPackageManager: load=com.huuuge.stars.slots, bg=144-144, dr=96-96, forDefault=true, density=0
04-13 14:48:00.600  1526 28899 D WallpaperService: resized:[frame]Rect(0, 0 - 2048, 1536) [newConfig] is null
04-13 14:48:00.600  1526  1526 I ApplicationPackageManager: scaled rate=201.0, size=96, alpha=0, hold=26
04-13 14:48:00.601  1249  2387 V InputMethodManagerService: windowGainedFocus: reason=WINDOW_FOCUS_GAIN client=android.os.BinderProxy@f03681e inputContext=null missingMethods= attribute=android.view.inputmethod.EditorInfo@baceee nm = com.sec.android.app.launcher controlFlags=#104 softInputMode=#130 windowFlags=#81910d00
04-13 14:48:00.601  1249  2387 V InputMethodManagerService: Unspecified window will hide input
04-13 14:48:00.601  1249  2387 V InputMethodManagerService: hideCurrentInputLocked - !shouldHideSoftInput
04-13 14:48:00.601  1249  2387 D InputTransport: Input channel constructed: fd=451
04-13 14:48:00.602  1249  1272 D KnoxTimeoutHandler: notifyActivityDrawn [MsgParam] userId: 0 fullscreen is true showWhenlocked is false isMutiwindowRecord is false multiwindowstyle is 0
04-13 14:48:00.602  1249  2387 D InputTransport: Input channel destroyed: fd=451
04-13 14:48:00.602  1249  1249 D KnoxTimeoutHandler: activityDrawn [MsgParam] userId: 0 fullscreen is true showWhenlocked is false isMutiwindowRecord is false multiwindowstyle is 0
04-13 14:48:00.602  1249  1413 V WindowManager: Relayout Window{2decd89d0 u0 com.huuuge.stars.slots/com.huuuge.casino.BootActivity EXITING}: viewVisibility=4 req=2048x1536 WM.LayoutParams{(0,0)(fillxfill) sim=#123 ty=1 fl=#1810500 pfl=0x20000 fmt=-3 wanim=0x1030001 vsysui=0x1700 needsMenuKey=2 naviIconColor=0}
04-13 14:48:00.603  1526  1526 I ApplicationPackageManager: load=com.huuuge.stars.slots-crop, bg=96-96, dr=96-96
04-13 14:48:00.603  2695  2695 D InputTransport: Input channel constructed: fd=70
04-13 14:48:00.603 21757 21757 D ViewRootImpl@ce10e8c[GrantPermissionsActivity]: mHardwareRenderer.destroy()#1
04-13 14:48:00.603  1249  1249 I KnoxTimeoutHandler: SD activityfalse
04-13 14:48:00.603  1249  1249 I KnoxTimeoutHandler: Fullscreen and mCurrent is not KNOX user. Hence hide keyguard
04-13 14:48:00.608  1526  1526 D WallpaperService: MSG_WINDOW_RESIZED
04-13 14:48:00.608  1526  1526 D WallpaperService: updateSurface forceRelayout=true redrawNeeded=false myWidth=2048 myHeight=1536 fixedSize=true mWidth=2048 mHeight=1536
04-13 14:48:00.608  1526  1526 V WallpaperService: Changes: creating=false format=false size=false
04-13 14:48:00.618 10913 10913 D ViewRootImpl@8229b1f[BootActivity]: Relayout returned: oldFrame=[0,0][2048,1536] newFrame=[0,0][2048,1536] result=0x1 surface={isValid=false 0} surfaceGenerationChanged=false
04-13 14:48:00.620  1249  1260 V WindowManager: Relayout Window{cb9189ad0 u0 com.google.android.packageinstaller/com.android.packageinstaller.permission.ui.GrantPermissionsActivity}: viewVisibility=8 req=1024x1488 WM.LayoutParams{(0,0)(wrapxwrap) sim=#120 ty=1 fl=#1800002 fmt=-2 wanim=0x103038b surfaceInsets=Rect(4, 4 - 4, 4) needsMenuKey=2 naviIconColor=0}
04-13 14:48:00.623 10991 10991 D ICU     : No timezone override file found: /data/misc/zoneinfo/current/icu/icu_tzdata.dat
04-13 14:48:00.634 10913 10913 D ViewRootImpl@8229b1f[BootActivity]: mHardwareRenderer.destroy()#1
04-13 14:48:00.646 10991 10991 I Radio-JNI: register_android_hardware_Radio DONE
04-13 14:48:00.650 10991 10991 D ReflectionHelper: loadKlass() : caller=android.app.Activity.<clinit>:7572 <bottom of call stack> 
04-13 14:48:00.650 10991 10991 D ReflectionHelper: Reflecting method.....  class <onScreenChanged>
04-13 14:48:00.653  1249  1382 V WindowManager: Relayout Window{e52f97d0 u0 com.android.systemui.ImageWallpaper}: viewVisibility=0 req=2048x1536 WM.LayoutParams{(0,0)(2048x1536) gr=#800033 ty=2013 fl=#318 fmt=2 wanim=0x10302f2 naviIconColor=0}
04-13 14:48:00.653 21757 21757 D ViewRootImpl@ce10e8c[GrantPermissionsActivity]: Relayout returned: oldFrame=[512,24][1536,1512] newFrame=[512,24][1536,1512] result=0x5 surface={isValid=false 0} surfaceGenerationChanged=true
04-13 14:48:00.653 10991 10991 E SemAffinityControl: SemAffinityControl: registerfunction enter
04-13 14:48:00.653 21757 21757 D InputTransport: Input channel destroyed: fd=64
04-13 14:48:00.664 10991 10991 D AndroidRuntime: Calling main entry jp.co.cyberagent.stf.rotationwatcher.RotationWatcher
04-13 14:48:00.669  1526  1526 V WallpaperService: New surface=Surface(name=null)/@0x5eaa977, frame=Rect(0, 0 - 2048, 1536),relayoutResult=1, mConfiguration={0 1.0 showBtnBg = -1 ?mcc?mnc ?localeList ?layoutDir ?swdp ?wdp ?hdp ?density ?lsize ?long ?orien ?uimode ?night ?touch ?keyb/?/? ?nav/?}
04-13 14:48:00.669  1249  1416 V WindowManager: Relayout Window{2decd89d0 u0 com.huuuge.stars.slots/com.huuuge.casino.BootActivity EXITING}: viewVisibility=8 req=2048x1536 WM.LayoutParams{(0,0)(fillxfill) sim=#123 ty=1 fl=#1810500 pfl=0x20000 fmt=-3 wanim=0x1030001 vsysui=0x1700 needsMenuKey=2 naviIconColor=0}
04-13 14:48:00.669  1526  1526 V WallpaperService: Wallpaper size has changed : 2048, 1536
04-13 14:48:00.669  1526  1526 D ImageWallpaper: onOffsetsChanged: xOffset=0.0, yOffset=0.0, xOffsetStep=0.0, yOffsetStep=0.0, xPixels=0, yPixels=0
04-13 14:48:00.670  1526  1526 D ImageWallpaper: drawFrame=false rotation=3 mLastRotation=3
04-13 14:48:00.670  1526  1526 D ImageWallpaper: drawFrame:[frame.width()]2048[frame.height()]1536
04-13 14:48:00.670  1526  1526 D ImageWallpaper: surfaceDimensionsChanged=false mLastSurfaceRotation=3 mDisplayWidth=-1 mDisplayHeight=-1
04-13 14:48:00.670  1526  1526 D ImageWallpaper: redrawNeeded = false, mOffsetsChanged = false
04-13 14:48:00.670  1526  1526 D ImageWallpaper: Suppressed drawFrame since redraw is not needed and offsets have not changed.
04-13 14:48:00.694 10913 10913 D ViewRootImpl@8229b1f[BootActivity]: Relayout returned: oldFrame=[0,0][2048,1536] newFrame=[0,0][2048,1536] result=0x1 surface={isValid=false 0} surfaceGenerationChanged=false
04-13 14:48:00.704  1249  1432 D MdnieScenarioControlService:  packageName : com.sec.android.app.launcher    className : com.sec.android.app.launcher.activities.LauncherActivity
04-13 14:48:00.704  1249  1432 V MdnieScenarioControlService: setUIMode from UI function(2)
04-13 14:48:00.710  1249  1258 I art     : Background partial concurrent mark sweep GC freed 72931(4MB) AllocSpace objects, 33(708KB) LOS objects, 28% free, 40MB/56MB, paused 4.080ms total 262.596ms
