04-23 11:50:58.499  2612  3270 D ConnectivityService: ConnectivityService NetworkRequestInfo binderDied(NetworkRequest [ id=985, legacyType=-1, [ Capabilities: INTERNET&NOT_RESTRICTED&TRUSTED] ], android.os.BinderProxy@9b4910b)
04-23 11:50:58.499  2612  3021 D ConnectivityService: releasing NetworkRequest NetworkRequest [ id=985, legacyType=-1, [ Capabilities: INTERNET&NOT_RESTRICTED&TRUSTED] ]
04-23 11:50:58.499  2612  3136 D ActivityManager: cleanUpApplicationRecord -- 19668
04-23 11:50:58.499  2612  3136 D ActivityManager: isAutoRunBlockedApp:: com.google.android.youtube, Auto Run ON
04-23 11:50:58.499  2612  3021 D ConnectivityService: sending notification RELEASED for NetworkRequest [ id=985, legacyType=-1, [ Capabilities: INTERNET&NOT_RESTRICTED&TRUSTED] ]
04-23 11:50:58.499  2612  3021 E ConnectivityService: RemoteException caught trying to send a callback msg for NetworkRequest [ id=985, legacyType=-1, [ Capabilities: INTERNET&NOT_RESTRICTED&TRUSTED] ]
04-23 11:50:58.539 20794 20794 D ResourcesManager: For user 0 new overlays fetched Null
04-23 11:50:58.559 20794 20794 D ContextRelationManager: ContextRelationManager() : FEATURE_ENABLED=true
04-23 11:50:58.579  3857 17442 D ResourcesManager: For user 0 new overlays fetched Null
04-23 11:50:58.639 20780 20780 D ContextRelationManager: ContextRelationManager() : FEATURE_ENABLED=true
04-23 11:50:58.779  2612  3270 D ConnectivityService: returning getNetworkInfo for network type 9 : [type: ETHERNET[] - ETHERNET, state: DISCONNECTED/DISCONNECTED, reason: (unspecified), extra: (none), roaming: false, failover: false, isAvailable: true]
04-23 11:50:58.789  2612  3136 D ConnectivityService: returning getNetworkInfo for network type 1 : [type: WIFI[] - WIFI, state: CONNECTED/CONNECTED, reason: (unspecified), extra: "HuuugeQA", roaming: false, failover: false, isAvailable: true]
04-23 11:50:58.789  3857 17440 D ResourcesManager: For user 0 new overlays fetched Null
04-23 11:50:58.889  2612  3264 D ConnectivityService: returning getNetworkInfo for network type 9 : [type: ETHERNET[] - ETHERNET, state: DISCONNECTED/DISCONNECTED, reason: (unspecified), extra: (none), roaming: false, failover: false, isAvailable: true]
04-23 11:50:58.889  2612  3483 D ConnectivityService: returning getNetworkInfo for network type 1 : [type: WIFI[] - WIFI, state: CONNECTED/CONNECTED, reason: (unspecified), extra: "HuuugeQA", roaming: false, failover: false, isAvailable: true]
04-23 11:50:58.889  2612  3005 D MountService: getExternalStorageMountMode : 2
04-23 11:50:58.889  2612  3005 D MountService: getExternalStorageMountMode : 3
04-23 11:50:58.889  2612  3005 D MountService: getExternalStorageMountMode : final mountMode=2, uid : 10032, packageName : com.sec.android.app.shealth
04-23 11:50:58.899 20820 20820 I libpersona: KNOX_SDCARD checking this for 10032
04-23 11:50:58.899 20820 20820 I libpersona: KNOX_SDCARD not a persona
04-23 11:50:58.899  2612  3005 I ActivityManager: Start proc 20820:com.sec.android.app.shealth:remote/u0a32 for broadcast-3 com.sec.android.app.shealth/com.samsung.android.service.health.status.PackageDelegateReceiver
04-23 11:50:58.899  2612  3005 I ActivityManager: KillingProcessesUss : put [com.google.android.apps.maps] : 16384 KB
04-23 11:50:58.899  2612  3005 I ActivityManager: Killing 19586:com.google.android.apps.maps/u0a114 (adj 15): DHA:empty #31
04-23 11:50:58.919  3857 17440 D ResourcesManager: For user 0 new overlays fetched Null
04-23 11:50:58.929  2612  3270 V BroadcastQueue: [background] Process cur broadcast BroadcastRecord{e4c45ef u0 android.intent.action.PACKAGE_ADDED qIdx=4}, state= (APP_RECEIVE) DELIVERED for app ProcessRecord{b8fd2fb 20820:com.sec.android.app.shealth:remote/u0a32}
04-23 11:50:58.949 20820 20820 D ResourcesManager: For user 0 new overlays fetched Null
04-23 11:50:59.019  2612  3487 D ConnectivityService: ConnectivityService NetworkRequestInfo binderDied(NetworkRequest [ id=986, legacyType=-1, [ Capabilities: INTERNET&NOT_RESTRICTED&TRUSTED] ], android.os.BinderProxy@7a77f18)
04-23 11:50:59.019  2612  3021 D ConnectivityService: releasing NetworkRequest NetworkRequest [ id=986, legacyType=-1, [ Capabilities: INTERNET&NOT_RESTRICTED&TRUSTED] ]
04-23 11:50:59.019  2612  3005 D ActivityManager: cleanUpApplicationRecord -- 19586
04-23 11:50:59.019  2612  3021 D ConnectivityService: sending notification RELEASED for NetworkRequest [ id=986, legacyType=-1, [ Capabilities: INTERNET&NOT_RESTRICTED&TRUSTED] ]
04-23 11:50:59.019  2612  3021 E ConnectivityService: RemoteException caught trying to send a callback msg for NetworkRequest [ id=986, legacyType=-1, [ Capabilities: INTERNET&NOT_RESTRICTED&TRUSTED] ]
04-23 11:50:59.019  2612  3005 D ActivityManager: isAutoRunBlockedApp:: com.google.android.apps.maps, Auto Run ON
04-23 11:50:59.029 20820 20820 D ContextRelationManager: ContextRelationManager() : FEATURE_ENABLED=true
04-23 11:50:59.069 20479 20533 W ContextImpl: Calling a method in the system process without a qualified user: android.app.ContextImpl.sendBroadcast:843 android.content.ContextWrapper.sendBroadcast:410 com.samsung.SMT.b.h.a:-1 com.samsung.SMT.SamsungTTSService.b:-1 com.samsung.SMT.SamsungTTSService.onLoadLanguage:-1 
04-23 11:50:59.079 20479 20533 W ContextImpl: Calling a method in the system process without a qualified user: android.app.ContextImpl.sendBroadcast:843 android.content.ContextWrapper.sendBroadcast:410 android.speech.tts.TextToSpeechService$SynthThread.broadcastTtsQueueProcessingCompleted:460 android.speech.tts.TextToSpeechService$SynthThread.queueIdle:452 android.os.MessageQueue.next:392 
04-23 11:50:59.209  2612  3005 D MountService: getExternalStorageMountMode : 2
04-23 11:50:59.209  2612  3005 D MountService: getExternalStorageMountMode : 3
04-23 11:50:59.209  2612  3005 D MountService: getExternalStorageMountMode : final mountMode=2, uid : 10032, packageName : com.sec.android.app.shealth
04-23 11:50:59.219 20847 20847 I libpersona: KNOX_SDCARD checking this for 10032
04-23 11:50:59.219 20847 20847 I libpersona: KNOX_SDCARD not a persona
04-23 11:50:59.219  2612  3005 I ActivityManager: Start proc 20847:com.sec.android.app.shealth/u0a32 for content provider com.sec.android.app.shealth/com.samsung.android.app.shealth.home.provider.MultiprocessSharedPreferencesProviderForSDK
04-23 11:50:59.269 20847 20847 D ResourcesManager: For user 0 new overlays fetched Null
04-23 11:50:59.269  2612  3660 V BroadcastQueue: [background] Process cur broadcast BroadcastRecord{e4c45ef u0 android.intent.action.PACKAGE_ADDED qIdx=4}, state= (APP_RECEIVE) DELIVERED for app ProcessRecord{867952d 20215:com.android.vending/u0a28}
04-23 11:50:59.309 20847 20847 D ContextRelationManager: ContextRelationManager() : FEATURE_ENABLED=true
04-23 11:50:59.339  2612  3660 V BroadcastQueue: [background] Process cur broadcast BroadcastRecord{e4c45ef u0 android.intent.action.PACKAGE_ADDED qIdx=4}, state= (APP_RECEIVE) DELIVERED for app ProcessRecord{9ce83ad 19541:com.sec.android.app.samsungapps/u0a14}
04-23 11:50:59.449  2612  3136 V BroadcastQueue: [background] Process cur broadcast BroadcastRecord{aad96f4 u0 com.samsung.android.providers.context.log.action.USE_APP_FEATURE_SURVEY qIdx=4}, state= (APP_RECEIVE) DELIVERED for app ProcessRecord{8509001 4051:com.samsung.android.providers.context/u0a7}
04-23 11:50:59.449  2612  3136 V BroadcastQueue: [background] Process cur broadcast BroadcastRecord{49fce1d u0 com.samsung.android.providers.context.log.action.USE_APP_FEATURE_SURVEY qIdx=4}, state= (APP_RECEIVE) DELIVERED for app ProcessRecord{8509001 4051:com.samsung.android.providers.context/u0a7}
04-23 11:50:59.459 20466 20650 E ActivityThread: Failed to find provider info for com.facebook.katana.provider.AttributionIdProvider
04-23 11:50:59.479  2612  3660 V BroadcastQueue: [background] Process cur broadcast BroadcastRecord{b872e60 u0 com.samsung.android.intent.action.PACKAGE_ADDED qIdx=4}, state= (APP_RECEIVE) DELIVERED for app ProcessRecord{b8fd2fb 20820:com.sec.android.app.shealth:remote/u0a32}
04-23 11:50:59.569  2612  3483 V BroadcastQueue: [background] Process cur broadcast BroadcastRecord{b872e60 u0 com.samsung.android.intent.action.PACKAGE_ADDED qIdx=4}, state= (APP_RECEIVE) DELIVERED for app ProcessRecord{b8fd2fb 20820:com.sec.android.app.shealth:remote/u0a32}
04-23 11:50:59.639  2612  3487 V BroadcastQueue: [background] Process cur broadcast BroadcastRecord{b872e60 u0 com.samsung.android.intent.action.PACKAGE_ADDED qIdx=4}, state= (APP_RECEIVE) DELIVERED for app ProcessRecord{b8fd2fb 20820:com.sec.android.app.shealth:remote/u0a32}
04-23 11:50:59.699  2612  3272 D ConnectivityService: returning getNetworkInfo for network type 0 : [type: MOBILE[] - MOBILE, state: DISCONNECTED/DISCONNECTED, reason: (unspecified), extra: (none), roaming: false, failover: false, isAvailable: true]
04-23 11:50:59.879  2612  3486 V BroadcastQueue: [background] Process cur broadcast BroadcastRecord{66ad9b7 u0 com.samsung.shealth.REQUEST_CAPABILITY qIdx=4}, state= (APP_RECEIVE) DELIVERED for app ProcessRecord{b8fd2fb 20820:com.sec.android.app.shealth:remote/u0a32}
04-23 11:50:59.889  2612  2627 I ActivityManager: KillingProcessesUss : put [com.google.android.gms.ui] : 10528 KB
04-23 11:50:59.889  2612  2627 I ActivityManager: Killing 19888:com.google.android.gms.ui/u0a15 (adj 15): DHA:empty #31
04-23 11:50:59.899  2612  3272 D ActivityManager: cleanUpApplicationRecord -- 19888
04-23 11:50:59.909  2612  3272 D ActivityManager: isAutoRunBlockedApp:: com.google.android.gms, Auto Run ON
04-23 11:50:59.909  2612  3136 V BroadcastQueue: [background] Process cur broadcast BroadcastRecord{6cd7a42 u0 com.samsung.shealth.REQUEST_CAPABILITY qIdx=4}, state= (APP_RECEIVE) DELIVERED for app ProcessRecord{b8fd2fb 20820:com.sec.android.app.shealth:remote/u0a32}
04-23 11:50:59.919  2612  3486 I ActivityManager: KillingProcessesUss : put [com.google.android.apps.photos] : 9588 KB
04-23 11:50:59.919  2612  3486 I ActivityManager: Killing 19927:com.google.android.apps.photos/u0a122 (adj 15): DHA:empty #31
04-23 11:50:59.989  2612  2960 V AlarmManager: Expired Alarm result :8
04-23 11:51:00.049  2612  4192 D ActivityManager: cleanUpApplicationRecord -- 19927
04-23 11:51:00.049  2612  4192 D ActivityManager: isAutoRunBlockedApp:: com.google.android.apps.photos, Auto Run ON
04-23 11:51:00.879  2612  3005 V AlarmManager:  remove PendingIntent] PendingIntent{467c0cb: PendingIntentRecord{5600f09 com.google.android.gms broadcastIntent}}
04-23 11:51:00.899  2612  3005 D MountService: getExternalStorageMountMode : 3
04-23 11:51:00.899  2612  3005 D MountService: getExternalStorageMountMode : 3
04-23 11:51:00.899  2612  3005 D MountService: getExternalStorageMountMode : final mountMode=3, uid : 10174, packageName : com.touchtype.swiftkey
04-23 11:51:00.909 20905 20905 I libpersona: KNOX_SDCARD checking this for 10174
04-23 11:51:00.909 20905 20905 I libpersona: KNOX_SDCARD not a persona
04-23 11:51:00.909  2612  3005 I ActivityManager: Start proc 20905:com.touchtype.swiftkey/u0a174 for service com.touchtype.swiftkey/com.touchtype.scheduling.ScheduledTaskService
04-23 11:51:00.909  2612  3012 D NetworkPolicy: isUidForegroundLocked: 10174, mScreenOn: true, uidstate: -1, mProxSensorScreenOff: false
04-23 11:51:00.949  2612  3012 D NetworkPolicy: isUidForegroundLocked: 10174, mScreenOn: true, uidstate: 10, mProxSensorScreenOff: false
04-23 11:51:00.959 20905 20905 D ResourcesManager: For user 0 new overlays fetched Null
04-23 11:51:00.999 20905 20905 D ContextRelationManager: ContextRelationManager() : FEATURE_ENABLED=true
04-23 11:51:01.329  2612  3272 D MountService: onExternalStoragePolicyChanged : uid=10693, packageName=com.huuuge.stars.slots
04-23 11:51:01.329  2612  3272 D MountService: getExternalStorageMountMode : 2
04-23 11:51:01.329  2612  3272 D MountService: getExternalStorageMountMode : 3
04-23 11:51:01.329  2612  3272 D MountService: getExternalStorageMountMode : final mountMode=2, uid : 10693, packageName : com.huuuge.stars.slots
04-23 11:51:01.329  2612  3272 D VoldConnector: SND -> {914 volume remount_uid 10693 read}
04-23 11:51:01.339  2180  2402 D VoldCmdListener: volume remount_uid 10693 read
04-23 11:51:01.339  2180  2402 D VoldCmdListener: CommandListener::runCommand() cmd:remount_uid
04-23 11:51:01.469  2612  2973 D VoldConnector: RCV <- {200 914 Command succeeded}
04-23 11:51:01.469  2612  3009 D MountService: onExternalStoragePolicyChanged : uid=10693, packageName=com.huuuge.stars.slots
04-23 11:51:01.469  2612  3009 D MountService: getExternalStorageMountMode : 3
04-23 11:51:01.469  2612  3009 D MountService: getExternalStorageMountMode : 3
04-23 11:51:01.469  2612  3009 D MountService: getExternalStorageMountMode : final mountMode=3, uid : 10693, packageName : com.huuuge.stars.slots
04-23 11:51:01.469  2612  3009 D VoldConnector: SND -> {915 volume remount_uid 10693 write}
04-23 11:51:01.469  2180  2402 D VoldCmdListener: volume remount_uid 10693 write
04-23 11:51:01.469  2180  2402 D VoldCmdListener: CommandListener::runCommand() cmd:remount_uid
04-23 11:51:01.609  2612  2973 D VoldConnector: RCV <- {200 915 Command succeeded}
04-23 11:51:01.629 20905 20932 E ActivityThread: Failed to find provider info for com.facebook.katana.provider.AttributionIdProvider
04-23 11:51:01.649  2612  3005 D CustomFrequencyManagerService: acquireDVFSLockLocked : type : DVFS_MIN_LIMIT  frequency : 1500000  uid : 1000  pid : 2612  pkgName : ACTIVITY_RESUME_BOOSTER@3
04-23 11:51:01.649  2612  3005 D ActivityManager: mDVFSHelper.acquire()
04-23 11:51:01.649  2612  3005 D ActivityManager:  Launching com.huuuge.stars.slots, updated priority
04-23 11:51:01.659  2612  2612 D GameManagerService: NotifyRunnable. pkg: com.huuuge.stars.slots, type: 4, isMinimized: false, isTunableApp: false
04-23 11:51:01.659  2612  2612 D GameManagerService: do nothing. mKillNotiCount: 3
04-23 11:51:01.659  2612  2685 V MARsPolicyManager: updatePackagesScore PackageInfo name -- com.huuuge.stars.slots
04-23 11:51:01.659  2612  3264 D PowerManagerService: [api] acquire WakeLock flags=0x1000000a tag=Claw uid=10693 pid=20466
04-23 11:51:01.669  2612  2687 D StatusBarManagerService: manageDisableList userId=0 what=0x0 pkg=Window{703ba58 u0 d0 p20466 com.huuuge.stars.slots/com.huuuge.casino.BootActivity}
04-23 11:51:01.679  2612  2687 D StatusBarManagerService: manageDisableList userId=0 what=0x0 pkg=Window{703ba58 u0 d0 p20466 com.huuuge.stars.slots/com.huuuge.casino.BootActivity}
04-23 11:51:01.699  2612  3136 I ActivityManager: KillingProcessesUss : put [com.android.vending:instant_app_installer] : 8460 KB
04-23 11:51:01.699  2612  3136 I ActivityManager: Killing 19982:com.android.vending:instant_app_installer/u0a28 (adj 15): DHA:empty #31
04-23 11:51:01.719  2612  3264 D ActivityManager: cleanUpApplicationRecord -- 19982
04-23 11:51:01.729  2612  3264 D ActivityManager: isAutoRunBlockedApp:: com.android.vending, Auto Run ON
04-23 11:51:01.769  2612  3136 V BackupManagerService: beginRestoreSession: pkg=com.huuuge.stars.slots transport=null
04-23 11:51:01.769  2612  3136 D BackupManagerService: restoring self on current transport; no permission needed
04-23 11:51:01.769  2612  3270 V RestoreSession: restorePackage pkg=com.huuuge.stars.slots obs=android.app.backup.IRestoreObserver$Stub$Proxy@c3cb4c6
04-23 11:51:01.769  2612  3270 V RestoreSession: restorePackage pkg=com.huuuge.stars.slots token=0
04-23 11:51:01.769  2612  3270 W RestoreSession: No data available for this package; not restoring
04-23 11:51:01.769  2612  3487 D RestoreSession: endRestoreSession
04-23 11:51:01.769  2612  3044 V BackupManagerService: Clearing restore session and halting timeout
04-23 11:51:01.779  2612  3044 W ContextImpl: Calling a method in the system process without a qualified user: android.app.ContextImpl.sendBroadcast:843 com.android.server.backup.BackupManagerService.warnEdmAdminOperationCompleted:10499 com.android.server.backup.BackupManagerService.clearRestoreSession:9902 com.android.server.backup.BackupManagerService$ActiveRestoreSession$EndRestoreRunnable.run:10239 android.os.Handler.handleCallback:739 
04-23 11:51:01.859  2612  3660 V AlarmManager:  remove PendingIntent] PendingIntent{c117c87: PendingIntentRecord{ecd57b4 com.huuuge.stars.slots broadcastIntent}}
04-23 11:51:01.869  2612  4193 V AlarmManager:  remove PendingIntent] PendingIntent{75f5fdd: PendingIntentRecord{4bf5752 com.huuuge.stars.slots broadcastIntent}}
04-23 11:51:01.869  2612  3272 V AlarmManager:  remove PendingIntent] PendingIntent{d7f5a23: PendingIntentRecord{6c23b20 com.huuuge.stars.slots broadcastIntent}}
04-23 11:51:01.869  2612  3481 V AlarmManager:  remove PendingIntent] PendingIntent{9771cd9: PendingIntentRecord{63757f com.huuuge.stars.slots broadcastIntent}}
04-23 11:51:01.869  2612  2626 V AlarmManager:  remove PendingIntent] PendingIntent{75fe94c: PendingIntentRecord{9b3ad95 com.huuuge.stars.slots broadcastIntent}}
04-23 11:51:01.879  2612  3012 D NetworkPolicy: isUidForegroundLocked: 10015, mScreenOn: true, uidstate: 3, mProxSensorScreenOff: false
04-23 11:51:01.879  2612  3268 V AlarmManager:  remove PendingIntent] PendingIntent{5ee8e11: PendingIntentRecord{801db76 com.huuuge.stars.slots broadcastIntent}}
04-23 11:51:01.879  2612  4193 V AlarmManager:  remove PendingIntent] PendingIntent{cec9577: PendingIntentRecord{75015e4 com.huuuge.stars.slots broadcastIntent}}
04-23 11:51:01.999  2612  5167 D GameManagerService: identifyGamePackage. com.huuuge.stars.slots
04-23 11:51:02.009  2612  5167 D GameManagerService: identifyGamePackage. com.huuuge.stars.slots
04-23 11:51:02.669  3190  3190 D Recents : onTaskStackChanged
04-23 11:51:04.649  2612  2685 D CustomFrequencyManagerService: releaseDVFSLockLocked : Getting Lock type frm List : DVFS_MIN_LIMIT  frequency : 1500000  uid : 1000  pid : 2612  tag : ACTIVITY_RESUME_BOOSTER@3
04-23 11:51:04.649  2612  2685 D ActivityManager: mDVFSHelper.release()
04-23 11:51:04.649  2612  2685 D CustomFrequencyManagerService: acquireDVFSLockLocked : type : DVFS_MIN_LIMIT  frequency : 1500000  uid : 1000  pid : 2612  pkgName : ACTIVITY_RESUME_BOOSTER@9
04-23 11:51:05.259  2612  2612 D CustomFrequencyManagerService: releaseDVFSLockLocked : Getting Lock type frm List : DVFS_MIN_LIMIT  frequency : 1500000  uid : 1000  pid : 2612  tag : ACTIVITY_RESUME_BOOSTER@9
04-23 11:51:05.949  2612  5167 D SSRM:w  : SIOP:: AP = 410, PST = 304 (W:10), CUR = -166, LCD = 24
04-23 11:51:05.949  2612  5167 D ConnectivityService: returning getNetworkInfo for network type 1 : [type: WIFI[] - WIFI, state: CONNECTED/CONNECTED, reason: (unspecified), extra: "HuuugeQA", roaming: false, failover: false, isAvailable: true]
04-23 11:51:06.609  2612  3486 D ConnectivityService: returning getNetworkInfo for network type 1 : [type: WIFI[] - WIFI, state: CONNECTED/CONNECTED, reason: (unspecified), extra: "HuuugeQA", roaming: false, failover: false, isAvailable: true]
04-23 11:51:06.609  2612  3264 D ConnectivityService: returning getNetworkInfo for network type 0 : [type: MOBILE[] - MOBILE, state: DISCONNECTED/DISCONNECTED, reason: (unspecified), extra: (none), roaming: false, failover: false, isAvailable: true]
04-23 11:51:06.779 20466 20958 E ActivityThread: Failed to find provider info for com.facebook.katana.provider.AttributionIdProvider
--------- beginning of main
04-23 11:51:09.549 20466 20961 I Claw    : [0m[      13.371] [30;1mjni/../jni/src/claw/vfs/android/AndroidFile.cpp:97: JNI class acquired, acquire java method: FillAndroidFD with args: (Ljava/lang/String;)Z
04-23 11:51:09.549 20466 20961 D ClawActivityCommon: Checking for: atlas2_2_etc2.pak
04-23 11:51:09.549 20466 20961 D ClawActivityCommon: Descriptor found offset=2226544 length=464756
04-23 11:51:09.549 20466 20961 I Claw    : [0m[      13.371] [30;1mjni/../jni/src/claw/application/android/AndroidApplication.cpp:446: Native FD: 50 (not used), duplicated: 88
04-23 11:51:09.549 20466 20961 I Claw    : [0m[      13.371] [30;1mjni/../jni/src/claw/vfs/ZMount.cpp:35: Opened ZPak: atlas2_2_etc2.pak
04-23 11:51:09.549 20466 20961 I Claw    : [0m[      13.372] [30;1mjni/../jni/src/claw/vfs/Vfs.cpp:97: Added new mount at /
04-23 11:51:09.549 20466 20961 I Claw    : [0m[      13.372] /home/jenkins-agent/workspace/huuuge-stars/client-dev/hs-android/src/casino/DefaultDownloadManager.cpp:243: Embedded pak atlas2_2_etc2.pak mounted
04-23 11:51:09.549 20466 20961 I Claw    : [0m[      13.373] [30;1mjni/../jni/src/claw/vfs/android/AndroidFile.cpp:97: Aquire java class for JNI method: com/Claw/Android/ClawActivityCommon
04-23 11:51:09.549 20466 20961 I Claw    : [0m[      13.373] [30;1mjni/../jni/src/claw/vfs/android/AndroidFile.cpp:97: JNI class acquired, acquire java method: FillAndroidFD with args: (Ljava/lang/String;)Z
04-23 11:51:09.549 20466 20961 D ClawActivityCommon: Checking for: atlas_fb_rateus_1_etc2.pak
04-23 11:51:09.549 20466 20961 D ClawActivityCommon: Descriptor found offset=10473716 length=189056
04-23 11:51:09.549 20466 20961 I Claw    : [0m[      13.374] [30;1mjni/../jni/src/claw/application/android/AndroidApplication.cpp:446: Native FD: 50 (not used), duplicated: 88
04-23 11:51:09.549 20466 20961 I Claw    : [0m[      13.374] [30;1mjni/../jni/src/claw/vfs/ZMount.cpp:35: Opened ZPak: atlas_fb_rateus_1_etc2.pak
04-23 11:51:09.549 20466 20961 I Claw    : [0m[      13.374] [30;1mjni/../jni/src/claw/vfs/Vfs.cpp:97: Added new mount at /
04-23 11:51:09.549 20466 20961 I Claw    : [0m[      13.375] /home/jenkins-agent/workspace/huuuge-stars/client-dev/hs-android/src/casino/DefaultDownloadManager.cpp:243: Embedded pak atlas_fb_rateus_1_etc2.pak mounted
04-23 11:51:09.549 20466 20961 I Claw    : [0m[      13.375] [30;1mjni/../jni/src/claw/vfs/android/AndroidFile.cpp:97: Aquire java class for JNI method: com/Claw/Android/ClawActivityCommon
04-23 11:51:09.549 20466 20961 I Claw    : [0m[      13.375] [30;1mjni/../jni/src/claw/vfs/android/AndroidFile.cpp:97: JNI class acquired, acquire java method: FillAndroidFD with args: (Ljava/lang/String;)Z
04-23 11:51:09.549 20466 20961 D ClawActivityCommon: Checking for: atlas_clubs_2_etc2.pak
04-23 11:51:09.549 20466 20961 D ClawActivityCommon: Descriptor found offset=8463376 length=472260
04-23 11:51:09.549 20466 20961 I Claw    : [0m[      13.376] [30;1mjni/../jni/src/claw/application/android/AndroidApplication.cpp:446: Native FD: 47 (not used), duplicated: 50
04-23 11:51:09.549 20466 20961 I Claw    : [0m[      13.376] [30;1mjni/../jni/src/claw/vfs/ZMount.cpp:35: Opened ZPak: atlas_clubs_2_etc2.pak
04-23 11:51:09.549 20466 20961 I Claw    : [0m[      13.377] [30;1mjni/../jni/src/claw/vfs/Vfs.cpp:97: Added new mount at /
04-23 11:51:09.549 20466 20961 I Claw    : [0m[      13.377] /home/jenkins-agent/workspace/huuuge-stars/client-dev/hs-android/src/casino/DefaultDownloadManager.cpp:243: Embedded pak atlas_clubs_2_etc2.pak mounted
04-23 11:51:09.559 20466 20961 I Claw    : [0m[      13.378] [30;1mjni/../jni/src/claw/vfs/android/AndroidFile.cpp:97: Aquire java class for JNI method: com/Claw/Android/ClawActivityCommon
04-23 11:51:09.559 20466 20961 I Claw    : [0m[      13.378] [30;1mjni/../jni/src/claw/vfs/android/AndroidFile.cpp:97: JNI class acquired, acquire java method: FillAndroidFD with args: (Ljava/lang/String;)Z
04-23 11:51:09.559 20466 20961 D ClawActivityCommon: Checking for: sound_slots_vo_male.pak
04-23 11:51:09.559 20466 20961 D ClawActivityCommon: Descriptor found offset=69893816 length=204039
04-23 11:51:09.559 20466 20961 I Claw    : [0m[      13.378] [30;1mjni/../jni/src/claw/application/android/AndroidApplication.cpp:446: Native FD: 47 (not used), duplicated: 50
04-23 11:51:09.559 20466 20961 I Claw    : [0m[      13.379] [30;1mjni/../jni/src/claw/vfs/ZMount.cpp:35: Opened ZPak: sound_slots_vo_male.pak
04-23 11:51:09.559 20466 20961 I Claw    : [0m[      13.379] [30;1mjni/../jni/src/claw/vfs/Vfs.cpp:97: Added new mount at /
04-23 11:51:09.559 20466 20961 I Claw    : [0m[      13.379] /home/jenkins-agent/workspace/huuuge-stars/client-dev/hs-android/src/casino/DefaultDownloadManager.cpp:243: Embedded pak sound_slots_vo_male.pak mounted
04-23 11:51:09.559 20466 20961 I Claw    : [0m[       13.38] [30;1mjni/../jni/src/claw/vfs/android/AndroidFile.cpp:97: Aquire java class for JNI method: com/Claw/Android/ClawActivityCommon
04-23 11:51:09.559 20466 20961 I Claw    : [0m[      13.381] [30;1mjni/../jni/src/claw/vfs/android/AndroidFile.cpp:97: JNI class acquired, acquire java method: FillAndroidFD with args: (Ljava/lang/String;)Z
04-23 11:51:09.559 20466 20961 D ClawActivityCommon: Checking for: atlas_sku_hc_2_etc2.pak
04-23 11:51:09.559 20466 20961 D ClawActivityCommon: Descriptor found offset=16654560 length=412569
04-23 11:51:09.559 20466 20961 I Claw    : [0m[      13.381] [30;1mjni/../jni/src/claw/application/android/AndroidApplication.cpp:446: Native FD: 47 (not used), duplicated: 50
04-23 11:51:09.559 20466 20961 I Claw    : [0m[      13.381] [30;1mjni/../jni/src/claw/vfs/ZMount.cpp:35: Opened ZPak: atlas_sku_hc_2_etc2.pak
04-23 11:51:09.559 20466 20961 I Claw    : [0m[      13.382] [30;1mjni/../jni/src/claw/vfs/Vfs.cpp:97: Added new mount at /
04-23 11:51:09.559 20466 20961 I Claw    : [0m[      13.382] /home/jenkins-agent/workspace/huuuge-stars/client-dev/hs-android/src/casino/DefaultDownloadManager.cpp:243: Embedded pak atlas_sku_hc_2_etc2.pak mounted
04-23 11:51:09.569 20466 20961 I Claw    : [0m[      13.388] [30;1mjni/../jni/src/claw/vfs/android/AndroidSaveFile.cpp:82: Open new save save/paks
04-23 11:51:09.589 20466 20619 I Claw    : [0m[      13.411] /home/jenkins-agent/workspace/huuuge-stars/client-dev/hs-android/src/casino/DownloadManager.cpp:177: Preempting download of data-hc.pak
04-23 11:51:09.589 20466 20967 I Claw    : [0m[      13.411] [30;1mjni/../jni/src/claw/vfs/android/AndroidSaveFile.cpp:42: Open existing save assetcache/data-hc.pak.meta
04-23 11:51:09.589 20466 20967 I Claw    : [0m[      13.411] [30;1mjni/../jni/src/claw/vfs/Vfs.cpp:168: Cannot open file: /assetcache/data-hc.pak.meta
04-23 11:51:09.589 20466 20967 I Claw    : [0m[      13.412] /home/jenkins-agent/workspace/huuuge-stars/client-dev/hs-android/src/casino/ServerList.cpp:53: Server list returning http://cdn-hs-dev.hgonline.net/346/, 1/14
04-23 11:51:09.589 20466 20967 I Claw    : [0m[      13.412] [30;1mjni/../jni/src/claw/vfs/android/AndroidSaveFile.cpp:42: Open existing save assetcache/data-hc.pak.meta
04-23 11:51:09.589 20466 20967 I Claw    : [0m[      13.412] [30;1mjni/../jni/src/claw/vfs/Vfs.cpp:168: Cannot open file: /assetcache/data-hc.pak.meta
04-23 11:51:09.589 20466 20967 I Claw    : [0m[      13.412] /home/jenkins-agent/workspace/huuuge-stars/client-dev/hs-android/src/casino/DefaultDownloadManager.cpp:415: Downloading pak data-hc.pak from http://cdn-hs-dev.hgonline.net/346/
04-23 11:51:09.589  2218  2767 D EnterpriseController: netId is 0
04-23 11:51:09.589  2218  2767 D Netd    : getNetworkForDns: using netid 502 for uid 10693
04-23 11:51:09.599 20466 20957 I Claw    : [0m[      13.417] ../../../../../../../../contrib/huuugeanalyticssdk/cpp/contrib/jni/JniAttach.hpp:185: Aquire java class for JNI method: com/huuuge/analytics/HA
04-23 11:51:09.599 20466 20957 I Claw    : [0m[      13.418] ../../../../../../../../contrib/huuugeanalyticssdk/cpp/contrib/jni/JniAttach.hpp:185: JNI class acquired, acquire java method: connectionStatus with args: ()I
04-23 11:51:09.599 20466 20957 I Claw    : [0m[      13.418] ../../../../../../../../contrib/huuugeanalyticssdk/cpp/contrib/jni/JniAttach.hpp:186: JNI method acquired, try to call.
04-23 11:51:09.599 20466 20957 I Claw    : [0m[      13.419] ../../../../../../../../contrib/huuugeanalyticssdk/cpp/contrib/jni/JniAttach.hpp:189: JNI method called.
04-23 11:51:09.599  2612  3660 D ConnectivityService: returning getNetworkInfo for network type 1 : [type: WIFI[] - WIFI, state: CONNECTED/CONNECTED, reason: (unspecified), extra: "HuuugeQA", roaming: false, failover: false, isAvailable: true]
04-23 11:51:09.599  2612  2626 D ConnectivityService: returning getNetworkInfo for network type 0 : [type: MOBILE[] - MOBILE, state: DISCONNECTED/DISCONNECTED, reason: (unspecified), extra: (none), roaming: false, failover: false, isAvailable: true]
04-23 11:51:09.639 20466 20968 I Claw    : [0m[      13.464] [30;1mjni/../jni/src/claw/network/HttpRequest.cpp:97: cdn-hs-dev.hgonline.net resolved to ::ffff:92.122.122.136
04-23 11:51:09.639 20466 20968 I Claw    : [0m[      13.465] [30;1mjni/../jni/src/claw/network/unix/UnixStreamSocket.cpp:93: Connecting to ::ffff:92.122.122.136
04-23 11:51:09.659 20466 20957 I Claw    : [0m[      13.483] ../../../../../../../../contrib/huuugeanalyticssdk/cpp/contrib/jni/JniAttach.hpp:185: Aquire java class for JNI method: com/huuuge/analytics/HA
04-23 11:51:09.659 20466 20957 I Claw    : [0m[      13.483] ../../../../../../../../contrib/huuugeanalyticssdk/cpp/contrib/jni/JniAttach.hpp:185: JNI class acquired, acquire java method: connectionStatus with args: ()I
04-23 11:51:09.659 20466 20957 I Claw    : [0m[      13.484] ../../../../../../../../contrib/huuugeanalyticssdk/cpp/contrib/jni/JniAttach.hpp:186: JNI method acquired, try to call.
04-23 11:51:09.659 20466 20957 I Claw    : [0m[      13.485] ../../../../../../../../contrib/huuugeanalyticssdk/cpp/contrib/jni/JniAttach.hpp:189: JNI method called.
04-23 11:51:09.659  2612  3268 D ConnectivityService: returning getNetworkInfo for network type 1 : [type: WIFI[] - WIFI, state: CONNECTED/CONNECTED, reason: (unspecified), extra: "HuuugeQA", roaming: false, failover: false, isAvailable: true]
04-23 11:51:09.659  2612  3009 D ConnectivityService: returning getNetworkInfo for network type 0 : [type: MOBILE[] - MOBILE, state: DISCONNECTED/DISCONNECTED, reason: (unspecified), extra: (none), roaming: false, failover: false, isAvailable: true]
04-23 11:51:09.849 20466 20968 I Claw    : [0m[      13.673] [30;1mjni/../jni/src/claw/network/HttpRequest.cpp:279: Content length: 37
04-23 11:51:09.849 20466 20968 I Claw    : [0m[      13.673] [30;1mjni/../jni/src/claw/vfs/android/AndroidSaveFile.cpp:82: Open new save assetcache/data-hc.pak
04-23 11:51:09.849 20466 20968 I Claw    : [0m[      13.674] [30;1mjni/../jni/src/claw/vfs/android/AndroidSaveFile.cpp:209: Need to create directory structure for /storage/emulated/0/Android/data/com.huuuge.stars.slots/files//assetcache/data-hc.pak
04-23 11:51:09.849 20466 20968 I Claw    : [0m[      13.675] [30;1mjni/../jni/src/claw/vfs/android/AndroidSaveFile.cpp:82: Open new save assetcache/data-hc.pak.meta
04-23 11:51:09.849 20466 20968 I Claw    : [0m[      13.677] [30;1mjni/../jni/src/claw/vfs/NativeMount.cpp:244: Aquire java class for JNI method: com/Claw/Android/NativeMount
04-23 11:51:09.849 20466 20968 I Claw    : [0m[      13.677] [30;1mjni/../jni/src/claw/vfs/NativeMount.cpp:244: JNI class acquired, acquire java method: GetFreeDiskSpace with args: (Ljava/lang/String;)J
04-23 11:51:09.859 20466 20968 I Claw    : [0m[      13.678] [30;1mjni/../jni/src/claw/vfs/NativeMount.cpp:244: Aquire java class for JNI method: com/Claw/Android/NativeMount
04-23 11:51:09.859 20466 20968 I Claw    : [0m[      13.678] [30;1mjni/../jni/src/claw/vfs/NativeMount.cpp:244: JNI class acquired, acquire java method: GetFreeDiskSpace with args: (Ljava/lang/String;)J
04-23 11:51:09.859 20466 20968 I Claw    : [0m[       13.68] [30;1mjni/../jni/src/claw/vfs/NativeMount.cpp:244: Aquire java class for JNI method: com/Claw/Android/NativeMount
04-23 11:51:09.859 20466 20968 I Claw    : [0m[       13.68] [30;1mjni/../jni/src/claw/vfs/NativeMount.cpp:244: JNI class acquired, acquire java method: GetFreeDiskSpace with args: (Ljava/lang/String;)J
04-23 11:51:09.859 20466 20968 I Claw    : [0m[      13.681] [30;1mjni/../jni/src/claw/vfs/NativeMount.cpp:244: Aquire java class for JNI method: com/Claw/Android/NativeMount
04-23 11:51:09.859 20466 20968 I Claw    : [0m[      13.681] [30;1mjni/../jni/src/claw/vfs/NativeMount.cpp:244: JNI class acquired, acquire java method: GetFreeDiskSpace with args: (Ljava/lang/String;)J
04-23 11:51:09.859 20466 20967 I Claw    : [0m[      13.684] [30;1mjni/../jni/src/claw/vfs/android/AndroidSaveFile.cpp:42: Open existing save assetcache/sound_vo_female.pak.meta
04-23 11:51:09.859 20466 20967 I Claw    : [0m[      13.684] [30;1mjni/../jni/src/claw/vfs/Vfs.cpp:168: Cannot open file: /assetcache/sound_vo_female.pak.meta
04-23 11:51:09.859 20466 20967 I Claw    : [0m[      13.685] /home/jenkins-agent/workspace/huuuge-stars/client-dev/hs-android/src/casino/ServerList.cpp:53: Server list returning http://cdn-hs-dev.hgonline.net/346/, 1/14
04-23 11:51:09.859 20466 20967 I Claw    : [0m[      13.685] [30;1mjni/../jni/src/claw/vfs/android/AndroidSaveFile.cpp:42: Open existing save assetcache/sound_vo_female.pak.meta
04-23 11:51:09.859 20466 20967 I Claw    : [0m[      13.686] [30;1mjni/../jni/src/claw/vfs/Vfs.cpp:168: Cannot open file: /assetcache/sound_vo_female.pak.meta
04-23 11:51:09.859 20466 20967 I Claw    : [0m[      13.686] /home/jenkins-agent/workspace/huuuge-stars/client-dev/hs-android/src/casino/DefaultDownloadManager.cpp:415: Downloading pak sound_vo_female.pak from http://cdn-hs-dev.hgonline.net/346/
04-23 11:51:09.869  2218  2767 D EnterpriseController: netId is 0
04-23 11:51:09.869  2218  2767 D Netd    : getNetworkForDns: using netid 502 for uid 10693
04-23 11:51:09.869 20466 20970 I Claw    : [0m[       13.69] [30;1mjni/../jni/src/claw/network/HttpRequest.cpp:97: cdn-hs-dev.hgonline.net resolved to ::ffff:92.122.122.136
04-23 11:51:09.869 20466 20970 I Claw    : [0m[       13.69] [30;1mjni/../jni/src/claw/network/unix/UnixStreamSocket.cpp:93: Connecting to ::ffff:92.122.122.136
04-23 11:51:09.869 20466 20957 I Claw    : [0m[      13.697] ../../../../../../../../contrib/huuugeanalyticssdk/cpp/contrib/jni/JniAttach.hpp:185: Aquire java class for JNI method: com/huuuge/analytics/HA
04-23 11:51:09.869 20466 20957 I Claw    : [0m[      13.697] ../../../../../../../../contrib/huuugeanalyticssdk/cpp/contrib/jni/JniAttach.hpp:185: JNI class acquired, acquire java method: connectionStatus with args: ()I
04-23 11:51:09.869 20466 20957 I Claw    : [0m[      13.697] ../../../../../../../../contrib/huuugeanalyticssdk/cpp/contrib/jni/JniAttach.hpp:186: JNI method acquired, try to call.
04-23 11:51:09.879 20466 20957 I Claw    : [0m[      13.699] ../../../../../../../../contrib/huuugeanalyticssdk/cpp/contrib/jni/JniAttach.hpp:189: JNI method called.
04-23 11:51:09.879  2612  3272 D ConnectivityService: returning getNetworkInfo for network type 1 : [type: WIFI[] - WIFI, state: CONNECTED/CONNECTED, reason: (unspecified), extra: "HuuugeQA", roaming: false, failover: false, isAvailable: true]
04-23 11:51:09.879  2612  4193 D ConnectivityService: returning getNetworkInfo for network type 0 : [type: MOBILE[] - MOBILE, state: DISCONNECTED/DISCONNECTED, reason: (unspecified), extra: (none), roaming: false, failover: false, isAvailable: true]
04-23 11:51:10.079 20466 20970 I Claw    : [0m[      13.907] [30;1mjni/../jni/src/claw/network/HttpRequest.cpp:279: Content length: 45
04-23 11:51:10.089 20466 20970 I Claw    : [0m[      13.908] [30;1mjni/../jni/src/claw/vfs/android/AndroidSaveFile.cpp:82: Open new save assetcache/sound_vo_female.pak
04-23 11:51:10.089 20466 20970 I Claw    : [0m[      13.911] [30;1mjni/../jni/src/claw/vfs/android/AndroidSaveFile.cpp:82: Open new save assetcache/sound_vo_female.pak.meta
04-23 11:51:10.089 20466 20970 I Claw    : [0m[      13.912] [30;1mjni/../jni/src/claw/vfs/NativeMount.cpp:244: Aquire java class for JNI method: com/Claw/Android/NativeMount
04-23 11:51:10.089 20466 20970 I Claw    : [0m[      13.913] [30;1mjni/../jni/src/claw/vfs/NativeMount.cpp:244: JNI class acquired, acquire java method: GetFreeDiskSpace with args: (Ljava/lang/String;)J
04-23 11:51:10.089 20466 20970 I Claw    : [0m[      13.914] [30;1mjni/../jni/src/claw/vfs/NativeMount.cpp:244: Aquire java class for JNI method: com/Claw/Android/NativeMount
04-23 11:51:10.089 20466 20970 I Claw    : [0m[      13.914] [30;1mjni/../jni/src/claw/vfs/NativeMount.cpp:244: JNI class acquired, acquire java method: GetFreeDiskSpace with args: (Ljava/lang/String;)J
04-23 11:51:10.089 20466 20970 I Claw    : [0m[      13.916] [30;1mjni/../jni/src/claw/vfs/NativeMount.cpp:244: Aquire java class for JNI method: com/Claw/Android/NativeMount
04-23 11:51:10.089 20466 20970 I Claw    : [0m[      13.916] [30;1mjni/../jni/src/claw/vfs/NativeMount.cpp:244: JNI class acquired, acquire java method: GetFreeDiskSpace with args: (Ljava/lang/String;)J
04-23 11:51:10.099 20466 20970 I Claw    : [0m[      13.918] [30;1mjni/../jni/src/claw/vfs/NativeMount.cpp:244: Aquire java class for JNI method: com/Claw/Android/NativeMount
04-23 11:51:10.099 20466 20970 I Claw    : [0m[      13.918] [30;1mjni/../jni/src/claw/vfs/NativeMount.cpp:244: JNI class acquired, acquire java method: GetFreeDiskSpace with args: (Ljava/lang/String;)J
04-23 11:51:10.099  2218  2767 D EnterpriseController: netId is 0
04-23 11:51:10.099  2218  2767 D Netd    : getNetworkForDns: using netid 502 for uid 10693
04-23 11:51:10.099 20466 20970 I Claw    : [0m[      13.922] [30;1mjni/../jni/src/claw/network/HttpRequest.cpp:97: cdn-hs-dev.hgonline.net resolved to ::ffff:92.122.122.136
04-23 11:51:10.099 20466 20970 I Claw    : [0m[      13.922] [30;1mjni/../jni/src/claw/network/unix/UnixStreamSocket.cpp:93: Connecting to ::ffff:92.122.122.136
04-23 11:51:10.309 20466 20970 I Claw    : [0m[      14.134] [30;1mjni/../jni/src/claw/network/HttpRequest.cpp:279: Content length: 888507
04-23 11:51:10.419 20466 20970 I Claw    : [0m[      14.243] [30;1mjni/../jni/src/claw/vfs/NativeMount.cpp:244: Aquire java class for JNI method: com/Claw/Android/NativeMount
04-23 11:51:10.419 20466 20970 I Claw    : [0m[      14.243] [30;1mjni/../jni/src/claw/vfs/NativeMount.cpp:244: JNI class acquired, acquire java method: GetFreeDiskSpace with args: (Ljava/lang/String;)J
04-23 11:51:10.419 20466 20970 I Claw    : [0m[      14.245] [30;1mjni/../jni/src/claw/vfs/NativeMount.cpp:244: Aquire java class for JNI method: com/Claw/Android/NativeMount
04-23 11:51:10.419 20466 20970 I Claw    : [0m[      14.245] [30;1mjni/../jni/src/claw/vfs/NativeMount.cpp:244: JNI class acquired, acquire java method: GetFreeDiskSpace with args: (Ljava/lang/String;)J
04-23 11:51:10.519 20466 20970 I Claw    : [0m[      14.339] [30;1mjni/../jni/src/claw/vfs/NativeMount.cpp:244: Aquire java class for JNI method: com/Claw/Android/NativeMount
04-23 11:51:10.519 20466 20970 I Claw    : [0m[      14.339] [30;1mjni/../jni/src/claw/vfs/NativeMount.cpp:244: JNI class acquired, acquire java method: GetFreeDiskSpace with args: (Ljava/lang/String;)J
04-23 11:51:10.519 20466 20970 I Claw    : [0m[      14.341] [30;1mjni/../jni/src/claw/vfs/NativeMount.cpp:244: Aquire java class for JNI method: com/Claw/Android/NativeMount
04-23 11:51:10.519 20466 20970 I Claw    : [0m[      14.342] [30;1mjni/../jni/src/claw/vfs/NativeMount.cpp:244: JNI class acquired, acquire java method: GetFreeDiskSpace with args: (Ljava/lang/String;)J
04-23 11:51:10.519 20466 20970 I Claw    : [0m[      14.345] [30;1mjni/../jni/src/claw/vfs/NativeMount.cpp:244: Aquire java class for JNI method: com/Claw/Android/NativeMount
04-23 11:51:10.519 20466 20970 I Claw    : [0m[      14.346] [30;1mjni/../jni/src/claw/vfs/NativeMount.cpp:244: JNI class acquired, acquire java method: GetFreeDiskSpace with args: (Ljava/lang/String;)J
04-23 11:51:10.529 20466 20970 I Claw    : [0m[      14.348] [30;1mjni/../jni/src/claw/vfs/NativeMount.cpp:244: Aquire java class for JNI method: com/Claw/Android/NativeMount
04-23 11:51:10.529 20466 20970 I Claw    : [0m[      14.348] [30;1mjni/../jni/src/claw/vfs/NativeMount.cpp:244: JNI class acquired, acquire java method: GetFreeDiskSpace with args: (Ljava/lang/String;)J
04-23 11:51:10.609 20466 20970 I Claw    : [0m[      14.437] [30;1mjni/../jni/src/claw/vfs/NativeMount.cpp:244: Aquire java class for JNI method: com/Claw/Android/NativeMount
04-23 11:51:10.619 20466 20970 I Claw    : [0m[      14.437] [30;1mjni/../jni/src/claw/vfs/NativeMount.cpp:244: JNI class acquired, acquire java method: GetFreeDiskSpace with args: (Ljava/lang/String;)J
04-23 11:51:10.619 20466 20970 I Claw    : [0m[       14.44] [30;1mjni/../jni/src/claw/vfs/NativeMount.cpp:244: Aquire java class for JNI method: com/Claw/Android/NativeMount
04-23 11:51:10.619 20466 20970 I Claw    : [0m[       14.44] [30;1mjni/../jni/src/claw/vfs/NativeMount.cpp:244: JNI class acquired, acquire java method: GetFreeDiskSpace with args: (Ljava/lang/String;)J
04-23 11:51:10.619 20466 20955 I Claw    : [0m[      14.443] /home/jenkins-agent/workspace/huuuge-stars/client-dev/hs-android/contrib/huuugeanalyticssdk/cpp/src/huuuge/analytics/HAHttp-android.cpp:80: Huuuge::analytics::HTTPAndroid::InvokeHttps 1nsjtnbmgl.execute-api.us-east-1.amazonaws.com public/dashboard-events
04-23 11:51:10.619 20466 20955 I Claw    : [0m[      14.444] /home/jenkins-agent/workspace/huuuge-stars/client-dev/hs-android/contrib/huuugeanalyticssdk/cpp/src/huuuge/analytics/HAHttp-android.cpp:100: Huuuge::analytics::HTTPAndroid::InvokeHttps convert post payload 4324
04-23 11:51:10.619 20466 20955 I Claw    : [0m[      14.444] ../../../../../../../../contrib/huuugeanalyticssdk/cpp/contrib/jni/JniAttach.hpp:147: Aquire java class for JNI method: com/huuuge/analytics/HA
04-23 11:51:10.619 20466 20955 I Claw    : [0m[      14.444] ../../../../../../../../contrib/huuugeanalyticssdk/cpp/contrib/jni/JniAttach.hpp:147: JNI class acquired, acquire java method: doHttpsRequest with args: (Ljava/lang/String;Ljava/lang/String;Ljava/lang/String;[Ljava/lang/String;[Ljava/lang/String;[B)[Ljava/lang/String;
04-23 11:51:10.619 20466 20955 I Claw    : [0m[      14.445] ../../../../../../../../contrib/huuugeanalyticssdk/cpp/contrib/jni/JniAttach.hpp:148: JNI method acquired, try to call.
04-23 11:51:10.629 20466 20970 I Claw    : [0m[      14.449] [30;1mjni/../jni/src/claw/vfs/NativeMount.cpp:244: Aquire java class for JNI method: com/Claw/Android/NativeMount
04-23 11:51:10.629 20466 20973 I System.out: (HTTPLog)-Static: isSBSettingEnabled false
04-23 11:51:10.629 20466 20970 I Claw    : [0m[       14.45] [30;1mjni/../jni/src/claw/vfs/NativeMount.cpp:244: JNI class acquired, acquire java method: GetFreeDiskSpace with args: (Ljava/lang/String;)J
04-23 11:51:10.629 20466 20973 I System.out: (HTTPLog)-Static: isSBSettingEnabled false
04-23 11:51:10.629 20466 20970 I Claw    : [0m[      14.452] [30;1mjni/../jni/src/claw/vfs/NativeMount.cpp:244: Aquire java class for JNI method: com/Claw/Android/NativeMount
04-23 11:51:10.629 20466 20970 I Claw    : [0m[      14.452] [30;1mjni/../jni/src/claw/vfs/NativeMount.cpp:244: JNI class acquired, acquire java method: GetFreeDiskSpace with args: (Ljava/lang/String;)J
04-23 11:51:10.629 20466 20970 I Claw    : [0m[      14.455] [30;1mjni/../jni/src/claw/vfs/NativeMount.cpp:244: Aquire java class for JNI method: com/Claw/Android/NativeMount
04-23 11:51:10.629 20466 20970 I Claw    : [0m[      14.455] [30;1mjni/../jni/src/claw/vfs/NativeMount.cpp:244: JNI class acquired, acquire java method: GetFreeDiskSpace with args: (Ljava/lang/String;)J
04-23 11:51:10.639 20466 20970 I Claw    : [0m[      14.458] [30;1mjni/../jni/src/claw/vfs/NativeMount.cpp:244: Aquire java class for JNI method: com/Claw/Android/NativeMount
04-23 11:51:10.639 20466 20970 I Claw    : [0m[      14.458] [30;1mjni/../jni/src/claw/vfs/NativeMount.cpp:244: JNI class acquired, acquire java method: GetFreeDiskSpace with args: (Ljava/lang/String;)J
04-23 11:51:10.659 20466 20970 I Claw    : [0m[      14.479] [30;1mjni/../jni/src/claw/vfs/NativeMount.cpp:244: Aquire java class for JNI method: com/Claw/Android/NativeMount
04-23 11:51:10.659 20466 20970 I Claw    : [0m[      14.479] [30;1mjni/../jni/src/claw/vfs/NativeMount.cpp:244: JNI class acquired, acquire java method: GetFreeDiskSpace with args: (Ljava/lang/String;)J
04-23 11:51:10.729 20466 20970 I Claw    : [0m[      14.548] [30;1mjni/../jni/src/claw/vfs/NativeMount.cpp:244: Aquire java class for JNI method: com/Claw/Android/NativeMount
04-23 11:51:10.729 20466 20970 I Claw    : [0m[      14.548] [30;1mjni/../jni/src/claw/vfs/NativeMount.cpp:244: JNI class acquired, acquire java method: GetFreeDiskSpace with args: (Ljava/lang/String;)J
04-23 11:51:10.729 20466 20970 I Claw    : [0m[      14.551] [30;1mjni/../jni/src/claw/vfs/NativeMount.cpp:244: Aquire java class for JNI method: com/Claw/Android/NativeMount
04-23 11:51:10.729 20466 20970 I Claw    : [0m[      14.551] [30;1mjni/../jni/src/claw/vfs/NativeMount.cpp:244: JNI class acquired, acquire java method: GetFreeDiskSpace with args: (Ljava/lang/String;)J
04-23 11:51:10.729 20466 20970 I Claw    : [0m[      14.554] [30;1mjni/../jni/src/claw/vfs/NativeMount.cpp:244: Aquire java class for JNI method: com/Claw/Android/NativeMount
04-23 11:51:10.729 20466 20970 I Claw    : [0m[      14.554] [30;1mjni/../jni/src/claw/vfs/NativeMount.cpp:244: JNI class acquired, acquire java method: GetFreeDiskSpace with args: (Ljava/lang/String;)J
04-23 11:51:10.729 20466 20970 I Claw    : [0m[      14.557] [30;1mjni/../jni/src/claw/vfs/NativeMount.cpp:244: Aquire java class for JNI method: com/Claw/Android/NativeMount
04-23 11:51:10.729 20466 20970 I Claw    : [0m[      14.557] [30;1mjni/../jni/src/claw/vfs/NativeMount.cpp:244: JNI class acquired, acquire java method: GetFreeDiskSpace with args: (Ljava/lang/String;)J
04-23 11:51:10.739 20466 20970 I Claw    : [0m[       14.56] [30;1mjni/../jni/src/claw/vfs/NativeMount.cpp:244: Aquire java class for JNI method: com/Claw/Android/NativeMount
04-23 11:51:10.739 20466 20970 I Claw    : [0m[       14.56] [30;1mjni/../jni/src/claw/vfs/NativeMount.cpp:244: JNI class acquired, acquire java method: GetFreeDiskSpace with args: (Ljava/lang/String;)J
04-23 11:51:10.739 20466 20970 I Claw    : [0m[      14.563] [30;1mjni/../jni/src/claw/vfs/NativeMount.cpp:244: Aquire java class for JNI method: com/Claw/Android/NativeMount
04-23 11:51:10.739 20466 20970 I Claw    : [0m[      14.564] [30;1mjni/../jni/src/claw/vfs/NativeMount.cpp:244: JNI class acquired, acquire java method: GetFreeDiskSpace with args: (Ljava/lang/String;)J
04-23 11:51:10.739 20466 20970 I Claw    : [0m[      14.567] [30;1mjni/../jni/src/claw/vfs/NativeMount.cpp:244: Aquire java class for JNI method: com/Claw/Android/NativeMount
04-23 11:51:10.739 20466 20970 I Claw    : [0m[      14.567] [30;1mjni/../jni/src/claw/vfs/NativeMount.cpp:244: JNI class acquired, acquire java method: GetFreeDiskSpace with args: (Ljava/lang/String;)J
04-23 11:51:10.749 20466 20970 I Claw    : [0m[       14.57] [30;1mjni/../jni/src/claw/vfs/NativeMount.cpp:244: Aquire java class for JNI method: com/Claw/Android/NativeMount
04-23 11:51:10.749 20466 20970 I Claw    : [0m[       14.57] [30;1mjni/../jni/src/claw/vfs/NativeMount.cpp:244: JNI class acquired, acquire java method: GetFreeDiskSpace with args: (Ljava/lang/String;)J
04-23 11:51:10.749 20466 20970 I Claw    : [0m[      14.574] [30;1mjni/../jni/src/claw/vfs/NativeMount.cpp:244: Aquire java class for JNI method: com/Claw/Android/NativeMount
04-23 11:51:10.749 20466 20970 I Claw    : [0m[      14.574] [30;1mjni/../jni/src/claw/vfs/NativeMount.cpp:244: JNI class acquired, acquire java method: GetFreeDiskSpace with args: (Ljava/lang/String;)J
04-23 11:51:10.759 20466 20970 I Claw    : [0m[       14.58] [30;1mjni/../jni/src/claw/vfs/NativeMount.cpp:244: Aquire java class for JNI method: com/Claw/Android/NativeMount
04-23 11:51:10.759 20466 20970 I Claw    : [0m[       14.58] [30;1mjni/../jni/src/claw/vfs/NativeMount.cpp:244: JNI class acquired, acquire java method: GetFreeDiskSpace with args: (Ljava/lang/String;)J
04-23 11:51:10.759 20466 20970 I Claw    : [0m[      14.584] [30;1mjni/../jni/src/claw/vfs/NativeMount.cpp:244: Aquire java class for JNI method: com/Claw/Android/NativeMount
04-23 11:51:10.759 20466 20970 I Claw    : [0m[      14.584] [30;1mjni/../jni/src/claw/vfs/NativeMount.cpp:244: JNI class acquired, acquire java method: GetFreeDiskSpace with args: (Ljava/lang/String;)J
04-23 11:51:10.769 20466 20970 I Claw    : [0m[      14.588] [30;1mjni/../jni/src/claw/vfs/NativeMount.cpp:244: Aquire java class for JNI method: com/Claw/Android/NativeMount
04-23 11:51:10.769 20466 20970 I Claw    : [0m[      14.588] [30;1mjni/../jni/src/claw/vfs/NativeMount.cpp:244: JNI class acquired, acquire java method: GetFreeDiskSpace with args: (Ljava/lang/String;)J
04-23 11:51:10.769 20466 20970 I Claw    : [0m[      14.592] [30;1mjni/../jni/src/claw/vfs/NativeMount.cpp:244: Aquire java class for JNI method: com/Claw/Android/NativeMount
04-23 11:51:10.769 20466 20970 I Claw    : [0m[      14.592] [30;1mjni/../jni/src/claw/vfs/NativeMount.cpp:244: JNI class acquired, acquire java method: GetFreeDiskSpace with args: (Ljava/lang/String;)J
04-23 11:51:10.769 20466 20970 I Claw    : [0m[      14.594] [30;1mjni/../jni/src/claw/vfs/NativeMount.cpp:244: Aquire java class for JNI method: com/Claw/Android/NativeMount
