05-14 08:29:36.981  3926  4016 I Claw    : [0m[      101.99] [30;1mjni/../jni/src/claw/graphics/pixeldata/PixelDataGL.cpp:321: 50x50 -> 52x50   100 pixels wasted
05-14 08:29:36.991  3926  4016 I Claw    : [0m[         102] [30;1mjni/../jni/src/claw/graphics/surface/SurfaceHW.cpp:880: Surface  xy: 4, uv: 4, tri: 2
05-14 08:29:37.021  3926  4016 I Claw    : [0m[      102.03] [30;1mjni/../jni/src/claw/graphics/pixeldata/PixelDataGL.cpp:321: 50x50 -> 52x50   100 pixels wasted
05-14 08:29:37.031  3926  4016 I Claw    : [0m[      102.04] [30;1mjni/../jni/src/claw/graphics/surface/SurfaceHW.cpp:880: Surface  xy: 4, uv: 4, tri: 2
05-14 08:29:37.071  3926  4016 I Claw    : [0m[      102.08] [30;1mjni/../jni/src/claw/graphics/pixeldata/PixelDataGL.cpp:321: 50x50 -> 52x50   100 pixels wasted
05-14 08:29:37.081  3926  4016 I Claw    : [0m[      102.09] [30;1mjni/../jni/src/claw/graphics/surface/SurfaceHW.cpp:880: Surface  xy: 4, uv: 4, tri: 2
05-14 08:29:37.121  3926  4193 I Claw    : [0m[      102.13] [30;1mjni/../jni/src/claw/vfs/android/AndroidSaveFile.cpp:42: Open existing save assetcache/music_helen_of_troy.pak
05-14 08:29:37.121  3926  4193 I Claw    : [0m[      102.13] [30;1mjni/../jni/src/claw/vfs/Vfs.cpp:172: Opened file: /assetcache/music_helen_of_troy.pak
05-14 08:29:37.121  3926  4193 I Claw    : [0m[      102.13] /home/jenkins/workspace/huuuge-stars/client-dev/hs-android/src/casino/DownloadManager.cpp:500: Mounting pak: music_helen_of_troy.pak
05-14 08:29:37.121  3926  4183 I Claw    : [0m[      102.13] ../../../../../../../../contrib/huuugeanalyticssdk/cpp/contrib/jni/JniAttach.hpp:185: Aquire java class for JNI method: com/huuuge/analytics/HA
05-14 08:29:37.121  3926  4183 I Claw    : [0m[      102.13] ../../../../../../../../contrib/huuugeanalyticssdk/cpp/contrib/jni/JniAttach.hpp:185: JNI class acquired, acquire java method: connectionStatus with args: ()I
05-14 08:29:37.121  3926  4183 I Claw    : [0m[      102.13] ../../../../../../../../contrib/huuugeanalyticssdk/cpp/contrib/jni/JniAttach.hpp:186: JNI method acquired, try to call.
05-14 08:29:37.121  3926  4193 I Claw    : [0m[      102.13] [30;1mjni/../jni/src/claw/vfs/Vfs.cpp:97: Added new mount at /
05-14 08:29:37.121  3926  4193 I Claw    : [0m[      102.13] [30;1mjni/../jni/src/claw/vfs/android/AndroidSaveFile.cpp:42: Open existing save assetcache/music_hanabi.pak.meta
05-14 08:29:37.121  3926  4193 I Claw    : [0m[      102.13] [30;1mjni/../jni/src/claw/vfs/Vfs.cpp:168: Cannot open file: /assetcache/music_hanabi.pak.meta
05-14 08:29:37.121  3926  4193 I Claw    : [0m[      102.13] /home/jenkins/workspace/huuuge-stars/client-dev/hs-android/src/casino/ServerList.cpp:53: Server list returning http://cdn-hs-dev.hgonline.net/422/, 1/14
05-14 08:29:37.121  3926  4183 I Claw    : [0m[      102.13] ../../../../../../../../contrib/huuugeanalyticssdk/cpp/contrib/jni/JniAttach.hpp:189: JNI method called.
05-14 08:29:37.121  3926  4193 I Claw    : [0m[      102.13] [30;1mjni/../jni/src/claw/vfs/android/AndroidSaveFile.cpp:42: Open existing save assetcache/music_hanabi.pak.meta
05-14 08:29:37.121  3926  4193 I Claw    : [0m[      102.13] [30;1mjni/../jni/src/claw/vfs/Vfs.cpp:168: Cannot open file: /assetcache/music_hanabi.pak.meta
05-14 08:29:37.121  3926  4193 I Claw    : [0m[      102.13] /home/jenkins/workspace/huuuge-stars/client-dev/hs-android/src/casino/DefaultDownloadManager.cpp:416: Downloading pak music_hanabi.pak from http://cdn-hs-dev.hgonline.net/422/
05-14 08:29:37.121  2614  4150 D ConnectivityService: returning getNetworkInfo for network type 1 : [type: WIFI[] - WIFI, state: CONNECTED/CONNECTED, reason: (unspecified), extra: "HuuugeQA", roaming: false, failover: false, isAvailable: true]
05-14 08:29:37.121  2614  4147 D ConnectivityService: returning getNetworkInfo for network type 0 : [type: MOBILE[] - MOBILE, state: DISCONNECTED/DISCONNECTED, reason: (unspecified), extra: (none), roaming: false, failover: false, isAvailable: true]
05-14 08:29:37.131  2215  2767 D EnterpriseController: netId is 0
05-14 08:29:37.131  2215  2767 D Netd    : getNetworkForDns: using netid 502 for uid 10754
05-14 08:29:37.131  3926  4016 I Claw    : [0m[      102.14] [30;1mjni/../jni/src/claw/graphics/pixeldata/PixelDataGL.cpp:321: 50x50 -> 52x50   100 pixels wasted
05-14 08:29:37.131  3926  5528 I Claw    : [0m[      102.14] [30;1mjni/../jni/src/claw/network/HttpRequest.cpp:97: cdn-hs-dev.hgonline.net resolved to ::ffff:2.20.142.161
05-14 08:29:37.131  3926  5528 I Claw    : [0m[      102.14] [30;1mjni/../jni/src/claw/network/HttpRequest.cpp:97: cdn-hs-dev.hgonline.net resolved to ::ffff:2.20.142.123
05-14 08:29:37.131  3926  5528 I Claw    : [0m[      102.14] [30;1mjni/../jni/src/claw/network/unix/UnixStreamSocket.cpp:93: Connecting to ::ffff:2.20.142.161
05-14 08:29:37.131  3926  4016 I Claw    : [0m[      102.15] [30;1mjni/../jni/src/claw/graphics/surface/SurfaceHW.cpp:880: Surface  xy: 4, uv: 4, tri: 2
05-14 08:29:37.171  3926  4183 I Claw    : [0m[      102.18] ../../../../../../../../contrib/huuugeanalyticssdk/cpp/contrib/jni/JniAttach.hpp:185: Aquire java class for JNI method: com/huuuge/analytics/HA
05-14 08:29:37.171  3926  4183 I Claw    : [0m[      102.18] ../../../../../../../../contrib/huuugeanalyticssdk/cpp/contrib/jni/JniAttach.hpp:185: JNI class acquired, acquire java method: connectionStatus with args: ()I
05-14 08:29:37.171  3926  4183 I Claw    : [0m[      102.18] ../../../../../../../../contrib/huuugeanalyticssdk/cpp/contrib/jni/JniAttach.hpp:186: JNI method acquired, try to call.
05-14 08:29:37.171  3926  4016 I Claw    : [0m[      102.18] [30;1mjni/../jni/src/claw/graphics/pixeldata/PixelDataGL.cpp:321: 50x50 -> 52x50   100 pixels wasted
05-14 08:29:37.171  3926  4183 I Claw    : [0m[      102.18] ../../../../../../../../contrib/huuugeanalyticssdk/cpp/contrib/jni/JniAttach.hpp:189: JNI method called.
05-14 08:29:37.171  2614  2628 D ConnectivityService: returning getNetworkInfo for network type 1 : [type: WIFI[] - WIFI, state: CONNECTED/CONNECTED, reason: (unspecified), extra: "HuuugeQA", roaming: false, failover: false, isAvailable: true]
05-14 08:29:37.171  2614  4149 D ConnectivityService: returning getNetworkInfo for network type 0 : [type: MOBILE[] - MOBILE, state: DISCONNECTED/DISCONNECTED, reason: (unspecified), extra: (none), roaming: false, failover: false, isAvailable: true]
05-14 08:29:37.181  3926  4016 I Claw    : [0m[      102.19] [30;1mjni/../jni/src/claw/graphics/surface/SurfaceHW.cpp:880: Surface  xy: 4, uv: 4, tri: 2
05-14 08:29:37.191  3926  5528 I Claw    : [0m[       102.2] [30;1mjni/../jni/src/claw/network/HttpRequest.cpp:279: Content length: 42
05-14 08:29:37.191  3926  5528 I Claw    : [0m[       102.2] [30;1mjni/../jni/src/claw/vfs/android/AndroidSaveFile.cpp:82: Open new save assetcache/music_hanabi.pak
05-14 08:29:37.191  3926  5528 I Claw    : [0m[       102.2] [30;1mjni/../jni/src/claw/vfs/android/AndroidSaveFile.cpp:82: Open new save assetcache/music_hanabi.pak.meta
05-14 08:29:37.191  3926  5528 I Claw    : [0m[       102.2] [30;1mjni/../jni/src/claw/vfs/NativeMount.cpp:245: Aquire java class for JNI method: com/Claw/Android/NativeMount
05-14 08:29:37.191  3926  5528 I Claw    : [0m[       102.2] [30;1mjni/../jni/src/claw/vfs/NativeMount.cpp:245: JNI class acquired, acquire java method: GetFreeDiskSpace with args: (Ljava/lang/String;)J
05-14 08:29:37.191  3926  5528 I Claw    : [0m[       102.2] [30;1mjni/../jni/src/claw/vfs/NativeMount.cpp:245: Aquire java class for JNI method: com/Claw/Android/NativeMount
05-14 08:29:37.191  3926  5528 I Claw    : [0m[       102.2] [30;1mjni/../jni/src/claw/vfs/NativeMount.cpp:245: JNI class acquired, acquire java method: GetFreeDiskSpace with args: (Ljava/lang/String;)J
05-14 08:29:37.191  3926  5528 I Claw    : [0m[       102.2] [30;1mjni/../jni/src/claw/vfs/NativeMount.cpp:245: Aquire java class for JNI method: com/Claw/Android/NativeMount
05-14 08:29:37.191  3926  5528 I Claw    : [0m[       102.2] [30;1mjni/../jni/src/claw/vfs/NativeMount.cpp:245: JNI class acquired, acquire java method: GetFreeDiskSpace with args: (Ljava/lang/String;)J
05-14 08:29:37.191  3926  5528 I Claw    : [0m[      102.21] [30;1mjni/../jni/src/claw/vfs/NativeMount.cpp:245: Aquire java class for JNI method: com/Claw/Android/NativeMount
05-14 08:29:37.191  3926  5528 I Claw    : [0m[      102.21] [30;1mjni/../jni/src/claw/vfs/NativeMount.cpp:245: JNI class acquired, acquire java method: GetFreeDiskSpace with args: (Ljava/lang/String;)J
05-14 08:29:37.201  2215  2767 D EnterpriseController: netId is 0
05-14 08:29:37.201  2215  2767 D Netd    : getNetworkForDns: using netid 502 for uid 10754
05-14 08:29:37.201  3926  5528 I Claw    : [0m[      102.21] [30;1mjni/../jni/src/claw/network/HttpRequest.cpp:97: cdn-hs-dev.hgonline.net resolved to ::ffff:2.20.142.161
05-14 08:29:37.201  3926  5528 I Claw    : [0m[      102.21] [30;1mjni/../jni/src/claw/network/HttpRequest.cpp:97: cdn-hs-dev.hgonline.net resolved to ::ffff:2.20.142.123
05-14 08:29:37.201  3926  5528 I Claw    : [0m[      102.21] [30;1mjni/../jni/src/claw/network/unix/UnixStreamSocket.cpp:93: Connecting to ::ffff:2.20.142.161
05-14 08:29:37.221  3926  4016 I Claw    : [0m[      102.23] [30;1mjni/../jni/src/claw/graphics/pixeldata/PixelDataGL.cpp:321: 50x50 -> 52x50   100 pixels wasted
05-14 08:29:37.231  3926  4016 I Claw    : [0m[      102.24] [30;1mjni/../jni/src/claw/graphics/surface/SurfaceHW.cpp:880: Surface  xy: 4, uv: 4, tri: 2
05-14 08:29:37.251  3926  5528 I Claw    : [0m[      102.27] [30;1mjni/../jni/src/claw/network/HttpRequest.cpp:279: Content length: 2683872
05-14 08:29:37.261  3926  5528 I Claw    : [0m[      102.27] [30;1mjni/../jni/src/claw/vfs/NativeMount.cpp:245: Aquire java class for JNI method: com/Claw/Android/NativeMount
05-14 08:29:37.261  3926  5528 I Claw    : [0m[      102.27] [30;1mjni/../jni/src/claw/vfs/NativeMount.cpp:245: JNI class acquired, acquire java method: GetFreeDiskSpace with args: (Ljava/lang/String;)J
05-14 08:29:37.261  3926  5528 I Claw    : [0m[      102.27] [30;1mjni/../jni/src/claw/vfs/NativeMount.cpp:245: Aquire java class for JNI method: com/Claw/Android/NativeMount
05-14 08:29:37.261  3926  5528 I Claw    : [0m[      102.27] [30;1mjni/../jni/src/claw/vfs/NativeMount.cpp:245: JNI class acquired, acquire java method: GetFreeDiskSpace with args: (Ljava/lang/String;)J
05-14 08:29:37.271  3926  4180 I Claw    : [0m[      102.28] /home/jenkins/workspace/huuuge-stars/client-dev/hs-android/contrib/huuugeanalyticssdk/cpp/src/huuuge/analytics/HAHttp-android.cpp:80: Huuuge::analytics::HTTPAndroid::InvokeHttps 1nsjtnbmgl.execute-api.us-east-1.amazonaws.com public/dashboard-events
05-14 08:29:37.271  3926  4180 I Claw    : [0m[      102.28] /home/jenkins/workspace/huuuge-stars/client-dev/hs-android/contrib/huuugeanalyticssdk/cpp/src/huuuge/analytics/HAHttp-android.cpp:100: Huuuge::analytics::HTTPAndroid::InvokeHttps convert post payload 7724
05-14 08:29:37.271  3926  4180 I Claw    : [0m[      102.28] ../../../../../../../../contrib/huuugeanalyticssdk/cpp/contrib/jni/JniAttach.hpp:147: Aquire java class for JNI method: com/huuuge/analytics/HA
05-14 08:29:37.271  3926  4180 I Claw    : [0m[      102.28] ../../../../../../../../contrib/huuugeanalyticssdk/cpp/contrib/jni/JniAttach.hpp:147: JNI class acquired, acquire java method: doHttpsRequest with args: (Ljava/lang/String;Ljava/lang/String;Ljava/lang/String;[Ljava/lang/String;[Ljava/lang/String;[B)[Ljava/lang/String;
05-14 08:29:37.271  3926  4180 I Claw    : [0m[      102.28] ../../../../../../../../contrib/huuugeanalyticssdk/cpp/contrib/jni/JniAttach.hpp:148: JNI method acquired, try to call.
05-14 08:29:37.271  3926  4016 I Claw    : [0m[      102.28] [30;1mjni/../jni/src/claw/graphics/pixeldata/PixelDataGL.cpp:321: 50x50 -> 52x50   100 pixels wasted
05-14 08:29:37.271  3926  5531 I System.out: (HTTPLog)-Static: isSBSettingEnabled false
05-14 08:29:37.271  3926  5531 I System.out: (HTTPLog)-Static: isSBSettingEnabled false
05-14 08:29:37.281  3926  4016 I Claw    : [0m[      102.29] [30;1mjni/../jni/src/claw/graphics/surface/SurfaceHW.cpp:880: Surface  xy: 4, uv: 4, tri: 2
05-14 08:29:37.281  3926  5528 I Claw    : [0m[      102.29] [30;1mjni/../jni/src/claw/vfs/NativeMount.cpp:245: Aquire java class for JNI method: com/Claw/Android/NativeMount
05-14 08:29:37.281  3926  5528 I Claw    : [0m[      102.29] [30;1mjni/../jni/src/claw/vfs/NativeMount.cpp:245: JNI class acquired, acquire java method: GetFreeDiskSpace with args: (Ljava/lang/String;)J
05-14 08:29:37.291  3926  5528 I Claw    : [0m[       102.3] [30;1mjni/../jni/src/claw/vfs/NativeMount.cpp:245: Aquire java class for JNI method: com/Claw/Android/NativeMount
05-14 08:29:37.291  3926  5528 I Claw    : [0m[       102.3] [30;1mjni/../jni/src/claw/vfs/NativeMount.cpp:245: JNI class acquired, acquire java method: GetFreeDiskSpace with args: (Ljava/lang/String;)J
05-14 08:29:37.291  3926  5528 I Claw    : [0m[       102.3] [30;1mjni/../jni/src/claw/vfs/NativeMount.cpp:245: Aquire java class for JNI method: com/Claw/Android/NativeMount
05-14 08:29:37.291  3926  5528 I Claw    : [0m[       102.3] [30;1mjni/../jni/src/claw/vfs/NativeMount.cpp:245: JNI class acquired, acquire java method: GetFreeDiskSpace with args: (Ljava/lang/String;)J
05-14 08:29:37.291  3926  5528 I Claw    : [0m[       102.3] [30;1mjni/../jni/src/claw/vfs/NativeMount.cpp:245: Aquire java class for JNI method: com/Claw/Android/NativeMount
05-14 08:29:37.291  3926  5528 I Claw    : [0m[       102.3] [30;1mjni/../jni/src/claw/vfs/NativeMount.cpp:245: JNI class acquired, acquire java method: GetFreeDiskSpace with args: (Ljava/lang/String;)J
05-14 08:29:37.301  3926  5528 I Claw    : [0m[      102.31] [30;1mjni/../jni/src/claw/vfs/NativeMount.cpp:245: Aquire java class for JNI method: com/Claw/Android/NativeMount
05-14 08:29:37.301  3926  5528 I Claw    : [0m[      102.31] [30;1mjni/../jni/src/claw/vfs/NativeMount.cpp:245: JNI class acquired, acquire java method: GetFreeDiskSpace with args: (Ljava/lang/String;)J
05-14 08:29:37.301  3926  5528 I Claw    : [0m[      102.31] [30;1mjni/../jni/src/claw/vfs/NativeMount.cpp:245: Aquire java class for JNI method: com/Claw/Android/NativeMount
05-14 08:29:37.301  3926  5528 I Claw    : [0m[      102.31] [30;1mjni/../jni/src/claw/vfs/NativeMount.cpp:245: JNI class acquired, acquire java method: GetFreeDiskSpace with args: (Ljava/lang/String;)J
05-14 08:29:37.311  3926  5528 I Claw    : [0m[      102.32] [30;1mjni/../jni/src/claw/vfs/NativeMount.cpp:245: Aquire java class for JNI method: com/Claw/Android/NativeMount
05-14 08:29:37.311  3926  5528 I Claw    : [0m[      102.32] [30;1mjni/../jni/src/claw/vfs/NativeMount.cpp:245: JNI class acquired, acquire java method: GetFreeDiskSpace with args: (Ljava/lang/String;)J
05-14 08:29:37.311  3926  5528 I Claw    : [0m[      102.32] [30;1mjni/../jni/src/claw/vfs/NativeMount.cpp:245: Aquire java class for JNI method: com/Claw/Android/NativeMount
05-14 08:29:37.311  3926  5528 I Claw    : [0m[      102.32] [30;1mjni/../jni/src/claw/vfs/NativeMount.cpp:245: JNI class acquired, acquire java method: GetFreeDiskSpace with args: (Ljava/lang/String;)J
05-14 08:29:37.321  3926  5528 I Claw    : [0m[      102.33] [30;1mjni/../jni/src/claw/vfs/NativeMount.cpp:245: Aquire java class for JNI method: com/Claw/Android/NativeMount
05-14 08:29:37.321  3926  5528 I Claw    : [0m[      102.33] [30;1mjni/../jni/src/claw/vfs/NativeMount.cpp:245: JNI class acquired, acquire java method: GetFreeDiskSpace with args: (Ljava/lang/String;)J
05-14 08:29:37.321  3926  4016 I Claw    : [0m[      102.33] [30;1mjni/../jni/src/claw/graphics/pixeldata/PixelDataGL.cpp:321: 50x50 -> 52x50   100 pixels wasted
05-14 08:29:37.321  3926  5528 I Claw    : [0m[      102.33] [30;1mjni/../jni/src/claw/vfs/NativeMount.cpp:245: Aquire java class for JNI method: com/Claw/Android/NativeMount
05-14 08:29:37.321  3926  5528 I Claw    : [0m[      102.33] [30;1mjni/../jni/src/claw/vfs/NativeMount.cpp:245: JNI class acquired, acquire java method: GetFreeDiskSpace with args: (Ljava/lang/String;)J
05-14 08:29:37.321  3926  5528 I Claw    : [0m[      102.33] [30;1mjni/../jni/src/claw/vfs/NativeMount.cpp:245: Aquire java class for JNI method: com/Claw/Android/NativeMount
05-14 08:29:37.321  3926  5528 I Claw    : [0m[      102.33] [30;1mjni/../jni/src/claw/vfs/NativeMount.cpp:245: JNI class acquired, acquire java method: GetFreeDiskSpace with args: (Ljava/lang/String;)J
05-14 08:29:37.331  3926  5528 I Claw    : [0m[      102.34] [30;1mjni/../jni/src/claw/vfs/NativeMount.cpp:245: Aquire java class for JNI method: com/Claw/Android/NativeMount
05-14 08:29:37.331  3926  4016 I Claw    : [0m[      102.34] [30;1mjni/../jni/src/claw/graphics/surface/SurfaceHW.cpp:880: Surface  xy: 4, uv: 4, tri: 2
05-14 08:29:37.331  3926  5528 I Claw    : [0m[      102.34] [30;1mjni/../jni/src/claw/vfs/NativeMount.cpp:245: JNI class acquired, acquire java method: GetFreeDiskSpace with args: (Ljava/lang/String;)J
05-14 08:29:37.331  3926  5528 I Claw    : [0m[      102.34] [30;1mjni/../jni/src/claw/vfs/NativeMount.cpp:245: Aquire java class for JNI method: com/Claw/Android/NativeMount
05-14 08:29:37.331  3926  5528 I Claw    : [0m[      102.34] [30;1mjni/../jni/src/claw/vfs/NativeMount.cpp:245: JNI class acquired, acquire java method: GetFreeDiskSpace with args: (Ljava/lang/String;)J
05-14 08:29:37.331  3926  5528 I Claw    : [0m[      102.34] [30;1mjni/../jni/src/claw/vfs/NativeMount.cpp:245: Aquire java class for JNI method: com/Claw/Android/NativeMount
05-14 08:29:37.331  3926  5528 I Claw    : [0m[      102.34] [30;1mjni/../jni/src/claw/vfs/NativeMount.cpp:245: JNI class acquired, acquire java method: GetFreeDiskSpace with args: (Ljava/lang/String;)J
05-14 08:29:37.341  3926  5528 I Claw    : [0m[      102.35] [30;1mjni/../jni/src/claw/vfs/NativeMount.cpp:245: Aquire java class for JNI method: com/Claw/Android/NativeMount
05-14 08:29:37.341  3926  5528 I Claw    : [0m[      102.35] [30;1mjni/../jni/src/claw/vfs/NativeMount.cpp:245: JNI class acquired, acquire java method: GetFreeDiskSpace with args: (Ljava/lang/String;)J
05-14 08:29:37.341  3926  5528 I Claw    : [0m[      102.35] [30;1mjni/../jni/src/claw/vfs/NativeMount.cpp:245: Aquire java class for JNI method: com/Claw/Android/NativeMount
05-14 08:29:37.341  3926  5528 I Claw    : [0m[      102.35] [30;1mjni/../jni/src/claw/vfs/NativeMount.cpp:245: JNI class acquired, acquire java method: GetFreeDiskSpace with args: (Ljava/lang/String;)J
05-14 08:29:37.341  3926  5528 I Claw    : [0m[      102.35] [30;1mjni/../jni/src/claw/vfs/NativeMount.cpp:245: Aquire java class for JNI method: com/Claw/Android/NativeMount
05-14 08:29:37.341  3926  5528 I Claw    : [0m[      102.35] [30;1mjni/../jni/src/claw/vfs/NativeMount.cpp:245: JNI class acquired, acquire java method: GetFreeDiskSpace with args: (Ljava/lang/String;)J
05-14 08:29:37.341  3926  5528 I Claw    : [0m[      102.35] [30;1mjni/../jni/src/claw/vfs/NativeMount.cpp:245: Aquire java class for JNI method: com/Claw/Android/NativeMount
05-14 08:29:37.341  3926  5528 I Claw    : [0m[      102.35] [30;1mjni/../jni/src/claw/vfs/NativeMount.cpp:245: JNI class acquired, acquire java method: GetFreeDiskSpace with args: (Ljava/lang/String;)J
05-14 08:29:37.341  3926  5528 I Claw    : [0m[      102.35] [30;1mjni/../jni/src/claw/vfs/NativeMount.cpp:245: Aquire java class for JNI method: com/Claw/Android/NativeMount
05-14 08:29:37.341  3926  5528 I Claw    : [0m[      102.35] [30;1mjni/../jni/src/claw/vfs/NativeMount.cpp:245: JNI class acquired, acquire java method: GetFreeDiskSpace with args: (Ljava/lang/String;)J
05-14 08:29:37.351  3926  5528 I Claw    : [0m[      102.36] [30;1mjni/../jni/src/claw/vfs/NativeMount.cpp:245: Aquire java class for JNI method: com/Claw/Android/NativeMount
05-14 08:29:37.351  3926  5528 I Claw    : [0m[      102.36] [30;1mjni/../jni/src/claw/vfs/NativeMount.cpp:245: JNI class acquired, acquire java method: GetFreeDiskSpace with args: (Ljava/lang/String;)J
05-14 08:29:37.351  3926  5528 I Claw    : [0m[      102.36] [30;1mjni/../jni/src/claw/vfs/NativeMount.cpp:245: Aquire java class for JNI method: com/Claw/Android/NativeMount
05-14 08:29:37.351  3926  5528 I Claw    : [0m[      102.36] [30;1mjni/../jni/src/claw/vfs/NativeMount.cpp:245: JNI class acquired, acquire java method: GetFreeDiskSpace with args: (Ljava/lang/String;)J
05-14 08:29:37.351  3926  5528 I Claw    : [0m[      102.36] [30;1mjni/../jni/src/claw/vfs/NativeMount.cpp:245: Aquire java class for JNI method: com/Claw/Android/NativeMount
05-14 08:29:37.351  3926  5528 I Claw    : [0m[      102.36] [30;1mjni/../jni/src/claw/vfs/NativeMount.cpp:245: JNI class acquired, acquire java method: GetFreeDiskSpace with args: (Ljava/lang/String;)J
05-14 08:29:37.361  3926  5528 I Claw    : [0m[      102.37] [30;1mjni/../jni/src/claw/vfs/NativeMount.cpp:245: Aquire java class for JNI method: com/Claw/Android/NativeMount
05-14 08:29:37.361  3926  5528 I Claw    : [0m[      102.37] [30;1mjni/../jni/src/claw/vfs/NativeMount.cpp:245: JNI class acquired, acquire java method: GetFreeDiskSpace with args: (Ljava/lang/String;)J
05-14 08:29:37.361  3926  5528 I Claw    : [0m[      102.37] [30;1mjni/../jni/src/claw/vfs/NativeMount.cpp:245: Aquire java class for JNI method: com/Claw/Android/NativeMount
05-14 08:29:37.361  3926  5528 I Claw    : [0m[      102.37] [30;1mjni/../jni/src/claw/vfs/NativeMount.cpp:245: JNI class acquired, acquire java method: GetFreeDiskSpace with args: (Ljava/lang/String;)J
05-14 08:29:37.361  3926  5528 I Claw    : [0m[      102.37] [30;1mjni/../jni/src/claw/vfs/NativeMount.cpp:245: Aquire java class for JNI method: com/Claw/Android/NativeMount
05-14 08:29:37.361  3926  5528 I Claw    : [0m[      102.37] [30;1mjni/../jni/src/claw/vfs/NativeMount.cpp:245: JNI class acquired, acquire java method: GetFreeDiskSpace with args: (Ljava/lang/String;)J
05-14 08:29:37.371  3926  5528 I Claw    : [0m[      102.38] [30;1mjni/../jni/src/claw/vfs/NativeMount.cpp:245: Aquire java class for JNI method: com/Claw/Android/NativeMount
05-14 08:29:37.371  3926  5528 I Claw    : [0m[      102.38] [30;1mjni/../jni/src/claw/vfs/NativeMount.cpp:245: JNI class acquired, acquire java method: GetFreeDiskSpace with args: (Ljava/lang/String;)J
05-14 08:29:37.371  3926  5528 I Claw    : [0m[      102.38] [30;1mjni/../jni/src/claw/vfs/NativeMount.cpp:245: Aquire java class for JNI method: com/Claw/Android/NativeMount
05-14 08:29:37.371  3926  5528 I Claw    : [0m[      102.38] [30;1mjni/../jni/src/claw/vfs/NativeMount.cpp:245: JNI class acquired, acquire java method: GetFreeDiskSpace with args: (Ljava/lang/String;)J
05-14 08:29:37.371  3926  4016 I Claw    : [0m[      102.38] [30;1mjni/../jni/src/claw/graphics/pixeldata/PixelDataGL.cpp:321: 50x50 -> 52x50   100 pixels wasted
05-14 08:29:37.371  3926  5528 I Claw    : [0m[      102.38] [30;1mjni/../jni/src/claw/vfs/NativeMount.cpp:245: Aquire java class for JNI method: com/Claw/Android/NativeMount
05-14 08:29:37.371  3926  5528 I Claw    : [0m[      102.38] [30;1mjni/../jni/src/claw/vfs/NativeMount.cpp:245: JNI class acquired, acquire java method: GetFreeDiskSpace with args: (Ljava/lang/String;)J
05-14 08:29:37.371  3926  5528 I Claw    : [0m[      102.38] [30;1mjni/../jni/src/claw/vfs/NativeMount.cpp:245: Aquire java class for JNI method: com/Claw/Android/NativeMount
05-14 08:29:37.371  3926  5528 I Claw    : [0m[      102.38] [30;1mjni/../jni/src/claw/vfs/NativeMount.cpp:245: JNI class acquired, acquire java method: GetFreeDiskSpace with args: (Ljava/lang/String;)J
05-14 08:29:37.371  3926  5528 I Claw    : [0m[      102.39] [30;1mjni/../jni/src/claw/vfs/NativeMount.cpp:245: Aquire java class for JNI method: com/Claw/Android/NativeMount
05-14 08:29:37.371  3926  5528 I Claw    : [0m[      102.39] [30;1mjni/../jni/src/claw/vfs/NativeMount.cpp:245: JNI class acquired, acquire java method: GetFreeDiskSpace with args: (Ljava/lang/String;)J
05-14 08:29:37.381  3926  5528 I Claw    : [0m[      102.39] [30;1mjni/../jni/src/claw/vfs/NativeMount.cpp:245: Aquire java class for JNI method: com/Claw/Android/NativeMount
05-14 08:29:37.381  3926  5528 I Claw    : [0m[      102.39] [30;1mjni/../jni/src/claw/vfs/NativeMount.cpp:245: JNI class acquired, acquire java method: GetFreeDiskSpace with args: (Ljava/lang/String;)J
05-14 08:29:37.381  3926  4016 I Claw    : [0m[      102.39] [30;1mjni/../jni/src/claw/graphics/surface/SurfaceHW.cpp:880: Surface  xy: 4, uv: 4, tri: 2
05-14 08:29:37.381  3926  5528 I Claw    : [0m[      102.39] [30;1mjni/../jni/src/claw/vfs/NativeMount.cpp:245: Aquire java class for JNI method: com/Claw/Android/NativeMount
05-14 08:29:37.381  3926  5528 I Claw    : [0m[      102.39] [30;1mjni/../jni/src/claw/vfs/NativeMount.cpp:245: JNI class acquired, acquire java method: GetFreeDiskSpace with args: (Ljava/lang/String;)J
05-14 08:29:37.381  3926  5528 I Claw    : [0m[      102.39] [30;1mjni/../jni/src/claw/vfs/NativeMount.cpp:245: Aquire java class for JNI method: com/Claw/Android/NativeMount
05-14 08:29:37.381  3926  5528 I Claw    : [0m[      102.39] [30;1mjni/../jni/src/claw/vfs/NativeMount.cpp:245: JNI class acquired, acquire java method: GetFreeDiskSpace with args: (Ljava/lang/String;)J
05-14 08:29:37.381  3926  5528 I Claw    : [0m[      102.39] [30;1mjni/../jni/src/claw/vfs/NativeMount.cpp:245: Aquire java class for JNI method: com/Claw/Android/NativeMount
05-14 08:29:37.381  3926  5528 I Claw    : [0m[      102.39] [30;1mjni/../jni/src/claw/vfs/NativeMount.cpp:245: JNI class acquired, acquire java method: GetFreeDiskSpace with args: (Ljava/lang/String;)J
05-14 08:29:37.381  3926  5528 I Claw    : [0m[       102.4] [30;1mjni/../jni/src/claw/vfs/NativeMount.cpp:245: Aquire java class for JNI method: com/Claw/Android/NativeMount
05-14 08:29:37.381  3926  5528 I Claw    : [0m[       102.4] [30;1mjni/../jni/src/claw/vfs/NativeMount.cpp:245: JNI class acquired, acquire java method: GetFreeDiskSpace with args: (Ljava/lang/String;)J
05-14 08:29:37.391  3926  5528 I Claw    : [0m[       102.4] [30;1mjni/../jni/src/claw/vfs/NativeMount.cpp:245: Aquire java class for JNI method: com/Claw/Android/NativeMount
05-14 08:29:37.391  3926  5528 I Claw    : [0m[       102.4] [30;1mjni/../jni/src/claw/vfs/NativeMount.cpp:245: JNI class acquired, acquire java method: GetFreeDiskSpace with args: (Ljava/lang/String;)J
05-14 08:29:37.391  3926  5528 I Claw    : [0m[       102.4] [30;1mjni/../jni/src/claw/vfs/NativeMount.cpp:245: Aquire java class for JNI method: com/Claw/Android/NativeMount
05-14 08:29:37.391  3926  5528 I Claw    : [0m[       102.4] [30;1mjni/../jni/src/claw/vfs/NativeMount.cpp:245: JNI class acquired, acquire java method: GetFreeDiskSpace with args: (Ljava/lang/String;)J
05-14 08:29:37.391  3926  5528 I Claw    : [0m[       102.4] [30;1mjni/../jni/src/claw/vfs/NativeMount.cpp:245: Aquire java class for JNI method: com/Claw/Android/NativeMount
05-14 08:29:37.391  3926  5528 I Claw    : [0m[       102.4] [30;1mjni/../jni/src/claw/vfs/NativeMount.cpp:245: JNI class acquired, acquire java method: GetFreeDiskSpace with args: (Ljava/lang/String;)J
05-14 08:29:37.391  3926  5528 I Claw    : [0m[       102.4] [30;1mjni/../jni/src/claw/vfs/NativeMount.cpp:245: Aquire java class for JNI method: com/Claw/Android/NativeMount
05-14 08:29:37.391  3926  5528 I Claw    : [0m[       102.4] [30;1mjni/../jni/src/claw/vfs/NativeMount.cpp:245: JNI class acquired, acquire java method: GetFreeDiskSpace with args: (Ljava/lang/String;)J
05-14 08:29:37.391  3926  5528 I Claw    : [0m[       102.4] [30;1mjni/../jni/src/claw/vfs/NativeMount.cpp:245: Aquire java class for JNI method: com/Claw/Android/NativeMount
05-14 08:29:37.391  3926  5528 I Claw    : [0m[      102.41] [30;1mjni/../jni/src/claw/vfs/NativeMount.cpp:245: JNI class acquired, acquire java method: GetFreeDiskSpace with args: (Ljava/lang/String;)J
05-14 08:29:37.401  3926  5528 I Claw    : [0m[      102.41] [30;1mjni/../jni/src/claw/vfs/NativeMount.cpp:245: Aquire java class for JNI method: com/Claw/Android/NativeMount
05-14 08:29:37.401  3926  5528 I Claw    : [0m[      102.41] [30;1mjni/../jni/src/claw/vfs/NativeMount.cpp:245: JNI class acquired, acquire java method: GetFreeDiskSpace with args: (Ljava/lang/String;)J
05-14 08:29:37.401  3926  5528 I Claw    : [0m[      102.41] [30;1mjni/../jni/src/claw/vfs/NativeMount.cpp:245: Aquire java class for JNI method: com/Claw/Android/NativeMount
05-14 08:29:37.401  3926  5528 I Claw    : [0m[      102.41] [30;1mjni/../jni/src/claw/vfs/NativeMount.cpp:245: JNI class acquired, acquire java method: GetFreeDiskSpace with args: (Ljava/lang/String;)J
05-14 08:29:37.401  3926  5528 I Claw    : [0m[      102.41] [30;1mjni/../jni/src/claw/vfs/NativeMount.cpp:245: Aquire java class for JNI method: com/Claw/Android/NativeMount
05-14 08:29:37.401  3926  5528 I Claw    : [0m[      102.41] [30;1mjni/../jni/src/claw/vfs/NativeMount.cpp:245: JNI class acquired, acquire java method: GetFreeDiskSpace with args: (Ljava/lang/String;)J
05-14 08:29:37.401  3926  5528 I Claw    : [0m[      102.41] [30;1mjni/../jni/src/claw/vfs/NativeMount.cpp:245: Aquire java class for JNI method: com/Claw/Android/NativeMount
05-14 08:29:37.401  3926  5528 I Claw    : [0m[      102.41] [30;1mjni/../jni/src/claw/vfs/NativeMount.cpp:245: JNI class acquired, acquire java method: GetFreeDiskSpace with args: (Ljava/lang/String;)J
05-14 08:29:37.401  3926  5528 I Claw    : [0m[      102.41] [30;1mjni/../jni/src/claw/vfs/NativeMount.cpp:245: Aquire java class for JNI method: com/Claw/Android/NativeMount
05-14 08:29:37.401  3926  5528 I Claw    : [0m[      102.41] [30;1mjni/../jni/src/claw/vfs/NativeMount.cpp:245: JNI class acquired, acquire java method: GetFreeDiskSpace with args: (Ljava/lang/String;)J
05-14 08:29:37.411  3926  5528 I Claw    : [0m[      102.42] [30;1mjni/../jni/src/claw/vfs/NativeMount.cpp:245: Aquire java class for JNI method: com/Claw/Android/NativeMount
05-14 08:29:37.411  3926  5528 I Claw    : [0m[      102.42] [30;1mjni/../jni/src/claw/vfs/NativeMount.cpp:245: JNI class acquired, acquire java method: GetFreeDiskSpace with args: (Ljava/lang/String;)J
05-14 08:29:37.411  3926  5528 I Claw    : [0m[      102.42] [30;1mjni/../jni/src/claw/vfs/NativeMount.cpp:245: Aquire java class for JNI method: com/Claw/Android/NativeMount
05-14 08:29:37.411  3926  5528 I Claw    : [0m[      102.42] [30;1mjni/../jni/src/claw/vfs/NativeMount.cpp:245: JNI class acquired, acquire java method: GetFreeDiskSpace with args: (Ljava/lang/String;)J
05-14 08:29:37.411  3926  5528 I Claw    : [0m[      102.42] [30;1mjni/../jni/src/claw/vfs/NativeMount.cpp:245: Aquire java class for JNI method: com/Claw/Android/NativeMount
05-14 08:29:37.411  3926  5528 I Claw    : [0m[      102.42] [30;1mjni/../jni/src/claw/vfs/NativeMount.cpp:245: JNI class acquired, acquire java method: GetFreeDiskSpace with args: (Ljava/lang/String;)J
05-14 08:29:37.411  3926  5528 I Claw    : [0m[      102.42] [30;1mjni/../jni/src/claw/vfs/NativeMount.cpp:245: Aquire java class for JNI method: com/Claw/Android/NativeMount
05-14 08:29:37.411  3926  5528 I Claw    : [0m[      102.42] [30;1mjni/../jni/src/claw/vfs/NativeMount.cpp:245: JNI class acquired, acquire java method: GetFreeDiskSpace with args: (Ljava/lang/String;)J
05-14 08:29:37.421  3926  5528 I Claw    : [0m[      102.43] [30;1mjni/../jni/src/claw/vfs/NativeMount.cpp:245: Aquire java class for JNI method: com/Claw/Android/NativeMount
05-14 08:29:37.421  3926  5528 I Claw    : [0m[      102.43] [30;1mjni/../jni/src/claw/vfs/NativeMount.cpp:245: JNI class acquired, acquire java method: GetFreeDiskSpace with args: (Ljava/lang/String;)J
05-14 08:29:37.421  3926  5528 I Claw    : [0m[      102.43] [30;1mjni/../jni/src/claw/vfs/NativeMount.cpp:245: Aquire java class for JNI method: com/Claw/Android/NativeMount
05-14 08:29:37.421  3926  5528 I Claw    : [0m[      102.43] [30;1mjni/../jni/src/claw/vfs/NativeMount.cpp:245: JNI class acquired, acquire java method: GetFreeDiskSpace with args: (Ljava/lang/String;)J
05-14 08:29:37.421  3926  5528 I Claw    : [0m[      102.43] [30;1mjni/../jni/src/claw/vfs/NativeMount.cpp:245: Aquire java class for JNI method: com/Claw/Android/NativeMount
05-14 08:29:37.421  3926  5528 I Claw    : [0m[      102.43] [30;1mjni/../jni/src/claw/vfs/NativeMount.cpp:245: JNI class acquired, acquire java method: GetFreeDiskSpace with args: (Ljava/lang/String;)J
05-14 08:29:37.421  3926  5528 I Claw    : [0m[      102.43] [30;1mjni/../jni/src/claw/vfs/NativeMount.cpp:245: Aquire java class for JNI method: com/Claw/Android/NativeMount
05-14 08:29:37.421  3926  5528 I Claw    : [0m[      102.43] [30;1mjni/../jni/src/claw/vfs/NativeMount.cpp:245: JNI class acquired, acquire java method: GetFreeDiskSpace with args: (Ljava/lang/String;)J
05-14 08:29:37.421  3926  4016 I Claw    : [0m[      102.43] [30;1mjni/../jni/src/claw/graphics/pixeldata/PixelDataGL.cpp:321: 50x50 -> 52x50   100 pixels wasted
05-14 08:29:37.421  3926  5528 I Claw    : [0m[      102.43] [30;1mjni/../jni/src/claw/vfs/NativeMount.cpp:245: Aquire java class for JNI method: com/Claw/Android/NativeMount
05-14 08:29:37.421  3926  5528 I Claw    : [0m[      102.44] [30;1mjni/../jni/src/claw/vfs/NativeMount.cpp:245: JNI class acquired, acquire java method: GetFreeDiskSpace with args: (Ljava/lang/String;)J
05-14 08:29:37.431  3926  5528 I Claw    : [0m[      102.44] [30;1mjni/../jni/src/claw/vfs/NativeMount.cpp:245: Aquire java class for JNI method: com/Claw/Android/NativeMount
05-14 08:29:37.431  3926  5528 I Claw    : [0m[      102.44] [30;1mjni/../jni/src/claw/vfs/NativeMount.cpp:245: JNI class acquired, acquire java method: GetFreeDiskSpace with args: (Ljava/lang/String;)J
05-14 08:29:37.431  3926  5528 I Claw    : [0m[      102.44] [30;1mjni/../jni/src/claw/vfs/NativeMount.cpp:245: Aquire java class for JNI method: com/Claw/Android/NativeMount
05-14 08:29:37.431  3926  5528 I Claw    : [0m[      102.44] [30;1mjni/../jni/src/claw/vfs/NativeMount.cpp:245: JNI class acquired, acquire java method: GetFreeDiskSpace with args: (Ljava/lang/String;)J
05-14 08:29:37.431  3926  5528 I Claw    : [0m[      102.44] [30;1mjni/../jni/src/claw/vfs/NativeMount.cpp:245: Aquire java class for JNI method: com/Claw/Android/NativeMount
05-14 08:29:37.431  3926  5528 I Claw    : [0m[      102.44] [30;1mjni/../jni/src/claw/vfs/NativeMount.cpp:245: JNI class acquired, acquire java method: GetFreeDiskSpace with args: (Ljava/lang/String;)J
05-14 08:29:37.431  3926  5528 I Claw    : [0m[      102.44] [30;1mjni/../jni/src/claw/vfs/NativeMount.cpp:245: Aquire java class for JNI method: com/Claw/Android/NativeMount
05-14 08:29:37.431  3926  5528 I Claw    : [0m[      102.44] [30;1mjni/../jni/src/claw/vfs/NativeMount.cpp:245: JNI class acquired, acquire java method: GetFreeDiskSpace with args: (Ljava/lang/String;)J
05-14 08:29:37.431  3926  4016 I Claw    : [0m[      102.44] [30;1mjni/../jni/src/claw/graphics/surface/SurfaceHW.cpp:880: Surface  xy: 4, uv: 4, tri: 2
05-14 08:29:37.431  3926  5528 I Claw    : [0m[      102.44] [30;1mjni/../jni/src/claw/vfs/NativeMount.cpp:245: Aquire java class for JNI method: com/Claw/Android/NativeMount
05-14 08:29:37.431  3926  5528 I Claw    : [0m[      102.45] [30;1mjni/../jni/src/claw/vfs/NativeMount.cpp:245: JNI class acquired, acquire java method: GetFreeDiskSpace with args: (Ljava/lang/String;)J
05-14 08:29:37.441  3926  5528 I Claw    : [0m[      102.45] [30;1mjni/../jni/src/claw/vfs/NativeMount.cpp:245: Aquire java class for JNI method: com/Claw/Android/NativeMount
05-14 08:29:37.441  3926  5528 I Claw    : [0m[      102.45] [30;1mjni/../jni/src/claw/vfs/NativeMount.cpp:245: JNI class acquired, acquire java method: GetFreeDiskSpace with args: (Ljava/lang/String;)J
05-14 08:29:37.441  2614  3012 D NtpTrustedTime: currentTimeMillis() cache hit
05-14 08:29:37.441  3926  5528 I Claw    : [0m[      102.45] [30;1mjni/../jni/src/claw/vfs/NativeMount.cpp:245: Aquire java class for JNI method: com/Claw/Android/NativeMount
05-14 08:29:37.441  3926  5528 I Claw    : [0m[      102.45] [30;1mjni/../jni/src/claw/vfs/NativeMount.cpp:245: JNI class acquired, acquire java method: GetFreeDiskSpace with args: (Ljava/lang/String;)J
05-14 08:29:37.441  3926  5528 I Claw    : [0m[      102.45] [30;1mjni/../jni/src/claw/vfs/NativeMount.cpp:245: Aquire java class for JNI method: com/Claw/Android/NativeMount
05-14 08:29:37.441  3926  5528 I Claw    : [0m[      102.45] [30;1mjni/../jni/src/claw/vfs/NativeMount.cpp:245: JNI class acquired, acquire java method: GetFreeDiskSpace with args: (Ljava/lang/String;)J
05-14 08:29:37.441  3926  5528 I Claw    : [0m[      102.45] [30;1mjni/../jni/src/claw/vfs/NativeMount.cpp:245: Aquire java class for JNI method: com/Claw/Android/NativeMount
05-14 08:29:37.441  3926  5528 I Claw    : [0m[      102.45] [30;1mjni/../jni/src/claw/vfs/NativeMount.cpp:245: JNI class acquired, acquire java method: GetFreeDiskSpace with args: (Ljava/lang/String;)J
05-14 08:29:37.441  3926  5528 I Claw    : [0m[      102.45] [30;1mjni/../jni/src/claw/vfs/NativeMount.cpp:245: Aquire java class for JNI method: com/Claw/Android/NativeMount
05-14 08:29:37.441  3926  5528 I Claw    : [0m[      102.45] [30;1mjni/../jni/src/claw/vfs/NativeMount.cpp:245: JNI class acquired, acquire java method: GetFreeDiskSpace with args: (Ljava/lang/String;)J
05-14 08:29:37.441  2614  3012 V NetworkStats: performPollLocked(flags=0x1)
05-14 08:29:37.441  2614  3012 D NetworkStatsRecorder: entry.iface is null
05-14 08:29:37.441  2614  3012 D NetworkStatsRecorder: entry.iface is null
05-14 08:29:37.441  2614  3012 D NetworkStatsRecorder: entry.iface is null
05-14 08:29:37.441  2614  3012 D NetworkStatsRecorder: entry.iface is null
05-14 08:29:37.451  3926  5528 I Claw    : [0m[      102.46] [30;1mjni/../jni/src/claw/vfs/NativeMount.cpp:245: Aquire java class for JNI method: com/Claw/Android/NativeMount
05-14 08:29:37.451  3926  5528 I Claw    : [0m[      102.46] [30;1mjni/../jni/src/claw/vfs/NativeMount.cpp:245: JNI class acquired, acquire java method: GetFreeDiskSpace with args: (Ljava/lang/String;)J
05-14 08:29:37.451  3926  5528 I Claw    : [0m[      102.46] [30;1mjni/../jni/src/claw/vfs/NativeMount.cpp:245: Aquire java class for JNI method: com/Claw/Android/NativeMount
05-14 08:29:37.451  3926  5528 I Claw    : [0m[      102.46] [30;1mjni/../jni/src/claw/vfs/NativeMount.cpp:245: JNI class acquired, acquire java method: GetFreeDiskSpace with args: (Ljava/lang/String;)J
05-14 08:29:37.451  3926  5528 I Claw    : [0m[      102.46] [30;1mjni/../jni/src/claw/vfs/NativeMount.cpp:245: Aquire java class for JNI method: com/Claw/Android/NativeMount
05-14 08:29:37.451  3926  5528 I Claw    : [0m[      102.46] [30;1mjni/../jni/src/claw/vfs/NativeMount.cpp:245: JNI class acquired, acquire java method: GetFreeDiskSpace with args: (Ljava/lang/String;)J
05-14 08:29:37.451  3926  5528 I Claw    : [0m[      102.46] [30;1mjni/../jni/src/claw/vfs/NativeMount.cpp:245: Aquire java class for JNI method: com/Claw/Android/NativeMount
05-14 08:29:37.451  3926  5528 I Claw    : [0m[      102.46] [30;1mjni/../jni/src/claw/vfs/NativeMount.cpp:245: JNI class acquired, acquire java method: GetFreeDiskSpace with args: (Ljava/lang/String;)J
05-14 08:29:37.451  3926  5528 I Claw    : [0m[      102.47] [30;1mjni/../jni/src/claw/vfs/NativeMount.cpp:245: Aquire java class for JNI method: com/Claw/Android/NativeMount
05-14 08:29:37.451  3926  5528 I Claw    : [0m[      102.47] [30;1mjni/../jni/src/claw/vfs/NativeMount.cpp:245: JNI class acquired, acquire java method: GetFreeDiskSpace with args: (Ljava/lang/String;)J
05-14 08:29:37.461  3926  5528 I Claw    : [0m[      102.47] [30;1mjni/../jni/src/claw/vfs/NativeMount.cpp:245: Aquire java class for JNI method: com/Claw/Android/NativeMount
05-14 08:29:37.461  3926  5528 I Claw    : [0m[      102.47] [30;1mjni/../jni/src/claw/vfs/NativeMount.cpp:245: JNI class acquired, acquire java method: GetFreeDiskSpace with args: (Ljava/lang/String;)J
05-14 08:29:37.461  3926  5528 I Claw    : [0m[      102.47] [30;1mjni/../jni/src/claw/vfs/NativeMount.cpp:245: Aquire java class for JNI method: com/Claw/Android/NativeMount
05-14 08:29:37.461  3926  5528 I Claw    : [0m[      102.47] [30;1mjni/../jni/src/claw/vfs/NativeMount.cpp:245: JNI class acquired, acquire java method: GetFreeDiskSpace with args: (Ljava/lang/String;)J
05-14 08:29:37.461  3926  5528 I Claw    : [0m[      102.47] [30;1mjni/../jni/src/claw/vfs/NativeMount.cpp:245: Aquire java class for JNI method: com/Claw/Android/NativeMount
05-14 08:29:37.461  3926  5528 I Claw    : [0m[      102.47] [30;1mjni/../jni/src/claw/vfs/NativeMount.cpp:245: JNI class acquired, acquire java method: GetFreeDiskSpace with args: (Ljava/lang/String;)J
05-14 08:29:37.461  2614  3012 D NtpTrustedTime: currentTimeMillis() cache hit
05-14 08:29:37.461  3926  5528 I Claw    : [0m[      102.47] [30;1mjni/../jni/src/claw/vfs/NativeMount.cpp:245: Aquire java class for JNI method: com/Claw/Android/NativeMount
05-14 08:29:37.461  3926  5528 I Claw    : [0m[      102.47] [30;1mjni/../jni/src/claw/vfs/NativeMount.cpp:245: JNI class acquired, acquire java method: GetFreeDiskSpace with args: (Ljava/lang/String;)J
05-14 08:29:37.461  3926  5528 I Claw    : [0m[      102.47] [30;1mjni/../jni/src/claw/vfs/NativeMount.cpp:245: Aquire java class for JNI method: com/Claw/Android/NativeMount
05-14 08:29:37.461  2614  3013 D NtpTrustedTime: currentTimeMillis() cache hit
05-14 08:29:37.461  2614  3013 D NtpTrustedTime: currentTimeMillis() cache hit
05-14 08:29:37.461  3926  5528 I Claw    : [0m[      102.48] [30;1mjni/../jni/src/claw/vfs/NativeMount.cpp:245: JNI class acquired, acquire java method: GetFreeDiskSpace with args: (Ljava/lang/String;)J
05-14 08:29:37.461  2614  3012 V NetworkStats: performPollLocked() took 23ms
05-14 08:29:37.471  3926  5528 I Claw    : [0m[      102.48] [30;1mjni/../jni/src/claw/vfs/NativeMount.cpp:245: Aquire java class for JNI method: com/Claw/Android/NativeMount
05-14 08:29:37.471  3926  5528 I Claw    : [0m[      102.48] [30;1mjni/../jni/src/claw/vfs/NativeMount.cpp:245: JNI class acquired, acquire java method: GetFreeDiskSpace with args: (Ljava/lang/String;)J
05-14 08:29:37.471  3926  5528 I Claw    : [0m[      102.48] [30;1mjni/../jni/src/claw/vfs/NativeMount.cpp:245: Aquire java class for JNI method: com/Claw/Android/NativeMount
05-14 08:29:37.471  3926  5528 I Claw    : [0m[      102.48] [30;1mjni/../jni/src/claw/vfs/NativeMount.cpp:245: JNI class acquired, acquire java method: GetFreeDiskSpace with args: (Ljava/lang/String;)J
05-14 08:29:37.471  3926  5528 I Claw    : [0m[      102.48] [30;1mjni/../jni/src/claw/vfs/NativeMount.cpp:245: Aquire java class for JNI method: com/Claw/Android/NativeMount
05-14 08:29:37.471  3926  5528 I Claw    : [0m[      102.48] [30;1mjni/../jni/src/claw/vfs/NativeMount.cpp:245: JNI class acquired, acquire java method: GetFreeDiskSpace with args: (Ljava/lang/String;)J
05-14 08:29:37.471  3926  5528 I Claw    : [0m[      102.48] [30;1mjni/../jni/src/claw/vfs/NativeMount.cpp:245: Aquire java class for JNI method: com/Claw/Android/NativeMount
05-14 08:29:37.471  3926  5528 I Claw    : [0m[      102.48] [30;1mjni/../jni/src/claw/vfs/NativeMount.cpp:245: JNI class acquired, acquire java method: GetFreeDiskSpace with args: (Ljava/lang/String;)J
05-14 08:29:37.471  3926  5528 I Claw    : [0m[      102.49] [30;1mjni/../jni/src/claw/vfs/NativeMount.cpp:245: Aquire java class for JNI method: com/Claw/Android/NativeMount
05-14 08:29:37.471  3926  5528 I Claw    : [0m[      102.49] [30;1mjni/../jni/src/claw/vfs/NativeMount.cpp:245: JNI class acquired, acquire java method: GetFreeDiskSpace with args: (Ljava/lang/String;)J
05-14 08:29:37.481  3926  5528 I Claw    : [0m[      102.49] [30;1mjni/../jni/src/claw/vfs/NativeMount.cpp:245: Aquire java class for JNI method: com/Claw/Android/NativeMount
05-14 08:29:37.481  3926  5528 I Claw    : [0m[      102.49] [30;1mjni/../jni/src/claw/vfs/NativeMount.cpp:245: JNI class acquired, acquire java method: GetFreeDiskSpace with args: (Ljava/lang/String;)J
05-14 08:29:37.481  3926  5528 I Claw    : [0m[      102.49] [30;1mjni/../jni/src/claw/vfs/NativeMount.cpp:245: Aquire java class for JNI method: com/Claw/Android/NativeMount
05-14 08:29:37.481  3926  5528 I Claw    : [0m[      102.49] [30;1mjni/../jni/src/claw/vfs/NativeMount.cpp:245: JNI class acquired, acquire java method: GetFreeDiskSpace with args: (Ljava/lang/String;)J
05-14 08:29:37.481  3926  5528 I Claw    : [0m[      102.49] [30;1mjni/../jni/src/claw/vfs/NativeMount.cpp:245: Aquire java class for JNI method: com/Claw/Android/NativeMount
05-14 08:29:37.481  3926  5528 I Claw    : [0m[      102.49] [30;1mjni/../jni/src/claw/vfs/NativeMount.cpp:245: JNI class acquired, acquire java method: GetFreeDiskSpace with args: (Ljava/lang/String;)J
05-14 08:29:37.481  3926  5528 I Claw    : [0m[      102.49] [30;1mjni/../jni/src/claw/vfs/NativeMount.cpp:245: Aquire java class for JNI method: com/Claw/Android/NativeMount
05-14 08:29:37.481  3926  5528 I Claw    : [0m[      102.49] [30;1mjni/../jni/src/claw/vfs/NativeMount.cpp:245: JNI class acquired, acquire java method: GetFreeDiskSpace with args: (Ljava/lang/String;)J
05-14 08:29:37.481  3926  5528 I Claw    : [0m[       102.5] [30;1mjni/../jni/src/claw/vfs/NativeMount.cpp:245: Aquire java class for JNI method: com/Claw/Android/NativeMount
05-14 08:29:37.481  3926  5528 I Claw    : [0m[       102.5] [30;1mjni/../jni/src/claw/vfs/NativeMount.cpp:245: JNI class acquired, acquire java method: GetFreeDiskSpace with args: (Ljava/lang/String;)J
05-14 08:29:37.491  3926  5528 I Claw    : [0m[       102.5] [30;1mjni/../jni/src/claw/vfs/NativeMount.cpp:245: Aquire java class for JNI method: com/Claw/Android/NativeMount
05-14 08:29:37.491  3926  5528 I Claw    : [0m[       102.5] [30;1mjni/../jni/src/claw/vfs/NativeMount.cpp:245: JNI class acquired, acquire java method: GetFreeDiskSpace with args: (Ljava/lang/String;)J
05-14 08:29:37.491  3926  5528 I Claw    : [0m[       102.5] [30;1mjni/../jni/src/claw/vfs/NativeMount.cpp:245: Aquire java class for JNI method: com/Claw/Android/NativeMount
05-14 08:29:37.491  3926  5528 I Claw    : [0m[       102.5] [30;1mjni/../jni/src/claw/vfs/NativeMount.cpp:245: JNI class acquired, acquire java method: GetFreeDiskSpace with args: (Ljava/lang/String;)J
05-14 08:29:37.491  3926  5528 I Claw    : [0m[       102.5] [30;1mjni/../jni/src/claw/vfs/NativeMount.cpp:245: Aquire java class for JNI method: com/Claw/Android/NativeMount
05-14 08:29:37.491  3926  5528 I Claw    : [0m[       102.5] [30;1mjni/../jni/src/claw/vfs/NativeMount.cpp:245: JNI class acquired, acquire java method: GetFreeDiskSpace with args: (Ljava/lang/String;)J
05-14 08:29:37.491  3926  5528 I Claw    : [0m[       102.5] [30;1mjni/../jni/src/claw/vfs/NativeMount.cpp:245: Aquire java class for JNI method: com/Claw/Android/NativeMount
05-14 08:29:37.491  3926  5528 I Claw    : [0m[       102.5] [30;1mjni/../jni/src/claw/vfs/NativeMount.cpp:245: JNI class acquired, acquire java method: GetFreeDiskSpace with args: (Ljava/lang/String;)J
05-14 08:29:37.491  3926  5528 I Claw    : [0m[      102.51] [30;1mjni/../jni/src/claw/vfs/NativeMount.cpp:245: Aquire java class for JNI method: com/Claw/Android/NativeMount
05-14 08:29:37.491  3926  5528 I Claw    : [0m[      102.51] [30;1mjni/../jni/src/claw/vfs/NativeMount.cpp:245: JNI class acquired, acquire java method: GetFreeDiskSpace with args: (Ljava/lang/String;)J
05-14 08:29:37.501  3926  5528 I Claw    : [0m[      102.51] [30;1mjni/../jni/src/claw/vfs/NativeMount.cpp:245: Aquire java class for JNI method: com/Claw/Android/NativeMount
05-14 08:29:37.501  3926  5528 I Claw    : [0m[      102.51] [30;1mjni/../jni/src/claw/vfs/NativeMount.cpp:245: JNI class acquired, acquire java method: GetFreeDiskSpace with args: (Ljava/lang/String;)J
05-14 08:29:37.501  3926  5528 I Claw    : [0m[      102.51] [30;1mjni/../jni/src/claw/vfs/NativeMount.cpp:245: Aquire java class for JNI method: com/Claw/Android/NativeMount
05-14 08:29:37.501  3926  5528 I Claw    : [0m[      102.51] [30;1mjni/../jni/src/claw/vfs/NativeMount.cpp:245: JNI class acquired, acquire java method: GetFreeDiskSpace with args: (Ljava/lang/String;)J
05-14 08:29:37.501  3926  5528 I Claw    : [0m[      102.51] [30;1mjni/../jni/src/claw/vfs/NativeMount.cpp:245: Aquire java class for JNI method: com/Claw/Android/NativeMount
05-14 08:29:37.501  3926  5528 I Claw    : [0m[      102.51] [30;1mjni/../jni/src/claw/vfs/NativeMount.cpp:245: JNI class acquired, acquire java method: GetFreeDiskSpace with args: (Ljava/lang/String;)J
05-14 08:29:37.501  3926  5528 I Claw    : [0m[      102.51] [30;1mjni/../jni/src/claw/vfs/NativeMount.cpp:245: Aquire java class for JNI method: com/Claw/Android/NativeMount
