adb server version (39) doesn't match this client (36); killing...
* daemon started successfully *
--------- beginning of system
05-23 12:21:21.464 29266 29429 E ActivityThread: Failed to find provider info for com.facebook.katana.provider.AttributionIdProvider
05-23 12:21:22.334  2599  5298 D P       : limitCPUFreq:: freq = 1400000
05-23 12:21:22.334  2599  5298 D CustomFrequencyManagerService: acquireDVFSLockLocked : type : DVFS_MAX_LIMIT  frequency : 1400000  uid : 1000  pid : 2599  pkgName : SIOP_ARM_MAX@18
05-23 12:21:22.334  2599  5298 D P       : limitGPUFreq:: freq = 534
05-23 12:21:23.754  2599  3134 D ConnectivityService: returning getNetworkInfo for network type 1 : [type: WIFI[] - WIFI, state: CONNECTED/CONNECTED, reason: (unspecified), extra: "HuuugeQA", roaming: false, failover: false, isAvailable: true]
05-23 12:21:23.754  2599  3495 D ConnectivityService: returning getNetworkInfo for network type 0 : [type: MOBILE[] - MOBILE, state: DISCONNECTED/DISCONNECTED, reason: (unspecified), extra: (none), roaming: false, failover: false, isAvailable: true]
05-23 12:21:23.834  2599  5940 D ConnectivityService: returning getNetworkInfo for network type 1 : [type: WIFI[] - WIFI, state: CONNECTED/CONNECTED, reason: (unspecified), extra: "HuuugeQA", roaming: false, failover: false, isAvailable: true]
05-23 12:21:23.834  2599  3122 D ConnectivityService: returning getNetworkInfo for network type 0 : [type: MOBILE[] - MOBILE, state: DISCONNECTED/DISCONNECTED, reason: (unspecified), extra: (none), roaming: false, failover: false, isAvailable: true]
05-23 12:21:24.224  2599  3434 D ConnectivityService: returning getNetworkInfo for network type 1 : [type: WIFI[] - WIFI, state: CONNECTED/CONNECTED, reason: (unspecified), extra: "HuuugeQA", roaming: false, failover: false, isAvailable: true]
05-23 12:21:24.224  2599  3496 D ConnectivityService: returning getNetworkInfo for network type 0 : [type: MOBILE[] - MOBILE, state: DISCONNECTED/DISCONNECTED, reason: (unspecified), extra: (none), roaming: false, failover: false, isAvailable: true]
05-23 12:21:24.264  2599  2615 D ConnectivityService: returning getNetworkInfo for network type 1 : [type: WIFI[] - WIFI, state: CONNECTED/CONNECTED, reason: (unspecified), extra: "HuuugeQA", roaming: false, failover: false, isAvailable: true]
05-23 12:21:24.264  2599  3267 D ConnectivityService: returning getNetworkInfo for network type 0 : [type: MOBILE[] - MOBILE, state: DISCONNECTED/DISCONNECTED, reason: (unspecified), extra: (none), roaming: false, failover: false, isAvailable: true]
05-23 12:21:24.644  2599  5906 D ConnectivityService: returning getNetworkInfo for network type 1 : [type: WIFI[] - WIFI, state: CONNECTED/CONNECTED, reason: (unspecified), extra: "HuuugeQA", roaming: false, failover: false, isAvailable: true]
05-23 12:21:24.644  2599  3120 D ConnectivityService: returning getNetworkInfo for network type 0 : [type: MOBILE[] - MOBILE, state: DISCONNECTED/DISCONNECTED, reason: (unspecified), extra: (none), roaming: false, failover: false, isAvailable: true]
05-23 12:21:25.044  2599  5940 D ConnectivityService: returning getNetworkInfo for network type 1 : [type: WIFI[] - WIFI, state: CONNECTED/CONNECTED, reason: (unspecified), extra: "HuuugeQA", roaming: false, failover: false, isAvailable: true]
05-23 12:21:25.044  2599  3122 D ConnectivityService: returning getNetworkInfo for network type 0 : [type: MOBILE[] - MOBILE, state: DISCONNECTED/DISCONNECTED, reason: (unspecified), extra: (none), roaming: false, failover: false, isAvailable: true]
05-23 12:21:25.254  2599  5907 D ConnectivityService: returning getNetworkInfo for network type 1 : [type: WIFI[] - WIFI, state: CONNECTED/CONNECTED, reason: (unspecified), extra: "HuuugeQA", roaming: false, failover: false, isAvailable: true]
05-23 12:21:25.254  2599  3371 D ConnectivityService: returning getNetworkInfo for network type 0 : [type: MOBILE[] - MOBILE, state: DISCONNECTED/DISCONNECTED, reason: (unspecified), extra: (none), roaming: false, failover: false, isAvailable: true]
05-23 12:21:25.374  2599  3011 V NetworkStats: performPollLocked(flags=0x1)
05-23 12:21:25.404  2599  3011 V NetworkStats: performPollLocked() took 31ms
05-23 12:21:25.654  2599  3434 D ConnectivityService: returning getNetworkInfo for network type 1 : [type: WIFI[] - WIFI, state: CONNECTED/CONNECTED, reason: (unspecified), extra: "HuuugeQA", roaming: false, failover: false, isAvailable: true]
05-23 12:21:25.654  2599  3496 D ConnectivityService: returning getNetworkInfo for network type 0 : [type: MOBILE[] - MOBILE, state: DISCONNECTED/DISCONNECTED, reason: (unspecified), extra: (none), roaming: false, failover: false, isAvailable: true]
05-23 12:21:25.684  2599  2615 D ConnectivityService: returning getNetworkInfo for network type 1 : [type: WIFI[] - WIFI, state: CONNECTED/CONNECTED, reason: (unspecified), extra: "HuuugeQA", roaming: false, failover: false, isAvailable: true]
05-23 12:21:25.684  2599  3267 D ConnectivityService: returning getNetworkInfo for network type 0 : [type: MOBILE[] - MOBILE, state: DISCONNECTED/DISCONNECTED, reason: (unspecified), extra: (none), roaming: false, failover: false, isAvailable: true]
05-23 12:21:25.934  2599  3011 V NetworkStats: performPollLocked(flags=0x1)
05-23 12:21:25.974  2599  3011 V NetworkStats: performPollLocked() took 41ms
05-23 12:21:26.064  2599  3134 D ConnectivityService: returning getNetworkInfo for network type 1 : [type: WIFI[] - WIFI, state: CONNECTED/CONNECTED, reason: (unspecified), extra: "HuuugeQA", roaming: false, failover: false, isAvailable: true]
05-23 12:21:26.064  2599  3495 D ConnectivityService: returning getNetworkInfo for network type 0 : [type: MOBILE[] - MOBILE, state: DISCONNECTED/DISCONNECTED, reason: (unspecified), extra: (none), roaming: false, failover: false, isAvailable: true]
05-23 12:21:26.464  2599  2613 D ConnectivityService: returning getNetworkInfo for network type 1 : [type: WIFI[] - WIFI, state: CONNECTED/CONNECTED, reason: (unspecified), extra: "HuuugeQA", roaming: false, failover: false, isAvailable: true]
05-23 12:21:26.464  2599  5799 D ConnectivityService: returning getNetworkInfo for network type 0 : [type: MOBILE[] - MOBILE, state: DISCONNECTED/DISCONNECTED, reason: (unspecified), extra: (none), roaming: false, failover: false, isAvailable: true]
05-23 12:21:26.874  2599  3503 D ConnectivityService: returning getNetworkInfo for network type 1 : [type: WIFI[] - WIFI, state: CONNECTED/CONNECTED, reason: (unspecified), extra: "HuuugeQA", roaming: false, failover: false, isAvailable: true]
05-23 12:21:26.874  2599  5906 D ConnectivityService: returning getNetworkInfo for network type 0 : [type: MOBILE[] - MOBILE, state: DISCONNECTED/DISCONNECTED, reason: (unspecified), extra: (none), roaming: false, failover: false, isAvailable: true]
05-23 12:21:27.284  2599  2613 D ConnectivityService: returning getNetworkInfo for network type 1 : [type: WIFI[] - WIFI, state: CONNECTED/CONNECTED, reason: (unspecified), extra: "HuuugeQA", roaming: false, failover: false, isAvailable: true]
05-23 12:21:27.284  2599  5799 D ConnectivityService: returning getNetworkInfo for network type 0 : [type: MOBILE[] - MOBILE, state: DISCONNECTED/DISCONNECTED, reason: (unspecified), extra: (none), roaming: false, failover: false, isAvailable: true]
05-23 12:21:27.684  2599  5940 D ConnectivityService: returning getNetworkInfo for network type 1 : [type: WIFI[] - WIFI, state: CONNECTED/CONNECTED, reason: (unspecified), extra: "HuuugeQA", roaming: false, failover: false, isAvailable: true]
05-23 12:21:27.684  2599  3122 D ConnectivityService: returning getNetworkInfo for network type 0 : [type: MOBILE[] - MOBILE, state: DISCONNECTED/DISCONNECTED, reason: (unspecified), extra: (none), roaming: false, failover: false, isAvailable: true]
05-23 12:21:27.894  2599  5907 D ConnectivityService: returning getNetworkInfo for network type 1 : [type: WIFI[] - WIFI, state: CONNECTED/CONNECTED, reason: (unspecified), extra: "HuuugeQA", roaming: false, failover: false, isAvailable: true]
05-23 12:21:27.894  2599  3371 D ConnectivityService: returning getNetworkInfo for network type 0 : [type: MOBILE[] - MOBILE, state: DISCONNECTED/DISCONNECTED, reason: (unspecified), extra: (none), roaming: false, failover: false, isAvailable: true]
05-23 12:21:28.094  2599  2615 D ConnectivityService: returning getNetworkInfo for network type 1 : [type: WIFI[] - WIFI, state: CONNECTED/CONNECTED, reason: (unspecified), extra: "HuuugeQA", roaming: false, failover: false, isAvailable: true]
05-23 12:21:28.094  2599  3267 D ConnectivityService: returning getNetworkInfo for network type 0 : [type: MOBILE[] - MOBILE, state: DISCONNECTED/DISCONNECTED, reason: (unspecified), extra: (none), roaming: false, failover: false, isAvailable: true]
05-23 12:21:28.094  2599  5298 D SSRM:w  : SIOP:: AP = 560, PST = 533 (W:10), CUR = -45, LCD = 32
05-23 12:21:28.104  2599  5298 D ConnectivityService: returning getNetworkInfo for network type 1 : [type: WIFI[] - WIFI, state: CONNECTED/CONNECTED, reason: (unspecified), extra: "HuuugeQA", roaming: false, failover: false, isAvailable: true]
05-23 12:21:28.504  2599  5906 D ConnectivityService: returning getNetworkInfo for network type 1 : [type: WIFI[] - WIFI, state: CONNECTED/CONNECTED, reason: (unspecified), extra: "HuuugeQA", roaming: false, failover: false, isAvailable: true]
05-23 12:21:28.504  2599  3120 D ConnectivityService: returning getNetworkInfo for network type 0 : [type: MOBILE[] - MOBILE, state: DISCONNECTED/DISCONNECTED, reason: (unspecified), extra: (none), roaming: false, failover: false, isAvailable: true]
05-23 12:21:28.704  2599  3134 D ConnectivityService: returning getNetworkInfo for network type 1 : [type: WIFI[] - WIFI, state: CONNECTED/CONNECTED, reason: (unspecified), extra: "HuuugeQA", roaming: false, failover: false, isAvailable: true]
05-23 12:21:28.704  2599  3495 D ConnectivityService: returning getNetworkInfo for network type 0 : [type: MOBILE[] - MOBILE, state: DISCONNECTED/DISCONNECTED, reason: (unspecified), extra: (none), roaming: false, failover: false, isAvailable: true]
05-23 12:21:28.744  2599  2613 D ConnectivityService: returning getNetworkInfo for network type 1 : [type: WIFI[] - WIFI, state: CONNECTED/CONNECTED, reason: (unspecified), extra: "HuuugeQA", roaming: false, failover: false, isAvailable: true]
05-23 12:21:28.754  2599  5799 D ConnectivityService: returning getNetworkInfo for network type 0 : [type: MOBILE[] - MOBILE, state: DISCONNECTED/DISCONNECTED, reason: (unspecified), extra: (none), roaming: false, failover: false, isAvailable: true]
05-23 12:21:28.914  2599  5940 D ConnectivityService: returning getNetworkInfo for network type 1 : [type: WIFI[] - WIFI, state: CONNECTED/CONNECTED, reason: (unspecified), extra: "HuuugeQA", roaming: false, failover: false, isAvailable: true]
05-23 12:21:28.914  2599  3122 D ConnectivityService: returning getNetworkInfo for network type 0 : [type: MOBILE[] - MOBILE, state: DISCONNECTED/DISCONNECTED, reason: (unspecified), extra: (none), roaming: false, failover: false, isAvailable: true]
05-23 12:21:28.994  2599  3011 V NetworkStats: performPollLocked(flags=0x1)
05-23 12:21:29.034  2599  3011 V NetworkStats: performPollLocked() took 33ms
05-23 12:21:29.134  2599  3638 D ConnectivityService: returning getNetworkInfo for network type 1 : [type: WIFI[] - WIFI, state: CONNECTED/CONNECTED, reason: (unspecified), extra: "HuuugeQA", roaming: false, failover: false, isAvailable: true]
05-23 12:21:29.144  2599  3496 D ConnectivityService: returning getNetworkInfo for network type 0 : [type: MOBILE[] - MOBILE, state: DISCONNECTED/DISCONNECTED, reason: (unspecified), extra: (none), roaming: false, failover: false, isAvailable: true]
05-23 12:21:29.384  2599  3012 D NetworkPolicy: isUidForegroundLocked: 10028, mScreenOn: true, uidstate: 3, mProxSensorScreenOff: false
05-23 12:21:29.574  2599  3371 D ConnectivityService: returning getNetworkInfo for network type 1 : [type: WIFI[] - WIFI, state: CONNECTED/CONNECTED, reason: (unspecified), extra: "HuuugeQA", roaming: false, failover: false, isAvailable: true]
05-23 12:21:29.574  2599  3434 D ConnectivityService: returning getNetworkInfo for network type 0 : [type: MOBILE[] - MOBILE, state: DISCONNECTED/DISCONNECTED, reason: (unspecified), extra: (none), roaming: false, failover: false, isAvailable: true]
05-23 12:21:29.794  2599  3011 V NetworkStats: performPollLocked(flags=0x1)
05-23 12:21:29.824  2599  3011 V NetworkStats: performPollLocked() took 32ms
05-23 12:21:29.974  2599  3267 D ConnectivityService: returning getNetworkInfo for network type 1 : [type: WIFI[] - WIFI, state: CONNECTED/CONNECTED, reason: (unspecified), extra: "HuuugeQA", roaming: false, failover: false, isAvailable: true]
05-23 12:21:29.974  2599  3503 D ConnectivityService: returning getNetworkInfo for network type 0 : [type: MOBILE[] - MOBILE, state: DISCONNECTED/DISCONNECTED, reason: (unspecified), extra: (none), roaming: false, failover: false, isAvailable: true]
05-23 12:21:30.184  2599  5906 D ConnectivityService: returning getNetworkInfo for network type 1 : [type: WIFI[] - WIFI, state: CONNECTED/CONNECTED, reason: (unspecified), extra: "HuuugeQA", roaming: false, failover: false, isAvailable: true]
05-23 12:21:30.184  2599  3120 D ConnectivityService: returning getNetworkInfo for network type 0 : [type: MOBILE[] - MOBILE, state: DISCONNECTED/DISCONNECTED, reason: (unspecified), extra: (none), roaming: false, failover: false, isAvailable: true]
05-23 12:21:30.224  2599  3134 D ConnectivityService: returning getNetworkInfo for network type 1 : [type: WIFI[] - WIFI, state: CONNECTED/CONNECTED, reason: (unspecified), extra: "HuuugeQA", roaming: false, failover: false, isAvailable: true]
05-23 12:21:30.234  2599  3495 D ConnectivityService: returning getNetworkInfo for network type 0 : [type: MOBILE[] - MOBILE, state: DISCONNECTED/DISCONNECTED, reason: (unspecified), extra: (none), roaming: false, failover: false, isAvailable: true]
05-23 12:21:30.604  2599  2613 D ConnectivityService: returning getNetworkInfo for network type 1 : [type: WIFI[] - WIFI, state: CONNECTED/CONNECTED, reason: (unspecified), extra: "HuuugeQA", roaming: false, failover: false, isAvailable: true]
05-23 12:21:30.604  2599  5799 D ConnectivityService: returning getNetworkInfo for network type 0 : [type: MOBILE[] - MOBILE, state: DISCONNECTED/DISCONNECTED, reason: (unspecified), extra: (none), roaming: false, failover: false, isAvailable: true]
05-23 12:21:30.804  2599  5940 D ConnectivityService: returning getNetworkInfo for network type 1 : [type: WIFI[] - WIFI, state: CONNECTED/CONNECTED, reason: (unspecified), extra: "HuuugeQA", roaming: false, failover: false, isAvailable: true]
05-23 12:21:30.804  2599  3122 D ConnectivityService: returning getNetworkInfo for network type 0 : [type: MOBILE[] - MOBILE, state: DISCONNECTED/DISCONNECTED, reason: (unspecified), extra: (none), roaming: false, failover: false, isAvailable: true]
05-23 12:21:31.014  2599  3638 D ConnectivityService: returning getNetworkInfo for network type 1 : [type: WIFI[] - WIFI, state: CONNECTED/CONNECTED, reason: (unspecified), extra: "HuuugeQA", roaming: false, failover: false, isAvailable: true]
05-23 12:21:31.014  2599  3496 D ConnectivityService: returning getNetworkInfo for network type 0 : [type: MOBILE[] - MOBILE, state: DISCONNECTED/DISCONNECTED, reason: (unspecified), extra: (none), roaming: false, failover: false, isAvailable: true]
05-23 12:21:31.414  2599  2615 D ConnectivityService: returning getNetworkInfo for network type 1 : [type: WIFI[] - WIFI, state: CONNECTED/CONNECTED, reason: (unspecified), extra: "HuuugeQA", roaming: false, failover: false, isAvailable: true]
05-23 12:21:31.414  2599  3267 D ConnectivityService: returning getNetworkInfo for network type 0 : [type: MOBILE[] - MOBILE, state: DISCONNECTED/DISCONNECTED, reason: (unspecified), extra: (none), roaming: false, failover: false, isAvailable: true]
05-23 12:21:31.454  2599  3503 D ConnectivityService: returning getNetworkInfo for network type 1 : [type: WIFI[] - WIFI, state: CONNECTED/CONNECTED, reason: (unspecified), extra: "HuuugeQA", roaming: false, failover: false, isAvailable: true]
05-23 12:21:31.454  2599  5906 D ConnectivityService: returning getNetworkInfo for network type 0 : [type: MOBILE[] - MOBILE, state: DISCONNECTED/DISCONNECTED, reason: (unspecified), extra: (none), roaming: false, failover: false, isAvailable: true]
05-23 12:21:31.824  2599  3495 D ConnectivityService: returning getNetworkInfo for network type 1 : [type: WIFI[] - WIFI, state: CONNECTED/CONNECTED, reason: (unspecified), extra: "HuuugeQA", roaming: false, failover: false, isAvailable: true]
05-23 12:21:31.824  2599  2613 D ConnectivityService: returning getNetworkInfo for network type 0 : [type: MOBILE[] - MOBILE, state: DISCONNECTED/DISCONNECTED, reason: (unspecified), extra: (none), roaming: false, failover: false, isAvailable: true]
05-23 12:21:31.994  2599  3011 V NetworkStats: performPollLocked(flags=0x1)
05-23 12:21:32.024  2599  3011 V NetworkStats: performPollLocked() took 29ms
05-23 12:21:32.434  2599  5907 D ConnectivityService: returning getNetworkInfo for network type 1 : [type: WIFI[] - WIFI, state: CONNECTED/CONNECTED, reason: (unspecified), extra: "HuuugeQA", roaming: false, failover: false, isAvailable: true]
05-23 12:21:32.434  2599  3371 D ConnectivityService: returning getNetworkInfo for network type 0 : [type: MOBILE[] - MOBILE, state: DISCONNECTED/DISCONNECTED, reason: (unspecified), extra: (none), roaming: false, failover: false, isAvailable: true]
05-23 12:21:32.834  2599  3434 D ConnectivityService: returning getNetworkInfo for network type 1 : [type: WIFI[] - WIFI, state: CONNECTED/CONNECTED, reason: (unspecified), extra: "HuuugeQA", roaming: false, failover: false, isAvailable: true]
05-23 12:21:32.834  2599  3638 D ConnectivityService: returning getNetworkInfo for network type 0 : [type: MOBILE[] - MOBILE, state: DISCONNECTED/DISCONNECTED, reason: (unspecified), extra: (none), roaming: false, failover: false, isAvailable: true]
05-23 12:21:33.134  2599  3011 V NetworkStats: performPollLocked(flags=0x1)
05-23 12:21:33.164  2599  3011 V NetworkStats: performPollLocked() took 33ms
05-23 12:21:33.244  2599  3503 D ConnectivityService: returning getNetworkInfo for network type 1 : [type: WIFI[] - WIFI, state: CONNECTED/CONNECTED, reason: (unspecified), extra: "HuuugeQA", roaming: false, failover: false, isAvailable: true]
05-23 12:21:33.244  2599  5906 D ConnectivityService: returning getNetworkInfo for network type 0 : [type: MOBILE[] - MOBILE, state: DISCONNECTED/DISCONNECTED, reason: (unspecified), extra: (none), roaming: false, failover: false, isAvailable: true]
05-23 12:21:33.844  2599  3120 D ConnectivityService: returning getNetworkInfo for network type 1 : [type: WIFI[] - WIFI, state: CONNECTED/CONNECTED, reason: (unspecified), extra: "HuuugeQA", roaming: false, failover: false, isAvailable: true]
05-23 12:21:33.844  2599  3134 D ConnectivityService: returning getNetworkInfo for network type 0 : [type: MOBILE[] - MOBILE, state: DISCONNECTED/DISCONNECTED, reason: (unspecified), extra: (none), roaming: false, failover: false, isAvailable: true]
05-23 12:21:33.884  2599  3495 D ConnectivityService: returning getNetworkInfo for network type 1 : [type: WIFI[] - WIFI, state: CONNECTED/CONNECTED, reason: (unspecified), extra: "HuuugeQA", roaming: false, failover: false, isAvailable: true]
05-23 12:21:33.884  2599  2613 D ConnectivityService: returning getNetworkInfo for network type 0 : [type: MOBILE[] - MOBILE, state: DISCONNECTED/DISCONNECTED, reason: (unspecified), extra: (none), roaming: false, failover: false, isAvailable: true]
05-23 12:21:34.074  2599  3011 V NetworkStats: performPollLocked(flags=0x1)
05-23 12:21:34.104  2599  3011 V NetworkStats: performPollLocked() took 28ms
05-23 12:21:34.254  2599  5907 D ConnectivityService: returning getNetworkInfo for network type 1 : [type: WIFI[] - WIFI, state: CONNECTED/CONNECTED, reason: (unspecified), extra: "HuuugeQA", roaming: false, failover: false, isAvailable: true]
05-23 12:21:34.254  2599  3371 D ConnectivityService: returning getNetworkInfo for network type 0 : [type: MOBILE[] - MOBILE, state: DISCONNECTED/DISCONNECTED, reason: (unspecified), extra: (none), roaming: false, failover: false, isAvailable: true]
05-23 12:21:34.434  2599  3327 E Watchdog: !@Sync 5361 [05-23 12:21:34.442]
05-23 12:21:34.664  2599  3434 D ConnectivityService: returning getNetworkInfo for network type 1 : [type: WIFI[] - WIFI, state: CONNECTED/CONNECTED, reason: (unspecified), extra: "HuuugeQA", roaming: false, failover: false, isAvailable: true]
05-23 12:21:34.664  2599  3638 D ConnectivityService: returning getNetworkInfo for network type 0 : [type: MOBILE[] - MOBILE, state: DISCONNECTED/DISCONNECTED, reason: (unspecified), extra: (none), roaming: false, failover: false, isAvailable: true]
05-23 12:21:34.704  2599  3496 D ConnectivityService: returning getNetworkInfo for network type 1 : [type: WIFI[] - WIFI, state: CONNECTED/CONNECTED, reason: (unspecified), extra: "HuuugeQA", roaming: false, failover: false, isAvailable: true]
05-23 12:21:34.704  2599  2615 D ConnectivityService: returning getNetworkInfo for network type 0 : [type: MOBILE[] - MOBILE, state: DISCONNECTED/DISCONNECTED, reason: (unspecified), extra: (none), roaming: false, failover: false, isAvailable: true]
05-23 12:21:35.074  2599  3120 D ConnectivityService: returning getNetworkInfo for network type 1 : [type: WIFI[] - WIFI, state: CONNECTED/CONNECTED, reason: (unspecified), extra: "HuuugeQA", roaming: false, failover: false, isAvailable: true]
05-23 12:21:35.074  2599  3134 D ConnectivityService: returning getNetworkInfo for network type 0 : [type: MOBILE[] - MOBILE, state: DISCONNECTED/DISCONNECTED, reason: (unspecified), extra: (none), roaming: false, failover: false, isAvailable: true]
05-23 12:21:35.334  2599  3011 V NetworkStats: performPollLocked(flags=0x1)
05-23 12:21:35.374  2599  3011 V NetworkStats: performPollLocked() took 40ms
05-23 12:21:35.664  2599  3011 V NetworkStats: performPollLocked(flags=0x1)
05-23 12:21:35.694  2599  3011 V NetworkStats: performPollLocked() took 33ms
05-23 12:21:36.284  2599  5940 D ConnectivityService: returning getNetworkInfo for network type 1 : [type: WIFI[] - WIFI, state: CONNECTED/CONNECTED, reason: (unspecified), extra: "HuuugeQA", roaming: false, failover: false, isAvailable: true]
05-23 12:21:36.284  2599  3122 D ConnectivityService: returning getNetworkInfo for network type 0 : [type: MOBILE[] - MOBILE, state: DISCONNECTED/DISCONNECTED, reason: (unspecified), extra: (none), roaming: false, failover: false, isAvailable: true]
05-23 12:21:36.564  2599  3011 V NetworkStats: performPollLocked(flags=0x1)
05-23 12:21:36.594  2599  3011 V NetworkStats: performPollLocked() took 26ms
05-23 12:21:37.084  2599  2615 D ConnectivityService: returning getNetworkInfo for network type 1 : [type: WIFI[] - WIFI, state: CONNECTED/CONNECTED, reason: (unspecified), extra: "HuuugeQA", roaming: false, failover: false, isAvailable: true]
05-23 12:21:37.084  2599  3267 D ConnectivityService: returning getNetworkInfo for network type 0 : [type: MOBILE[] - MOBILE, state: DISCONNECTED/DISCONNECTED, reason: (unspecified), extra: (none), roaming: false, failover: false, isAvailable: true]
05-23 12:21:37.114  2599  3503 D ConnectivityService: returning getNetworkInfo for network type 1 : [type: WIFI[] - WIFI, state: CONNECTED/CONNECTED, reason: (unspecified), extra: "HuuugeQA", roaming: false, failover: false, isAvailable: true]
05-23 12:21:37.114  2599  5906 D ConnectivityService: returning getNetworkInfo for network type 0 : [type: MOBILE[] - MOBILE, state: DISCONNECTED/DISCONNECTED, reason: (unspecified), extra: (none), roaming: false, failover: false, isAvailable: true]
05-23 12:21:37.274  2599  3120 D BatteryService: !@BatteryListener : batteryPropertiesChanged!
05-23 12:21:37.274  2599  3120 D BatteryService: level:100, scale:100, status:5, health:2, present:true, voltage: 4289, temperature: 376, technology: Li-ion, AC powered:false, USB powered:true, POGO powered:false, Wireless powered:false, icon:17303500, invalid charger:0, maxChargingCurrent:0
05-23 12:21:37.274  2599  3120 D BatteryService: online:6, current avg:-87, charge type:0, power sharing:false, high voltage charger:false, capacity:280000, batterySWSelfDischarging:false, current_now:-195
05-23 12:21:37.274  2599  2599 D BatteryService: Sending ACTION_BATTERY_CHANGED.
05-23 12:21:37.274  2599  2599 I MotionRecognitionService: Plugged
05-23 12:21:37.274  2599  2599 D MotionRecognitionService:   cableConnection= 1
05-23 12:21:37.274  2599  2599 D MotionRecognitionService: setPowerConnected | current backoff  = 1024 , state =1024
05-23 12:21:37.274  2599  2599 D MotionRecognitionService: skip setTransmitPower. 
05-23 12:21:37.274  2599  2599 D GameManagerService: new battery level: 100
05-23 12:21:37.284  3091  3091 D PowerUI : priorPlugType = 2 mPlugType =  2
05-23 12:21:37.304  3091  3091 D BatteryMeterView: ACTION_BATTERY_CHANGED : level:100 status:5 health:2
05-23 12:21:37.304  3091  3091 D BatteryMeterView: ACTION_BATTERY_CHANGED : level:100 status:5 health:2
05-23 12:21:37.334  2599  3011 V NetworkStats: performPollLocked(flags=0x1)
05-23 12:21:37.424  2599  3011 V NetworkStats: performPollLocked() took 88ms
05-23 12:21:37.494  2599  5799 D ConnectivityService: returning getNetworkInfo for network type 1 : [type: WIFI[] - WIFI, state: CONNECTED/CONNECTED, reason: (unspecified), extra: "HuuugeQA", roaming: false, failover: false, isAvailable: true]
05-23 12:21:37.494  2599  5940 D ConnectivityService: returning getNetworkInfo for network type 0 : [type: MOBILE[] - MOBILE, state: DISCONNECTED/DISCONNECTED, reason: (unspecified), extra: (none), roaming: false, failover: false, isAvailable: true]
05-23 12:21:38.004  2599  3011 V NetworkStats: performPollLocked(flags=0x1)
05-23 12:21:38.034  2599  3011 V NetworkStats: performPollLocked() took 34ms
05-23 12:21:38.134  2599  5298 D SSRM:w  : SIOP:: AP = 580, PST = 538 (W:10), CUR = -142, LCD = 32
05-23 12:21:38.134  2599  5298 D ConnectivityService: returning getNetworkInfo for network type 1 : [type: WIFI[] - WIFI, state: CONNECTED/CONNECTED, reason: (unspecified), extra: "HuuugeQA", roaming: false, failover: false, isAvailable: true]
05-23 12:21:38.424  2599  3011 V NetworkStats: performPollLocked(flags=0x1)
05-23 12:21:38.464  2599  3011 V NetworkStats: performPollLocked() took 35ms
05-23 12:21:38.694  2599  3434 D ConnectivityService: returning getNetworkInfo for network type 1 : [type: WIFI[] - WIFI, state: CONNECTED/CONNECTED, reason: (unspecified), extra: "HuuugeQA", roaming: false, failover: false, isAvailable: true]
05-23 12:21:38.694  2599  3638 D ConnectivityService: returning getNetworkInfo for network type 0 : [type: MOBILE[] - MOBILE, state: DISCONNECTED/DISCONNECTED, reason: (unspecified), extra: (none), roaming: false, failover: false, isAvailable: true]
05-23 12:21:38.724  2599  3496 D ConnectivityService: returning getNetworkInfo for network type 1 : [type: WIFI[] - WIFI, state: CONNECTED/CONNECTED, reason: (unspecified), extra: "HuuugeQA", roaming: false, failover: false, isAvailable: true]
05-23 12:21:38.724  2599  2615 D ConnectivityService: returning getNetworkInfo for network type 0 : [type: MOBILE[] - MOBILE, state: DISCONNECTED/DISCONNECTED, reason: (unspecified), extra: (none), roaming: false, failover: false, isAvailable: true]
05-23 12:21:39.254  2599  3011 V NetworkStats: performPollLocked(flags=0x1)
05-23 12:21:39.284  2599  3011 V NetworkStats: performPollLocked() took 31ms
05-23 12:21:39.504  2599  3120 D ConnectivityService: returning getNetworkInfo for network type 1 : [type: WIFI[] - WIFI, state: CONNECTED/CONNECTED, reason: (unspecified), extra: "HuuugeQA", roaming: false, failover: false, isAvailable: true]
05-23 12:21:39.504  2599  3134 D ConnectivityService: returning getNetworkInfo for network type 0 : [type: MOBILE[] - MOBILE, state: DISCONNECTED/DISCONNECTED, reason: (unspecified), extra: (none), roaming: false, failover: false, isAvailable: true]
05-23 12:21:40.724  2599  3011 V NetworkStats: performPollLocked(flags=0x1)
05-23 12:21:40.754  2599  3011 V NetworkStats: performPollLocked() took 30ms
05-23 12:21:41.314  2599  3371 D ConnectivityService: returning getNetworkInfo for network type 1 : [type: WIFI[] - WIFI, state: CONNECTED/CONNECTED, reason: (unspecified), extra: "HuuugeQA", roaming: false, failover: false, isAvailable: true]
05-23 12:21:41.314  2599  3434 D ConnectivityService: returning getNetworkInfo for network type 0 : [type: MOBILE[] - MOBILE, state: DISCONNECTED/DISCONNECTED, reason: (unspecified), extra: (none), roaming: false, failover: false, isAvailable: true]
05-23 12:21:41.554  2599  3011 V NetworkStats: performPollLocked(flags=0x1)
05-23 12:21:41.584  2599  3011 V NetworkStats: performPollLocked() took 33ms
05-23 12:21:42.114  2599  3011 V NetworkStats: performPollLocked(flags=0x1)
05-23 12:21:42.144  2599  3011 V NetworkStats: performPollLocked() took 31ms
05-23 12:21:42.324  2599  5906 D ConnectivityService: returning getNetworkInfo for network type 1 : [type: WIFI[] - WIFI, state: CONNECTED/CONNECTED, reason: (unspecified), extra: "HuuugeQA", roaming: false, failover: false, isAvailable: true]
05-23 12:21:42.324  2599  3120 D ConnectivityService: returning getNetworkInfo for network type 0 : [type: MOBILE[] - MOBILE, state: DISCONNECTED/DISCONNECTED, reason: (unspecified), extra: (none), roaming: false, failover: false, isAvailable: true]
05-23 12:21:42.764  2599  3011 V NetworkStats: performPollLocked(flags=0x1)
05-23 12:21:42.794  2599  3011 V NetworkStats: performPollLocked() took 33ms
05-23 12:21:43.124  2599  5799 D ConnectivityService: returning getNetworkInfo for network type 1 : [type: WIFI[] - WIFI, state: CONNECTED/CONNECTED, reason: (unspecified), extra: "HuuugeQA", roaming: false, failover: false, isAvailable: true]
05-23 12:21:43.124  2599  5940 D ConnectivityService: returning getNetworkInfo for network type 0 : [type: MOBILE[] - MOBILE, state: DISCONNECTED/DISCONNECTED, reason: (unspecified), extra: (none), roaming: false, failover: false, isAvailable: true]
05-23 12:21:43.174  2599  3122 D ConnectivityService: returning getNetworkInfo for network type 1 : [type: WIFI[] - WIFI, state: CONNECTED/CONNECTED, reason: (unspecified), extra: "HuuugeQA", roaming: false, failover: false, isAvailable: true]
05-23 12:21:43.174  2599  5907 D ConnectivityService: returning getNetworkInfo for network type 0 : [type: MOBILE[] - MOBILE, state: DISCONNECTED/DISCONNECTED, reason: (unspecified), extra: (none), roaming: false, failover: false, isAvailable: true]
05-23 12:21:43.444  2599  3011 V NetworkStats: performPollLocked(flags=0x1)
05-23 12:21:43.474  2599  3011 V NetworkStats: performPollLocked() took 27ms
05-23 12:21:43.734  2599  3434 D ConnectivityService: returning getNetworkInfo for network type 1 : [type: WIFI[] - WIFI, state: CONNECTED/CONNECTED, reason: (unspecified), extra: "HuuugeQA", roaming: false, failover: false, isAvailable: true]
05-23 12:21:43.734  2599  3638 D ConnectivityService: returning getNetworkInfo for network type 0 : [type: MOBILE[] - MOBILE, state: DISCONNECTED/DISCONNECTED, reason: (unspecified), extra: (none), roaming: false, failover: false, isAvailable: true]
05-23 12:21:43.764  2599  3496 D ConnectivityService: returning getNetworkInfo for network type 1 : [type: WIFI[] - WIFI, state: CONNECTED/CONNECTED, reason: (unspecified), extra: "HuuugeQA", roaming: false, failover: false, isAvailable: true]
05-23 12:21:43.764  2599  2615 D ConnectivityService: returning getNetworkInfo for network type 0 : [type: MOBILE[] - MOBILE, state: DISCONNECTED/DISCONNECTED, reason: (unspecified), extra: (none), roaming: false, failover: false, isAvailable: true]
05-23 12:21:44.144  2599  3134 D ConnectivityService: returning getNetworkInfo for network type 1 : [type: WIFI[] - WIFI, state: CONNECTED/CONNECTED, reason: (unspecified), extra: "HuuugeQA", roaming: false, failover: false, isAvailable: true]
05-23 12:21:44.144  2599  3495 D ConnectivityService: returning getNetworkInfo for network type 0 : [type: MOBILE[] - MOBILE, state: DISCONNECTED/DISCONNECTED, reason: (unspecified), extra: (none), roaming: false, failover: false, isAvailable: true]
05-23 12:21:44.544  2599  2613 D ConnectivityService: returning getNetworkInfo for network type 1 : [type: WIFI[] - WIFI, state: CONNECTED/CONNECTED, reason: (unspecified), extra: "HuuugeQA", roaming: false, failover: false, isAvailable: true]
05-23 12:21:44.544  2599  5799 D ConnectivityService: returning getNetworkInfo for network type 0 : [type: MOBILE[] - MOBILE, state: DISCONNECTED/DISCONNECTED, reason: (unspecified), extra: (none), roaming: false, failover: false, isAvailable: true]
05-23 12:21:44.774  2599  3011 V NetworkStats: performPollLocked(flags=0x1)
05-23 12:21:44.814  2599  3011 V NetworkStats: performPollLocked() took 40ms
05-23 12:21:45.134  2599  3011 V NetworkStats: performPollLocked(flags=0x1)
05-23 12:21:45.164  2599  3011 V NetworkStats: performPollLocked() took 34ms
05-23 12:21:45.344  2599  3371 D ConnectivityService: returning getNetworkInfo for network type 1 : [type: WIFI[] - WIFI, state: CONNECTED/CONNECTED, reason: (unspecified), extra: "HuuugeQA", roaming: false, failover: false, isAvailable: true]
05-23 12:21:45.344  2599  3434 D ConnectivityService: returning getNetworkInfo for network type 0 : [type: MOBILE[] - MOBILE, state: DISCONNECTED/DISCONNECTED, reason: (unspecified), extra: (none), roaming: false, failover: false, isAvailable: true]
05-23 12:21:45.404  2599  3638 D ConnectivityService: returning getNetworkInfo for network type 1 : [type: WIFI[] - WIFI, state: CONNECTED/CONNECTED, reason: (unspecified), extra: "HuuugeQA", roaming: false, failover: false, isAvailable: true]
05-23 12:21:45.404  2599  3496 D ConnectivityService: returning getNetworkInfo for network type 0 : [type: MOBILE[] - MOBILE, state: DISCONNECTED/DISCONNECTED, reason: (unspecified), extra: (none), roaming: false, failover: false, isAvailable: true]
05-23 12:21:45.924  2599  3011 V NetworkStats: performPollLocked(flags=0x1)
05-23 12:21:45.954  2599  3011 V NetworkStats: performPollLocked() took 36ms
05-23 12:21:46.154  2599  3120 D ConnectivityService: returning getNetworkInfo for network type 1 : [type: WIFI[] - WIFI, state: CONNECTED/CONNECTED, reason: (unspecified), extra: "HuuugeQA", roaming: false, failover: false, isAvailable: true]
05-23 12:21:46.154  2599  3134 D ConnectivityService: returning getNetworkInfo for network type 0 : [type: MOBILE[] - MOBILE, state: DISCONNECTED/DISCONNECTED, reason: (unspecified), extra: (none), roaming: false, failover: false, isAvailable: true]
05-23 12:21:46.614  2599  3011 V NetworkStats: performPollLocked(flags=0x1)
05-23 12:21:46.634  2599  3011 V NetworkStats: performPollLocked() took 25ms
05-23 12:21:46.954  2599  5907 D ConnectivityService: returning getNetworkInfo for network type 1 : [type: WIFI[] - WIFI, state: CONNECTED/CONNECTED, reason: (unspecified), extra: "HuuugeQA", roaming: false, failover: false, isAvailable: true]
05-23 12:21:46.964  2599  3371 D ConnectivityService: returning getNetworkInfo for network type 0 : [type: MOBILE[] - MOBILE, state: DISCONNECTED/DISCONNECTED, reason: (unspecified), extra: (none), roaming: false, failover: false, isAvailable: true]
05-23 12:21:46.994  2599  3434 D ConnectivityService: returning getNetworkInfo for network type 1 : [type: WIFI[] - WIFI, state: CONNECTED/CONNECTED, reason: (unspecified), extra: "HuuugeQA", roaming: false, failover: false, isAvailable: true]
05-23 12:21:47.004  2599  3638 D ConnectivityService: returning getNetworkInfo for network type 0 : [type: MOBILE[] - MOBILE, state: DISCONNECTED/DISCONNECTED, reason: (unspecified), extra: (none), roaming: false, failover: false, isAvailable: true]
05-23 12:21:47.424 29266 29266 D ResourcesManager: For user 0 new overlays fetched Null
05-23 12:21:47.614  2599  2613 W ContextImpl: Calling a method in the system process without a qualified user: android.app.ContextImpl.sendBroadcast:858 com.android.server.am.ActivityManagerService.requestKnoxVpnToSendProxyBroadcast:30665 com.android.server.am.ActivityManagerService.registerReceiver:23315 android.app.ActivityManagerNative.onTransact:435 com.android.server.am.ActivityManagerService.onTransact:4232 
05-23 12:21:47.674  2599  2613 D ConnectivityService: listenForNetwork for Listen from uid/pid:10786/29266 for NetworkRequest [ id=1314, legacyType=-1, [ Capabilities: INTERNET&NOT_RESTRICTED&TRUSTED] ]
05-23 12:21:47.674  2599  3022 D ConnectivityService: rematching NetworkAgentInfo [WIFI () - 502]
05-23 12:21:47.674  2599  3022 D ConnectivityService:  network has: NetworkAgentInfo{ ni{[type: WIFI[] - WIFI, state: CONNECTED/CONNECTED, reason: (unspecified), extra: "HuuugeQA", roaming: false, failover: false, isAvailable: true]}  network{502}  lp{{InterfaceName: wlan0 LinkAddresses: [fe80::ee10:7bff:fe27:8a6b/64,192.168.65.153/24,]  Routes: [fe80::/64 -> :: wlan0,192.168.65.0/24 -> 0.0.0.0 wlan0,0.0.0.0/0 -> 192.168.65.254 wlan0,] DnsAddresses: [192.168.65.254,8.8.8.8,] Domains: huuuge.in MTU: 0 TcpBufferSizes: 524288,1048576,1048576,524288,1048576,4525824}}  nc{[ Transports: WIFI Capabilities: INTERNET&NOT_RESTRICTED&TRUSTED&NOT_VPN&VALIDATED LinkUpBandwidth>=1048576Kbps LinkDnBandwidth>=1048576Kbps SignalStrength: -52]}  Score{60}  everValidated{true}  lastValidated{true}  created{true} lingering{false} explicitlySelected{false} acceptUnvalidated{false} everCaptivePortalDetected{false} lastCaptivePortalDetected{false} }
05-23 12:21:47.674  2599  3022 D ConnectivityService: Network NetworkAgentInfo [WIFI () - 502] was already satisfying request 1. No change.
05-23 12:21:47.674  2599  3022 D ConnectivityService:   checking if request is: NetworkRequest [ id=76, legacyType=-1, [ Capabilities: INTERNET&NOT_RESTRICTED&TRUSTED] ] satisfies: true nri.isRequest: false
05-23 12:21:47.674  2599  3022 D ConnectivityService:   checking if request is: NetworkRequest [ id=1314, legacyType=-1, [ Capabilities: INTERNET&NOT_RESTRICTED&TRUSTED] ] satisfies: true nri.isRequest: false
05-23 12:21:47.674  2599  3022 D ConnectivityService:   checking if request is: NetworkRequest [ id=9, legacyType=-1, [ Capabilities: INTERNET&NOT_RESTRICTED&TRUSTED&NOT_VPN] ] satisfies: true nri.isRequest: false
05-23 12:21:47.674  2599  3022 D ConnectivityService:   checking if request is: NetworkRequest [ id=5, legacyType=-1, [] ] satisfies: true nri.isRequest: false
05-23 12:21:47.674  2599  3022 D ConnectivityService:   checking if request is: NetworkRequest [ id=4, legacyType=-1, [ Transports: WIFI Capabilities: INTERNET&NOT_RESTRICTED&TRUSTED&NOT_VPN] ] satisfies: true nri.isRequest: false
05-23 12:21:47.674  2599  3022 D ConnectivityService:   checking if request is: NetworkRequest [ id=3, legacyType=-1, [ Transports: CELLULAR Capabilities: INTERNET&NOT_RESTRICTED&TRUSTED&NOT_VPN] ] satisfies: false nri.isRequest: false
05-23 12:21:47.674  2599  3022 D ConnectivityService:   checking if request is: NetworkRequest [ id=1204, legacyType=-1, [ Capabilities: INTERNET&NOT_RESTRICTED&TRUSTED] ] satisfies: true nri.isRequest: false
05-23 12:21:47.674  2599  3022 D ConnectivityService: sending notification AVAILABLE for NetworkRequest [ id=1314, legacyType=-1, [ Capabilities: INTERNET&NOT_RESTRICTED&TRUSTED] ]
05-23 12:21:47.714  2599  3434 D ConnectivityService: listenForNetwork for Listen from uid/pid:10786/29266 for NetworkRequest [ id=1315, legacyType=-1, [ Capabilities: INTERNET&NOT_RESTRICTED&TRUSTED] ]
05-23 12:21:47.714  2599  3022 D ConnectivityService: rematching NetworkAgentInfo [WIFI () - 502]
05-23 12:21:47.714  2599  3022 D ConnectivityService:  network has: NetworkAgentInfo{ ni{[type: WIFI[] - WIFI, state: CONNECTED/CONNECTED, reason: (unspecified), extra: "HuuugeQA", roaming: false, failover: false, isAvailable: true]}  network{502}  lp{{InterfaceName: wlan0 LinkAddresses: [fe80::ee10:7bff:fe27:8a6b/64,192.168.65.153/24,]  Routes: [fe80::/64 -> :: wlan0,192.168.65.0/24 -> 0.0.0.0 wlan0,0.0.0.0/0 -> 192.168.65.254 wlan0,] DnsAddresses: [192.168.65.254,8.8.8.8,] Domains: huuuge.in MTU: 0 TcpBufferSizes: 524288,1048576,1048576,524288,1048576,4525824}}  nc{[ Transports: WIFI Capabilities: INTERNET&NOT_RESTRICTED&TRUSTED&NOT_VPN&VALIDATED LinkUpBandwidth>=1048576Kbps LinkDnBandwidth>=1048576Kbps SignalStrength: -52]}  Score{60}  everValidated{true}  lastValidated{true}  created{true} lingering{false} explicitlySelected{false} acceptUnvalidated{false} everCaptivePortalDetected{false} lastCaptivePortalDetected{false} }
05-23 12:21:47.714  2599  3022 D ConnectivityService: Network NetworkAgentInfo [WIFI () - 502] was already satisfying request 1. No change.
05-23 12:21:47.714  2599  3022 D ConnectivityService:   checking if request is: NetworkRequest [ id=76, legacyType=-1, [ Capabilities: INTERNET&NOT_RESTRICTED&TRUSTED] ] satisfies: true nri.isRequest: false
05-23 12:21:47.714  2599  3022 D ConnectivityService:   checking if request is: NetworkRequest [ id=1314, legacyType=-1, [ Capabilities: INTERNET&NOT_RESTRICTED&TRUSTED] ] satisfies: true nri.isRequest: false
05-23 12:21:47.714  2599  3022 D ConnectivityService:   checking if request is: NetworkRequest [ id=9, legacyType=-1, [ Capabilities: INTERNET&NOT_RESTRICTED&TRUSTED&NOT_VPN] ] satisfies: true nri.isRequest: false
05-23 12:21:47.714  2599  3022 D ConnectivityService:   checking if request is: NetworkRequest [ id=5, legacyType=-1, [] ] satisfies: true nri.isRequest: false
05-23 12:21:47.714  2599  3022 D ConnectivityService:   checking if request is: NetworkRequest [ id=4, legacyType=-1, [ Transports: WIFI Capabilities: INTERNET&NOT_RESTRICTED&TRUSTED&NOT_VPN] ] satisfies: true nri.isRequest: false
05-23 12:21:47.714  2599  3022 D ConnectivityService:   checking if request is: NetworkRequest [ id=3, legacyType=-1, [ Transports: CELLULAR Capabilities: INTERNET&NOT_RESTRICTED&TRUSTED&NOT_VPN] ] satisfies: false nri.isRequest: false
05-23 12:21:47.714  2599  3022 D ConnectivityService:   checking if request is: NetworkRequest [ id=1315, legacyType=-1, [ Capabilities: INTERNET&NOT_RESTRICTED&TRUSTED] ] satisfies: true nri.isRequest: false
05-23 12:21:47.714  2599  3022 D ConnectivityService:   checking if request is: NetworkRequest [ id=1204, legacyType=-1, [ Capabilities: INTERNET&NOT_RESTRICTED&TRUSTED] ] satisfies: true nri.isRequest: false
05-23 12:21:47.714  2599  3022 D ConnectivityService: sending notification AVAILABLE for NetworkRequest [ id=1315, legacyType=-1, [ Capabilities: INTERNET&NOT_RESTRICTED&TRUSTED] ]
05-23 12:21:47.764  2599  2613 D ConnectivityService: returning getNetworkInfo for network type 1 : [type: WIFI[] - WIFI, state: CONNECTED/CONNECTED, reason: (unspecified), extra: "HuuugeQA", roaming: false, failover: false, isAvailable: true]
05-23 12:21:47.764  2599  3503 D ConnectivityService: returning getNetworkInfo for network type 0 : [type: MOBILE[] - MOBILE, state: DISCONNECTED/DISCONNECTED, reason: (unspecified), extra: (none), roaming: false, failover: false, isAvailable: true]
05-23 12:21:48.184  2599  5298 D SSRM:w  : SIOP:: AP = 560, PST = 541 (W:14), CUR = -121, LCD = 32
05-23 12:21:48.184  2599  5298 D ConnectivityService: returning getNetworkInfo for network type 1 : [type: WIFI[] - WIFI, state: CONNECTED/CONNECTED, reason: (unspecified), extra: "HuuugeQA", roaming: false, failover: false, isAvailable: true]
05-23 12:21:49.714  2599  2615 D AudioService: getStreamVolume 3 index 0
05-23 12:21:50.284  2599  5906 D AudioService: getStreamVolume 3 index 0
05-23 12:21:51.014  2599  3371 D ConnectivityService: returning getNetworkInfo for network type 1 : [type: WIFI[] - WIFI, state: CONNECTED/CONNECTED, reason: (unspecified), extra: "HuuugeQA", roaming: false, failover: false, isAvailable: true]
05-23 12:21:51.024  2599  3638 D ConnectivityService: returning getNetworkInfo for network type 0 : [type: MOBILE[] - MOBILE, state: DISCONNECTED/DISCONNECTED, reason: (unspecified), extra: (none), roaming: false, failover: false, isAvailable: true]
05-23 12:21:51.074  2599  2613 D ConnectivityService: returning getNetworkInfo for network type 1 : [type: WIFI[] - WIFI, state: CONNECTED/CONNECTED, reason: (unspecified), extra: "HuuugeQA", roaming: false, failover: false, isAvailable: true]
05-23 12:21:51.074  2599  3503 D ConnectivityService: returning getNetworkInfo for network type 0 : [type: MOBILE[] - MOBILE, state: DISCONNECTED/DISCONNECTED, reason: (unspecified), extra: (none), roaming: false, failover: false, isAvailable: true]
05-23 12:21:51.094  2599  3011 V NetworkStats: performPollLocked(flags=0x1)
05-23 12:21:51.134  2599  3011 V NetworkStats: performPollLocked() took 41ms
05-23 12:21:51.234  2599  3134 D ConnectivityService: returning getNetworkInfo for network type 1 : [type: WIFI[] - WIFI, state: CONNECTED/CONNECTED, reason: (unspecified), extra: "HuuugeQA", roaming: false, failover: false, isAvailable: true]
05-23 12:21:51.244  2599  5799 D ConnectivityService: returning getNetworkInfo for network type 0 : [type: MOBILE[] - MOBILE, state: DISCONNECTED/DISCONNECTED, reason: (unspecified), extra: (none), roaming: false, failover: false, isAvailable: true]
05-23 12:21:51.424  2599  3011 V NetworkStats: performPollLocked(flags=0x1)
05-23 12:21:51.444  2599  3120 D ConnectivityService: returning getNetworkInfo for network type 1 : [type: WIFI[] - WIFI, state: CONNECTED/CONNECTED, reason: (unspecified), extra: "HuuugeQA", roaming: false, failover: false, isAvailable: true]
05-23 12:21:51.444  2599  5907 D ConnectivityService: returning getNetworkInfo for network type 0 : [type: MOBILE[] - MOBILE, state: DISCONNECTED/DISCONNECTED, reason: (unspecified), extra: (none), roaming: false, failover: false, isAvailable: true]
05-23 12:21:51.464  2599  3011 V NetworkStats: performPollLocked() took 43ms
05-23 12:21:51.654  2599  3503 D ConnectivityService: returning getNetworkInfo for network type 1 : [type: WIFI[] - WIFI, state: CONNECTED/CONNECTED, reason: (unspecified), extra: "HuuugeQA", roaming: false, failover: false, isAvailable: true]
05-23 12:21:51.654  2599  3134 D ConnectivityService: returning getNetworkInfo for network type 0 : [type: MOBILE[] - MOBILE, state: DISCONNECTED/DISCONNECTED, reason: (unspecified), extra: (none), roaming: false, failover: false, isAvailable: true]
05-23 12:21:51.874  2599  3011 V NetworkStats: performPollLocked(flags=0x1)
05-23 12:21:51.904  2599  3011 V NetworkStats: performPollLocked() took 30ms
05-23 12:21:52.304  2599  3011 V NetworkStats: performPollLocked(flags=0x1)
05-23 12:21:52.344  2599  3011 V NetworkStats: performPollLocked() took 36ms
05-23 12:21:52.394  2599  3022 D ConnectivityService: releasing NetworkRequest NetworkRequest [ id=1314, legacyType=-1, [ Capabilities: INTERNET&NOT_RESTRICTED&TRUSTED] ]
05-23 12:21:52.394  2599  3022 D ConnectivityService: sending notification RELEASED for NetworkRequest [ id=1314, legacyType=-1, [ Capabilities: INTERNET&NOT_RESTRICTED&TRUSTED] ]
05-23 12:21:52.484  2599  5799 D ConnectivityService: returning getNetworkInfo for network type 1 : [type: WIFI[] - WIFI, state: CONNECTED/CONNECTED, reason: (unspecified), extra: "HuuugeQA", roaming: false, failover: false, isAvailable: true]
05-23 12:21:52.484  2599  5940 D ConnectivityService: returning getNetworkInfo for network type 0 : [type: MOBILE[] - MOBILE, state: DISCONNECTED/DISCONNECTED, reason: (unspecified), extra: (none), roaming: false, failover: false, isAvailable: true]
05-23 12:21:52.534  2599  3120 D ConnectivityService: returning getNetworkInfo for network type 1 : [type: WIFI[] - WIFI, state: CONNECTED/CONNECTED, reason: (unspecified), extra: "HuuugeQA", roaming: false, failover: false, isAvailable: true]
05-23 12:21:52.534  2599  3122 D ConnectivityService: returning getNetworkInfo for network type 0 : [type: MOBILE[] - MOBILE, state: DISCONNECTED/DISCONNECTED, reason: (unspecified), extra: (none), roaming: false, failover: false, isAvailable: true]
05-23 12:21:52.754  2599  3011 V NetworkStats: performPollLocked(flags=0x1)
05-23 12:21:52.784  2599  3011 V NetworkStats: performPollLocked() took 32ms
05-23 12:21:52.894  2599  5906 D ConnectivityService: returning getNetworkInfo for network type 1 : [type: WIFI[] - WIFI, state: CONNECTED/CONNECTED, reason: (unspecified), extra: "HuuugeQA", roaming: false, failover: false, isAvailable: true]
05-23 12:21:52.894  2599  3267 D ConnectivityService: returning getNetworkInfo for network type 0 : [type: MOBILE[] - MOBILE, state: DISCONNECTED/DISCONNECTED, reason: (unspecified), extra: (none), roaming: false, failover: false, isAvailable: true]
05-23 12:21:53.344  2599  3011 V NetworkStats: performPollLocked(flags=0x1)
05-23 12:21:53.384  2599  3011 V NetworkStats: performPollLocked() took 34ms
05-23 12:21:53.704  2599  3503 D ConnectivityService: returning getNetworkInfo for network type 1 : [type: WIFI[] - WIFI, state: CONNECTED/CONNECTED, reason: (unspecified), extra: "HuuugeQA", roaming: false, failover: false, isAvailable: true]
