04-23 10:13:04.619 10838 11035 I Claw    : [0m[      20.278] [30;1mjni/../jni/src/claw/graphics/surface/SurfaceHW.cpp:883: Surface  xy: 4, uv: 4, tri: 2
04-23 10:13:04.619 10838 11035 I Claw    : [0m[      20.279] [30;1mjni/../jni/src/claw/graphics/surface/SurfaceHW.cpp:883: Surface  xy: 4, uv: 4, tri: 2
04-23 10:13:04.619 10838 11035 I Claw    : [0m[      20.279] [30;1mjni/../jni/src/claw/graphics/surface/SurfaceHW.cpp:883: Surface  xy: 4, uv: 4, tri: 2
04-23 10:13:04.619 10838 11035 I Claw    : [0m[      20.279] [30;1mjni/../jni/src/claw/graphics/surface/SurfaceHW.cpp:883: Surface  xy: 4, uv: 4, tri: 2
04-23 10:13:04.619 10838 11035 I Claw    : [0m[      20.279] [30;1mjni/../jni/src/claw/graphics/surface/SurfaceHW.cpp:883: Surface  xy: 4, uv: 4, tri: 2
04-23 10:13:04.619 10838 11035 I Claw    : [0m[       20.28] [30;1mjni/../jni/src/claw/graphics/surface/SurfaceHW.cpp:883: Surface  xy: 4, uv: 4, tri: 2
04-23 10:13:04.619 10838 11035 I Claw    : [0m[       20.28] [30;1mjni/../jni/src/claw/graphics/surface/SurfaceHW.cpp:883: Surface  xy: 4, uv: 4, tri: 2
04-23 10:13:04.619 10838 11035 I Claw    : [0m[      20.282] [35;1mATLAS /home/jenkins/workspace/huuuge-stars/client-dev/hs-android/src/casino/AtlasManager.cpp:617: Atlas manager loading atlas: atlas3 (atlas3)
04-23 10:13:04.619 10838 11035 I Claw    : [0m[      20.282] /home/jenkins/workspace/huuuge-stars/client-dev/hs-android/src/casino/DownloadManager.cpp:177: Preempting download of atlas_promo_1_etc2.pak
04-23 10:13:04.619 10838 11035 I Claw    : [0m[      20.283] [35;1mATLAS /home/jenkins/workspace/huuuge-stars/client-dev/hs-android/src/casino/AtlasManager.cpp:631: Atlas manager waiting for pak: atlas3_2_etc2.pak
04-23 10:13:04.619 10838 11035 I Claw    : [0m[      20.283] [35;1mATLAS /home/jenkins/workspace/huuuge-stars/client-dev/hs-android/src/casino/AtlasManager.cpp:637: Atlas manager pak ready: atlas3_2_etc2.pak
04-23 10:13:04.619 10838 11035 I Claw    : [0m[      20.283] [30;1mjni/../jni/src/claw/vfs/Vfs.cpp:172: Opened file: /atlases/atlas3.etc2+.mip/Ameta
04-23 10:13:04.629 10838 11035 I Claw    : [0m[       20.29] [35;1mATLAS /home/jenkins/workspace/huuuge-stars/client-dev/hs-android/src/casino/AtlasManager.cpp:686: Atlas manager adding atlas: atlas3 (atlases/atlas3.xml@linear,mipmap-linear)
04-23 10:13:04.629 10838 11035 I Claw    : [0m[      20.291] [30;1mjni/../jni/src/claw/vfs/Vfs.cpp:172: Opened file: /atlases/atlas3.etc2+.mip/Ameta
04-23 10:13:04.629 10838 11035 I Claw    : [0m[      20.291] [30;1mjni/../jni/src/claw/service/StreamingManager.cpp:563: mip 12  w 1  h 1 (1)
04-23 10:13:04.629 10838 11035 I Claw    : [0m[      20.291] [30;1mjni/../jni/src/claw/vfs/Vfs.cpp:172: Opened file: /atlases/atlas3.etc2+.mip/C12
04-23 10:13:04.629 10838 11035 I Claw    : [0m[      20.292] [30;1mjni/../jni/src/claw/vfs/Vfs.cpp:172: Opened file: /atlases/atlas3.etc2+.mip/A12
04-23 10:13:04.639 10838 11037 I Claw    : [0m[      20.297] [30;1mjni/../jni/src/claw/service/StreamingManager.cpp:563: mip 1  w 2048  h 2048 (8388608)
04-23 10:13:04.639 10838 11060 I Claw    : [0m[      20.297] [30;1mjni/../jni/src/claw/vfs/android/AndroidSaveFile.cpp:42: Open existing save assetcache/atlas_promo_1_etc2.pak.meta
04-23 10:13:04.639 10838 11035 I Claw    : [0m[      20.297] [30;1mjni/../jni/src/claw/service/StreamingManager.cpp:563: mip 11  w 2  h 2 (8)
04-23 10:13:04.639 10838 11037 I Claw    : [0m[      20.297] [30;1mjni/../jni/src/claw/vfs/Vfs.cpp:172: Opened file: /atlases/atlas2.etc2+.mip/C1
04-23 10:13:04.639 10838 11035 I Claw    : [0m[      20.297] [30;1mjni/../jni/src/claw/vfs/Vfs.cpp:172: Opened file: /atlases/atlas3.etc2+.mip/C11
04-23 10:13:04.639 10838 11060 I Claw    : [0m[      20.298] [30;1mjni/../jni/src/claw/vfs/Vfs.cpp:172: Opened file: /assetcache/atlas_promo_1_etc2.pak.meta
04-23 10:13:04.639 10838 11060 I Claw    : [0m[      20.298] /home/jenkins/workspace/huuuge-stars/client-dev/hs-android/src/casino/ServerList.cpp:53: Server list returning http://cdn-hs-dev.hgonline.net/345/, 1/14
04-23 10:13:04.639 10838 11060 I Claw    : [0m[      20.298] [30;1mjni/../jni/src/claw/vfs/android/AndroidSaveFile.cpp:42: Open existing save assetcache/atlas_promo_1_etc2.pak.meta
04-23 10:13:04.639 10838 11060 I Claw    : [0m[      20.298] [30;1mjni/../jni/src/claw/vfs/Vfs.cpp:172: Opened file: /assetcache/atlas_promo_1_etc2.pak.meta
04-23 10:13:04.639 10838 11060 I Claw    : [0m[      20.298] /home/jenkins/workspace/huuuge-stars/client-dev/hs-android/src/casino/DefaultDownloadManager.cpp:415: Downloading pak atlas_promo_1_etc2.pak from http://cdn-hs-dev.hgonline.net/345/
04-23 10:13:04.639 10838 11123 I Claw    : [0m[      20.299] [30;1mjni/../jni/src/claw/vfs/android/AndroidSaveFile.cpp:62: Open existing save assetcache/atlas_promo_1_etc2.pak
04-23 10:13:04.639 10838 11123 I Claw    : [0m[      20.299] [30;1mjni/../jni/src/claw/vfs/Vfs.cpp:207: Opened file: /assetcache/atlas_promo_1_etc2.pak
04-23 10:13:04.639  2218  2767 D EnterpriseController: netId is 0
04-23 10:13:04.639  2218  2767 D Netd    : getNetworkForDns: using netid 502 for uid 10687
04-23 10:13:04.639 10838 11123 I Claw    : [0m[      20.301] [30;1mjni/../jni/src/claw/network/HttpRequest.cpp:97: cdn-hs-dev.hgonline.net resolved to ::ffff:5.178.43.35
04-23 10:13:04.639 10838 11123 I Claw    : [0m[      20.301] [30;1mjni/../jni/src/claw/network/HttpRequest.cpp:97: cdn-hs-dev.hgonline.net resolved to ::ffff:5.178.43.48
04-23 10:13:04.639 10838 11123 I Claw    : [0m[      20.301] [30;1mjni/../jni/src/claw/network/unix/UnixStreamSocket.cpp:93: Connecting to ::ffff:5.178.43.35
04-23 10:13:04.639 10838 11035 I Claw    : [0m[      20.303] [30;1mjni/../jni/src/claw/vfs/Vfs.cpp:172: Opened file: /atlases/atlas3.etc2+.mip/A11
04-23 10:13:04.639 10838 11049 I Claw    : [0m[      20.306] ../../../../../../../../contrib/huuugeanalyticssdk/cpp/contrib/jni/JniAttach.hpp:185: Aquire java class for JNI method: com/huuuge/analytics/HA
04-23 10:13:04.639 10838 11049 I Claw    : [0m[      20.306] ../../../../../../../../contrib/huuugeanalyticssdk/cpp/contrib/jni/JniAttach.hpp:185: JNI class acquired, acquire java method: connectionStatus with args: ()I
04-23 10:13:04.639 10838 11049 I Claw    : [0m[      20.306] ../../../../../../../../contrib/huuugeanalyticssdk/cpp/contrib/jni/JniAttach.hpp:186: JNI method acquired, try to call.
04-23 10:13:04.649 10838 11049 I Claw    : [0m[      20.308] ../../../../../../../../contrib/huuugeanalyticssdk/cpp/contrib/jni/JniAttach.hpp:189: JNI method called.
04-23 10:13:04.649 10838 11035 I Claw    : [0m[      20.309] [30;1mjni/../jni/src/claw/service/StreamingManager.cpp:563: mip 10  w 4  h 4 (32)
04-23 10:13:04.649 10838 11035 I Claw    : [0m[       20.31] [30;1mjni/../jni/src/claw/vfs/Vfs.cpp:172: Opened file: /atlases/atlas3.etc2+.mip/C10
04-23 10:13:04.649 10838 11035 I Claw    : [0m[      20.316] [30;1mjni/../jni/src/claw/vfs/Vfs.cpp:172: Opened file: /atlases/atlas3.etc2+.mip/A10
04-23 10:13:04.649  2612  3268 D ConnectivityService: returning getNetworkInfo for network type 1 : [type: WIFI[] - WIFI, state: CONNECTED/CONNECTED, reason: (unspecified), extra: "HuuugeQA", roaming: false, failover: false, isAvailable: true]
04-23 10:13:04.649  2612  3264 D ConnectivityService: returning getNetworkInfo for network type 0 : [type: MOBILE[] - MOBILE, state: DISCONNECTED/DISCONNECTED, reason: (unspecified), extra: (none), roaming: false, failover: false, isAvailable: true]
04-23 10:13:04.659 10838 11035 I Claw    : [0m[      20.322] [30;1mjni/../jni/src/claw/vfs/Vfs.cpp:172: Opened file: /atlases/atlas3.xml
04-23 10:13:04.679 10838 11035 I Claw    : [0m[      20.337] [30;1mjni/../jni/src/claw/graphics/surface/SurfaceHW.cpp:883: Surface  xy: 4, uv: 4, tri: 2
04-23 10:13:04.679 10838 11035 I Claw    : [0m[      20.339] [30;1mjni/../jni/src/claw/graphics/surface/SurfaceHW.cpp:883: Surface  xy: 16, uv: 24, tri: 16
04-23 10:13:04.679 10838 11035 I Claw    : [0m[       20.34] [30;1mjni/../jni/src/claw/graphics/surface/SurfaceHW.cpp:883: Surface  xy: 12, uv: 16, tri: 10
04-23 10:13:04.679 10838 11035 I Claw    : [0m[      20.341] [30;1mjni/../jni/src/claw/graphics/surface/SurfaceHW.cpp:883: Surface  xy: 8, uv: 10, tri: 6
04-23 10:13:04.679 10838 11035 I Claw    : [0m[      20.341] [30;1mjni/../jni/src/claw/graphics/surface/SurfaceHW.cpp:883: Surface  xy: 4, uv: 4, tri: 2
04-23 10:13:04.679 10838 11035 I Claw    : [0m[      20.342] [30;1mjni/../jni/src/claw/graphics/surface/SurfaceHW.cpp:883: Surface  xy: 4, uv: 4, tri: 2
04-23 10:13:04.679 10838 11035 I Claw    : [0m[      20.343] [30;1mjni/../jni/src/claw/graphics/surface/SurfaceHW.cpp:883: Surface  xy: 8, uv: 10, tri: 6
04-23 10:13:04.679 10838 11035 I Claw    : [0m[      20.343] [30;1mjni/../jni/src/claw/graphics/surface/SurfaceHW.cpp:883: Surface  xy: 4, uv: 4, tri: 2
04-23 10:13:04.679 10838 11035 I Claw    : [0m[      20.344] [30;1mjni/../jni/src/claw/graphics/surface/SurfaceHW.cpp:883: Surface  xy: 4, uv: 4, tri: 2
04-23 10:13:04.679 10838 11035 I Claw    : [0m[      20.345] [30;1mjni/../jni/src/claw/graphics/surface/SurfaceHW.cpp:883: Surface  xy: 4, uv: 4, tri: 2
04-23 10:13:04.679 10838 11035 I Claw    : [0m[      20.346] [30;1mjni/../jni/src/claw/graphics/surface/SurfaceHW.cpp:883: Surface  xy: 8, uv: 10, tri: 6
04-23 10:13:04.689 10838 11035 I Claw    : [0m[      20.347] [30;1mjni/../jni/src/claw/graphics/surface/SurfaceHW.cpp:883: Surface  xy: 8, uv: 10, tri: 6
04-23 10:13:04.689 10838 11035 I Claw    : [0m[      20.348] [30;1mjni/../jni/src/claw/graphics/surface/SurfaceHW.cpp:883: Surface  xy: 4, uv: 4, tri: 2
04-23 10:13:04.689 10838 11035 I Claw    : [0m[      20.348] [30;1mjni/../jni/src/claw/graphics/surface/SurfaceHW.cpp:883: Surface  xy: 4, uv: 4, tri: 2
04-23 10:13:04.689 10838 11035 I Claw    : [0m[      20.349] [30;1mjni/../jni/src/claw/graphics/surface/SurfaceHW.cpp:883: Surface  xy: 4, uv: 4, tri: 2
04-23 10:13:04.689 10838 11035 I Claw    : [0m[      20.349] [30;1mjni/../jni/src/claw/graphics/surface/SurfaceHW.cpp:883: Surface  xy: 4, uv: 4, tri: 2
04-23 10:13:04.689 10838 11035 I Claw    : [0m[       20.35] [30;1mjni/../jni/src/claw/graphics/surface/SurfaceHW.cpp:883: Surface  xy: 4, uv: 4, tri: 2
04-23 10:13:04.689 10838 11035 I Claw    : [0m[       20.35] [30;1mjni/../jni/src/claw/graphics/surface/SurfaceHW.cpp:883: Surface  xy: 4, uv: 4, tri: 2
04-23 10:13:04.689 10838 11035 I Claw    : [0m[      20.351] [30;1mjni/../jni/src/claw/graphics/surface/SurfaceHW.cpp:883: Surface  xy: 4, uv: 4, tri: 2
04-23 10:13:04.689 10838 11035 I Claw    : [0m[      20.351] [30;1mjni/../jni/src/claw/graphics/surface/SurfaceHW.cpp:883: Surface  xy: 4, uv: 4, tri: 2
04-23 10:13:04.689 10838 11035 I Claw    : [0m[      20.352] [30;1mjni/../jni/src/claw/graphics/surface/SurfaceHW.cpp:883: Surface  xy: 4, uv: 4, tri: 2
04-23 10:13:04.689 10838 11035 I Claw    : [0m[      20.352] [30;1mjni/../jni/src/claw/graphics/surface/SurfaceHW.cpp:883: Surface  xy: 4, uv: 4, tri: 2
04-23 10:13:04.689 10838 11035 I Claw    : [0m[      20.353] [30;1mjni/../jni/src/claw/graphics/surface/SurfaceHW.cpp:883: Surface  xy: 4, uv: 4, tri: 2
04-23 10:13:04.689 10838 11035 I Claw    : [0m[      20.353] [30;1mjni/../jni/src/claw/graphics/surface/SurfaceHW.cpp:883: Surface  xy: 4, uv: 4, tri: 2
04-23 10:13:04.689 10838 11035 I Claw    : [0m[      20.353] [30;1mjni/../jni/src/claw/graphics/surface/SurfaceHW.cpp:883: Surface  xy: 4, uv: 4, tri: 2
04-23 10:13:04.689 10838 11035 I Claw    : [0m[      20.354] [30;1mjni/../jni/src/claw/graphics/surface/SurfaceHW.cpp:883: Surface  xy: 4, uv: 4, tri: 2
04-23 10:13:04.689 10838 11035 I Claw    : [0m[      20.355] [30;1mjni/../jni/src/claw/graphics/surface/SurfaceHW.cpp:883: Surface  xy: 12, uv: 16, tri: 10
04-23 10:13:04.689 10838 11035 I Claw    : [0m[      20.355] [30;1mjni/../jni/src/claw/graphics/surface/SurfaceHW.cpp:883: Surface  xy: 12, uv: 16, tri: 10
04-23 10:13:04.689 10838 11035 I Claw    : [0m[      20.356] [30;1mjni/../jni/src/claw/graphics/surface/SurfaceHW.cpp:883: Surface  xy: 8, uv: 10, tri: 6
04-23 10:13:04.689 10838 11035 I Claw    : [0m[      20.356] [30;1mjni/../jni/src/claw/graphics/surface/SurfaceHW.cpp:883: Surface  xy: 8, uv: 10, tri: 6
04-23 10:13:04.689 10838 11035 I Claw    : [0m[      20.357] [30;1mjni/../jni/src/claw/graphics/surface/SurfaceHW.cpp:883: Surface  xy: 8, uv: 10, tri: 6
04-23 10:13:04.699 10838 11035 I Claw    : [0m[      20.357] [30;1mjni/../jni/src/claw/graphics/surface/SurfaceHW.cpp:883: Surface  xy: 4, uv: 4, tri: 2
04-23 10:13:04.699 10838 11035 I Claw    : [0m[      20.358] [30;1mjni/../jni/src/claw/graphics/surface/SurfaceHW.cpp:883: Surface  xy: 4, uv: 4, tri: 2
04-23 10:13:04.699 10838 11035 I Claw    : [0m[      20.359] [30;1mjni/../jni/src/claw/graphics/surface/SurfaceHW.cpp:883: Surface  xy: 12, uv: 16, tri: 10
04-23 10:13:04.699 10838 11035 I Claw    : [0m[      20.359] [30;1mjni/../jni/src/claw/graphics/surface/SurfaceHW.cpp:883: Surface  xy: 4, uv: 4, tri: 2
04-23 10:13:04.699 10838 11035 I Claw    : [0m[       20.36] [30;1mjni/../jni/src/claw/graphics/surface/SurfaceHW.cpp:883: Surface  xy: 4, uv: 4, tri: 2
04-23 10:13:04.699 10838 11035 I Claw    : [0m[       20.36] [30;1mjni/../jni/src/claw/graphics/surface/SurfaceHW.cpp:883: Surface  xy: 4, uv: 4, tri: 2
04-23 10:13:04.699 10838 11035 I Claw    : [0m[       20.36] [30;1mjni/../jni/src/claw/graphics/surface/SurfaceHW.cpp:883: Surface  xy: 4, uv: 4, tri: 2
04-23 10:13:04.699 10838 11035 I Claw    : [0m[      20.361] [30;1mjni/../jni/src/claw/graphics/surface/SurfaceHW.cpp:883: Surface  xy: 4, uv: 4, tri: 2
04-23 10:13:04.699 10838 11035 I Claw    : [0m[      20.362] [30;1mjni/../jni/src/claw/graphics/surface/SurfaceHW.cpp:883: Surface  xy: 8, uv: 10, tri: 6
04-23 10:13:04.699 10838 11035 I Claw    : [0m[      20.362] [30;1mjni/../jni/src/claw/graphics/surface/SurfaceHW.cpp:883: Surface  xy: 4, uv: 4, tri: 2
04-23 10:13:04.699 10838 11035 I Claw    : [0m[      20.362] [30;1mjni/../jni/src/claw/graphics/surface/SurfaceHW.cpp:883: Surface  xy: 4, uv: 4, tri: 2
04-23 10:13:04.699 10838 11035 I Claw    : [0m[      20.363] [30;1mjni/../jni/src/claw/graphics/surface/SurfaceHW.cpp:883: Surface  xy: 4, uv: 4, tri: 2
04-23 10:13:04.699 10838 11035 I Claw    : [0m[      20.363] [30;1mjni/../jni/src/claw/graphics/surface/SurfaceHW.cpp:883: Surface  xy: 4, uv: 4, tri: 2
04-23 10:13:04.699 10838 11035 I Claw    : [0m[      20.364] [30;1mjni/../jni/src/claw/graphics/surface/SurfaceHW.cpp:883: Surface  xy: 8, uv: 10, tri: 6
04-23 10:13:04.699 10838 11035 I Claw    : [0m[      20.365] [30;1mjni/../jni/src/claw/graphics/surface/SurfaceHW.cpp:883: Surface  xy: 4, uv: 4, tri: 2
04-23 10:13:04.699 10838 11035 I Claw    : [0m[      20.365] [30;1mjni/../jni/src/claw/graphics/surface/SurfaceHW.cpp:883: Surface  xy: 4, uv: 4, tri: 2
04-23 10:13:04.699 10838 11035 I Claw    : [0m[      20.366] [30;1mjni/../jni/src/claw/graphics/surface/SurfaceHW.cpp:883: Surface  xy: 12, uv: 16, tri: 10
04-23 10:13:04.699 10838 11035 I Claw    : [0m[      20.366] [30;1mjni/../jni/src/claw/graphics/surface/SurfaceHW.cpp:883: Surface  xy: 8, uv: 10, tri: 6
04-23 10:13:04.709 10838 11035 I Claw    : [0m[      20.367] [30;1mjni/../jni/src/claw/graphics/surface/SurfaceHW.cpp:883: Surface  xy: 4, uv: 4, tri: 2
04-23 10:13:04.709 10838 11035 I Claw    : [0m[      20.368] [30;1mjni/../jni/src/claw/graphics/surface/SurfaceHW.cpp:883: Surface  xy: 8, uv: 10, tri: 6
04-23 10:13:04.709 10838 11035 I Claw    : [0m[      20.368] [30;1mjni/../jni/src/claw/graphics/surface/SurfaceHW.cpp:883: Surface  xy: 8, uv: 10, tri: 6
04-23 10:13:04.709 10838 11035 I Claw    : [0m[      20.369] [30;1mjni/../jni/src/claw/graphics/surface/SurfaceHW.cpp:883: Surface  xy: 8, uv: 10, tri: 6
04-23 10:13:04.709 10838 11035 I Claw    : [0m[      20.369] [30;1mjni/../jni/src/claw/graphics/surface/SurfaceHW.cpp:883: Surface  xy: 8, uv: 10, tri: 6
04-23 10:13:04.709 10838 11035 I Claw    : [0m[       20.37] [30;1mjni/../jni/src/claw/graphics/surface/SurfaceHW.cpp:883: Surface  xy: 8, uv: 10, tri: 6
04-23 10:13:04.709 10838 11035 I Claw    : [0m[       20.37] [30;1mjni/../jni/src/claw/graphics/surface/SurfaceHW.cpp:883: Surface  xy: 4, uv: 4, tri: 2
04-23 10:13:04.709 10838 11035 I Claw    : [0m[      20.371] [30;1mjni/../jni/src/claw/graphics/surface/SurfaceHW.cpp:883: Surface  xy: 8, uv: 10, tri: 6
04-23 10:13:04.709 10838 11035 I Claw    : [0m[      20.372] [30;1mjni/../jni/src/claw/graphics/surface/SurfaceHW.cpp:883: Surface  xy: 8, uv: 10, tri: 6
04-23 10:13:04.709 10838 11035 I Claw    : [0m[      20.372] [30;1mjni/../jni/src/claw/graphics/surface/SurfaceHW.cpp:883: Surface  xy: 4, uv: 4, tri: 2
04-23 10:13:04.709 10838 11035 I Claw    : [0m[      20.373] [30;1mjni/../jni/src/claw/graphics/surface/SurfaceHW.cpp:883: Surface  xy: 4, uv: 4, tri: 2
04-23 10:13:04.709 10838 11035 I Claw    : [0m[      20.374] [30;1mjni/../jni/src/claw/graphics/surface/SurfaceHW.cpp:883: Surface  xy: 15, uv: 21, tri: 13
04-23 10:13:04.709 10838 11035 I Claw    : [0m[      20.374] [30;1mjni/../jni/src/claw/graphics/surface/SurfaceHW.cpp:883: Surface  xy: 7, uv: 9, tri: 5
04-23 10:13:04.709 10838 11035 I Claw    : [0m[      20.375] [30;1mjni/../jni/src/claw/graphics/surface/SurfaceHW.cpp:883: Surface  xy: 8, uv: 10, tri: 6
04-23 10:13:04.709 10838 11035 I Claw    : [0m[      20.376] [30;1mjni/../jni/src/claw/graphics/surface/SurfaceHW.cpp:883: Surface  xy: 8, uv: 10, tri: 6
04-23 10:13:04.709 10838 11035 I Claw    : [0m[      20.376] [30;1mjni/../jni/src/claw/graphics/surface/SurfaceHW.cpp:883: Surface  xy: 8, uv: 10, tri: 6
04-23 10:13:04.719 10838 11035 I Claw    : [0m[      20.377] [30;1mjni/../jni/src/claw/graphics/surface/SurfaceHW.cpp:883: Surface  xy: 8, uv: 10, tri: 6
04-23 10:13:04.719 10838 11035 I Claw    : [0m[      20.378] [30;1mjni/../jni/src/claw/graphics/surface/SurfaceHW.cpp:883: Surface  xy: 4, uv: 4, tri: 2
04-23 10:13:04.719 10838 11035 I Claw    : [0m[      20.378] [30;1mjni/../jni/src/claw/graphics/surface/SurfaceHW.cpp:883: Surface  xy: 4, uv: 4, tri: 2
04-23 10:13:04.719 10838 11035 I Claw    : [0m[      20.379] [30;1mjni/../jni/src/claw/graphics/surface/SurfaceHW.cpp:883: Surface  xy: 4, uv: 4, tri: 2
04-23 10:13:04.719 10838 11035 I Claw    : [0m[      20.379] [30;1mjni/../jni/src/claw/graphics/surface/SurfaceHW.cpp:883: Surface  xy: 4, uv: 4, tri: 2
04-23 10:13:04.719 10838 11035 I Claw    : [0m[       20.38] [30;1mjni/../jni/src/claw/graphics/surface/SurfaceHW.cpp:883: Surface  xy: 4, uv: 4, tri: 2
04-23 10:13:04.719 10838 11035 I Claw    : [0m[      20.381] [30;1mjni/../jni/src/claw/graphics/surface/SurfaceHW.cpp:883: Surface  xy: 8, uv: 10, tri: 6
04-23 10:13:04.719 10838 11035 I Claw    : [0m[      20.381] [30;1mjni/../jni/src/claw/graphics/surface/SurfaceHW.cpp:883: Surface  xy: 8, uv: 10, tri: 6
04-23 10:13:04.719 10838 11035 I Claw    : [0m[      20.382] [30;1mjni/../jni/src/claw/graphics/surface/SurfaceHW.cpp:883: Surface  xy: 4, uv: 4, tri: 2
04-23 10:13:04.719 10838 11035 I Claw    : [0m[      20.382] [30;1mjni/../jni/src/claw/graphics/surface/SurfaceHW.cpp:883: Surface  xy: 7, uv: 9, tri: 5
04-23 10:13:04.719 10838 11035 I Claw    : [0m[      20.383] [30;1mjni/../jni/src/claw/graphics/surface/SurfaceHW.cpp:883: Surface  xy: 4, uv: 4, tri: 2
04-23 10:13:04.719 10838 11035 I Claw    : [0m[      20.383] [30;1mjni/../jni/src/claw/graphics/surface/SurfaceHW.cpp:883: Surface  xy: 4, uv: 4, tri: 2
04-23 10:13:04.719 10838 11035 I Claw    : [0m[      20.384] [30;1mjni/../jni/src/claw/graphics/surface/SurfaceHW.cpp:883: Surface  xy: 4, uv: 4, tri: 2
04-23 10:13:04.719 10838 11035 I Claw    : [0m[      20.385] [30;1mjni/../jni/src/claw/graphics/surface/SurfaceHW.cpp:883: Surface  xy: 4, uv: 4, tri: 2
04-23 10:13:04.719 10838 11035 I Claw    : [0m[      20.385] [30;1mjni/../jni/src/claw/graphics/surface/SurfaceHW.cpp:883: Surface  xy: 4, uv: 4, tri: 2
04-23 10:13:04.719 10838 11035 I Claw    : [0m[      20.386] [30;1mjni/../jni/src/claw/graphics/surface/SurfaceHW.cpp:883: Surface  xy: 8, uv: 10, tri: 6
04-23 10:13:04.729 10838 11035 I Claw    : [0m[      20.387] [30;1mjni/../jni/src/claw/graphics/surface/SurfaceHW.cpp:883: Surface  xy: 4, uv: 4, tri: 2
04-23 10:13:04.729 10838 11035 I Claw    : [0m[      20.388] [30;1mjni/../jni/src/claw/graphics/surface/SurfaceHW.cpp:883: Surface  xy: 8, uv: 10, tri: 6
04-23 10:13:04.729 10838 11035 I Claw    : [0m[      20.389] [30;1mjni/../jni/src/claw/graphics/surface/SurfaceHW.cpp:883: Surface  xy: 8, uv: 10, tri: 6
04-23 10:13:04.729 10838 11035 I Claw    : [0m[      20.389] [30;1mjni/../jni/src/claw/graphics/surface/SurfaceHW.cpp:883: Surface  xy: 8, uv: 10, tri: 6
04-23 10:13:04.729 10838 11123 I Claw    : [0m[      20.389] [30;1mjni/../jni/src/claw/network/HttpRequest.cpp:279: Content length: 886445
04-23 10:13:04.729 10838 11035 I Claw    : [0m[      20.391] [30;1mjni/../jni/src/claw/graphics/surface/SurfaceHW.cpp:883: Surface  xy: 4, uv: 4, tri: 2
04-23 10:13:04.729 10838 11123 I Claw    : [0m[      20.391] [30;1mjni/../jni/src/claw/vfs/NativeMount.cpp:244: Aquire java class for JNI method: com/Claw/Android/NativeMount
04-23 10:13:04.729 10838 11123 I Claw    : [0m[      20.391] [30;1mjni/../jni/src/claw/vfs/NativeMount.cpp:244: JNI class acquired, acquire java method: GetFreeDiskSpace with args: (Ljava/lang/String;)J
04-23 10:13:04.729 10838 11035 I Claw    : [0m[      20.392] [30;1mjni/../jni/src/claw/graphics/surface/SurfaceHW.cpp:883: Surface  xy: 12, uv: 16, tri: 10
04-23 10:13:04.729 10838 11035 I Claw    : [0m[      20.393] [30;1mjni/../jni/src/claw/graphics/surface/SurfaceHW.cpp:883: Surface  xy: 8, uv: 10, tri: 6
04-23 10:13:04.729 10838 11035 I Claw    : [0m[      20.394] [30;1mjni/../jni/src/claw/graphics/surface/SurfaceHW.cpp:883: Surface  xy: 20, uv: 28, tri: 18
04-23 10:13:04.729 10838 11035 I Claw    : [0m[      20.395] [30;1mjni/../jni/src/claw/graphics/surface/SurfaceHW.cpp:883: Surface  xy: 12, uv: 16, tri: 10
04-23 10:13:04.729 10838 11037 I Claw    : [0m[      20.396] [30;1mjni/../jni/src/claw/vfs/Vfs.cpp:172: Opened file: /atlases/atlas2.etc2+.mip/A1
04-23 10:13:04.739 10838 11123 I Claw    : [0m[      20.397] [30;1mjni/../jni/src/claw/vfs/NativeMount.cpp:244: Aquire java class for JNI method: com/Claw/Android/NativeMount
04-23 10:13:04.739 10838 11035 I Claw    : [0m[      20.397] [30;1mjni/../jni/src/claw/graphics/surface/SurfaceHW.cpp:883: Surface  xy: 8, uv: 10, tri: 6
04-23 10:13:04.739 10838 11123 I Claw    : [0m[      20.397] [30;1mjni/../jni/src/claw/vfs/NativeMount.cpp:244: JNI class acquired, acquire java method: GetFreeDiskSpace with args: (Ljava/lang/String;)J
04-23 10:13:04.739 10838 11035 I Claw    : [0m[      20.398] [30;1mjni/../jni/src/claw/graphics/surface/SurfaceHW.cpp:883: Surface  xy: 12, uv: 16, tri: 10
04-23 10:13:04.739 10838 11035 I Claw    : [0m[      20.399] [30;1mjni/../jni/src/claw/graphics/surface/SurfaceHW.cpp:883: Surface  xy: 12, uv: 16, tri: 10
04-23 10:13:04.739 10838 11035 I Claw    : [0m[      20.399] [30;1mjni/../jni/src/claw/graphics/surface/SurfaceHW.cpp:883: Surface  xy: 12, uv: 16, tri: 10
04-23 10:13:04.739 10838 11035 I Claw    : [0m[        20.4] [30;1mjni/../jni/src/claw/graphics/surface/SurfaceHW.cpp:883: Surface  xy: 16, uv: 22, tri: 14
04-23 10:13:04.739 10838 11035 I Claw    : [0m[        20.4] [30;1mjni/../jni/src/claw/graphics/surface/SurfaceHW.cpp:883: Surface  xy: 12, uv: 16, tri: 10
04-23 10:13:04.739 10838 11035 I Claw    : [0m[      20.401] [30;1mjni/../jni/src/claw/graphics/surface/SurfaceHW.cpp:883: Surface  xy: 12, uv: 16, tri: 10
04-23 10:13:04.739 10838 11035 I Claw    : [0m[      20.401] [30;1mjni/../jni/src/claw/graphics/surface/SurfaceHW.cpp:883: Surface  xy: 8, uv: 10, tri: 6
04-23 10:13:04.739 10838 11035 I Claw    : [0m[      20.402] [30;1mjni/../jni/src/claw/graphics/surface/SurfaceHW.cpp:883: Surface  xy: 12, uv: 16, tri: 10
04-23 10:13:04.739 10838 11035 I Claw    : [0m[      20.403] [30;1mjni/../jni/src/claw/graphics/surface/SurfaceHW.cpp:883: Surface  xy: 16, uv: 22, tri: 14
04-23 10:13:04.739 10838 11035 I Claw    : [0m[      20.403] [30;1mjni/../jni/src/claw/graphics/surface/SurfaceHW.cpp:883: Surface  xy: 12, uv: 16, tri: 10
04-23 10:13:04.739 10838 11035 I Claw    : [0m[      20.404] [30;1mjni/../jni/src/claw/graphics/surface/SurfaceHW.cpp:883: Surface  xy: 8, uv: 10, tri: 6
04-23 10:13:04.739 10838 11035 I Claw    : [0m[      20.404] [30;1mjni/../jni/src/claw/graphics/surface/SurfaceHW.cpp:883: Surface  xy: 16, uv: 22, tri: 14
04-23 10:13:04.739 10838 11035 I Claw    : [0m[      20.405] [30;1mjni/../jni/src/claw/graphics/surface/SurfaceHW.cpp:883: Surface  xy: 16, uv: 22, tri: 14
04-23 10:13:04.739 10838 11035 I Claw    : [0m[      20.405] [30;1mjni/../jni/src/claw/graphics/surface/SurfaceHW.cpp:883: Surface  xy: 8, uv: 10, tri: 6
04-23 10:13:04.739 10838 11035 I Claw    : [0m[      20.406] [30;1mjni/../jni/src/claw/graphics/surface/SurfaceHW.cpp:883: Surface  xy: 8, uv: 10, tri: 6
04-23 10:13:04.739 10838 11035 I Claw    : [0m[      20.407] [30;1mjni/../jni/src/claw/graphics/surface/SurfaceHW.cpp:883: Surface  xy: 8, uv: 10, tri: 6
04-23 10:13:04.749 10838 11035 I Claw    : [0m[      20.408] [30;1mjni/../jni/src/claw/graphics/surface/SurfaceHW.cpp:883: Surface  xy: 8, uv: 10, tri: 6
04-23 10:13:04.749 10838 11035 I Claw    : [0m[      20.409] [30;1mjni/../jni/src/claw/graphics/surface/SurfaceHW.cpp:883: Surface  xy: 16, uv: 22, tri: 14
04-23 10:13:04.749 10838 11035 I Claw    : [0m[      20.409] [30;1mjni/../jni/src/claw/graphics/surface/SurfaceHW.cpp:883: Surface  xy: 8, uv: 10, tri: 6
04-23 10:13:04.749 10838 11035 I Claw    : [0m[       20.41] [30;1mjni/../jni/src/claw/graphics/surface/SurfaceHW.cpp:883: Surface  xy: 16, uv: 22, tri: 14
04-23 10:13:04.749 10838 11035 I Claw    : [0m[      20.411] [30;1mjni/../jni/src/claw/graphics/surface/SurfaceHW.cpp:883: Surface  xy: 12, uv: 16, tri: 10
04-23 10:13:04.749 10838 11035 I Claw    : [0m[      20.411] [30;1mjni/../jni/src/claw/graphics/surface/SurfaceHW.cpp:883: Surface  xy: 12, uv: 16, tri: 10
04-23 10:13:04.749 10838 11035 I Claw    : [0m[      20.412] [30;1mjni/../jni/src/claw/graphics/surface/SurfaceHW.cpp:883: Surface  xy: 12, uv: 16, tri: 10
04-23 10:13:04.749 10838 11035 I Claw    : [0m[      20.412] [30;1mjni/../jni/src/claw/graphics/surface/SurfaceHW.cpp:883: Surface  xy: 12, uv: 16, tri: 10
04-23 10:13:04.749 10838 11035 I Claw    : [0m[      20.413] [30;1mjni/../jni/src/claw/graphics/surface/SurfaceHW.cpp:883: Surface  xy: 12, uv: 16, tri: 10
04-23 10:13:04.749 10838 11035 I Claw    : [0m[      20.413] [30;1mjni/../jni/src/claw/graphics/surface/SurfaceHW.cpp:883: Surface  xy: 12, uv: 16, tri: 10
04-23 10:13:04.749 10838 11035 I Claw    : [0m[      20.414] [30;1mjni/../jni/src/claw/graphics/surface/SurfaceHW.cpp:883: Surface  xy: 12, uv: 16, tri: 10
04-23 10:13:04.749 10838 11035 I Claw    : [0m[      20.414] [30;1mjni/../jni/src/claw/graphics/surface/SurfaceHW.cpp:883: Surface  xy: 12, uv: 16, tri: 10
04-23 10:13:04.749 10838 11035 I Claw    : [0m[      20.415] [30;1mjni/../jni/src/claw/graphics/surface/SurfaceHW.cpp:883: Surface  xy: 12, uv: 16, tri: 10
04-23 10:13:04.749 10838 11035 I Claw    : [0m[      20.415] [30;1mjni/../jni/src/claw/graphics/surface/SurfaceHW.cpp:883: Surface  xy: 12, uv: 16, tri: 10
04-23 10:13:04.749 10838 11035 I Claw    : [0m[      20.416] [30;1mjni/../jni/src/claw/graphics/surface/SurfaceHW.cpp:883: Surface  xy: 12, uv: 16, tri: 10
04-23 10:13:04.749 10838 11035 I Claw    : [0m[      20.416] [30;1mjni/../jni/src/claw/graphics/surface/SurfaceHW.cpp:883: Surface  xy: 8, uv: 10, tri: 6
04-23 10:13:04.749 10838 11035 I Claw    : [0m[      20.417] [30;1mjni/../jni/src/claw/graphics/surface/SurfaceHW.cpp:883: Surface  xy: 12, uv: 16, tri: 10
04-23 10:13:04.759 10838 11035 I Claw    : [0m[      20.418] [30;1mjni/../jni/src/claw/graphics/surface/SurfaceHW.cpp:883: Surface  xy: 12, uv: 16, tri: 10
04-23 10:13:04.759 10838 11035 I Claw    : [0m[      20.418] [30;1mjni/../jni/src/claw/graphics/surface/SurfaceHW.cpp:883: Surface  xy: 12, uv: 16, tri: 10
04-23 10:13:04.759 10838 11035 I Claw    : [0m[      20.418] [30;1mjni/../jni/src/claw/graphics/surface/SurfaceHW.cpp:883: Surface  xy: 4, uv: 4, tri: 2
04-23 10:13:04.759 10838 11035 I Claw    : [0m[      20.419] [30;1mjni/../jni/src/claw/graphics/surface/SurfaceHW.cpp:883: Surface  xy: 4, uv: 4, tri: 2
04-23 10:13:04.759 10838 11035 I Claw    : [0m[      20.419] [30;1mjni/../jni/src/claw/graphics/surface/SurfaceHW.cpp:883: Surface  xy: 8, uv: 10, tri: 6
04-23 10:13:04.759 10838 11035 I Claw    : [0m[      20.419] [30;1mjni/../jni/src/claw/graphics/surface/SurfaceHW.cpp:883: Surface  xy: 4, uv: 4, tri: 2
04-23 10:13:04.759 10838 11035 I Claw    : [0m[       20.42] [30;1mjni/../jni/src/claw/graphics/surface/SurfaceHW.cpp:883: Surface  xy: 4, uv: 4, tri: 2
04-23 10:13:04.759 10838 11035 I Claw    : [0m[       20.42] [30;1mjni/../jni/src/claw/graphics/surface/SurfaceHW.cpp:883: Surface  xy: 4, uv: 4, tri: 2
04-23 10:13:04.759 10838 11035 I Claw    : [0m[       20.42] [30;1mjni/../jni/src/claw/graphics/surface/SurfaceHW.cpp:883: Surface  xy: 4, uv: 4, tri: 2
04-23 10:13:04.759 10838 11035 I Claw    : [0m[      20.421] [30;1mjni/../jni/src/claw/graphics/surface/SurfaceHW.cpp:883: Surface  xy: 4, uv: 4, tri: 2
04-23 10:13:04.759 10838 11035 I Claw    : [0m[      20.421] [30;1mjni/../jni/src/claw/graphics/surface/SurfaceHW.cpp:883: Surface  xy: 4, uv: 4, tri: 2
04-23 10:13:04.759 10838 11035 I Claw    : [0m[      20.421] [30;1mjni/../jni/src/claw/graphics/surface/SurfaceHW.cpp:883: Surface  xy: 4, uv: 4, tri: 2
04-23 10:13:04.759 10838 11035 I Claw    : [0m[      20.422] [30;1mjni/../jni/src/claw/graphics/surface/SurfaceHW.cpp:883: Surface  xy: 4, uv: 4, tri: 2
04-23 10:13:04.759 10838 11035 I Claw    : [0m[      20.422] [30;1mjni/../jni/src/claw/graphics/surface/SurfaceHW.cpp:883: Surface  xy: 4, uv: 4, tri: 2
04-23 10:13:04.759 10838 11035 I Claw    : [0m[      20.422] [30;1mjni/../jni/src/claw/graphics/surface/SurfaceHW.cpp:883: Surface  xy: 4, uv: 4, tri: 2
04-23 10:13:04.759 10838 11035 I Claw    : [0m[      20.423] [30;1mjni/../jni/src/claw/graphics/surface/SurfaceHW.cpp:883: Surface  xy: 8, uv: 10, tri: 6
04-23 10:13:04.759 10838 11035 I Claw    : [0m[      20.423] [30;1mjni/../jni/src/claw/graphics/surface/SurfaceHW.cpp:883: Surface  xy: 8, uv: 10, tri: 6
04-23 10:13:04.759 10838 11035 I Claw    : [0m[      20.424] [30;1mjni/../jni/src/claw/graphics/surface/SurfaceHW.cpp:883: Surface  xy: 4, uv: 4, tri: 2
04-23 10:13:04.759 10838 11035 I Claw    : [0m[      20.425] [30;1mjni/../jni/src/claw/graphics/surface/SurfaceHW.cpp:883: Surface  xy: 8, uv: 10, tri: 6
04-23 10:13:04.759 10838 11035 I Claw    : [0m[      20.426] [30;1mjni/../jni/src/claw/graphics/surface/SurfaceHW.cpp:883: Surface  xy: 4, uv: 4, tri: 2
04-23 10:13:04.759 10838 11035 I Claw    : [0m[      20.426] [30;1mjni/../jni/src/claw/graphics/surface/SurfaceHW.cpp:883: Surface  xy: 8, uv: 10, tri: 6
04-23 10:13:04.769 10838 11035 I Claw    : [0m[      20.427] [30;1mjni/../jni/src/claw/graphics/surface/SurfaceHW.cpp:883: Surface  xy: 4, uv: 4, tri: 2
04-23 10:13:04.769 10838 11035 I Claw    : [0m[      20.428] [30;1mjni/../jni/src/claw/graphics/surface/SurfaceHW.cpp:883: Surface  xy: 4, uv: 4, tri: 2
04-23 10:13:04.769 10838 11035 I Claw    : [0m[      20.429] [30;1mjni/../jni/src/claw/graphics/surface/SurfaceHW.cpp:883: Surface  xy: 4, uv: 4, tri: 2
04-23 10:13:04.769 10838 11035 I Claw    : [0m[      20.429] [30;1mjni/../jni/src/claw/graphics/surface/SurfaceHW.cpp:883: Surface  xy: 4, uv: 4, tri: 2
04-23 10:13:04.769 10838 11035 I Claw    : [0m[       20.43] [30;1mjni/../jni/src/claw/graphics/surface/SurfaceHW.cpp:883: Surface  xy: 4, uv: 4, tri: 2
04-23 10:13:04.769 10838 11035 I Claw    : [0m[       20.43] [30;1mjni/../jni/src/claw/graphics/surface/SurfaceHW.cpp:883: Surface  xy: 12, uv: 16, tri: 10
04-23 10:13:04.769 10838 11035 I Claw    : [0m[      20.431] [30;1mjni/../jni/src/claw/graphics/surface/SurfaceHW.cpp:883: Surface  xy: 4, uv: 4, tri: 2
04-23 10:13:04.769 10838 11035 I Claw    : [0m[      20.431] [30;1mjni/../jni/src/claw/graphics/surface/SurfaceHW.cpp:883: Surface  xy: 4, uv: 4, tri: 2
04-23 10:13:04.769 10838 11035 I Claw    : [0m[      20.431] [30;1mjni/../jni/src/claw/graphics/surface/SurfaceHW.cpp:883: Surface  xy: 8, uv: 10, tri: 6
04-23 10:13:04.769 10838 11035 I Claw    : [0m[      20.432] [30;1mjni/../jni/src/claw/graphics/surface/SurfaceHW.cpp:883: Surface  xy: 8, uv: 10, tri: 6
04-23 10:13:04.769 10838 11035 I Claw    : [0m[      20.432] [30;1mjni/../jni/src/claw/graphics/surface/SurfaceHW.cpp:883: Surface  xy: 4, uv: 4, tri: 2
04-23 10:13:04.769 10838 11035 I Claw    : [0m[      20.433] [30;1mjni/../jni/src/claw/graphics/surface/SurfaceHW.cpp:883: Surface  xy: 8, uv: 10, tri: 6
04-23 10:13:04.769 10838 11035 I Claw    : [0m[      20.433] [30;1mjni/../jni/src/claw/graphics/surface/SurfaceHW.cpp:883: Surface  xy: 8, uv: 10, tri: 6
04-23 10:13:04.769 10838 11035 I Claw    : [0m[      20.434] [30;1mjni/../jni/src/claw/graphics/surface/SurfaceHW.cpp:883: Surface  xy: 8, uv: 10, tri: 6
04-23 10:13:04.769 10838 11035 I Claw    : [0m[      20.434] [30;1mjni/../jni/src/claw/graphics/surface/SurfaceHW.cpp:883: Surface  xy: 4, uv: 4, tri: 2
04-23 10:13:04.769 10838 11035 I Claw    : [0m[      20.435] [30;1mjni/../jni/src/claw/graphics/surface/SurfaceHW.cpp:883: Surface  xy: 8, uv: 10, tri: 6
04-23 10:13:04.769 10838 11123 I Claw    : [0m[      20.435] [30;1mjni/../jni/src/claw/vfs/NativeMount.cpp:244: Aquire java class for JNI method: com/Claw/Android/NativeMount
04-23 10:13:04.769 10838 11123 I Claw    : [0m[      20.435] [30;1mjni/../jni/src/claw/vfs/NativeMount.cpp:244: JNI class acquired, acquire java method: GetFreeDiskSpace with args: (Ljava/lang/String;)J
04-23 10:13:04.769 10838 11035 I Claw    : [0m[      20.435] [30;1mjni/../jni/src/claw/graphics/surface/SurfaceHW.cpp:883: Surface  xy: 8, uv: 10, tri: 6
04-23 10:13:04.769 10838 11035 I Claw    : [0m[      20.436] [30;1mjni/../jni/src/claw/graphics/surface/SurfaceHW.cpp:883: Surface  xy: 16, uv: 22, tri: 14
04-23 10:13:04.769 10838 11035 I Claw    : [0m[      20.437] [30;1mjni/../jni/src/claw/graphics/surface/SurfaceHW.cpp:883: Surface  xy: 16, uv: 22, tri: 14
04-23 10:13:04.779 10838 11035 I Claw    : [0m[      20.438] [30;1mjni/../jni/src/claw/graphics/surface/SurfaceHW.cpp:883: Surface  xy: 31, uv: 43, tri: 27
04-23 10:13:04.779 10838 11035 I Claw    : [0m[      20.439] [30;1mjni/../jni/src/claw/graphics/surface/SurfaceHW.cpp:883: Surface  xy: 24, uv: 32, tri: 20
04-23 10:13:04.779 10838 11035 I Claw    : [0m[       20.44] [30;1mjni/../jni/src/claw/graphics/surface/SurfaceHW.cpp:883: Surface  xy: 16, uv: 22, tri: 14
04-23 10:13:04.779 10838 11035 I Claw    : [0m[       20.44] [30;1mjni/../jni/src/claw/graphics/surface/SurfaceHW.cpp:883: Surface  xy: 11, uv: 15, tri: 9
04-23 10:13:04.779 10838 11035 I Claw    : [0m[      20.441] [30;1mjni/../jni/src/claw/graphics/surface/SurfaceHW.cpp:883: Surface  xy: 11, uv: 15, tri: 9
04-23 10:13:04.779 10838 11035 I Claw    : [0m[      20.442] [30;1mjni/../jni/src/claw/graphics/surface/SurfaceHW.cpp:883: Surface  xy: 12, uv: 16, tri: 10
04-23 10:13:04.779 10838 11035 I Claw    : [0m[      20.442] [30;1mjni/../jni/src/claw/graphics/surface/SurfaceHW.cpp:883: Surface  xy: 4, uv: 4, tri: 2
04-23 10:13:04.779 10838 11035 I Claw    : [0m[      20.443] [30;1mjni/../jni/src/claw/graphics/surface/SurfaceHW.cpp:883: Surface  xy: 12, uv: 16, tri: 10
04-23 10:13:04.779 10838 11035 I Claw    : [0m[      20.444] [30;1mjni/../jni/src/claw/graphics/surface/SurfaceHW.cpp:883: Surface  xy: 11, uv: 15, tri: 9
04-23 10:13:04.779 10838 11035 I Claw    : [0m[      20.444] [30;1mjni/../jni/src/claw/graphics/surface/SurfaceHW.cpp:883: Surface  xy: 4, uv: 4, tri: 2
04-23 10:13:04.779 10838 11035 I Claw    : [0m[      20.445] [30;1mjni/../jni/src/claw/graphics/surface/SurfaceHW.cpp:883: Surface  xy: 4, uv: 4, tri: 2
04-23 10:13:04.779 10838 11035 I Claw    : [0m[      20.445] [30;1mjni/../jni/src/claw/graphics/surface/SurfaceHW.cpp:883: Surface  xy: 4, uv: 4, tri: 2
04-23 10:13:04.779 10838 11035 I Claw    : [0m[      20.446] [30;1mjni/../jni/src/claw/graphics/surface/SurfaceHW.cpp:883: Surface  xy: 8, uv: 10, tri: 6
04-23 10:13:04.779 10838 11035 I Claw    : [0m[      20.446] [30;1mjni/../jni/src/claw/graphics/surface/SurfaceHW.cpp:883: Surface  xy: 4, uv: 4, tri: 2
04-23 10:13:04.779 10838 11035 I Claw    : [0m[      20.447] [30;1mjni/../jni/src/claw/graphics/surface/SurfaceHW.cpp:883: Surface  xy: 16, uv: 22, tri: 14
04-23 10:13:04.779 10838 11123 I Claw    : [0m[      20.447] [30;1mjni/../jni/src/claw/vfs/NativeMount.cpp:244: Aquire java class for JNI method: com/Claw/Android/NativeMount
04-23 10:13:04.789 10838 11035 I Claw    : [0m[      20.447] [30;1mjni/../jni/src/claw/graphics/surface/SurfaceHW.cpp:883: Surface  xy: 16, uv: 22, tri: 14
04-23 10:13:04.789 10838 11123 I Claw    : [0m[      20.448] [30;1mjni/../jni/src/claw/vfs/NativeMount.cpp:244: JNI class acquired, acquire java method: GetFreeDiskSpace with args: (Ljava/lang/String;)J
04-23 10:13:04.789 10838 11035 I Claw    : [0m[      20.448] [30;1mjni/../jni/src/claw/graphics/surface/SurfaceHW.cpp:883: Surface  xy: 12, uv: 16, tri: 10
04-23 10:13:04.789 10838 11035 I Claw    : [0m[      20.449] [30;1mjni/../jni/src/claw/graphics/surface/SurfaceHW.cpp:883: Surface  xy: 12, uv: 16, tri: 10
04-23 10:13:04.789 10838 11035 I Claw    : [0m[      20.449] [30;1mjni/../jni/src/claw/graphics/surface/SurfaceHW.cpp:883: Surface  xy: 4, uv: 4, tri: 2
04-23 10:13:04.789 10838 11035 I Claw    : [0m[       20.45] [30;1mjni/../jni/src/claw/graphics/surface/SurfaceHW.cpp:883: Surface  xy: 4, uv: 4, tri: 2
04-23 10:13:04.789 10838 11035 I Claw    : [0m[       20.45] [30;1mjni/../jni/src/claw/graphics/surface/SurfaceHW.cpp:883: Surface  xy: 8, uv: 10, tri: 6
04-23 10:13:04.789 10838 11035 I Claw    : [0m[      20.451] [30;1mjni/../jni/src/claw/graphics/surface/SurfaceHW.cpp:883: Surface  xy: 4, uv: 4, tri: 2
04-23 10:13:04.789 10838 11123 I Claw    : [0m[      20.451] [30;1mjni/../jni/src/claw/vfs/NativeMount.cpp:244: Aquire java class for JNI method: com/Claw/Android/NativeMount
04-23 10:13:04.789 10838 11035 I Claw    : [0m[      20.451] [30;1mjni/../jni/src/claw/graphics/surface/SurfaceHW.cpp:883: Surface  xy: 4, uv: 4, tri: 2
04-23 10:13:04.789 10838 11123 I Claw    : [0m[      20.451] [30;1mjni/../jni/src/claw/vfs/NativeMount.cpp:244: JNI class acquired, acquire java method: GetFreeDiskSpace with args: (Ljava/lang/String;)J
04-23 10:13:04.789 10838 11035 I Claw    : [0m[      20.453] [30;1mjni/../jni/src/claw/graphics/surface/SurfaceHW.cpp:883: Surface  xy: 67, uv: 99, tri: 65
04-23 10:13:04.789 10838 11123 I Claw    : [0m[      20.453] [30;1mjni/../jni/src/claw/vfs/NativeMount.cpp:244: Aquire java class for JNI method: com/Claw/Android/NativeMount
04-23 10:13:04.789 10838 11123 I Claw    : [0m[      20.453] [30;1mjni/../jni/src/claw/vfs/NativeMount.cpp:244: JNI class acquired, acquire java method: GetFreeDiskSpace with args: (Ljava/lang/String;)J
04-23 10:13:04.789 10838 11035 I Claw    : [0m[      20.454] [30;1mjni/../jni/src/claw/graphics/surface/SurfaceHW.cpp:883: Surface  xy: 4, uv: 4, tri: 2
04-23 10:13:04.789 10838 11035 I Claw    : [0m[      20.454] [30;1mjni/../jni/src/claw/graphics/surface/SurfaceHW.cpp:883: Surface  xy: 4, uv: 4, tri: 2
04-23 10:13:04.789 10838 11035 I Claw    : [0m[      20.455] [30;1mjni/../jni/src/claw/graphics/surface/SurfaceHW.cpp:883: Surface  xy: 8, uv: 10, tri: 6
04-23 10:13:04.789 10838 11035 I Claw    : [0m[      20.455] [30;1mjni/../jni/src/claw/graphics/surface/SurfaceHW.cpp:883: Surface  xy: 4, uv: 4, tri: 2
04-23 10:13:04.789 10838 11035 I Claw    : [0m[      20.455] [30;1mjni/../jni/src/claw/graphics/surface/SurfaceHW.cpp:883: Surface  xy: 4, uv: 4, tri: 2
04-23 10:13:04.789 10838 11035 I Claw    : [0m[      20.456] [30;1mjni/../jni/src/claw/graphics/surface/SurfaceHW.cpp:883: Surface  xy: 4, uv: 4, tri: 2
04-23 10:13:04.789 10838 11035 I Claw    : [0m[      20.456] [30;1mjni/../jni/src/claw/graphics/surface/SurfaceHW.cpp:883: Surface  xy: 4, uv: 4, tri: 2
04-23 10:13:04.789 10838 11035 I Claw    : [0m[      20.457] [30;1mjni/../jni/src/claw/graphics/surface/SurfaceHW.cpp:883: Surface  xy: 7, uv: 9, tri: 5
04-23 10:13:04.799 10838 11035 I Claw    : [0m[      20.457] [30;1mjni/../jni/src/claw/graphics/surface/SurfaceHW.cpp:883: Surface  xy: 10, uv: 14, tri: 8
04-23 10:13:04.799 10838 11035 I Claw    : [0m[      20.458] [30;1mjni/../jni/src/claw/graphics/surface/SurfaceHW.cpp:883: Surface  xy: 7, uv: 9, tri: 5
04-23 10:13:04.799 10838 11035 I Claw    : [0m[      20.459] [30;1mjni/../jni/src/claw/graphics/surface/SurfaceHW.cpp:883: Surface  xy: 4, uv: 4, tri: 2
04-23 10:13:04.799 10838 11035 I Claw    : [0m[       20.46] [30;1mjni/../jni/src/claw/graphics/surface/SurfaceHW.cpp:883: Surface  xy: 4, uv: 4, tri: 2
04-23 10:13:04.799 10838 11035 I Claw    : [0m[       20.46] [30;1mjni/../jni/src/claw/graphics/surface/SurfaceHW.cpp:883: Surface  xy: 8, uv: 10, tri: 6
04-23 10:13:04.799 10838 11035 I Claw    : [0m[      20.461] [30;1mjni/../jni/src/claw/graphics/surface/SurfaceHW.cpp:883: Surface  xy: 8, uv: 10, tri: 6
04-23 10:13:04.799 10838 11035 I Claw    : [0m[      20.461] [30;1mjni/../jni/src/claw/graphics/surface/SurfaceHW.cpp:883: Surface  xy: 4, uv: 4, tri: 2
04-23 10:13:04.799 10838 11035 I Claw    : [0m[      20.462] [30;1mjni/../jni/src/claw/graphics/surface/SurfaceHW.cpp:883: Surface  xy: 4, uv: 4, tri: 2
04-23 10:13:04.799 10838 11035 I Claw    : [0m[      20.462] [30;1mjni/../jni/src/claw/graphics/surface/SurfaceHW.cpp:883: Surface  xy: 4, uv: 4, tri: 2
04-23 10:13:04.799 10838 11035 I Claw    : [0m[      20.463] [30;1mjni/../jni/src/claw/graphics/surface/SurfaceHW.cpp:883: Surface  xy: 4, uv: 4, tri: 2
04-23 10:13:04.799 10838 11035 I Claw    : [0m[      20.463] [30;1mjni/../jni/src/claw/graphics/surface/SurfaceHW.cpp:883: Surface  xy: 8, uv: 10, tri: 6
04-23 10:13:04.799 10838 11035 I Claw    : [0m[      20.463] [30;1mjni/../jni/src/claw/graphics/surface/SurfaceHW.cpp:883: Surface  xy: 4, uv: 4, tri: 2
04-23 10:13:04.799 10838 11035 I Claw    : [0m[      20.464] [30;1mjni/../jni/src/claw/graphics/surface/SurfaceHW.cpp:883: Surface  xy: 4, uv: 4, tri: 2
04-23 10:13:04.799 10838 11035 I Claw    : [0m[      20.464] [30;1mjni/../jni/src/claw/graphics/surface/SurfaceHW.cpp:883: Surface  xy: 4, uv: 4, tri: 2
04-23 10:13:04.799 10838 11035 I Claw    : [0m[      20.465] [30;1mjni/../jni/src/claw/graphics/surface/SurfaceHW.cpp:883: Surface  xy: 4, uv: 4, tri: 2
04-23 10:13:04.799 10838 11035 I Claw    : [0m[      20.465] [30;1mjni/../jni/src/claw/graphics/surface/SurfaceHW.cpp:883: Surface  xy: 4, uv: 4, tri: 2
04-23 10:13:04.799 10838 11035 I Claw    : [0m[      20.466] [30;1mjni/../jni/src/claw/graphics/surface/SurfaceHW.cpp:883: Surface  xy: 4, uv: 4, tri: 2
04-23 10:13:04.799 10838 11035 I Claw    : [0m[      20.466] [30;1mjni/../jni/src/claw/graphics/surface/SurfaceHW.cpp:883: Surface  xy: 8, uv: 10, tri: 6
04-23 10:13:04.799 10838 11037 I Claw    : [0m[      20.467] [30;1mjni/../jni/src/claw/service/StreamingManager.cpp:563: mip 9  w 8  h 8 (128)
04-23 10:13:04.799 10838 11037 I Claw    : [0m[      20.467] [30;1mjni/../jni/src/claw/vfs/Vfs.cpp:172: Opened file: /atlases/atlas3.etc2+.mip/C9
04-23 10:13:04.799 10838 11035 I Claw    : [0m[      20.467] [30;1mjni/../jni/src/claw/graphics/surface/SurfaceHW.cpp:883: Surface  xy: 4, uv: 4, tri: 2
04-23 10:13:04.809 10838 11035 I Claw    : [0m[      20.467] [30;1mjni/../jni/src/claw/graphics/surface/SurfaceHW.cpp:883: Surface  xy: 4, uv: 4, tri: 2
04-23 10:13:04.809 10838 11035 I Claw    : [0m[      20.468] [30;1mjni/../jni/src/claw/graphics/surface/SurfaceHW.cpp:883: Surface  xy: 4, uv: 4, tri: 2
04-23 10:13:04.809 10838 11035 I Claw    : [0m[      20.468] [30;1mjni/../jni/src/claw/graphics/surface/SurfaceHW.cpp:883: Surface  xy: 4, uv: 4, tri: 2
04-23 10:13:04.809 10838 11035 I Claw    : [0m[      20.469] [30;1mjni/../jni/src/claw/graphics/surface/SurfaceHW.cpp:883: Surface  xy: 11, uv: 15, tri: 9
04-23 10:13:04.809 10838 11035 I Claw    : [0m[      20.469] [30;1mjni/../jni/src/claw/graphics/surface/SurfaceHW.cpp:883: Surface  xy: 4, uv: 4, tri: 2
04-23 10:13:04.809 10838 11035 I Claw    : [0m[       20.47] [30;1mjni/../jni/src/claw/graphics/surface/SurfaceHW.cpp:883: Surface  xy: 8, uv: 10, tri: 6
04-23 10:13:04.809 10838 11037 I Claw    : [0m[       20.47] [30;1mjni/../jni/src/claw/vfs/Vfs.cpp:172: Opened file: /atlases/atlas3.etc2+.mip/A9
04-23 10:13:04.809 10838 11123 I Claw    : [0m[       20.47] [30;1mjni/../jni/src/claw/vfs/NativeMount.cpp:244: Aquire java class for JNI method: com/Claw/Android/NativeMount
04-23 10:13:04.809 10838 11035 I Claw    : [0m[       20.47] [30;1mjni/../jni/src/claw/graphics/surface/SurfaceHW.cpp:883: Surface  xy: 7, uv: 9, tri: 5
04-23 10:13:04.809 10838 11123 I Claw    : [0m[       20.47] [30;1mjni/../jni/src/claw/vfs/NativeMount.cpp:244: JNI class acquired, acquire java method: GetFreeDiskSpace with args: (Ljava/lang/String;)J
04-23 10:13:04.809 10838 11035 I Claw    : [0m[      20.471] [30;1mjni/../jni/src/claw/graphics/surface/SurfaceHW.cpp:883: Surface  xy: 8, uv: 10, tri: 6
04-23 10:13:04.809 10838 11035 I Claw    : [0m[      20.471] [30;1mjni/../jni/src/claw/graphics/surface/SurfaceHW.cpp:883: Surface  xy: 11, uv: 15, tri: 9
04-23 10:13:04.809 10838 11035 I Claw    : [0m[      20.472] [30;1mjni/../jni/src/claw/graphics/surface/SurfaceHW.cpp:883: Surface  xy: 4, uv: 4, tri: 2
04-23 10:13:04.809 10838 11123 I Claw    : [0m[      20.472] [30;1mjni/../jni/src/claw/vfs/NativeMount.cpp:244: Aquire java class for JNI method: com/Claw/Android/NativeMount
04-23 10:13:04.809 10838 11035 I Claw    : [0m[      20.472] [30;1mjni/../jni/src/claw/graphics/surface/SurfaceHW.cpp:883: Surface  xy: 8, uv: 10, tri: 6
04-23 10:13:04.809 10838 11123 I Claw    : [0m[      20.472] [30;1mjni/../jni/src/claw/vfs/NativeMount.cpp:244: JNI class acquired, acquire java method: GetFreeDiskSpace with args: (Ljava/lang/String;)J
04-23 10:13:04.809 10838 11035 I Claw    : [0m[      20.473] [30;1mjni/../jni/src/claw/graphics/surface/SurfaceHW.cpp:883: Surface  xy: 7, uv: 9, tri: 5
04-23 10:13:04.809 10838 11035 I Claw    : [0m[      20.473] [30;1mjni/../jni/src/claw/graphics/surface/SurfaceHW.cpp:883: Surface  xy: 4, uv: 4, tri: 2
04-23 10:13:04.809 10838 11035 I Claw    : [0m[      20.473] [30;1mjni/../jni/src/claw/graphics/surface/SurfaceHW.cpp:883: Surface  xy: 4, uv: 4, tri: 2
04-23 10:13:04.809 10838 11035 I Claw    : [0m[      20.474] [30;1mjni/../jni/src/claw/graphics/surface/SurfaceHW.cpp:883: Surface  xy: 4, uv: 4, tri: 2
04-23 10:13:04.809 10838 11035 I Claw    : [0m[      20.474] [30;1mjni/../jni/src/claw/graphics/surface/SurfaceHW.cpp:883: Surface  xy: 4, uv: 4, tri: 2
04-23 10:13:04.809 10838 11035 I Claw    : [0m[      20.475] [30;1mjni/../jni/src/claw/graphics/surface/SurfaceHW.cpp:883: Surface  xy: 4, uv: 4, tri: 2
04-23 10:13:04.809 10838 11037 I Claw    : [0m[      20.476] [30;1mjni/../jni/src/claw/service/StreamingManager.cpp:563: mip 8  w 16  h 16 (512)
04-23 10:13:04.809 10838 11037 I Claw    : [0m[      20.476] [30;1mjni/../jni/src/claw/vfs/Vfs.cpp:172: Opened file: /atlases/atlas3.etc2+.mip/C8
04-23 10:13:04.809 10838 11035 I Claw    : [0m[      20.476] [30;1mjni/../jni/src/claw/graphics/surface/SurfaceHW.cpp:883: Surface  xy: 4, uv: 4, tri: 2
04-23 10:13:04.819 10838 11035 I Claw    : [0m[      20.477] [30;1mjni/../jni/src/claw/graphics/surface/SurfaceHW.cpp:883: Surface  xy: 4, uv: 4, tri: 2
04-23 10:13:04.819 10838 11035 I Claw    : [0m[      20.478] [30;1mjni/../jni/src/claw/graphics/surface/SurfaceHW.cpp:883: Surface  xy: 4, uv: 4, tri: 2
04-23 10:13:04.819 10838 11035 I Claw    : [0m[      20.478] [30;1mjni/../jni/src/claw/graphics/surface/SurfaceHW.cpp:883: Surface  xy: 4, uv: 4, tri: 2
04-23 10:13:04.819 10838 11035 I Claw    : [0m[      20.479] [30;1mjni/../jni/src/claw/graphics/surface/SurfaceHW.cpp:883: Surface  xy: 4, uv: 4, tri: 2
04-23 10:13:04.819 10838 11037 I Claw    : [0m[      20.479] [30;1mjni/../jni/src/claw/vfs/Vfs.cpp:172: Opened file: /atlases/atlas3.etc2+.mip/A8
04-23 10:13:04.819 10838 11035 I Claw    : [0m[      20.479] [30;1mjni/../jni/src/claw/graphics/surface/SurfaceHW.cpp:883: Surface  xy: 4, uv: 4, tri: 2
04-23 10:13:04.819 10838 11035 I Claw    : [0m[      20.479] [30;1mjni/../jni/src/claw/graphics/surface/SurfaceHW.cpp:883: Surface  xy: 4, uv: 4, tri: 2
04-23 10:13:04.819 10838 11035 I Claw    : [0m[       20.48] [30;1mjni/../jni/src/claw/graphics/surface/SurfaceHW.cpp:883: Surface  xy: 4, uv: 4, tri: 2
