04-23 16:33:37.609 25460 25898 I Claw    : [0m[       24.98] ../../../../../../../../contrib/huuugeanalyticssdk/cpp/contrib/jni/JniAttach.hpp:185: Aquire java class for JNI method: com/huuuge/analytics/HA
04-23 16:33:37.609 25460 25908 I Claw    : [0m[       24.98] /home/jenkins-agent/workspace/huuuge-stars/client-dev/hs-android/src/casino/DefaultDownloadManager.cpp:415: Downloading pak atlas_avatars_1_etc2.pak from http://cdn-hs-dev.hgonline.net/347/
04-23 16:33:37.609 25460 25898 I Claw    : [0m[       24.98] ../../../../../../../../contrib/huuugeanalyticssdk/cpp/contrib/jni/JniAttach.hpp:185: JNI class acquired, acquire java method: connectionStatus with args: ()I
04-23 16:33:37.609 25460 25898 I Claw    : [0m[       24.98] ../../../../../../../../contrib/huuugeanalyticssdk/cpp/contrib/jni/JniAttach.hpp:186: JNI method acquired, try to call.
04-23 16:33:37.609 25460 25998 I Claw    : [0m[      24.981] [30;1mjni/../jni/src/claw/vfs/android/AndroidSaveFile.cpp:62: Open existing save assetcache/atlas_avatars_1_etc2.pak
04-23 16:33:37.609 25460 25898 I Claw    : [0m[      24.982] ../../../../../../../../contrib/huuugeanalyticssdk/cpp/contrib/jni/JniAttach.hpp:189: JNI method called.
04-23 16:33:37.609 25460 25998 I Claw    : [0m[      24.982] [30;1mjni/../jni/src/claw/vfs/Vfs.cpp:207: Opened file: /assetcache/atlas_avatars_1_etc2.pak
04-23 16:33:37.609 25460 25881 I Claw    : [0m[      24.982] [30;1mjni/../jni/src/claw/graphics/surface/SurfaceHW.cpp:883: Surface  xy: 56, uv: 82, tri: 54
04-23 16:33:37.609  2612  2626 D ConnectivityService: returning getNetworkInfo for network type 1 : [type: WIFI[] - WIFI, state: CONNECTED/CONNECTED, reason: (unspecified), extra: "HuuugeQA", roaming: false, failover: false, isAvailable: true]
04-23 16:33:37.609  2612  3270 D ConnectivityService: returning getNetworkInfo for network type 0 : [type: MOBILE[] - MOBILE, state: DISCONNECTED/DISCONNECTED, reason: (unspecified), extra: (none), roaming: false, failover: false, isAvailable: true]
04-23 16:33:37.619 25460 25884 I Claw    : [0m[      24.983] [30;1mjni/../jni/src/claw/vfs/Vfs.cpp:172: Opened file: /atlases/atlas_tiles3_hc.etc2+.mip/C7
04-23 16:33:37.619 25460 25884 I Claw    : [0m[      24.983] [30;1mjni/../jni/src/claw/vfs/Vfs.cpp:172: Opened file: /atlases/atlas_tiles3_hc.etc2+.mip/A7
04-23 16:33:37.619  2218  2767 D EnterpriseController: netId is 0
04-23 16:33:37.619  2218  2767 D Netd    : getNetworkForDns: using netid 502 for uid 10694
04-23 16:33:37.619 25460 25998 I Claw    : [0m[      24.985] [30;1mjni/../jni/src/claw/network/HttpRequest.cpp:97: cdn-hs-dev.hgonline.net resolved to ::ffff:92.122.48.57
04-23 16:33:37.619 25460 25998 I Claw    : [0m[      24.985] [30;1mjni/../jni/src/claw/network/HttpRequest.cpp:97: cdn-hs-dev.hgonline.net resolved to ::ffff:92.122.48.58
04-23 16:33:37.619 25460 25998 I Claw    : [0m[      24.986] [30;1mjni/../jni/src/claw/network/unix/UnixStreamSocket.cpp:93: Connecting to ::ffff:92.122.48.57
04-23 16:33:37.619 25460 25884 I Claw    : [0m[      24.986] [30;1mjni/../jni/src/claw/service/StreamingManager.cpp:563: mip 6  w 64  h 64 (8192)
04-23 16:33:37.619 25460 25884 I Claw    : [0m[      24.987] [30;1mjni/../jni/src/claw/vfs/Vfs.cpp:172: Opened file: /atlases/atlas_tiles3_hc.etc2+.mip/C6
04-23 16:33:37.619 25460 25884 I Claw    : [0m[      24.987] [30;1mjni/../jni/src/claw/vfs/Vfs.cpp:172: Opened file: /atlases/atlas_tiles3_hc.etc2+.mip/A6
04-23 16:33:37.619 25460 25884 I Claw    : [0m[      24.991] [30;1mjni/../jni/src/claw/service/StreamingManager.cpp:563: mip 5  w 128  h 128 (32768)
04-23 16:33:37.619 25460 25884 I Claw    : [0m[      24.991] [30;1mjni/../jni/src/claw/vfs/Vfs.cpp:172: Opened file: /atlases/atlas_tiles3_hc.etc2+.mip/C5
04-23 16:33:37.619 25460 25884 I Claw    : [0m[      24.992] [30;1mjni/../jni/src/claw/vfs/Vfs.cpp:172: Opened file: /atlases/atlas_tiles3_hc.etc2+.mip/A5
04-23 16:33:37.629 25460 25881 I Claw    : [0m[      24.996] [30;1mjni/../jni/src/claw/graphics/surface/SurfaceHW.cpp:883: Surface  xy: 56, uv: 82, tri: 54
04-23 16:33:37.629 25460 25881 I Claw    : [0m[      24.998] [30;1mjni/../jni/src/claw/graphics/surface/SurfaceHW.cpp:883: Surface  xy: 56, uv: 82, tri: 54
04-23 16:33:37.629 25811 25811 D RelationGraph: garbageCollect()
04-23 16:33:37.629 25460 25881 I Claw    : [0m[      25.001] [30;1mjni/../jni/src/claw/graphics/surface/SurfaceHW.cpp:883: Surface  xy: 56, uv: 82, tri: 54
04-23 16:33:37.629 25460 25881 I Claw    : [0m[      25.003] [30;1mjni/../jni/src/claw/graphics/surface/SurfaceHW.cpp:883: Surface  xy: 4, uv: 4, tri: 2
04-23 16:33:37.639 25460 25884 I Claw    : [0m[      25.005] [30;1mjni/../jni/src/claw/service/StreamingManager.cpp:563: mip 4  w 256  h 256 (131072)
04-23 16:33:37.639 25460 25884 I Claw    : [0m[      25.005] [30;1mjni/../jni/src/claw/vfs/Vfs.cpp:172: Opened file: /atlases/atlas_tiles3_hc.etc2+.mip/C4
04-23 16:33:37.639 25460 25884 I Claw    : [0m[      25.007] [30;1mjni/../jni/src/claw/vfs/Vfs.cpp:172: Opened file: /atlases/atlas_tiles3_hc.etc2+.mip/A4
04-23 16:33:37.639 25460 25884 I Claw    : [0m[       25.01] [30;1mjni/../jni/src/claw/service/StreamingManager.cpp:563: mip 3  w 512  h 512 (524288)
04-23 16:33:37.639 25460 25884 I Claw    : [0m[      25.011] [30;1mjni/../jni/src/claw/vfs/Vfs.cpp:172: Opened file: /atlases/atlas_tiles3_hc.etc2+.mip/C3
04-23 16:33:37.649 25460 25881 I Claw    : [0m[      25.014] [30;1mjni/../jni/src/claw/graphics/surface/SurfaceHW.cpp:883: Surface  xy: 4, uv: 4, tri: 2
04-23 16:33:37.649 25460 25881 I Claw    : [0m[      25.015] [30;1mjni/../jni/src/claw/graphics/surface/SurfaceHW.cpp:883: Surface  xy: 4, uv: 4, tri: 2
04-23 16:33:37.649 25460 25881 I Claw    : [0m[      25.017] [30;1mjni/../jni/src/claw/graphics/surface/SurfaceHW.cpp:883: Surface  xy: 4, uv: 4, tri: 2
04-23 16:33:37.649 25460 25881 I Claw    : [0m[      25.018] [30;1mjni/../jni/src/claw/graphics/surface/SurfaceHW.cpp:883: Surface  xy: 4, uv: 4, tri: 2
04-23 16:33:37.649 25460 25881 I Claw    : [0m[      25.018] [35;1mATLAS /home/jenkins-agent/workspace/huuuge-stars/client-dev/hs-android/src/casino/AtlasManager.cpp:748: Atlas manager added to loaded list: 5
04-23 16:33:37.649 25460 25971 I Claw    : [0m[      25.018] [30;1mjni/../jni/src/claw/vfs/Vfs.cpp:172: Opened file: /font/header.xml
04-23 16:33:37.649 25460 25884 I Claw    : [0m[       25.02] [30;1mjni/../jni/src/claw/vfs/Vfs.cpp:172: Opened file: /atlases/atlas_tiles3_hc.etc2+.mip/A3
04-23 16:33:37.649 25460 25971 I Claw    : [0m[      25.021] [30;1mjni/../jni/src/claw/vfs/Vfs.cpp:172: Opened file: /font/header0.xml
04-23 16:33:37.659 25460 25884 I Claw    : [0m[      25.025] [30;1mjni/../jni/src/claw/service/StreamingManager.cpp:563: mip 2  w 1024  h 1024 (2097152)
04-23 16:33:37.659 25460 25884 I Claw    : [0m[      25.025] [30;1mjni/../jni/src/claw/vfs/Vfs.cpp:172: Opened file: /atlases/atlas_tiles3_hc.etc2+.mip/C2
04-23 16:33:37.659 25811 25811 D RelationGraph: garbageCollect()
04-23 16:33:37.669 25460 25971 I Claw    : [0m[      25.036] [30;1mjni/../jni/src/claw/vfs/Vfs.cpp:172: Opened file: /font/header1.xml
04-23 16:33:37.669 25460 25884 I Claw    : [0m[      25.036] [30;1mjni/../jni/src/claw/vfs/Vfs.cpp:172: Opened file: /atlases/atlas_tiles3_hc.etc2+.mip/A2
04-23 16:33:37.669 25460 25998 I Claw    : [0m[      25.039] [30;1mjni/../jni/src/claw/network/HttpRequest.cpp:279: Content length: 413826
04-23 16:33:37.669 25460 25998 I Claw    : [0m[      25.041] [30;1mjni/../jni/src/claw/vfs/NativeMount.cpp:244: Aquire java class for JNI method: com/Claw/Android/NativeMount
04-23 16:33:37.669 25460 25998 I Claw    : [0m[      25.042] [30;1mjni/../jni/src/claw/vfs/NativeMount.cpp:244: JNI class acquired, acquire java method: GetFreeDiskSpace with args: (Ljava/lang/String;)J
04-23 16:33:37.679 25460 25998 I Claw    : [0m[      25.045] [30;1mjni/../jni/src/claw/vfs/NativeMount.cpp:244: Aquire java class for JNI method: com/Claw/Android/NativeMount
04-23 16:33:37.679 25460 25998 I Claw    : [0m[      25.045] [30;1mjni/../jni/src/claw/vfs/NativeMount.cpp:244: JNI class acquired, acquire java method: GetFreeDiskSpace with args: (Ljava/lang/String;)J
04-23 16:33:37.679 25460 25885 I Claw    : [0m[      25.048] [30;1mjni/../jni/src/claw/base/BigBufCache.cpp:186: BigBuf 1 new buf: 2796216
04-23 16:33:37.679 25460 25885 I Claw    : [0m[      25.048] [30;1mjni/../jni/src/claw/base/BigBufCache.cpp:187:   Count: 21
04-23 16:33:37.679 25460 25885 I Claw    : [0m[      25.049] [30;1mjni/../jni/src/claw/base/BigBufCache.cpp:194:   Buffers: 2796216, 2796216, 2796216, 2796216, 11184824, 11184824, 11184824, 2796216, 2796216, 11184824, 2796216, 2796216, 2796216, 2796216, 699064, 699064, 699064, 699064, 699064, 699064, 2796216, 
04-23 16:33:37.679 25460 25885 I Claw    : [0m[      25.052] [30;1mjni/../jni/src/claw/base/BigBufCache.cpp:186: BigBuf 1 new buf: 2796216
04-23 16:33:37.679 25460 25885 I Claw    : [0m[      25.052] [30;1mjni/../jni/src/claw/base/BigBufCache.cpp:187:   Count: 22
04-23 16:33:37.679 25460 25885 I Claw    : [0m[      25.052] [30;1mjni/../jni/src/claw/base/BigBufCache.cpp:194:   Buffers: 2796216, 2796216, 2796216, 2796216, 11184824, 11184824, 11184824, 2796216, 2796216, 11184824, 2796216, 2796216, 2796216, 2796216, 699064, 699064, 699064, 699064, 699064, 699064, 2796216, 2796216, 
04-23 16:33:37.689 25460 25885 I Claw    : [0m[      25.053] [30;1mjni/../jni/src/claw/service/StreamingManager.cpp:563: mip 1  w 2048  h 2048 (8388608)
04-23 16:33:37.689 25460 25885 I Claw    : [0m[      25.054] [30;1mjni/../jni/src/claw/vfs/Vfs.cpp:172: Opened file: /atlases/atlas_tiles3_hc.etc2+.mip/C1
04-23 16:33:37.689 25811 25811 D RelationGraph: garbageCollect()
04-23 16:33:37.699 25460 25998 I Claw    : [0m[      25.064] [30;1mjni/../jni/src/claw/vfs/NativeMount.cpp:244: Aquire java class for JNI method: com/Claw/Android/NativeMount
04-23 16:33:37.699 25460 25998 I Claw    : [0m[      25.065] [30;1mjni/../jni/src/claw/vfs/NativeMount.cpp:244: JNI class acquired, acquire java method: GetFreeDiskSpace with args: (Ljava/lang/String;)J
04-23 16:33:37.699 25460 25998 I Claw    : [0m[      25.068] [30;1mjni/../jni/src/claw/vfs/NativeMount.cpp:244: Aquire java class for JNI method: com/Claw/Android/NativeMount
04-23 16:33:37.699 25460 25998 I Claw    : [0m[      25.068] [30;1mjni/../jni/src/claw/vfs/NativeMount.cpp:244: JNI class acquired, acquire java method: GetFreeDiskSpace with args: (Ljava/lang/String;)J
04-23 16:33:37.699 25460 25971 I Claw    : [0m[      25.069] [30;1mjni/../jni/src/claw/vfs/Vfs.cpp:172: Opened file: /font/header2.xml
04-23 16:33:37.699 25460 25998 I Claw    : [0m[      25.071] [30;1mjni/../jni/src/claw/vfs/NativeMount.cpp:244: Aquire java class for JNI method: com/Claw/Android/NativeMount
04-23 16:33:37.699 25460 25998 I Claw    : [0m[      25.071] [30;1mjni/../jni/src/claw/vfs/NativeMount.cpp:244: JNI class acquired, acquire java method: GetFreeDiskSpace with args: (Ljava/lang/String;)J
04-23 16:33:37.709 25460 25998 I Claw    : [0m[      25.075] [30;1mjni/../jni/src/claw/vfs/NativeMount.cpp:244: Aquire java class for JNI method: com/Claw/Android/NativeMount
04-23 16:33:37.709 25460 25998 I Claw    : [0m[      25.076] [30;1mjni/../jni/src/claw/vfs/NativeMount.cpp:244: JNI class acquired, acquire java method: GetFreeDiskSpace with args: (Ljava/lang/String;)J
04-23 16:33:37.709 25460 25998 I Claw    : [0m[      25.077] [30;1mjni/../jni/src/claw/vfs/NativeMount.cpp:244: Aquire java class for JNI method: com/Claw/Android/NativeMount
04-23 16:33:37.709 25460 25998 I Claw    : [0m[      25.078] [30;1mjni/../jni/src/claw/vfs/NativeMount.cpp:244: JNI class acquired, acquire java method: GetFreeDiskSpace with args: (Ljava/lang/String;)J
04-23 16:33:37.709 25460 25998 I Claw    : [0m[      25.079] [30;1mjni/../jni/src/claw/vfs/NativeMount.cpp:244: Aquire java class for JNI method: com/Claw/Android/NativeMount
04-23 16:33:37.709 25460 25998 I Claw    : [0m[      25.079] [30;1mjni/../jni/src/claw/vfs/NativeMount.cpp:244: JNI class acquired, acquire java method: GetFreeDiskSpace with args: (Ljava/lang/String;)J
04-23 16:33:37.719 25811 25811 D RelationGraph: garbageCollect()
04-23 16:33:37.719 25460 25998 I Claw    : [0m[      25.092] [30;1mjni/../jni/src/claw/vfs/NativeMount.cpp:244: Aquire java class for JNI method: com/Claw/Android/NativeMount
04-23 16:33:37.719 25460 25998 I Claw    : [0m[      25.092] [30;1mjni/../jni/src/claw/vfs/NativeMount.cpp:244: JNI class acquired, acquire java method: GetFreeDiskSpace with args: (Ljava/lang/String;)J
04-23 16:33:37.729 25460 25998 I Claw    : [0m[      25.094] [30;1mjni/../jni/src/claw/vfs/NativeMount.cpp:244: Aquire java class for JNI method: com/Claw/Android/NativeMount
04-23 16:33:37.729 25460 25998 I Claw    : [0m[      25.095] [30;1mjni/../jni/src/claw/vfs/NativeMount.cpp:244: JNI class acquired, acquire java method: GetFreeDiskSpace with args: (Ljava/lang/String;)J
04-23 16:33:37.729 25460 25998 I Claw    : [0m[      25.098] [30;1mjni/../jni/src/claw/vfs/NativeMount.cpp:244: Aquire java class for JNI method: com/Claw/Android/NativeMount
04-23 16:33:37.729 25460 25998 I Claw    : [0m[      25.098] [30;1mjni/../jni/src/claw/vfs/NativeMount.cpp:244: JNI class acquired, acquire java method: GetFreeDiskSpace with args: (Ljava/lang/String;)J
04-23 16:33:37.729 25460 25998 I Claw    : [0m[      25.101] [30;1mjni/../jni/src/claw/vfs/NativeMount.cpp:244: Aquire java class for JNI method: com/Claw/Android/NativeMount
04-23 16:33:37.729 25460 25885 I Claw    : [0m[      25.102] [30;1mjni/../jni/src/claw/vfs/Vfs.cpp:172: Opened file: /atlases/atlas_tiles3_hc.etc2+.mip/A1
04-23 16:33:37.729 25460 25998 I Claw    : [0m[      25.102] [30;1mjni/../jni/src/claw/vfs/NativeMount.cpp:244: JNI class acquired, acquire java method: GetFreeDiskSpace with args: (Ljava/lang/String;)J
04-23 16:33:37.739 25460 25971 I Claw    : [0m[      25.104] [30;1mjni/../jni/src/claw/vfs/Vfs.cpp:172: Opened file: /font/header3.xml
04-23 16:33:37.739 25460 25998 I Claw    : [0m[      25.104] [30;1mjni/../jni/src/claw/vfs/NativeMount.cpp:244: Aquire java class for JNI method: com/Claw/Android/NativeMount
04-23 16:33:37.739 25460 25998 I Claw    : [0m[      25.105] [30;1mjni/../jni/src/claw/vfs/NativeMount.cpp:244: JNI class acquired, acquire java method: GetFreeDiskSpace with args: (Ljava/lang/String;)J
04-23 16:33:37.739 25460 25998 I Claw    : [0m[      25.107] [30;1mjni/../jni/src/claw/vfs/NativeMount.cpp:244: Aquire java class for JNI method: com/Claw/Android/NativeMount
04-23 16:33:37.739 25460 25998 I Claw    : [0m[      25.107] [30;1mjni/../jni/src/claw/vfs/NativeMount.cpp:244: JNI class acquired, acquire java method: GetFreeDiskSpace with args: (Ljava/lang/String;)J
04-23 16:33:37.739 25460 25971 I Claw    : [0m[      25.108] [30;1mjni/../jni/src/claw/vfs/Vfs.cpp:172: Opened file: /font/header_big.xml
04-23 16:33:37.739 25460 25971 I Claw    : [0m[      25.108] [30;1mjni/../jni/src/claw/vfs/Vfs.cpp:172: Opened file: /font/header_big0.xml
04-23 16:33:37.739 25460 25998 I Claw    : [0m[       25.11] [30;1mjni/../jni/src/claw/vfs/NativeMount.cpp:244: Aquire java class for JNI method: com/Claw/Android/NativeMount
04-23 16:33:37.739 25460 25998 I Claw    : [0m[      25.111] [30;1mjni/../jni/src/claw/vfs/NativeMount.cpp:244: JNI class acquired, acquire java method: GetFreeDiskSpace with args: (Ljava/lang/String;)J
04-23 16:33:37.739 25460 25998 I Claw    : [0m[      25.113] [30;1mjni/../jni/src/claw/vfs/NativeMount.cpp:244: Aquire java class for JNI method: com/Claw/Android/NativeMount
04-23 16:33:37.749 25460 25998 I Claw    : [0m[      25.113] [30;1mjni/../jni/src/claw/vfs/NativeMount.cpp:244: JNI class acquired, acquire java method: GetFreeDiskSpace with args: (Ljava/lang/String;)J
04-23 16:33:37.749 25460 25998 I Claw    : [0m[      25.115] [30;1mjni/../jni/src/claw/vfs/NativeMount.cpp:244: Aquire java class for JNI method: com/Claw/Android/NativeMount
04-23 16:33:37.749 25460 25998 I Claw    : [0m[      25.115] [30;1mjni/../jni/src/claw/vfs/NativeMount.cpp:244: JNI class acquired, acquire java method: GetFreeDiskSpace with args: (Ljava/lang/String;)J
04-23 16:33:37.749 25460 25998 I Claw    : [0m[      25.118] [30;1mjni/../jni/src/claw/vfs/NativeMount.cpp:244: Aquire java class for JNI method: com/Claw/Android/NativeMount
04-23 16:33:37.749 25460 25998 I Claw    : [0m[      25.118] [30;1mjni/../jni/src/claw/vfs/NativeMount.cpp:244: JNI class acquired, acquire java method: GetFreeDiskSpace with args: (Ljava/lang/String;)J
04-23 16:33:37.749 25811 25811 D RelationGraph: garbageCollect()
04-23 16:33:37.749 25460 25998 I Claw    : [0m[       25.12] [30;1mjni/../jni/src/claw/vfs/NativeMount.cpp:244: Aquire java class for JNI method: com/Claw/Android/NativeMount
04-23 16:33:37.749 25460 25998 I Claw    : [0m[      25.121] [30;1mjni/../jni/src/claw/vfs/NativeMount.cpp:244: JNI class acquired, acquire java method: GetFreeDiskSpace with args: (Ljava/lang/String;)J
04-23 16:33:37.759 25460 25971 I Claw    : [0m[      25.123] [30;1mjni/../jni/src/claw/vfs/Vfs.cpp:172: Opened file: /font/header_big1.xml
04-23 16:33:37.759 25460 25998 I Claw    : [0m[      25.124] [30;1mjni/../jni/src/claw/vfs/NativeMount.cpp:244: Aquire java class for JNI method: com/Claw/Android/NativeMount
04-23 16:33:37.759 25460 25998 I Claw    : [0m[      25.124] [30;1mjni/../jni/src/claw/vfs/NativeMount.cpp:244: JNI class acquired, acquire java method: GetFreeDiskSpace with args: (Ljava/lang/String;)J
04-23 16:33:37.759 25460 25998 I Claw    : [0m[      25.126] [30;1mjni/../jni/src/claw/vfs/NativeMount.cpp:244: Aquire java class for JNI method: com/Claw/Android/NativeMount
04-23 16:33:37.759 25460 25998 I Claw    : [0m[      25.126] [30;1mjni/../jni/src/claw/vfs/NativeMount.cpp:244: JNI class acquired, acquire java method: GetFreeDiskSpace with args: (Ljava/lang/String;)J
04-23 16:33:37.759 25460 25998 I Claw    : [0m[      25.128] [30;1mjni/../jni/src/claw/vfs/NativeMount.cpp:244: Aquire java class for JNI method: com/Claw/Android/NativeMount
04-23 16:33:37.759 25460 25998 I Claw    : [0m[      25.128] [30;1mjni/../jni/src/claw/vfs/NativeMount.cpp:244: JNI class acquired, acquire java method: GetFreeDiskSpace with args: (Ljava/lang/String;)J
04-23 16:33:37.759 25460 25998 I Claw    : [0m[      25.129] [30;1mjni/../jni/src/claw/vfs/NativeMount.cpp:244: Aquire java class for JNI method: com/Claw/Android/NativeMount
04-23 16:33:37.759 25460 25998 I Claw    : [0m[       25.13] [30;1mjni/../jni/src/claw/vfs/NativeMount.cpp:244: JNI class acquired, acquire java method: GetFreeDiskSpace with args: (Ljava/lang/String;)J
04-23 16:33:37.759 25460 25998 I Claw    : [0m[      25.131] [30;1mjni/../jni/src/claw/vfs/NativeMount.cpp:244: Aquire java class for JNI method: com/Claw/Android/NativeMount
04-23 16:33:37.759 25460 25998 I Claw    : [0m[      25.131] [30;1mjni/../jni/src/claw/vfs/NativeMount.cpp:244: JNI class acquired, acquire java method: GetFreeDiskSpace with args: (Ljava/lang/String;)J
04-23 16:33:37.769 25460 25998 I Claw    : [0m[      25.133] [30;1mjni/../jni/src/claw/vfs/NativeMount.cpp:244: Aquire java class for JNI method: com/Claw/Android/NativeMount
04-23 16:33:37.769 25460 25998 I Claw    : [0m[      25.133] [30;1mjni/../jni/src/claw/vfs/NativeMount.cpp:244: JNI class acquired, acquire java method: GetFreeDiskSpace with args: (Ljava/lang/String;)J
04-23 16:33:37.769 25460 25971 I Claw    : [0m[      25.134] [30;1mjni/../jni/src/claw/vfs/Vfs.cpp:172: Opened file: /font/header_big2.xml
04-23 16:33:37.769 25460 25998 I Claw    : [0m[      25.136] [30;1mjni/../jni/src/claw/vfs/NativeMount.cpp:244: Aquire java class for JNI method: com/Claw/Android/NativeMount
04-23 16:33:37.769 25460 25998 I Claw    : [0m[      25.136] [30;1mjni/../jni/src/claw/vfs/NativeMount.cpp:244: JNI class acquired, acquire java method: GetFreeDiskSpace with args: (Ljava/lang/String;)J
04-23 16:33:37.769 25460 25998 I Claw    : [0m[      25.136] [30;1mjni/../jni/src/claw/vfs/android/AndroidSaveFile.cpp:82: Open new save assetcache/atlas_avatars_1_etc2.pak.meta
04-23 16:33:37.769 25460 25998 I Claw    : [0m[      25.138] [30;1mjni/../jni/src/claw/vfs/NativeMount.cpp:244: Aquire java class for JNI method: com/Claw/Android/NativeMount
04-23 16:33:37.769 25460 25998 I Claw    : [0m[      25.138] [30;1mjni/../jni/src/claw/vfs/NativeMount.cpp:244: JNI class acquired, acquire java method: GetFreeDiskSpace with args: (Ljava/lang/String;)J
04-23 16:33:37.769 25460 25998 I Claw    : [0m[      25.139] [30;1mjni/../jni/src/claw/vfs/NativeMount.cpp:244: Aquire java class for JNI method: com/Claw/Android/NativeMount
04-23 16:33:37.769 25460 25998 I Claw    : [0m[      25.139] [30;1mjni/../jni/src/claw/vfs/NativeMount.cpp:244: JNI class acquired, acquire java method: GetFreeDiskSpace with args: (Ljava/lang/String;)J
04-23 16:33:37.769 25460 25998 I Claw    : [0m[       25.14] [30;1mjni/../jni/src/claw/vfs/NativeMount.cpp:244: Aquire java class for JNI method: com/Claw/Android/NativeMount
04-23 16:33:37.769 25460 25998 I Claw    : [0m[       25.14] [30;1mjni/../jni/src/claw/vfs/NativeMount.cpp:244: JNI class acquired, acquire java method: GetFreeDiskSpace with args: (Ljava/lang/String;)J
04-23 16:33:37.769 25460 25998 I Claw    : [0m[      25.141] [30;1mjni/../jni/src/claw/vfs/NativeMount.cpp:244: Aquire java class for JNI method: com/Claw/Android/NativeMount
04-23 16:33:37.769 25460 25998 I Claw    : [0m[      25.141] [30;1mjni/../jni/src/claw/vfs/NativeMount.cpp:244: JNI class acquired, acquire java method: GetFreeDiskSpace with args: (Ljava/lang/String;)J
04-23 16:33:37.769 25460 25998 I Claw    : [0m[      25.142] [30;1mjni/../jni/src/claw/vfs/android/AndroidSaveFile.cpp:82: Open new save assetcache/atlas_avatars_1_etc2.pak.meta
04-23 16:33:37.769 25460 25971 I Claw    : [0m[      25.143] [30;1mjni/../jni/src/claw/vfs/Vfs.cpp:172: Opened file: /font/header_big3.xml
04-23 16:33:37.779 25460 25971 I Claw    : [0m[      25.143] [30;1mjni/../jni/src/claw/vfs/Vfs.cpp:172: Opened file: /font/header_gold.xml
04-23 16:33:37.779 25460 25998 I Claw    : [0m[      25.144] [30;1mjni/../jni/src/claw/vfs/NativeMount.cpp:244: Aquire java class for JNI method: com/Claw/Android/NativeMount
04-23 16:33:37.779 25460 25998 I Claw    : [0m[      25.145] [30;1mjni/../jni/src/claw/vfs/NativeMount.cpp:244: JNI class acquired, acquire java method: GetFreeDiskSpace with args: (Ljava/lang/String;)J
04-23 16:33:37.779 25811 25811 D RelationGraph: garbageCollect()
04-23 16:33:37.779 25460 25998 I Claw    : [0m[      25.146] [30;1mjni/../jni/src/claw/vfs/NativeMount.cpp:244: Aquire java class for JNI method: com/Claw/Android/NativeMount
04-23 16:33:37.779 25460 25998 I Claw    : [0m[      25.146] [30;1mjni/../jni/src/claw/vfs/NativeMount.cpp:244: JNI class acquired, acquire java method: GetFreeDiskSpace with args: (Ljava/lang/String;)J
04-23 16:33:37.779 25460 25998 I Claw    : [0m[      25.147] [30;1mjni/../jni/src/claw/vfs/NativeMount.cpp:244: Aquire java class for JNI method: com/Claw/Android/NativeMount
04-23 16:33:37.779 25460 25998 I Claw    : [0m[      25.147] [30;1mjni/../jni/src/claw/vfs/NativeMount.cpp:244: JNI class acquired, acquire java method: GetFreeDiskSpace with args: (Ljava/lang/String;)J
04-23 16:33:37.779 25460 25998 I Claw    : [0m[      25.148] [30;1mjni/../jni/src/claw/vfs/NativeMount.cpp:244: Aquire java class for JNI method: com/Claw/Android/NativeMount
04-23 16:33:37.779 25460 25998 I Claw    : [0m[      25.149] [30;1mjni/../jni/src/claw/vfs/NativeMount.cpp:244: JNI class acquired, acquire java method: GetFreeDiskSpace with args: (Ljava/lang/String;)J
04-23 16:33:37.779 25460 25998 I Claw    : [0m[      25.149] [30;1mjni/../jni/src/claw/vfs/android/AndroidSaveFile.cpp:82: Open new save assetcache/atlas_avatars_1_etc2.pak.meta
04-23 16:33:37.779 25460 25998 I Claw    : [0m[       25.15] [30;1mjni/../jni/src/claw/vfs/NativeMount.cpp:244: Aquire java class for JNI method: com/Claw/Android/NativeMount
04-23 16:33:37.779 25460 25998 I Claw    : [0m[      25.151] [30;1mjni/../jni/src/claw/vfs/NativeMount.cpp:244: JNI class acquired, acquire java method: GetFreeDiskSpace with args: (Ljava/lang/String;)J
04-23 16:33:37.779 25460 25971 I Claw    : [0m[      25.151] [30;1mjni/../jni/src/claw/vfs/Vfs.cpp:172: Opened file: /font/header_gold_big.xml
04-23 16:33:37.779 25460 25998 I Claw    : [0m[      25.152] [30;1mjni/../jni/src/claw/vfs/NativeMount.cpp:244: Aquire java class for JNI method: com/Claw/Android/NativeMount
04-23 16:33:37.779 25460 25998 I Claw    : [0m[      25.152] [30;1mjni/../jni/src/claw/vfs/NativeMount.cpp:244: JNI class acquired, acquire java method: GetFreeDiskSpace with args: (Ljava/lang/String;)J
04-23 16:33:37.779 25460 25998 W libc    : It seems that pthread_join() is not invoked or PTHREAD_ATTR_FLAG_DETACHED is not set.
04-23 16:33:37.779 25460 25998 W libc    :     pthread tid          : 25998
04-23 16:33:37.779 25460 25998 W libc    :     pthread start_routine: 0xdedf73b4
04-23 16:33:37.789 25460 25971 I Claw    : [0m[      25.153] [30;1mjni/../jni/src/claw/vfs/Vfs.cpp:172: Opened file: /font/normal_black.xml
04-23 16:33:37.799 25460 25971 I Claw    : [0m[      25.164] [30;1mjni/../jni/src/claw/vfs/Vfs.cpp:172: Opened file: /font/normal_blue.xml
04-23 16:33:37.799 25811 25811 D RelationGraph: garbageCollect()
04-23 16:33:37.809 25460 25971 I Claw    : [0m[      25.173] [30;1mjni/../jni/src/claw/vfs/Vfs.cpp:172: Opened file: /font/normal_digits.xml
04-23 16:33:37.809 25460 25971 I Claw    : [0m[      25.173] [30;1mjni/../jni/src/claw/vfs/Vfs.cpp:172: Opened file: /font/normal_digits0.xml
04-23 16:33:37.809 25460 25971 I Claw    : [0m[      25.174] [30;1mjni/../jni/src/claw/vfs/Vfs.cpp:172: Opened file: /font/normal_gold.xml
04-23 16:33:37.809 25460 25908 I Claw    : [0m[      25.181] [30;1mjni/../jni/src/claw/vfs/android/AndroidSaveFile.cpp:42: Open existing save assetcache/atlas_avatars_1_etc2.pak
04-23 16:33:37.809 25460 25908 I Claw    : [0m[      25.181] [30;1mjni/../jni/src/claw/vfs/Vfs.cpp:172: Opened file: /assetcache/atlas_avatars_1_etc2.pak
04-23 16:33:37.809 25460 25908 I Claw    : [0m[      25.182] /home/jenkins-agent/workspace/huuuge-stars/client-dev/hs-android/src/casino/DownloadManager.cpp:500: Mounting pak: atlas_avatars_1_etc2.pak
04-23 16:33:37.809 25460 25908 I Claw    : [0m[      25.182] [30;1mjni/../jni/src/claw/vfs/Vfs.cpp:97: Added new mount at /
04-23 16:33:37.809 25460 25884 I Claw    : [0m[      25.183] [30;1mjni/../jni/src/claw/service/StreamingManager.cpp:563: mip 1  w 1024  h 1024 (2097152)
04-23 16:33:37.809 25460 25884 I Claw    : [0m[      25.183] [30;1mjni/../jni/src/claw/vfs/Vfs.cpp:172: Opened file: /atlases/atlas_avatars.etc2+.mip/C1
04-23 16:33:37.819 25460 25971 I Claw    : [0m[      25.183] [30;1mjni/../jni/src/claw/vfs/Vfs.cpp:172: Opened file: /font/normal_pachislo.xml
04-23 16:33:37.819 25460 25908 I Claw    : [0m[      25.183] [30;1mjni/../jni/src/claw/vfs/android/AndroidSaveFile.cpp:42: Open existing save assetcache/atlas_lottery_1_etc2.pak.meta
04-23 16:33:37.819 25460 25908 I Claw    : [0m[      25.183] [30;1mjni/../jni/src/claw/vfs/Vfs.cpp:168: Cannot open file: /assetcache/atlas_lottery_1_etc2.pak.meta
04-23 16:33:37.819 25460 25908 I Claw    : [0m[      25.183] /home/jenkins-agent/workspace/huuuge-stars/client-dev/hs-android/src/casino/ServerList.cpp:53: Server list returning http://cdn-hs-dev.hgonline.net/347/, 1/14
04-23 16:33:37.819 25460 25908 I Claw    : [0m[      25.184] [30;1mjni/../jni/src/claw/vfs/android/AndroidSaveFile.cpp:42: Open existing save assetcache/atlas_lottery_1_etc2.pak.meta
04-23 16:33:37.819 25460 25908 I Claw    : [0m[      25.184] [30;1mjni/../jni/src/claw/vfs/Vfs.cpp:168: Cannot open file: /assetcache/atlas_lottery_1_etc2.pak.meta
04-23 16:33:37.819 25460 25908 I Claw    : [0m[      25.184] /home/jenkins-agent/workspace/huuuge-stars/client-dev/hs-android/src/casino/DefaultDownloadManager.cpp:415: Downloading pak atlas_lottery_1_etc2.pak from http://cdn-hs-dev.hgonline.net/347/
04-23 16:33:37.819  2218  2767 D EnterpriseController: netId is 0
04-23 16:33:37.819  2218  2767 D Netd    : getNetworkForDns: using netid 502 for uid 10694
04-23 16:33:37.819 25460 25898 I Claw    : [0m[      25.186] ../../../../../../../../contrib/huuugeanalyticssdk/cpp/contrib/jni/JniAttach.hpp:185: Aquire java class for JNI method: com/huuuge/analytics/HA
04-23 16:33:37.819 25460 25898 I Claw    : [0m[      25.186] ../../../../../../../../contrib/huuugeanalyticssdk/cpp/contrib/jni/JniAttach.hpp:185: JNI class acquired, acquire java method: connectionStatus with args: ()I
04-23 16:33:37.819 25460 25898 I Claw    : [0m[      25.187] ../../../../../../../../contrib/huuugeanalyticssdk/cpp/contrib/jni/JniAttach.hpp:186: JNI method acquired, try to call.
04-23 16:33:37.819 25460 26001 I Claw    : [0m[      25.187] [30;1mjni/../jni/src/claw/network/HttpRequest.cpp:97: cdn-hs-dev.hgonline.net resolved to ::ffff:92.122.48.57
04-23 16:33:37.819 25460 26001 I Claw    : [0m[      25.187] [30;1mjni/../jni/src/claw/network/HttpRequest.cpp:97: cdn-hs-dev.hgonline.net resolved to ::ffff:92.122.48.58
04-23 16:33:37.819 25460 26001 I Claw    : [0m[      25.187] [30;1mjni/../jni/src/claw/network/unix/UnixStreamSocket.cpp:93: Connecting to ::ffff:92.122.48.57
04-23 16:33:37.819 25460 25898 I Claw    : [0m[       25.19] ../../../../../../../../contrib/huuugeanalyticssdk/cpp/contrib/jni/JniAttach.hpp:189: JNI method called.
04-23 16:33:37.819 25460 25971 I Claw    : [0m[      25.192] [30;1mjni/../jni/src/claw/vfs/Vfs.cpp:172: Opened file: /font/normal_red.xml
04-23 16:33:37.819  2612  3660 D ConnectivityService: returning getNetworkInfo for network type 1 : [type: WIFI[] - WIFI, state: CONNECTED/CONNECTED, reason: (unspecified), extra: "HuuugeQA", roaming: false, failover: false, isAvailable: true]
04-23 16:33:37.819  2612  2626 D ConnectivityService: returning getNetworkInfo for network type 0 : [type: MOBILE[] - MOBILE, state: DISCONNECTED/DISCONNECTED, reason: (unspecified), extra: (none), roaming: false, failover: false, isAvailable: true]
04-23 16:33:37.829 25811 25811 D RelationGraph: garbageCollect()
04-23 16:33:37.829 25460 25971 I Claw    : [0m[      25.201] [30;1mjni/../jni/src/claw/vfs/Vfs.cpp:172: Opened file: /font/pixel_font.xml
04-23 16:33:37.829 25460 25971 I Claw    : [0m[      25.201] [30;1mjni/../jni/src/claw/vfs/Vfs.cpp:172: Opened file: /font/pixel_font.xml
04-23 16:33:37.829 25460 25971 I Claw    : [0m[      25.202] [30;1mjni/../jni/src/claw/vfs/Vfs.cpp:172: Opened file: /sound.lua
04-23 16:33:37.839 25460 25971 I Claw    : [0m[      25.208] [30;1mjni/../jni/src/claw/vfs/Vfs.cpp:172: Opened file: /sku.lua
04-23 16:33:37.849 25460 25971 I Claw    : [0m[      25.213] [30;1mjni/../jni/src/claw/vfs/Vfs.cpp:172: Opened file: /util/sound.lua
04-23 16:33:37.849 25460 25882 I Claw    : [0m[      25.219] /home/jenkins-agent/workspace/huuuge-stars/client-dev/hs-android/src/casino/AudioManager.cpp:223: Loading audio source: sound/window_close.ogg@buffer
04-23 16:33:37.849 25460 25882 I Claw    : [0m[      25.219] [30;1mjni/../jni/src/claw/vfs/Vfs.cpp:172: Opened file: /sound/window_close.ogg
04-23 16:33:37.859 25811 25811 D RelationGraph: garbageCollect()
04-23 16:33:37.859 25460 25884 I Claw    : [0m[      25.233] [30;1mjni/../jni/src/claw/vfs/Vfs.cpp:172: Opened file: /atlases/atlas_avatars.etc2+.mip/A1
04-23 16:33:37.869 25460 25882 I Claw    : [0m[      25.238] /home/jenkins-agent/workspace/huuuge-stars/client-dev/hs-android/src/casino/AudioManager.cpp:223: Loading audio source: music/clubs_theme.ogg
04-23 16:33:37.869 25460 25882 I Claw    : [0m[      25.238] [30;1mjni/../jni/src/claw/vfs/Vfs.cpp:172: Opened file: /music/clubs_theme.ogg
04-23 16:33:37.879 25460 25882 I Claw    : [0m[      25.246] /home/jenkins-agent/workspace/huuuge-stars/client-dev/hs-android/src/casino/AudioManager.cpp:223: Loading audio source: sound/sfx_flags_scroll.ogg@buffer
04-23 16:33:37.879 25460 25896 I Claw    : [0m[      25.246] /home/jenkins-agent/workspace/huuuge-stars/client-dev/hs-android/contrib/huuugeanalyticssdk/cpp/src/huuuge/analytics/HAHttp-android.cpp:80: Huuuge::analytics::HTTPAndroid::InvokeHttps 1nsjtnbmgl.execute-api.us-east-1.amazonaws.com public/dashboard-events
04-23 16:33:37.879 25460 25882 I Claw    : [0m[      25.246] [30;1mjni/../jni/src/claw/vfs/Vfs.cpp:172: Opened file: /sound/sfx_flags_scroll.ogg
04-23 16:33:37.879 25460 25896 I Claw    : [0m[      25.247] /home/jenkins-agent/workspace/huuuge-stars/client-dev/hs-android/contrib/huuugeanalyticssdk/cpp/src/huuuge/analytics/HAHttp-android.cpp:100: Huuuge::analytics::HTTPAndroid::InvokeHttps convert post payload 6736
04-23 16:33:37.879 25460 25896 I Claw    : [0m[      25.247] ../../../../../../../../contrib/huuugeanalyticssdk/cpp/contrib/jni/JniAttach.hpp:147: Aquire java class for JNI method: com/huuuge/analytics/HA
04-23 16:33:37.879 25460 25896 I Claw    : [0m[      25.247] ../../../../../../../../contrib/huuugeanalyticssdk/cpp/contrib/jni/JniAttach.hpp:147: JNI class acquired, acquire java method: doHttpsRequest with args: (Ljava/lang/String;Ljava/lang/String;Ljava/lang/String;[Ljava/lang/String;[Ljava/lang/String;[B)[Ljava/lang/String;
04-23 16:33:37.879 25460 25896 I Claw    : [0m[      25.247] ../../../../../../../../contrib/huuugeanalyticssdk/cpp/contrib/jni/JniAttach.hpp:148: JNI method acquired, try to call.
04-23 16:33:37.879 25460 26004 I System.out: (HTTPLog)-Static: isSBSettingEnabled false
04-23 16:33:37.879 25460 26004 I System.out: (HTTPLog)-Static: isSBSettingEnabled false
04-23 16:33:37.889 25460 25882 I Claw    : [0m[      25.258] /home/jenkins-agent/workspace/huuuge-stars/client-dev/hs-android/src/casino/AudioManager.cpp:223: Loading audio source: sound/hour_bonus_ready.ogg@buffer
04-23 16:33:37.889 25460 25882 I Claw    : [0m[      25.259] [30;1mjni/../jni/src/claw/vfs/Vfs.cpp:172: Opened file: /sound/hour_bonus_ready.ogg
04-23 16:33:37.889 25811 25811 D RelationGraph: garbageCollect()
04-23 16:33:37.919 25811 25811 D RelationGraph: garbageCollect()
04-23 16:33:37.939 25811 25811 D RelationGraph: garbageCollect()
04-23 16:33:37.939 25460 25882 I Claw    : [0m[      25.308] /home/jenkins-agent/workspace/huuuge-stars/client-dev/hs-android/src/casino/AudioManager.cpp:223: Loading audio source: sound/invite_to_friends_sent_failed.ogg@buffer
04-23 16:33:37.939 25460 25882 I Claw    : [0m[      25.309] [30;1mjni/../jni/src/claw/vfs/Vfs.cpp:172: Opened file: /sound/invite_to_friends_sent_failed.ogg
04-23 16:33:37.959 25811 25811 D RelationGraph: garbageCollect()
04-23 16:33:37.969 25460 25882 I Claw    : [0m[      25.335] /home/jenkins-agent/workspace/huuuge-stars/client-dev/hs-android/src/casino/AudioManager.cpp:223: Loading audio source: sound/disconnected_from_game.ogg@buffer
04-23 16:33:37.969 25460 25882 I Claw    : [0m[      25.335] [30;1mjni/../jni/src/claw/vfs/Vfs.cpp:172: Opened file: /sound/disconnected_from_game.ogg
04-23 16:33:37.989 25811 25811 D RelationGraph: garbageCollect()
04-23 16:33:38.009 25460 26001 I Claw    : [0m[      25.374] [30;1mjni/../jni/src/claw/network/HttpRequest.cpp:279: Content length: 50
04-23 16:33:38.009 25460 26001 I Claw    : [0m[      25.374] [30;1mjni/../jni/src/claw/vfs/android/AndroidSaveFile.cpp:82: Open new save assetcache/atlas_lottery_1_etc2.pak
04-23 16:33:38.009 25460 26001 I Claw    : [0m[      25.375] [30;1mjni/../jni/src/claw/vfs/android/AndroidSaveFile.cpp:82: Open new save assetcache/atlas_lottery_1_etc2.pak.meta
04-23 16:33:38.009 25460 26001 I Claw    : [0m[      25.376] [30;1mjni/../jni/src/claw/vfs/NativeMount.cpp:244: Aquire java class for JNI method: com/Claw/Android/NativeMount
04-23 16:33:38.009 25460 26001 I Claw    : [0m[      25.377] [30;1mjni/../jni/src/claw/vfs/NativeMount.cpp:244: JNI class acquired, acquire java method: GetFreeDiskSpace with args: (Ljava/lang/String;)J
04-23 16:33:38.009 25460 26001 I Claw    : [0m[      25.379] [30;1mjni/../jni/src/claw/vfs/NativeMount.cpp:244: Aquire java class for JNI method: com/Claw/Android/NativeMount
04-23 16:33:38.009 25460 26001 I Claw    : [0m[      25.379] [30;1mjni/../jni/src/claw/vfs/NativeMount.cpp:244: JNI class acquired, acquire java method: GetFreeDiskSpace with args: (Ljava/lang/String;)J
04-23 16:33:38.009 25460 25882 I Claw    : [0m[       25.38] /home/jenkins-agent/workspace/huuuge-stars/client-dev/hs-android/src/casino/AudioManager.cpp:223: Loading audio source: sound/happy_hour.ogg@buffer
04-23 16:33:38.009 25460 25882 I Claw    : [0m[       25.38] [30;1mjni/../jni/src/claw/vfs/Vfs.cpp:172: Opened file: /sound/happy_hour.ogg
04-23 16:33:38.009 25460 26001 I Claw    : [0m[      25.381] [30;1mjni/../jni/src/claw/vfs/NativeMount.cpp:244: Aquire java class for JNI method: com/Claw/Android/NativeMount
04-23 16:33:38.009 25460 26001 I Claw    : [0m[      25.381] [30;1mjni/../jni/src/claw/vfs/NativeMount.cpp:244: JNI class acquired, acquire java method: GetFreeDiskSpace with args: (Ljava/lang/String;)J
04-23 16:33:38.009 25460 26001 I Claw    : [0m[      25.382] [30;1mjni/../jni/src/claw/vfs/NativeMount.cpp:244: Aquire java class for JNI method: com/Claw/Android/NativeMount
04-23 16:33:38.009 25460 26001 I Claw    : [0m[      25.382] [30;1mjni/../jni/src/claw/vfs/NativeMount.cpp:244: JNI class acquired, acquire java method: GetFreeDiskSpace with args: (Ljava/lang/String;)J
04-23 16:33:38.019  2218  2767 D EnterpriseController: netId is 0
04-23 16:33:38.019  2218  2767 D Netd    : getNetworkForDns: using netid 502 for uid 10694
04-23 16:33:38.019 25811 25811 D RelationGraph: garbageCollect()
04-23 16:33:38.019 25460 26001 I Claw    : [0m[      25.385] [30;1mjni/../jni/src/claw/network/HttpRequest.cpp:97: cdn-hs-dev.hgonline.net resolved to ::ffff:92.122.48.57
04-23 16:33:38.019 25460 26001 I Claw    : [0m[      25.385] [30;1mjni/../jni/src/claw/network/HttpRequest.cpp:97: cdn-hs-dev.hgonline.net resolved to ::ffff:92.122.48.58
04-23 16:33:38.019 25460 26001 I Claw    : [0m[      25.385] [30;1mjni/../jni/src/claw/network/unix/UnixStreamSocket.cpp:93: Connecting to ::ffff:92.122.48.57
04-23 16:33:38.039 25811 25811 D RelationGraph: garbageCollect()
04-23 16:33:38.059 25811 25811 D RelationGraph: garbageCollect()
04-23 16:33:38.079 25811 25811 D RelationGraph: garbageCollect()
04-23 16:33:38.109 25460 25882 I Claw    : [0m[      25.475] /home/jenkins-agent/workspace/huuuge-stars/client-dev/hs-android/src/casino/AudioManager.cpp:223: Loading audio source: sound/shop_opened.ogg@buffer
04-23 16:33:38.109 25811 25811 D RelationGraph: garbageCollect()
04-23 16:33:38.109 25460 25882 I Claw    : [0m[      25.476] [30;1mjni/../jni/src/claw/vfs/Vfs.cpp:172: Opened file: /sound/shop_opened.ogg
04-23 16:33:38.129 25811 25811 D RelationGraph: garbageCollect()
04-23 16:33:38.139 25460 25882 I Claw    : [0m[      25.507] /home/jenkins-agent/workspace/huuuge-stars/client-dev/hs-android/src/casino/AudioManager.cpp:223: Loading audio source: sound/collectionevent_item_lands.ogg@buffer
04-23 16:33:38.139 25460 25882 I Claw    : [0m[      25.508] [30;1mjni/../jni/src/claw/vfs/Vfs.cpp:172: Opened file: /sound/collectionevent_item_lands.ogg
04-23 16:33:38.149 25811 25811 D RelationGraph: garbageCollect()
04-23 16:33:38.179 25811 25811 D RelationGraph: garbageCollect()
04-23 16:33:38.179 25460 25882 I Claw    : [0m[      25.545] /home/jenkins-agent/workspace/huuuge-stars/client-dev/hs-android/src/casino/AudioManager.cpp:223: Loading audio source: sound/collectionevent_idle_chest.ogg@buffer
04-23 16:33:38.179 25460 25882 I Claw    : [0m[      25.546] [30;1mjni/../jni/src/claw/vfs/Vfs.cpp:172: Opened file: /sound/collectionevent_idle_chest.ogg
04-23 16:33:38.199 25460 26001 I Claw    : [0m[      25.569] [30;1mjni/../jni/src/claw/network/HttpRequest.cpp:279: Content length: 226043
04-23 16:33:38.199 25460 26001 I Claw    : [0m[       25.57] [30;1mjni/../jni/src/claw/vfs/NativeMount.cpp:244: Aquire java class for JNI method: com/Claw/Android/NativeMount
04-23 16:33:38.199 25460 26001 I Claw    : [0m[       25.57] [30;1mjni/../jni/src/claw/vfs/NativeMount.cpp:244: JNI class acquired, acquire java method: GetFreeDiskSpace with args: (Ljava/lang/String;)J
04-23 16:33:38.199 25460 26001 I Claw    : [0m[      25.572] [30;1mjni/../jni/src/claw/vfs/NativeMount.cpp:244: Aquire java class for JNI method: com/Claw/Android/NativeMount
04-23 16:33:38.199 25460 26001 I Claw    : [0m[      25.572] [30;1mjni/../jni/src/claw/vfs/NativeMount.cpp:244: JNI class acquired, acquire java method: GetFreeDiskSpace with args: (Ljava/lang/String;)J
04-23 16:33:38.209 25811 25811 D RelationGraph: garbageCollect()
04-23 16:33:38.219 25460 25896 I Claw    : [0m[      25.586] ../../../../../../../../contrib/huuugeanalyticssdk/cpp/contrib/jni/JniAttach.hpp:151: JNI method called.
04-23 16:33:38.219 25460 25896 I Claw    : [0m[      25.587] /home/jenkins-agent/workspace/huuuge-stars/client-dev/hs-android/contrib/huuugeanalyticssdk/cpp/src/huuuge/analytics/HAHttp-android.cpp:133: Huuuge::analytics::HTTPAndroid::InvokeHttps response code is 200
04-23 16:33:38.219 25460 25896 I Claw    : [0m[      25.587] /home/jenkins-agent/workspace/huuuge-stars/client-dev/hs-android/contrib/huuugeanalyticssdk/cpp/src/huuuge/analytics/HAHttp-android.cpp:134: Huuuge::analytics::HTTPAndroid::InvokeHttps response payload is null
04-23 16:33:38.229 25460 26001 I Claw    : [0m[      25.593] [30;1mjni/../jni/src/claw/vfs/NativeMount.cpp:244: Aquire java class for JNI method: com/Claw/Android/NativeMount
04-23 16:33:38.229 25460 26001 I Claw    : [0m[      25.594] [30;1mjni/../jni/src/claw/vfs/NativeMount.cpp:244: JNI class acquired, acquire java method: GetFreeDiskSpace with args: (Ljava/lang/String;)J
04-23 16:33:38.229 25460 26001 I Claw    : [0m[      25.595] [30;1mjni/../jni/src/claw/vfs/NativeMount.cpp:244: Aquire java class for JNI method: com/Claw/Android/NativeMount
04-23 16:33:38.229 25460 26001 I Claw    : [0m[      25.596] [30;1mjni/../jni/src/claw/vfs/NativeMount.cpp:244: JNI class acquired, acquire java method: GetFreeDiskSpace with args: (Ljava/lang/String;)J
04-23 16:33:38.229 25460 26001 I Claw    : [0m[      25.599] [30;1mjni/../jni/src/claw/vfs/NativeMount.cpp:244: Aquire java class for JNI method: com/Claw/Android/NativeMount
04-23 16:33:38.229 25460 26001 I Claw    : [0m[      25.599] [30;1mjni/../jni/src/claw/vfs/NativeMount.cpp:244: JNI class acquired, acquire java method: GetFreeDiskSpace with args: (Ljava/lang/String;)J
04-23 16:33:38.229 25811 25811 D RelationGraph: garbageCollect()
04-23 16:33:38.229 25460 26001 I Claw    : [0m[      25.602] [30;1mjni/../jni/src/claw/vfs/NativeMount.cpp:244: Aquire java class for JNI method: com/Claw/Android/NativeMount
04-23 16:33:38.229 25460 26001 I Claw    : [0m[      25.602] [30;1mjni/../jni/src/claw/vfs/NativeMount.cpp:244: JNI class acquired, acquire java method: GetFreeDiskSpace with args: (Ljava/lang/String;)J
04-23 16:33:38.239 25460 26001 I Claw    : [0m[      25.607] [30;1mjni/../jni/src/claw/vfs/NativeMount.cpp:244: Aquire java class for JNI method: com/Claw/Android/NativeMount
04-23 16:33:38.239 25460 26001 I Claw    : [0m[      25.607] [30;1mjni/../jni/src/claw/vfs/NativeMount.cpp:244: JNI class acquired, acquire java method: GetFreeDiskSpace with args: (Ljava/lang/String;)J
04-23 16:33:38.239 25460 26001 I Claw    : [0m[       25.61] [30;1mjni/../jni/src/claw/vfs/NativeMount.cpp:244: Aquire java class for JNI method: com/Claw/Android/NativeMount
04-23 16:33:38.239 25460 26001 I Claw    : [0m[       25.61] [30;1mjni/../jni/src/claw/vfs/NativeMount.cpp:244: JNI class acquired, acquire java method: GetFreeDiskSpace with args: (Ljava/lang/String;)J
04-23 16:33:38.249 25460 26001 I Claw    : [0m[      25.618] [30;1mjni/../jni/src/claw/vfs/NativeMount.cpp:244: Aquire java class for JNI method: com/Claw/Android/NativeMount
04-23 16:33:38.249 25460 26001 I Claw    : [0m[      25.619] [30;1mjni/../jni/src/claw/vfs/NativeMount.cpp:244: JNI class acquired, acquire java method: GetFreeDiskSpace with args: (Ljava/lang/String;)J
04-23 16:33:38.249 25460 26001 I Claw    : [0m[      25.622] [30;1mjni/../jni/src/claw/vfs/NativeMount.cpp:244: Aquire java class for JNI method: com/Claw/Android/NativeMount
04-23 16:33:38.249 25460 26001 I Claw    : [0m[      25.622] [30;1mjni/../jni/src/claw/vfs/NativeMount.cpp:244: JNI class acquired, acquire java method: GetFreeDiskSpace with args: (Ljava/lang/String;)J
04-23 16:33:38.259 25460 26001 I Claw    : [0m[      25.624] [30;1mjni/../jni/src/claw/vfs/NativeMount.cpp:244: Aquire java class for JNI method: com/Claw/Android/NativeMount
04-23 16:33:38.259 25460 26001 I Claw    : [0m[      25.625] [30;1mjni/../jni/src/claw/vfs/NativeMount.cpp:244: JNI class acquired, acquire java method: GetFreeDiskSpace with args: (Ljava/lang/String;)J
04-23 16:33:38.259 25460 26001 I Claw    : [0m[      25.626] [30;1mjni/../jni/src/claw/vfs/NativeMount.cpp:244: Aquire java class for JNI method: com/Claw/Android/NativeMount
04-23 16:33:38.259 25460 26001 I Claw    : [0m[      25.626] [30;1mjni/../jni/src/claw/vfs/NativeMount.cpp:244: JNI class acquired, acquire java method: GetFreeDiskSpace with args: (Ljava/lang/String;)J
04-23 16:33:38.259 25460 26001 I Claw    : [0m[      25.628] [30;1mjni/../jni/src/claw/vfs/NativeMount.cpp:244: Aquire java class for JNI method: com/Claw/Android/NativeMount
04-23 16:33:38.259 25460 26001 I Claw    : [0m[      25.628] [30;1mjni/../jni/src/claw/vfs/NativeMount.cpp:244: JNI class acquired, acquire java method: GetFreeDiskSpace with args: (Ljava/lang/String;)J
04-23 16:33:38.259 25460 26001 I Claw    : [0m[       25.63] [30;1mjni/../jni/src/claw/vfs/NativeMount.cpp:244: Aquire java class for JNI method: com/Claw/Android/NativeMount
04-23 16:33:38.259 25460 26001 I Claw    : [0m[       25.63] [30;1mjni/../jni/src/claw/vfs/NativeMount.cpp:244: JNI class acquired, acquire java method: GetFreeDiskSpace with args: (Ljava/lang/String;)J
04-23 16:33:38.259 25460 26001 I Claw    : [0m[      25.632] [30;1mjni/../jni/src/claw/vfs/android/AndroidSaveFile.cpp:82: Open new save assetcache/atlas_lottery_1_etc2.pak.meta
04-23 16:33:38.269 25460 26001 I Claw    : [0m[      25.633] [30;1mjni/../jni/src/claw/vfs/NativeMount.cpp:244: Aquire java class for JNI method: com/Claw/Android/NativeMount
04-23 16:33:38.269 25460 26001 I Claw    : [0m[      25.634] [30;1mjni/../jni/src/claw/vfs/NativeMount.cpp:244: JNI class acquired, acquire java method: GetFreeDiskSpace with args: (Ljava/lang/String;)J
04-23 16:33:38.269 25811 25811 D RelationGraph: garbageCollect()
04-23 16:33:38.269 25460 26001 I Claw    : [0m[      25.635] [30;1mjni/../jni/src/claw/vfs/NativeMount.cpp:244: Aquire java class for JNI method: com/Claw/Android/NativeMount
04-23 16:33:38.269 25460 26001 I Claw    : [0m[      25.635] [30;1mjni/../jni/src/claw/vfs/NativeMount.cpp:244: JNI class acquired, acquire java method: GetFreeDiskSpace with args: (Ljava/lang/String;)J
04-23 16:33:38.269 25460 26001 I Claw    : [0m[      25.636] [30;1mjni/../jni/src/claw/vfs/NativeMount.cpp:244: Aquire java class for JNI method: com/Claw/Android/NativeMount
04-23 16:33:38.269 25460 26001 I Claw    : [0m[      25.636] [30;1mjni/../jni/src/claw/vfs/NativeMount.cpp:244: JNI class acquired, acquire java method: GetFreeDiskSpace with args: (Ljava/lang/String;)J
04-23 16:33:38.269 25460 26001 I Claw    : [0m[      25.637] [30;1mjni/../jni/src/claw/vfs/NativeMount.cpp:244: Aquire java class for JNI method: com/Claw/Android/NativeMount
04-23 16:33:38.269 25460 26001 I Claw    : [0m[      25.637] [30;1mjni/../jni/src/claw/vfs/NativeMount.cpp:244: JNI class acquired, acquire java method: GetFreeDiskSpace with args: (Ljava/lang/String;)J
04-23 16:33:38.269 25460 25882 I Claw    : [0m[      25.638] /home/jenkins-agent/workspace/huuuge-stars/client-dev/hs-android/src/casino/AudioManager.cpp:223: Loading audio source: sound/collectionevent_item_flies.ogg@buffer
04-23 16:33:38.269 25460 26001 I Claw    : [0m[      25.639] [30;1mjni/../jni/src/claw/vfs/android/AndroidSaveFile.cpp:82: Open new save assetcache/atlas_lottery_1_etc2.pak.meta
04-23 16:33:38.269 25460 25882 I Claw    : [0m[      25.639] [30;1mjni/../jni/src/claw/vfs/Vfs.cpp:172: Opened file: /sound/collectionevent_item_flies.ogg
04-23 16:33:38.269 25460 26001 I Claw    : [0m[       25.64] [30;1mjni/../jni/src/claw/vfs/NativeMount.cpp:244: Aquire java class for JNI method: com/Claw/Android/NativeMount
04-23 16:33:38.269 25460 26001 I Claw    : [0m[       25.64] [30;1mjni/../jni/src/claw/vfs/NativeMount.cpp:244: JNI class acquired, acquire java method: GetFreeDiskSpace with args: (Ljava/lang/String;)J
04-23 16:33:38.269 25460 26001 I Claw    : [0m[      25.641] [30;1mjni/../jni/src/claw/vfs/NativeMount.cpp:244: Aquire java class for JNI method: com/Claw/Android/NativeMount
04-23 16:33:38.269 25460 26001 I Claw    : [0m[      25.641] [30;1mjni/../jni/src/claw/vfs/NativeMount.cpp:244: JNI class acquired, acquire java method: GetFreeDiskSpace with args: (Ljava/lang/String;)J
