adb server version (39) doesn't match this client (36); killing...
* daemon started successfully *
--------- beginning of system
05-14 08:28:21.981  2614  3012 V NetworkStats: performPollLocked(flags=0x1)
05-14 08:28:21.991  2614  3012 D NetworkStatsRecorder: entry.iface is null
05-14 08:28:21.991  2614  3012 D NetworkStatsRecorder: entry.iface is null
05-14 08:28:21.991  2614  3012 D NetworkStatsRecorder: entry.iface is null
05-14 08:28:21.991  2614  3012 D NetworkStatsRecorder: entry.iface is null
05-14 08:28:22.011  2614  3012 V NetworkStats: performPollLocked() took 36ms
05-14 08:28:22.341  2614  3012 V NetworkStats: performPollLocked(flags=0x1)
05-14 08:28:22.341  2614  3012 D NetworkStatsRecorder: entry.iface is null
05-14 08:28:22.341  2614  3012 D NetworkStatsRecorder: entry.iface is null
05-14 08:28:22.341  2614  3012 D NetworkStatsRecorder: entry.iface is null
05-14 08:28:22.341  2614  3012 D NetworkStatsRecorder: entry.iface is null
05-14 08:28:22.361  2614  3012 V NetworkStats: performPollLocked() took 19ms
05-14 08:28:22.771  2614  4149 D ConnectivityService: returning getNetworkInfo for network type 1 : [type: WIFI[] - WIFI, state: CONNECTED/CONNECTED, reason: (unspecified), extra: "HuuugeQA", roaming: false, failover: false, isAvailable: true]
05-14 08:28:22.771  2614  3268 D ConnectivityService: returning getNetworkInfo for network type 0 : [type: MOBILE[] - MOBILE, state: DISCONNECTED/DISCONNECTED, reason: (unspecified), extra: (none), roaming: false, failover: false, isAvailable: true]
05-14 08:28:22.811  2614  3142 D ConnectivityService: returning getNetworkInfo for network type 1 : [type: WIFI[] - WIFI, state: CONNECTED/CONNECTED, reason: (unspecified), extra: "HuuugeQA", roaming: false, failover: false, isAvailable: true]
05-14 08:28:22.811  2614  2629 D ConnectivityService: returning getNetworkInfo for network type 0 : [type: MOBILE[] - MOBILE, state: DISCONNECTED/DISCONNECTED, reason: (unspecified), extra: (none), roaming: false, failover: false, isAvailable: true]
05-14 08:28:23.091  2614  3012 V NetworkStats: performPollLocked(flags=0x1)
05-14 08:28:23.091  2614  3012 D NetworkStatsRecorder: entry.iface is null
05-14 08:28:23.091  2614  3012 D NetworkStatsRecorder: entry.iface is null
05-14 08:28:23.091  2614  3012 D NetworkStatsRecorder: entry.iface is null
05-14 08:28:23.091  2614  3012 D NetworkStatsRecorder: entry.iface is null
05-14 08:28:23.121  2614  3012 V NetworkStats: performPollLocked() took 31ms
05-14 08:28:23.381  2614  3267 D ConnectivityService: returning getNetworkInfo for network type 1 : [type: WIFI[] - WIFI, state: CONNECTED/CONNECTED, reason: (unspecified), extra: "HuuugeQA", roaming: false, failover: false, isAvailable: true]
05-14 08:28:23.381  2614  3503 D ConnectivityService: returning getNetworkInfo for network type 0 : [type: MOBILE[] - MOBILE, state: DISCONNECTED/DISCONNECTED, reason: (unspecified), extra: (none), roaming: false, failover: false, isAvailable: true]
05-14 08:28:23.431  2614  3486 D ConnectivityService: returning getNetworkInfo for network type 1 : [type: WIFI[] - WIFI, state: CONNECTED/CONNECTED, reason: (unspecified), extra: "HuuugeQA", roaming: false, failover: false, isAvailable: true]
05-14 08:28:23.431  2614  4150 D ConnectivityService: returning getNetworkInfo for network type 0 : [type: MOBILE[] - MOBILE, state: DISCONNECTED/DISCONNECTED, reason: (unspecified), extra: (none), roaming: false, failover: false, isAvailable: true]
05-14 08:28:24.081  2614  3012 V NetworkStats: performPollLocked(flags=0x1)
05-14 08:28:24.081  2614  3012 D NetworkStatsRecorder: entry.iface is null
05-14 08:28:24.081  2614  3012 D NetworkStatsRecorder: entry.iface is null
05-14 08:28:24.081  2614  3012 D NetworkStatsRecorder: entry.iface is null
05-14 08:28:24.081  2614  3012 D NetworkStatsRecorder: entry.iface is null
05-14 08:28:24.101  2614  3012 V NetworkStats: performPollLocked() took 26ms
05-14 08:28:24.591  2614  3262 D ConnectivityService: returning getNetworkInfo for network type 1 : [type: WIFI[] - WIFI, state: CONNECTED/CONNECTED, reason: (unspecified), extra: "HuuugeQA", roaming: false, failover: false, isAvailable: true]
05-14 08:28:24.591  2614  3002 D ConnectivityService: returning getNetworkInfo for network type 0 : [type: MOBILE[] - MOBILE, state: DISCONNECTED/DISCONNECTED, reason: (unspecified), extra: (none), roaming: false, failover: false, isAvailable: true]
05-14 08:28:24.791  2614  3012 V NetworkStats: performPollLocked(flags=0x1)
05-14 08:28:24.791  2614  3012 D NetworkStatsRecorder: entry.iface is null
05-14 08:28:24.791  2614  3012 D NetworkStatsRecorder: entry.iface is null
05-14 08:28:24.791  2614  3012 D NetworkStatsRecorder: entry.iface is null
05-14 08:28:24.791  2614  3012 D NetworkStatsRecorder: entry.iface is null
05-14 08:28:24.821  2614  3012 V NetworkStats: performPollLocked() took 36ms
05-14 08:28:25.191  2614  3142 D ConnectivityService: returning getNetworkInfo for network type 1 : [type: WIFI[] - WIFI, state: CONNECTED/CONNECTED, reason: (unspecified), extra: "HuuugeQA", roaming: false, failover: false, isAvailable: true]
05-14 08:28:25.201  2614  2629 D ConnectivityService: returning getNetworkInfo for network type 0 : [type: MOBILE[] - MOBILE, state: DISCONNECTED/DISCONNECTED, reason: (unspecified), extra: (none), roaming: false, failover: false, isAvailable: true]
05-14 08:28:25.461  2614  3012 V NetworkStats: performPollLocked(flags=0x1)
05-14 08:28:25.461  2614  3012 D NetworkStatsRecorder: entry.iface is null
05-14 08:28:25.461  2614  3012 D NetworkStatsRecorder: entry.iface is null
05-14 08:28:25.461  2614  3012 D NetworkStatsRecorder: entry.iface is null
05-14 08:28:25.461  2614  3012 D NetworkStatsRecorder: entry.iface is null
05-14 08:28:25.471  2614  3012 V NetworkStats: performPollLocked() took 18ms
05-14 08:28:25.801  2614  3504 D ConnectivityService: returning getNetworkInfo for network type 1 : [type: WIFI[] - WIFI, state: CONNECTED/CONNECTED, reason: (unspecified), extra: "HuuugeQA", roaming: false, failover: false, isAvailable: true]
05-14 08:28:25.801  2614  3140 D ConnectivityService: returning getNetworkInfo for network type 0 : [type: MOBILE[] - MOBILE, state: DISCONNECTED/DISCONNECTED, reason: (unspecified), extra: (none), roaming: false, failover: false, isAvailable: true]
05-14 08:28:26.051  2614  3012 V NetworkStats: performPollLocked(flags=0x1)
05-14 08:28:26.061  2614  3012 D NetworkStatsRecorder: entry.iface is null
05-14 08:28:26.061  2614  3012 D NetworkStatsRecorder: entry.iface is null
05-14 08:28:26.061  2614  3012 D NetworkStatsRecorder: entry.iface is null
05-14 08:28:26.061  2614  3012 D NetworkStatsRecorder: entry.iface is null
05-14 08:28:26.081  2614  3012 V NetworkStats: performPollLocked() took 22ms
05-14 08:28:26.291  2614  3012 V NetworkStats: performPollLocked(flags=0x1)
05-14 08:28:26.291  2614  3012 D NetworkStatsRecorder: entry.iface is null
05-14 08:28:26.291  2614  3012 D NetworkStatsRecorder: entry.iface is null
05-14 08:28:26.291  2614  3012 D NetworkStatsRecorder: entry.iface is null
05-14 08:28:26.291  2614  3012 D NetworkStatsRecorder: entry.iface is null
05-14 08:28:26.311  2614  3012 V NetworkStats: performPollLocked() took 18ms
05-14 08:28:26.401  2614  4147 D ConnectivityService: returning getNetworkInfo for network type 1 : [type: WIFI[] - WIFI, state: CONNECTED/CONNECTED, reason: (unspecified), extra: "HuuugeQA", roaming: false, failover: false, isAvailable: true]
05-14 08:28:26.411  2614  2628 D ConnectivityService: returning getNetworkInfo for network type 0 : [type: MOBILE[] - MOBILE, state: DISCONNECTED/DISCONNECTED, reason: (unspecified), extra: (none), roaming: false, failover: false, isAvailable: true]
05-14 08:28:27.651  2614  3012 V NetworkStats: performPollLocked(flags=0x1)
05-14 08:28:27.661  2614  3012 D NetworkStatsRecorder: entry.iface is null
05-14 08:28:27.661  2614  3012 D NetworkStatsRecorder: entry.iface is null
05-14 08:28:27.661  2614  3012 D NetworkStatsRecorder: entry.iface is null
05-14 08:28:27.661  2614  3012 D NetworkStatsRecorder: entry.iface is null
05-14 08:28:27.671  2614  3012 V NetworkStats: performPollLocked() took 22ms
05-14 08:28:27.751  2614  3503 D BatteryService: !@BatteryListener : batteryPropertiesChanged!
05-14 08:28:27.751  2614  3503 D BatteryService: level:100, scale:100, status:5, health:2, present:true, voltage: 4298, temperature: 296, technology: Li-ion, AC powered:false, USB powered:true, POGO powered:false, Wireless powered:false, icon:17303500, invalid charger:0, maxChargingCurrent:0
05-14 08:28:27.751  2614  3503 D BatteryService: online:6, current avg:-174, charge type:1, power sharing:false, high voltage charger:false, capacity:280000, batterySWSelfDischarging:false, current_now:176
05-14 08:28:27.751  2614  2614 D BatteryService: Sending ACTION_BATTERY_CHANGED.
05-14 08:28:27.751  2614  2614 I MotionRecognitionService: Plugged
05-14 08:28:27.751  2614  2614 D MotionRecognitionService:   cableConnection= 1
05-14 08:28:27.751  2614  2614 D MotionRecognitionService: setPowerConnected | current backoff  = 1024 , state =1024
05-14 08:28:27.751  2614  2614 D MotionRecognitionService: skip setTransmitPower. 
05-14 08:28:27.751  2614  2614 D GameManagerService: new battery level: 100
05-14 08:28:27.751  3094  3094 D PowerUI : priorPlugType = 2 mPlugType =  2
05-14 08:28:27.761  3094  3094 D BatteryMeterView: ACTION_BATTERY_CHANGED : level:100 status:5 health:2
05-14 08:28:27.761  3094  3094 D BatteryMeterView: ACTION_BATTERY_CHANGED : level:100 status:5 health:2
05-14 08:28:27.811  2614  4147 D ConnectivityService: returning getNetworkInfo for network type 1 : [type: WIFI[] - WIFI, state: CONNECTED/CONNECTED, reason: (unspecified), extra: "HuuugeQA", roaming: false, failover: false, isAvailable: true]
05-14 08:28:27.811  2614  2628 D ConnectivityService: returning getNetworkInfo for network type 0 : [type: MOBILE[] - MOBILE, state: DISCONNECTED/DISCONNECTED, reason: (unspecified), extra: (none), roaming: false, failover: false, isAvailable: true]
05-14 08:28:28.221  2614  3002 D ConnectivityService: returning getNetworkInfo for network type 1 : [type: WIFI[] - WIFI, state: CONNECTED/CONNECTED, reason: (unspecified), extra: "HuuugeQA", roaming: false, failover: false, isAvailable: true]
05-14 08:28:28.221  2614  4149 D ConnectivityService: returning getNetworkInfo for network type 0 : [type: MOBILE[] - MOBILE, state: DISCONNECTED/DISCONNECTED, reason: (unspecified), extra: (none), roaming: false, failover: false, isAvailable: true]
05-14 08:28:28.391  2614  3142 D ConnectivityService: returning getNetworkInfo for network type 1 : [type: WIFI[] - WIFI, state: CONNECTED/CONNECTED, reason: (unspecified), extra: "HuuugeQA", roaming: false, failover: false, isAvailable: true]
05-14 08:28:28.391  2614  2629 D ConnectivityService: returning getNetworkInfo for network type 0 : [type: MOBILE[] - MOBILE, state: DISCONNECTED/DISCONNECTED, reason: (unspecified), extra: (none), roaming: false, failover: false, isAvailable: true]
05-14 08:28:28.791  2614  3002 D ConnectivityService: returning getNetworkInfo for network type 1 : [type: WIFI[] - WIFI, state: CONNECTED/CONNECTED, reason: (unspecified), extra: "HuuugeQA", roaming: false, failover: false, isAvailable: true]
05-14 08:28:28.791  2614  3142 D ConnectivityService: returning getNetworkInfo for network type 0 : [type: MOBILE[] - MOBILE, state: DISCONNECTED/DISCONNECTED, reason: (unspecified), extra: (none), roaming: false, failover: false, isAvailable: true]
05-14 08:28:28.801  2614  5513 D SSRM:w  : SIOP:: AP = 500, PST = 412 (W:10), CUR = 114, LCD = 0
05-14 08:28:28.801  2614  5513 D ConnectivityService: returning getNetworkInfo for network type 1 : [type: WIFI[] - WIFI, state: CONNECTED/CONNECTED, reason: (unspecified), extra: "HuuugeQA", roaming: false, failover: false, isAvailable: true]
05-14 08:28:28.891  2614  3013 D NetworkPolicy: isUidForegroundLocked: 10015, mScreenOn: true, uidstate: 3, mProxSensorScreenOff: false
05-14 08:28:28.931  3926  3926 D ResourcesManager: For user 0 new overlays fetched Null
05-14 08:28:29.101  2614  3002 W ContextImpl: Calling a method in the system process without a qualified user: android.app.ContextImpl.sendBroadcast:858 com.android.server.am.ActivityManagerService.requestKnoxVpnToSendProxyBroadcast:30665 com.android.server.am.ActivityManagerService.registerReceiver:23315 android.app.ActivityManagerNative.onTransact:435 com.android.server.am.ActivityManagerService.onTransact:4232 
05-14 08:28:29.151  2614  3268 D ConnectivityService: listenForNetwork for Listen from uid/pid:10754/3926 for NetworkRequest [ id=194, legacyType=-1, [ Capabilities: INTERNET&NOT_RESTRICTED&TRUSTED] ]
05-14 08:28:29.151  2614  3022 D ConnectivityService: rematching NetworkAgentInfo [WIFI () - 502]
05-14 08:28:29.151  2614  3022 D ConnectivityService:  network has: NetworkAgentInfo{ ni{[type: WIFI[] - WIFI, state: CONNECTED/CONNECTED, reason: (unspecified), extra: "HuuugeQA", roaming: false, failover: false, isAvailable: true]}  network{502}  lp{{InterfaceName: wlan0 LinkAddresses: [fe80::ee10:7bff:fe27:8a6b/64,192.168.65.153/24,]  Routes: [fe80::/64 -> :: wlan0,192.168.65.0/24 -> 0.0.0.0 wlan0,0.0.0.0/0 -> 192.168.65.254 wlan0,] DnsAddresses: [192.168.65.254,] Domains: huuuge.in MTU: 0 TcpBufferSizes: 524288,1048576,1048576,524288,1048576,4525824}}  nc{[ Transports: WIFI Capabilities: INTERNET&NOT_RESTRICTED&TRUSTED&NOT_VPN&VALIDATED LinkUpBandwidth>=1048576Kbps LinkDnBandwidth>=1048576Kbps SignalStrength: -50]}  Score{60}  everValidated{true}  lastValidated{true}  created{true} lingering{false} explicitlySelected{false} acceptUnvalidated{false} everCaptivePortalDetected{false} lastCaptivePortalDetected{false} }
05-14 08:28:29.151  2614  3022 D ConnectivityService: Network NetworkAgentInfo [WIFI () - 502] was already satisfying request 1. No change.
05-14 08:28:29.151  2614  3022 D ConnectivityService:   checking if request is: NetworkRequest [ id=194, legacyType=-1, [ Capabilities: INTERNET&NOT_RESTRICTED&TRUSTED] ] satisfies: true nri.isRequest: false
05-14 08:28:29.151  2614  3022 D ConnectivityService:   checking if request is: NetworkRequest [ id=61, legacyType=-1, [ Capabilities: INTERNET&NOT_RESTRICTED&TRUSTED] ] satisfies: true nri.isRequest: false
05-14 08:28:29.151  2614  3022 D ConnectivityService:   checking if request is: NetworkRequest [ id=9, legacyType=-1, [ Capabilities: INTERNET&NOT_RESTRICTED&TRUSTED&NOT_VPN] ] satisfies: true nri.isRequest: false
05-14 08:28:29.151  2614  3022 D ConnectivityService:   checking if request is: NetworkRequest [ id=5, legacyType=-1, [] ] satisfies: true nri.isRequest: false
05-14 08:28:29.151  2614  3022 D ConnectivityService:   checking if request is: NetworkRequest [ id=191, legacyType=-1, [ Capabilities: INTERNET&NOT_RESTRICTED&TRUSTED] ] satisfies: true nri.isRequest: false
05-14 08:28:29.151  2614  3022 D ConnectivityService:   checking if request is: NetworkRequest [ id=4, legacyType=-1, [ Transports: WIFI Capabilities: INTERNET&NOT_RESTRICTED&TRUSTED&NOT_VPN] ] satisfies: true nri.isRequest: false
05-14 08:28:29.151  2614  3022 D ConnectivityService:   checking if request is: NetworkRequest [ id=3, legacyType=-1, [ Transports: CELLULAR Capabilities: INTERNET&NOT_RESTRICTED&TRUSTED&NOT_VPN] ] satisfies: false nri.isRequest: false
05-14 08:28:29.151  2614  3022 D ConnectivityService: sending notification AVAILABLE for NetworkRequest [ id=194, legacyType=-1, [ Capabilities: INTERNET&NOT_RESTRICTED&TRUSTED] ]
05-14 08:28:29.191  2614  4147 D ConnectivityService: listenForNetwork for Listen from uid/pid:10754/3926 for NetworkRequest [ id=195, legacyType=-1, [ Capabilities: INTERNET&NOT_RESTRICTED&TRUSTED] ]
05-14 08:28:29.191  2614  3022 D ConnectivityService: rematching NetworkAgentInfo [WIFI () - 502]
05-14 08:28:29.191  2614  3022 D ConnectivityService:  network has: NetworkAgentInfo{ ni{[type: WIFI[] - WIFI, state: CONNECTED/CONNECTED, reason: (unspecified), extra: "HuuugeQA", roaming: false, failover: false, isAvailable: true]}  network{502}  lp{{InterfaceName: wlan0 LinkAddresses: [fe80::ee10:7bff:fe27:8a6b/64,192.168.65.153/24,]  Routes: [fe80::/64 -> :: wlan0,192.168.65.0/24 -> 0.0.0.0 wlan0,0.0.0.0/0 -> 192.168.65.254 wlan0,] DnsAddresses: [192.168.65.254,] Domains: huuuge.in MTU: 0 TcpBufferSizes: 524288,1048576,1048576,524288,1048576,4525824}}  nc{[ Transports: WIFI Capabilities: INTERNET&NOT_RESTRICTED&TRUSTED&NOT_VPN&VALIDATED LinkUpBandwidth>=1048576Kbps LinkDnBandwidth>=1048576Kbps SignalStrength: -50]}  Score{60}  everValidated{true}  lastValidated{true}  created{true} lingering{false} explicitlySelected{false} acceptUnvalidated{false} everCaptivePortalDetected{false} lastCaptivePortalDetected{false} }
05-14 08:28:29.191  2614  3022 D ConnectivityService: Network NetworkAgentInfo [WIFI () - 502] was already satisfying request 1. No change.
05-14 08:28:29.191  2614  3022 D ConnectivityService:   checking if request is: NetworkRequest [ id=194, legacyType=-1, [ Capabilities: INTERNET&NOT_RESTRICTED&TRUSTED] ] satisfies: true nri.isRequest: false
05-14 08:28:29.191  2614  3022 D ConnectivityService:   checking if request is: NetworkRequest [ id=195, legacyType=-1, [ Capabilities: INTERNET&NOT_RESTRICTED&TRUSTED] ] satisfies: true nri.isRequest: false
05-14 08:28:29.191  2614  3022 D ConnectivityService:   checking if request is: NetworkRequest [ id=61, legacyType=-1, [ Capabilities: INTERNET&NOT_RESTRICTED&TRUSTED] ] satisfies: true nri.isRequest: false
05-14 08:28:29.191  2614  3022 D ConnectivityService:   checking if request is: NetworkRequest [ id=9, legacyType=-1, [ Capabilities: INTERNET&NOT_RESTRICTED&TRUSTED&NOT_VPN] ] satisfies: true nri.isRequest: false
05-14 08:28:29.191  2614  3022 D ConnectivityService:   checking if request is: NetworkRequest [ id=5, legacyType=-1, [] ] satisfies: true nri.isRequest: false
05-14 08:28:29.191  2614  3022 D ConnectivityService:   checking if request is: NetworkRequest [ id=191, legacyType=-1, [ Capabilities: INTERNET&NOT_RESTRICTED&TRUSTED] ] satisfies: true nri.isRequest: false
05-14 08:28:29.191  2614  3022 D ConnectivityService:   checking if request is: NetworkRequest [ id=4, legacyType=-1, [ Transports: WIFI Capabilities: INTERNET&NOT_RESTRICTED&TRUSTED&NOT_VPN] ] satisfies: true nri.isRequest: false
05-14 08:28:29.191  2614  3022 D ConnectivityService:   checking if request is: NetworkRequest [ id=3, legacyType=-1, [ Transports: CELLULAR Capabilities: INTERNET&NOT_RESTRICTED&TRUSTED&NOT_VPN] ] satisfies: false nri.isRequest: false
05-14 08:28:29.191  2614  3022 D ConnectivityService: sending notification AVAILABLE for NetworkRequest [ id=195, legacyType=-1, [ Capabilities: INTERNET&NOT_RESTRICTED&TRUSTED] ]
05-14 08:28:31.201  2614  3002 D AudioService: getStreamVolume 3 index 0
05-14 08:28:31.601  2614  4150 D AudioService: getStreamVolume 3 index 0
05-14 08:28:31.961  2614  4147 D ConnectivityService: returning getNetworkInfo for network type 1 : [type: WIFI[] - WIFI, state: CONNECTED/CONNECTED, reason: (unspecified), extra: "HuuugeQA", roaming: false, failover: false, isAvailable: true]
05-14 08:28:31.961  2614  3142 D ConnectivityService: returning getNetworkInfo for network type 0 : [type: MOBILE[] - MOBILE, state: DISCONNECTED/DISCONNECTED, reason: (unspecified), extra: (none), roaming: false, failover: false, isAvailable: true]
05-14 08:28:32.011  2614  3486 D ConnectivityService: returning getNetworkInfo for network type 1 : [type: WIFI[] - WIFI, state: CONNECTED/CONNECTED, reason: (unspecified), extra: "HuuugeQA", roaming: false, failover: false, isAvailable: true]
05-14 08:28:32.011  2614  3140 D ConnectivityService: returning getNetworkInfo for network type 0 : [type: MOBILE[] - MOBILE, state: DISCONNECTED/DISCONNECTED, reason: (unspecified), extra: (none), roaming: false, failover: false, isAvailable: true]
05-14 08:28:32.181  2614  3002 D ConnectivityService: returning getNetworkInfo for network type 1 : [type: WIFI[] - WIFI, state: CONNECTED/CONNECTED, reason: (unspecified), extra: "HuuugeQA", roaming: false, failover: false, isAvailable: true]
05-14 08:28:32.181  2614  2628 D ConnectivityService: returning getNetworkInfo for network type 0 : [type: MOBILE[] - MOBILE, state: DISCONNECTED/DISCONNECTED, reason: (unspecified), extra: (none), roaming: false, failover: false, isAvailable: true]
05-14 08:28:32.321  2614  3012 V NetworkStats: performPollLocked(flags=0x1)
05-14 08:28:32.321  2614  3012 D NetworkStatsRecorder: entry.iface is null
05-14 08:28:32.321  2614  3012 D NetworkStatsRecorder: entry.iface is null
05-14 08:28:32.321  2614  3012 D NetworkStatsRecorder: entry.iface is null
05-14 08:28:32.321  2614  3012 D NetworkStatsRecorder: entry.iface is null
05-14 08:28:32.341  2614  3012 V NetworkStats: performPollLocked() took 21ms
05-14 08:28:32.391  2614  3503 D ConnectivityService: returning getNetworkInfo for network type 1 : [type: WIFI[] - WIFI, state: CONNECTED/CONNECTED, reason: (unspecified), extra: "HuuugeQA", roaming: false, failover: false, isAvailable: true]
05-14 08:28:32.391  2614  4147 D ConnectivityService: returning getNetworkInfo for network type 0 : [type: MOBILE[] - MOBILE, state: DISCONNECTED/DISCONNECTED, reason: (unspecified), extra: (none), roaming: false, failover: false, isAvailable: true]
05-14 08:28:32.711  2614  3012 V NetworkStats: performPollLocked(flags=0x1)
05-14 08:28:32.711  2614  3012 D NetworkStatsRecorder: entry.iface is null
05-14 08:28:32.711  2614  3012 D NetworkStatsRecorder: entry.iface is null
05-14 08:28:32.711  2614  3012 D NetworkStatsRecorder: entry.iface is null
05-14 08:28:32.711  2614  3012 D NetworkStatsRecorder: entry.iface is null
05-14 08:28:32.741  2614  3012 V NetworkStats: performPollLocked() took 35ms
05-14 08:28:32.981  2614  3012 V NetworkStats: performPollLocked(flags=0x1)
05-14 08:28:32.991  2614  3012 D NetworkStatsRecorder: entry.iface is null
05-14 08:28:32.991  2614  3012 D NetworkStatsRecorder: entry.iface is null
05-14 08:28:32.991  2614  3012 D NetworkStatsRecorder: entry.iface is null
05-14 08:28:32.991  2614  3012 D NetworkStatsRecorder: entry.iface is null
05-14 08:28:33.011  2614  3012 V NetworkStats: performPollLocked() took 27ms
05-14 08:28:33.301  2614  3012 V NetworkStats: performPollLocked(flags=0x1)
05-14 08:28:33.311  2614  3012 D NetworkStatsRecorder: entry.iface is null
05-14 08:28:33.311  2614  3012 D NetworkStatsRecorder: entry.iface is null
05-14 08:28:33.311  2614  3012 D NetworkStatsRecorder: entry.iface is null
05-14 08:28:33.311  2614  3012 D NetworkStatsRecorder: entry.iface is null
05-14 08:28:33.331  2614  3012 V NetworkStats: performPollLocked() took 24ms
05-14 08:28:33.691  2614  3012 V NetworkStats: performPollLocked(flags=0x1)
05-14 08:28:33.701  2614  3012 D NetworkStatsRecorder: entry.iface is null
05-14 08:28:33.701  2614  3012 D NetworkStatsRecorder: entry.iface is null
05-14 08:28:33.701  2614  3012 D NetworkStatsRecorder: entry.iface is null
05-14 08:28:33.701  2614  3012 D NetworkStatsRecorder: entry.iface is null
05-14 08:28:33.721  2614  3012 V NetworkStats: performPollLocked() took 26ms
05-14 08:28:33.811  2614  3503 D ConnectivityService: returning getNetworkInfo for network type 1 : [type: WIFI[] - WIFI, state: CONNECTED/CONNECTED, reason: (unspecified), extra: "HuuugeQA", roaming: false, failover: false, isAvailable: true]
05-14 08:28:33.811  2614  4147 D ConnectivityService: returning getNetworkInfo for network type 0 : [type: MOBILE[] - MOBILE, state: DISCONNECTED/DISCONNECTED, reason: (unspecified), extra: (none), roaming: false, failover: false, isAvailable: true]
05-14 08:28:33.851  2614  2629 D ConnectivityService: returning getNetworkInfo for network type 1 : [type: WIFI[] - WIFI, state: CONNECTED/CONNECTED, reason: (unspecified), extra: "HuuugeQA", roaming: false, failover: false, isAvailable: true]
05-14 08:28:33.851  2614  3486 D ConnectivityService: returning getNetworkInfo for network type 0 : [type: MOBILE[] - MOBILE, state: DISCONNECTED/DISCONNECTED, reason: (unspecified), extra: (none), roaming: false, failover: false, isAvailable: true]
05-14 08:28:34.171  2614  3012 V NetworkStats: performPollLocked(flags=0x1)
05-14 08:28:34.171  2614  3012 D NetworkStatsRecorder: entry.iface is null
05-14 08:28:34.171  2614  3012 D NetworkStatsRecorder: entry.iface is null
05-14 08:28:34.171  2614  3012 D NetworkStatsRecorder: entry.iface is null
05-14 08:28:34.171  2614  3012 D NetworkStatsRecorder: entry.iface is null
05-14 08:28:34.191  2614  3012 V NetworkStats: performPollLocked() took 22ms
05-14 08:28:34.401  2614  3022 D ConnectivityService: releasing NetworkRequest NetworkRequest [ id=194, legacyType=-1, [ Capabilities: INTERNET&NOT_RESTRICTED&TRUSTED] ]
05-14 08:28:34.401  2614  3022 D ConnectivityService: sending notification RELEASED for NetworkRequest [ id=194, legacyType=-1, [ Capabilities: INTERNET&NOT_RESTRICTED&TRUSTED] ]
05-14 08:28:34.631  2614  4147 D ConnectivityService: returning getNetworkInfo for network type 1 : [type: WIFI[] - WIFI, state: CONNECTED/CONNECTED, reason: (unspecified), extra: "HuuugeQA", roaming: false, failover: false, isAvailable: true]
05-14 08:28:34.631  2614  3142 D ConnectivityService: returning getNetworkInfo for network type 0 : [type: MOBILE[] - MOBILE, state: DISCONNECTED/DISCONNECTED, reason: (unspecified), extra: (none), roaming: false, failover: false, isAvailable: true]
05-14 08:28:34.671  2614  3267 D ConnectivityService: returning getNetworkInfo for network type 1 : [type: WIFI[] - WIFI, state: CONNECTED/CONNECTED, reason: (unspecified), extra: "HuuugeQA", roaming: false, failover: false, isAvailable: true]
05-14 08:28:34.671  2614  3488 D ConnectivityService: returning getNetworkInfo for network type 0 : [type: MOBILE[] - MOBILE, state: DISCONNECTED/DISCONNECTED, reason: (unspecified), extra: (none), roaming: false, failover: false, isAvailable: true]
05-14 08:28:34.881  2614  3012 V NetworkStats: performPollLocked(flags=0x1)
05-14 08:28:34.891  2614  3012 D NetworkStatsRecorder: entry.iface is null
05-14 08:28:34.891  2614  3012 D NetworkStatsRecorder: entry.iface is null
05-14 08:28:34.891  2614  3012 D NetworkStatsRecorder: entry.iface is null
05-14 08:28:34.891  2614  3012 D NetworkStatsRecorder: entry.iface is null
05-14 08:28:34.901  2614  3012 V NetworkStats: performPollLocked() took 19ms
05-14 08:28:36.821  2614  2962 V AlarmManager: Expired Alarm result :8
05-14 08:28:36.821  2614  2686 V BroadcastQueue: [background] Process cur broadcast BroadcastRecord{e0472a3 u0 null qIdx=4}, state= (APP_RECEIVE) DELIVERED for app ProcessRecord{8d47cae 3685:com.google.android.gms.persistent/u0a15}
05-14 08:28:36.821  2614  3013 D NetworkPolicy: isUidForegroundLocked: 10015, mScreenOn: true, uidstate: 6, mProxSensorScreenOff: false
05-14 08:28:37.801  2614  3142 D BatteryService: !@BatteryListener : batteryPropertiesChanged!
05-14 08:28:37.801  2614  3142 D BatteryService: level:100, scale:100, status:5, health:2, present:true, voltage: 4266, temperature: 296, technology: Li-ion, AC powered:false, USB powered:true, POGO powered:false, Wireless powered:false, icon:17303500, invalid charger:0, maxChargingCurrent:0
05-14 08:28:37.801  2614  3142 D BatteryService: online:6, current avg:22, charge type:1, power sharing:false, high voltage charger:false, capacity:280000, batterySWSelfDischarging:false, current_now:-191
05-14 08:28:37.801  2614  2614 D BatteryService: Sending ACTION_BATTERY_CHANGED.
05-14 08:28:37.811  2614  2614 I MotionRecognitionService: Plugged
05-14 08:28:37.811  2614  2614 D MotionRecognitionService:   cableConnection= 1
05-14 08:28:37.811  2614  2614 D MotionRecognitionService: setPowerConnected | current backoff  = 1024 , state =1024
05-14 08:28:37.811  2614  2614 D MotionRecognitionService: skip setTransmitPower. 
05-14 08:28:37.811  2614  2614 D GameManagerService: new battery level: 100
05-14 08:28:37.811  3094  3094 D PowerUI : priorPlugType = 2 mPlugType =  2
05-14 08:28:37.831  3094  3094 D BatteryMeterView: ACTION_BATTERY_CHANGED : level:100 status:5 health:2
05-14 08:28:37.831  3094  3094 D BatteryMeterView: ACTION_BATTERY_CHANGED : level:100 status:5 health:2
05-14 08:28:38.821  2614  5513 D SSRM:w  : SIOP:: AP = 510, PST = 425 (W:10), CUR = -146, LCD = 0
05-14 08:28:38.821  2614  5513 D ConnectivityService: returning getNetworkInfo for network type 1 : [type: WIFI[] - WIFI, state: CONNECTED/CONNECTED, reason: (unspecified), extra: "HuuugeQA", roaming: false, failover: false, isAvailable: true]
05-14 08:28:41.451  2614  3012 V NetworkStats: performPollLocked(flags=0x1)
05-14 08:28:41.461  2614  3012 D NetworkStatsRecorder: entry.iface is null
05-14 08:28:41.461  2614  3012 D NetworkStatsRecorder: entry.iface is null
05-14 08:28:41.461  2614  3012 D NetworkStatsRecorder: entry.iface is null
05-14 08:28:41.461  2614  3012 D NetworkStatsRecorder: entry.iface is null
05-14 08:28:41.481  2614  3012 V NetworkStats: performPollLocked() took 24ms
05-14 08:28:41.641  2614  3486 D ConnectivityService: returning getNetworkInfo for network type 1 : [type: WIFI[] - WIFI, state: CONNECTED/CONNECTED, reason: (unspecified), extra: "HuuugeQA", roaming: false, failover: false, isAvailable: true]
05-14 08:28:41.641  2614  2629 D ConnectivityService: returning getNetworkInfo for network type 0 : [type: MOBILE[] - MOBILE, state: DISCONNECTED/DISCONNECTED, reason: (unspecified), extra: (none), roaming: false, failover: false, isAvailable: true]
05-14 08:28:42.051  2614  3488 D ConnectivityService: returning getNetworkInfo for network type 1 : [type: WIFI[] - WIFI, state: CONNECTED/CONNECTED, reason: (unspecified), extra: "HuuugeQA", roaming: false, failover: false, isAvailable: true]
05-14 08:28:42.051  2614  3267 D ConnectivityService: returning getNetworkInfo for network type 0 : [type: MOBILE[] - MOBILE, state: DISCONNECTED/DISCONNECTED, reason: (unspecified), extra: (none), roaming: false, failover: false, isAvailable: true]
05-14 08:28:42.461  2614  3486 D ConnectivityService: returning getNetworkInfo for network type 1 : [type: WIFI[] - WIFI, state: CONNECTED/CONNECTED, reason: (unspecified), extra: "HuuugeQA", roaming: false, failover: false, isAvailable: true]
05-14 08:28:42.461  2614  2629 D ConnectivityService: returning getNetworkInfo for network type 0 : [type: MOBILE[] - MOBILE, state: DISCONNECTED/DISCONNECTED, reason: (unspecified), extra: (none), roaming: false, failover: false, isAvailable: true]
05-14 08:28:42.971  2614  3012 V NetworkStats: performPollLocked(flags=0x1)
05-14 08:28:42.981  2614  3012 D NetworkStatsRecorder: entry.iface is null
05-14 08:28:42.981  2614  3012 D NetworkStatsRecorder: entry.iface is null
05-14 08:28:42.981  2614  3012 D NetworkStatsRecorder: entry.iface is null
05-14 08:28:42.981  2614  3012 D NetworkStatsRecorder: entry.iface is null
05-14 08:28:43.001  2614  3012 V NetworkStats: performPollLocked() took 28ms
05-14 08:28:43.071  2614  2628 D ConnectivityService: returning getNetworkInfo for network type 1 : [type: WIFI[] - WIFI, state: CONNECTED/CONNECTED, reason: (unspecified), extra: "HuuugeQA", roaming: false, failover: false, isAvailable: true]
05-14 08:28:43.071  2614  4149 D ConnectivityService: returning getNetworkInfo for network type 0 : [type: MOBILE[] - MOBILE, state: DISCONNECTED/DISCONNECTED, reason: (unspecified), extra: (none), roaming: false, failover: false, isAvailable: true]
05-14 08:28:43.481  2614  3012 V NetworkStats: performPollLocked(flags=0x1)
05-14 08:28:43.481  2614  3012 D NetworkStatsRecorder: entry.iface is null
05-14 08:28:43.481  2614  3012 D NetworkStatsRecorder: entry.iface is null
05-14 08:28:43.481  2614  3012 D NetworkStatsRecorder: entry.iface is null
05-14 08:28:43.481  2614  3012 D NetworkStatsRecorder: entry.iface is null
05-14 08:28:43.501  2614  3012 V NetworkStats: performPollLocked() took 26ms
05-14 08:28:43.501  2614  3503 D ConnectivityService: returning getNetworkInfo for network type 1 : [type: WIFI[] - WIFI, state: CONNECTED/CONNECTED, reason: (unspecified), extra: "HuuugeQA", roaming: false, failover: false, isAvailable: true]
05-14 08:28:43.501  2614  3488 D ConnectivityService: returning getNetworkInfo for network type 0 : [type: MOBILE[] - MOBILE, state: DISCONNECTED/DISCONNECTED, reason: (unspecified), extra: (none), roaming: false, failover: false, isAvailable: true]
05-14 08:28:43.791  2614  3140 D ConnectivityService: returning getNetworkInfo for network type 1 : [type: WIFI[] - WIFI, state: CONNECTED/CONNECTED, reason: (unspecified), extra: "HuuugeQA", roaming: false, failover: false, isAvailable: true]
05-14 08:28:43.801  2614  3268 D ConnectivityService: returning getNetworkInfo for network type 0 : [type: MOBILE[] - MOBILE, state: DISCONNECTED/DISCONNECTED, reason: (unspecified), extra: (none), roaming: false, failover: false, isAvailable: true]
05-14 08:28:43.881  2614  4150 D ConnectivityService: returning getNetworkInfo for network type 1 : [type: WIFI[] - WIFI, state: CONNECTED/CONNECTED, reason: (unspecified), extra: "HuuugeQA", roaming: false, failover: false, isAvailable: true]
05-14 08:28:43.881  2614  2628 D ConnectivityService: returning getNetworkInfo for network type 0 : [type: MOBILE[] - MOBILE, state: DISCONNECTED/DISCONNECTED, reason: (unspecified), extra: (none), roaming: false, failover: false, isAvailable: true]
05-14 08:28:44.111  2614  4151 D ConnectivityService: returning getNetworkInfo for network type 1 : [type: WIFI[] - WIFI, state: CONNECTED/CONNECTED, reason: (unspecified), extra: "HuuugeQA", roaming: false, failover: false, isAvailable: true]
05-14 08:28:44.111  2614  3262 D ConnectivityService: returning getNetworkInfo for network type 0 : [type: MOBILE[] - MOBILE, state: DISCONNECTED/DISCONNECTED, reason: (unspecified), extra: (none), roaming: false, failover: false, isAvailable: true]
05-14 08:28:44.281  2614  3142 D ConnectivityService: returning getNetworkInfo for network type 1 : [type: WIFI[] - WIFI, state: CONNECTED/CONNECTED, reason: (unspecified), extra: "HuuugeQA", roaming: false, failover: false, isAvailable: true]
05-14 08:28:44.281  2614  3503 D ConnectivityService: returning getNetworkInfo for network type 0 : [type: MOBILE[] - MOBILE, state: DISCONNECTED/DISCONNECTED, reason: (unspecified), extra: (none), roaming: false, failover: false, isAvailable: true]
05-14 08:28:44.691  2614  4147 D ConnectivityService: returning getNetworkInfo for network type 1 : [type: WIFI[] - WIFI, state: CONNECTED/CONNECTED, reason: (unspecified), extra: "HuuugeQA", roaming: false, failover: false, isAvailable: true]
05-14 08:28:44.691  2614  3486 D ConnectivityService: returning getNetworkInfo for network type 0 : [type: MOBILE[] - MOBILE, state: DISCONNECTED/DISCONNECTED, reason: (unspecified), extra: (none), roaming: false, failover: false, isAvailable: true]
05-14 08:28:45.031  2614  3268 D ConnectivityService: returning getNetworkInfo for network type 1 : [type: WIFI[] - WIFI, state: CONNECTED/CONNECTED, reason: (unspecified), extra: "HuuugeQA", roaming: false, failover: false, isAvailable: true]
05-14 08:28:45.031  2614  4150 D ConnectivityService: returning getNetworkInfo for network type 0 : [type: MOBILE[] - MOBILE, state: DISCONNECTED/DISCONNECTED, reason: (unspecified), extra: (none), roaming: false, failover: false, isAvailable: true]
05-14 08:28:45.371  2614  2628 D ConnectivityService: returning getNetworkInfo for network type 1 : [type: WIFI[] - WIFI, state: CONNECTED/CONNECTED, reason: (unspecified), extra: "HuuugeQA", roaming: false, failover: false, isAvailable: true]
05-14 08:28:45.371  2614  4149 D ConnectivityService: returning getNetworkInfo for network type 0 : [type: MOBILE[] - MOBILE, state: DISCONNECTED/DISCONNECTED, reason: (unspecified), extra: (none), roaming: false, failover: false, isAvailable: true]
05-14 08:28:45.581  2614  3012 V NetworkStats: performPollLocked(flags=0x1)
05-14 08:28:45.591  2614  3012 D NetworkStatsRecorder: entry.iface is null
05-14 08:28:45.591  2614  3012 D NetworkStatsRecorder: entry.iface is null
05-14 08:28:45.591  2614  3012 D NetworkStatsRecorder: entry.iface is null
05-14 08:28:45.591  2614  3012 D NetworkStatsRecorder: entry.iface is null
05-14 08:28:45.611  2614  3012 V NetworkStats: performPollLocked() took 24ms
05-14 08:28:45.781  2614  3142 D ConnectivityService: returning getNetworkInfo for network type 1 : [type: WIFI[] - WIFI, state: CONNECTED/CONNECTED, reason: (unspecified), extra: "HuuugeQA", roaming: false, failover: false, isAvailable: true]
05-14 08:28:45.781  2614  3503 D ConnectivityService: returning getNetworkInfo for network type 0 : [type: MOBILE[] - MOBILE, state: DISCONNECTED/DISCONNECTED, reason: (unspecified), extra: (none), roaming: false, failover: false, isAvailable: true]
05-14 08:28:46.381  2614  3488 D ConnectivityService: returning getNetworkInfo for network type 1 : [type: WIFI[] - WIFI, state: CONNECTED/CONNECTED, reason: (unspecified), extra: "HuuugeQA", roaming: false, failover: false, isAvailable: true]
05-14 08:28:46.381  2614  3267 D ConnectivityService: returning getNetworkInfo for network type 0 : [type: MOBILE[] - MOBILE, state: DISCONNECTED/DISCONNECTED, reason: (unspecified), extra: (none), roaming: false, failover: false, isAvailable: true]
05-14 08:28:46.461  2614  3504 D ConnectivityService: returning getNetworkInfo for network type 1 : [type: WIFI[] - WIFI, state: CONNECTED/CONNECTED, reason: (unspecified), extra: "HuuugeQA", roaming: false, failover: false, isAvailable: true]
05-14 08:28:46.461  2614  4147 D ConnectivityService: returning getNetworkInfo for network type 0 : [type: MOBILE[] - MOBILE, state: DISCONNECTED/DISCONNECTED, reason: (unspecified), extra: (none), roaming: false, failover: false, isAvailable: true]
05-14 08:28:46.521  2614  3012 V NetworkStats: performPollLocked(flags=0x1)
05-14 08:28:46.531  2614  3012 D NetworkStatsRecorder: entry.iface is null
05-14 08:28:46.531  2614  3012 D NetworkStatsRecorder: entry.iface is null
05-14 08:28:46.531  2614  3012 D NetworkStatsRecorder: entry.iface is null
05-14 08:28:46.531  2614  3012 D NetworkStatsRecorder: entry.iface is null
05-14 08:28:46.541  2614  3012 V NetworkStats: performPollLocked() took 20ms
05-14 08:28:46.831  2614  3012 V NetworkStats: performPollLocked(flags=0x1)
05-14 08:28:46.841  2614  3012 D NetworkStatsRecorder: entry.iface is null
05-14 08:28:46.841  2614  3012 D NetworkStatsRecorder: entry.iface is null
05-14 08:28:46.841  2614  3012 D NetworkStatsRecorder: entry.iface is null
05-14 08:28:46.841  2614  3012 D NetworkStatsRecorder: entry.iface is null
05-14 08:28:46.851  2614  3012 V NetworkStats: performPollLocked() took 27ms
05-14 08:28:47.171  2614  3326 E Watchdog: !@Sync 8146 [05-14 08:28:47.173]
05-14 08:28:47.231  2614  3012 V NetworkStats: performPollLocked(flags=0x1)
05-14 08:28:47.241  2614  3012 D NetworkStatsRecorder: entry.iface is null
05-14 08:28:47.241  2614  3012 D NetworkStatsRecorder: entry.iface is null
05-14 08:28:47.241  2614  3012 D NetworkStatsRecorder: entry.iface is null
05-14 08:28:47.241  2614  3012 D NetworkStatsRecorder: entry.iface is null
05-14 08:28:47.261  2614  3012 V NetworkStats: performPollLocked() took 25ms
05-14 08:28:47.391  2614  4150 D ConnectivityService: returning getNetworkInfo for network type 1 : [type: WIFI[] - WIFI, state: CONNECTED/CONNECTED, reason: (unspecified), extra: "HuuugeQA", roaming: false, failover: false, isAvailable: true]
05-14 08:28:47.391  2614  2628 D ConnectivityService: returning getNetworkInfo for network type 0 : [type: MOBILE[] - MOBILE, state: DISCONNECTED/DISCONNECTED, reason: (unspecified), extra: (none), roaming: false, failover: false, isAvailable: true]
05-14 08:28:47.871  2614  3262 D BatteryService: !@BatteryListener : batteryPropertiesChanged!
05-14 08:28:47.871  2614  3262 D BatteryService: level:100, scale:100, status:5, health:2, present:true, voltage: 4359, temperature: 297, technology: Li-ion, AC powered:false, USB powered:true, POGO powered:false, Wireless powered:false, icon:17303500, invalid charger:0, maxChargingCurrent:0
05-14 08:28:47.871  2614  3262 D BatteryService: online:6, current avg:-52, charge type:1, power sharing:false, high voltage charger:false, capacity:280000, batterySWSelfDischarging:false, current_now:149
05-14 08:28:47.871  2614  2614 D BatteryService: Sending ACTION_BATTERY_CHANGED.
05-14 08:28:47.871  2614  2614 I MotionRecognitionService: Plugged
05-14 08:28:47.871  2614  2614 D MotionRecognitionService:   cableConnection= 1
05-14 08:28:47.871  2614  2614 D MotionRecognitionService: setPowerConnected | current backoff  = 1024 , state =1024
05-14 08:28:47.871  2614  2614 D MotionRecognitionService: skip setTransmitPower. 
05-14 08:28:47.871  2614  2614 D GameManagerService: new battery level: 100
05-14 08:28:47.871  3094  3094 D PowerUI : priorPlugType = 2 mPlugType =  2
05-14 08:28:47.881  3094  3094 D BatteryMeterView: ACTION_BATTERY_CHANGED : level:100 status:5 health:2
05-14 08:28:47.881  3094  3094 D BatteryMeterView: ACTION_BATTERY_CHANGED : level:100 status:5 health:2
05-14 08:28:47.891  2614  3488 D ConnectivityService: returning getNetworkInfo for network type 1 : [type: WIFI[] - WIFI, state: CONNECTED/CONNECTED, reason: (unspecified), extra: "HuuugeQA", roaming: false, failover: false, isAvailable: true]
05-14 08:28:47.891  2614  3267 D ConnectivityService: returning getNetworkInfo for network type 0 : [type: MOBILE[] - MOBILE, state: DISCONNECTED/DISCONNECTED, reason: (unspecified), extra: (none), roaming: false, failover: false, isAvailable: true]
05-14 08:28:47.931  2614  3486 D ConnectivityService: returning getNetworkInfo for network type 1 : [type: WIFI[] - WIFI, state: CONNECTED/CONNECTED, reason: (unspecified), extra: "HuuugeQA", roaming: false, failover: false, isAvailable: true]
05-14 08:28:47.931  2614  2629 D ConnectivityService: returning getNetworkInfo for network type 0 : [type: MOBILE[] - MOBILE, state: DISCONNECTED/DISCONNECTED, reason: (unspecified), extra: (none), roaming: false, failover: false, isAvailable: true]
05-14 08:28:48.311  2614  4151 D ConnectivityService: returning getNetworkInfo for network type 1 : [type: WIFI[] - WIFI, state: CONNECTED/CONNECTED, reason: (unspecified), extra: "HuuugeQA", roaming: false, failover: false, isAvailable: true]
05-14 08:28:48.321  2614  3262 D ConnectivityService: returning getNetworkInfo for network type 0 : [type: MOBILE[] - MOBILE, state: DISCONNECTED/DISCONNECTED, reason: (unspecified), extra: (none), roaming: false, failover: false, isAvailable: true]
05-14 08:28:48.531  2614  3503 D ConnectivityService: returning getNetworkInfo for network type 1 : [type: WIFI[] - WIFI, state: CONNECTED/CONNECTED, reason: (unspecified), extra: "HuuugeQA", roaming: false, failover: false, isAvailable: true]
05-14 08:28:48.531  2614  3142 D ConnectivityService: returning getNetworkInfo for network type 0 : [type: MOBILE[] - MOBILE, state: DISCONNECTED/DISCONNECTED, reason: (unspecified), extra: (none), roaming: false, failover: false, isAvailable: true]
05-14 08:28:48.571  2614  3488 D ConnectivityService: returning getNetworkInfo for network type 1 : [type: WIFI[] - WIFI, state: CONNECTED/CONNECTED, reason: (unspecified), extra: "HuuugeQA", roaming: false, failover: false, isAvailable: true]
05-14 08:28:48.571  2614  3267 D ConnectivityService: returning getNetworkInfo for network type 0 : [type: MOBILE[] - MOBILE, state: DISCONNECTED/DISCONNECTED, reason: (unspecified), extra: (none), roaming: false, failover: false, isAvailable: true]
05-14 08:28:48.611  2614  2629 D ConnectivityService: returning getNetworkInfo for network type 1 : [type: WIFI[] - WIFI, state: CONNECTED/CONNECTED, reason: (unspecified), extra: "HuuugeQA", roaming: false, failover: false, isAvailable: true]
05-14 08:28:48.611  2614  3140 D ConnectivityService: returning getNetworkInfo for network type 0 : [type: MOBILE[] - MOBILE, state: DISCONNECTED/DISCONNECTED, reason: (unspecified), extra: (none), roaming: false, failover: false, isAvailable: true]
05-14 08:28:48.741  2614  3002 D ConnectivityService: returning getNetworkInfo for network type 1 : [type: WIFI[] - WIFI, state: CONNECTED/CONNECTED, reason: (unspecified), extra: "HuuugeQA", roaming: false, failover: false, isAvailable: true]
05-14 08:28:48.741  2614  4151 D ConnectivityService: returning getNetworkInfo for network type 0 : [type: MOBILE[] - MOBILE, state: DISCONNECTED/DISCONNECTED, reason: (unspecified), extra: (none), roaming: false, failover: false, isAvailable: true]
05-14 08:28:48.781  2614  3142 D ConnectivityService: returning getNetworkInfo for network type 1 : [type: WIFI[] - WIFI, state: CONNECTED/CONNECTED, reason: (unspecified), extra: "HuuugeQA", roaming: false, failover: false, isAvailable: true]
05-14 08:28:48.781  2614  3488 D ConnectivityService: returning getNetworkInfo for network type 0 : [type: MOBILE[] - MOBILE, state: DISCONNECTED/DISCONNECTED, reason: (unspecified), extra: (none), roaming: false, failover: false, isAvailable: true]
05-14 08:28:48.841  2614  5513 D SSRM:w  : SIOP:: AP = 530, PST = 441 (W:10), CUR = -73, LCD = 0
05-14 08:28:48.841  2614  5513 D ConnectivityService: returning getNetworkInfo for network type 1 : [type: WIFI[] - WIFI, state: CONNECTED/CONNECTED, reason: (unspecified), extra: "HuuugeQA", roaming: false, failover: false, isAvailable: true]
05-14 08:28:48.961  2614  3267 D ConnectivityService: returning getNetworkInfo for network type 1 : [type: WIFI[] - WIFI, state: CONNECTED/CONNECTED, reason: (unspecified), extra: "HuuugeQA", roaming: false, failover: false, isAvailable: true]
05-14 08:28:48.961  2614  3504 D ConnectivityService: returning getNetworkInfo for network type 0 : [type: MOBILE[] - MOBILE, state: DISCONNECTED/DISCONNECTED, reason: (unspecified), extra: (none), roaming: false, failover: false, isAvailable: true]
05-14 08:28:48.991  2614  4147 D ConnectivityService: returning getNetworkInfo for network type 1 : [type: WIFI[] - WIFI, state: CONNECTED/CONNECTED, reason: (unspecified), extra: "HuuugeQA", roaming: false, failover: false, isAvailable: true]
05-14 08:28:48.991  2614  3486 D ConnectivityService: returning getNetworkInfo for network type 0 : [type: MOBILE[] - MOBILE, state: DISCONNECTED/DISCONNECTED, reason: (unspecified), extra: (none), roaming: false, failover: false, isAvailable: true]
05-14 08:28:49.161  2614  2629 D ConnectivityService: returning getNetworkInfo for network type 1 : [type: WIFI[] - WIFI, state: CONNECTED/CONNECTED, reason: (unspecified), extra: "HuuugeQA", roaming: false, failover: false, isAvailable: true]
05-14 08:28:49.161  2614  3140 D ConnectivityService: returning getNetworkInfo for network type 0 : [type: MOBILE[] - MOBILE, state: DISCONNECTED/DISCONNECTED, reason: (unspecified), extra: (none), roaming: false, failover: false, isAvailable: true]
05-14 08:28:49.201  2614  3268 D ConnectivityService: returning getNetworkInfo for network type 1 : [type: WIFI[] - WIFI, state: CONNECTED/CONNECTED, reason: (unspecified), extra: "HuuugeQA", roaming: false, failover: false, isAvailable: true]
05-14 08:28:49.201  2614  4150 D ConnectivityService: returning getNetworkInfo for network type 0 : [type: MOBILE[] - MOBILE, state: DISCONNECTED/DISCONNECTED, reason: (unspecified), extra: (none), roaming: false, failover: false, isAvailable: true]
05-14 08:28:49.591  2614  3504 D ConnectivityService: returning getNetworkInfo for network type 1 : [type: WIFI[] - WIFI, state: CONNECTED/CONNECTED, reason: (unspecified), extra: "HuuugeQA", roaming: false, failover: false, isAvailable: true]
05-14 08:28:49.591  2614  4147 D ConnectivityService: returning getNetworkInfo for network type 0 : [type: MOBILE[] - MOBILE, state: DISCONNECTED/DISCONNECTED, reason: (unspecified), extra: (none), roaming: false, failover: false, isAvailable: true]
05-14 08:28:49.621  2614  3486 D ConnectivityService: returning getNetworkInfo for network type 1 : [type: WIFI[] - WIFI, state: CONNECTED/CONNECTED, reason: (unspecified), extra: "HuuugeQA", roaming: false, failover: false, isAvailable: true]
05-14 08:28:49.631  2614  2629 D ConnectivityService: returning getNetworkInfo for network type 0 : [type: MOBILE[] - MOBILE, state: DISCONNECTED/DISCONNECTED, reason: (unspecified), extra: (none), roaming: false, failover: false, isAvailable: true]
05-14 08:28:49.811  2614  3012 V NetworkStats: performPollLocked(flags=0x1)
05-14 08:28:49.821  2614  3012 D NetworkStatsRecorder: entry.iface is null
05-14 08:28:49.821  2614  3012 D NetworkStatsRecorder: entry.iface is null
05-14 08:28:49.821  2614  3012 D NetworkStatsRecorder: entry.iface is null
05-14 08:28:49.821  2614  3012 D NetworkStatsRecorder: entry.iface is null
05-14 08:28:49.841  2614  3012 V NetworkStats: performPollLocked() took 21ms
05-14 08:28:50.011  2614  4150 D ConnectivityService: returning getNetworkInfo for network type 1 : [type: WIFI[] - WIFI, state: CONNECTED/CONNECTED, reason: (unspecified), extra: "HuuugeQA", roaming: false, failover: false, isAvailable: true]
05-14 08:28:50.011  2614  2628 D ConnectivityService: returning getNetworkInfo for network type 0 : [type: MOBILE[] - MOBILE, state: DISCONNECTED/DISCONNECTED, reason: (unspecified), extra: (none), roaming: false, failover: false, isAvailable: true]
