04-13 14:49:00.683  1249  1274 D PowerManagerService: parseBigData customDataSet : "LBLD":"7","LBMD":"0","LBHD":"0","LOD":"70"
04-13 14:49:00.683  1526  1526 D vol.SecVolumeDialog: onScreenTurnedOff()
04-13 14:49:00.683  1526  1526 D vol.SecVolumeDialog: dismissH reason: 4
04-13 14:49:00.683  1526  1526 D vol.SecVolumeDialog: dismissH : false
04-13 14:49:00.683  1249  1274 D DisplayPowerController: animateScreenStateChange[0]: target=1
04-13 14:49:00.683  1249  1279 D DisplayManagerService: !@display_state: ON -> OFF brightness: 0 -> 0
04-13 14:49:00.683  1249  1274 D DisplayPowerController: [Dual Screen Compatible] state[0] :1
04-13 14:49:00.683  1526  1526 D LockIcon: state = 5, mLastState = 5, mDeviceInteractive = true, mLastDeviceInteractive = true, mScreenOn = false, mLastScreenOn = true,  force = false
04-13 14:49:00.684  1249  1274 D DisplayPowerController: Animating brightness: target=0, rate=0 (PSM:false, AB limit:(-1 ~ -1) MB Limit:(-1 ~ -1))
04-13 14:49:00.684  1249  1274 D PowerManagerService: sendBroadcastToHWParam() mSemHqmManager is null
04-13 14:49:00.684  1249  1272 I DisplayManagerService: Display device changed state: "Built-in Screen", OFF
04-13 14:49:00.684  2695  2695 D MenuAppsGridFragment: onStop
04-13 14:49:00.684   460   460 D SurfaceFlinger: Set power mode=0, type=0 flinger=0x7f8f84bdc0
04-13 14:49:00.684  2695  2695 D Launcher.HomeView: onStop
04-13 14:49:00.684   460   460 D qdhwcomposer: hwc_setPowerMode: Setting mode 0 on display: 0
04-13 14:49:00.684  2695  2695 D capture : ----destroy
04-13 14:49:00.690  1526  1526 D ImageWallpaper: onVisibilityChanged: mVisible=true visible=false
04-13 14:49:00.690  1526  1526 D ImageWallpaper: Visibility changed to visible=false
04-13 14:49:00.854   460   519 I qdhwcomposer: handle_blank_event: dpy:0 panel power state: 0
04-13 14:49:00.855   460   460 D qdhwcomposer: hwc_setPowerMode: Done setting mode 0 on display 0
04-13 14:49:00.855  1249  1279 D SurfaceControl: Excessive delay in setPowerMode(): 171ms
04-13 14:49:00.855  1249  1279 D PowerManagerUtil: Excessive delay in !@display_state: OFF: 172ms
04-13 14:49:00.856  1249  1279 I libsuspend: !@autosuspend_wakeup_count_enable
04-13 14:49:00.856  1249  1279 I libsuspend: !@autosuspend_wakeup_count_enable done
04-13 14:49:00.856  1249  1274 D DisplayPowerController: animateScreenStateChange[0]: target=1
04-13 14:49:00.856  1249  1274 D DisplayPowerController: [Dual Screen Compatible] state[0] :1
04-13 14:49:00.856  1249  1274 D DisplayPowerController: Animating brightness: target=0, rate=0 (PSM:false, AB limit:(-1 ~ -1) MB Limit:(-1 ~ -1))
04-13 14:49:00.856  1249  1279 D PowerManagerUtil: Excessive delay in DisplayManagerInternal.requestDesiredDisplayState: 173ms
04-13 14:49:00.856  1249  1274 I PowerManagerService: [PWL] Off : 0s ago
04-13 14:49:00.856  1249  1274 I PowerManagerService: [PWL]   PowerManagerService.Display: ref count=2
04-13 14:49:00.856  1249  1274 I PowerManagerService: [PWL]     mUserActivitySummary : 0x4
04-13 14:49:00.856  1249  1274 I PowerManagerService: [PWL]     mDisplayReady : false
04-13 14:49:00.856  1249  1274 D DisplayPowerController: animateScreenStateChange[0]: target=1
04-13 14:49:00.856  1249  1274 D DisplayPowerController: [Dual Screen Compatible] state[0] :1
04-13 14:49:00.856  1249  1274 D DisplayPowerController: Animating brightness: target=0, rate=0 (PSM:false, AB limit:(-1 ~ -1) MB Limit:(-1 ~ -1))
04-13 14:49:00.857  1249  1274 D PowerManagerService: [s] DisplayPowerCallbacks : onStateChanged()
04-13 14:49:00.857  1249  1274 D PowerManagerService: mDisplayReady: true
04-13 14:49:00.857  1249  1274 D PowerManagerService: [PWL] sb acquire: PowerManagerService.Dozing
04-13 14:49:00.857  1249  1274 D PowerManagerService: [PWL] sb release: PowerManagerService.Display
04-13 14:49:00.857  1249  1274 D PowerManagerService: handleSandman : startDreaming: true  (canDreamLocked: false  canDozeLocked: true)
04-13 14:49:00.857  1249  1274 D PowerManagerService: handleSandman : startDream(true)
04-13 14:49:00.857  1249  1274 E PowerManagerService: handleSandman : startDreaming, but isDreaming false
04-13 14:49:00.857  1249  1274 I PowerManagerService: Sleeping (uid 1000)...
04-13 14:49:00.857  1249  1274 D PowerManagerService: [s] UserActivityState : 4 -> 0
04-13 14:49:00.858  1249  1274 D PowerManagerService: [PWL] sb acquire: PowerManagerService.Broadcasts
04-13 14:49:00.858  1249  1274 D PowerManagerService: [PWL] sb release: PowerManagerService.Dozing
04-13 14:49:00.858  1249  1462 D PersonaManagerService: onfinishedGoingToSleep why = 3
04-13 14:49:00.859  1526  7021 D KeyguardViewMediator: onFinishedGoingToSleep(3)
04-13 14:49:00.859  1526  7021 D KeyguardViewMediator: notifyFinishedGoingToSleep
04-13 14:49:00.860  1526  1526 D KeyguardViewMediator: handleNotifyFinishedGoingToSleep
04-13 14:49:00.860  1249  1284 D PersonaManagerServiceHandler: MSG_ACTION_SCREEN_OFF called
04-13 14:49:00.860  1526  1526 D WallpaperViewController: onScreenTurnedOff
04-13 14:49:00.860  1526  1526 D WallpaperViewController: mWallpaperView.onPause()
04-13 14:49:00.860  1526  1526 D PowerUI.Notification: dismissUnintentionallyLcdOnNotice
04-13 14:49:00.862  1526  1526 D KeyguardFingerPrint: shouldListenForFingerprint ( fingerprint is not enabled. ) 
04-13 14:49:00.862  1526  1526 V KeyguardFingerPrint: stopListeningForFingerprint()
04-13 14:49:00.874  1249  1249 D LightsService: [api] [SvcLED] setFlashing :: id = 5, color = 0, mode = 10, onMS = 0, offMS = 0,  (uid: 1000 pid: 1249) 
04-13 14:49:00.874  1249  1249 D LightsService: [api] [SvcLED] LED indicator : Not supported.
04-13 14:49:00.874  1249  1249 D BatteryService: turn on LED for charging
04-13 14:49:00.883  1249  1249 D EdmStorageProvider: getCount(ClientCertificateManagerTable) - 0
04-13 14:49:00.886  1249  1249 D UniversalCredentialManagerService: inside mBReciever onReceive : android.intent.action.SCREEN_OFF
04-13 14:49:00.888  1249  1249 D UniversalCredentialManagerService: ****MSG_LOCK_STATUS_UPDATE block started****
04-13 14:49:00.888  1249  1249 D UniversalCredentialManagerService: notifyChangeToPlugin is called for Lock status update...
04-13 14:49:00.888  1249  1249 D UcmService: notifyChangeToPlugin event 16
04-13 14:49:00.888  1249  1249 D UcmService: checkCallerPermissionFor is called for method-notifyChangeToPlugin
04-13 14:49:00.889  1249  1249 D UniversalCredentialManagerService: ****MSG_LOCK_STATUS_UPDATE block ended****
04-13 14:49:00.889  1249  3616 D SSRM:i  : SIOP:: AP = 350, PST = 348 (W:28), CP = 41, LCD = 0
04-13 14:49:00.896  1249  1264 D CompatibilityInfo: mCompatibilityFlags - 4
04-13 14:49:00.896  1249  1264 D CompatibilityInfo: applicationDensity - 320
04-13 14:49:00.896  1249  1264 D CompatibilityInfo: applicationScale - 1.0
04-13 14:49:00.900  1249  3616 D TelephonyManager: getAllCellInfo : Caller (PID / UID / TID): 1249 / 1000 / 3616
04-13 14:49:00.918  1249  1249 D LightsService: [api] [SvcLED] turnOff:: id = 6 (uid: 1000 pid: 1249) 
04-13 14:49:00.918  1249  1249 D LightsService: [api] [SvcLED] LED indicator : Not supported.
04-13 14:49:00.921   578 21884 D audio_hw_primary: adev_set_parameters: enter: screen_state=off
04-13 14:49:00.921   578 21884 V msm8916_platform: platform_set_parameters: enter: - screen_state=off
04-13 14:49:00.921   578 21884 V msm8916_platform: platform_set_parameters: exit with code(0)
04-13 14:49:00.921   578 21884 V audio_hw_sec: factory_set_parameters: enter: screen_state=off
04-13 14:49:00.921   578 21884 V audio_hw_sec: sec_set_parameters: enter: screen_state=off
04-13 14:49:00.921   578 21884 V audio_hw_sec: sec_set_parameters: exit with code(0)
04-13 14:49:00.923  1249  1370 W AlarmManager: Unrecognized alarm listener com.android.server.wifi.WifiConnectivityManager$4@7f57911
04-13 14:49:00.923  1249  1370 W AlarmManager: Unrecognized alarm listener com.android.server.wifi.WifiConnectivityManager$5@28dea76
04-13 14:49:00.923  1249  1370 W AlarmManager: Unrecognized alarm listener com.android.server.wifi.WifiConnectivityManager$6@120f877
04-13 14:49:00.926  1249  1249 D SamsungAlarmManager: setInexact Intent (T:2/F:8/AC:false) 20180413T160000 - CU:1000/CP:1249
04-13 14:49:00.928  1249  1249 I MdnieScenarioControlService: action  :  android.intent.action.SCREEN_OFF
04-13 14:49:00.930  1249  1249 I FingerprintService: onReceive: android.intent.action.SCREEN_OFF
04-13 14:49:00.933  1249  1249 I BackgroundCompactionService: Schedule Type1 BGCompaction
04-13 14:49:00.937  1249  1249 D SamsungAlarmManager: setExact Listener (T:2/F:0/AC:false) 20180413T144910 - CU:1000/CP:1249
04-13 14:49:00.939  1249  1249 D SamsungAlarmManager: setInexact Listener (T:2/F:0/AC:false) 20180413T144913 - CU:1000/CP:1249
04-13 14:49:00.944  1249  1249 D WifiService: unRegisterForSContext() : skip - it does not registered.
04-13 14:49:00.953  1476  1476 D BtGatt.GattService: LCD turned off
04-13 14:49:00.954  1476  1925 D BtGatt.ScanManager: handleLcdOffIntent
04-13 14:49:00.954  1476  1925 D BtGatt.ScanManager: handleLcdOffIntent : thresholdScanValue is = 10 mLastConfiguredScanValue =5
04-13 14:49:00.960  1526  1636 D NetworkController.MobileSignalController(0/-2): onDataActivity: direction=0
04-13 14:49:00.961  1526  1636 D NetworkController.MobileSignalController(0/-2): onDataActivity: direction=0
04-13 14:49:00.963  1249  1249 D SamsungAlarmManager: setExact Intent (T:1/F:9/AC:false) 20180413T145900 - CU:1000/CP:1249
04-13 14:49:00.981  2695  2695 D Launcher.Workspace: exitWidgetResizeMode. isClearResizeFrame is false
04-13 14:49:00.988  1249  1249 I SurveyLogManager: mDeviceInfo.mScreen = false
04-13 14:49:00.995  1249  1249 D SSRM:a  : ACTION_SCREEN_OFF
04-13 14:49:00.998  4831  4831 I BeaconManager: BeaconManager.onReceive - receive Action : android.intent.action.SCREEN_OFF
04-13 14:49:00.998  4831  4831 D BeaconManager: BeaconManager.onReceive - end
04-13 14:49:00.999  4831  4850 I BeaconManager: BeaconManager.BeaconManagerWorkHandler - BroadcastReceiver onReceive start
04-13 14:49:00.999  4831  4850 D BeaconManager: BeaconManager.BeaconManagerWorkHandler - mScreenObserver action:android.intent.action.SCREEN_OFF
04-13 14:49:00.999  4831  4850 D BeaconManager: AppControlManager.screenOnIntentReceived - start
04-13 14:49:00.999  4831  4850 D BeaconManager: AppControlManager.screenOnIntentReceived - end
04-13 14:49:00.999  4831  4850 D BeaconManager: EasySetupManager.screenOnIntentReceived - start
04-13 14:49:00.999  4831  4850 D BeaconManager: EasySetupManager.screenOnIntentReceived - end
04-13 14:49:00.999  4831  4850 D BeaconManager: BleScanHelper.screenOnIntentReceived - start
04-13 14:49:00.999  4831  4850 D BeaconManager: BleScanHelper.mBroadcastReceiver - Action: android.intent.action.SCREEN_OFF, user: 0
04-13 14:49:00.999  4831  4850 V BeaconManager: BleScanHelper.startBleScan - startBleScan
04-13 14:49:01.000  4831  4850 D BluetoothAdapter: STATE_BLE_ON
04-13 14:49:01.002  4831  4850 D BeaconManager: BleScanHelper.screenOnIntentReceived - end
04-13 14:49:01.002  4831  4850 D BeaconManager: RouterControlManager.screenOnIntentReceived - start
04-13 14:49:01.002  4831  4850 I BeaconManager: BeaconManager.BeaconManagerWorkHandler - BroadcastReceiver onReceive end
04-13 14:49:01.002  4831  4851 D BeaconManager: BleScanHelper.MSG_CALL_START_LESCAN - ($)
04-13 14:49:01.004  4831  4851 D BluetoothAdapter: STATE_BLE_ON
04-13 14:49:01.004  2265  2265 W ChimeraUtils: Non Chimera context
04-13 14:49:01.006  4831  4851 D BluetoothAdapter: STATE_BLE_ON
04-13 14:49:01.006  4831  4851 D BluetoothAdapter: appoCount is = 0
04-13 14:49:01.007  4831  4851 I BeaconManager: BleScanHelper.directStopLeScan - call BleScanner.stopScan()
04-13 14:49:01.008  4831  4851 D BluetoothAdapter: STATE_BLE_ON
04-13 14:49:01.010  4831  4851 D BluetoothAdapter: appoCount is = 0
04-13 14:49:01.011  4831  4851 D BluetoothAdapter: STATE_BLE_ON
04-13 14:49:01.011  4831  4851 D BluetoothLeScanner: Stop Scan
04-13 14:49:01.012  1476  7069 D BtGatt.GattService: stopScan() - queue size =1
04-13 14:49:01.013  1476  7069 D BtGatt.GattService: stopScan() - queue size =1
04-13 14:49:01.013  1249  1384 D SecContentProvider: query(), uri = 16 selection = isLockScreenEnabled
04-13 14:49:01.013  1476  1938 E BtGatt.GattService: [GSIM LOG]: gsimLogHandler: android.uid.bcmgr, msg: MESSAGE_STOP_SCAN
04-13 14:49:01.014  1249  1384 D SecContentProvider: called from com.sec.android.inputmethod
04-13 14:49:01.014  1476  1925 D BtGatt.ScanManager: stop scan
04-13 14:49:01.014  1476  1925 D BtGatt.ScanManager: delete FilterIndex - 14
04-13 14:49:01.017  1476  1495 D BtGatt.GattService: unregisterClient() - clientIf=4
04-13 14:49:01.018  2017  2020 I WCNSS_FILTER: ibs_msm_serial_clock_vote: vote UART CLK ON using UART driver's ioctl()
04-13 14:49:01.020 21038 21085 I SystemBroadcastReceiver: [#CMH#] Received broadcast 
04-13 14:49:01.021 21038 21085 I PolicyManager: [#CMH#] onReceive action = EVENT_SCREEN_OFF
04-13 14:49:01.021 21038 21085 I SystemBroadcastReceiver: [#CMH#] onReceive completed 
04-13 14:49:01.022  2017  2020 I WCNSS_FILTER: ibs_bt_device_wakeup: Writing IBS_WAKE_IND
04-13 14:49:01.026  2017  2017 I WCNSS_FILTER: ibs_recv_ibs_cmd: Received IBS_WAKE_ACK: 0xFC
04-13 14:49:01.028  2017  2017 I WCNSS_FILTER: ibs_recv_ibs_cmd: Received IBS_WAKE_IND: 0xFD
04-13 14:49:01.028  2017  2017 I WCNSS_FILTER: ibs_recv_ibs_cmd: Writing IBS_WAKE_ACK
04-13 14:49:01.030  1476  1583 D BtGatt.GattService: onScanFilterParamsConfigured() - clientIf=4, status=0, action=1, availableSpace=15
04-13 14:49:01.030  1476  1583 D BtGatt.ScanManager: callback done for clientIf - 4 status - 0
04-13 14:49:01.031  1476  1925 D BtGatt.ScanManager: delete FilterIndex - 15
04-13 14:49:01.031  2265  2265 V MediaRouter: Dispatching route change: UserRouteInfo{ name=GLS_Chromecast, description=Screen Mirroring, status=null, category=RouteCategory{ name=Devices types=ROUTE_TYPE_USER  groupable=false }, supportedTypes=ROUTE_TYPE_USER , presentationDisplay=null }
04-13 14:49:01.031  2265  2265 V MediaRouter: Removing route: UserRouteInfo{ name=GLS_Chromecast, description=Screen Mirroring, status=null, category=RouteCategory{ name=Devices types=ROUTE_TYPE_USER  groupable=false }, supportedTypes=ROUTE_TYPE_USER , presentationDisplay=null }
04-13 14:49:01.031  2265 20904 I DiscoveryManager: Filter criteria(null) scannerFlags(0)
04-13 14:49:01.031  2265  2265 V MediaRouter: Dispatching route change: UserRouteInfo{ name=Living Room TV, description=Chromecast Ultra, status=null, category=RouteCategory{ name=Devices types=ROUTE_TYPE_USER  groupable=false }, supportedTypes=ROUTE_TYPE_USER , presentationDisplay=null }
04-13 14:49:01.031  2265  2265 V MediaRouter: Removing route: UserRouteInfo{ name=Living Room TV, description=Chromecast Ultra, status=null, category=RouteCategory{ name=Devices types=ROUTE_TYPE_USER  groupable=false }, supportedTypes=ROUTE_TYPE_USER , presentationDisplay=null }
04-13 14:49:01.034  1476  1583 D BtGatt.GattService: onScanFilterParamsConfigured() - clientIf=4, status=0, action=1, availableSpace=16
04-13 14:49:01.035  1476  1583 D BtGatt.ScanManager: callback done for clientIf - 4 status - 0
04-13 14:49:01.035  1476  1925 D BtGatt.ScanManager: configureRegularScanParams() - queue=0
04-13 14:49:01.035  1476  1925 D BtGatt.ScanManager: configureRegularScanParams() - ScanSetting Scan mode=-2147483648 mLastConfiguredScanSetting=100
04-13 14:49:01.035  1476  1925 D BtGatt.ScanManager: configureRegularScanParams() - queue emtpy, scan stopped
04-13 14:49:01.044  1476  1483 I art     : Do partial code cache collection, code=19KB, data=30KB
04-13 14:49:01.045  1476  1483 I art     : After code cache collection, code=19KB, data=30KB
04-13 14:49:01.045  1476  1483 I art     : Increasing code cache capacity to 128KB
04-13 14:49:01.046  1249  1382 W BroadcastQueue: Skipping deliver [sec] BroadcastRecord{a794713 u-1 android.intent.action.SCREEN_OFF to ReceiverList{71b2504 2265 com.google.android.gms/10012/u0 remote:d0bed17}: filter unregistered
04-13 14:49:01.046  1249  1462 D PowerManagerService: [PWL] sb release: PowerManagerService.Broadcasts
04-13 14:49:01.074  2017  2017 I WCNSS_FILTER: ibs_recv_ibs_cmd: Received IBS_SLEEP_IND: 0xFE
04-13 14:49:01.118  4831  4851 I BeaconManager: BleScanHelper.startBleScan - Start filter Scan(SCREEN_OFF)
04-13 14:49:01.120  4831  4851 D BluetoothLeScanner: Start Scan
04-13 14:49:01.121  4831  4851 D BluetoothAdapter: STATE_BLE_ON
04-13 14:49:01.123  4831  4851 D BluetoothAdapter: appoCount is = 0
04-13 14:49:01.125  4831  4851 D BluetoothAdapter: STATE_BLE_ON
04-13 14:49:01.127  4831  4851 D BluetoothAdapter: STATE_BLE_ON
04-13 14:49:01.129  4831  4851 D BluetoothAdapter: STATE_BLE_ON
04-13 14:49:01.130  4831  4851 D BluetoothAdapter: appoCount is = 0
04-13 14:49:01.133  1476  1494 D BtGatt.GattService: registerClient() - UUID=1008ab73-cefd-4a9e-af51-384d78d2aa2a
04-13 14:49:01.236  1476  1583 D BtGatt.GattService: onClientRegistered() - UUID=1008ab73-cefd-4a9e-af51-384d78d2aa2a, clientIf=4, status=0
04-13 14:49:01.237  4831  4844 D BluetoothLeScanner: onClientRegistered() - status=0 clientIf=4 mClientIf=0
04-13 14:49:01.237  1476  7069 D BtGatt.GattService: start scan with filters
04-13 14:49:01.239  1476  7069 D BluetoothAdapter: STATE_BLE_ON
04-13 14:49:01.240  1476  7069 D BluetoothAdapter: appoCount is = 0
04-13 14:49:01.240  1476  7069 D BluetoothAdapter: STATE_BLE_ON
04-13 14:49:01.241  1476  7069 D BtGatt.GattService: getScanSettings
04-13 14:49:01.242  1476  7069 D BtGatt.GattService: Is it foreground application = false
04-13 14:49:01.242  1476  7069 D BtGatt.GattService: Its a background application running with Low Power scan mode
04-13 14:49:01.246  1476  1938 E BtGatt.GattService: [GSIM LOG]: gsimLogHandler: android.uid.bcmgr, msg: MESSAGE_START_SCAN
04-13 14:49:01.249  1476  1925 D BtGatt.ScanManager: handling starting scan
04-13 14:49:01.251  1476  1925 D BluetoothAdapter: STATE_BLE_ON
04-13 14:49:01.252  1476  1925 D BluetoothAdapter: STATE_BLE_ON
04-13 14:49:01.253  1476  1925 D BluetoothAdapter: appoCount is = 0
04-13 14:49:01.255  1476  1925 D BluetoothAdapter: STATE_BLE_ON
04-13 14:49:01.256  1476  1925 D BluetoothAdapter: STATE_BLE_ON
04-13 14:49:01.257  1476  1925 D BluetoothAdapter: appoCount is = 0
04-13 14:49:01.259  1476  1925 D BluetoothAdapter: STATE_BLE_ON
04-13 14:49:01.260  1476  1925 D BluetoothAdapter: STATE_BLE_ON
04-13 14:49:01.262  1476  1925 D BluetoothAdapter: appoCount is = 0
04-13 14:49:01.264  2017  2017 I WCNSS_FILTER: ibs_recv_ibs_cmd: Received IBS_WAKE_IND: 0xFD
04-13 14:49:01.264  2017  2017 I WCNSS_FILTER: ibs_recv_ibs_cmd: Writing IBS_WAKE_ACK
04-13 14:49:01.265  1476  1583 D BtGatt.GattService: onScanFilterEnableDisabled() - clientIf=4, status=0, action=1
04-13 14:49:01.265  1476  1583 D BtGatt.ScanManager: callback done for clientIf - 4 status - 0
04-13 14:49:01.266  1476  1925 D BtGatt.ScanManager: set filter index= 3 for clientIf= 4
04-13 14:49:01.266  1476  1925 D BtGatt.ScanManager: addFilterToController: 5
04-13 14:49:01.268  1476  1583 D BtGatt.GattService: onScanFilterConfig() - clientIf=4, action = 0 status = 0, filterType=5, availableSpace=31
04-13 14:49:01.268  1476  1583 D BtGatt.ScanManager: callback done for clientIf - 4 status - 0
04-13 14:49:01.269  1476  1925 D BtGatt.ScanManager: High Rssi Filter value is = -128
04-13 14:49:01.269  1476  1925 D BtGatt.ScanManager: Low Rssi Filter value is = -128
04-13 14:49:01.269  1476  1925 D BtGatt.ScanManager: configureFilterParamter 500 10000 1 0scanFilterRssiThreshold = -128trackableScanFilterRssiThreshold = -128matchmode is =1
04-13 14:49:01.271  1476  1583 D BtGatt.GattService: onScanFilterParamsConfigured() - clientIf=4, status=0, action=0, availableSpace=15
04-13 14:49:01.271  1476  1583 D BtGatt.ScanManager: callback done for clientIf - 4 status - 0
04-13 14:49:01.271  1476  1925 D BtGatt.ScanManager: set filter index= 4 for clientIf= 4
04-13 14:49:01.272  1476  1925 D BtGatt.ScanManager: addFilterToController: 5
04-13 14:49:01.274  1476  1583 D BtGatt.GattService: onScanFilterConfig() - clientIf=4, action = 0 status = 0, filterType=5, availableSpace=30
04-13 14:49:01.274  1476  1583 D BtGatt.ScanManager: callback done for clientIf - 4 status - 0
04-13 14:49:01.274  1476  1925 D BtGatt.ScanManager: High Rssi Filter value is = -128
04-13 14:49:01.274  1476  1925 D BtGatt.ScanManager: Low Rssi Filter value is = -128
04-13 14:49:01.274  1476  1925 D BtGatt.ScanManager: configureFilterParamter 500 10000 1 0scanFilterRssiThreshold = -128trackableScanFilterRssiThreshold = -128matchmode is =1
04-13 14:49:01.276  1476  1583 D BtGatt.GattService: onScanFilterParamsConfigured() - clientIf=4, status=0, action=0, availableSpace=14
04-13 14:49:01.276  1476  1583 D BtGatt.ScanManager: callback done for clientIf - 4 status - 0
04-13 14:49:01.277  1476  1925 D BtGatt.ScanManager: configureRegularScanParams() - queue=1
04-13 14:49:01.277  1476  1925 I BtGatt.ScanManager: custom scan scanMode = 100
04-13 14:49:01.277  1476  1925 I BtGatt.ScanManager: New scan mode custom scan scanInterval = 3120scanWindow = 55
04-13 14:49:01.277  1476  1925 E BtGatt.ScanManager: default value of curScanSetting 0 is choosen
04-13 14:49:01.277  1476  1925 I BtGatt.ScanManager: newScanMode = 1newcurScanSetting = 0
04-13 14:49:01.277  1476  1925 I BtGatt.ScanManager: comparing = 1 with = 0
04-13 14:49:01.277  1476  1925 D BtGatt.ScanManager: configureRegularScanParams() - ScanSetting Scan mode=100 mLastConfiguredScanSetting=-2147483648
04-13 14:49:01.277  1476  1925 D BtGatt.ScanManager: configureRegularScanParams - scanInterval = 4992configureRegularScanParams - scanWindow = 88
04-13 14:49:01.278  1476  1583 D BtGatt.GattService: onScanParamSetupCompleted() status=0, clientIf=4
04-13 14:49:01.278  1476  1583 D BtGatt.GattService: onScanParamSetupCompleted : 0
04-13 14:49:01.323  2017  2017 I WCNSS_FILTER: ibs_recv_ibs_cmd: Received IBS_SLEEP_IND: 0xFE
04-13 14:49:01.621  1627  1627 E wpa_supplicant: IAPP SNAP_HDR Mismatch
04-13 14:49:01.667   705   705 I MSM-irqbalance: Decided to move IRQ270 from CPU1 to CPU2
04-13 14:49:01.718 10913 11066 I System.out: (HTTPLog)-Static: isSBSettingEnabled false
04-13 14:49:01.719 10913 11066 I System.out: (HTTPLog)-Static: isSBSettingEnabled false
04-13 14:49:01.726   591  1242 D Netd    : getNetworkForDns: using netid 502 for uid 10580
04-13 14:49:01.727   591  1242 D DnsProxyListener: DNSDBG::dns addrinfo af 2
04-13 14:49:01.741  1249  2387 D DnsEventListenerService: Logging 100 results for netId 502
04-13 14:49:02.283  2017  2033 I WCNSS_FILTER: ibs_wcnss_bt_device_sleep: TX Awake, Sending SLEEP_IND
04-13 14:49:02.283  2017  2033 I WCNSS_FILTER: ibs_msm_serial_clock_vote: vote UART CLK OFF using UART driver's ioctl()
04-13 14:49:03.879  1249  2599 D BatteryService: !@BatteryListener : batteryPropertiesChanged!
04-13 14:49:03.879  1249  2599 D BatteryService: level:74, scale:100, status:2, health:2, present:true, voltage: 4113, temperature: 347, technology: Li-ion, AC powered:false, USB powered:true, POGO powered:false, Wireless powered:false, icon:17303700, invalid charger:0, maxChargingCurrent:0, maxChargingVoltage:0, chargeCounter:0
04-13 14:49:03.879  1249  2599 D BatteryService: online:6, current avg:620, charge type:1, power sharing:false, high voltage charger:false, capacity:280000, batterySWSelfDischarging:false, misc_event:0, current_now:570
04-13 14:49:03.879  1249  2599 D BatteryService: stay LED for charging
04-13 14:49:03.879  1249  1249 D BatteryService: Sending ACTION_BATTERY_CHANGED.
04-13 14:49:03.881  1249  1249 D SamsungPhoneWindowManager: ACTION_BATTERY_CHANGED - Level :: 74, battStatus :: 2
04-13 14:49:03.882  1249  1249 D GameManagerService: new battery level: 74
04-13 14:49:03.883  1526  1526 D KeyguardUpdateMonitor: received broadcast android.intent.action.BATTERY_CHANGED
04-13 14:49:03.886  1526  1526 D PowerUI : showing power sharing dialogfalse
04-13 14:49:03.886  1526  1526 D PowerUI : priorPlugType = 2 mPlugType =  2
04-13 14:49:03.886  1526  1526 D PowerUI.Notification: Charging estimate time is not supported and connected cable is not a fast/slow charger, so return!
04-13 14:49:03.886  1526  1526 D KeyguardUpdateMonitor: handleBatteryUpdate
04-13 14:49:03.887  1526  1526 D BatteryMeterDrawable: isSomethingChanged - false
04-13 14:49:03.887  1526  1526 D BatteryMeterDrawable: isSomethingChanged - false
04-13 14:49:03.887  1526  1526 D BatteryController: onReceive - ACTION_BATTERY_CHANGED : mLevel = 74
04-13 14:49:03.895 21265 21265 D charging_screen: Naive charging time: 3744 s
04-13 14:49:05.370  1249  1316 D SamsungAlarmManager: Expired : 4
04-13 14:49:05.371  1249  1316 I SamsungAlarmManager: setLocked to kernel - T:2 / 20180413T144910, SetElapsed=28342991, nowELAPSED=28337429
04-13 14:49:05.372  1249  1316 V SamsungAlarmManager: Sending to uid : 10047 action=com.android.internal.policy.impl.PhoneWindowManager.DELAYED_KEYGUARD alarm=Alarm{4fd3d50 type 2 when 28337428 com.android.systemui}
04-13 14:49:05.374  1526  1526 D KeyguardViewMediator: received DELAYED_KEYGUARD_ACTION with seq = 15, mDelayedShowingSequence = 15
04-13 14:49:05.374  1526  1526 D KeyguardViewMediator: doKeyguard: not showing because externally disabled
04-13 14:49:06.102  1249  1317 D SamsungAlarmManager: setInexact Intent (T:1/F:8/AC:false) 20180413T151906 - CU:1000/CP:1249
04-13 14:49:06.107  1249 11071 E BatteryStatsService: no controller energy info supplied
04-13 14:49:06.108  1877  1877 E PhoneInterfaceManager: [PhoneIntfMgr] queryModemActivityInfo: Empty response
04-13 14:49:06.112  1249 11071 E KernelCpuSpeedReader: Failed to read cpu-freq: /sys/devices/system/cpu/cpu4/cpufreq/stats/time_in_state (No such file or directory)
04-13 14:49:06.127  1249 11071 E BatteryStatsService: modem info is invalid: ModemActivityInfo{ mTimestamp=0 mSleepTimeMs=0 mIdleTimeMs=0 mTxTimeMs[]=[0, 0, 0, 0, 0] mRxTimeMs=0 mEnergyUsed=0}
04-13 14:49:06.290  1249 11071 I BarTender:BatteryStatsDumper: writing to daily db completed
04-13 14:49:06.296  1249 11071 I BarTender:BatteryStatsDumper: writing to weekly db completed
04-13 14:49:06.297  1249 11071 I BarTender:BatteryStatsDumper: refreshstats completed
04-13 14:49:06.297  1249 11071 I BarTender:GATHERERBATTSTATS: set - time:1523623746297
04-13 14:49:06.297  1249 11071 I BarTender:ANALYZERBATTSTATS: Observer from Gatherer - time:1523623746297
04-13 14:49:06.297  1249  1317 I BarTender:ANALYZERBATTSTATS: MSG_TYPE_BARTENDER_CHECK_POWER::
04-13 14:49:06.297  1249  1317 I BarTender:BatteryStatsDBHelper: checkForPowerThreshold called : 1523623746297
04-13 14:49:07.853 13273 13280 I art     : Debugger is no longer active
04-13 14:49:07.853 13273 13280 I art     : Starting a blocking GC Instrumentation
04-13 14:49:07.854 10913 10921 I art     : Debugger is no longer active
04-13 14:49:07.854 10913 10921 I art     : Starting a blocking GC Instrumentation
04-13 14:49:10.919  1249  3616 D SSRM:i  : SIOP:: AP = 340, PST = 348 (W:28), CP = 40, LCD = 0
04-13 14:49:10.933  1249  1316 D SamsungAlarmManager: Expired : 4
04-13 14:49:10.935  1249  1316 D SamsungAlarmManager: setInexact Intent (T:0/F:0/AC:false) 20180414T144215 - CU:1000/CP:1249
04-13 14:49:10.935  1249  1316 I SamsungAlarmManager: setLocked to kernel - T:2 / 20180413T144913, SetElapsed=28345991, nowELAPSED=28342993
04-13 14:49:10.937  1249  1316 D SamsungAlarmManager: setInexact Intent (T:0/F:0/AC:false) 20180414T144215 - CU:1000/CP:1249
04-13 14:49:10.937  1249  1316 V SamsungAlarmManager: Sending to uid : 10156 action=SVCDT alarm=Alarm{461ab49 type 0 when 1523623335522 com.piriform.ccleaner}
04-13 14:49:10.938  1249  1264 E MARsPolicyManager: Package: com.piriform.ccleaner, userid: 0, hostingType: broadcast is Restricted by policy: applocker(1) caller is: null
04-13 14:49:10.942  1249  1316 V SamsungAlarmManager: Sending to uid : 10156 action=billing alarm=Alarm{33c5c4e type 0 when 1523623335676 com.piriform.ccleaner}
04-13 14:49:10.943  1249  1316 V SamsungAlarmManager: Sending to uid : 1000 listener=android.app.AlarmManager$ListenerWrapper@e92405b alarm=Alarm{727416f type 2 when 28342991 android}
04-13 14:49:10.943  1249  1264 E MARsPolicyManager: Package: com.piriform.ccleaner, userid: 0, hostingType: broadcast is Restricted by policy: applocker(1) caller is: null
04-13 14:49:10.946  1249  1249 D SamsungAlarmManager: setInexact Listener (T:2/F:0/AC:false) 20180413T145253 - CU:1000/CP:1249
04-13 14:49:10.954  1249  1249 D CompatibilityInfo: mCompatibilityFlags - 4
04-13 14:49:10.954  1249  1249 D CompatibilityInfo: applicationDensity - 320
04-13 14:49:10.954  1249  1249 D CompatibilityInfo: applicationScale - 1.0
04-13 14:49:10.957  1249  1249 I BackgroundCompactionService: onStart. jobID=799
04-13 14:49:10.957  1249  1249 I BackgroundCompactionService: onStart done. jobID=799
04-13 14:49:10.958  1249 11081 I BackgroundCompactionService: Execute BGCompaction (type1). (11 times)
04-13 14:49:10.958  1249 11081 I BackgroundCompactionService: compact_memory command done
04-13 14:49:10.963  1249  1249 D SamsungAlarmManager: setInexact Listener (T:2/F:0/AC:false) 20180413T145253 - CU:1000/CP:1249
04-13 14:49:10.966  1249  1249 I SamsungAlarmManager: setLocked to kernel - T:2 / 20180413T145233, SetElapsed=28545899, nowELAPSED=28343024
04-13 14:49:10.967  1249  1249 D SamsungAlarmManager: setInexact Listener (T:2/F:0/AC:false) 20180413T145753 - CU:1000/CP:1249
04-13 14:49:11.667   705   705 I MSM-irqbalance: Decided to move IRQ215 from CPU2 to CPU0
04-13 14:49:12.579  1249  1836 E Watchdog: !@Sync 852 [2018-04-13 14:49:12.579]
04-13 14:49:13.917  1249  2612 D BatteryService: !@BatteryListener : batteryPropertiesChanged!
04-13 14:49:13.917  1249  2612 D BatteryService: level:74, scale:100, status:2, health:2, present:true, voltage: 4117, temperature: 347, technology: Li-ion, AC powered:false, USB powered:true, POGO powered:false, Wireless powered:false, icon:17303700, invalid charger:0, maxChargingCurrent:0, maxChargingVoltage:0, chargeCounter:0
04-13 14:49:13.917  1249  2612 D BatteryService: online:6, current avg:653, charge type:1, power sharing:false, high voltage charger:false, capacity:280000, batterySWSelfDischarging:false, misc_event:0, current_now:746
04-13 14:49:13.917  1249  2612 D BatteryService: stay LED for charging
04-13 14:49:13.918  1249  1249 D BatteryService: Sending ACTION_BATTERY_CHANGED.
04-13 14:49:13.919  1249  1249 D SamsungPhoneWindowManager: ACTION_BATTERY_CHANGED - Level :: 74, battStatus :: 2
04-13 14:49:13.920  1249  1249 D GameManagerService: new battery level: 74
04-13 14:49:13.921  1526  1526 D KeyguardUpdateMonitor: received broadcast android.intent.action.BATTERY_CHANGED
04-13 14:49:13.921  1526  1526 D KeyguardUpdateMonitor: handleBatteryUpdate
04-13 14:49:13.925  1526  1526 D PowerUI : showing power sharing dialogfalse
04-13 14:49:13.926  1526  1526 D PowerUI : priorPlugType = 2 mPlugType =  2
04-13 14:49:13.926  1526  1526 D PowerUI.Notification: Charging estimate time is not supported and connected cable is not a fast/slow charger, so return!
04-13 14:49:13.927  1526  1526 D BatteryMeterDrawable: isSomethingChanged - false
04-13 14:49:13.927  1526  1526 D BatteryMeterDrawable: isSomethingChanged - false
04-13 14:49:13.927  1526  1526 D BatteryController: onReceive - ACTION_BATTERY_CHANGED : mLevel = 74
04-13 14:49:13.933 21265 21265 D charging_screen: Naive charging time: 3744 s
04-13 14:49:16.667   705   705 I MSM-irqbalance: Decided to move IRQ166 from CPU2 to CPU0
04-13 14:49:20.947  1249  3616 D SSRM:i  : SIOP:: AP = 340, PST = 348 (W:30), CP = 40, LCD = 0
04-13 14:49:23.956  1249  2613 D BatteryService: !@BatteryListener : batteryPropertiesChanged!
04-13 14:49:23.957  1249  2613 D BatteryService: level:74, scale:100, status:2, health:2, present:true, voltage: 4117, temperature: 346, technology: Li-ion, AC powered:false, USB powered:true, POGO powered:false, Wireless powered:false, icon:17303700, invalid charger:0, maxChargingCurrent:0, maxChargingVoltage:0, chargeCounter:0
04-13 14:49:23.957  1249  2613 D BatteryService: online:6, current avg:734, charge type:1, power sharing:false, high voltage charger:false, capacity:280000, batterySWSelfDischarging:false, misc_event:0, current_now:746
04-13 14:49:23.957  1249  2613 D BatteryService: stay LED for charging
04-13 14:49:23.957  1249  1249 D BatteryService: Sending ACTION_BATTERY_CHANGED.
04-13 14:49:23.959  1249  1249 D SamsungPhoneWindowManager: ACTION_BATTERY_CHANGED - Level :: 74, battStatus :: 2
04-13 14:49:23.960  1249  1249 D GameManagerService: new battery level: 74
04-13 14:49:23.961  1526  1526 D KeyguardUpdateMonitor: received broadcast android.intent.action.BATTERY_CHANGED
04-13 14:49:23.963  1526  1526 D PowerUI : showing power sharing dialogfalse
04-13 14:49:23.964  1526  1526 D PowerUI : priorPlugType = 2 mPlugType =  2
04-13 14:49:23.964  1526  1526 D PowerUI.Notification: Charging estimate time is not supported and connected cable is not a fast/slow charger, so return!
04-13 14:49:23.965  1526  1526 D BatteryMeterDrawable: isSomethingChanged - false
04-13 14:49:23.965  1526  1526 D BatteryMeterDrawable: isSomethingChanged - false
04-13 14:49:23.965  1526  1526 D BatteryController: onReceive - ACTION_BATTERY_CHANGED : mLevel = 74
04-13 14:49:23.965  1526  1526 D KeyguardUpdateMonitor: handleBatteryUpdate
04-13 14:49:23.970 21265 21265 D charging_screen: Naive charging time: 3744 s
04-13 14:49:24.752   617   617 I cnss-daemon: RTM_NEWNEIGH message received: 28
04-13 14:49:24.752   617   617 E cnss-daemon: Stale or unreachable neighbors, ndm state: 4
04-13 14:49:30.980  1249  3616 D SSRM:i  : SIOP:: AP = 340, PST = 348 (W:30), CP = 40, LCD = 0
04-13 14:49:33.994  1249  2620 D BatteryService: !@BatteryListener : batteryPropertiesChanged!
04-13 14:49:33.995  1249  2620 D BatteryService: level:74, scale:100, status:2, health:2, present:true, voltage: 4117, temperature: 346, technology: Li-ion, AC powered:false, USB powered:true, POGO powered:false, Wireless powered:false, icon:17303700, invalid charger:0, maxChargingCurrent:0, maxChargingVoltage:0, chargeCounter:0
04-13 14:49:33.995  1249  2620 D BatteryService: online:6, current avg:742, charge type:1, power sharing:false, high voltage charger:false, capacity:280000, batterySWSelfDischarging:false, misc_event:0, current_now:742
04-13 14:49:33.995  1249  2620 D BatteryService: stay LED for charging
04-13 14:49:33.995  1249  1249 D BatteryService: Sending ACTION_BATTERY_CHANGED.
04-13 14:49:33.997  1249  1249 D SamsungPhoneWindowManager: ACTION_BATTERY_CHANGED - Level :: 74, battStatus :: 2
04-13 14:49:33.997  1249  1249 D GameManagerService: new battery level: 74
04-13 14:49:33.998  1526  1526 D KeyguardUpdateMonitor: received broadcast android.intent.action.BATTERY_CHANGED
04-13 14:49:34.000  1526  1526 D PowerUI : showing power sharing dialogfalse
04-13 14:49:34.000  1526  1526 D PowerUI : priorPlugType = 2 mPlugType =  2
04-13 14:49:34.000  1526  1526 D PowerUI.Notification: Charging estimate time is not supported and connected cable is not a fast/slow charger, so return!
04-13 14:49:34.002  1526  1526 D BatteryMeterDrawable: isSomethingChanged - false
04-13 14:49:34.002  1526  1526 D BatteryMeterDrawable: isSomethingChanged - false
04-13 14:49:34.002  1526  1526 D BatteryController: onReceive - ACTION_BATTERY_CHANGED : mLevel = 74
04-13 14:49:34.002  1526  1526 D KeyguardUpdateMonitor: handleBatteryUpdate
04-13 14:49:34.008 21265 21265 D charging_screen: Naive charging time: 3744 s
04-13 14:49:38.487   617   617 I cnss-daemon: RTM_NEWROUTE Indication
04-13 14:49:41.011  1249  3616 D SSRM:i  : SIOP:: AP = 340, PST = 348 (W:30), CP = 39, LCD = 0
04-13 14:49:42.587  1249  1836 E Watchdog: !@Sync 853 [2018-04-13 14:49:42.587]
04-13 14:49:44.032  1249  2612 D BatteryService: !@BatteryListener : batteryPropertiesChanged!
04-13 14:49:51.036  1249  3616 D SSRM:i  : SIOP:: AP = 340, PST = 348 (W:30), CP = 39, LCD = 0
