04-18 12:39:55.539 20999 21183 D ClawActivityCommon: Descriptor found offset=66727208 length=31498
04-18 12:39:55.539 20999 21183 D ClawActivityCommon: Checking for: atlas_slots_classic_diamonds_2_etc2.pak
04-18 12:39:55.539 20999 21183 D ClawActivityCommon: Descriptor found offset=17646320 length=135292
04-18 12:39:55.539 20999 21183 D ClawActivityCommon: Checking for: atlas2_1_etc2.pak
04-18 12:39:55.539 20999 21183 D ClawActivityCommon: Descriptor found offset=971260 length=937712
04-18 12:39:55.539 20999 21183 D ClawActivityCommon: Checking for: music_zeus.pak
04-18 12:39:55.539 20999 21183 D ClawActivityCommon: Descriptor found offset=66330280 length=362147
04-18 12:39:55.539 20999 21183 D ClawActivityCommon: Checking for: menu_background_1_etc2.pak
04-18 12:39:55.539 20999 21183 D ClawActivityCommon: Descriptor found offset=62609864 length=67528
04-18 12:39:55.539 20999 21183 D ClawActivityCommon: Checking for: sound_slots_zeus.pak
04-18 12:39:55.539 20999 21183 D ClawActivityCommon: Descriptor found offset=70033720 length=439836
04-18 12:39:55.539 20999 21183 D ClawActivityCommon: Checking for: data-slots_classic_diamonds.pak
04-18 12:39:55.539 20999 21183 D ClawActivityCommon: Descriptor found offset=49731612 length=1643
04-18 12:39:55.549 20999 21183 D ClawActivityCommon: Checking for: sound_ingame_vo_female.pak
04-18 12:39:55.549 20999 21183 D ClawActivityCommon: Descriptor found offset=68902816 length=67484
04-18 12:39:55.549 20999 21183 D ClawActivityCommon: Checking for: splash_background_thsku_0_etc2.pak
04-18 12:39:55.549 20999 21183 D ClawActivityCommon: Checking for: splash_background_thsku_0_etc2.pak
04-18 12:39:55.549 20999 21183 D ClawActivityCommon: Checking for: music_classic_diamonds.pak
04-18 12:39:55.549 20999 21183 D ClawActivityCommon: Descriptor found offset=65212140 length=622587
04-18 12:39:55.549 20999 21183 D ClawActivityCommon: Checking for: menu_background_2_etc2.pak
04-18 12:39:55.549 20999 21183 D ClawActivityCommon: Descriptor found offset=62722376 length=37383
04-18 12:39:55.549 20999 21183 D ClawActivityCommon: Checking for: atlas_ingame_common_2_etc2.pak
04-18 12:39:55.549 20999 21183 D ClawActivityCommon: Descriptor found offset=13809136 length=631718
04-18 12:39:55.549 20999 21183 D ClawActivityCommon: Checking for: atlas_tiles3_hc_2_etc2.pak
04-18 12:39:55.549 20999 21183 D ClawActivityCommon: Descriptor found offset=28478856 length=126478
04-18 12:39:55.559 20999 21183 D ClawActivityCommon: Checking for: welcome_bg_thsku_1_etc2.pak
04-18 12:39:55.559 20999 21183 D ClawActivityCommon: Checking for: welcome_bg_thsku_1_etc2.pak
04-18 12:39:55.559 20999 21183 D ClawActivityCommon: Checking for: sound_slots_vo_female.pak
04-18 12:39:55.559 20999 21183 D ClawActivityCommon: Descriptor found offset=69650024 length=179531
04-18 12:39:55.559 20999 21183 D ClawActivityCommon: Checking for: data-slots_zeus.pak
04-18 12:39:55.559 20999 21183 D ClawActivityCommon: Descriptor found offset=49743332 length=41079
04-18 12:39:55.559 20999 21183 D ClawActivityCommon: Checking for: data-slots_classic_ui.pak
04-18 12:39:55.559 20999 21183 D ClawActivityCommon: Descriptor found offset=49733324 length=9945
04-18 12:39:55.559 20999 21183 D ClawActivityCommon: Checking for: atlas_dailybonus_1_etc2.pak
04-18 12:39:55.559 20999 21183 D ClawActivityCommon: Descriptor found offset=9732620 length=265170
04-18 12:39:55.559 20999 21183 D ClawActivityCommon: Checking for: atlas_tiles_hc_2_etc2.pak
04-18 12:39:55.559 20999 21183 D ClawActivityCommon: Descriptor found offset=29153368 length=551906
04-18 12:39:55.559 20999 21183 D ClawActivityCommon: Checking for: atlas_tiles2_hc_2_etc2.pak
04-18 12:39:55.569 20999 21183 D ClawActivityCommon: Descriptor found offset=27775580 length=577884
04-18 12:39:55.569 20999 21183 D ClawActivityCommon: Checking for: atlas_slots_zeus_2_etc2.pak
04-18 12:39:55.569 20999 21183 D ClawActivityCommon: Descriptor found offset=26452620 length=748903
04-18 12:39:55.569 20999 21183 D ClawActivityCommon: Checking for: atlas_slots_zeus_1_etc2.pak
04-18 12:39:55.569 20999 21183 D ClawActivityCommon: Descriptor found offset=24074712 length=1640878
04-18 12:39:55.569 20999 21183 D ClawActivityCommon: Checking for: welcome_bg_thsku_2_etc2.pak
04-18 12:39:55.569 20999 21183 D ClawActivityCommon: Checking for: welcome_bg_thsku_2_etc2.pak
04-18 12:39:55.569 20999 21183 D ClawActivityCommon: Checking for: data-slots.pak
04-18 12:39:55.569 20999 21183 D ClawActivityCommon: Descriptor found offset=49647264 length=84280
04-18 12:39:55.569 20999 21183 D ClawActivityCommon: Checking for: atlas_2_etc2.pak
04-18 12:39:55.569 20999 21183 D ClawActivityCommon: Descriptor found offset=7498004 length=493973
04-18 12:39:55.569 20999 21183 D ClawActivityCommon: Checking for: atlas_dailybonus_2_etc2.pak
04-18 12:39:55.569 20999 21183 D ClawActivityCommon: Descriptor found offset=10124636 length=129577
04-18 12:39:55.579 20999 21183 D ClawActivityCommon: Checking for: splash_background_thsku_1_etc2.pak
04-18 12:39:55.579 20999 21183 D ClawActivityCommon: Checking for: splash_background_thsku_1_etc2.pak
04-18 12:39:55.579 20999 21183 D ClawActivityCommon: Checking for: sound_slots_classic_diamonds.pak
04-18 12:39:55.579 20999 21183 D ClawActivityCommon: Descriptor found offset=69458784 length=111037
04-18 12:39:55.579 20999 21183 D ClawActivityCommon: Checking for: sound_vo_male.pak
04-18 12:39:55.579 20999 21183 D ClawActivityCommon: Descriptor found offset=70473692 length=925287
04-18 12:39:55.579 20999 21183 D ClawActivityCommon: Checking for: welcome_bg_0_etc2.pak
04-18 12:39:55.579 20999 21183 D ClawActivityCommon: Checking for: welcome_bg_0_etc2.pak
04-18 12:39:55.579 20999 21183 D ClawActivityCommon: Checking for: atlas_ingame_common_1_etc2.pak
04-18 12:39:55.579 20999 21183 D ClawActivityCommon: Descriptor found offset=11956976 length=1226629
04-18 12:39:55.579 20999 21183 D ClawActivityCommon: Checking for: atlas_slots_classic_diamonds_1_etc2.pak
04-18 12:39:55.579 20999 21183 D ClawActivityCommon: Descriptor found offset=17262904 length=251514
04-18 12:39:55.589 20999 21183 D ClawActivityCommon: Checking for: atlas_sku_hc_1_etc2.pak
04-18 12:39:55.589 20999 21183 D ClawActivityCommon: Descriptor found offset=15306124 length=896401
04-18 12:39:55.589 20999 21183 D ClawActivityCommon: Checking for: data-slots-effects.pak
04-18 12:39:55.589 20999 21183 D ClawActivityCommon: Descriptor found offset=49585944 length=61263
04-18 12:39:55.589 20999 21183 D ClawActivityCommon: Checking for: atlas_1_etc2.pak
04-18 12:39:55.589 20999 21183 D ClawActivityCommon: Descriptor found offset=6084452 length=937686
04-18 12:39:55.589 20999 21183 D ClawActivityCommon: Checking for: atlas_slots_effects_2_etc2.pak
04-18 12:39:55.589 20999 21183 D ClawActivityCommon: Descriptor found offset=21685284 length=770802
04-18 12:39:55.589 20999 21183 D ClawActivityCommon: Checking for: atlas_fb_rateus_2_etc2.pak
04-18 12:39:55.589 20999 21183 D ClawActivityCommon: Descriptor found offset=10696612 length=82301
04-18 12:39:55.589 20999 21183 D ClawActivityCommon: Checking for: music.pak
04-18 12:39:55.589 20999 21183 D ClawActivityCommon: Descriptor found offset=62759812 length=2452258
04-18 12:39:55.599 20999 21183 D ClawActivityCommon: Checking for: atlas2_2_etc2.pak
04-18 12:39:55.599 20999 21183 D ClawActivityCommon: Descriptor found offset=2395412 length=492254
04-18 12:39:55.599 20999 21183 D ClawActivityCommon: Checking for: atlas_fb_rateus_1_etc2.pak
04-18 12:39:55.599 20999 21183 D ClawActivityCommon: Descriptor found offset=10429260 length=189056
04-18 12:39:55.599 20999 21183 D ClawActivityCommon: Checking for: atlas_clubs_2_etc2.pak
04-18 12:39:55.599 20999 21183 D ClawActivityCommon: Descriptor found offset=8448828 length=462982
04-18 12:39:55.599 20999 21183 D ClawActivityCommon: Checking for: sound_slots_vo_male.pak
04-18 12:39:55.599 20999 21183 D ClawActivityCommon: Descriptor found offset=69829624 length=204039
04-18 12:39:55.599 20999 21183 D ClawActivityCommon: Checking for: atlas_sku_hc_2_etc2.pak
04-18 12:39:55.599 20999 21183 D ClawActivityCommon: Descriptor found offset=16610048 length=412569
04-18 12:39:55.629  2218  2767 D EnterpriseController: netId is 0
04-18 12:39:55.629  2218  2767 D Netd    : getNetworkForDns: using netid 502 for uid 10637
04-18 12:39:55.629  2612  3136 D ConnectivityService: returning getNetworkInfo for network type 1 : [type: WIFI[] - WIFI, state: CONNECTED/CONNECTED, reason: (unspecified), extra: "HuuugeQA", roaming: false, failover: false, isAvailable: true]
04-18 12:39:55.639  2612  3264 D ConnectivityService: returning getNetworkInfo for network type 0 : [type: MOBILE[] - MOBILE, state: DISCONNECTED/DISCONNECTED, reason: (unspecified), extra: (none), roaming: false, failover: false, isAvailable: true]
04-18 12:39:55.689  2612  3009 D ConnectivityService: returning getNetworkInfo for network type 1 : [type: WIFI[] - WIFI, state: CONNECTED/CONNECTED, reason: (unspecified), extra: "HuuugeQA", roaming: false, failover: false, isAvailable: true]
04-18 12:39:55.689  2612  3487 D ConnectivityService: returning getNetworkInfo for network type 0 : [type: MOBILE[] - MOBILE, state: DISCONNECTED/DISCONNECTED, reason: (unspecified), extra: (none), roaming: false, failover: false, isAvailable: true]
04-18 12:39:55.699  2218  2767 D EnterpriseController: netId is 0
04-18 12:39:55.699  2218  2767 D Netd    : getNetworkForDns: using netid 502 for uid 10637
04-18 12:39:55.739  2612  3486 D ConnectivityService: returning getNetworkInfo for network type 1 : [type: WIFI[] - WIFI, state: CONNECTED/CONNECTED, reason: (unspecified), extra: "HuuugeQA", roaming: false, failover: false, isAvailable: true]
04-18 12:39:55.739  2612  4193 D ConnectivityService: returning getNetworkInfo for network type 0 : [type: MOBILE[] - MOBILE, state: DISCONNECTED/DISCONNECTED, reason: (unspecified), extra: (none), roaming: false, failover: false, isAvailable: true]
04-18 12:39:55.769  2218  2767 D EnterpriseController: netId is 0
04-18 12:39:55.769  2218  2767 D Netd    : getNetworkForDns: using netid 502 for uid 10637
04-18 12:39:55.869  2612  3011 D NtpTrustedTime: currentTimeMillis() cache hit
04-18 12:39:55.869  2612  3011 V NetworkStats: performPollLocked(flags=0x1)
04-18 12:39:55.879  2612  3011 D NetworkStatsRecorder: entry.iface is null
04-18 12:39:55.879  2612  3011 D NetworkStatsRecorder: entry.iface is null
04-18 12:39:55.879  2612  3011 D NetworkStatsRecorder: entry.iface is null
04-18 12:39:55.879  2612  3011 D NetworkStatsRecorder: entry.iface is null
04-18 12:39:55.879  2612  3011 D NetworkStatsRecorder: entry.iface is null
04-18 12:39:55.879  2612  3011 D NetworkStatsRecorder: entry.iface is null
04-18 12:39:55.879  2612  3011 D NetworkStatsRecorder: entry.iface is null
04-18 12:39:55.879  2612  3011 D NetworkStatsRecorder: entry.iface is null
04-18 12:39:55.879  2612  3011 D NetworkStatsRecorder: entry.iface is null
04-18 12:39:55.879  2612  3011 D NetworkStatsRecorder: entry.iface is null
04-18 12:39:55.899  2612  3011 D NtpTrustedTime: currentTimeMillis() cache hit
04-18 12:39:55.899  2612  3011 V NetworkStats: performPollLocked() took 30ms
04-18 12:39:55.909  2612  3012 D NtpTrustedTime: currentTimeMillis() cache hit
04-18 12:39:55.909  2612  3012 D NtpTrustedTime: currentTimeMillis() cache hit
04-18 12:39:55.989 20999 21195 I System.out: (HTTPLog)-Static: isSBSettingEnabled false
04-18 12:39:55.989 20999 21195 I System.out: (HTTPLog)-Static: isSBSettingEnabled false
04-18 12:39:55.999 20999 21192 W libc    : It seems that pthread_join() is not invoked or PTHREAD_ATTR_FLAG_DETACHED is not set.
04-18 12:39:55.999 20999 21192 W libc    :     pthread tid          : 21192
04-18 12:39:55.999 20999 21192 W libc    :     pthread start_routine: 0xdf88e390
04-18 12:39:56.099  2218  2767 D EnterpriseController: netId is 0
04-18 12:39:56.099  2218  2767 D Netd    : getNetworkForDns: using netid 502 for uid 10637
04-18 12:39:56.109  2612  2627 D ConnectivityService: returning getNetworkInfo for network type 1 : [type: WIFI[] - WIFI, state: CONNECTED/CONNECTED, reason: (unspecified), extra: "HuuugeQA", roaming: false, failover: false, isAvailable: true]
04-18 12:39:56.109  2612  3270 D ConnectivityService: returning getNetworkInfo for network type 0 : [type: MOBILE[] - MOBILE, state: DISCONNECTED/DISCONNECTED, reason: (unspecified), extra: (none), roaming: false, failover: false, isAvailable: true]
04-18 12:39:56.169  2218  2767 D EnterpriseController: netId is 0
04-18 12:39:56.169  2218  2767 D Netd    : getNetworkForDns: using netid 502 for uid 10637
04-18 12:39:56.339 20999 21196 W libc    : It seems that pthread_join() is not invoked or PTHREAD_ATTR_FLAG_DETACHED is not set.
04-18 12:39:56.339 20999 21196 W libc    :     pthread tid          : 21196
04-18 12:39:56.339 20999 21196 W libc    :     pthread start_routine: 0xdf88e390
04-18 12:39:56.509  2218  2767 D EnterpriseController: netId is 0
04-18 12:39:56.509  2218  2767 D Netd    : getNetworkForDns: using netid 502 for uid 10637
04-18 12:39:56.509  2612  3483 D ConnectivityService: returning getNetworkInfo for network type 1 : [type: WIFI[] - WIFI, state: CONNECTED/CONNECTED, reason: (unspecified), extra: "HuuugeQA", roaming: false, failover: false, isAvailable: true]
04-18 12:39:56.509  2612  3268 D ConnectivityService: returning getNetworkInfo for network type 0 : [type: MOBILE[] - MOBILE, state: DISCONNECTED/DISCONNECTED, reason: (unspecified), extra: (none), roaming: false, failover: false, isAvailable: true]
04-18 12:39:56.549  2612  3481 D ConnectivityService: returning getNetworkInfo for network type 1 : [type: WIFI[] - WIFI, state: CONNECTED/CONNECTED, reason: (unspecified), extra: "HuuugeQA", roaming: false, failover: false, isAvailable: true]
04-18 12:39:56.549  2612  3136 D ConnectivityService: returning getNetworkInfo for network type 0 : [type: MOBILE[] - MOBILE, state: DISCONNECTED/DISCONNECTED, reason: (unspecified), extra: (none), roaming: false, failover: false, isAvailable: true]
04-18 12:39:56.579  2218  2767 D EnterpriseController: netId is 0
04-18 12:39:56.579  2218  2767 D Netd    : getNetworkForDns: using netid 502 for uid 10637
04-18 12:39:56.709 20999 21199 W libc    : It seems that pthread_join() is not invoked or PTHREAD_ATTR_FLAG_DETACHED is not set.
04-18 12:39:56.709 20999 21199 W libc    :     pthread tid          : 21199
04-18 12:39:56.709 20999 21199 W libc    :     pthread start_routine: 0xdf88e390
04-18 12:39:56.709  2218  2767 D EnterpriseController: netId is 0
04-18 12:39:56.709  2218  2767 D Netd    : getNetworkForDns: using netid 502 for uid 10637
04-18 12:39:56.719  2612  3264 D ConnectivityService: returning getNetworkInfo for network type 1 : [type: WIFI[] - WIFI, state: CONNECTED/CONNECTED, reason: (unspecified), extra: "HuuugeQA", roaming: false, failover: false, isAvailable: true]
04-18 12:39:56.719  2612  3009 D ConnectivityService: returning getNetworkInfo for network type 0 : [type: MOBILE[] - MOBILE, state: DISCONNECTED/DISCONNECTED, reason: (unspecified), extra: (none), roaming: false, failover: false, isAvailable: true]
04-18 12:39:56.769  2218  2767 D EnterpriseController: netId is 0
04-18 12:39:56.769  2218  2767 D Netd    : getNetworkForDns: using netid 502 for uid 10637
04-18 12:39:56.849 20999 21202 W libc    : It seems that pthread_join() is not invoked or PTHREAD_ATTR_FLAG_DETACHED is not set.
04-18 12:39:56.849 20999 21202 W libc    :     pthread tid          : 21202
04-18 12:39:56.849 20999 21202 W libc    :     pthread start_routine: 0xdf88e390
04-18 12:39:56.909  2218  2767 D EnterpriseController: netId is 0
04-18 12:39:56.909  2218  2767 D Netd    : getNetworkForDns: using netid 502 for uid 10637
04-18 12:39:56.909  2612  3487 D ConnectivityService: returning getNetworkInfo for network type 1 : [type: WIFI[] - WIFI, state: CONNECTED/CONNECTED, reason: (unspecified), extra: "HuuugeQA", roaming: false, failover: false, isAvailable: true]
04-18 12:39:56.909  2612  3486 D ConnectivityService: returning getNetworkInfo for network type 0 : [type: MOBILE[] - MOBILE, state: DISCONNECTED/DISCONNECTED, reason: (unspecified), extra: (none), roaming: false, failover: false, isAvailable: true]
04-18 12:39:56.959  2612  4193 D ConnectivityService: returning getNetworkInfo for network type 1 : [type: WIFI[] - WIFI, state: CONNECTED/CONNECTED, reason: (unspecified), extra: "HuuugeQA", roaming: false, failover: false, isAvailable: true]
04-18 12:39:56.959  2612  3660 D ConnectivityService: returning getNetworkInfo for network type 0 : [type: MOBILE[] - MOBILE, state: DISCONNECTED/DISCONNECTED, reason: (unspecified), extra: (none), roaming: false, failover: false, isAvailable: true]
04-18 12:39:56.989 20999 21205 W libc    : It seems that pthread_join() is not invoked or PTHREAD_ATTR_FLAG_DETACHED is not set.
04-18 12:39:56.989 20999 21205 W libc    :     pthread tid          : 21205
04-18 12:39:56.989 20999 21205 W libc    :     pthread start_routine: 0xdf88e390
04-18 12:39:56.999 20999 21207 I System.out: (HTTPLog)-Static: isSBSettingEnabled false
04-18 12:39:56.999 20999 21207 I System.out: (HTTPLog)-Static: isSBSettingEnabled false
04-18 12:39:57.119  2218  2767 D EnterpriseController: netId is 0
04-18 12:39:57.119  2218  2767 D Netd    : getNetworkForDns: using netid 502 for uid 10637
04-18 12:39:57.119  2612  2627 D ConnectivityService: returning getNetworkInfo for network type 1 : [type: WIFI[] - WIFI, state: CONNECTED/CONNECTED, reason: (unspecified), extra: "HuuugeQA", roaming: false, failover: false, isAvailable: true]
04-18 12:39:57.119  2612  3270 D ConnectivityService: returning getNetworkInfo for network type 0 : [type: MOBILE[] - MOBILE, state: DISCONNECTED/DISCONNECTED, reason: (unspecified), extra: (none), roaming: false, failover: false, isAvailable: true]
04-18 12:39:57.189  2218  2767 D EnterpriseController: netId is 0
04-18 12:39:57.189  2218  2767 D Netd    : getNetworkForDns: using netid 502 for uid 10637
04-18 12:39:57.439  2612  3011 D NtpTrustedTime: currentTimeMillis() cache hit
04-18 12:39:57.439  2612  3011 V NetworkStats: performPollLocked(flags=0x1)
04-18 12:39:57.439  2612  3011 D NetworkStatsRecorder: entry.iface is null
04-18 12:39:57.439  2612  3011 D NetworkStatsRecorder: entry.iface is null
04-18 12:39:57.439  2612  3011 D NetworkStatsRecorder: entry.iface is null
04-18 12:39:57.439  2612  3011 D NetworkStatsRecorder: entry.iface is null
04-18 12:39:57.439  2612  3011 D NetworkStatsRecorder: entry.iface is null
04-18 12:39:57.439  2612  3011 D NetworkStatsRecorder: entry.iface is null
04-18 12:39:57.439  2612  3011 D NetworkStatsRecorder: entry.iface is null
04-18 12:39:57.439  2612  3011 D NetworkStatsRecorder: entry.iface is null
04-18 12:39:57.439  2612  3011 D NetworkStatsRecorder: entry.iface is null
04-18 12:39:57.439  2612  3011 D NetworkStatsRecorder: entry.iface is null
04-18 12:39:57.459  2612  3011 D NtpTrustedTime: currentTimeMillis() cache hit
04-18 12:39:57.459  2612  3012 D NtpTrustedTime: currentTimeMillis() cache hit
04-18 12:39:57.459  2612  3012 D NtpTrustedTime: currentTimeMillis() cache hit
04-18 12:39:57.459  2612  3011 V NetworkStats: performPollLocked() took 26ms
04-18 12:39:57.529 20999 21208 W libc    : It seems that pthread_join() is not invoked or PTHREAD_ATTR_FLAG_DETACHED is not set.
04-18 12:39:57.529 20999 21208 W libc    :     pthread tid          : 21208
04-18 12:39:57.529 20999 21208 W libc    :     pthread start_routine: 0xdf88e390
04-18 12:39:57.719  2218  2767 D EnterpriseController: netId is 0
04-18 12:39:57.719  2218  2767 D Netd    : getNetworkForDns: using netid 502 for uid 10637
04-18 12:39:57.729  2612  3005 D ConnectivityService: returning getNetworkInfo for network type 1 : [type: WIFI[] - WIFI, state: CONNECTED/CONNECTED, reason: (unspecified), extra: "HuuugeQA", roaming: false, failover: false, isAvailable: true]
04-18 12:39:57.729  2612  3483 D ConnectivityService: returning getNetworkInfo for network type 0 : [type: MOBILE[] - MOBILE, state: DISCONNECTED/DISCONNECTED, reason: (unspecified), extra: (none), roaming: false, failover: false, isAvailable: true]
04-18 12:39:57.789  2218  2767 D EnterpriseController: netId is 0
04-18 12:39:57.789  2218  2767 D Netd    : getNetworkForDns: using netid 502 for uid 10637
04-18 12:39:57.919 20999 21211 W libc    : It seems that pthread_join() is not invoked or PTHREAD_ATTR_FLAG_DETACHED is not set.
04-18 12:39:57.919 20999 21211 W libc    :     pthread tid          : 21211
04-18 12:39:57.919 20999 21211 W libc    :     pthread start_routine: 0xdf88e390
04-18 12:39:57.999 20999 21214 I System.out: (HTTPLog)-Static: isSBSettingEnabled false
04-18 12:39:57.999 20999 21214 I System.out: (HTTPLog)-Static: isSBSettingEnabled false
04-18 12:39:58.119  2218  2767 D EnterpriseController: netId is 0
04-18 12:39:58.119  2218  2767 D Netd    : getNetworkForDns: using netid 502 for uid 10637
04-18 12:39:58.129  2612  3268 D ConnectivityService: returning getNetworkInfo for network type 1 : [type: WIFI[] - WIFI, state: CONNECTED/CONNECTED, reason: (unspecified), extra: "HuuugeQA", roaming: false, failover: false, isAvailable: true]
04-18 12:39:58.129  2612  3481 D ConnectivityService: returning getNetworkInfo for network type 0 : [type: MOBILE[] - MOBILE, state: DISCONNECTED/DISCONNECTED, reason: (unspecified), extra: (none), roaming: false, failover: false, isAvailable: true]
04-18 12:39:58.189  2612  2960 V AlarmManager: Expired Alarm result :8
04-18 12:39:58.189  2612  2685 V BroadcastQueue: [background] Process cur broadcast BroadcastRecord{99c1864 u0 null qIdx=4}, state= (APP_RECEIVE) DELIVERED for app ProcessRecord{72163a8 3754:com.google.android.gms.persistent/u0a15}
04-18 12:39:58.199  2218  2767 D EnterpriseController: netId is 0
04-18 12:39:58.199  2218  2767 D Netd    : getNetworkForDns: using netid 502 for uid 10637
04-18 12:39:58.199  3754  3754 D RelationGraph: garbageCollect()
04-18 12:39:58.199  2612  3012 D NetworkPolicy: isUidForegroundLocked: 10015, mScreenOn: true, uidstate: 6, mProxSensorScreenOff: false
04-18 12:39:58.229  3754  3754 D RelationGraph: garbageCollect()
04-18 12:39:58.229  3754  3754 D RelationGraph: garbageCollect()
04-18 12:39:58.249  3754  3754 D RelationGraph: garbageCollect()
04-18 12:39:58.379 20999 21215 W libc    : It seems that pthread_join() is not invoked or PTHREAD_ATTR_FLAG_DETACHED is not set.
04-18 12:39:58.379 20999 21215 W libc    :     pthread tid          : 21215
04-18 12:39:58.379 20999 21215 W libc    :     pthread start_routine: 0xdf88e390
04-18 12:39:58.529  2218  2767 D EnterpriseController: netId is 0
04-18 12:39:58.529  2218  2767 D Netd    : getNetworkForDns: using netid 502 for uid 10637
04-18 12:39:58.529  2612  2626 D ConnectivityService: returning getNetworkInfo for network type 1 : [type: WIFI[] - WIFI, state: CONNECTED/CONNECTED, reason: (unspecified), extra: "HuuugeQA", roaming: false, failover: false, isAvailable: true]
04-18 12:39:58.539  2612  3272 D ConnectivityService: returning getNetworkInfo for network type 0 : [type: MOBILE[] - MOBILE, state: DISCONNECTED/DISCONNECTED, reason: (unspecified), extra: (none), roaming: false, failover: false, isAvailable: true]
04-18 12:39:58.609  2218  2767 D EnterpriseController: netId is 0
04-18 12:39:58.609  2218  2767 D Netd    : getNetworkForDns: using netid 502 for uid 10637
04-18 12:39:58.739 20999 21219 W libc    : It seems that pthread_join() is not invoked or PTHREAD_ATTR_FLAG_DETACHED is not set.
04-18 12:39:58.739 20999 21219 W libc    :     pthread tid          : 21219
04-18 12:39:58.739 20999 21219 W libc    :     pthread start_routine: 0xdf88e390
04-18 12:39:58.929  2218  2767 D EnterpriseController: netId is 0
04-18 12:39:58.929  2218  2767 D Netd    : getNetworkForDns: using netid 502 for uid 10637
04-18 12:39:58.939  2612  4192 D ConnectivityService: returning getNetworkInfo for network type 1 : [type: WIFI[] - WIFI, state: CONNECTED/CONNECTED, reason: (unspecified), extra: "HuuugeQA", roaming: false, failover: false, isAvailable: true]
04-18 12:39:58.939  2612  3005 D ConnectivityService: returning getNetworkInfo for network type 0 : [type: MOBILE[] - MOBILE, state: DISCONNECTED/DISCONNECTED, reason: (unspecified), extra: (none), roaming: false, failover: false, isAvailable: true]
04-18 12:39:59.009  2218  2767 D EnterpriseController: netId is 0
04-18 12:39:59.009  2218  2767 D Netd    : getNetworkForDns: using netid 502 for uid 10637
04-18 12:39:59.009 20999 21224 I System.out: (HTTPLog)-Static: isSBSettingEnabled false
04-18 12:39:59.009 20999 21224 I System.out: (HTTPLog)-Static: isSBSettingEnabled false
04-18 12:39:59.129 20999 21222 W libc    : It seems that pthread_join() is not invoked or PTHREAD_ATTR_FLAG_DETACHED is not set.
04-18 12:39:59.139 20999 21222 W libc    :     pthread tid          : 21222
04-18 12:39:59.139 20999 21222 W libc    :     pthread start_routine: 0xdf88e390
04-18 12:39:59.329  2218  2767 D EnterpriseController: netId is 0
04-18 12:39:59.329  2218  2767 D Netd    : getNetworkForDns: using netid 502 for uid 10637
04-18 12:39:59.329  2612  3481 D ConnectivityService: returning getNetworkInfo for network type 1 : [type: WIFI[] - WIFI, state: CONNECTED/CONNECTED, reason: (unspecified), extra: "HuuugeQA", roaming: false, failover: false, isAvailable: true]
04-18 12:39:59.329  2612  3136 D ConnectivityService: returning getNetworkInfo for network type 0 : [type: MOBILE[] - MOBILE, state: DISCONNECTED/DISCONNECTED, reason: (unspecified), extra: (none), roaming: false, failover: false, isAvailable: true]
04-18 12:39:59.399  2218  2767 D EnterpriseController: netId is 0
04-18 12:39:59.399  2218  2767 D Netd    : getNetworkForDns: using netid 502 for uid 10637
04-18 12:39:59.629  2612  3011 D NtpTrustedTime: currentTimeMillis() cache hit
04-18 12:39:59.629  2612  3011 V NetworkStats: performPollLocked(flags=0x1)
04-18 12:39:59.639  2612  3011 D NetworkStatsRecorder: entry.iface is null
04-18 12:39:59.639  2612  3011 D NetworkStatsRecorder: entry.iface is null
04-18 12:39:59.639  2612  3011 D NetworkStatsRecorder: entry.iface is null
04-18 12:39:59.639  2612  3011 D NetworkStatsRecorder: entry.iface is null
04-18 12:39:59.639  2612  3011 D NetworkStatsRecorder: entry.iface is null
04-18 12:39:59.639  2612  3011 D NetworkStatsRecorder: entry.iface is null
04-18 12:39:59.639  2612  3011 D NetworkStatsRecorder: entry.iface is null
04-18 12:39:59.639  2612  3011 D NetworkStatsRecorder: entry.iface is null
04-18 12:39:59.639  2612  3011 D NetworkStatsRecorder: entry.iface is null
04-18 12:39:59.639  2612  3011 D NetworkStatsRecorder: entry.iface is null
04-18 12:39:59.659  2612  3011 D NtpTrustedTime: currentTimeMillis() cache hit
04-18 12:39:59.659  2612  3012 D NtpTrustedTime: currentTimeMillis() cache hit
04-18 12:39:59.659  2612  3012 D NtpTrustedTime: currentTimeMillis() cache hit
04-18 12:39:59.659  2612  3011 V NetworkStats: performPollLocked() took 26ms
04-18 12:39:59.779 20999 21226 W libc    : It seems that pthread_join() is not invoked or PTHREAD_ATTR_FLAG_DETACHED is not set.
04-18 12:39:59.779 20999 21226 W libc    :     pthread tid          : 21226
04-18 12:39:59.779 20999 21226 W libc    :     pthread start_routine: 0xdf88e390
04-18 12:39:59.939  2218  2767 D EnterpriseController: netId is 0
04-18 12:39:59.939  2218  2767 D Netd    : getNetworkForDns: using netid 502 for uid 10637
04-18 12:39:59.939  2612  3487 D ConnectivityService: returning getNetworkInfo for network type 1 : [type: WIFI[] - WIFI, state: CONNECTED/CONNECTED, reason: (unspecified), extra: "HuuugeQA", roaming: false, failover: false, isAvailable: true]
04-18 12:39:59.939  2612  2627 D ConnectivityService: returning getNetworkInfo for network type 0 : [type: MOBILE[] - MOBILE, state: DISCONNECTED/DISCONNECTED, reason: (unspecified), extra: (none), roaming: false, failover: false, isAvailable: true]
04-18 12:39:59.989  2612  3660 D ConnectivityService: returning getNetworkInfo for network type 1 : [type: WIFI[] - WIFI, state: CONNECTED/CONNECTED, reason: (unspecified), extra: "HuuugeQA", roaming: false, failover: false, isAvailable: true]
04-18 12:39:59.989  2612  4193 D ConnectivityService: returning getNetworkInfo for network type 0 : [type: MOBILE[] - MOBILE, state: DISCONNECTED/DISCONNECTED, reason: (unspecified), extra: (none), roaming: false, failover: false, isAvailable: true]
04-18 12:39:59.989  2612  2960 V AlarmManager: Expired Alarm result :8
04-18 12:39:59.999  3096  3096 D KeyguardUpdateMonitor: received broadcast android.intent.action.TIME_TICK
04-18 12:39:59.999  3096  3096 D KeyguardUpdateMonitor: handleTimeUpdate
04-18 12:39:59.999  3096  3096 D Clock   : received broadcast android.intent.action.TIME_TICK
04-18 12:39:59.999  2612  2612 V AlarmManager: ___SyncScheduler (v3) ACTIVATED___
04-18 12:39:59.999  2612  2612 V AlarmManagerEXT: <AppSync3 Whitelist>
04-18 12:39:59.999  2612  2612 V AlarmManagerEXT: (AppSync) ### 0 added ###
04-18 12:40:00.009  2218  2767 D EnterpriseController: netId is 0
04-18 12:40:00.009  2218  2767 D Netd    : getNetworkForDns: using netid 502 for uid 10637
04-18 12:40:00.009 20999 21231 I System.out: (HTTPLog)-Static: isSBSettingEnabled false
04-18 12:40:00.009 20999 21231 I System.out: (HTTPLog)-Static: isSBSettingEnabled false
04-18 12:40:00.029  3096  3096 D QSPanel : getMultiTileLineHeight = 15
04-18 12:40:00.029  3096  3096 D DateView: received broadcast android.intent.action.TIME_TICK
04-18 12:40:00.049  3096  3096 D NotificationStackScrollLayout:  scroll range should be extended : 1272
04-18 12:40:00.049  3096  3096 D QSPanel : getMultiTileLineHeight = 15
04-18 12:40:00.149 20999 21229 W libc    : It seems that pthread_join() is not invoked or PTHREAD_ATTR_FLAG_DETACHED is not set.
04-18 12:40:00.149 20999 21229 W libc    :     pthread tid          : 21229
04-18 12:40:00.149 20999 21229 W libc    :     pthread start_routine: 0xdf88e390
04-18 12:40:00.339  2218  2767 D EnterpriseController: netId is 0
04-18 12:40:00.339  2218  2767 D Netd    : getNetworkForDns: using netid 502 for uid 10637
04-18 12:40:00.349  2612  4193 D ConnectivityService: returning getNetworkInfo for network type 1 : [type: WIFI[] - WIFI, state: CONNECTED/CONNECTED, reason: (unspecified), extra: "HuuugeQA", roaming: false, failover: false, isAvailable: true]
04-18 12:40:00.349  2612  2626 D ConnectivityService: returning getNetworkInfo for network type 0 : [type: MOBILE[] - MOBILE, state: DISCONNECTED/DISCONNECTED, reason: (unspecified), extra: (none), roaming: false, failover: false, isAvailable: true]
04-18 12:40:00.409  2218  2767 D EnterpriseController: netId is 0
04-18 12:40:00.409  2218  2767 D Netd    : getNetworkForDns: using netid 502 for uid 10637
04-18 12:40:00.589 20999 21233 W libc    : It seems that pthread_join() is not invoked or PTHREAD_ATTR_FLAG_DETACHED is not set.
04-18 12:40:00.589 20999 21233 W libc    :     pthread tid          : 21233
04-18 12:40:00.589 20999 21233 W libc    :     pthread start_routine: 0xdf88e390
04-18 12:40:00.739  2218  2767 D EnterpriseController: netId is 0
04-18 12:40:00.739  2218  2767 D Netd    : getNetworkForDns: using netid 502 for uid 10637
04-18 12:40:00.739  2612  3483 D ConnectivityService: returning getNetworkInfo for network type 1 : [type: WIFI[] - WIFI, state: CONNECTED/CONNECTED, reason: (unspecified), extra: "HuuugeQA", roaming: false, failover: false, isAvailable: true]
04-18 12:40:00.749  2612  3268 D ConnectivityService: returning getNetworkInfo for network type 0 : [type: MOBILE[] - MOBILE, state: DISCONNECTED/DISCONNECTED, reason: (unspecified), extra: (none), roaming: false, failover: false, isAvailable: true]
04-18 12:40:00.769 20999 21238 D ClawActivityCommon: Checking for: data-gfx.pak
04-18 12:40:00.769 20999 21238 D ClawActivityCommon: Checking for: data-gfx.pak
04-18 12:40:00.769 20999 21238 D ClawActivityCommon: Checking for: data-gfx-slots.pak
04-18 12:40:00.769 20999 21238 D ClawActivityCommon: Checking for: data-gfx-slots.pak
04-18 12:40:00.769 20999 21238 D ClawActivityCommon: Checking for: data-games.pak
04-18 12:40:00.769 20999 21238 D ClawActivityCommon: Descriptor found offset=49281732 length=303880
04-18 12:40:00.769 20999 21238 D ClawActivityCommon: Checking for: data-games.pak
04-18 12:40:00.769 20999 21238 D ClawActivityCommon: Descriptor found offset=49281732 length=303880
04-18 12:40:00.779 20999 21238 D ClawActivityCommon: Checking for: data-games.pak
04-18 12:40:00.779 20999 21238 D ClawActivityCommon: Descriptor found offset=49281732 length=303880
04-18 12:40:00.779  2612  3005 D ConnectivityService: returning getNetworkInfo for network type 1 : [type: WIFI[] - WIFI, state: CONNECTED/CONNECTED, reason: (unspecified), extra: "HuuugeQA", roaming: false, failover: false, isAvailable: true]
04-18 12:40:00.779  2612  3481 D ConnectivityService: returning getNetworkInfo for network type 0 : [type: MOBILE[] - MOBILE, state: DISCONNECTED/DISCONNECTED, reason: (unspecified), extra: (none), roaming: false, failover: false, isAvailable: true]
04-18 12:40:00.819  2218  2767 D EnterpriseController: netId is 0
04-18 12:40:00.819  2218  2767 D Netd    : getNetworkForDns: using netid 502 for uid 10637
04-18 12:40:00.949  2218  2767 D EnterpriseController: netId is 0
04-18 12:40:00.949  2218  2767 D Netd    : getNetworkForDns: using netid 502 for uid 10637
04-18 12:40:00.949  2612  3136 D ConnectivityService: returning getNetworkInfo for network type 1 : [type: WIFI[] - WIFI, state: CONNECTED/CONNECTED, reason: (unspecified), extra: "HuuugeQA", roaming: false, failover: false, isAvailable: true]
04-18 12:40:00.959  2612  3009 D ConnectivityService: returning getNetworkInfo for network type 0 : [type: MOBILE[] - MOBILE, state: DISCONNECTED/DISCONNECTED, reason: (unspecified), extra: (none), roaming: false, failover: false, isAvailable: true]
04-18 12:40:01.019 20999 21247 I System.out: (HTTPLog)-Static: isSBSettingEnabled false
04-18 12:40:01.019 20999 21247 I System.out: (HTTPLog)-Static: isSBSettingEnabled false
04-18 12:40:01.069  2612  3011 D NtpTrustedTime: currentTimeMillis() cache hit
04-18 12:40:01.069  2612  3011 V NetworkStats: performPollLocked(flags=0x1)
04-18 12:40:01.079  2612  3011 D NetworkStatsRecorder: entry.iface is null
04-18 12:40:01.079  2612  3011 D NetworkStatsRecorder: entry.iface is null
04-18 12:40:01.079  2612  3011 D NetworkStatsRecorder: entry.iface is null
04-18 12:40:01.079  2612  3011 D NetworkStatsRecorder: entry.iface is null
04-18 12:40:01.079  2612  3011 D NetworkStatsRecorder: entry.iface is null
04-18 12:40:01.079  2612  3011 D NetworkStatsRecorder: entry.iface is null
04-18 12:40:01.079  2612  3011 D NetworkStatsRecorder: entry.iface is null
04-18 12:40:01.079  2612  3011 D NetworkStatsRecorder: entry.iface is null
04-18 12:40:01.079  2612  3011 D NetworkStatsRecorder: entry.iface is null
04-18 12:40:01.079  2612  3011 D NetworkStatsRecorder: entry.iface is null
04-18 12:40:01.089  2612  3012 D NetworkPolicy: isUidForegroundLocked: 10028, mScreenOn: true, uidstate: 3, mProxSensorScreenOff: false
04-18 12:40:01.099 14874 14874 D RelationGraph: garbageCollect()
04-18 12:40:01.099  2612  3011 D NtpTrustedTime: currentTimeMillis() cache hit
04-18 12:40:01.099  2612  3012 D NtpTrustedTime: currentTimeMillis() cache hit
04-18 12:40:01.099  2612  3012 D NtpTrustedTime: currentTimeMillis() cache hit
04-18 12:40:01.099 14874 14885 I Finsky  : [1480] com.google.android.finsky.billing.iab.ab.b(46): com.huuuge.stars.slots: Account from first account - [JjseoS3C1uVn2R3OVE5pZKgPwhc]
04-18 12:40:01.099  2612  3011 V NetworkStats: performPollLocked() took 24ms
04-18 12:40:01.109 14874 14951 I Finsky  : [1522] com.google.android.finsky.billing.iab.ab.b(46): com.huuuge.stars.slots: Account from first account - [JjseoS3C1uVn2R3OVE5pZKgPwhc]
04-18 12:40:01.149  2218  2767 D EnterpriseController: netId is 0
04-18 12:40:01.149  2218  2767 D Netd    : getNetworkForDns: using netid 502 for uid 10637
04-18 12:40:01.149  2612  3481 D ConnectivityService: returning getNetworkInfo for network type 1 : [type: WIFI[] - WIFI, state: CONNECTED/CONNECTED, reason: (unspecified), extra: "HuuugeQA", roaming: false, failover: false, isAvailable: true]
04-18 12:40:01.159  2612  3136 D ConnectivityService: returning getNetworkInfo for network type 0 : [type: MOBILE[] - MOBILE, state: DISCONNECTED/DISCONNECTED, reason: (unspecified), extra: (none), roaming: false, failover: false, isAvailable: true]
04-18 12:40:01.429 20999 21248 W libc    : It seems that pthread_join() is not invoked or PTHREAD_ATTR_FLAG_DETACHED is not set.
04-18 12:40:01.429 20999 21248 W libc    :     pthread tid          : 21248
04-18 12:40:01.429 20999 21248 W libc    :     pthread start_routine: 0xdf88e390
04-18 12:40:01.549  2218  2767 D EnterpriseController: netId is 0
04-18 12:40:01.549  2218  2767 D Netd    : getNetworkForDns: using netid 502 for uid 10637
04-18 12:40:01.559  2612  3487 D ConnectivityService: returning getNetworkInfo for network type 1 : [type: WIFI[] - WIFI, state: CONNECTED/CONNECTED, reason: (unspecified), extra: "HuuugeQA", roaming: false, failover: false, isAvailable: true]
04-18 12:40:01.559  2612  2627 D ConnectivityService: returning getNetworkInfo for network type 0 : [type: MOBILE[] - MOBILE, state: DISCONNECTED/DISCONNECTED, reason: (unspecified), extra: (none), roaming: false, failover: false, isAvailable: true]
04-18 12:40:01.619  2218  2767 D EnterpriseController: netId is 0
04-18 12:40:01.619  2218  2767 D Netd    : getNetworkForDns: using netid 502 for uid 10637
04-18 12:40:01.769 20999 21252 W libc    : It seems that pthread_join() is not invoked or PTHREAD_ATTR_FLAG_DETACHED is not set.
04-18 12:40:01.769 20999 21252 W libc    :     pthread tid          : 21252
04-18 12:40:01.769 20999 21252 W libc    :     pthread start_routine: 0xdf88e390
04-18 12:40:01.959  2218  2767 D EnterpriseController: netId is 0
04-18 12:40:01.959  2218  2767 D Netd    : getNetworkForDns: using netid 502 for uid 10637
04-18 12:40:01.959  2612  2626 D ConnectivityService: returning getNetworkInfo for network type 1 : [type: WIFI[] - WIFI, state: CONNECTED/CONNECTED, reason: (unspecified), extra: "HuuugeQA", roaming: false, failover: false, isAvailable: true]
04-18 12:40:01.959  2612  4193 D ConnectivityService: returning getNetworkInfo for network type 0 : [type: MOBILE[] - MOBILE, state: DISCONNECTED/DISCONNECTED, reason: (unspecified), extra: (none), roaming: false, failover: false, isAvailable: true]
04-18 12:40:02.019  2218  2767 D EnterpriseController: netId is 0
04-18 12:40:02.019  2218  2767 D Netd    : getNetworkForDns: using netid 502 for uid 10637
04-18 12:40:02.029 20999 21257 I System.out: (HTTPLog)-Static: isSBSettingEnabled false
04-18 12:40:02.029 20999 21257 I System.out: (HTTPLog)-Static: isSBSettingEnabled false
04-18 12:40:02.149  2612  3011 D NtpTrustedTime: currentTimeMillis() cache hit
04-18 12:40:02.149  2612  3011 V NetworkStats: performPollLocked(flags=0x1)
04-18 12:40:02.169  2612  3011 D NetworkStatsRecorder: entry.iface is null
04-18 12:40:02.169  2612  3011 D NetworkStatsRecorder: entry.iface is null
04-18 12:40:02.169  2612  3011 D NetworkStatsRecorder: entry.iface is null
04-18 12:40:02.169  2612  3011 D NetworkStatsRecorder: entry.iface is null
04-18 12:40:02.169  2612  3011 D NetworkStatsRecorder: entry.iface is null
04-18 12:40:02.169  2612  3011 D NetworkStatsRecorder: entry.iface is null
04-18 12:40:02.169  2612  3011 D NetworkStatsRecorder: entry.iface is null
04-18 12:40:02.169  2612  3011 D NetworkStatsRecorder: entry.iface is null
04-18 12:40:02.169  2612  3011 D NetworkStatsRecorder: entry.iface is null
04-18 12:40:02.169  2612  3011 D NetworkStatsRecorder: entry.iface is null
04-18 12:40:02.189  2612  3011 D NtpTrustedTime: currentTimeMillis() cache hit
04-18 12:40:02.189 20999 21255 W libc    : It seems that pthread_join() is not invoked or PTHREAD_ATTR_FLAG_DETACHED is not set.
04-18 12:40:02.189 20999 21255 W libc    :     pthread tid          : 21255
04-18 12:40:02.189 20999 21255 W libc    :     pthread start_routine: 0xdf88e390
04-18 12:40:02.189  2612  3012 D NtpTrustedTime: currentTimeMillis() cache hit
04-18 12:40:02.189  2612  3012 D NtpTrustedTime: currentTimeMillis() cache hit
04-18 12:40:02.189  2612  3011 V NetworkStats: performPollLocked() took 34ms
04-18 12:40:02.359  2218  2767 D EnterpriseController: netId is 0
04-18 12:40:02.359  2218  2767 D Netd    : getNetworkForDns: using netid 502 for uid 10637
04-18 12:40:02.359  2612  3660 D ConnectivityService: returning getNetworkInfo for network type 1 : [type: WIFI[] - WIFI, state: CONNECTED/CONNECTED, reason: (unspecified), extra: "HuuugeQA", roaming: false, failover: false, isAvailable: true]
04-18 12:40:02.359  2612  3270 D ConnectivityService: returning getNetworkInfo for network type 0 : [type: MOBILE[] - MOBILE, state: DISCONNECTED/DISCONNECTED, reason: (unspecified), extra: (none), roaming: false, failover: false, isAvailable: true]
04-18 12:40:02.429  2218  2767 D EnterpriseController: netId is 0
04-18 12:40:02.429  2218  2767 D Netd    : getNetworkForDns: using netid 502 for uid 10637
04-18 12:40:02.599 20999 21259 W libc    : It seems that pthread_join() is not invoked or PTHREAD_ATTR_FLAG_DETACHED is not set.
04-18 12:40:02.599 20999 21259 W libc    :     pthread tid          : 21259
04-18 12:40:02.599 20999 21259 W libc    :     pthread start_routine: 0xdf88e390
04-18 12:40:02.759  2218  2767 D EnterpriseController: netId is 0
04-18 12:40:02.759  2218  2767 D Netd    : getNetworkForDns: using netid 502 for uid 10637
04-18 12:40:02.769  2612  3268 D ConnectivityService: returning getNetworkInfo for network type 1 : [type: WIFI[] - WIFI, state: CONNECTED/CONNECTED, reason: (unspecified), extra: "HuuugeQA", roaming: false, failover: false, isAvailable: true]
04-18 12:40:02.769  2612  3005 D ConnectivityService: returning getNetworkInfo for network type 0 : [type: MOBILE[] - MOBILE, state: DISCONNECTED/DISCONNECTED, reason: (unspecified), extra: (none), roaming: false, failover: false, isAvailable: true]
04-18 12:40:02.869  2218  2767 D EnterpriseController: netId is 0
04-18 12:40:02.869  2218  2767 D Netd    : getNetworkForDns: using netid 502 for uid 10637
04-18 12:40:03.009 20999 21262 W libc    : It seems that pthread_join() is not invoked or PTHREAD_ATTR_FLAG_DETACHED is not set.
04-18 12:40:03.009 20999 21262 W libc    :     pthread tid          : 21262
04-18 12:40:03.009 20999 21262 W libc    :     pthread start_routine: 0xdf88e390
04-18 12:40:03.029 20999 21265 I System.out: (HTTPLog)-Static: isSBSettingEnabled false
04-18 12:40:03.029 20999 21265 I System.out: (HTTPLog)-Static: isSBSettingEnabled false
04-18 12:40:03.159  2218  2767 D EnterpriseController: netId is 0
04-18 12:40:03.159  2218  2767 D Netd    : getNetworkForDns: using netid 502 for uid 10637
04-18 12:40:03.169  2612  3481 D ConnectivityService: returning getNetworkInfo for network type 1 : [type: WIFI[] - WIFI, state: CONNECTED/CONNECTED, reason: (unspecified), extra: "HuuugeQA", roaming: false, failover: false, isAvailable: true]
04-18 12:40:03.169  2612  3136 D ConnectivityService: returning getNetworkInfo for network type 0 : [type: MOBILE[] - MOBILE, state: DISCONNECTED/DISCONNECTED, reason: (unspecified), extra: (none), roaming: false, failover: false, isAvailable: true]
04-18 12:40:03.229  2218  2767 D EnterpriseController: netId is 0
04-18 12:40:03.229  2218  2767 D Netd    : getNetworkForDns: using netid 502 for uid 10637
04-18 12:40:03.259  2612  5167 D SSRM:w  : SIOP:: AP = 500, PST = 450 (W:10), CUR = -184, LCD = 24
04-18 12:40:03.259  2612  5167 D ConnectivityService: returning getNetworkInfo for network type 1 : [type: WIFI[] - WIFI, state: CONNECTED/CONNECTED, reason: (unspecified), extra: "HuuugeQA", roaming: false, failover: false, isAvailable: true]
04-18 12:40:03.389 16564 16570 I art     : Debugger is no longer active
04-18 12:40:03.389 13774 13780 I art     : Debugger is no longer active
04-18 12:40:03.399  2205  2205 D         : NULL == surf->write_back_color_buffer
04-18 12:40:03.399  2205  2205 W         : GLES-MALI OOM error: failed to allocate CPU memory (gles_fb_first_drawcall_cb at hardware/samsung_slsi/MaliT720_r7p0_Insel/product/gles/src/fb/mali_gles_fb_module_api.c:1290)
04-18 12:40:03.399  2205  2205 D         : NULL == surf->write_back_color_buffer
04-18 12:40:03.399  2205  2205 E SurfaceFlinger: eglSwapBuffers(0x1, 0xf3eeb640) failed with 0x0000300d
04-18 12:40:03.399  2205  2205 E SurfaceFlinger: GL error 0x0505
04-18 12:40:03.409  2205  2205 W libEGL  : EGLNativeWindowType 0xf2f51008 disconnect failed
04-18 12:40:03.469 20999 21266 W libc    : It seems that pthread_join() is not invoked or PTHREAD_ATTR_FLAG_DETACHED is not set.
04-18 12:40:03.469 20999 21266 W libc    :     pthread tid          : 21266
04-18 12:40:03.469 20999 21266 W libc    :     pthread start_routine: 0xdf88e390
04-18 12:40:03.569  2218  2767 D EnterpriseController: netId is 0
04-18 12:40:03.569  2218  2767 D Netd    : getNetworkForDns: using netid 502 for uid 10637
04-18 12:40:03.569  2612  3136 D ConnectivityService: returning getNetworkInfo for network type 1 : [type: WIFI[] - WIFI, state: CONNECTED/CONNECTED, reason: (unspecified), extra: "HuuugeQA", roaming: false, failover: false, isAvailable: true]
04-18 12:40:03.569  2612  3009 D ConnectivityService: returning getNetworkInfo for network type 0 : [type: MOBILE[] - MOBILE, state: DISCONNECTED/DISCONNECTED, reason: (unspecified), extra: (none), roaming: false, failover: false, isAvailable: true]
04-18 12:40:03.599  2612  3264 D ConnectivityService: returning getNetworkInfo for network type 1 : [type: WIFI[] - WIFI, state: CONNECTED/CONNECTED, reason: (unspecified), extra: "HuuugeQA", roaming: false, failover: false, isAvailable: true]
04-18 12:40:03.599  2612  3486 D ConnectivityService: returning getNetworkInfo for network type 0 : [type: MOBILE[] - MOBILE, state: DISCONNECTED/DISCONNECTED, reason: (unspecified), extra: (none), roaming: false, failover: false, isAvailable: true]
04-18 12:40:03.639  2218  2767 D EnterpriseController: netId is 0
04-18 12:40:03.639  2218  2767 D Netd    : getNetworkForDns: using netid 502 for uid 10637
04-18 12:40:03.789 20999 21270 W libc    : It seems that pthread_join() is not invoked or PTHREAD_ATTR_FLAG_DETACHED is not set.
04-18 12:40:03.789 20999 21270 W libc    :     pthread tid          : 21270
04-18 12:40:03.789 20999 21270 W libc    :     pthread start_routine: 0xdf88e390
04-18 12:40:03.969  2218  2767 D EnterpriseController: netId is 0
04-18 12:40:03.969  2218  2767 D Netd    : getNetworkForDns: using netid 502 for uid 10637
04-18 12:40:03.969  2612  3487 D ConnectivityService: returning getNetworkInfo for network type 1 : [type: WIFI[] - WIFI, state: CONNECTED/CONNECTED, reason: (unspecified), extra: "HuuugeQA", roaming: false, failover: false, isAvailable: true]
04-18 12:40:03.969  2612  2627 D ConnectivityService: returning getNetworkInfo for network type 0 : [type: MOBILE[] - MOBILE, state: DISCONNECTED/DISCONNECTED, reason: (unspecified), extra: (none), roaming: false, failover: false, isAvailable: true]
04-18 12:40:04.029  2612  2626 D ConnectivityService: returning getNetworkInfo for network type 1 : [type: WIFI[] - WIFI, state: CONNECTED/CONNECTED, reason: (unspecified), extra: "HuuugeQA", roaming: false, failover: false, isAvailable: true]
04-18 12:40:04.029  2612  4193 D ConnectivityService: returning getNetworkInfo for network type 0 : [type: MOBILE[] - MOBILE, state: DISCONNECTED/DISCONNECTED, reason: (unspecified), extra: (none), roaming: false, failover: false, isAvailable: true]
04-18 12:40:04.039 20999 21277 I System.out: (HTTPLog)-Static: isSBSettingEnabled false
04-18 12:40:04.039 20999 21277 I System.out: (HTTPLog)-Static: isSBSettingEnabled false
04-18 12:40:04.049  2218  2767 D EnterpriseController: netId is 0
04-18 12:40:04.049  2218  2767 D Netd    : getNetworkForDns: using netid 502 for uid 10637
04-18 12:40:04.129  2612  3270 D BatteryService: !@BatteryListener : batteryPropertiesChanged!
04-18 12:40:04.129  2612  3270 D BatteryService: level:100, scale:100, status:5, health:2, present:true, voltage: 4287, temperature: 324, technology: Li-ion, AC powered:false, USB powered:true, POGO powered:false, Wireless powered:false, icon:17303500, invalid charger:0, maxChargingCurrent:0
04-18 12:40:04.129  2612  3270 D BatteryService: online:6, current avg:-100, charge type:1, power sharing:false, high voltage charger:false, capacity:280000, batterySWSelfDischarging:false, current_now:-7
04-18 12:40:04.129  2612  2612 D BatteryService: Sending ACTION_BATTERY_CHANGED.
04-18 12:40:04.129  2612  2612 I MotionRecognitionService: Plugged
04-18 12:40:04.129  2612  2612 D MotionRecognitionService:   cableConnection= 1
04-18 12:40:04.129  2612  2612 D MotionRecognitionService: setPowerConnected | current backoff  = 1024 , state =1024
04-18 12:40:04.129  2612  2612 D MotionRecognitionService: skip setTransmitPower. 
04-18 12:40:04.129  2612  2612 D GameManagerService: new battery level: 100
