04-15 15:00:03.989  5237  5237 I chatty  : uid=10081(u0_a81) com.sec.android.app.launcher identical 3 lines
04-15 15:00:03.989  5237  5237 V Configuration:  needToUpdateOverlays
04-15 15:00:03.989  3777  7440 D GamePkgDataHelper: getSosPolicy(). com.huuuge.stars.slots
04-15 15:00:03.989  4244  4244 D ImageWallpaper: onVisibilityChanged: mVisible, visible=true, false
04-15 15:00:03.989  4244  4244 D ImageWallpaper: Visibility changed to visible=false
04-15 15:00:03.989  4244  4244 D WallpaperService: reportVisibility onVisibilityChanged visible: false
04-15 15:00:03.989  5237  5237 V Configuration:  needToUpdateOverlays
04-15 15:00:03.991  7040  7040 D TrayStateController: setUiState 2 : -isHideByOrientationPolicy 0 --> 2
04-15 15:00:03.993  3777  7440 D GameManagerService: identifyGamePackage. com.huuuge.stars.slots
04-15 15:00:03.993  3777  7440 D GamePkgDataHelper: getGamePkgData(). com.huuuge.stars.slots
04-15 15:00:03.994  3777  7440 D GameManagerService: identifyGamePackage. com.huuuge.stars.slots
04-15 15:00:03.994  3777  7440 D GamePkgDataHelper: getGamePkgData(). com.huuuge.stars.slots
04-15 15:00:03.994  4244  4244 V Configuration:  needToUpdateOverlays
04-15 15:00:03.995  4244  4244 V Configuration:  needToUpdateOverlays
04-15 15:00:03.997  3777  7440 D GameManagerService: identifyGamePackage. com.huuuge.stars.slots
04-15 15:00:03.997  3777  7440 D GamePkgDataHelper: getGamePkgData(). com.huuuge.stars.slots
04-15 15:00:03.997  3777  7440 D GameManagerService: identifyGamePackage. com.huuuge.stars.slots
04-15 15:00:03.998  3777  7440 D GamePkgDataHelper: getGamePkgData(). com.huuuge.stars.slots
04-15 15:00:03.999  4509 17494 D NfcService: call the applyRouting
04-15 15:00:04.010  4244  4244 V Configuration:  needToUpdateOverlays
04-15 15:00:04.027 17693 17707 I zygote64: Waiting for a blocking GC ProfileSaver
04-15 15:00:04.030  4689  4689 D KNOXCORE::LockSecureFolderTask: started: 150
04-15 15:00:04.030  4689  4689 D KNOXCORE::LockSecureFolderTask: ResumedActivity userId0[com.huuuge.stars.slots/com.huuuge.casino.BootActivity]
04-15 15:00:04.050  6859  6859 D AOD_CONFIG@AODConfigurationController: updateMonitor MONITOR_CONFIGURATION
04-15 15:00:04.086  5237  5237 V Configuration:  needToUpdateOverlays
04-15 15:00:04.086  5237  5237 I chatty  : uid=10081(u0_a81) com.sec.android.app.launcher identical 12 lines
04-15 15:00:04.086  5237  5237 V Configuration:  needToUpdateOverlays
04-15 15:00:04.097 24118 24118 D Mms/MmsApp: [start]    onConfigurationChanged(), newConfig = {0 1.0 themeSeq = 0 showBtnBg = 0 260mcc3mnc [pl_PL] ldltr sw360dp w692dp h336dp 640dpi nrml long land finger -keyb/v/h -nav/h appBounds=Rect(0, 0 - 2768, 1440) s.279 mkbd/h desktop/d ?dc} consume time = 1496791.359737
04-15 15:00:04.098 20322 20322 V Configuration:  needToUpdateOverlays
04-15 15:00:04.100  3777  3798 E zygote64: failed to kill 1 processes for processgroup 17129
04-15 15:00:04.104  6859  6859 D AOD_CONFIG@AODConfigurationController: registerMonitor MONITOR_CONFIGURATION
04-15 15:00:04.105  6859  6859 D AOD_CONFIG@AODConfigurationController: onMobileKeyboardAttached - set : false
04-15 15:00:04.108  5237  5237 D ViewRootImpl@fa9fd7b[LauncherActivity]: MSG_WINDOW_FOCUS_CHANGED 0
04-15 15:00:04.132  4534  4534 V Configuration:  needToUpdateOverlays
04-15 15:00:04.141  4244  4244 V Configuration:  needToUpdateOverlays
04-15 15:00:04.151  4244  4244 I chatty  : uid=10008(u0_a8) com.android.systemui identical 77 lines
04-15 15:00:04.151  4244  4244 V Configuration:  needToUpdateOverlays
04-15 15:00:04.154  4244  4244 V Configuration:  needToUpdateOverlays
04-15 15:00:04.158  4244  4244 I chatty  : uid=10008(u0_a8) com.android.systemui identical 9 lines
04-15 15:00:04.158  4244  4244 V Configuration:  needToUpdateOverlays
04-15 15:00:04.158 18085 18085 E Zygote  : isWhitelistProcess - Process is Whitelisted
04-15 15:00:04.160  4244  4244 V Configuration:  needToUpdateOverlays
04-15 15:00:04.160  3777  4563 W ActivityManager: Slow operation: 175ms so far, now at startProcess: returned from zygote!
04-15 15:00:04.160 18085 18085 W SELinux : SELinux selinux_android_compute_policy_index : Policy Index[2],  Con:u:r:zygote:s0 RAM:SEPF_SM-G950F_8.0.0_0002, [-1 -1 -1 -1 0 1]
04-15 15:00:04.160  3777  4563 W ActivityManager: Slow operation: 175ms so far, now at startProcess: done updating battery stats
04-15 15:00:04.160  3777  4563 W ActivityManager: Slow operation: 176ms so far, now at startProcess: building log message
04-15 15:00:04.160  3777  4563 I ActivityManager: Start proc 18085:com.samsung.android.bixby.agent.emservice/5018 for broadcast com.samsung.android.bixby.agent/.receiver.ExecutorManagerPackageReceiver
04-15 15:00:04.160  3777  4563 W ActivityManager: Slow operation: 176ms so far, now at startProcess: starting to update pids map
04-15 15:00:04.160  3777  4563 W ActivityManager: Slow operation: 176ms so far, now at startProcess: done updating pids map
04-15 15:00:04.160  3777  4563 W ActivityManager: Slow operation: 176ms so far, now at startProcess: done starting proc!
04-15 15:00:04.161 18085 18085 I SELinux : SELinux: seapp_context_lookup: seinfo=platform, level=s0:c512,c768, pkgname=com.samsung.android.bixby.agent.emservice 
04-15 15:00:04.227  3777  4564 V WifiDisplayAdapter: getWifiDisplayStatusLocked: result=WifiDisplayStatus{featureState=2, scanState=0, activeDisplayState=0, activeDisplay=null, displays=[], sessionInfo=WifiDisplaySessionInfo: Client/Owner: Client GroupId:  Passphrase:  SessionId: 0 IP Address: , connectedState=-1}
04-15 15:00:04.230  6859  6859 I AlwaysOnDisplay: REASON_MOBILE_KEYBOARD_COVERED_STATE_CHANGED: isMobileKeyboardCovered = false
04-15 15:00:04.246  5237  5237 I Launcher: onWindowVisibilityChanged : false
04-15 15:00:04.264  6859  6859 D AOD_CONFIG@AODConfigurationController: onFolderStateChanged - isClosed : true
04-15 15:00:04.265  3777  3787 V WifiDisplayAdapter: getWifiDisplayStatusLocked: result=WifiDisplayStatus{featureState=2, scanState=0, activeDisplayState=0, activeDisplay=null, displays=[], sessionInfo=WifiDisplaySessionInfo: Client/Owner: Client GroupId:  Passphrase:  SessionId: 0 IP Address: , connectedState=-1}
04-15 15:00:04.273  6859  6859 I AOD_CONFIG@AlwaysOnDisplay: REASON_FOLDER_CLOSED_STATE_CHANGED: ignore / has Folder [false]
04-15 15:00:04.273  6859  6859 D AOD_CONFIG@AODConfigurationController: onDesktopModeChanged - isDesktopMode : false
04-15 15:00:04.275 27004 18083 I LocationSettingsChecker: Removing dialog suppression flag for package com.huuuge.stars.slots
04-15 15:00:04.283  3777  3804 W Settings: Setting tether_dun_required has moved from android.provider.Settings.Secure to android.provider.Settings.Global
04-15 15:00:04.286  7040  7040 D PanelDescriptionView: updateHelpView: Apps edge-1 --> 2130968577 helpview applied:43, help scroll view applied.
04-15 15:00:04.287  7040  7040 D TrayStateController: setUiState 2 : -isHideByOrientationPolicy  already 2
04-15 15:00:04.287 27095 27095 D TuiService: onConfigurationChanged, old dpi=640, new dpi=640
04-15 15:00:04.299 18063 18063 E SemAffinityControl: SemAffinityControl: registerfunction enter
04-15 15:00:04.301  3777  5229 I ClientCertificateManager Service: fixContextInfoForMP() returning Caller uid: 5018 ,Container id: 0
04-15 15:00:04.301  3777  5229 I ClientCertificateManager Service: fixContextInfoForMP() returning Caller uid: 5018 ,Container id: 0
04-15 15:00:04.301  3777  5229 I ClientCertificateManager Service: ClientCertificateManager.isPremiumContainer() : false for user : 0
04-15 15:00:04.304 18063 18063 D AndroidRuntime: Calling main entry com.android.commands.pm.Pm
04-15 15:00:04.307  3777  5229 I ClientCertificateManager Service: fixContextInfoForMP() returning Caller uid: 5018 ,Container id: 0
04-15 15:00:04.307  3777  5229 I ClientCertificateManager Service: ClientCertificateManager.isPremiumContainer() : false for user : 0
04-15 15:00:04.310 24118 24118 D Mms/MmsApp: [end]    onConfigurationChanged(), newConfig = {0 1.0 themeSeq = 0 showBtnBg = 0 260mcc3mnc [pl_PL] ldltr sw360dp w692dp h336dp 640dpi nrml long land finger -keyb/v/h -nav/h appBounds=Rect(0, 0 - 2768, 1440) s.279 mkbd/h desktop/d ?dc} consume time = 213.320884
04-15 15:00:04.311  4244  4244 V Configuration:  needToUpdateOverlays
04-15 15:00:04.311  7040  7040 D ViewRootImpl@14d0d6d[CocktailBarService]: MSG_RESIZED_REPORT: frame=Rect(2893, 806 - 2960, 1399) ci=Rect(0, 0 - 192, 0) vi=Rect(0, 0 - 192, 0) or=2
04-15 15:00:04.311  4244  4244 V Configuration:  needToUpdateOverlays
04-15 15:00:04.313 18034 18034 I AppsFlyer: reportLaunch xPcmC6rPafKmCueR3W68Mk
04-15 15:00:04.314  7040  7040 I Choreographer: Skipped 35 frames!  The application may be doing too much work on its main thread.
04-15 15:00:04.319  7040  7112 D OpenGLRenderer: eglDestroySurface = 0x7a076428d0
04-15 15:00:04.320  7040  7040 D CocktailBarTriggerContainerView: onApplyWindowInsets bottom =0
04-15 15:00:04.326  3777 15675 V WindowManager: Relayout Window{ad38765 u0 com.samsung.android.app.cocktailbarservice/com.samsung.android.app.cocktailbarservice.CocktailBarService}: viewVisibility=8 req=67x593 WM.LayoutParams{(0,806)(67x593) gr=#35 sim=#20 ty=2226 fl=#1800148 pfl=0x50 fmt=-2 vsysui=0x2000 colorMode=0 naviIconColor=0}
04-15 15:00:04.327  3777 15675 I WindowManager: Destroying surface Surface(name=com.samsung.android.app.cocktailbarservice/com.samsung.android.app.cocktailbarservice.CocktailBarService) called by com.android.server.wm.WindowStateAnimator.destroySurface:2465 com.android.server.wm.WindowStateAnimator.destroySurfaceLocked:967 com.android.server.wm.WindowState.destroyOrSaveSurfaceUnchecked:3651 com.android.server.wm.WindowState.destroySurface:3599 com.android.server.wm.WindowManagerService.tryStartExitingAnimation:2646 com.android.server.wm.WindowManagerService.relayoutWindow:2430 com.android.server.wm.Session.relayout:249 android.view.IWindowSession$Stub.onTransact:288 
04-15 15:00:04.327  3777  4295 I ClientCertificateManager Service: fixContextInfoForMP() returning Caller uid: 5018 ,Container id: 0
04-15 15:00:04.327  3240  3269 I SurfaceFlinger: id=5860 Removed com.samsung.android.app.cocktailbarservice/com.samsung.android.app.cocktailbarservice.CocktailBarService#0 (7/9)
04-15 15:00:04.327  3777  4295 I ClientCertificateManager Service: fixContextInfoForMP() returning Caller uid: 5018 ,Container id: 0
04-15 15:00:04.327  3240  3269 I SurfaceFlinger: id=5860 Removed com.samsung.android.app.cocktailbarservice/com.samsung.android.app.cocktailbarservice.CocktailBarService#0 (-2/9)
04-15 15:00:04.328  3777  4295 I ClientCertificateManager Service: ClientCertificateManager.isPremiumContainer() : false for user : 0
04-15 15:00:04.332  3777 15675 V WifiDisplayAdapter: getWifiDisplayStatusLocked: result=WifiDisplayStatus{featureState=2, scanState=0, activeDisplayState=0, activeDisplay=null, displays=[], sessionInfo=WifiDisplaySessionInfo: Client/Owner: Client GroupId:  Passphrase:  SessionId: 0 IP Address: , connectedState=-1}
04-15 15:00:04.332  7040  7040 D ViewRootImpl@14d0d6d[CocktailBarService]: Relayout returned: old=[2893,806][2960,1399] new=[2893,806][2960,1399] result=0x5 surface={valid=false 0} changed=true
04-15 15:00:04.332  7040  7040 D CocktailBarTriggerContainerView: onApplyWindowInsets bottom =0
04-15 15:00:04.333 27780 27780 V Configuration:  needToUpdateOverlays
04-15 15:00:04.335  3240  3240 I Layer   : id=5860 onRemoved com.samsung.android.app.cocktailbarservice/com.samsung.android.app.cocktailbarservice.CocktailBarService#0 
04-15 15:00:04.335 18034 18034 I AppsFlyer_4.8.6: getDeepLinkData with activity null
04-15 15:00:04.336  7040  7040 I AbstractCocktailPanelView: notifyPanelVisibilityChanged: visibility not changed 2 id: 4
04-15 15:00:04.336  7040  7040 D CocktailBarUiController: onCocktailBarStateChanged: flag=0x1 vis=2 bgType=0 showTimeout=-1 activate=true
04-15 15:00:04.340 18034 18034 D AppsFlyer_4.8.6: Install referrer is allowed
04-15 15:00:04.345  3240  3240 D SurfaceFlinger:   Display[0] configurations (* current):
04-15 15:00:04.345  3240  3240 D SurfaceFlinger:     * 0: 1440x2960, xdpi=562.706970, ydpi=565.293030, refresh=16666666
04-15 15:00:04.345  3240  3240 D SurfaceFlinger:   numHwLayers=4, flags=00000000
04-15 15:00:04.345  3240  3240 D SurfaceFlinger:     type   |  handle  | hint | flag | tr | blnd |   format    |     source crop (l,t,r,b)      |          frame         | name 
04-15 15:00:04.345  3240  3240 D SurfaceFlinger: -----------+----------+------+------+----+------+-------------+--------------------------------+------------------------+------
04-15 15:00:04.345  3240  3240 D SurfaceFlinger:        HWC | 786fe56420 | 0000 | 0000 | 04 | 0105 | RGBA_8888   |    0.0,    0.0, 1440.0,   96.0 | 1344,    0, 1440, 1440 | StatusBar#0
04-15 15:00:04.345  3240  3240 D SurfaceFlinger:       GLES | 786fe567a0 | 0000 | 0000 | 04 | 0105 | RGBA_8888   |    0.0,    0.0,  192.0,  192.0 | 1248, 2768, 1440, 2960 | NavigationBar#0
04-15 15:00:04.345  3240  3240 D SurfaceFlinger:        HWC | 786fe59ec0 | 0000 | 0100 | 00 | 0105 | RGBA_8888   |    0.0,    0.0, 1440.0, 2960.0 |    0,    0, 1440, 2960 | ScreenshotSurface#0
04-15 15:00:04.345  3240  3240 D SurfaceFlinger:  FB TARGET | 786fe55b60 | 0000 | 0000 | 00 | 0105 | RGBA_8888   |    0.0,    0.0, 1440.0, 2960.0 |    0,    0, 1440, 2960 | HWC_FRAMEBUFFER_TARGET
04-15 15:00:04.347  4244 19907 D SystemServicesProxy: updateOverviewLastStackActiveTimeAsync: newTime=1523793356861
04-15 15:00:04.349  6859  6859 I AOD_CONFIG@AlwaysOnDisplay: REASON_DESKTOP_MODE_ENABLE_STATE_CHANGED: [false]
04-15 15:00:04.349  3777  5236 D SecContentProvider: query(), uri = 17 selection = isSettingsChangesAllowed
04-15 15:00:04.349  6859  6859 D AOD_CONFIG@AODConfigurationController: onFlipFontChanged - flipFont : 0
04-15 15:00:04.349  3777  4295 I ClientCertificateManager Service: fixContextInfoForMP() returning Caller uid: 5018 ,Container id: 0
04-15 15:00:04.349  3777  4295 I ClientCertificateManager Service: ClientCertificateManager.isPremiumContainer() : false for user : 0
04-15 15:00:04.354 18085 18085 D ActivityThread: Added TimaKeyStore provider
04-15 15:00:04.354 18063 18063 I app_process: System.exit called, status: 0
04-15 15:00:04.355 18063 18063 I AndroidRuntime: VM exiting with result code 0.
04-15 15:00:04.358  3777  4295 V WindowManager: Relayout Window{ad38765 u0 com.samsung.android.app.cocktailbarservice/com.samsung.android.app.cocktailbarservice.CocktailBarService}: viewVisibility=8 req=67x593 WM.LayoutParams{(0,806)(67x593) gr=#35 sim=#20 ty=2226 fl=#1800148 pfl=0x50 fmt=-2 vsysui=0x2000 colorMode=0 naviIconColor=0}
04-15 15:00:04.361  7040  7040 D ViewRootImpl@14d0d6d[CocktailBarService]: Relayout returned: old=[2893,806][2960,1399] new=[2893,806][2960,1399] result=0x1 surface={valid=false 0} changed=false
04-15 15:00:04.363  3777  5236 D SecContentProvider: called from android.uid.systemui:10008
04-15 15:00:04.364  4244  4244 D ViewRootImpl@2f2153a[AssistPreviewPanel]: setView = com.android.systemui.assist.AssistOrbContainer{866e5eb G.E...... ......I. 0,0-0,0} TM=true MM=false
04-15 15:00:04.364  5237  5593 D OpenGLRenderer: eglDestroySurface = 0x79e9760fd0
04-15 15:00:04.365  3777  3935 D MdnieScenarioControlService:  packageName : com.huuuge.stars.slots    className : com.huuuge.casino.BootActivity
04-15 15:00:04.365  3777  3935 V MdnieScenarioControlService: setUIMode from UI function(3)
04-15 15:00:04.366 27004 16606 I Icing   : doRemovePackageData com.huuuge.stars.slots
04-15 15:00:04.369 18034 18034 D AppsFlyer_4.8.6: Initializing AppsFlyer SDK: (v4.8.6.355)
04-15 15:00:04.369  3777  5229 V WindowManager: Relayout Window{e833920 u0 com.sec.android.app.launcher/com.sec.android.app.launcher.activities.LauncherActivity}: viewVisibility=8 req=1440x2960 WM.LayoutParams{(0,0)(fillxfill) sim=#130 ty=1 fl=#81910d00 pfl=0x20000 fmt=-2 wanim=0x10302ea vsysui=0x700 needsMenuKey=2 colorMode=0 dimDuration=387 naviIconColor=0}
04-15 15:00:04.369 18034 18034 I AppsFlyer_4.8.6: Starting AppsFlyer Tracking: (v4.8.6.355)
04-15 15:00:04.369 18034 18034 I AppsFlyer_4.8.6: Build Number: 355
04-15 15:00:04.369 18034 18034 D Device name: SM-G950F
04-15 15:00:04.371  3777  5236 D RestrictionPolicy: isSettingsChangesAllowedAsUser, userId 0 : true
04-15 15:00:04.371  3777  4295 I ActivityManager: DSS on for com.samsung.android.bixby.agent and scale is 1.0
04-15 15:00:04.373  5237  5237 D ViewRootImpl@fa9fd7b[LauncherActivity]: Relayout returned: old=[0,0][1440,2960] new=[0,0][1440,2960] result=0x5 surface={valid=false 0} changed=true
04-15 15:00:04.375  4244  4451 D SystemServicesProxy: updateOverviewLastStackActiveTimeAsync: done.
04-15 15:00:04.380  3777  3936 D AllAroundSensingService: packageName : com.huuuge.stars.slots    className : com.huuuge.casino.BootActivity
04-15 15:00:04.381  3777  3936 V AllAroundSensingService: setPlatformBrightnessValue 120
04-15 15:00:04.389  4244  4587 D NetworkController.MobileSignalController(0/1): getMobileIconGroup(): 13
04-15 15:00:04.392  3777  5236 W ActivityManager: Permission Denial: Accessing service ComponentInfo{com.google.android.music/com.google.android.music.dial.DialMediaRouteProviderService} from pid=17893, uid=10052 that is not exported from uid 10184
04-15 15:00:04.403 27780 27780 V Configuration:  needToUpdateOverlays
04-15 15:00:04.409  3777  7943 D PowerManagerService: [api] acquire WakeLock flags=0x1000000a tag=Claw uid=10082 pid=18034 ws=null pkg=com.huuuge.stars.slots
04-15 15:00:04.410 18034 18034 D com.huuuge.casino.BootActivity: files dir: /data/user/0/com.huuuge.stars.slots/files
04-15 15:00:04.412  3777  7943 W StorageManager: getStorageLowBytes lowPercent : 5, lowBytes : 2898018304, maxLowBytes : 524288000
04-15 15:00:04.413  3777  4295 W StorageManager: getStorageLowBytes lowPercent : 5, lowBytes : 2898018304, maxLowBytes : 524288000
04-15 15:00:04.415  3777  4295 W StorageManager: getStorageLowBytes lowPercent : 5, lowBytes : 2898018304, maxLowBytes : 524288000
04-15 15:00:04.415 18034 18034 D com.huuuge.casino.BootActivity: external dir: /storage/emulated/0/Android/data/com.huuuge.stars.slots/files/
04-15 15:00:04.416  4509 26679 D ForegroundUtils: could not check pending caller
04-15 15:00:04.421 18034 18034 D ClawActivity: Create input manager
04-15 15:00:04.422  4220  4220 V Configuration:  needToUpdateOverlays
04-15 15:00:04.422 30042 30042 E adbd    : recv: OPEN 00000034 00000000 00c1:73 68 65 6C 6C 2C 76 32 2C 72 61 77 3A 65 78 70 6F 72 74 20 43 4C 41 53 53 50 41 54 48 3D 2F 64 61 74 61 2F 61 70 70 2F 6A 70 2E 63 6F 2E 63 79 62 65 72 61 67 65 6E 74 2E 73 74 66 2E 72 6F 74 61 74 69 6F 6E 77 61 74 63 68 65 72 2D 4F 6D 72 78 6E 6D 7A 51 30 59 76 78 75 6A 4F 59 78 48 73 76 78 77 3D 3D 2F 62 61 73 65 2E 61 70 6B 3B 65 78 65 63 20 61 70 70 5F 70 72 6F 63 65 73 73 20 2F 73 79 73 74 65 6D 2F 62 69 6E 20 6A 70 2E 63 6F 2E 63 79 62 65 72 61 67 65 6E 74 2E 73 74 66 2E 72 6F 74 61 74 69 6F 6E 77 61 74 63 68 65 72 2E 52 6F 74 61 74 69 6F 6E 57 61 74 63 68 65 72 00 
04-15 15:00:04.422 30042 30042 E adbd    : service_to_fd: shell,v2,raw:export CLASSPATH=/data/app/jp.co.cyberagent.stf.rotationwatcher-OmrxnmzQ0YvxujOYxHsvxw==/base.apk;exec app_process /system/bin jp.co.cyberagent.stf.rotationwatcher.RotationWatcher
04-15 15:00:04.425  4220  4220 I chatty  : uid=10162(u0_a162) com.sec.android.inputmethod expire 28 lines
04-15 15:00:04.425  4220  4220 V Configuration:  needToUpdateOverlays
04-15 15:00:04.425 30042 30042 E adbd    : recv: OPEN 00000038 00000000 0028:73 68 65 6C 6C 2C 76 32 2C 72 61 77 3A 6C 73 20 2F 64 61 74 61 2F 6C 6F 63 61 6C 2F 74 6D 70 2F 6D 69 6E 69 63 61 70 00 
04-15 15:00:04.425  4220  4220 V Configuration:  needToUpdateOverlays
04-15 15:00:04.425 30042 30042 E adbd    : service_to_fd: shell,v2,raw:ls /data/local/tmp/minicap
04-15 15:00:04.425  4220  4220 V Configuration:  needToUpdateOverlays
04-15 15:00:04.425  4220  4220 I chatty  : uid=10162(u0_a162) com.sec.android.inputmethod identical 4 lines
04-15 15:00:04.425  4220  4220 V Configuration:  needToUpdateOverlays
04-15 15:00:04.432  4244  4244 D ViewRootImpl@5d52090[DockedStackDivider]: setView = com.android.systemui.stackdivider.DividerView{b0aed89 I.E...... ......I. 0,0-0,0} TM=true MM=false
04-15 15:00:04.434  4244  4244 D ViewRootImpl@2e21d17[DividerButtonsGroup]: dispatchDetachedFromWindow
04-15 15:00:04.434  4244  4244 D InputEventReceiver: channel '834d614 DividerButtonsGroup (client)' ~ Disposing input event receiver.
04-15 15:00:04.434  4244  4244 D InputEventReceiver: channel '834d614 DividerButtonsGroup (client)' ~NativeInputEventReceiver.
04-15 15:00:04.435  3777  4295 W AppOps  : Finishing op nesting under-run: uid 10008 pkg com.android.systemui code 70 time=0 duration=0 nesting=0
04-15 15:00:04.439  4220  4220 I SKBD    : SamsungKeypad onConfigurationChanged2
04-15 15:00:04.447 18034 18119 D GraphRequest: Warning: Request without access token missing application ID or client token.
04-15 15:00:04.447 18034 18116 D NetworkSecurityConfig: No Network Security Config specified, using platform default
04-15 15:00:04.456 18034 18116 I System.out: (HTTPLog)-Static: isSBSettingEnabled false
04-15 15:00:04.456 18034 18116 I System.out: (HTTPLog)-Static: isSBSettingEnabled false
04-15 15:00:04.457 18034 18119 I System.out: (HTTPLog)-Static: isSBSettingEnabled false
04-15 15:00:04.457 18034 18119 I System.out: (HTTPLog)-Static: isSBSettingEnabled false
04-15 15:00:04.459  4244  4244 D ViewRootImpl@87ba09f[DividerButtonsGroup]: setView = com.android.systemui.stackdivider.DividerButtonsGroup{18e05ec I.E...... ......I. 0,0-0,0} TM=true MM=false
04-15 15:00:04.459  4244  4244 D ImageWallpaper: engine visible:false
04-15 15:00:04.459  4244  4244 D ImageWallpaper: onConfigurationChanged:2
04-15 15:00:04.461  4244  4244 D ImageWallpaper: deviceWidth=2960 deviceHeight=1440 displayWidth=2960 displayHeight=1440 backgroundWidth=1443 backgroundHeight=2960 surfaceWidth=2960 surfaceHeight=2960 tiltEnabled=false lastRequestedWidth=2960 lastRequestedHeight=2960
04-15 15:00:04.461  3407  3624 D DnsProxyListener: DNSDBG::dns addrinfo af 2
04-15 15:00:04.461  4244  4244 D ViewRootImpl@fa174b3[NavigationBar]: MSG_RESIZED_REPORT: frame=Rect(2768, 0 - 2960, 1440) ci=Rect(0, 0 - 0, 0) vi=Rect(0, 0 - 0, 0) or=2
04-15 15:00:04.462  3407  3624 D DnsProxyListener: DNSDBG::dns addrinfo af 2
04-15 15:00:04.464 18034 18116 D TcpOptimizer: TcpOptimizer-ON
04-15 15:00:04.474  4244  4244 D ViewRootImpl@491ce19[NavBarTouchConsumer]: MSG_RESIZED_REPORT: frame=Rect(0, 1417 - 2960, 1440) ci=Rect(0, 0 - 0, 0) vi=Rect(0, 0 - 192, 0) or=2
04-15 15:00:04.476  4244  4244 D ViewRootImpl@71387d0[StatusBar]: MSG_RESIZED_REPORT: frame=Rect(0, 0 - 2960, 96) ci=Rect(0, 0 - 192, 0) vi=Rect(0, 0 - 192, 0) or=2
04-15 15:00:04.479 30042 30042 E adbd    : recv: OPEN 0000003c 00000000 002b:73 68 65 6C 6C 2C 76 32 2C 72 61 77 3A 6C 73 20 2F 64 61 74 61 2F 6C 6F 63 61 6C 2F 74 6D 70 2F 6D 69 6E 69 63 61 70 2E 73 6F 00 
04-15 15:00:04.479 30042 30042 E adbd    : service_to_fd: shell,v2,raw:ls /data/local/tmp/minicap.so
04-15 15:00:04.480  4244  4244 D MetadataParser: onConfigurationChanged()
04-15 15:00:04.488  3777  3787 D SecContentProvider: query(), uri = 17 selection = isSettingsChangesAllowed
04-15 15:00:04.494  3777  3787 D SecContentProvider: called from android.uid.systemui:10008
04-15 15:00:04.494  3777  3787 D RestrictionPolicy: isSettingsChangesAllowedAsUser, userId 0 : true
04-15 15:00:04.499  3777  3787 D SecContentProvider: query(), uri = 17 selection = isSettingsChangesAllowed
04-15 15:00:04.502  3777  3787 D SecContentProvider: called from android.uid.systemui:10008
04-15 15:00:04.503 27004 27004 W CastMediaRouteProvider: Not a Cast compatible category: MDX_MEDIA_ROUTE_CONTROL_CATEGORY
04-15 15:00:04.503  3777  3787 D RestrictionPolicy: isSettingsChangesAllowedAsUser, userId 0 : true
04-15 15:00:04.503 27004 27004 W CastMediaRouteProvider: Not a Cast compatible category: android.media.intent.category.LIVE_AUDIO
04-15 15:00:04.505 27004 27004 W DiscoveryManager: BroadcastReceiver is already registered
04-15 15:00:04.506 27004 16606 I DiscoveryManager: Filter criteria(805741C9,233637DE) scannerFlags(2)
04-15 15:00:04.506  3777  3787 D ConnectivityService: filterNetworkStateForUid() uid: 10026 networkInfo: [type: WIFI[] - WIFI, state: CONNECTED/CONNECTED, reason: (unspecified), extra: "WLAN-B4G0MB", failover: false, available: true, roaming: false, metered: false]
04-15 15:00:04.511  3777  4295 D SecContentProvider: query(), uri = 17 selection = isSettingsChangesAllowed
04-15 15:00:04.512  3777  3787 W StorageManager: getStorageLowBytes lowPercent : 5, lowBytes : 2898018304, maxLowBytes : 524288000
04-15 15:00:04.512  3777  4295 D SecContentProvider: called from android.uid.systemui:10008
04-15 15:00:04.512  3777  4295 D RestrictionPolicy: isSettingsChangesAllowedAsUser, userId 0 : true
04-15 15:00:04.516  3777  3787 D ConnectivityService: filterNetworkStateForUid() uid: 10113 networkInfo: [type: WIFI[] - WIFI, state: CONNECTED/CONNECTED, reason: (unspecified), extra: "WLAN-B4G0MB", failover: false, available: true, roaming: false, metered: false]
04-15 15:00:04.518  3777  4295 W StorageManager: getStorageLowBytes lowPercent : 5, lowBytes : 2898018304, maxLowBytes : 524288000
04-15 15:00:04.525  4244  4244 D KeyguardUpdateMonitor: received broadcast android.intent.action.CONFIGURATION_CHANGED
04-15 15:00:04.534  4244  4244 D WallpaperService: updateSurface forceRelayout=true redrawNeeded=false myWidth=2960 myHeight=2960 fixedSize=true x = 0 y = 0 mWidth=1443 mHeight=2960 mIsSleepMode=false
04-15 15:00:04.539 30042 30042 E adbd    : recv: OPEN 00000040 00000000 004d:73 68 65 6C 6C 2C 76 32 2C 72 61 77 3A 4C 44 5F 4C 49 42 52 41 52 59 5F 50 41 54 48 3D 2F 64 61 74 61 2F 6C 6F 63 61 6C 2F 74 6D 70 20 2F 64 61 74 61 2F 6C 6F 63 61 6C 2F 74 6D 70 2F 6D 69 6E 69 63 61 70 20 2D 76 20 32 3E 26 31 00 
04-15 15:00:04.539 30042 30042 E adbd    : service_to_fd: shell,v2,raw:LD_LIBRARY_PATH=/data/local/tmp /data/local/tmp/minicap -v 2>&1
04-15 15:00:04.541  3777 21596 V WindowManager: Relayout Window{9b4dffa u0 com.android.systemui.ImageWallpaper}: viewVisibility=0 req=2960x2960 WM.LayoutParams{(0,0)(2960x2960) gr=#800033 ty=2013 fl=#10318 fmt=2 wanim=0x103030e colorMode=0 naviIconColor=0}
04-15 15:00:04.542  4220  4220 I SKBD    : SamsungKeypad [IMI] onStartInput - caller pid : 5237, caller uid : 10081
04-15 15:00:04.549  3777  3787 D ConnectivityService: filterNetworkStateForUid() uid: 10113 networkInfo: [type: WIFI[] - WIFI, state: CONNECTED/CONNECTED, reason: (unspecified), extra: "WLAN-B4G0MB", failover: false, available: true, roaming: false, metered: false]
04-15 15:00:04.551  3777  3787 D ConnectivityService: filterNetworkStateForUid() uid: 10113 networkInfo: [type: WIFI[] - WIFI, state: CONNECTED/CONNECTED, reason: (unspecified), extra: "WLAN-B4G0MB", failover: false, available: true, roaming: false, metered: false]
04-15 15:00:04.556  4244  4244 D ImageWallpaper: onSurfaceChanged: width=2960, height=2960
04-15 15:00:04.556  4244  4244 D ImageWallpaper: newRotation : 1,mLastRotation : 1
04-15 15:00:04.556  4244  4244 D ImageWallpaper: drawFrame:[frame.width()]2960[frame.height()]2960
04-15 15:00:04.556  4244  4244 D ImageWallpaper: surfaceDimensionsChanged=true mDisplayWidth=2960 mDisplayHeight=1440
04-15 15:00:04.556  4244  4244 D ImageWallpaper: mNewKeyboard : 0 mLastKeyboard : 0 mForceDraw = false
04-15 15:00:04.556  4244  4244 D ImageWallpaper: redrawNeeded = true, mOffsetsChanged = false
04-15 15:00:04.556  4244  4244 D ImageWallpaper: mScale=2.0512822 availw=0 availh=-3111 xPixels= 0 yPixels= -1555
04-15 15:00:04.556  4244  4244 D ImageWallpaper: availwUnscaled=1517  availhUnscaled=0 xPixels= 0 yPixels= -1555
04-15 15:00:04.556  4244  4244 D ImageWallpaper: mLastSurfaceWidth:2960 mLastSurfaceHeight:2960
04-15 15:00:04.556  4244  4244 D ImageWallpaper: Redrawing wallpaper
04-15 15:00:04.561  4244  4244 D mali_winsys: EGLint new_window_surface(egl_winsys_display *, void *, EGLSurface, EGLConfig, egl_winsys_surface **, egl_color_buffer_format *, EGLBoolean) returns 0x3000,  [2960x2960]-format:2
04-15 15:00:04.561  4244  4244 D ImageWallpaper: drawWallpaperWithOpenGL() w=0 h=-3111 left=0 top=-1555
04-15 15:00:04.561  4244  4244 D ImageWallpaper: drawWallpaperWithOpenGL frame.width()=2960 frame.height=2960 bitmapWidth=1443 bitmapHeight=2960
04-15 15:00:04.561  4244  4244 D ImageWallpaper: drawWallpaperWithOpenGL  mOrthoWidth : 2960 mOrthoHeight : 2960
04-15 15:00:04.561  4244  4244 D ImageWallpaper: drawWallpaperWithOpenGL  mVpWidth : 2960 mVpHeight : 2960
04-15 15:00:04.561  4244  4244 D ImageWallpaper: drawWallpaperWithOpenGL  vp_x : 0 vp_y : 0
04-15 15:00:04.569  3777  4295 V WindowManager: Relayout Window{6ecdd77 u0 InputMethod}: viewVisibility=8 req=2960x192 WM.LayoutParams{(0,0)(fillxwrap) gr=#50 sim=#20 ty=2011 fl=#800108 pfl=0x1000000 fmt=-2 wanim=0x7f0e00e1 vsysui=0x310 needsMenuKey=2 colorMode=0 naviIconColor=0 sfl=0x800}
04-15 15:00:04.571  3777  3787 I ClientCertificateManager Service: fixContextInfoForMP() returning Caller uid: 10082 ,Container id: 0
04-15 15:00:04.571  3777  3787 I ClientCertificateManager Service: fixContextInfoForMP() returning Caller uid: 10082 ,Container id: 0
04-15 15:00:04.571  3777  3787 I ClientCertificateManager Service: ClientCertificateManager.isPremiumContainer() : false for user : 0
04-15 15:00:04.580  4220  4220 D ViewRootImpl@9d96424[InputMethod]: Relayout returned: old=[0,896][1440,2960] new=[0,896][1440,2960] result=0x1 surface={valid=false 0} changed=false
04-15 15:00:04.591 18085 18085 W zygote64: Suspending all threads took: 16.962ms
04-15 15:00:04.592 27004 27004 D QueuedWork: waited: [<1: 0, <2: 841, <4: 33, <8: 89, <16: 49, <32: 9, <64: 3, <128: 0, <256: 0, <512: 0, <1024: 0, <2048: 0, <4096: 0, <8192: 0, <16384: 0, >=16384: 0]
04-15 15:00:04.597  3777  4295 D ConnectivityService: filterNetworkStateForUid() uid: 10113 networkInfo: [type: WIFI[] - WIFI, state: CONNECTED/CONNECTED, reason: (unspecified), extra: "WLAN-B4G0MB", failover: false, available: true, roaming: false, metered: false]
04-15 15:00:04.615  3777  4295 W StorageManager: getStorageLowBytes lowPercent : 5, lowBytes : 2898018304, maxLowBytes : 524288000
04-15 15:00:04.621 17723 17748 I zygote64: Waiting for a blocking GC ProfileSaver
04-15 15:00:04.625  3407  3624 D DnsProxyListener: DNSDBG::dns addrinfo af 2
04-15 15:00:04.626 17876 18131 D TcpOptimizer: TcpOptimizer-ON
04-15 15:00:04.631  3407  3624 D DnsProxyListener: DNSDBG::dns addrinfo af 2
04-15 15:00:04.632  4244  4244 D ImageWallpaper: onSurfaceRedrawNeeded
04-15 15:00:04.634  4244  4244 D ImageWallpaper: newRotation : 1,mLastRotation : 1
04-15 15:00:04.634  3407  3624 D DnsProxyListener: DNSDBG::dns addrinfo af 2
04-15 15:00:04.634  4244  4244 D ImageWallpaper: drawFrame:[frame.width()]2960[frame.height()]2960
04-15 15:00:04.634  4244  4244 D ImageWallpaper: surfaceDimensionsChanged=false mDisplayWidth=2960 mDisplayHeight=1440
04-15 15:00:04.634  4244  4244 D ImageWallpaper: mNewKeyboard : 0 mLastKeyboard : 0 mForceDraw = false
04-15 15:00:04.634  4244  4244 D ImageWallpaper: redrawNeeded = false, mOffsetsChanged = false
04-15 15:00:04.634  4244  4244 D ImageWallpaper: Suppressed drawFrame since redraw is not needed and offsets have not changed.
04-15 15:00:04.634  4244  4244 D ImageWallpaper: onVisibilityChanged: mVisible, visible=false, false
04-15 15:00:04.634  4244  4244 D WallpaperService: updateSurface onVisibilityChanged visible: false
04-15 15:00:04.634  4244  4244 D WallpaperService: updateSurface : finish redrawing
04-15 15:00:04.637  3407  3624 D DnsProxyListener: DNSDBG::dns addrinfo af 2
04-15 15:00:04.639  4244  4244 I Choreographer: Skipped 39 frames!  The application may be doing too much work on its main thread.
04-15 15:00:04.642  3777  4295 V WindowManager: Relayout Window{7b695a6 u0 NavigationBar}: viewVisibility=0 req=192x1440 WM.LayoutParams{(0,0)(fillxfill) sim=#20 ty=2019 fl=#21840068 fmt=-3 colorMode=0 naviIconColor=0}
04-15 15:00:04.644 17876 17876 D SoLoader: About to merge: rewritenativeplugin / libcoldstart.so
04-15 15:00:04.650 17876 17876 D SoLoader: About to merge: tigonapi / libcoldstart.so
04-15 15:00:04.650 17876 17876 V tigonliger: tigonapi/JNI_OnLoad called
04-15 15:00:04.655 17876 17876 V SplashScreenApplication: ceding control to main thread
04-15 15:00:04.656  4244  4244 D ViewRootImpl@fa174b3[NavigationBar]: Relayout returned: old=[2768,0][2960,1440] new=[2768,0][2960,1440] result=0x23 surface={valid=true 522605608960} changed=false
04-15 15:00:04.661  4244  4244 D SecNavigationBarView: setNavigationIconHints showImeButton : false
04-15 15:00:04.662  4244  4244 D SecNavigationBarView: updateImmersivePinIcon() isImmersiveMode=true
04-15 15:00:04.663  4244  4616 D OpenGLRenderer: eglDestroySurface = 0x79d7ebd9f0
04-15 15:00:04.665  4244  4616 D mali_winsys: EGLint new_window_surface(egl_winsys_display *, void *, EGLSurface, EGLConfig, egl_winsys_surface **, egl_color_buffer_format *, EGLBoolean) returns 0x3000,  [192x1440]-format:1
04-15 15:00:04.665  4244  4616 D OpenGLRenderer: eglCreateWindowSurface = 0x79d7ebd9f0
04-15 15:00:04.675  3777 15675 V WindowManager: finishDrawingLocked: mDrawState=COMMIT_DRAW_PENDING Window{7b695a6 u0 NavigationBar} in Surface(name=NavigationBar)
04-15 15:00:04.679  3777  4295 V WindowManager: Relayout Window{cfd6e07 u0 NavBarTouchConsumer}: viewVisibility=0 req=23x23 WM.LayoutParams{(0,0)(23xfill) gr=#5 sim=#20 ty=2273 fl=#1080108 fmt=-3 alpha=0.0 colorMode=0 naviIconColor=0 sfl=0x20000}
04-15 15:00:04.687 18085 18155 I vndksupport: sphal namespace is not configured for this process. Loading /vendor/lib64/egl/libGLES_mali.so from the current namespace instead.
04-15 15:00:04.693  4244  4244 D ViewRootImpl@491ce19[NavBarTouchConsumer]: Relayout returned: old=[0,1417][2960,1440] new=[2937,0][2960,1440] result=0x23 surface={valid=true 523337375744} changed=false
04-15 15:00:04.694 17693 17707 I zygote64: WaitForGcToComplete blocked for 666.710ms for cause ProfileSaver
04-15 15:00:04.695  4244  4616 D OpenGLRenderer: eglDestroySurface = 0x79cc2f96e0
04-15 15:00:04.697  4244  4616 D mali_winsys: EGLint new_window_surface(egl_winsys_display *, void *, EGLSurface, EGLConfig, egl_winsys_surface **, egl_color_buffer_format *, EGLBoolean) returns 0x3000,  [23x1440]-format:1
04-15 15:00:04.697  4244  4616 D OpenGLRenderer: eglCreateWindowSurface = 0x79cc2f96e0
04-15 15:00:04.699 30042 30042 E adbd    : recv: OPEN 00000046 00000000 001d:73 68 65 6C 6C 2C 76 32 2C 72 61 77 3A 64 75 6D 70 73 79 73 20 64 69 73 70 6C 61 79 00 
04-15 15:00:04.700 30042 30042 E adbd    : service_to_fd: shell,v2,raw:dumpsys display
04-15 15:00:04.703 18085 18085 D BixbyEm-1.0.00-107: ExecutorManagerPackageReceiver onReceive
04-15 15:00:04.706  3777  4295 D StorageManagerService: getExternalStorageMountMode : 1
04-15 15:00:04.706  3777  4295 D StorageManagerService: getExternalStorageMountMode : 3
04-15 15:00:04.706  3777  4295 D StorageManagerService: getExternalStorageMountMode : final mountMode=1, uid : 1000, packageName : com.samsung.android.bixby.wakeup
04-15 15:00:04.706  3777  4295 I ApplicationPolicy: isApplicationExternalStorageWhitelisted:com.samsung.android.bixby.wakeup user:0
04-15 15:00:04.706  3777  4295 D ApplicationPolicy: isApplicationExternalStorageWhitelisted: DO is not enabled on user 0. Allowed.
04-15 15:00:04.706  3777  4295 D ActivityManager: package  com.samsung.android.bixby.wakeup, user - 0 is SDcard whitelisted
04-15 15:00:04.706  3777  4295 I ApplicationPolicy: isApplicationExternalStorageBlacklisted:com.samsung.android.bixby.wakeup user:0
04-15 15:00:04.706  3777  4295 D ApplicationPolicy: isApplicationExternalStorageBlacklisted: DO is not enabled on user 0. Allowed.
04-15 15:00:04.706  3777  7943 V WindowManager: finishDrawingLocked: mDrawState=COMMIT_DRAW_PENDING Window{cfd6e07 u0 NavBarTouchConsumer} in Surface(name=NavBarTouchConsumer)
04-15 15:00:04.707  4244  4244 D ViewRootImpl@2f2153a[AssistPreviewPanel]: dispatchAttachedToWindow
04-15 15:00:04.712  3777 15675 V WindowManager: Relayout Window{b429901 u0 AssistPreviewPanel}: viewVisibility=8 req=2768x1000 WM.LayoutParams{(0,0)(fillx1000) gr=#800053 sim=#31 ty=2033 fl=#1000118 fmt=-3 vsysui=0x700 colorMode=0 naviIconColor=0}
04-15 15:00:04.724  4244  4244 D ViewRootImpl@2f2153a[AssistPreviewPanel]: Relayout returned: old=[0,0][0,0] new=[0,1440][2960,1440] result=0x1 surface={valid=false 0} changed=false
04-15 15:00:04.730 18159 18159 E Zygote  : isWhitelistProcess - Process is Whitelisted
04-15 15:00:04.732 18159 18159 W SELinux : SELinux selinux_android_compute_policy_index : Policy Index[2],  Con:u:r:zygote:s0 RAM:SEPF_SM-G950F_8.0.0_0002, [-1 -1 -1 -1 0 1]
04-15 15:00:04.732 18159 18159 I SELinux : SELinux: seapp_context_lookup: seinfo=platform, pkgname=com.samsung.android.bixby.wakeup 
04-15 15:00:04.746  3777  7943 V WifiDisplayAdapter: getWifiDisplayStatusLocked: result=WifiDisplayStatus{featureState=2, scanState=0, activeDisplayState=0, activeDisplay=null, displays=[], sessionInfo=WifiDisplaySessionInfo: Client/Owner: Client GroupId:  Passphrase:  SessionId: 0 IP Address: , connectedState=-1}
04-15 15:00:04.746 17723 17748 I zygote64: WaitForGcToComplete blocked for 124.924ms for cause ProfileSaver
04-15 15:00:04.764  3777 15675 I ClientCertificateManager Service: fixContextInfoForMP() returning Caller uid: 1000 ,Container id: 0
04-15 15:00:04.767 18085 18155 D libEGL  : loaded /vendor/lib64/egl/libGLES_mali.so
04-15 15:00:04.769  3777  7943 I ClientCertificateManager Service: fixContextInfoForMP() returning Caller uid: 1000 ,Container id: 0
04-15 15:00:04.770 18159 18159 D ActivityThread: Added TimaKeyStore provider
04-15 15:00:04.780  3777 15675 V WindowManager: Relayout Window{a00c62d u0 StatusBar}: viewVisibility=0 req=2960x96 WM.LayoutParams{(0,0)(fillx96) gr=#30 sim=#10 ty=2000 fl=#81840048 fmt=-3 vsysui=0x600 colorMode=0 naviIconColor=0}
04-15 15:00:04.793 17754 17773 I zygote64: Waiting for a blocking GC ProfileSaver
04-15 15:00:04.806  4244  4244 D ViewRootImpl@71387d0[StatusBar]: Relayout returned: old=[0,0][2960,96] new=[0,0][2960,96] result=0x23 surface={valid=true 523548729344} changed=false
04-15 15:00:04.810 17661 17674 I zygote  : WaitForGcToComplete blocked for 1.390s for cause ProfileSaver
04-15 15:00:04.814  4244  4616 D OpenGLRenderer: eglDestroySurface = 0x79e7094f10
04-15 15:00:04.816  4244  4616 D mali_winsys: EGLint new_window_surface(egl_winsys_display *, void *, EGLSurface, EGLConfig, egl_winsys_surface **, egl_color_buffer_format *, EGLBoolean) returns 0x3000,  [2960x96]-format:1
04-15 15:00:04.816  4244  4616 D OpenGLRenderer: eglCreateWindowSurface = 0x79e7094f10
04-15 15:00:04.820  4244  4244 D ScrollView:  onsize change changed 
04-15 15:00:04.821 17754 17773 I zygote64: WaitForGcToComplete blocked for 28.664ms for cause ProfileSaver
04-15 15:00:04.824 18112 18112 W ADebug  : Failed to get property persist.sys.media.traces
04-15 15:00:04.827 18112 18112 E appproc : Enhanced Zygote ASLR: ro.knox.enhance.zygote.aslr != 1. Enhanced Zygote ASLR is DISABLED!
04-15 15:00:04.827 18112 18112 D AndroidRuntime: >>>>>> START com.android.internal.os.RuntimeInit uid 2000 <<<<<<
04-15 15:00:04.845  3777  4295 W ActivityManager: Slow operation: 139ms so far, now at startProcess: returned from zygote!
04-15 15:00:04.845  3777  4295 W ActivityManager: Slow operation: 139ms so far, now at startProcess: done updating battery stats
04-15 15:00:04.845  3777  4295 W ActivityManager: Slow operation: 140ms so far, now at startProcess: building log message
04-15 15:00:04.845  3777  4295 I ActivityManager: Start proc 18159:com.samsung.android.bixby.wakeup/1000 for broadcast com.samsung.android.bixby.wakeup/com.samsung.android.voicewakeup.BixbyEventReceiver
04-15 15:00:04.845  3777  4295 W ActivityManager: Slow operation: 140ms so far, now at startProcess: starting to update pids map
04-15 15:00:04.845  3777  4295 W ActivityManager: Slow operation: 140ms so far, now at startProcess: done updating pids map
04-15 15:00:04.846  3777  4295 W ActivityManager: Slow operation: 140ms so far, now at startProcess: done starting proc!
04-15 15:00:04.848  3777  7943 I ActivityManager: DSS on for com.samsung.android.bixby.wakeup and scale is 1.0
04-15 15:00:04.850 17723 17744 D LanguageSettingsProvider: :Ph::query content://com.samsung.android.bixby.agent.settings/bixby_voice_isenable
04-15 15:00:04.850 17723 17744 D PreferenceObserver: :Ph::registerListener()
04-15 15:00:04.851 17723 17744 V LanguageSettingsProvider: :Ph::getBixbyEnabled()
04-15 15:00:04.876  3777 18569 V WindowManager: finishDrawingLocked: mDrawState=COMMIT_DRAW_PENDING Window{a00c62d u0 StatusBar} in Surface(name=StatusBar)
04-15 15:00:04.876  4244  4244 D ViewRootImpl@5d52090[DockedStackDivider]: dispatchAttachedToWindow
04-15 15:00:04.878  3777  7943 I ActivityManager: KPU : put [com.sec.android.provider.badge] : 8440 K
04-15 15:00:04.879  3777  7943 I ActivityManager: Killing 17156:com.sec.android.provider.badge/u0a4 (adj 906): DHA:empty #25
04-15 15:00:04.885  3777 18569 V WindowManager: Relayout Window{aa7ff2c u0 DockedStackDivider}: viewVisibility=4 req=192x1344 WM.LayoutParams{(0,0)(192xfill) sim=#20 ty=2034 fl=#21840028 pfl=0x40 fmt=-3 vsysui=0x700 colorMode=0 naviIconColor=0}
04-15 15:00:04.885 17723 17744 D LanguageSettingsProvider: :Ph::current user : 0
04-15 15:00:04.897  3777  3787 W StorageManager: getStorageLowBytes lowPercent : 5, lowBytes : 2898018304, maxLowBytes : 524288000
04-15 15:00:04.898 18000 18182 I GAv4    : Google Analytics 11.9.10 is starting up. To enable debug logging on a device run:
04-15 15:00:04.898 18000 18182 I GAv4    :   adb shell setprop log.tag.GAv4 DEBUG
04-15 15:00:04.898 18000 18182 I GAv4    :   adb logcat -s GAv4
04-15 15:00:04.900  4244  4244 D ViewRootImpl@5d52090[DockedStackDivider]: Relayout returned: old=[0,0][0,0] new=[0,0][0,0] result=0x1 surface={valid=false 0} changed=false
04-15 15:00:04.903 30042 30042 E adbd    : recv: OPEN 0000004a 00000000 001c:73 68 65 6C 6C 2C 76 32 2C 72 61 77 3A 64 75 6D 70 73 79 73 20 77 69 6E 64 6F 77 00 
04-15 15:00:04.904 30042 30042 E adbd    : service_to_fd: shell,v2,raw:dumpsys window
04-15 15:00:04.904 18085 18085 E BixbyEm-1.0.00-107: Is Bixby Service available:true
04-15 15:00:04.905 18085 18085 V BixbyEm-1.0.00-107: PackageBR action: android.intent.action.PACKAGE_DATA_CLEARED
04-15 15:00:04.905 18085 18085 V BixbyEm-1.0.00-107: PackageBR data: package:com.huuuge.stars.slots
04-15 15:00:04.913  4244  4244 D ViewRootImpl@87ba09f[DividerButtonsGroup]: dispatchAttachedToWindow
04-15 15:00:04.915  3777 18569 V WindowManager: Relayout Window{622c471 u0 DividerButtonsGroup}: viewVisibility=4 req=200x700 WM.LayoutParams{(0,0)(200x700) sim=#20 ty=2302 fl=#1040020 fmt=-3 vsysui=0x700 surfaceInsets=Rect(48, 48 - 48, 48) colorMode=0 naviIconColor=0}
04-15 15:00:04.919  4244  4244 D ViewRootImpl@87ba09f[DividerButtonsGroup]: Relayout returned: old=[0,0][0,0] new=[0,0][0,0] result=0x1 surface={valid=false 0} changed=false
04-15 15:00:04.921  4244  4244 V Bar.QuickConnectBar: intent receive
04-15 15:00:04.922  4244  4244 D Bar.QuickConnectBar: collapsed =null,  expanded =null
04-15 15:00:04.922  4244  4244 D ViewRootImpl@d5fdc27[AssistPreviewPanel]: dispatchDetachedFromWindow
04-15 15:00:04.922  4244  4244 D InputEventReceiver: channel '6b27e8b AssistPreviewPanel (client)' ~ Disposing input event receiver.
04-15 15:00:04.922  4244  4244 D InputEventReceiver: channel '6b27e8b AssistPreviewPanel (client)' ~NativeInputEventReceiver.
04-15 15:00:04.926  3777  3787 W AppOps  : Finishing op nesting under-run: uid 10008 pkg com.android.systemui code 70 time=0 duration=0 nesting=0
04-15 15:00:04.934  3376  3376 E audit   : type=1400 audit(1523797204.928:9818): avc:  denied  { write } for  pid=18159 comm="id.bixby.wakeup" name="com.samsung.android.bixby.wakeup-3xABlIgXrAbch5uRyXxezQ==" dev="dm-1" ino=133087 scontext=u:r:system_app:s0 tcontext=u:object_r:apk_data_file:s0 tclass=dir permissive=0 SEPF_SM-G950F_8.0.0_0002 audit_filtered
04-15 15:00:04.935  3376  3376 E audit   : type=1300 audit(1523797204.928:9818): arch=c00000b7 syscall=48 success=no exit=-13 a0=ffffff9c a1=7a076407b0 a2=2 a3=0 items=0 ppid=3393 pid=18159 auid=4294967295 uid=1000 gid=1000 euid=1000 suid=1000 fsuid=1000 egid=1000 sgid=1000 fsgid=1000 tty=(none) ses=4294967295 comm="id.bixby.wakeup" exe="/system/bin/app_process64" subj=u:r:system_app:s0 key=(null)
04-15 15:00:04.935  3376  3376 E audit   : type=1327 audit(1523797204.928:9818): proctitle="com.samsung.android.bixby.wakeup"
04-15 15:00:04.935  3376  3376 E audit   : type=1400 audit(1523797204.928:9819): avc:  denied  { write } for  pid=18159 comm="id.bixby.wakeup" name="com.samsung.android.bixby.wakeup-3xABlIgXrAbch5uRyXxezQ==" dev="dm-1" ino=133087 scontext=u:r:system_app:s0 tcontext=u:object_r:apk_data_file:s0 tclass=dir permissive=0 SEPF_SM-G950F_8.0.0_0002 audit_filtered
04-15 15:00:04.935  3376  3376 E audit   : type=1300 audit(1523797204.928:9819): arch=c00000b7 syscall=56 success=no exit=-13 a0=ffffff9c a1=7a076d36c0 a2=42 a3=1b6 items=0 ppid=3393 pid=18159 auid=4294967295 uid=1000 gid=1000 euid=1000 suid=1000 fsuid=1000 egid=1000 sgid=1000 fsgid=1000 tty=(none) ses=4294967295 comm="id.bixby.wakeup" exe="/system/bin/app_process64" subj=u:r:system_app:s0 key=(null)
04-15 15:00:04.935  3376  3376 E audit   : type=1327 audit(1523797204.928:9819): proctitle="com.samsung.android.bixby.wakeup"
04-15 15:00:04.940  3777  3787 D SamsungAlarmManager: Cancel Alarm calling from uid:10185 pid :18000 / op:PendingIntent{54490a9: PendingIntentRecord{dfb462e com.google.android.apps.docs broadcastIntent}}
04-15 15:00:04.941  4244  4244 D SecNavigationBarView: setNavigationIconHints showImeButton : false
04-15 15:00:04.941  4244  4244 D SecNavigationBarView: updateImmersivePinIcon() isImmersiveMode=true
04-15 15:00:04.941 18000 18000 W FieldDefinition: Ignoring isIndexed constraint as field also has uniqueness constraint (on just this field, and therefore SQLite will have to create an index on that. For field: com.google.android.apps.docs.database.common.FieldDefinition$a@d9953c1
04-15 15:00:04.948  4244  4244 D ViewRootImpl@70054be[DockedStackDivider]: dispatchDetachedFromWindow
04-15 15:00:04.949  4244  4244 D InputEventReceiver: channel '204b426 DockedStackDivider (client)' ~ Disposing input event receiver.
04-15 15:00:04.949  4244  4244 D InputEventReceiver: channel '204b426 DockedStackDivider (client)' ~NativeInputEventReceiver.
04-15 15:00:04.951  3777 21596 W AppOps  : Finishing op nesting under-run: uid 10008 pkg com.android.systemui code 70 time=0 duration=0 nesting=0
04-15 15:00:04.966  4244  4587 D Tile.WifiTile: handleUpdateState enabledChanging
04-15 15:00:04.967  4244  4732 V SystemUIAnalytics: SAPreference : 1104 / 1
04-15 15:00:04.970  4244  4732 V SystemUIAnalytics: SAPreference : 1105 / 1
04-15 15:00:04.970  4244  4587 D Tile.BluetoothTile: handleUpdateState enabled = true connected = false bluetoothState = 12
04-15 15:00:04.971  4244  4244 D KeyguardUpdateMonitor: handleConfigurationChanged
04-15 15:00:04.972  4244  4244 D ViewRootImpl@fa174b3[NavigationBar]: MSG_RESIZED_REPORT: frame=Rect(2768, 0 - 2960, 1440) ci=Rect(0, 0 - 0, 0) vi=Rect(0, 0 - 0, 0) or=2
04-15 15:00:04.974  3777  4295 V WindowManager: Relayout Window{7b695a6 u0 NavigationBar}: viewVisibility=0 req=192x1440 WM.LayoutParams{(0,0)(fillxfill) sim=#20 ty=2019 fl=#21840068 fmt=-3 colorMode=0 naviIconColor=0}
04-15 15:00:04.979 18034 18034 I com.huuuge.casino.BootActivity: initializing ER crash reporting
04-15 15:00:04.981  4244  4587 D Tile.RotationLockTile:  handleUpdateState: true orientation = true
04-15 15:00:04.982 18112 18112 E SemAffinityControl: SemAffinityControl: registerfunction enter
04-15 15:00:04.984 18000 18189 W GAv4    : CampaignTrackingReceiver is not registered, not exported or is disabled. Installation campaign tracking is not possible. See http://goo.gl/8Rd3yj for instructions.
04-15 15:00:04.987 18112 18112 D AndroidRuntime: Calling main entry jp.co.cyberagent.stf.rotationwatcher.RotationWatcher
04-15 15:00:04.988  4244  4244 D ViewRootImpl@fa174b3[NavigationBar]: Relayout returned: old=[2768,0][2960,1440] new=[2768,0][2960,1440] result=0x1 surface={valid=true 522605608960} changed=false
04-15 15:00:04.991 30042 30042 E adbd    : recv: OPEN 0000004e 00000000 0024:73 68 65 6C 6C 2C 76 32 2C 72 61 77 3A 64 75 6D 70 73 79 73 20 53 75 72 66 61 63 65 46 6C 69 6E 67 65 72 00 
04-15 15:00:04.991 30042 30042 E adbd    : service_to_fd: shell,v2,raw:dumpsys SurfaceFlinger
04-15 15:00:04.997  4244  4587 D FlashlightController: updateTorchCallback for mCameraId 0
04-15 15:00:04.997  4244  4732 V SystemUIAnalytics: SAPreference : 1108 / 0
04-15 15:00:05.005  4244  4244 D ViewRootImpl@491ce19[NavBarTouchConsumer]: MSG_RESIZED_REPORT: frame=Rect(2937, 0 - 2960, 1440) ci=Rect(0, 0 - 0, 0) vi=Rect(0, 96 - 192, 0) or=2
04-15 15:00:05.005  4244  4244 D ViewRootImpl@71387d0[StatusBar]: MSG_RESIZED_REPORT: frame=Rect(0, 0 - 2960, 96) ci=Rect(0, 0 - 192, 0) vi=Rect(0, 0 - 192, 0) or=2
04-15 15:00:05.006  4244  4244 D KeyguardUpdateMonitor: handleStatusBarState( false )
04-15 15:00:05.010  4244  4587 D Tile.AirplaneModeTile: # of NON-poweroff( in servicestate) : 1
04-15 15:00:05.010  4244  4587 D Tile.AirplaneModeTile:  handleUpdateState:  value false  state.dim false
04-15 15:00:05.014  4244  4732 V SystemUIAnalytics: SAPreference : 2014 / 0
