04-18 14:01:26.389  5229  5509 D ClawActivityCommon: Checking for: sound.pak
04-18 14:01:26.389  5229  5509 D ClawActivityCommon: Descriptor found offset=67077612 length=1715452
04-18 14:01:26.399  5229  5509 D ClawActivityCommon: Checking for: sound_ingame_vo_male.pak
04-18 14:01:26.399  5229  5509 D ClawActivityCommon: Descriptor found offset=68970368 length=78771
04-18 14:01:26.399  5229  5509 D ClawActivityCommon: Checking for: sound_ingame.pak
04-18 14:01:26.399  5229  5509 D ClawActivityCommon: Descriptor found offset=68793124 length=109620
04-18 14:01:26.399  5229  5509 D ClawActivityCommon: Checking for: slots_zeus_background_2_etc2.pak
04-18 14:01:26.399  5229  5509 D ClawActivityCommon: Descriptor found offset=67037320 length=40237
04-18 14:01:26.399  5229  5509 D ClawActivityCommon: Checking for: slots_zeus_background_1_etc2.pak
04-18 14:01:26.399  5229  5509 D ClawActivityCommon: Descriptor found offset=66891640 length=107257
04-18 14:01:26.409  5229  5509 D ClawActivityCommon: Checking for: splash_background_thsku_2_etc2.pak
04-18 14:01:26.409  5229  5509 D ClawActivityCommon: Checking for: splash_background_thsku_2_etc2.pak
04-18 14:01:26.409  5229  5509 D ClawActivityCommon: Checking for: atlas_slots_effects_1_etc2.pak
04-18 14:01:26.409  5229  5509 D ClawActivityCommon: Descriptor found offset=19306192 length=1637817
04-18 14:01:26.409  5229  5509 D ClawActivityCommon: Checking for: atlas3_2_etc2.pak
04-18 14:01:26.409  5229  5509 D ClawActivityCommon: Descriptor found offset=4784208 length=419843
04-18 14:01:26.409  5229  5509 D ClawActivityCommon: Checking for: atlas_clubs_common_2_etc2.pak
04-18 14:01:26.409  5229  5509 D ClawActivityCommon: Descriptor found offset=9195876 length=285669
04-18 14:01:26.409  5229  5509 D ClawActivityCommon: Checking for: slots_classic_diamonds_background_2_etc2.pak
04-18 14:01:26.409  5229  5509 D ClawActivityCommon: Descriptor found offset=66775664 length=18508
04-18 14:01:26.409  5229  5509 D ClawActivityCommon: Checking for: slots_classic_diamonds_background_1_etc2.pak
04-18 14:01:26.409  5229  5509 D ClawActivityCommon: Descriptor found offset=66727208 length=31498
04-18 14:01:26.409  5229  5509 D ClawActivityCommon: Checking for: atlas_slots_classic_diamonds_2_etc2.pak
04-18 14:01:26.419  5229  5509 D ClawActivityCommon: Descriptor found offset=17646320 length=135292
04-18 14:01:26.419  5229  5509 D ClawActivityCommon: Checking for: atlas2_1_etc2.pak
04-18 14:01:26.419  5229  5509 D ClawActivityCommon: Descriptor found offset=971260 length=937712
04-18 14:01:26.419  5229  5509 D ClawActivityCommon: Checking for: music_zeus.pak
04-18 14:01:26.419  5229  5509 D ClawActivityCommon: Descriptor found offset=66330280 length=362147
04-18 14:01:26.419  5229  5509 D ClawActivityCommon: Checking for: menu_background_1_etc2.pak
04-18 14:01:26.419  5229  5509 D ClawActivityCommon: Descriptor found offset=62609864 length=67528
04-18 14:01:26.419  5229  5509 D ClawActivityCommon: Checking for: sound_slots_zeus.pak
04-18 14:01:26.419  5229  5509 D ClawActivityCommon: Descriptor found offset=70033720 length=439836
04-18 14:01:26.419  5229  5509 D ClawActivityCommon: Checking for: data-slots_classic_diamonds.pak
04-18 14:01:26.419  5229  5509 D ClawActivityCommon: Descriptor found offset=49731612 length=1643
04-18 14:01:26.429  5229  5509 D ClawActivityCommon: Checking for: sound_ingame_vo_female.pak
04-18 14:01:26.429  5229  5509 D ClawActivityCommon: Descriptor found offset=68902816 length=67484
04-18 14:01:26.429  5229  5509 D ClawActivityCommon: Checking for: splash_background_thsku_0_etc2.pak
04-18 14:01:26.429  5229  5509 D ClawActivityCommon: Checking for: splash_background_thsku_0_etc2.pak
04-18 14:01:26.429  5229  5509 D ClawActivityCommon: Checking for: music_classic_diamonds.pak
04-18 14:01:26.429  5229  5509 D ClawActivityCommon: Descriptor found offset=65212140 length=622587
04-18 14:01:26.429  5229  5509 D ClawActivityCommon: Checking for: menu_background_2_etc2.pak
04-18 14:01:26.429  5229  5509 D ClawActivityCommon: Descriptor found offset=62722376 length=37383
04-18 14:01:26.439  5229  5509 D ClawActivityCommon: Checking for: atlas_ingame_common_2_etc2.pak
04-18 14:01:26.439  5229  5509 D ClawActivityCommon: Descriptor found offset=13809136 length=631718
04-18 14:01:26.439  5229  5509 D ClawActivityCommon: Checking for: atlas_tiles3_hc_2_etc2.pak
04-18 14:01:26.439  5229  5509 D ClawActivityCommon: Descriptor found offset=28478856 length=126478
04-18 14:01:26.439  5229  5509 D ClawActivityCommon: Checking for: welcome_bg_thsku_1_etc2.pak
04-18 14:01:26.439  5229  5509 D ClawActivityCommon: Checking for: welcome_bg_thsku_1_etc2.pak
04-18 14:01:26.439  5229  5509 D ClawActivityCommon: Checking for: sound_slots_vo_female.pak
04-18 14:01:26.439  5229  5509 D ClawActivityCommon: Descriptor found offset=69650024 length=179531
04-18 14:01:26.439  5229  5509 D ClawActivityCommon: Checking for: data-slots_zeus.pak
04-18 14:01:26.439  5229  5509 D ClawActivityCommon: Descriptor found offset=49743332 length=41079
04-18 14:01:26.439  5229  5509 D ClawActivityCommon: Checking for: data-slots_classic_ui.pak
04-18 14:01:26.439  5229  5509 D ClawActivityCommon: Descriptor found offset=49733324 length=9945
04-18 14:01:26.449  5229  5509 D ClawActivityCommon: Checking for: atlas_dailybonus_1_etc2.pak
04-18 14:01:26.449  5229  5509 D ClawActivityCommon: Descriptor found offset=9732620 length=265170
04-18 14:01:26.449  5229  5509 D ClawActivityCommon: Checking for: atlas_tiles_hc_2_etc2.pak
04-18 14:01:26.449  5229  5509 D ClawActivityCommon: Descriptor found offset=29153368 length=551906
04-18 14:01:26.449  5229  5509 D ClawActivityCommon: Checking for: atlas_tiles2_hc_2_etc2.pak
04-18 14:01:26.449  5229  5509 D ClawActivityCommon: Descriptor found offset=27775580 length=577884
04-18 14:01:26.449  5229  5509 D ClawActivityCommon: Checking for: atlas_slots_zeus_2_etc2.pak
04-18 14:01:26.449  5229  5509 D ClawActivityCommon: Descriptor found offset=26452620 length=748903
04-18 14:01:26.449  5229  5509 D ClawActivityCommon: Checking for: atlas_slots_zeus_1_etc2.pak
04-18 14:01:26.449  5229  5509 D ClawActivityCommon: Descriptor found offset=24074712 length=1640878
04-18 14:01:26.449  5229  5509 D ClawActivityCommon: Checking for: welcome_bg_thsku_2_etc2.pak
04-18 14:01:26.459  5229  5509 D ClawActivityCommon: Checking for: welcome_bg_thsku_2_etc2.pak
04-18 14:01:26.459  5229  5509 D ClawActivityCommon: Checking for: data-slots.pak
04-18 14:01:26.459  5229  5509 D ClawActivityCommon: Descriptor found offset=49647264 length=84280
04-18 14:01:26.459  5229  5509 D ClawActivityCommon: Checking for: atlas_2_etc2.pak
04-18 14:01:26.459  5229  5509 D ClawActivityCommon: Descriptor found offset=7498004 length=493973
04-18 14:01:26.459  5229  5509 D ClawActivityCommon: Checking for: atlas_dailybonus_2_etc2.pak
04-18 14:01:26.459  5229  5509 D ClawActivityCommon: Descriptor found offset=10124636 length=129577
04-18 14:01:26.459  5229  5509 D ClawActivityCommon: Checking for: splash_background_thsku_1_etc2.pak
04-18 14:01:26.459  5229  5509 D ClawActivityCommon: Checking for: splash_background_thsku_1_etc2.pak
04-18 14:01:26.459  5229  5509 D ClawActivityCommon: Checking for: sound_slots_classic_diamonds.pak
04-18 14:01:26.459  5229  5509 D ClawActivityCommon: Descriptor found offset=69458784 length=111037
04-18 14:01:26.459  5229  5509 D ClawActivityCommon: Checking for: sound_vo_male.pak
04-18 14:01:26.459  5229  5509 D ClawActivityCommon: Descriptor found offset=70473692 length=925287
04-18 14:01:26.469  5229  5509 D ClawActivityCommon: Checking for: welcome_bg_0_etc2.pak
04-18 14:01:26.469  5229  5509 D ClawActivityCommon: Checking for: welcome_bg_0_etc2.pak
04-18 14:01:26.469  5229  5509 D ClawActivityCommon: Checking for: atlas_ingame_common_1_etc2.pak
04-18 14:01:26.469  5229  5509 D ClawActivityCommon: Descriptor found offset=11956976 length=1226629
04-18 14:01:26.469  5229  5509 D ClawActivityCommon: Checking for: atlas_slots_classic_diamonds_1_etc2.pak
04-18 14:01:26.469  5229  5509 D ClawActivityCommon: Descriptor found offset=17262904 length=251514
04-18 14:01:26.469  5229  5509 D ClawActivityCommon: Checking for: atlas_sku_hc_1_etc2.pak
04-18 14:01:26.469  5229  5509 D ClawActivityCommon: Descriptor found offset=15306124 length=896401
04-18 14:01:26.469  5229  5509 D ClawActivityCommon: Checking for: data-slots-effects.pak
04-18 14:01:26.469  5229  5509 D ClawActivityCommon: Descriptor found offset=49585944 length=61263
04-18 14:01:26.469  5229  5509 D ClawActivityCommon: Checking for: atlas_1_etc2.pak
04-18 14:01:26.469  5229  5509 D ClawActivityCommon: Descriptor found offset=6084452 length=937686
04-18 14:01:26.479  5229  5509 D ClawActivityCommon: Checking for: atlas_slots_effects_2_etc2.pak
04-18 14:01:26.479  5229  5509 D ClawActivityCommon: Descriptor found offset=21685284 length=770802
04-18 14:01:26.479  5229  5509 D ClawActivityCommon: Checking for: atlas_fb_rateus_2_etc2.pak
04-18 14:01:26.479  5229  5509 D ClawActivityCommon: Descriptor found offset=10696612 length=82301
04-18 14:01:26.479  5229  5509 D ClawActivityCommon: Checking for: music.pak
04-18 14:01:26.479  5229  5509 D ClawActivityCommon: Descriptor found offset=62759812 length=2452258
04-18 14:01:26.479  5229  5509 D ClawActivityCommon: Checking for: atlas2_2_etc2.pak
04-18 14:01:26.479  5229  5509 D ClawActivityCommon: Descriptor found offset=2395412 length=492254
04-18 14:01:26.479  5229  5509 D ClawActivityCommon: Checking for: atlas_fb_rateus_1_etc2.pak
04-18 14:01:26.479  5229  5509 D ClawActivityCommon: Descriptor found offset=10429260 length=189056
04-18 14:01:26.479  5229  5509 D ClawActivityCommon: Checking for: atlas_clubs_2_etc2.pak
04-18 14:01:26.479  5229  5509 D ClawActivityCommon: Descriptor found offset=8448828 length=462982
04-18 14:01:26.479  5229  5509 D ClawActivityCommon: Checking for: sound_slots_vo_male.pak
04-18 14:01:26.479  5229  5509 D ClawActivityCommon: Descriptor found offset=69829624 length=204039
04-18 14:01:26.489  5229  5509 D ClawActivityCommon: Checking for: atlas_sku_hc_2_etc2.pak
04-18 14:01:26.489  5229  5509 D ClawActivityCommon: Descriptor found offset=16610048 length=412569
04-18 14:01:26.529  2218  2767 D EnterpriseController: netId is 0
04-18 14:01:26.529  2218  2767 D Netd    : getNetworkForDns: using netid 502 for uid 10637
04-18 14:01:26.539  2612  4192 D ConnectivityService: returning getNetworkInfo for network type 1 : [type: WIFI[] - WIFI, state: CONNECTED/CONNECTED, reason: (unspecified), extra: "HuuugeQA", roaming: false, failover: false, isAvailable: true]
04-18 14:01:26.539  2612  3009 D ConnectivityService: returning getNetworkInfo for network type 0 : [type: MOBILE[] - MOBILE, state: DISCONNECTED/DISCONNECTED, reason: (unspecified), extra: (none), roaming: false, failover: false, isAvailable: true]
04-18 14:01:26.589  2612  3268 D ConnectivityService: returning getNetworkInfo for network type 1 : [type: WIFI[] - WIFI, state: CONNECTED/CONNECTED, reason: (unspecified), extra: "HuuugeQA", roaming: false, failover: false, isAvailable: true]
04-18 14:01:26.589  2612  3483 D ConnectivityService: returning getNetworkInfo for network type 0 : [type: MOBILE[] - MOBILE, state: DISCONNECTED/DISCONNECTED, reason: (unspecified), extra: (none), roaming: false, failover: false, isAvailable: true]
04-18 14:01:26.649  2218  2767 D EnterpriseController: netId is 0
04-18 14:01:26.649  2218  2767 D Netd    : getNetworkForDns: using netid 502 for uid 10637
04-18 14:01:26.659  2612  3481 D ConnectivityService: returning getNetworkInfo for network type 1 : [type: WIFI[] - WIFI, state: CONNECTED/CONNECTED, reason: (unspecified), extra: "HuuugeQA", roaming: false, failover: false, isAvailable: true]
04-18 14:01:26.659  2612  2626 D ConnectivityService: returning getNetworkInfo for network type 0 : [type: MOBILE[] - MOBILE, state: DISCONNECTED/DISCONNECTED, reason: (unspecified), extra: (none), roaming: false, failover: false, isAvailable: true]
04-18 14:01:26.709  5229  5526 I System.out: (HTTPLog)-Static: isSBSettingEnabled false
04-18 14:01:26.709  5229  5526 I System.out: (HTTPLog)-Static: isSBSettingEnabled false
04-18 14:01:26.729  2218  2767 D EnterpriseController: netId is 0
04-18 14:01:26.729  2218  2767 D Netd    : getNetworkForDns: using netid 502 for uid 10637
04-18 14:01:26.899  3096  3096 D KeyguardUpdateMonitor: received broadcast android.intent.action.BATTERY_CHANGED
04-18 14:01:26.899  3096  3096 D KeyguardUpdateMonitor: handleBatteryUpdate
04-18 14:01:26.899  2612  3660 D BatteryService: !@BatteryListener : batteryPropertiesChanged!
04-18 14:01:26.899  2612  3660 D BatteryService: level:100, scale:100, status:5, health:2, present:true, voltage: 4216, temperature: 373, technology: Li-ion, AC powered:false, USB powered:true, POGO powered:false, Wireless powered:false, icon:17303500, invalid charger:0, maxChargingCurrent:0
04-18 14:01:26.899  2612  3660 D BatteryService: online:6, current avg:-451, charge type:1, power sharing:false, high voltage charger:false, capacity:280000, batterySWSelfDischarging:false, current_now:-582
04-18 14:01:26.899  2612  2612 D BatteryService: Sending ACTION_BATTERY_CHANGED.
04-18 14:01:26.899  2612  2612 I MotionRecognitionService: Plugged
04-18 14:01:26.899  2612  2612 D MotionRecognitionService:   cableConnection= 1
04-18 14:01:26.899  2612  2612 D MotionRecognitionService: setPowerConnected | current backoff  = 1024 , state =1024
04-18 14:01:26.899  2612  2612 D MotionRecognitionService: skip setTransmitPower. 
04-18 14:01:26.899  2612  2612 D GameManagerService: new battery level: 100
04-18 14:01:26.899  3096  3096 D PowerUI : priorPlugType = 2 mPlugType =  2
04-18 14:01:26.929  3096  3096 D QSPanel : getMultiTileLineHeight = 15
04-18 14:01:26.939  3096  3096 D BatteryMeterView: ACTION_BATTERY_CHANGED : level:100 status:5 health:2
04-18 14:01:26.939  3096  3096 D BatteryMeterView: ACTION_BATTERY_CHANGED : level:100 status:5 health:2
04-18 14:01:34.349 27859 27865 I art     : Debugger is no longer active
04-18 14:01:34.349 13774 13780 I art     : Debugger is no longer active
04-18 14:01:34.359  2205  2205 W libEGL  : EGLNativeWindowType 0xf2f74008 disconnect failed
04-18 14:01:35.449  5229  5524 W libc    : It seems that pthread_join() is not invoked or PTHREAD_ATTR_FLAG_DETACHED is not set.
04-18 14:01:35.449  5229  5524 W libc    :     pthread tid          : 5524
04-18 14:01:35.449  5229  5524 W libc    :     pthread start_routine: 0xdf88e390
04-18 14:01:35.449  2612  5167 D SSRM:w  : SIOP:: AP = 540, PST = 507 (W:18), CUR = -417, LCD = 24
04-18 14:01:35.459  2218  2767 D EnterpriseController: netId is 0
04-18 14:01:35.459  2218  2767 D Netd    : getNetworkForDns: using netid 502 for uid 10637
04-18 14:01:35.459  2612  5167 D ConnectivityService: returning getNetworkInfo for network type 1 : [type: WIFI[] - WIFI, state: CONNECTED/CONNECTED, reason: (unspecified), extra: "HuuugeQA", roaming: false, failover: false, isAvailable: true]
04-18 14:01:35.469  2612  4192 D ConnectivityService: returning getNetworkInfo for network type 1 : [type: WIFI[] - WIFI, state: CONNECTED/CONNECTED, reason: (unspecified), extra: "HuuugeQA", roaming: false, failover: false, isAvailable: true]
04-18 14:01:35.469  2612  3009 D ConnectivityService: returning getNetworkInfo for network type 0 : [type: MOBILE[] - MOBILE, state: DISCONNECTED/DISCONNECTED, reason: (unspecified), extra: (none), roaming: false, failover: false, isAvailable: true]
04-18 14:01:35.529  2218  2767 D EnterpriseController: netId is 0
04-18 14:01:35.529  2218  2767 D Netd    : getNetworkForDns: using netid 502 for uid 10637
04-18 14:01:35.749  5229  5551 W libc    : It seems that pthread_join() is not invoked or PTHREAD_ATTR_FLAG_DETACHED is not set.
04-18 14:01:35.749  5229  5551 W libc    :     pthread tid          : 5551
04-18 14:01:35.749  5229  5551 W libc    :     pthread start_routine: 0xdf88e390
04-18 14:01:35.769  5229  5555 I System.out: (HTTPLog)-Static: isSBSettingEnabled false
04-18 14:01:35.769  5229  5555 I System.out: (HTTPLog)-Static: isSBSettingEnabled false
04-18 14:01:35.869  2218  2767 D EnterpriseController: netId is 0
04-18 14:01:35.869  2218  2767 D Netd    : getNetworkForDns: using netid 502 for uid 10637
04-18 14:01:35.869  2612  3005 D ConnectivityService: returning getNetworkInfo for network type 1 : [type: WIFI[] - WIFI, state: CONNECTED/CONNECTED, reason: (unspecified), extra: "HuuugeQA", roaming: false, failover: false, isAvailable: true]
04-18 14:01:35.879  2612  3268 D ConnectivityService: returning getNetworkInfo for network type 0 : [type: MOBILE[] - MOBILE, state: DISCONNECTED/DISCONNECTED, reason: (unspecified), extra: (none), roaming: false, failover: false, isAvailable: true]
04-18 14:01:35.939  2218  2767 D EnterpriseController: netId is 0
04-18 14:01:35.939  2218  2767 D Netd    : getNetworkForDns: using netid 502 for uid 10637
04-18 14:01:36.069  5229  5556 W libc    : It seems that pthread_join() is not invoked or PTHREAD_ATTR_FLAG_DETACHED is not set.
04-18 14:01:36.069  5229  5556 W libc    :     pthread tid          : 5556
04-18 14:01:36.079  5229  5556 W libc    :     pthread start_routine: 0xdf88e390
04-18 14:01:36.269  2218  2767 D EnterpriseController: netId is 0
04-18 14:01:36.269  2218  2767 D Netd    : getNetworkForDns: using netid 502 for uid 10637
04-18 14:01:36.279  2612  3486 D ConnectivityService: returning getNetworkInfo for network type 1 : [type: WIFI[] - WIFI, state: CONNECTED/CONNECTED, reason: (unspecified), extra: "HuuugeQA", roaming: false, failover: false, isAvailable: true]
04-18 14:01:36.279  2612  3660 D ConnectivityService: returning getNetworkInfo for network type 0 : [type: MOBILE[] - MOBILE, state: DISCONNECTED/DISCONNECTED, reason: (unspecified), extra: (none), roaming: false, failover: false, isAvailable: true]
04-18 14:01:36.339  2218  2767 D EnterpriseController: netId is 0
04-18 14:01:36.339  2218  2767 D Netd    : getNetworkForDns: using netid 502 for uid 10637
04-18 14:01:36.429  5229  5559 W libc    : It seems that pthread_join() is not invoked or PTHREAD_ATTR_FLAG_DETACHED is not set.
04-18 14:01:36.429  5229  5559 W libc    :     pthread tid          : 5559
04-18 14:01:36.429  5229  5559 W libc    :     pthread start_routine: 0xdf88e390
04-18 14:01:36.469  2218  2767 D EnterpriseController: netId is 0
04-18 14:01:36.469  2218  2767 D Netd    : getNetworkForDns: using netid 502 for uid 10637
04-18 14:01:36.479  2612  3487 D ConnectivityService: returning getNetworkInfo for network type 1 : [type: WIFI[] - WIFI, state: CONNECTED/CONNECTED, reason: (unspecified), extra: "HuuugeQA", roaming: false, failover: false, isAvailable: true]
04-18 14:01:36.479  2612  4193 D ConnectivityService: returning getNetworkInfo for network type 0 : [type: MOBILE[] - MOBILE, state: DISCONNECTED/DISCONNECTED, reason: (unspecified), extra: (none), roaming: false, failover: false, isAvailable: true]
04-18 14:01:36.549  5229  5562 W libc    : It seems that pthread_join() is not invoked or PTHREAD_ATTR_FLAG_DETACHED is not set.
04-18 14:01:36.549  5229  5562 W libc    :     pthread tid          : 5562
04-18 14:01:36.549  5229  5562 W libc    :     pthread start_routine: 0xdf88e390
04-18 14:01:36.679  2218  2767 D EnterpriseController: netId is 0
04-18 14:01:36.679  2218  2767 D Netd    : getNetworkForDns: using netid 502 for uid 10637
04-18 14:01:36.679  2612  3270 D ConnectivityService: returning getNetworkInfo for network type 1 : [type: WIFI[] - WIFI, state: CONNECTED/CONNECTED, reason: (unspecified), extra: "HuuugeQA", roaming: false, failover: false, isAvailable: true]
04-18 14:01:36.679  2612  3264 D ConnectivityService: returning getNetworkInfo for network type 0 : [type: MOBILE[] - MOBILE, state: DISCONNECTED/DISCONNECTED, reason: (unspecified), extra: (none), roaming: false, failover: false, isAvailable: true]
04-18 14:01:36.749  2218  2767 D EnterpriseController: netId is 0
04-18 14:01:36.749  2218  2767 D Netd    : getNetworkForDns: using netid 502 for uid 10637
04-18 14:01:36.769  5229  5567 I System.out: (HTTPLog)-Static: isSBSettingEnabled false
04-18 14:01:36.769  5229  5567 I System.out: (HTTPLog)-Static: isSBSettingEnabled false
04-18 14:01:36.819  2612  3011 D NtpTrustedTime: currentTimeMillis() cache hit
04-18 14:01:36.819  2612  3011 V NetworkStats: performPollLocked(flags=0x1)
04-18 14:01:36.829  2612  3011 D NetworkStatsRecorder: entry.iface is null
04-18 14:01:36.829  2612  3011 D NetworkStatsRecorder: entry.iface is null
04-18 14:01:36.829  2612  3011 D NetworkStatsRecorder: entry.iface is null
04-18 14:01:36.829  2612  3011 D NetworkStatsRecorder: entry.iface is null
04-18 14:01:36.829  2612  3011 D NetworkStatsRecorder: entry.iface is null
04-18 14:01:36.829  2612  3011 D NetworkStatsRecorder: entry.iface is null
04-18 14:01:36.829  2612  3011 D NetworkStatsRecorder: entry.iface is null
04-18 14:01:36.829  2612  3011 D NetworkStatsRecorder: entry.iface is null
04-18 14:01:36.829  2612  3011 D NetworkStatsRecorder: entry.iface is null
04-18 14:01:36.829  2612  3011 D NetworkStatsRecorder: entry.iface is null
04-18 14:01:36.849  2612  3011 D NtpTrustedTime: currentTimeMillis() cache hit
04-18 14:01:36.849  2612  3011 V NetworkStats: performPollLocked() took 37ms
04-18 14:01:36.859  2612  3012 D NtpTrustedTime: currentTimeMillis() cache hit
04-18 14:01:36.859  2612  3012 D NtpTrustedTime: currentTimeMillis() cache hit
04-18 14:01:36.969  2612  4192 D BatteryService: !@BatteryListener : batteryPropertiesChanged!
04-18 14:01:36.969  2612  4192 D BatteryService: level:100, scale:100, status:5, health:2, present:true, voltage: 4219, temperature: 373, technology: Li-ion, AC powered:false, USB powered:true, POGO powered:false, Wireless powered:false, icon:17303500, invalid charger:0, maxChargingCurrent:0
04-18 14:01:36.969  2612  4192 D BatteryService: online:6, current avg:-361, charge type:1, power sharing:false, high voltage charger:false, capacity:280000, batterySWSelfDischarging:false, current_now:-104
04-18 14:01:36.969  2612  2612 D BatteryService: Sending ACTION_BATTERY_CHANGED.
04-18 14:01:36.969  2612  2612 I MotionRecognitionService: Plugged
04-18 14:01:36.969  2612  2612 D MotionRecognitionService:   cableConnection= 1
04-18 14:01:36.969  2612  2612 D MotionRecognitionService: setPowerConnected | current backoff  = 1024 , state =1024
04-18 14:01:36.969  2612  2612 D MotionRecognitionService: skip setTransmitPower. 
04-18 14:01:36.969  2612  2612 D GameManagerService: new battery level: 100
04-18 14:01:36.979  3096  3096 D KeyguardUpdateMonitor: received broadcast android.intent.action.BATTERY_CHANGED
04-18 14:01:36.979  3096  3096 D KeyguardUpdateMonitor: handleBatteryUpdate
04-18 14:01:36.979  3096  3096 D PowerUI : priorPlugType = 2 mPlugType =  2
04-18 14:01:36.979  3096  3096 D BatteryMeterView: ACTION_BATTERY_CHANGED : level:100 status:5 health:2
04-18 14:01:36.999  3096  3096 D QSPanel : getMultiTileLineHeight = 15
04-18 14:01:37.009  3096  3096 D BatteryMeterView: ACTION_BATTERY_CHANGED : level:100 status:5 health:2
04-18 14:01:37.069  5229  5564 W libc    : It seems that pthread_join() is not invoked or PTHREAD_ATTR_FLAG_DETACHED is not set.
04-18 14:01:37.069  5229  5564 W libc    :     pthread tid          : 5564
04-18 14:01:37.069  5229  5564 W libc    :     pthread start_routine: 0xdf88e390
04-18 14:01:37.079  2218  2767 D EnterpriseController: netId is 0
04-18 14:01:37.079  2218  2767 D Netd    : getNetworkForDns: using netid 502 for uid 10637
04-18 14:01:37.079  2612  3268 D ConnectivityService: returning getNetworkInfo for network type 1 : [type: WIFI[] - WIFI, state: CONNECTED/CONNECTED, reason: (unspecified), extra: "HuuugeQA", roaming: false, failover: false, isAvailable: true]
04-18 14:01:37.079  2612  3483 D ConnectivityService: returning getNetworkInfo for network type 0 : [type: MOBILE[] - MOBILE, state: DISCONNECTED/DISCONNECTED, reason: (unspecified), extra: (none), roaming: false, failover: false, isAvailable: true]
04-18 14:01:37.139  2218  2767 D EnterpriseController: netId is 0
04-18 14:01:37.139  2218  2767 D Netd    : getNetworkForDns: using netid 502 for uid 10637
04-18 14:01:37.279  5229  5569 W libc    : It seems that pthread_join() is not invoked or PTHREAD_ATTR_FLAG_DETACHED is not set.
04-18 14:01:37.279  5229  5569 W libc    :     pthread tid          : 5569
04-18 14:01:37.279  5229  5569 W libc    :     pthread start_routine: 0xdf88e390
04-18 14:01:37.479  2218  2767 D EnterpriseController: netId is 0
04-18 14:01:37.479  2218  2767 D Netd    : getNetworkForDns: using netid 502 for uid 10637
04-18 14:01:37.479  2612  2626 D ConnectivityService: returning getNetworkInfo for network type 1 : [type: WIFI[] - WIFI, state: CONNECTED/CONNECTED, reason: (unspecified), extra: "HuuugeQA", roaming: false, failover: false, isAvailable: true]
04-18 14:01:37.479  2612  3486 D ConnectivityService: returning getNetworkInfo for network type 0 : [type: MOBILE[] - MOBILE, state: DISCONNECTED/DISCONNECTED, reason: (unspecified), extra: (none), roaming: false, failover: false, isAvailable: true]
