adb server version (39) doesn't match this client (36); killing...
* daemon started successfully *
--------- beginning of main
04-18 14:01:14.089  3754  3754 D RelationGraph: garbageCollect()
04-18 14:01:14.099  3754  3754 D RelationGraph: garbageCollect()
04-18 14:01:15.369  5221  5221 D AndroidRuntime: >>>>>> START com.android.internal.os.RuntimeInit uid 2000 <<<<<<
04-18 14:01:15.379  5221  5221 D AndroidRuntime: CheckJNI is OFF
04-18 14:01:15.379  5221  5221 D AndroidRuntime: readGMSProperty: start
04-18 14:01:15.379  5221  5221 D AndroidRuntime: readGMSProperty: already setted!!
04-18 14:01:15.379  5221  5221 D AndroidRuntime: propertySet: couldn't set property (it is from app)
04-18 14:01:15.379  5221  5221 D AndroidRuntime: readGMSProperty: could not set the property(default)!!
04-18 14:01:15.379  5221  5221 D AndroidRuntime: readGMSProperty: end
04-18 14:01:15.379  5221  5221 D AndroidRuntime: addProductProperty: start
--------- beginning of system
04-18 14:01:15.379  2612  5167 D SSRM:w  : SIOP:: AP = 480, PST = 499 (W:24), CUR = -474, LCD = 24
04-18 14:01:15.379  2612  5167 D ConnectivityService: returning getNetworkInfo for network type 1 : [type: WIFI[] - WIFI, state: CONNECTED/CONNECTED, reason: (unspecified), extra: "HuuugeQA", roaming: false, failover: false, isAvailable: true]
04-18 14:01:15.419  5221  5221 D ICU     : No timezone override file found: /data/misc/zoneinfo/current/icu/icu_tzdata.dat
04-18 14:01:15.439  5221  5221 W CscFeature: mpsCode : none
04-18 14:01:15.439  5221  5221 W CscFeature: OMC_OTHERS_PATH : none/others.xml
04-18 14:01:15.439  5221  5221 W CscFeature: org.xmlpull.v1.XmlPullParserException: expected: /CscFeature_VoiceCall_ConfigOpStyleForRoaming read: FeatureSet (position:END_TAG </FeatureSet>@28:18 in java.io.InputStreamReader@5b59c3c) 
04-18 14:01:15.469  5221  5221 I Radio-JNI: register_android_hardware_Radio DONE
04-18 14:01:15.469  5221  5221 E AffinityControl: AffinityControl: registerfunction enter
04-18 14:01:15.489  5221  5221 D AndroidRuntime: Calling main entry com.android.commands.monkey.Monkey
04-18 14:01:15.529  2612  2685 W BroadcastQueue: Skipping deliver [background] BroadcastRecord{a16fd1 u-1 android.net.conn.CONNECTIVITY_CHANGE qIdx=4}, state= (IDLE) to ReceiverList{1747a36 5221 (unknown name)/2000/u-1 remote:34a065b}: process crashing
04-18 14:01:15.549  5221  5221 I Timeline: Timeline: Activity_launch_request id:com.huuuge.stars.slots time:17245747
04-18 14:01:15.559  2612  3009 D VirtualScreenPolicy: applyVirtualScreenAttrs attrs=VirtualScreenAttrs{mDisplayId=0, mBaseDisplayId=0, mBaseActivity=false}
04-18 14:01:15.559  2612  3009 D ActivityTrigger: ActivityTrigger activityPauseTrigger 
04-18 14:01:15.559  3470  3470 D Launcher: onPause, Launcher: 62531179
04-18 14:01:15.559  3470  3470 D Launcher.HomeView: onPause
04-18 14:01:15.559  3470  3470 D Launcher.Workspace: exitWidgetResizeMode. isClearResizeFrame is false
04-18 14:01:15.559  2612  3009 D ResourcesManager: For user 0 new overlays fetched Null
04-18 14:01:15.559  2612  3009 D GameManagerService: identifyGamePackage. com.huuuge.stars.slots
04-18 14:01:15.559  2612  3009 D MultiWindowPolicy: Gamemode - return 0,  when calling  identifyForegroundApp(com.huuuge.stars.slots)
04-18 14:01:15.559  2612  3009 D CustomFrequencyManagerService: acquireDVFSLockLocked : type : DVFS_MIN_LIMIT  frequency : 1500000  uid : 1000  pid : 2612  pkgName : ACTIVITY_RESUME_BOOSTER@3
04-18 14:01:15.559  2612  3009 D ActivityManager: mDVFSHelper.acquire()
04-18 14:01:15.559  2612  3009 D FocusedStackFrame: Set to : 0
04-18 14:01:15.559  2612  3009 V WindowManager: addAppToken: AppWindowToken{d047c380d token=Token{52b2a4 ActivityRecord{798ad37 u0 com.huuuge.stars.slots/com.huuuge.casino.BootActivity t816}}} to stack=1 task=816 at 0
04-18 14:01:15.569  2612  3009 D InputDispatcher: Focused application set to: xxxx
04-18 14:01:15.569  2612  3009 D InputDispatcher: Focus left window: 3470
04-18 14:01:15.569  2612  2724 D ViewRootImpl: #1 mView = com.android.internal.policy.PhoneWindow$DecorView{e349a0e V.E...... R.....ID 0,0-0,0}
04-18 14:01:15.569  2612  2724 D PointerIcon: setMouseIconStyle1 pointerType: 1001 iconType:101 flag:0 pid:2612 uid:1000
04-18 14:01:15.569  2612  2724 D PointerIcon: setMouseCustomIcon IconType is same.101
04-18 14:01:15.569  2612  2627 D SettingsProvider: isChangeAllowed() : name = user_rotation
04-18 14:01:15.569  2612  2627 D SettingsProvider: isChangeAllowed() : name = accelerometer_rotation
04-18 14:01:15.569  2612  2626 D MountService: getExternalStorageMountMode : 1
04-18 14:01:15.569  2612  2626 D MountService: getExternalStorageMountMode : 3
04-18 14:01:15.569  2612  2626 D MountService: getExternalStorageMountMode : final mountMode=1, uid : 10637, packageName : com.huuuge.stars.slots
04-18 14:01:15.569  2612  2627 V WindowOrientationListener: OrientationSensorJudge.getProposedRotation, Rotation: -1
04-18 14:01:15.569  2612  2627 V WindowManager: rotationForOrientationLw(orient=1, last=0); user=0  sensorRotation=-1 mLidState=-1 mDockMode=0 mHdmiPlugged=false mMobileKeyboardEnabled=false displayId=0
04-18 14:01:15.569  2612  2627 V WindowOrientationListener: OrientationSensorJudge.getProposedRotation, Rotation: -1
04-18 14:01:15.579  5229  5229 E Zygote  : v2
04-18 14:01:15.579  5229  5229 W SELinux : Function: selinux_compare_spd_ram, index[1], priority [2], priority version is VE=SEPF_SECMOBILE_6.0.1_0029
04-18 14:01:15.579  2612  3660 D SettingsProvider: isChangeAllowed() : name = accelerometer_rotation
04-18 14:01:15.579  2612  3660 V WindowOrientationListener: OrientationSensorJudge.getProposedRotation, Rotation: -1
04-18 14:01:15.579  2612  3660 V WindowManager: rotationForOrientationLw(orient=1, last=0); user=0  sensorRotation=-1 mLidState=-1 mDockMode=0 mHdmiPlugged=false mMobileKeyboardEnabled=false displayId=0
04-18 14:01:15.579  2612  3660 V WindowOrientationListener: OrientationSensorJudge.getProposedRotation, Rotation: -1
04-18 14:01:15.579  2612  2626 I ActivityManager: Start proc 5229:com.huuuge.stars.slots/u0a637 for activity com.huuuge.stars.slots/com.huuuge.casino.BootActivity
04-18 14:01:15.579  5229  5229 I libpersona: KNOX_SDCARD checking this for 10637
04-18 14:01:15.579  5229  5229 I libpersona: KNOX_SDCARD not a persona
04-18 14:01:15.579  2612  3012 D NetworkPolicy: isUidForegroundLocked: 10637, mScreenOn: true, uidstate: -1, mProxSensorScreenOff: false
04-18 14:01:15.589  5229  5229 E Zygote  : accessInfo : 0
04-18 14:01:15.589  5229  5229 W SELinux : SELinux: seapp_context_lookup: seinfo=default, level=s0:c512,c768, pkgname=com.huuuge.stars.slots 
04-18 14:01:15.589  2205  2205 I SurfaceFlinger: id=413 createSurf (1080x1920),1 flag=404, tlots
04-18 14:01:15.589  5221  5221 I art     : System.exit called, status: 0
04-18 14:01:15.589  5221  5221 I AndroidRuntime: VM exiting with result code 0.
04-18 14:01:15.589  3096  3096 D RotationLockTile: rotationLocked : false
04-18 14:01:15.589  2612  2687 V WindowOrientationListener: OrientationSensorJudge.getProposedRotation, Rotation: -1
04-18 14:01:15.589  2612  2687 V WindowManager: rotationForOrientationLw(orient=1, last=0); user=0  sensorRotation=-1 mLidState=-1 mDockMode=0 mHdmiPlugged=false mMobileKeyboardEnabled=false displayId=0
04-18 14:01:15.589  2612  2687 V WindowOrientationListener: OrientationSensorJudge.getProposedRotation, Rotation: -1
04-18 14:01:15.599  2612  2724 D ViewRootImpl: MSG_RESIZED_REPORT: ci=Rect(0, 0 - 0, 0) vi=Rect(0, 0 - 0, 0) or=1
04-18 14:01:15.599  2612  2687 V WindowOrientationListener: OrientationSensorJudge.getProposedRotation, Rotation: -1
04-18 14:01:15.599  2612  2687 V WindowManager: rotationForOrientationLw(orient=1, last=0); user=0  sensorRotation=-1 mLidState=-1 mDockMode=0 mHdmiPlugged=false mMobileKeyboardEnabled=false displayId=0
04-18 14:01:15.599  2612  2687 V WindowOrientationListener: OrientationSensorJudge.getProposedRotation, Rotation: -1
04-18 14:01:15.599  2612  3012 D NetworkPolicy: isUidForegroundLocked: 10637, mScreenOn: true, uidstate: 16, mProxSensorScreenOff: false
04-18 14:01:15.609  3096  3096 D RotationLockTile: rotationLocked : false
04-18 14:01:15.619  2205  2205 D libEGL  : eglInitialize EGLDisplay = 0xffca241c
04-18 14:01:15.619  3096  3096 D QSPanel : getMultiTileLineHeight = 15
04-18 14:01:15.619  2612  2724 V WindowStateAnimator: Finishing drawing window Window{4f7b23c u0 d0 p2612 Starting com.huuuge.stars.slots}: mDrawState=DRAW_PENDING
04-18 14:01:15.629  5229  5229 D TimaKeyStoreProvider: TimaSignature is unavailable
04-18 14:01:15.629  5229  5229 D ActivityThread: Added TimaKeyStore provider
04-18 14:01:15.629  2205  2205 D libEGL  : eglInitialize EGLDisplay = 0xffca241c
04-18 14:01:15.629  2612  4193 V WindowOrientationListener: setCurrentAppOrientation :6
04-18 14:01:15.629  2612  4193 V WindowOrientationListener: OrientationSensorJudge.getProposedRotation, Rotation: -1
04-18 14:01:15.629  2612  4193 V WindowManager: rotationForOrientationLw(orient=6, last=0); user=0  sensorRotation=-1 mLidState=-1 mDockMode=0 mHdmiPlugged=false mMobileKeyboardEnabled=false displayId=0
04-18 14:01:15.629  2612  4193 V WindowOrientationListener: OrientationSensorJudge.getProposedRotation, Rotation: -1
04-18 14:01:15.629  2612  4193 D SamsungWindowManager: setRotationLw() : rotation=1
04-18 14:01:15.629  2612  4193 D CustomFrequencyManagerService: acquireDVFSLockLocked : type : DVFS_MIN_LIMIT  frequency : 1600000  uid : 1000  pid : 2612  pkgName : ROTATION_BOOSTER@28
04-18 14:01:15.639  2612  4193 D InputDispatcher: setInputDispatchMode: enabled=1, frozen=1
04-18 14:01:15.639  2205  2205 I SurfaceFlinger: id=414 createSurf (1080x1920),2 flag=4, TcreenshotS
04-18 14:01:15.649  2205  2205 D libEGL  : eglInitialize EGLDisplay = 0xffca241c
04-18 14:01:15.669  2205  2205 I SurfaceFlinger: Disp[0] Orientation 0=>1
04-18 14:01:15.669  2612  2968 I InputReader: Reconfiguring input devices.  changes=0x00000004
04-18 14:01:15.669  2612  2968 I InputReader: Device reconfigured: id=7, name='sec_touchscreen', size 1080x1920, orientation 1, mode 1, display id 0
04-18 14:01:15.669  2612  2968 I InputReader: Reconfiguring input devices.  changes=0x00000004
04-18 14:01:15.669  2612  4193 I ActivityManager: Config changes=480 {0 1.0 themeSeq = 0 showBtnBg = 0 ?mcc?mnc en_US ldltr sw360dp w640dp h336dp 480dpi nrml long land finger -keyb/v/h -nav/h s.46}
04-18 14:01:15.699 28047 28047 D Mms/MmsApp: [start]    onConfigurationChanged(), newConfig = {0 1.0 themeSeq = 0 showBtnBg = 0 ?mcc?mnc en_US ldltr sw360dp w640dp h336dp 480dpi nrml long land finger -keyb/v/h -nav/h s.46} consume time = 10536.063108
04-18 14:01:15.699 28047 28047 D Mms/MmsApp: [end]    onConfigurationChanged(), newConfig = {0 1.0 themeSeq = 0 showBtnBg = 0 ?mcc?mnc en_US ldltr sw360dp w640dp h336dp 480dpi nrml long land finger -keyb/v/h -nav/h s.46} consume time = 0.090692
04-18 14:01:15.719 13661 13661 V SamsungIME: onConfigurationChanged
04-18 14:01:15.719 13661 13661 I SamsungIME: [Before] hardKeyboardHidden(2) keyboardType(1)
04-18 14:01:15.719 13661 13661 I SamsungIME:          mHwKeyboardShown [isHWKeyboardOpen()] = false --> false
04-18 14:01:15.719 13661 13661 E SamsungIME:          isHWKeyboardConnected() = false --> false
04-18 14:01:15.719 13661 13661 I SamsungIME: [hasToCallSuper] true
04-18 14:01:15.719 13661 13661 D SamsungIME: onStartInput: No inputType, No imeOption, isInputViewShown = false, isExtractViewShown = false, isShowInputRequested = false, isConfigChanged = false
04-18 14:01:15.729 13661 13661 D SamsungIME: Dismiss ExpandCandiate
04-18 14:01:15.739  3096  3109 D WallpaperService: resized:[frame]Rect(0, 0 - 1080, 1920) [newConfig]2
04-18 14:01:15.739  2205  3519 D libEGL  : eglTerminate EGLDisplay = 0xf39bf624
04-18 14:01:15.739  2205  3519 D libEGL  : eglTerminate EGLDisplay = 0xf39bf624
04-18 14:01:15.739  2612  4193 D ActivityManager:  Launching com.huuuge.stars.slots, updated priority
04-18 14:01:15.749  2205  3820 I SurfaceFlinger: id=412 Removed MauncherAct (4/11)
04-18 14:01:15.749  2205  3519 I SurfaceFlinger: id=412 Removed MauncherAct (-2/11)
04-18 14:01:15.749  2612  2687 D StatusBarManagerService: manageDisableList userId=0 what=0x0 pkg=Window{4f7b23c u0 d0 p2612 Starting com.huuuge.stars.slots}
04-18 14:01:15.749  2612  2612 D GameManagerService: NotifyRunnable. pkg: com.huuuge.stars.slots, type: 4, isMinimized: false, isTunableApp: false
04-18 14:01:15.749  2612  2612 D GameManagerService: do nothing. mKillNotiCount: 3
04-18 14:01:15.749  3096  3096 D Recents : handleProxyCall type=6
04-18 14:01:15.749  2612  2687 W ContextImpl: Calling a method in the system process without a qualified user: android.app.ContextImpl.sendBroadcast:843 com.android.server.policy.PhoneWindowManager.notifyToSSRM:9040 com.android.server.policy.PhoneWindowManager.access$2100:323 com.android.server.policy.PhoneWindowManager$PolicyHandler.handleMessage:1259 android.os.Handler.dispatchMessage:102 
04-18 14:01:15.759  3470  3470 D QuickViewWorkspace: onMeasure()
04-18 14:01:15.759  3470  3470 D QuickViewWorkspace: onLayout()7
04-18 14:01:15.759  3470  3470 D ViewRootImpl: MSG_RESIZED_REPORT: ci=Rect(0, 0 - 0, 0) vi=Rect(0, 0 - 0, 0) or=2
04-18 14:01:15.759  2612  2612 D Tethering: NAP Supported and not Wifi Model
04-18 14:01:15.759  3096  3096 D NotificationStackScrollLayout:  scroll range should be extended : 1200
04-18 14:01:15.759  2205  2205 D libEGL  : eglTerminate EGLDisplay = 0xffca2494
04-18 14:01:15.759  3096  3428 D NetworkController.MobileSignalController(0/2147483643): getMobileIconGroup(): 0
04-18 14:01:15.759  3470  3470 D QuickViewWorkspace: onMeasure()
04-18 14:01:15.769  3470  3470 D QuickViewWorkspace: onLayout()7
04-18 14:01:15.769  3096  3096 D WallpaperService: MSG_WINDOW_RESIZED
04-18 14:01:15.769  3096  3096 D WallpaperService: updateSurface:[forceRelayout]true[redrawNeeded]true
04-18 14:01:15.769  3096  3096 V WallpaperService: Changes: creating=false format=false size=false
04-18 14:01:15.769  3096  3096 V WallpaperService: currentWidth:1080 currentHeight:1920 requestedWidth:1080 requestedWidth:1920
04-18 14:01:15.769  3096  3096 D WallpaperService: relayout
04-18 14:01:15.769  3096  3584 D QSTile.WifiTile: handleUpdateState  cb.changed 4 wifiEnabled : ON cb.enabledDesc HuuugeQA
04-18 14:01:15.769  3096  3584 D BluetoothTile: handleUpdateState :  supported = true, enabled = false, enabling = false, connected = false, connecting = false, mController.getLastDeviceName() = null
04-18 14:01:15.769  3096  3584 D AirplaneModeTile: getQSTileMultiState 2
04-18 14:01:15.769  2612  2612 E Tethering: No numeric data
04-18 14:01:15.769  3096  3207 D vol.VolumeDialogControl: onReceive ACTION_CONFIGURATION_CHANGED
04-18 14:01:15.779  3096 13772 D vol.VolumeDialogControl.VC: setLayoutDirection
04-18 14:01:15.779  3096  3096 V WallpaperService: relayout result: Surface(name=null)/@0x1e41d6c, frame=Rect(0, 0 - 1080, 1920),relayoutResult:1, mConfiguration{0 1.0 themeSeq = 0 showBtnBg = -1 ?mcc?mnc en_US ?layoutDir ?swdp ?wdp ?hdp ?density ?lsize ?long ?orien ?uimode ?night ?touch ?keyb/?/? ?nav/?}
04-18 14:01:15.779  3096  3096 V WallpaperService: Wallpaper size has changed: (1080, 1920)
04-18 14:01:15.779  3096  3096 D ImageWallpaper: onSurfaceRedrawNeeded: newRotation:2
04-18 14:01:15.779  3096  3096 D ImageWallpaper: drawFrame:false rotation:1 mLastRotation:0
04-18 14:01:15.779  3096  3096 D WallpaperService: getDisplayId:0
04-18 14:01:15.779  3096  3096 D ImageWallpaper: surfaceWidth:1920 surfaceHeight:1920 getDisplayID:0
04-18 14:01:15.779  3096  3096 D ImageWallpaper: updateSurfaceSize Width : 1920 Height: 1920
04-18 14:01:15.779  3096  3096 D WallpaperService: BaseSurfaceHolder:setFixedSize[width]1920 [height]1920
04-18 14:01:15.779  3096  3096 D WallpaperService: BaseSurfaceHolder:onRelayoutContainer
04-18 14:01:15.779  3096  3096 D ImageWallpaper: SurfaceSize updated
04-18 14:01:15.779  3096  3096 D WallpaperService: finishDrawing
04-18 14:01:15.779  2612  3481 V WindowStateAnimator: Finishing drawing window Window{11270ee u0 d0 p3096 com.android.systemui.ImageWallpaper}: mDrawState=DRAW_PENDING
04-18 14:01:15.779  3096  3096 D ViewRootImpl: MSG_RESIZED_REPORT: ci=Rect(0, 0 - 0, 0) vi=Rect(0, 0 - 0, 0) or=2
04-18 14:01:15.779  3096  3096 D QSPanel : getMultiTileLineHeight = 15
04-18 14:01:15.779  3096  3096 D QSPanel : getMultiTileLineHeight = 15
04-18 14:01:15.779  3096  3096 D QSPanel : getMultiTileLineHeight = 15
04-18 14:01:15.779  5229  5229 D ResourcesManager: For user 0 new overlays fetched Null
04-18 14:01:15.779  2612  2685 V MARsPolicyManager: updatePackagesScore PackageInfo name -- com.huuuge.stars.slots
04-18 14:01:15.789  3190  3190 D Recents : handleProxyCall type=6
04-18 14:01:15.789  2612  5167 D GameManagerService: identifyGamePackage. com.huuuge.stars.slots
04-18 14:01:15.799  3096  3584 D FlashlightTile: handleUpdateState :  MultiState[visible=true,icon=ResourceIcon[resId=0x7f02039f],label=Flashlight,contentDescription=Flashlight Button Off.,dualLabelContentDescription=null,autoMirrorDrawable=false,secondaryLabel=null,textTruncate=true,value=2,bgValue=0] arg : null
04-18 14:01:15.799  3096  3584 D HotspotTile: handleUpdateState :mState.value =  2, 2
04-18 14:01:15.799  3096  3096 D ImageWallpaper: onVisibilityChanged:false
04-18 14:01:15.799  3096  3096 D ImageWallpaper: drawFrame:false rotation:1 mLastRotation:0
04-18 14:01:15.799  3096  3096 D WallpaperService: getDisplayId:0
04-18 14:01:15.799  3096  3096 D ImageWallpaper: surfaceWidth:1920 surfaceHeight:1920 getDisplayID:0
04-18 14:01:15.799  3096  3096 D ImageWallpaper: updateSurfaceSize Width : 1920 Height: 1920
04-18 14:01:15.799  3096  3096 D WallpaperService: BaseSurfaceHolder:setFixedSize[width]1920 [height]1920
04-18 14:01:15.799  3096  3096 D ImageWallpaper: SurfaceSize not changed : Width : 1920 Height: 1920
04-18 14:01:15.799  3096  3096 D ImageWallpaper: drawFrame:[frame.width()]1080[frame.height()]1920
04-18 14:01:15.799  3096  3096 D ImageWallpaper: mScale:1.0
04-18 14:01:15.799  3096  3096 D ImageWallpaper: availw:0  availh:0
04-18 14:01:15.799  3096  3096 D ImageWallpaper: availwUnscaled:0  availhUnscaled:0
04-18 14:01:15.799  3096  3096 D ImageWallpaper: drawFrame() mXOffset:0.0 mYOffset:0.0
04-18 14:01:15.799  3096  3096 D libEGL  : eglInitialize EGLDisplay = 0xffd25284
04-18 14:01:15.799  2612  3012 D NetworkPolicy: isUidForegroundLocked: 10637, mScreenOn: true, uidstate: 2, mProxSensorScreenOff: false
04-18 14:01:15.799  2612  5167 D GameManagerService: identifyGamePackage. com.huuuge.stars.slots
04-18 14:01:15.809  3096  3096 D mali_winsys: new_window_surface returns 0x3000,  [1080x1920]-format:2
04-18 14:01:15.809  3096  3096 D ImageWallpaper: drawWallpaperWithOpenGL() w:0 h:0 left:0 top:0
04-18 14:01:15.809  3096  3096 D ImageWallpaper: drawWallpaperWithOpenGL  frame.width() : 1080  frame.height:1920
04-18 14:01:15.809  3096  3096 D ImageWallpaper: drawWallpaperWithOpenGL  bitmapWidth : 1080  bitmapHeight:1920
04-18 14:01:15.809  3096  3096 D ImageWallpaper: drawWallpaperWithOpenGL  left : 0 top : 0 right : 1080.0 bottom : 1920.0
04-18 14:01:15.809  5229  5229 D RelationGraph: garbageCollect()
04-18 14:01:15.809  5229  5229 D ContextRelationManager: ContextRelationManager() : FEATURE_ENABLED=true
04-18 14:01:15.839  3096  3096 D libEGL  : eglTerminate EGLDisplay = 0xffd252dc
04-18 14:01:15.839  3096  3096 D ImageWallpaper: finish drawWallpaperWithOpenGL
04-18 14:01:15.839  3096  3096 D PhoneStatusBar: setSystemUiVisibility vis=8000 mask=ffffffff oldVal=8600 newVal=8000 diff=600
04-18 14:01:15.839  2205  2205 D libEGL  : eglInitialize EGLDisplay = 0xffca241c
04-18 14:01:15.839  2205  2205 D libEGL  : eglTerminate EGLDisplay = 0xffca247c
04-18 14:01:15.849  2205  3174 D libEGL  : eglTerminate EGLDisplay = 0xf3c3f624
04-18 14:01:15.849  2205  3174 D libEGL  : eglTerminate EGLDisplay = 0xf3c3f624
04-18 14:01:15.849  3096  3415 D mali_winsys: new_window_surface returns 0x3000,  [1920x72]-format:1
04-18 14:01:15.849  3096  3096 D KeyguardEffectViewController: onLayoutChange() v: com.android.keyguard.effect.EffectBehindView{1666359 I.E...... ......ID 0,0-1920,72 #7f0e037a app:id/keyguard_effect_behind}, bottom : 72, oldBottom : 72
04-18 14:01:15.859  3096  3096 D NotificationStackScrollLayout:  scroll range should be extended : 1200
04-18 14:01:15.859  3096  3096 D QSPanel : getMultiTileLineHeight = 15
04-18 14:01:15.859  3096  3096 D QSPanel : getMultiTileLineHeight = 15
04-18 14:01:15.859  3096  3096 D QSPanel : getMultiTileLineHeight = 15
04-18 14:01:15.859  3096  3096 W View    : requestLayout() improperly called by com.android.systemui.qs.QSContainer{11baca V.E...... ......ID 0,348-1920,897 #7f0e020a app:id/quick_settings_container} during layout: running second layout pass
04-18 14:01:15.859  3096  3096 I ViewRootImpl: requestLayout is already in process
04-18 14:01:15.859  3096  3096 D QSPanel : getMultiTileLineHeight = 15
04-18 14:01:15.859  5229  5264 W System.err: remove failed: ENOENT (No such file or directory) : /data/user/0/com.huuuge.stars.slots/shared_prefs/branch_referral_shared_pref.xml.bak
04-18 14:01:15.859  5229  5265 W System.err: remove failed: ENOENT (No such file or directory) : /data/user/0/com.huuuge.stars.slots/shared_prefs/BNC_Server_Request_Queue.xml.bak
04-18 14:01:15.879  2612  3481 V WindowStateAnimator: Finishing drawing window Window{cccc577 u0 d0 p3096 StatusBar}: mDrawState=DRAW_PENDING
04-18 14:01:15.879  3096  3096 D vol.SecVolumeDialog: updateWindowWidth lp.width=1218, mCurrentWindowWidth = 1050
04-18 14:01:15.879  3096  3096 D WallpaperService: MSG_UPDATE_SURFACE
04-18 14:01:15.879  3096  3096 D WallpaperService: updateSurface:[forceRelayout]true[redrawNeeded]false
04-18 14:01:15.879  3096  3096 V WallpaperService: Changes: creating=false format=false size=true
04-18 14:01:15.879  3096  3096 V WallpaperService: currentWidth:1080 currentHeight:1920 requestedWidth:1920 requestedWidth:1920
04-18 14:01:15.879  3096  3096 D WallpaperService: relayout
04-18 14:01:15.879  3857  3857 D RelationGraph: garbageCollect()
04-18 14:01:15.889  2205  2205 D libEGL  : eglInitialize EGLDisplay = 0xffca241c
04-18 14:01:15.889  2205  2205 D libEGL  : eglTerminate EGLDisplay = 0xffca247c
04-18 14:01:15.889  3096  3108 D WallpaperService: resized:[frame]Rect(0, 0 - 1920, 1920) [newConfig] is null
04-18 14:01:15.889  3096  3096 V WallpaperService: relayout result: Surface(name=null)/@0x1e41d6c, frame=Rect(0, 0 - 1920, 1920),relayoutResult:1, mConfiguration{0 1.0 themeSeq = 0 showBtnBg = -1 ?mcc?mnc en_US ?layoutDir ?swdp ?wdp ?hdp ?density ?lsize ?long ?orien ?uimode ?night ?touch ?keyb/?/? ?nav/?}
04-18 14:01:15.889  5229  5229 D RelationGraph: garbageCollect()
04-18 14:01:15.889  3096  3096 V WallpaperService: Wallpaper size has changed: (1920, 1920)
04-18 14:01:15.889  3096  3096 V WallpaperService: onSurfaceChanged(android.service.wallpaper.WallpaperService$Engine$1@c9f9f35, 2, 1920, 1920): com.android.systemui.ImageWallpaper$DrawableEngine@a771fca
04-18 14:01:15.889  3096  3096 D ImageWallpaper: drawFrame:false rotation:1 mLastRotation:1
04-18 14:01:15.889  3096  3096 D ImageWallpaper: drawFrame:[frame.width()]1920[frame.height()]1920
04-18 14:01:15.889  3096  3096 D ImageWallpaper: mScale:1.7777778
04-18 14:01:15.889  3096  3096 D ImageWallpaper: availw:0  availh:-1493
04-18 14:01:15.889  3096  3096 D ImageWallpaper: availwUnscaled:840  availhUnscaled:0
04-18 14:01:15.889  3096  3096 D ImageWallpaper: drawFrame() mXOffset:0.0 mYOffset:0.0
04-18 14:01:15.889  3096  3096 D ImageWallpaper: mLastSurfaceWidth:1920 mLastSurfaceHeight:1920
04-18 14:01:15.889  3096  3096 D libEGL  : eglInitialize EGLDisplay = 0xffd251b4
04-18 14:01:15.899  3096  3096 D mali_winsys: new_window_surface returns 0x3000,  [1920x1920]-format:2
04-18 14:01:15.899  3096  3096 D ImageWallpaper: drawWallpaperWithOpenGL() w:0 h:-1493 left:0 top:-746
04-18 14:01:15.899  3096  3096 D ImageWallpaper: drawWallpaperWithOpenGL  frame.width() : 1920  frame.height:1920
04-18 14:01:15.899  3096  3096 D ImageWallpaper: drawWallpaperWithOpenGL  bitmapWidth : 1080  bitmapHeight:1920
04-18 14:01:15.899  3096  3096 D ImageWallpaper: drawWallpaperWithOpenGL  left : 0 top : -746 right : 1920.0 bottom : 2667.3333
04-18 14:01:15.909  5229  5229 I AppsFlyer: reportLaunch xPcmC6rPafKmCueR3W68Mk
04-18 14:01:15.919  5229  5229 I AppsFlyer_4.8.6: getDeepLinkData with activity null
04-18 14:01:15.919  2205  2205 D libEGL  : eglInitialize EGLDisplay = 0xffca241c
04-18 14:01:15.919  2205  2205 D libEGL  : eglTerminate EGLDisplay = 0xffca247c
04-18 14:01:15.929  5229  5229 D AppsFlyer_4.8.6: Install referrer is allowed
04-18 14:01:15.929  3096  3096 D libEGL  : eglTerminate EGLDisplay = 0xffd2520c
04-18 14:01:15.929  3096  3096 D ImageWallpaper: finish drawWallpaperWithOpenGL
04-18 14:01:15.929  3096  3096 D ImageWallpaper: onVisibilityChanged:false
04-18 14:01:15.929  3096  3096 D Clock   : received broadcast android.intent.action.CONFIGURATION_CHANGED
04-18 14:01:15.929  5229  5229 D AppsFlyer_4.8.6: Initializing AppsFlyer SDK: (v4.8.6.355)
04-18 14:01:15.929  2612  3012 D NetworkPolicy: isUidForegroundLocked: 10028, mScreenOn: true, uidstate: 3, mProxSensorScreenOff: false
04-18 14:01:15.939 14874 14874 D RelationGraph: garbageCollect()
04-18 14:01:15.939  5229  5229 I AppsFlyer_4.8.6: Starting AppsFlyer Tracking: (v4.8.6.355)
04-18 14:01:15.939  5229  5229 I AppsFlyer_4.8.6: Build Number: 355
04-18 14:01:15.939  5229  5229 D Device name: SM-A510F
04-18 14:01:15.939  3096  3096 D DateView: received broadcast android.intent.action.CONFIGURATION_CHANGED
04-18 14:01:15.939  3096  3096 D NotificationStackScrollLayout:  scroll range should be extended : 1272
04-18 14:01:15.939  3096  3096 D QSPanel : getMultiTileLineHeight = 15
04-18 14:01:15.939  3096  3096 D QSPanel : getMultiTileLineHeight = 15
04-18 14:01:15.939  3096  3096 D QSPanel : getMultiTileLineHeight = 15
04-18 14:01:15.939  3096  3096 D PanelView: updateQsState
04-18 14:01:15.939  3096  3096 D QSPanel : getMultiTileLineHeight = 15
04-18 14:01:15.949  3096  3096 D QSPanel : getMultiTileLineHeight = 15
04-18 14:01:15.949  3096  3096 D KeyguardSwipeHelper: reset()
04-18 14:01:15.949  3096  3096 D KeyguardUnlockEventHandler: reset()
04-18 14:01:15.949  3096  3096 D KeyguardSwipeHelper: resetChildViewVI()
04-18 14:01:15.949  3096  3096 D WallpaperService: MSG_WINDOW_RESIZED
04-18 14:01:15.949  3096  3096 D WallpaperService: updateSurface:[forceRelayout]true[redrawNeeded]true
04-18 14:01:15.949  3096  3096 V WallpaperService: Changes: creating=false format=false size=false
04-18 14:01:15.949  3096  3096 V WallpaperService: currentWidth:1920 currentHeight:1920 requestedWidth:1920 requestedWidth:1920
04-18 14:01:15.949  3096  3096 D WallpaperService: relayout
04-18 14:01:15.949  3096  3096 V WallpaperService: relayout result: Surface(name=null)/@0x1e41d6c, frame=Rect(0, 0 - 1920, 1920),relayoutResult:1, mConfiguration{0 1.0 themeSeq = 0 showBtnBg = -1 ?mcc?mnc en_US ?layoutDir ?swdp ?wdp ?hdp ?density ?lsize ?long ?orien ?uimode ?night ?touch ?keyb/?/? ?nav/?}
04-18 14:01:15.949  3096  3096 V WallpaperService: Wallpaper size has changed: (1920, 1920)
04-18 14:01:15.949  3096  3096 D ImageWallpaper: onSurfaceRedrawNeeded: newRotation:2
04-18 14:01:15.949  3096  3096 D ImageWallpaper: drawFrame:false rotation:1 mLastRotation:1
04-18 14:01:15.949  3096  3096 D ImageWallpaper: drawFrame:[frame.width()]1920[frame.height()]1920
04-18 14:01:15.949  3096  3096 D ImageWallpaper: mScale:1.7777778
04-18 14:01:15.949  3096  3096 D ImageWallpaper: availw:0  availh:-1493
04-18 14:01:15.949  3096  3096 D ImageWallpaper: availwUnscaled:840  availhUnscaled:0
04-18 14:01:15.949  3096  3096 D ImageWallpaper: drawFrame() mXOffset:0.0 mYOffset:0.0
04-18 14:01:15.949  3096  3096 D libEGL  : eglInitialize EGLDisplay = 0xffd251c4
04-18 14:01:15.959  2205  2205 D libEGL  : eglInitialize EGLDisplay = 0xffca241c
04-18 14:01:15.959  3096  3096 D mali_winsys: new_window_surface returns 0x3000,  [1920x1920]-format:2
04-18 14:01:15.959  3096  3096 D ImageWallpaper: drawWallpaperWithOpenGL() w:0 h:-1493 left:0 top:-746
04-18 14:01:15.959  3096  3096 D ImageWallpaper: drawWallpaperWithOpenGL  frame.width() : 1920  frame.height:1920
04-18 14:01:15.959  3096  3096 D ImageWallpaper: drawWallpaperWithOpenGL  bitmapWidth : 1080  bitmapHeight:1920
04-18 14:01:15.959  3096  3096 D ImageWallpaper: drawWallpaperWithOpenGL  left : 0 top : -746 right : 1920.0 bottom : 2667.3333
04-18 14:01:15.959  5229  5229 D com.huuuge.casino.BootActivity: files dir: /data/user/0/com.huuuge.stars.slots/files
04-18 14:01:15.959  2612  3272 D PowerManagerService: [api] acquire WakeLock flags=0x1000000a tag=Claw uid=10637 pid=5229
04-18 14:01:15.969  5229  5229 D com.huuuge.casino.BootActivity: external dir: /storage/emulated/0/Android/data/com.huuuge.stars.slots/files/
04-18 14:01:15.969  5229  5229 D ClawActivity: Create input manager
04-18 14:01:15.969  2205  2205 D libEGL  : eglInitialize EGLDisplay = 0xffca241c
04-18 14:01:15.969  2205  2205 D libEGL  : eglTerminate EGLDisplay = 0xffca247c
04-18 14:01:15.989  3096  3096 D libEGL  : eglTerminate EGLDisplay = 0xffd2521c
04-18 14:01:15.989  3096  3096 D ImageWallpaper: finish drawWallpaperWithOpenGL
04-18 14:01:15.989  3096  3096 D WallpaperService: finishDrawing
04-18 14:01:15.989  2612  3483 V WindowStateAnimator: Finishing drawing window Window{11270ee u0 d0 p3096 com.android.systemui.ImageWallpaper}: mDrawState=DRAW_PENDING
04-18 14:01:15.999  5229  5277 W System.err: remove failed: ENOENT (No such file or directory) : /data/user/0/com.huuuge.stars.slots/files/AppEventsLogger.persistedevents
04-18 14:01:15.999  5229  5274 D GraphRequest: Warning: Request without access token missing application ID or client token.
04-18 14:01:16.009  5229  5229 W System.err: remove failed: ENOENT (No such file or directory) : /data/user/0/com.huuuge.stars.slots/shared_prefs/hg_notifications_prefs.xml.bak
04-18 14:01:16.009  5229  5268 I System.out: (HTTPLog)-Static: isSBSettingEnabled false
04-18 14:01:16.009  5229  5268 I System.out: (HTTPLog)-Static: isSBSettingEnabled false
04-18 14:01:16.009  2218  2767 D EnterpriseController: netId is 0
04-18 14:01:16.009  2218  2767 D Netd    : getNetworkForDns: using netid 502 for uid 10637
04-18 14:01:16.009  5229  5274 I System.out: (HTTPLog)-Static: isSBSettingEnabled false
04-18 14:01:16.009  5229  5274 I System.out: (HTTPLog)-Static: isSBSettingEnabled false
04-18 14:01:16.019  2218  2767 D EnterpriseController: netId is 0
04-18 14:01:16.019  2218  2767 D Netd    : getNetworkForDns: using netid 502 for uid 10637
04-18 14:01:16.019  5229  5229 W System.err: remove failed: ENOENT (No such file or directory) : /data/user/0/com.huuuge.stars.slots/shared_prefs/helpshiftTempKeys.xml.bak
04-18 14:01:16.019  2205  2205 D libEGL  : eglInitialize EGLDisplay = 0xffca241c
04-18 14:01:16.289  5229  5264 W System.err: remove failed: ENOENT (No such file or directory) : /data/user/0/com.huuuge.stars.slots/shared_prefs/HSJsonData.xml.bak
04-18 14:01:16.319  5229  5282 W System.err: remove failed: ENOENT (No such file or directory) : /data/user/0/com.huuuge.stars.slots/databases/__hs__db_error_reports
04-18 14:01:16.319  5229  5282 W System.err: remove failed: ENOENT (No such file or directory) : /data/user/0/com.huuuge.stars.slots/databases/__hs__db_error_reports-journal
04-18 14:01:16.319  5229  5282 W System.err: remove failed: ENOENT (No such file or directory) : /data/user/0/com.huuuge.stars.slots/databases/__hs__db_error_reports-shm
04-18 14:01:16.319  5229  5282 W System.err: remove failed: ENOENT (No such file or directory) : /data/user/0/com.huuuge.stars.slots/databases/__hs__db_error_reports-wal
04-18 14:01:16.369  5229  5229 I com.huuuge.casino.BootActivity: initializing ER crash reporting
04-18 14:01:16.379  2612  2627 D VirtualScreenPolicy: applyVirtualScreenAttrs attrs=VirtualScreenAttrs{mDisplayId=0, mBaseDisplayId=0, mBaseActivity=false}
04-18 14:01:16.379  2612  2724 D ViewRootImpl: MSG_RESIZED_REPORT: ci=Rect(0, 0 - 0, 0) vi=Rect(0, 0 - 0, 0) or=2
04-18 14:01:16.379  2612  2627 D ResourcesManager: For user 0 new overlays fetched Null
04-18 14:01:16.379  2612  2627 D GameManagerService: identifyGamePackage. com.google.android.packageinstaller
04-18 14:01:16.379  2612  2627 D MultiWindowPolicy: Gamemode - return 0,  when calling  identifyForegroundApp(com.google.android.packageinstaller)
04-18 14:01:16.379  2612  2627 D CustomFrequencyManagerService: releaseDVFSLockLocked : Getting Lock type frm List : DVFS_MIN_LIMIT  frequency : 1500000  uid : 1000  pid : 2612  tag : ACTIVITY_RESUME_BOOSTER@3
04-18 14:01:16.379  2612  2627 D CustomFrequencyManagerService: acquireDVFSLockLocked : type : DVFS_MIN_LIMIT  frequency : 1500000  uid : 1000  pid : 2612  pkgName : ACTIVITY_RESUME_BOOSTER@3
04-18 14:01:16.379  2612  2627 D ActivityManager: mDVFSHelper.acquire()
04-18 14:01:16.379  2612  2627 V WindowManager: addAppToken: AppWindowToken{d083c5f1f token=Token{701a2be ActivityRecord{fcf4579 u0 com.google.android.packageinstaller/com.android.packageinstaller.permission.ui.GrantPermissionsActivity t816}}} to stack=1 task=816 at 1
04-18 14:01:16.379  2612  2687 D StatusBarManagerService: manageDisableList userId=0 what=0x0 pkg=Window{4f7b23c u0 d0 p2612 Starting com.huuuge.stars.slots}
04-18 14:01:16.399  2612  2627 D ActivityTrigger: ActivityTrigger activityPauseTrigger 
04-18 14:01:16.399  2612  2627 D InputDispatcher: Focused application set to: xxxx
04-18 14:01:16.409  5229  5229 W System.err: remove failed: ENOENT (No such file or directory) : /data/user/0/com.huuuge.stars.slots/shared_prefs/com.huuuge.stars.prefs.xml.bak
04-18 14:01:16.409  2612  3005 I MediaFocusControl:  AudioFocus  requestAudioFocus() from android.media.AudioManager$242842ecom.Claw.Android.ClawActivity$1$42c7bcf req=1flags=0x0
04-18 14:01:16.409 13774 13774 D AudioManager: AudioManager dispatching onAudioFocusChange(-1) for android.media.AudioManager$b23aeaecom.Claw.Android.ClawActivity$1$5fe944f
04-18 14:01:16.409  5229  5229 D ClawActivity: onStart: AudioFocus granted = 1
04-18 14:01:16.409 13774 13774 D ClawActivity: onAudioFocusChange: -1
04-18 14:01:16.409  5229  5229 I BranchSDK: Branch Warning: You are using your test app's Branch Key. Remember to change it to live Branch Key during deployment.
04-18 14:01:16.419  2612  2724 V WindowStateAnimator: Finishing drawing window Window{4f7b23c u0 d0 p2612 Starting com.huuuge.stars.slots}: mDrawState=DRAW_PENDING
04-18 14:01:16.429  2205  2205 D libEGL  : eglInitialize EGLDisplay = 0xffca241c
04-18 14:01:16.499  2612  3270 D ConnectivityService: returning getNetworkInfo for network type 1 : [type: WIFI[] - WIFI, state: CONNECTED/CONNECTED, reason: (unspecified), extra: "HuuugeQA", roaming: false, failover: false, isAvailable: true]
04-18 14:01:16.509  5229  5300 I System.out: (HTTPLog)-Static: isSBSettingEnabled false
04-18 14:01:16.509  5229  5300 I System.out: (HTTPLog)-Static: isSBSettingEnabled false
04-18 14:01:16.509  2218  2767 D EnterpriseController: netId is 0
04-18 14:01:16.509  2218  2767 D Netd    : getNetworkForDns: using netid 502 for uid 10637
04-18 14:01:16.519  5229  5303 I System.out: (HTTPLog)-Static: isSBSettingEnabled false
04-18 14:01:16.519  5229  5303 I System.out: (HTTPLog)-Static: isSBSettingEnabled false
04-18 14:01:16.519  5229  5229 I AppsFlyer_4.8.6: onBecameForeground
04-18 14:01:16.519  5229  5229 I AppsFlyer_4.8.6: Sending first launch for this session!
04-18 14:01:16.519  2612  3136 I MediaFocusControl:  AudioFocus  requestAudioFocus() from android.media.AudioManager$242842ecom.Claw.Android.ClawActivity$1$42c7bcf req=1flags=0x0
04-18 14:01:16.519  5229  5229 D ClawActivity: onResume: AudioFocus granted = 1
04-18 14:01:16.529  5229  5229 D ViewRootImpl: #1 mView = com.android.internal.policy.PhoneWindow$DecorView{2ada58d I.E...... R.....ID 0,0-0,0}
04-18 14:01:16.539  5229  5306 D OpenGLRenderer: Use EGL_SWAP_BEHAVIOR_PRESERVED: true
04-18 14:01:16.539  2612  3268 D ActivityManager: post active user change for 0 fullscreen true isFloatingActivity() false isHomeActivity() false
04-18 14:01:16.539  2612  3268 D KnoxTimeoutHandler: postActiveUserChange [MsgParam] userId: 0 fullscreen is true showWhenlocked is false
04-18 14:01:16.539  2612  2612 D KnoxTimeoutHandler: handleActiveUserChange [MsgParam] userId: 0 fullscreen is true showWhenlocked is false
04-18 14:01:16.539  2612  2612 I KnoxTimeoutHandler: Shared devices show user statefalse
04-18 14:01:16.539  5229  5229 D AppsFlyer_4.8.6: InstallReferrer connected
04-18 14:01:16.549  5229  5229 D RelationGraph: garbageCollect()
04-18 14:01:16.549  2205  2205 I SurfaceFlinger: id=415 createSurf (2160x1920),-1 flag=20004, ClackSurfac
04-18 14:01:16.549  2612  3012 D NetworkPolicy: isUidForegroundLocked: 10028, mScreenOn: true, uidstate: 16, mProxSensorScreenOff: false
04-18 14:01:16.549  2612  3487 D PowerManagerService: [api] release WakeLock flags=0x1000000a tag=Claw uid=10637 pid=5229 (0x0)
04-18 14:01:16.549  2612  3268 I WindowManager: Screen frozen for +919ms due to AppWindowToken{d047c380d token=Token{52b2a4 ActivityRecord{798ad37 u0 com.huuuge.stars.slots/com.huuuge.casino.BootActivity t816}}}
04-18 14:01:16.559  2205  2205 I SurfaceFlinger: id=416 createSurf (1080x3840),-1 flag=20004, ClackSurfac
04-18 14:01:16.559  2205  2205 I SurfaceFlinger: id=417 createSurf (2160x1920),-1 flag=20004, ClackSurfac
04-18 14:01:16.559  2205  2205 I SurfaceFlinger: id=418 createSurf (1080x3840),-1 flag=20004, ClackSurfac
04-18 14:01:16.559  2612  3268 D InputDispatcher: setInputDispatchMode: enabled=1, frozen=0
04-18 14:01:16.559  5229  5310 I System.out: (HTTPLog)-Static: isSBSettingEnabled false
04-18 14:01:16.559  5229  5310 I System.out: (HTTPLog)-Static: isSBSettingEnabled false
04-18 14:01:16.559 28438 28438 D RelationGraph: garbageCollect()
04-18 14:01:16.559  2612  3268 D ActivityManager:  Launching com.google.android.packageinstaller, updated priority
04-18 14:01:16.559  2612  2612 D GameManagerService: NotifyRunnable. pkg: com.google.android.packageinstaller, type: 4, isMinimized: false, isTunableApp: false
04-18 14:01:16.559  2612  2612 D GameManagerService: do nothing. mKillNotiCount: 3
04-18 14:01:16.559  2612  2685 V MARsPolicyManager: updatePackagesScore PackageInfo name -- com.google.android.packageinstaller
04-18 14:01:16.569  2612  3660 D SensorService: SensorEventConnection::SocketBufferSize, SystemSocketBufferSize - 4096, 2097152
04-18 14:01:16.569  2612  3481 I bsthal  : bhy_batch: handle=1, flags=0, period_ns=10000000, timeout=0
04-18 14:01:16.569  2612  3481 D bsthal  : Replace timeout to 0
04-18 14:01:16.569  2612  3481 I bsthal  : bhy_activate: handle=1, enabled=1
04-18 14:01:16.569  5229  5229 D SensorManager: registerListener :: 7184, BOSCH Accelerometer Sensor, 0, 0,  
04-18 14:01:16.569  2612  3264 D SensorService: SensorEventConnection::SocketBufferSize, SystemSocketBufferSize - 4096, 2097152
04-18 14:01:16.569  2612  4192 I Sensors : Magneitc enable: mEnabled 0, handle 2, en 1
04-18 14:01:16.569  2612  5167 D GameManagerService: identifyGamePackage. com.google.android.packageinstaller
04-18 14:01:16.569  2612  5167 D GameManagerService: identifyGamePackage. com.google.android.packageinstaller
04-18 14:01:16.569 28438 28438 D ResourcesManager: For user 0 new overlays fetched Null
04-18 14:01:16.579 28438 28438 D ResourcesManager: For user 0 new overlays fetched Null
04-18 14:01:16.599  2612  4192 E yas     : [GEOMAGNETIC SENSOR]: Magnetic_Enable 1
04-18 14:01:16.599  5229  5229 D SensorManager: registerListener :: 2, YAS537 Magnetic field Sensor, 0, 0,  
04-18 14:01:16.599  2205  2205 I SurfaceFlinger: id=419 createSurf (1920x1080),1 flag=4, CootActivit
04-18 14:01:16.609  5259  5259 D AndroidRuntime: >>>>>> START com.android.internal.os.RuntimeInit uid 2000 <<<<<<
04-18 14:01:16.609  2612  2934 I bsthal  : Sensor [26] sample rate changed, type is 254
04-18 14:01:16.609  2612  2934 I bsthal  : Sensor [1] sample rate changed, type is 254
04-18 14:01:16.609  2612  2687 V WindowOrientationListener: OrientationSensorJudge.onSensorChanged, Rotation: -1
04-18 14:01:16.619  5259  5259 D AndroidRuntime: CheckJNI is OFF
04-18 14:01:16.619  5259  5259 D AndroidRuntime: readGMSProperty: start
04-18 14:01:16.619  5259  5259 D AndroidRuntime: readGMSProperty: already setted!!
04-18 14:01:16.619  5259  5259 D AndroidRuntime: propertySet: couldn't set property (it is from app)
04-18 14:01:16.619  5259  5259 D AndroidRuntime: readGMSProperty: could not set the property(default)!!
04-18 14:01:16.619  5259  5259 D AndroidRuntime: readGMSProperty: end
04-18 14:01:16.619  5259  5259 D AndroidRuntime: addProductProperty: start
04-18 14:01:16.639 28438 28438 D ViewRootImpl: #1 mView = com.android.internal.policy.PhoneWindow$DecorView{857e40f I.E...... R.....I. 0,0-0,0}
04-18 14:01:16.639  2612  3660 D ActivityManager: post active user change for 0 fullscreen false isFloatingActivity() false isHomeActivity() false
04-18 14:01:16.639  2612  3660 D KnoxTimeoutHandler: postActiveUserChange [MsgParam] userId: 0 fullscreen is false showWhenlocked is false
04-18 14:01:16.639  2612  2612 D KnoxTimeoutHandler: handleActiveUserChange [MsgParam] userId: 0 fullscreen is false showWhenlocked is false
04-18 14:01:16.649  2612  2612 I KnoxTimeoutHandler: Shared devices show user statefalse
04-18 14:01:16.649  2612  2612 I KnoxTimeoutHandler: Target Activity is not fullscreen. We will not show this activity0
04-18 14:01:16.649  2205  2205 I SurfaceFlinger: id=420 createSurf (145x145),1 flag=4, HrantPermis
04-18 14:01:16.659  5229  5306 D libEGL  : loaded /vendor/lib/egl/libGLES_mali.so
04-18 14:01:16.669  2612  3136 D InputDispatcher: Focus entered window: 28438
04-18 14:01:16.669  5259  5259 D ICU     : No timezone override file found: /data/misc/zoneinfo/current/icu/icu_tzdata.dat
04-18 14:01:16.669  2612  2724 D PointerIcon: setMouseIconStyle1 pointerType: 1001 iconType:101 flag:0 pid:2612 uid:1000
04-18 14:01:16.669  2612  2724 D PointerIcon: setMouseCustomIcon IconType is same.101
04-18 14:01:16.669 28438 28468 D mali_winsys: new_window_surface returns 0x3000,  [1416x1224]-format:1
04-18 14:01:16.669  5229  5305 I AppsFlyer_4.8.6: sendTrackingWithEvent from activity: com.huuuge.casino.BootActivity
04-18 14:01:16.679  5229  5305 I AppsFlyer_4.8.6: Trying to fetch GAID..
04-18 14:01:16.679  5229  5264 W System.err: remove failed: ENOENT (No such file or directory) : /data/user/0/com.huuuge.stars.slots/shared_prefs/appsflyer-data.xml.bak
04-18 14:01:16.679 28438 28438 D ViewRootImpl: MSG_RESIZED_REPORT: ci=Rect(0, 0 - 0, 0) vi=Rect(0, 0 - 0, 0) or=2
04-18 14:01:16.679  2612  3481 D InputMethodManagerService: windowGainedFocus mCurrentFocusedUserId - 0 and mSecureKeypadEnabled-false
04-18 14:01:16.679 13661 13661 D SamsungIME: IMPL finishInput
04-18 14:01:16.679 13661 13661 D SamsungIME: SwiftKeyWrapper writeDBdataToFileOnFinishInput
04-18 14:01:16.679 13661 13661 D SamsungIME: saveAndClear +
04-18 14:01:16.679 13661 13661 D SamsungIME: saveAndClear -
04-18 14:01:16.679  5229  5306 D libEGL  : eglInitialize EGLDisplay = 0xdd9b07c4
04-18 14:01:16.679  5229  5306 I OpenGLRenderer: Initialized EGL, version 1.4
04-18 14:01:16.689 13661 13661 D SamsungIME: onStartInput: No inputType, No imeOption, isInputViewShown = false, isExtractViewShown = false, isShowInputRequested = false, isConfigChanged = true
04-18 14:01:16.689 13661 13661 I SamsungIME: putCacheDrawable inputModule=0 key =ICON_SETTING
04-18 14:01:16.689  3857  3857 D RelationGraph: garbageCollect()
04-18 14:01:16.689  5259  5259 W CscFeature: mpsCode : none
04-18 14:01:16.689  5259  5259 W CscFeature: OMC_OTHERS_PATH : none/others.xml
04-18 14:01:16.689  5229  5306 D mali_winsys: new_window_surface returns 0x3000,  [1920x1080]-format:1
04-18 14:01:16.699  5259  5259 W CscFeature: org.xmlpull.v1.XmlPullParserException: expected: /CscFeature_VoiceCall_ConfigOpStyleForRoaming read: FeatureSet (position:END_TAG </FeatureSet>@28:18 in java.io.InputStreamReader@5b59c3d) 
04-18 14:01:16.699  2205  2205 I SurfaceFlinger: id=421 createSurf (1920x1080),4 flag=404, TurfaceView
04-18 14:01:16.699  2205  2205 D libEGL  : eglInitialize EGLDisplay = 0xffca241c
04-18 14:01:16.709  5229  5294 D libEGL  : eglInitialize EGLDisplay = 0xde3bf4c4
04-18 14:01:16.709  2612  2626 V WindowStateAnimator: Finishing drawing window Window{9445304 u0 d0 p28438 com.google.android.packageinstaller/com.android.packageinstaller.permission.ui.GrantPermissionsActivity}: mDrawState=DRAW_PENDING
04-18 14:01:16.709  5229  5294 D Context factory: creating OpenGL ES context
04-18 14:01:16.709 28438 28438 I Timeline: Timeline: Activity_idle id: android.os.BinderProxy@655656e time:17246904
04-18 14:01:16.709  5229  5294 D mali_winsys: new_window_surface returns 0x3000,  [1920x1080]-format:4
04-18 14:01:16.719  2205  2205 D libEGL  : eglInitialize EGLDisplay = 0xffca241c
04-18 14:01:16.719  2612  3270 V WindowStateAnimator: Finishing drawing window Window{fc14e0f u0 d0 p5229 SurfaceView}: mDrawState=DRAW_PENDING
04-18 14:01:16.719  2612  2724 D KnoxTimeoutHandler: notifyActivityDrawn [MsgParam] userId: 0 fullscreen is false showWhenlocked is false
04-18 14:01:16.719  2612  2612 D KnoxTimeoutHandler: activityDrawn [MsgParam] userId: 0 fullscreen is false showWhenlocked is false
04-18 14:01:16.719  2612  2612 I KnoxTimeoutHandler: SD activityfalse
04-18 14:01:16.719  2612  2724 I ActivityManager: Displayed com.google.android.packageinstaller/com.android.packageinstaller.permission.ui.GrantPermissionsActivity: +165ms (total +1s156ms)
04-18 14:01:16.719  2612  2724 I Timeline: Timeline: Activity_windows_visible id: ActivityRecord{fcf4579 u0 com.google.android.packageinstaller/com.android.packageinstaller.permission.ui.GrantPermissionsActivity t816} time:17246919
04-18 14:01:16.719  2612  2685 D ActivityTrigger: ActivityTrigger activityStopTrigger 
04-18 14:01:16.719  2612  2724 D CustomFrequencyManagerService: releaseDVFSLockLocked : Getting Lock type frm List : DVFS_MIN_LIMIT  frequency : 1500000  uid : 1000  pid : 2612  tag : ACTIVITY_RESUME_BOOSTER@3
04-18 14:01:16.719  2612  2724 D ActivityManager: mDVFSHelper.release()
04-18 14:01:16.729  2612  2685 D ActivityTrigger: ActivityTrigger activityStopTrigger 
04-18 14:01:16.729  2612  2724 D ViewRootImpl: #3 mView = null
04-18 14:01:16.729  5259  5259 I Radio-JNI: register_android_hardware_Radio DONE
04-18 14:01:16.729  3470  3470 D Launcher.HomeView: onStop
04-18 14:01:16.729  3470  3470 D capture : ----destroy
04-18 14:01:16.729  2612  2685 D CustomFrequencyManagerService: acquireDVFSLockLocked : type : DVFS_MIN_LIMIT  frequency : 1500000  uid : 1000  pid : 2612  pkgName : ACTIVITY_RESUME_BOOSTER@9
04-18 14:01:16.739  3470  3470 D Launcher: onTrimMemory. Level: 20
04-18 14:01:16.739  5259  5259 E AffinityControl: AffinityControl: registerfunction enter
04-18 14:01:16.739  3470  3470 V ActivityThread: updateVisibility : ActivityRecord{eb2770f token=android.os.BinderProxy@9739e9d {com.sec.android.app.launcher/com.sec.android.app.launcher.activities.LauncherActivity}} show : false
04-18 14:01:16.749  5229  5294 D ClawActivityCommon: Checking for: data-fonts.pak
04-18 14:01:16.749  5229  5294 D ClawActivityCommon: Descriptor found offset=29708152 length=19573522
04-18 14:01:16.749  2612  2724 V WindowManager: Dim Duration=200
04-18 14:01:16.759  5229  5294 D ClawActivityCommon: Checking for: data-splash.pak
04-18 14:01:16.759  2612  3272 V WindowStateAnimator: Finishing drawing window Window{fc14e0f u0 d0 p5229 SurfaceView}: mDrawState=READY_TO_SHOW
04-18 14:01:16.759  5229  5294 D ClawActivityCommon: Descriptor found offset=49784600 length=12642540
04-18 14:01:16.759  5229  5294 D ClawActivityCommon: Checking for: data-splash-i18n.pak
04-18 14:01:16.759  5229  5294 D ClawActivityCommon: Descriptor found offset=49784468 length=80
04-18 14:01:16.759  5229  5294 D ClawActivityCommon: Checking for: data-embedded-paks.pak
04-18 14:01:16.759  5229  5294 D ClawActivityCommon: Descriptor found offset=29705340 length=2754
04-18 14:01:16.759  5229  5294 D ClawActivityCommon: Checking for: data-latest-override.pak
04-18 14:01:16.759  5229  5294 D ClawActivityCommon: Descriptor found offset=49585680 length=198
04-18 14:01:16.759  5259  5259 D AndroidRuntime: Calling main entry com.android.commands.pm.Pm
04-18 14:01:16.769  5259  5259 I art     : System.exit called, status: 0
04-18 14:01:16.769  5259  5259 I AndroidRuntime: VM exiting with result code 0.
04-18 14:01:16.779  5229  5306 D libGLESv1: DTS_GLAPI : DTS is not allowed for Package : com.huuuge.stars.slots
04-18 14:01:16.789  2205  2205 D libEGL  : eglInitialize EGLDisplay = 0xffca241c
04-18 14:01:16.799  2205  2205 D libEGL  : eglInitialize EGLDisplay = 0xffca241c
04-18 14:01:16.799  2205  2205 D libEGL  : eglInitialize EGLDisplay = 0xffca241c
