04-23 16:33:36.449 25460 25981 I Claw    : [0m[      23.823] [30;1mjni/../jni/src/claw/vfs/NativeMount.cpp:244: Aquire java class for JNI method: com/Claw/Android/NativeMount
04-23 16:33:36.459 25460 25981 I Claw    : [0m[      23.823] [30;1mjni/../jni/src/claw/vfs/NativeMount.cpp:244: JNI class acquired, acquire java method: GetFreeDiskSpace with args: (Ljava/lang/String;)J
04-23 16:33:36.459 25460 25881 I Claw    : [0m[      23.823] [30;1mjni/../jni/src/claw/graphics/surface/SurfaceHW.cpp:883: Surface  xy: 4, uv: 4, tri: 2
04-23 16:33:36.459 25460 25881 I Claw    : [0m[      23.824] [30;1mjni/../jni/src/claw/graphics/surface/SurfaceHW.cpp:883: Surface  xy: 4, uv: 4, tri: 2
04-23 16:33:36.459 25460 25981 I Claw    : [0m[      23.824] [30;1mjni/../jni/src/claw/vfs/NativeMount.cpp:244: Aquire java class for JNI method: com/Claw/Android/NativeMount
04-23 16:33:36.459 25460 25981 I Claw    : [0m[      23.824] [30;1mjni/../jni/src/claw/vfs/NativeMount.cpp:244: JNI class acquired, acquire java method: GetFreeDiskSpace with args: (Ljava/lang/String;)J
04-23 16:33:36.459 25460 25881 I Claw    : [0m[      23.825] [30;1mjni/../jni/src/claw/graphics/surface/SurfaceHW.cpp:883: Surface  xy: 15, uv: 21, tri: 13
04-23 16:33:36.459 25460 25981 I Claw    : [0m[      23.825] [30;1mjni/../jni/src/claw/vfs/NativeMount.cpp:244: Aquire java class for JNI method: com/Claw/Android/NativeMount
04-23 16:33:36.459 25460 25981 I Claw    : [0m[      23.826] [30;1mjni/../jni/src/claw/vfs/NativeMount.cpp:244: JNI class acquired, acquire java method: GetFreeDiskSpace with args: (Ljava/lang/String;)J
04-23 16:33:36.459 25460 25881 I Claw    : [0m[      23.826] [30;1mjni/../jni/src/claw/graphics/surface/SurfaceHW.cpp:883: Surface  xy: 16, uv: 22, tri: 14
04-23 16:33:36.459 25460 25981 I Claw    : [0m[      23.827] [30;1mjni/../jni/src/claw/vfs/NativeMount.cpp:244: Aquire java class for JNI method: com/Claw/Android/NativeMount
04-23 16:33:36.459 25460 25981 I Claw    : [0m[      23.827] [30;1mjni/../jni/src/claw/vfs/NativeMount.cpp:244: JNI class acquired, acquire java method: GetFreeDiskSpace with args: (Ljava/lang/String;)J
04-23 16:33:36.459 25460 25881 I Claw    : [0m[      23.827] [30;1mjni/../jni/src/claw/graphics/surface/SurfaceHW.cpp:883: Surface  xy: 16, uv: 22, tri: 14
04-23 16:33:36.459 25460 25981 I Claw    : [0m[      23.828] [30;1mjni/../jni/src/claw/vfs/android/AndroidSaveFile.cpp:82: Open new save assetcache/atlas_controlled_experience_1_etc2.pak.meta
04-23 16:33:36.459 25460 25881 I Claw    : [0m[      23.828] [30;1mjni/../jni/src/claw/graphics/surface/SurfaceHW.cpp:883: Surface  xy: 11, uv: 15, tri: 9
04-23 16:33:36.459 25460 25981 I Claw    : [0m[      23.829] [30;1mjni/../jni/src/claw/vfs/NativeMount.cpp:244: Aquire java class for JNI method: com/Claw/Android/NativeMount
04-23 16:33:36.459 25460 25981 I Claw    : [0m[      23.829] [30;1mjni/../jni/src/claw/vfs/NativeMount.cpp:244: JNI class acquired, acquire java method: GetFreeDiskSpace with args: (Ljava/lang/String;)J
04-23 16:33:36.459 25460 25881 I Claw    : [0m[      23.829] [30;1mjni/../jni/src/claw/graphics/surface/SurfaceHW.cpp:883: Surface  xy: 16, uv: 22, tri: 14
04-23 16:33:36.459 25460 25881 I Claw    : [0m[       23.83] [30;1mjni/../jni/src/claw/graphics/surface/SurfaceHW.cpp:883: Surface  xy: 4, uv: 4, tri: 2
04-23 16:33:36.459 25460 25881 I Claw    : [0m[       23.83] [30;1mjni/../jni/src/claw/graphics/surface/SurfaceHW.cpp:883: Surface  xy: 4, uv: 4, tri: 2
04-23 16:33:36.459 25460 25881 I Claw    : [0m[      23.831] [30;1mjni/../jni/src/claw/graphics/surface/SurfaceHW.cpp:883: Surface  xy: 4, uv: 4, tri: 2
04-23 16:33:36.459 25460 25981 I Claw    : [0m[      23.831] [30;1mjni/../jni/src/claw/vfs/NativeMount.cpp:244: Aquire java class for JNI method: com/Claw/Android/NativeMount
04-23 16:33:36.459 25460 25981 I Claw    : [0m[      23.831] [30;1mjni/../jni/src/claw/vfs/NativeMount.cpp:244: JNI class acquired, acquire java method: GetFreeDiskSpace with args: (Ljava/lang/String;)J
04-23 16:33:36.459 25460 25881 I Claw    : [0m[      23.831] [30;1mjni/../jni/src/claw/graphics/surface/SurfaceHW.cpp:883: Surface  xy: 8, uv: 10, tri: 6
04-23 16:33:36.459 25460 25881 I Claw    : [0m[      23.832] [30;1mjni/../jni/src/claw/graphics/surface/SurfaceHW.cpp:883: Surface  xy: 4, uv: 4, tri: 2
04-23 16:33:36.459 25460 25981 I Claw    : [0m[      23.833] [30;1mjni/../jni/src/claw/vfs/NativeMount.cpp:244: Aquire java class for JNI method: com/Claw/Android/NativeMount
04-23 16:33:36.469 25460 25981 I Claw    : [0m[      23.833] [30;1mjni/../jni/src/claw/vfs/NativeMount.cpp:244: JNI class acquired, acquire java method: GetFreeDiskSpace with args: (Ljava/lang/String;)J
04-23 16:33:36.469 25460 25881 I Claw    : [0m[      23.833] [30;1mjni/../jni/src/claw/graphics/surface/SurfaceHW.cpp:883: Surface  xy: 4, uv: 4, tri: 2
04-23 16:33:36.469 25460 25881 I Claw    : [0m[      23.834] [30;1mjni/../jni/src/claw/graphics/surface/SurfaceHW.cpp:883: Surface  xy: 4, uv: 4, tri: 2
04-23 16:33:36.469 25460 25881 I Claw    : [0m[      23.834] [30;1mjni/../jni/src/claw/graphics/surface/SurfaceHW.cpp:883: Surface  xy: 4, uv: 4, tri: 2
04-23 16:33:36.469 25460 25981 I Claw    : [0m[      23.834] [30;1mjni/../jni/src/claw/vfs/NativeMount.cpp:244: Aquire java class for JNI method: com/Claw/Android/NativeMount
04-23 16:33:36.469 25460 25981 I Claw    : [0m[      23.834] [30;1mjni/../jni/src/claw/vfs/NativeMount.cpp:244: JNI class acquired, acquire java method: GetFreeDiskSpace with args: (Ljava/lang/String;)J
04-23 16:33:36.469 25460 25881 I Claw    : [0m[      23.835] [30;1mjni/../jni/src/claw/graphics/surface/SurfaceHW.cpp:883: Surface  xy: 8, uv: 10, tri: 6
04-23 16:33:36.469 25460 25981 I Claw    : [0m[      23.835] [30;1mjni/../jni/src/claw/vfs/android/AndroidSaveFile.cpp:82: Open new save assetcache/atlas_controlled_experience_1_etc2.pak.meta
04-23 16:33:36.469 25460 25881 I Claw    : [0m[      23.836] [30;1mjni/../jni/src/claw/graphics/surface/SurfaceHW.cpp:883: Surface  xy: 4, uv: 4, tri: 2
04-23 16:33:36.469 25460 25981 I Claw    : [0m[      23.836] [30;1mjni/../jni/src/claw/vfs/NativeMount.cpp:244: Aquire java class for JNI method: com/Claw/Android/NativeMount
04-23 16:33:36.469 25460 25981 I Claw    : [0m[      23.836] [30;1mjni/../jni/src/claw/vfs/NativeMount.cpp:244: JNI class acquired, acquire java method: GetFreeDiskSpace with args: (Ljava/lang/String;)J
04-23 16:33:36.469 25460 25881 I Claw    : [0m[      23.836] [30;1mjni/../jni/src/claw/graphics/surface/SurfaceHW.cpp:883: Surface  xy: 16, uv: 24, tri: 16
04-23 16:33:36.469 25460 25881 I Claw    : [0m[      23.837] [30;1mjni/../jni/src/claw/graphics/surface/SurfaceHW.cpp:883: Surface  xy: 12, uv: 16, tri: 10
04-23 16:33:36.469 25460 25981 I Claw    : [0m[      23.837] [30;1mjni/../jni/src/claw/vfs/NativeMount.cpp:244: Aquire java class for JNI method: com/Claw/Android/NativeMount
04-23 16:33:36.469 25460 25981 I Claw    : [0m[      23.838] [30;1mjni/../jni/src/claw/vfs/NativeMount.cpp:244: JNI class acquired, acquire java method: GetFreeDiskSpace with args: (Ljava/lang/String;)J
04-23 16:33:36.469 25460 25881 I Claw    : [0m[      23.838] [30;1mjni/../jni/src/claw/graphics/surface/SurfaceHW.cpp:883: Surface  xy: 8, uv: 10, tri: 6
04-23 16:33:36.469 25460 25981 W libc    : It seems that pthread_join() is not invoked or PTHREAD_ATTR_FLAG_DETACHED is not set.
04-23 16:33:36.469 25460 25981 W libc    :     pthread tid          : 25981
04-23 16:33:36.469 25460 25981 W libc    :     pthread start_routine: 0xdedf73b4
04-23 16:33:36.469 25460 25881 I Claw    : [0m[      23.839] [30;1mjni/../jni/src/claw/graphics/surface/SurfaceHW.cpp:883: Surface  xy: 16, uv: 22, tri: 14
04-23 16:33:36.469 25460 25881 I Claw    : [0m[       23.84] [30;1mjni/../jni/src/claw/graphics/surface/SurfaceHW.cpp:883: Surface  xy: 20, uv: 30, tri: 20
04-23 16:33:36.469 25460 25881 I Claw    : [0m[      23.841] [30;1mjni/../jni/src/claw/graphics/surface/SurfaceHW.cpp:883: Surface  xy: 16, uv: 22, tri: 14
04-23 16:33:36.469 25460 25881 I Claw    : [0m[      23.842] [30;1mjni/../jni/src/claw/graphics/surface/SurfaceHW.cpp:883: Surface  xy: 19, uv: 33, tri: 21
04-23 16:33:36.469 25460 25881 I Claw    : [0m[      23.843] [30;1mjni/../jni/src/claw/graphics/surface/SurfaceHW.cpp:883: Surface  xy: 4, uv: 4, tri: 2
04-23 16:33:36.479 25460 25881 I Claw    : [0m[      23.843] [30;1mjni/../jni/src/claw/graphics/surface/SurfaceHW.cpp:883: Surface  xy: 12, uv: 16, tri: 10
04-23 16:33:36.479 25460 25881 I Claw    : [0m[      23.844] [30;1mjni/../jni/src/claw/graphics/surface/SurfaceHW.cpp:883: Surface  xy: 4, uv: 4, tri: 2
04-23 16:33:36.479 25460 25881 I Claw    : [0m[      23.845] [30;1mjni/../jni/src/claw/graphics/surface/SurfaceHW.cpp:883: Surface  xy: 4, uv: 4, tri: 2
04-23 16:33:36.479 25811 25811 D RelationGraph: garbageCollect()
04-23 16:33:36.479 25460 25881 I Claw    : [0m[      23.846] [30;1mjni/../jni/src/claw/graphics/surface/SurfaceHW.cpp:883: Surface  xy: 4, uv: 4, tri: 2
04-23 16:33:36.479 25460 25881 I Claw    : [0m[      23.846] [30;1mjni/../jni/src/claw/graphics/surface/SurfaceHW.cpp:883: Surface  xy: 4, uv: 4, tri: 2
04-23 16:33:36.479 25460 25881 I Claw    : [0m[      23.847] [30;1mjni/../jni/src/claw/graphics/surface/SurfaceHW.cpp:883: Surface  xy: 7, uv: 9, tri: 5
04-23 16:33:36.479 25460 25881 I Claw    : [0m[      23.848] [30;1mjni/../jni/src/claw/graphics/surface/SurfaceHW.cpp:883: Surface  xy: 7, uv: 9, tri: 5
04-23 16:33:36.479 25460 25881 I Claw    : [0m[      23.848] [30;1mjni/../jni/src/claw/graphics/surface/SurfaceHW.cpp:883: Surface  xy: 4, uv: 4, tri: 2
04-23 16:33:36.479 25460 25881 I Claw    : [0m[      23.849] [30;1mjni/../jni/src/claw/graphics/surface/SurfaceHW.cpp:883: Surface  xy: 7, uv: 9, tri: 5
04-23 16:33:36.479 25460 25881 I Claw    : [0m[       23.85] [30;1mjni/../jni/src/claw/graphics/surface/SurfaceHW.cpp:883: Surface  xy: 7, uv: 9, tri: 5
04-23 16:33:36.479 25460 25881 I Claw    : [0m[       23.85] [30;1mjni/../jni/src/claw/graphics/surface/SurfaceHW.cpp:883: Surface  xy: 4, uv: 4, tri: 2
04-23 16:33:36.479 25460 25881 I Claw    : [0m[      23.851] [30;1mjni/../jni/src/claw/graphics/surface/SurfaceHW.cpp:883: Surface  xy: 4, uv: 4, tri: 2
04-23 16:33:36.479 25460 25881 I Claw    : [0m[      23.851] [30;1mjni/../jni/src/claw/graphics/surface/SurfaceHW.cpp:883: Surface  xy: 8, uv: 10, tri: 6
04-23 16:33:36.479 25460 25881 I Claw    : [0m[      23.852] [30;1mjni/../jni/src/claw/graphics/surface/SurfaceHW.cpp:883: Surface  xy: 4, uv: 4, tri: 2
04-23 16:33:36.479 25460 25881 I Claw    : [0m[      23.852] [30;1mjni/../jni/src/claw/graphics/surface/SurfaceHW.cpp:883: Surface  xy: 8, uv: 10, tri: 6
04-23 16:33:36.479 25460 25881 I Claw    : [0m[      23.852] [30;1mjni/../jni/src/claw/graphics/surface/SurfaceHW.cpp:883: Surface  xy: 4, uv: 4, tri: 2
04-23 16:33:36.479 25460 25881 I Claw    : [0m[      23.853] [30;1mjni/../jni/src/claw/graphics/surface/SurfaceHW.cpp:883: Surface  xy: 4, uv: 4, tri: 2
04-23 16:33:36.489 25460 25881 I Claw    : [0m[      23.854] [30;1mjni/../jni/src/claw/graphics/surface/SurfaceHW.cpp:883: Surface  xy: 4, uv: 4, tri: 2
04-23 16:33:36.489 25460 25881 I Claw    : [0m[      23.855] [30;1mjni/../jni/src/claw/graphics/surface/SurfaceHW.cpp:883: Surface  xy: 8, uv: 10, tri: 6
04-23 16:33:36.489 25460 25881 I Claw    : [0m[      23.855] [30;1mjni/../jni/src/claw/graphics/surface/SurfaceHW.cpp:883: Surface  xy: 4, uv: 4, tri: 2
04-23 16:33:36.489 25460 25881 I Claw    : [0m[      23.856] [30;1mjni/../jni/src/claw/graphics/surface/SurfaceHW.cpp:883: Surface  xy: 4, uv: 4, tri: 2
04-23 16:33:36.489 25460 25881 I Claw    : [0m[      23.856] [30;1mjni/../jni/src/claw/graphics/surface/SurfaceHW.cpp:883: Surface  xy: 4, uv: 4, tri: 2
04-23 16:33:36.489 25460 25881 I Claw    : [0m[      23.857] [30;1mjni/../jni/src/claw/graphics/surface/SurfaceHW.cpp:883: Surface  xy: 12, uv: 20, tri: 12
04-23 16:33:36.489 25460 25881 I Claw    : [0m[      23.857] [30;1mjni/../jni/src/claw/graphics/surface/SurfaceHW.cpp:883: Surface  xy: 4, uv: 4, tri: 2
04-23 16:33:36.489 25460 25881 I Claw    : [0m[      23.858] [30;1mjni/../jni/src/claw/graphics/surface/SurfaceHW.cpp:883: Surface  xy: 8, uv: 10, tri: 6
04-23 16:33:36.489 25460 25881 I Claw    : [0m[      23.858] [30;1mjni/../jni/src/claw/graphics/surface/SurfaceHW.cpp:883: Surface  xy: 4, uv: 4, tri: 2
04-23 16:33:36.489 25460 25881 I Claw    : [0m[      23.859] [30;1mjni/../jni/src/claw/graphics/surface/SurfaceHW.cpp:883: Surface  xy: 10, uv: 14, tri: 8
04-23 16:33:36.489 25460 25881 I Claw    : [0m[       23.86] [30;1mjni/../jni/src/claw/graphics/surface/SurfaceHW.cpp:883: Surface  xy: 7, uv: 9, tri: 5
04-23 16:33:36.489 25460 25881 I Claw    : [0m[      23.861] [30;1mjni/../jni/src/claw/graphics/surface/SurfaceHW.cpp:883: Surface  xy: 10, uv: 14, tri: 8
04-23 16:33:36.489 25460 25881 I Claw    : [0m[      23.861] [30;1mjni/../jni/src/claw/graphics/surface/SurfaceHW.cpp:883: Surface  xy: 10, uv: 14, tri: 8
04-23 16:33:36.489 25460 25881 I Claw    : [0m[      23.862] [30;1mjni/../jni/src/claw/graphics/surface/SurfaceHW.cpp:883: Surface  xy: 8, uv: 10, tri: 6
04-23 16:33:36.489 25460 25881 I Claw    : [0m[      23.862] [30;1mjni/../jni/src/claw/graphics/surface/SurfaceHW.cpp:883: Surface  xy: 7, uv: 9, tri: 5
04-23 16:33:36.489 25460 25881 I Claw    : [0m[      23.863] [30;1mjni/../jni/src/claw/graphics/surface/SurfaceHW.cpp:883: Surface  xy: 4, uv: 4, tri: 2
04-23 16:33:36.499 25460 25881 I Claw    : [0m[      23.863] [30;1mjni/../jni/src/claw/graphics/surface/SurfaceHW.cpp:883: Surface  xy: 4, uv: 4, tri: 2
04-23 16:33:36.499 25460 25881 I Claw    : [0m[      23.864] [30;1mjni/../jni/src/claw/graphics/surface/SurfaceHW.cpp:883: Surface  xy: 4, uv: 4, tri: 2
04-23 16:33:36.499 25460 25881 I Claw    : [0m[      23.864] [30;1mjni/../jni/src/claw/graphics/surface/SurfaceHW.cpp:883: Surface  xy: 4, uv: 4, tri: 2
04-23 16:33:36.499 25460 25881 I Claw    : [0m[      23.865] [30;1mjni/../jni/src/claw/graphics/surface/SurfaceHW.cpp:883: Surface  xy: 4, uv: 4, tri: 2
04-23 16:33:36.499 25460 25881 I Claw    : [0m[      23.865] [30;1mjni/../jni/src/claw/graphics/surface/SurfaceHW.cpp:883: Surface  xy: 4, uv: 4, tri: 2
04-23 16:33:36.499 25460 25881 I Claw    : [0m[      23.866] [30;1mjni/../jni/src/claw/graphics/surface/SurfaceHW.cpp:883: Surface  xy: 4, uv: 4, tri: 2
04-23 16:33:36.499 25460 25881 I Claw    : [0m[      23.866] [30;1mjni/../jni/src/claw/graphics/surface/SurfaceHW.cpp:883: Surface  xy: 4, uv: 4, tri: 2
04-23 16:33:36.499 25460 25881 I Claw    : [0m[      23.867] [30;1mjni/../jni/src/claw/graphics/surface/SurfaceHW.cpp:883: Surface  xy: 4, uv: 4, tri: 2
04-23 16:33:36.499 25460 25881 I Claw    : [0m[      23.867] [30;1mjni/../jni/src/claw/graphics/surface/SurfaceHW.cpp:883: Surface  xy: 4, uv: 4, tri: 2
04-23 16:33:36.499 25460 25881 I Claw    : [0m[      23.867] [30;1mjni/../jni/src/claw/graphics/surface/SurfaceHW.cpp:883: Surface  xy: 7, uv: 9, tri: 5
04-23 16:33:36.499 25460 25881 I Claw    : [0m[      23.868] [30;1mjni/../jni/src/claw/graphics/surface/SurfaceHW.cpp:883: Surface  xy: 4, uv: 4, tri: 2
04-23 16:33:36.499 25460 25881 I Claw    : [0m[      23.868] [30;1mjni/../jni/src/claw/graphics/surface/SurfaceHW.cpp:883: Surface  xy: 4, uv: 4, tri: 2
04-23 16:33:36.499 25460 25881 I Claw    : [0m[      23.869] [30;1mjni/../jni/src/claw/graphics/surface/SurfaceHW.cpp:883: Surface  xy: 4, uv: 4, tri: 2
04-23 16:33:36.499 25460 25881 I Claw    : [0m[      23.869] [30;1mjni/../jni/src/claw/graphics/surface/SurfaceHW.cpp:883: Surface  xy: 4, uv: 4, tri: 2
04-23 16:33:36.499 25460 25881 I Claw    : [0m[       23.87] [30;1mjni/../jni/src/claw/graphics/surface/SurfaceHW.cpp:883: Surface  xy: 4, uv: 4, tri: 2
04-23 16:33:36.499 25460 25881 I Claw    : [0m[       23.87] [30;1mjni/../jni/src/claw/graphics/surface/SurfaceHW.cpp:883: Surface  xy: 4, uv: 4, tri: 2
04-23 16:33:36.499 25460 25881 I Claw    : [0m[       23.87] [30;1mjni/../jni/src/claw/graphics/surface/SurfaceHW.cpp:883: Surface  xy: 8, uv: 10, tri: 6
04-23 16:33:36.499 25460 25881 I Claw    : [0m[      23.871] [30;1mjni/../jni/src/claw/graphics/surface/SurfaceHW.cpp:883: Surface  xy: 7, uv: 9, tri: 5
04-23 16:33:36.499 25460 25881 I Claw    : [0m[      23.871] [30;1mjni/../jni/src/claw/graphics/surface/SurfaceHW.cpp:883: Surface  xy: 7, uv: 9, tri: 5
04-23 16:33:36.499 25460 25881 I Claw    : [0m[      23.872] [30;1mjni/../jni/src/claw/graphics/surface/SurfaceHW.cpp:883: Surface  xy: 4, uv: 4, tri: 2
04-23 16:33:36.499 25460 25881 I Claw    : [0m[      23.872] [30;1mjni/../jni/src/claw/graphics/surface/SurfaceHW.cpp:883: Surface  xy: 4, uv: 4, tri: 2
04-23 16:33:36.509 25460 25881 I Claw    : [0m[      23.873] [30;1mjni/../jni/src/claw/graphics/surface/SurfaceHW.cpp:883: Surface  xy: 4, uv: 4, tri: 2
04-23 16:33:36.509 25460 25881 I Claw    : [0m[      23.874] [30;1mjni/../jni/src/claw/graphics/surface/SurfaceHW.cpp:883: Surface  xy: 4, uv: 4, tri: 2
04-23 16:33:36.509 25460 25881 I Claw    : [0m[      23.874] [30;1mjni/../jni/src/claw/graphics/surface/SurfaceHW.cpp:883: Surface  xy: 7, uv: 9, tri: 5
04-23 16:33:36.509 25460 25881 I Claw    : [0m[      23.874] [30;1mjni/../jni/src/claw/graphics/surface/SurfaceHW.cpp:883: Surface  xy: 4, uv: 4, tri: 2
04-23 16:33:36.509 25460 25881 I Claw    : [0m[      23.875] [30;1mjni/../jni/src/claw/graphics/surface/SurfaceHW.cpp:883: Surface  xy: 7, uv: 9, tri: 5
04-23 16:33:36.509 25460 25881 I Claw    : [0m[      23.875] [30;1mjni/../jni/src/claw/graphics/surface/SurfaceHW.cpp:883: Surface  xy: 4, uv: 4, tri: 2
04-23 16:33:36.509 25460 25881 I Claw    : [0m[      23.876] [30;1mjni/../jni/src/claw/graphics/surface/SurfaceHW.cpp:883: Surface  xy: 4, uv: 4, tri: 2
04-23 16:33:36.509 25460 25881 I Claw    : [0m[      23.876] [30;1mjni/../jni/src/claw/graphics/surface/SurfaceHW.cpp:883: Surface  xy: 4, uv: 4, tri: 2
04-23 16:33:36.509 25460 25881 I Claw    : [0m[      23.877] [30;1mjni/../jni/src/claw/graphics/surface/SurfaceHW.cpp:883: Surface  xy: 4, uv: 4, tri: 2
04-23 16:33:36.509 25460 25881 I Claw    : [0m[      23.877] [30;1mjni/../jni/src/claw/graphics/surface/SurfaceHW.cpp:883: Surface  xy: 4, uv: 4, tri: 2
04-23 16:33:36.509 25460 25881 I Claw    : [0m[      23.878] [30;1mjni/../jni/src/claw/graphics/surface/SurfaceHW.cpp:883: Surface  xy: 4, uv: 4, tri: 2
04-23 16:33:36.509 25460 25881 I Claw    : [0m[      23.878] [30;1mjni/../jni/src/claw/graphics/surface/SurfaceHW.cpp:883: Surface  xy: 4, uv: 4, tri: 2
04-23 16:33:36.509 25460 25881 I Claw    : [0m[      23.879] [30;1mjni/../jni/src/claw/graphics/surface/SurfaceHW.cpp:883: Surface  xy: 4, uv: 4, tri: 2
04-23 16:33:36.509 25460 25881 I Claw    : [0m[      23.879] [30;1mjni/../jni/src/claw/graphics/surface/SurfaceHW.cpp:883: Surface  xy: 4, uv: 4, tri: 2
04-23 16:33:36.509 25460 25881 I Claw    : [0m[       23.88] [30;1mjni/../jni/src/claw/graphics/surface/SurfaceHW.cpp:883: Surface  xy: 4, uv: 4, tri: 2
04-23 16:33:36.509 25460 25881 I Claw    : [0m[       23.88] [30;1mjni/../jni/src/claw/graphics/surface/SurfaceHW.cpp:883: Surface  xy: 4, uv: 4, tri: 2
04-23 16:33:36.509 25460 25881 I Claw    : [0m[      23.881] [30;1mjni/../jni/src/claw/graphics/surface/SurfaceHW.cpp:883: Surface  xy: 4, uv: 4, tri: 2
04-23 16:33:36.509 25460 25881 I Claw    : [0m[      23.882] [30;1mjni/../jni/src/claw/graphics/surface/SurfaceHW.cpp:883: Surface  xy: 4, uv: 4, tri: 2
04-23 16:33:36.509 25811 25811 D RelationGraph: garbageCollect()
04-23 16:33:36.509 25460 25881 I Claw    : [0m[      23.882] [30;1mjni/../jni/src/claw/graphics/surface/SurfaceHW.cpp:883: Surface  xy: 8, uv: 10, tri: 6
04-23 16:33:36.519 25460 25881 I Claw    : [0m[      23.883] [30;1mjni/../jni/src/claw/graphics/surface/SurfaceHW.cpp:883: Surface  xy: 7, uv: 9, tri: 5
04-23 16:33:36.519 25460 25881 I Claw    : [0m[      23.884] [30;1mjni/../jni/src/claw/graphics/surface/SurfaceHW.cpp:883: Surface  xy: 4, uv: 4, tri: 2
04-23 16:33:36.519 25460 25881 I Claw    : [0m[      23.885] [30;1mjni/../jni/src/claw/graphics/surface/SurfaceHW.cpp:883: Surface  xy: 15, uv: 21, tri: 13
04-23 16:33:36.519 25460 25881 I Claw    : [0m[      23.885] [30;1mjni/../jni/src/claw/graphics/surface/SurfaceHW.cpp:883: Surface  xy: 4, uv: 4, tri: 2
04-23 16:33:36.519 25460 25881 I Claw    : [0m[      23.886] [30;1mjni/../jni/src/claw/graphics/surface/SurfaceHW.cpp:883: Surface  xy: 4, uv: 4, tri: 2
04-23 16:33:36.519 25460 25881 I Claw    : [0m[      23.887] [30;1mjni/../jni/src/claw/graphics/surface/SurfaceHW.cpp:883: Surface  xy: 4, uv: 4, tri: 2
04-23 16:33:36.519 25460 25881 I Claw    : [0m[      23.887] [30;1mjni/../jni/src/claw/graphics/surface/SurfaceHW.cpp:883: Surface  xy: 12, uv: 16, tri: 10
04-23 16:33:36.519 25460 25881 I Claw    : [0m[      23.888] [30;1mjni/../jni/src/claw/graphics/surface/SurfaceHW.cpp:883: Surface  xy: 12, uv: 16, tri: 10
04-23 16:33:36.519 25460 25881 I Claw    : [0m[      23.888] [30;1mjni/../jni/src/claw/graphics/surface/SurfaceHW.cpp:883: Surface  xy: 4, uv: 4, tri: 2
04-23 16:33:36.519 25460 25881 I Claw    : [0m[      23.889] [30;1mjni/../jni/src/claw/graphics/surface/SurfaceHW.cpp:883: Surface  xy: 12, uv: 16, tri: 10
04-23 16:33:36.519 25460 25881 I Claw    : [0m[      23.889] [30;1mjni/../jni/src/claw/graphics/surface/SurfaceHW.cpp:883: Surface  xy: 4, uv: 4, tri: 2
04-23 16:33:36.519 25460 25881 I Claw    : [0m[       23.89] [30;1mjni/../jni/src/claw/graphics/surface/SurfaceHW.cpp:883: Surface  xy: 4, uv: 4, tri: 2
04-23 16:33:36.519 25460 25881 I Claw    : [0m[       23.89] [30;1mjni/../jni/src/claw/graphics/surface/SurfaceHW.cpp:883: Surface  xy: 4, uv: 4, tri: 2
04-23 16:33:36.519 25460 25881 I Claw    : [0m[       23.89] [30;1mjni/../jni/src/claw/graphics/surface/SurfaceHW.cpp:883: Surface  xy: 4, uv: 4, tri: 2
04-23 16:33:36.519 25460 25881 I Claw    : [0m[      23.891] [30;1mjni/../jni/src/claw/graphics/surface/SurfaceHW.cpp:883: Surface  xy: 4, uv: 4, tri: 2
04-23 16:33:36.519 25460 25881 I Claw    : [0m[      23.891] [30;1mjni/../jni/src/claw/graphics/surface/SurfaceHW.cpp:883: Surface  xy: 4, uv: 4, tri: 2
04-23 16:33:36.519 25460 25881 I Claw    : [0m[      23.891] [30;1mjni/../jni/src/claw/graphics/surface/SurfaceHW.cpp:883: Surface  xy: 4, uv: 4, tri: 2
04-23 16:33:36.519 25460 25881 I Claw    : [0m[      23.891] [30;1mjni/../jni/src/claw/graphics/surface/SurfaceHW.cpp:883: Surface  xy: 4, uv: 4, tri: 2
04-23 16:33:36.519 25460 25881 I Claw    : [0m[      23.892] [30;1mjni/../jni/src/claw/graphics/surface/SurfaceHW.cpp:883: Surface  xy: 7, uv: 9, tri: 5
04-23 16:33:36.519 25460 25881 I Claw    : [0m[      23.892] [30;1mjni/../jni/src/claw/graphics/surface/SurfaceHW.cpp:883: Surface  xy: 4, uv: 4, tri: 2
04-23 16:33:36.519 25460 25881 I Claw    : [0m[      23.893] [30;1mjni/../jni/src/claw/graphics/surface/SurfaceHW.cpp:883: Surface  xy: 4, uv: 4, tri: 2
04-23 16:33:36.529 25460 25881 I Claw    : [0m[      23.894] [30;1mjni/../jni/src/claw/graphics/surface/SurfaceHW.cpp:883: Surface  xy: 4, uv: 4, tri: 2
04-23 16:33:36.529 25460 25881 I Claw    : [0m[      23.895] [30;1mjni/../jni/src/claw/graphics/surface/SurfaceHW.cpp:883: Surface  xy: 4, uv: 4, tri: 2
04-23 16:33:36.529 25460 25881 I Claw    : [0m[      23.895] [30;1mjni/../jni/src/claw/graphics/surface/SurfaceHW.cpp:883: Surface  xy: 8, uv: 10, tri: 6
04-23 16:33:36.529 25460 25881 I Claw    : [0m[      23.896] [30;1mjni/../jni/src/claw/graphics/surface/SurfaceHW.cpp:883: Surface  xy: 8, uv: 10, tri: 6
04-23 16:33:36.529 25460 25881 I Claw    : [0m[      23.897] [30;1mjni/../jni/src/claw/graphics/surface/SurfaceHW.cpp:883: Surface  xy: 4, uv: 4, tri: 2
04-23 16:33:36.529 25460 25881 I Claw    : [0m[      23.897] [30;1mjni/../jni/src/claw/graphics/surface/SurfaceHW.cpp:883: Surface  xy: 4, uv: 4, tri: 2
04-23 16:33:36.529 25460 25881 I Claw    : [0m[      23.897] [30;1mjni/../jni/src/claw/graphics/surface/SurfaceHW.cpp:883: Surface  xy: 4, uv: 4, tri: 2
04-23 16:33:36.529 25460 25881 I Claw    : [0m[      23.898] [30;1mjni/../jni/src/claw/graphics/surface/SurfaceHW.cpp:883: Surface  xy: 4, uv: 4, tri: 2
04-23 16:33:36.529 25460 25881 I Claw    : [0m[      23.898] [30;1mjni/../jni/src/claw/graphics/surface/SurfaceHW.cpp:883: Surface  xy: 8, uv: 10, tri: 6
04-23 16:33:36.539 25460 25881 I Claw    : [0m[      23.904] [35;1mATLAS /home/jenkins-agent/workspace/huuuge-stars/client-dev/hs-android/src/casino/AtlasManager.cpp:748: Atlas manager added to loaded list: 3
04-23 16:33:36.539 25460 25881 I Claw    : [0m[      23.904] [35;1mATLAS /home/jenkins-agent/workspace/huuuge-stars/client-dev/hs-android/src/casino/AtlasManager.cpp:566: Atlas manager loading set 4 (1)
04-23 16:33:36.539 25460 25881 I Claw    : [0m[      23.904] [35;1mATLAS /home/jenkins-agent/workspace/huuuge-stars/client-dev/hs-android/src/casino/AtlasManager.cpp:617: Atlas manager loading atlas: atlas_avatars (atlas_avatars)
04-23 16:33:36.539 25460 25881 I Claw    : [0m[      23.904] /home/jenkins-agent/workspace/huuuge-stars/client-dev/hs-android/src/casino/DownloadManager.cpp:177: Preempting download of atlas_controlled_experience_1_etc2.pak
04-23 16:33:36.539 25460 25881 I Claw    : [0m[      23.904] [35;1mATLAS /home/jenkins-agent/workspace/huuuge-stars/client-dev/hs-android/src/casino/AtlasManager.cpp:631: Atlas manager waiting for pak: atlas_avatars_2_etc2.pak
04-23 16:33:36.539 25460 25881 I Claw    : [0m[      23.904] [35;1mATLAS /home/jenkins-agent/workspace/huuuge-stars/client-dev/hs-android/src/casino/AtlasManager.cpp:637: Atlas manager pak ready: atlas_avatars_2_etc2.pak
04-23 16:33:36.539 25460 25881 I Claw    : [0m[      23.905] [30;1mjni/../jni/src/claw/vfs/Vfs.cpp:172: Opened file: /atlases/atlas_avatars.etc2+.mip/Ameta
04-23 16:33:36.539 25460 25881 I Claw    : [0m[       23.91] [35;1mATLAS /home/jenkins-agent/workspace/huuuge-stars/client-dev/hs-android/src/casino/AtlasManager.cpp:686: Atlas manager adding atlas: atlas_avatars (atlases/atlas_avatars.xml@linear,mipmap-linear)
04-23 16:33:36.539 25811 25811 D RelationGraph: garbageCollect()
04-23 16:33:36.539 25460 25881 I Claw    : [0m[      23.911] [30;1mjni/../jni/src/claw/vfs/Vfs.cpp:172: Opened file: /atlases/atlas_avatars.etc2+.mip/Ameta
04-23 16:33:36.539 25460 25881 I Claw    : [0m[      23.911] [30;1mjni/../jni/src/claw/service/StreamingManager.cpp:563: mip 11  w 1  h 1 (1)
04-23 16:33:36.539 25460 25881 I Claw    : [0m[      23.911] [30;1mjni/../jni/src/claw/vfs/Vfs.cpp:172: Opened file: /atlases/atlas_avatars.etc2+.mip/C11
04-23 16:33:36.539 25460 25881 I Claw    : [0m[      23.911] [30;1mjni/../jni/src/claw/vfs/Vfs.cpp:172: Opened file: /atlases/atlas_avatars.etc2+.mip/A11
04-23 16:33:36.539 25460 25881 I Claw    : [0m[      23.912] [30;1mjni/../jni/src/claw/service/StreamingManager.cpp:563: mip 10  w 2  h 2 (8)
04-23 16:33:36.539 25460 25881 I Claw    : [0m[      23.912] [30;1mjni/../jni/src/claw/vfs/Vfs.cpp:172: Opened file: /atlases/atlas_avatars.etc2+.mip/C10
04-23 16:33:36.549 25460 25881 I Claw    : [0m[      23.918] [30;1mjni/../jni/src/claw/vfs/Vfs.cpp:172: Opened file: /atlases/atlas_avatars.etc2+.mip/A10
04-23 16:33:36.549 25460 25881 I Claw    : [0m[       23.92] [30;1mjni/../jni/src/claw/vfs/Vfs.cpp:172: Opened file: /atlases/atlas_avatars.xml
04-23 16:33:36.549 25460 25884 I Claw    : [0m[       23.92] [30;1mjni/../jni/src/claw/service/StreamingManager.cpp:563: mip 9  w 4  h 4 (32)
04-23 16:33:36.549 25460 25884 I Claw    : [0m[       23.92] [30;1mjni/../jni/src/claw/vfs/Vfs.cpp:172: Opened file: /atlases/atlas_avatars.etc2+.mip/C9
04-23 16:33:36.559 25460 25884 I Claw    : [0m[      23.923] [30;1mjni/../jni/src/claw/vfs/Vfs.cpp:172: Opened file: /atlases/atlas_avatars.etc2+.mip/A9
04-23 16:33:36.559 25460 25881 I Claw    : [0m[      23.927] [30;1mjni/../jni/src/claw/graphics/surface/SurfaceHW.cpp:883: Surface  xy: 20, uv: 28, tri: 18
04-23 16:33:36.559 25460 25881 I Claw    : [0m[      23.928] [30;1mjni/../jni/src/claw/graphics/surface/SurfaceHW.cpp:883: Surface  xy: 8, uv: 10, tri: 6
04-23 16:33:36.559 25460 25881 I Claw    : [0m[       23.93] [30;1mjni/../jni/src/claw/graphics/surface/SurfaceHW.cpp:883: Surface  xy: 4, uv: 4, tri: 2
04-23 16:33:36.559 25460 25884 I Claw    : [0m[       23.93] [30;1mjni/../jni/src/claw/service/StreamingManager.cpp:563: mip 8  w 8  h 8 (128)
04-23 16:33:36.559 25460 25884 I Claw    : [0m[       23.93] [30;1mjni/../jni/src/claw/vfs/Vfs.cpp:172: Opened file: /atlases/atlas_avatars.etc2+.mip/C8
04-23 16:33:36.559 25460 25881 I Claw    : [0m[      23.931] [30;1mjni/../jni/src/claw/graphics/surface/SurfaceHW.cpp:883: Surface  xy: 8, uv: 10, tri: 6
04-23 16:33:36.559 25460 25881 I Claw    : [0m[      23.933] [30;1mjni/../jni/src/claw/graphics/surface/SurfaceHW.cpp:883: Surface  xy: 8, uv: 10, tri: 6
04-23 16:33:36.569 25460 25884 I Claw    : [0m[      23.934] [30;1mjni/../jni/src/claw/vfs/Vfs.cpp:172: Opened file: /atlases/atlas_avatars.etc2+.mip/A8
04-23 16:33:36.569 25460 25881 I Claw    : [0m[      23.934] [30;1mjni/../jni/src/claw/graphics/surface/SurfaceHW.cpp:883: Surface  xy: 8, uv: 10, tri: 6
04-23 16:33:36.569 25460 25881 I Claw    : [0m[      23.936] [30;1mjni/../jni/src/claw/graphics/surface/SurfaceHW.cpp:883: Surface  xy: 8, uv: 10, tri: 6
04-23 16:33:36.569 25460 25881 I Claw    : [0m[      23.937] [30;1mjni/../jni/src/claw/graphics/surface/SurfaceHW.cpp:883: Surface  xy: 8, uv: 10, tri: 6
04-23 16:33:36.569 25460 25881 I Claw    : [0m[      23.938] [30;1mjni/../jni/src/claw/graphics/surface/SurfaceHW.cpp:883: Surface  xy: 8, uv: 10, tri: 6
04-23 16:33:36.569 25460 25884 I Claw    : [0m[      23.939] [30;1mjni/../jni/src/claw/service/StreamingManager.cpp:563: mip 7  w 16  h 16 (512)
04-23 16:33:36.569 25811 25811 D RelationGraph: garbageCollect()
04-23 16:33:36.569 25460 25884 I Claw    : [0m[      23.939] [30;1mjni/../jni/src/claw/vfs/Vfs.cpp:172: Opened file: /atlases/atlas_avatars.etc2+.mip/C7
04-23 16:33:36.569 25460 25881 I Claw    : [0m[       23.94] [30;1mjni/../jni/src/claw/graphics/surface/SurfaceHW.cpp:883: Surface  xy: 4, uv: 4, tri: 2
04-23 16:33:36.569 25460 25881 I Claw    : [0m[      23.941] [30;1mjni/../jni/src/claw/graphics/surface/SurfaceHW.cpp:883: Surface  xy: 8, uv: 10, tri: 6
04-23 16:33:36.569 25460 25881 I Claw    : [0m[      23.942] [30;1mjni/../jni/src/claw/graphics/surface/SurfaceHW.cpp:883: Surface  xy: 16, uv: 22, tri: 14
04-23 16:33:36.569 25460 25884 I Claw    : [0m[      23.942] [30;1mjni/../jni/src/claw/vfs/Vfs.cpp:172: Opened file: /atlases/atlas_avatars.etc2+.mip/A7
04-23 16:33:36.579 25460 25881 I Claw    : [0m[      23.944] [30;1mjni/../jni/src/claw/graphics/surface/SurfaceHW.cpp:883: Surface  xy: 16, uv: 22, tri: 14
04-23 16:33:36.579 25460 25881 I Claw    : [0m[      23.946] [30;1mjni/../jni/src/claw/graphics/surface/SurfaceHW.cpp:883: Surface  xy: 16, uv: 22, tri: 14
04-23 16:33:36.579 25460 25881 I Claw    : [0m[      23.947] [30;1mjni/../jni/src/claw/graphics/surface/SurfaceHW.cpp:883: Surface  xy: 16, uv: 22, tri: 14
04-23 16:33:36.579 25460 25884 I Claw    : [0m[      23.948] [30;1mjni/../jni/src/claw/service/StreamingManager.cpp:563: mip 6  w 32  h 32 (2048)
04-23 16:33:36.579 25460 25884 I Claw    : [0m[      23.948] [30;1mjni/../jni/src/claw/vfs/Vfs.cpp:172: Opened file: /atlases/atlas_avatars.etc2+.mip/C6
04-23 16:33:36.579 25460 25881 I Claw    : [0m[      23.949] [30;1mjni/../jni/src/claw/graphics/surface/SurfaceHW.cpp:883: Surface  xy: 16, uv: 22, tri: 14
04-23 16:33:36.579 25460 25881 I Claw    : [0m[      23.951] [30;1mjni/../jni/src/claw/graphics/surface/SurfaceHW.cpp:883: Surface  xy: 16, uv: 22, tri: 14
04-23 16:33:36.579 25460 25884 I Claw    : [0m[      23.951] [30;1mjni/../jni/src/claw/vfs/Vfs.cpp:172: Opened file: /atlases/atlas_avatars.etc2+.mip/A6
04-23 16:33:36.579 25460 25908 I Claw    : [0m[      23.952] [30;1mjni/../jni/src/claw/vfs/android/AndroidSaveFile.cpp:42: Open existing save assetcache/atlas_controlled_experience_1_etc2.pak
04-23 16:33:36.579 25460 25908 I Claw    : [0m[      23.953] [30;1mjni/../jni/src/claw/vfs/Vfs.cpp:172: Opened file: /assetcache/atlas_controlled_experience_1_etc2.pak
04-23 16:33:36.579 25460 25881 I Claw    : [0m[      23.953] [30;1mjni/../jni/src/claw/graphics/surface/SurfaceHW.cpp:883: Surface  xy: 16, uv: 22, tri: 14
04-23 16:33:36.589 25460 25881 I Claw    : [0m[      23.954] [30;1mjni/../jni/src/claw/graphics/surface/SurfaceHW.cpp:883: Surface  xy: 16, uv: 22, tri: 14
04-23 16:33:36.589 25460 25881 I Claw    : [0m[      23.956] [30;1mjni/../jni/src/claw/graphics/surface/SurfaceHW.cpp:883: Surface  xy: 16, uv: 22, tri: 14
04-23 16:33:36.589 25460 25908 I Claw    : [0m[      23.956] /home/jenkins-agent/workspace/huuuge-stars/client-dev/hs-android/src/casino/DownloadManager.cpp:500: Mounting pak: atlas_controlled_experience_1_etc2.pak
04-23 16:33:36.589 25460 25884 I Claw    : [0m[      23.956] [30;1mjni/../jni/src/claw/service/StreamingManager.cpp:563: mip 5  w 64  h 64 (8192)
04-23 16:33:36.589 25460 25884 I Claw    : [0m[      23.956] [30;1mjni/../jni/src/claw/vfs/Vfs.cpp:172: Opened file: /atlases/atlas_avatars.etc2+.mip/C5
04-23 16:33:36.589 25460 25908 I Claw    : [0m[      23.957] [30;1mjni/../jni/src/claw/vfs/Vfs.cpp:97: Added new mount at /
04-23 16:33:36.589 25460 25881 I Claw    : [0m[      23.957] [30;1mjni/../jni/src/claw/graphics/surface/SurfaceHW.cpp:883: Surface  xy: 16, uv: 22, tri: 14
04-23 16:33:36.589 25460 25908 I Claw    : [0m[      23.957] [30;1mjni/../jni/src/claw/vfs/android/AndroidSaveFile.cpp:42: Open existing save assetcache/atlas_tiles3_hc_1_etc2.pak.meta
04-23 16:33:36.589 25460 25908 I Claw    : [0m[      23.958] [30;1mjni/../jni/src/claw/vfs/Vfs.cpp:168: Cannot open file: /assetcache/atlas_tiles3_hc_1_etc2.pak.meta
04-23 16:33:36.589 25460 25908 I Claw    : [0m[      23.958] /home/jenkins-agent/workspace/huuuge-stars/client-dev/hs-android/src/casino/ServerList.cpp:53: Server list returning http://cdn-hs-dev.hgonline.net/347/, 1/14
04-23 16:33:36.589 25460 25908 I Claw    : [0m[      23.958] [30;1mjni/../jni/src/claw/vfs/android/AndroidSaveFile.cpp:42: Open existing save assetcache/atlas_tiles3_hc_1_etc2.pak.meta
04-23 16:33:36.589 25460 25908 I Claw    : [0m[      23.958] [30;1mjni/../jni/src/claw/vfs/Vfs.cpp:168: Cannot open file: /assetcache/atlas_tiles3_hc_1_etc2.pak.meta
04-23 16:33:36.589 25460 25881 I Claw    : [0m[      23.958] [30;1mjni/../jni/src/claw/graphics/surface/SurfaceHW.cpp:883: Surface  xy: 16, uv: 22, tri: 14
04-23 16:33:36.589 25460 25908 I Claw    : [0m[      23.958] /home/jenkins-agent/workspace/huuuge-stars/client-dev/hs-android/src/casino/DefaultDownloadManager.cpp:415: Downloading pak atlas_tiles3_hc_1_etc2.pak from http://cdn-hs-dev.hgonline.net/347/
04-23 16:33:36.589 25460 25884 I Claw    : [0m[      23.959] [30;1mjni/../jni/src/claw/vfs/Vfs.cpp:172: Opened file: /atlases/atlas_avatars.etc2+.mip/A5
04-23 16:33:36.589 25460 25898 I Claw    : [0m[       23.96] ../../../../../../../../contrib/huuugeanalyticssdk/cpp/contrib/jni/JniAttach.hpp:185: Aquire java class for JNI method: com/huuuge/analytics/HA
04-23 16:33:36.589 25460 25898 I Claw    : [0m[       23.96] ../../../../../../../../contrib/huuugeanalyticssdk/cpp/contrib/jni/JniAttach.hpp:185: JNI class acquired, acquire java method: connectionStatus with args: ()I
04-23 16:33:36.589 25460 25881 I Claw    : [0m[       23.96] [30;1mjni/../jni/src/claw/graphics/surface/SurfaceHW.cpp:883: Surface  xy: 16, uv: 22, tri: 14
04-23 16:33:36.589 25460 25898 I Claw    : [0m[       23.96] ../../../../../../../../contrib/huuugeanalyticssdk/cpp/contrib/jni/JniAttach.hpp:186: JNI method acquired, try to call.
04-23 16:33:36.589 25460 25881 I Claw    : [0m[      23.961] [30;1mjni/../jni/src/claw/graphics/surface/SurfaceHW.cpp:883: Surface  xy: 16, uv: 22, tri: 14
04-23 16:33:36.589 25460 25898 I Claw    : [0m[      23.961] ../../../../../../../../contrib/huuugeanalyticssdk/cpp/contrib/jni/JniAttach.hpp:189: JNI method called.
04-23 16:33:36.589  2218  2767 D EnterpriseController: netId is 0
04-23 16:33:36.589  2218  2767 D Netd    : getNetworkForDns: using netid 502 for uid 10694
04-23 16:33:36.589 25460 25984 I Claw    : [0m[      23.963] [30;1mjni/../jni/src/claw/network/HttpRequest.cpp:97: cdn-hs-dev.hgonline.net resolved to ::ffff:92.122.48.57
04-23 16:33:36.589 25460 25881 I Claw    : [0m[      23.963] [30;1mjni/../jni/src/claw/graphics/surface/SurfaceHW.cpp:883: Surface  xy: 16, uv: 22, tri: 14
04-23 16:33:36.589 25460 25984 I Claw    : [0m[      23.963] [30;1mjni/../jni/src/claw/network/HttpRequest.cpp:97: cdn-hs-dev.hgonline.net resolved to ::ffff:92.122.48.58
04-23 16:33:36.589  2612  3005 D ConnectivityService: returning getNetworkInfo for network type 1 : [type: WIFI[] - WIFI, state: CONNECTED/CONNECTED, reason: (unspecified), extra: "HuuugeQA", roaming: false, failover: false, isAvailable: true]
04-23 16:33:36.589  2612  2626 D ConnectivityService: returning getNetworkInfo for network type 0 : [type: MOBILE[] - MOBILE, state: DISCONNECTED/DISCONNECTED, reason: (unspecified), extra: (none), roaming: false, failover: false, isAvailable: true]
04-23 16:33:36.599 25460 25884 I Claw    : [0m[      23.964] [30;1mjni/../jni/src/claw/service/StreamingManager.cpp:563: mip 4  w 128  h 128 (32768)
04-23 16:33:36.599 25460 25984 I Claw    : [0m[      23.964] [30;1mjni/../jni/src/claw/network/unix/UnixStreamSocket.cpp:93: Connecting to ::ffff:92.122.48.57
04-23 16:33:36.599 25460 25881 I Claw    : [0m[      23.964] [30;1mjni/../jni/src/claw/graphics/surface/SurfaceHW.cpp:883: Surface  xy: 16, uv: 22, tri: 14
04-23 16:33:36.599 25460 25884 I Claw    : [0m[      23.964] [30;1mjni/../jni/src/claw/vfs/Vfs.cpp:172: Opened file: /atlases/atlas_avatars.etc2+.mip/C4
04-23 16:33:36.599 25460 25881 I Claw    : [0m[      23.966] [30;1mjni/../jni/src/claw/graphics/surface/SurfaceHW.cpp:883: Surface  xy: 16, uv: 22, tri: 14
04-23 16:33:36.599 25460 25884 I Claw    : [0m[      23.967] [30;1mjni/../jni/src/claw/vfs/Vfs.cpp:172: Opened file: /atlases/atlas_avatars.etc2+.mip/A4
04-23 16:33:36.599 25460 25881 I Claw    : [0m[      23.967] [30;1mjni/../jni/src/claw/graphics/surface/SurfaceHW.cpp:883: Surface  xy: 16, uv: 22, tri: 14
04-23 16:33:36.599 25460 25881 I Claw    : [0m[      23.968] [30;1mjni/../jni/src/claw/graphics/surface/SurfaceHW.cpp:883: Surface  xy: 16, uv: 22, tri: 14
04-23 16:33:36.599 25460 25881 I Claw    : [0m[       23.97] [30;1mjni/../jni/src/claw/graphics/surface/SurfaceHW.cpp:883: Surface  xy: 16, uv: 22, tri: 14
04-23 16:33:36.599 25460 25881 I Claw    : [0m[      23.971] [30;1mjni/../jni/src/claw/graphics/surface/SurfaceHW.cpp:883: Surface  xy: 16, uv: 22, tri: 14
04-23 16:33:36.599 25811 25811 D RelationGraph: garbageCollect()
04-23 16:33:36.599 25460 25884 I Claw    : [0m[      23.972] [30;1mjni/../jni/src/claw/service/StreamingManager.cpp:563: mip 3  w 256  h 256 (131072)
04-23 16:33:36.599 25460 25884 I Claw    : [0m[      23.972] [30;1mjni/../jni/src/claw/vfs/Vfs.cpp:172: Opened file: /atlases/atlas_avatars.etc2+.mip/C3
04-23 16:33:36.609 25460 25881 I Claw    : [0m[      23.973] [30;1mjni/../jni/src/claw/graphics/surface/SurfaceHW.cpp:883: Surface  xy: 16, uv: 22, tri: 14
04-23 16:33:36.609 25460 25881 I Claw    : [0m[      23.974] [30;1mjni/../jni/src/claw/graphics/surface/SurfaceHW.cpp:883: Surface  xy: 16, uv: 22, tri: 14
04-23 16:33:36.609 25460 25881 I Claw    : [0m[      23.976] [30;1mjni/../jni/src/claw/graphics/surface/SurfaceHW.cpp:883: Surface  xy: 16, uv: 22, tri: 14
04-23 16:33:36.609 25460 25881 I Claw    : [0m[      23.977] [30;1mjni/../jni/src/claw/graphics/surface/SurfaceHW.cpp:883: Surface  xy: 16, uv: 22, tri: 14
04-23 16:33:36.609 25460 25881 I Claw    : [0m[      23.979] [30;1mjni/../jni/src/claw/graphics/surface/SurfaceHW.cpp:883: Surface  xy: 16, uv: 22, tri: 14
04-23 16:33:36.609 25460 25884 I Claw    : [0m[       23.98] [30;1mjni/../jni/src/claw/vfs/Vfs.cpp:172: Opened file: /atlases/atlas_avatars.etc2+.mip/A3
04-23 16:33:36.609 25460 25881 I Claw    : [0m[       23.98] [30;1mjni/../jni/src/claw/graphics/surface/SurfaceHW.cpp:883: Surface  xy: 16, uv: 22, tri: 14
04-23 16:33:36.609 25460 25881 I Claw    : [0m[      23.982] [30;1mjni/../jni/src/claw/graphics/surface/SurfaceHW.cpp:883: Surface  xy: 16, uv: 22, tri: 14
04-23 16:33:36.619 25460 25881 I Claw    : [0m[      23.983] [30;1mjni/../jni/src/claw/graphics/surface/SurfaceHW.cpp:883: Surface  xy: 16, uv: 22, tri: 14
04-23 16:33:36.619 25460 25884 I Claw    : [0m[      23.984] [30;1mjni/../jni/src/claw/service/StreamingManager.cpp:563: mip 2  w 512  h 512 (524288)
04-23 16:33:36.619 25460 25881 I Claw    : [0m[      23.984] [30;1mjni/../jni/src/claw/graphics/surface/SurfaceHW.cpp:883: Surface  xy: 16, uv: 22, tri: 14
04-23 16:33:36.619 25460 25884 I Claw    : [0m[      23.985] [30;1mjni/../jni/src/claw/vfs/Vfs.cpp:172: Opened file: /atlases/atlas_avatars.etc2+.mip/C2
04-23 16:33:36.619 25460 25881 I Claw    : [0m[      23.986] [30;1mjni/../jni/src/claw/graphics/surface/SurfaceHW.cpp:883: Surface  xy: 16, uv: 22, tri: 14
04-23 16:33:36.619 25460 25881 I Claw    : [0m[      23.987] [30;1mjni/../jni/src/claw/graphics/surface/SurfaceHW.cpp:883: Surface  xy: 16, uv: 22, tri: 14
04-23 16:33:36.619 25460 25881 I Claw    : [0m[      23.988] [30;1mjni/../jni/src/claw/graphics/surface/SurfaceHW.cpp:883: Surface  xy: 16, uv: 22, tri: 14
04-23 16:33:36.619 25460 25881 I Claw    : [0m[       23.99] [30;1mjni/../jni/src/claw/graphics/surface/SurfaceHW.cpp:883: Surface  xy: 16, uv: 22, tri: 14
04-23 16:33:36.619 25460 25881 I Claw    : [0m[      23.991] [30;1mjni/../jni/src/claw/graphics/surface/SurfaceHW.cpp:883: Surface  xy: 16, uv: 22, tri: 14
04-23 16:33:36.619 25460 25881 I Claw    : [0m[      23.992] [30;1mjni/../jni/src/claw/graphics/surface/SurfaceHW.cpp:883: Surface  xy: 16, uv: 22, tri: 14
04-23 16:33:36.629 25460 25881 I Claw    : [0m[      23.994] [30;1mjni/../jni/src/claw/graphics/surface/SurfaceHW.cpp:883: Surface  xy: 16, uv: 22, tri: 14
04-23 16:33:36.629 25460 25881 I Claw    : [0m[      23.996] [30;1mjni/../jni/src/claw/graphics/surface/SurfaceHW.cpp:883: Surface  xy: 16, uv: 22, tri: 14
04-23 16:33:36.629 25460 25884 I Claw    : [0m[      23.997] [30;1mjni/../jni/src/claw/vfs/Vfs.cpp:172: Opened file: /atlases/atlas_avatars.etc2+.mip/A2
04-23 16:33:36.629 25460 25898 I Claw    : [0m[      23.997] ../../../../../../../../contrib/huuugeanalyticssdk/cpp/contrib/jni/JniAttach.hpp:185: Aquire java class for JNI method: com/huuuge/analytics/HA
04-23 16:33:36.629 25460 25898 I Claw    : [0m[      23.998] ../../../../../../../../contrib/huuugeanalyticssdk/cpp/contrib/jni/JniAttach.hpp:185: JNI class acquired, acquire java method: connectionStatus with args: ()I
04-23 16:33:36.629 25460 25898 I Claw    : [0m[      23.998] ../../../../../../../../contrib/huuugeanalyticssdk/cpp/contrib/jni/JniAttach.hpp:186: JNI method acquired, try to call.
04-23 16:33:36.629 25460 25881 I Claw    : [0m[      23.998] [30;1mjni/../jni/src/claw/graphics/surface/SurfaceHW.cpp:883: Surface  xy: 16, uv: 22, tri: 14
04-23 16:33:36.629 25460 25898 I Claw    : [0m[      23.999] ../../../../../../../../contrib/huuugeanalyticssdk/cpp/contrib/jni/JniAttach.hpp:189: JNI method called.
04-23 16:33:36.629 25460 25881 I Claw    : [0m[      23.999] [30;1mjni/../jni/src/claw/graphics/surface/SurfaceHW.cpp:883: Surface  xy: 16, uv: 22, tri: 14
04-23 16:33:36.629 25460 25881 I Claw    : [0m[      24.001] [30;1mjni/../jni/src/claw/graphics/surface/SurfaceHW.cpp:883: Surface  xy: 16, uv: 22, tri: 14
04-23 16:33:36.629 25460 25881 I Claw    : [0m[      24.002] [30;1mjni/../jni/src/claw/graphics/surface/SurfaceHW.cpp:883: Surface  xy: 16, uv: 22, tri: 14
04-23 16:33:36.629  2612  3483 D ConnectivityService: returning getNetworkInfo for network type 1 : [type: WIFI[] - WIFI, state: CONNECTED/CONNECTED, reason: (unspecified), extra: "HuuugeQA", roaming: false, failover: false, isAvailable: true]
04-23 16:33:36.629  2612  4193 D ConnectivityService: returning getNetworkInfo for network type 0 : [type: MOBILE[] - MOBILE, state: DISCONNECTED/DISCONNECTED, reason: (unspecified), extra: (none), roaming: false, failover: false, isAvailable: true]
04-23 16:33:36.639 25460 25881 I Claw    : [0m[      24.004] [30;1mjni/../jni/src/claw/graphics/surface/SurfaceHW.cpp:883: Surface  xy: 16, uv: 22, tri: 14
04-23 16:33:36.639 25460 25881 I Claw    : [0m[      24.005] [30;1mjni/../jni/src/claw/graphics/surface/SurfaceHW.cpp:883: Surface  xy: 16, uv: 22, tri: 14
04-23 16:33:36.639 25460 25881 I Claw    : [0m[      24.006] [30;1mjni/../jni/src/claw/graphics/surface/SurfaceHW.cpp:883: Surface  xy: 16, uv: 22, tri: 14
04-23 16:33:36.639 25460 25881 I Claw    : [0m[      24.008] [30;1mjni/../jni/src/claw/graphics/surface/SurfaceHW.cpp:883: Surface  xy: 16, uv: 22, tri: 14
04-23 16:33:36.639 25811 25811 D RelationGraph: garbageCollect()
04-23 16:33:36.639 25460 25881 I Claw    : [0m[      24.009] [30;1mjni/../jni/src/claw/graphics/surface/SurfaceHW.cpp:883: Surface  xy: 16, uv: 22, tri: 14
04-23 16:33:36.639 25460 25881 I Claw    : [0m[      24.011] [30;1mjni/../jni/src/claw/graphics/surface/SurfaceHW.cpp:883: Surface  xy: 16, uv: 22, tri: 14
04-23 16:33:36.639 25460 25881 I Claw    : [0m[      24.012] [30;1mjni/../jni/src/claw/graphics/surface/SurfaceHW.cpp:883: Surface  xy: 16, uv: 22, tri: 14
04-23 16:33:36.649 25460 25881 I Claw    : [0m[      24.013] [30;1mjni/../jni/src/claw/graphics/surface/SurfaceHW.cpp:883: Surface  xy: 16, uv: 22, tri: 14
04-23 16:33:36.649 25460 25881 I Claw    : [0m[      24.014] [30;1mjni/../jni/src/claw/graphics/surface/SurfaceHW.cpp:883: Surface  xy: 16, uv: 22, tri: 14
04-23 16:33:36.649 25460 25881 I Claw    : [0m[      24.016] [30;1mjni/../jni/src/claw/graphics/surface/SurfaceHW.cpp:883: Surface  xy: 16, uv: 22, tri: 14
04-23 16:33:36.649 25460 25881 I Claw    : [0m[      24.017] [30;1mjni/../jni/src/claw/graphics/surface/SurfaceHW.cpp:883: Surface  xy: 16, uv: 22, tri: 14
04-23 16:33:36.649 25460 25881 I Claw    : [0m[      24.019] [30;1mjni/../jni/src/claw/graphics/surface/SurfaceHW.cpp:883: Surface  xy: 16, uv: 22, tri: 14
04-23 16:33:36.649 25460 25881 I Claw    : [0m[       24.02] [30;1mjni/../jni/src/claw/graphics/surface/SurfaceHW.cpp:883: Surface  xy: 16, uv: 22, tri: 14
04-23 16:33:36.649 25460 25881 I Claw    : [0m[      24.021] [30;1mjni/../jni/src/claw/graphics/surface/SurfaceHW.cpp:883: Surface  xy: 16, uv: 22, tri: 14
04-23 16:33:36.659 25460 25881 I Claw    : [0m[      24.023] [30;1mjni/../jni/src/claw/graphics/surface/SurfaceHW.cpp:883: Surface  xy: 16, uv: 22, tri: 14
04-23 16:33:36.659 25460 25881 I Claw    : [0m[      24.024] [30;1mjni/../jni/src/claw/graphics/surface/SurfaceHW.cpp:883: Surface  xy: 16, uv: 22, tri: 14
04-23 16:33:36.659 25460 25881 I Claw    : [0m[      24.026] [30;1mjni/../jni/src/claw/graphics/surface/SurfaceHW.cpp:883: Surface  xy: 16, uv: 22, tri: 14
04-23 16:33:36.659 25460 25881 I Claw    : [0m[      24.027] [30;1mjni/../jni/src/claw/graphics/surface/SurfaceHW.cpp:883: Surface  xy: 16, uv: 22, tri: 14
04-23 16:33:36.659 25460 25881 I Claw    : [0m[      24.029] [30;1mjni/../jni/src/claw/graphics/surface/SurfaceHW.cpp:883: Surface  xy: 16, uv: 22, tri: 14
04-23 16:33:36.659 25460 25881 I Claw    : [0m[       24.03] [30;1mjni/../jni/src/claw/graphics/surface/SurfaceHW.cpp:883: Surface  xy: 16, uv: 22, tri: 14
04-23 16:33:36.659 25460 25881 I Claw    : [0m[      24.032] [30;1mjni/../jni/src/claw/graphics/surface/SurfaceHW.cpp:883: Surface  xy: 16, uv: 22, tri: 14
04-23 16:33:36.669 25460 25881 I Claw    : [0m[      24.033] [30;1mjni/../jni/src/claw/graphics/surface/SurfaceHW.cpp:883: Surface  xy: 16, uv: 22, tri: 14
04-23 16:33:36.669 25460 25881 I Claw    : [0m[      24.035] [30;1mjni/../jni/src/claw/graphics/surface/SurfaceHW.cpp:883: Surface  xy: 16, uv: 22, tri: 14
04-23 16:33:36.669 25460 25881 I Claw    : [0m[      24.036] [35;1mATLAS /home/jenkins-agent/workspace/huuuge-stars/client-dev/hs-android/src/casino/AtlasManager.cpp:617: Atlas manager loading atlas: atlas_sku_hc (atlas_sku_hc)
04-23 16:33:36.669 25460 25881 I Claw    : [0m[      24.036] /home/jenkins-agent/workspace/huuuge-stars/client-dev/hs-android/src/casino/DownloadManager.cpp:177: Preempting download of atlas_tiles3_hc_1_etc2.pak
04-23 16:33:36.669 25811 25811 D RelationGraph: garbageCollect()
04-23 16:33:36.669 25460 25881 I Claw    : [0m[      24.036] [35;1mATLAS /home/jenkins-agent/workspace/huuuge-stars/client-dev/hs-android/src/casino/AtlasManager.cpp:631: Atlas manager waiting for pak: atlas_sku_hc_2_etc2.pak
04-23 16:33:36.669 25460 25881 I Claw    : [0m[      24.036] [35;1mATLAS /home/jenkins-agent/workspace/huuuge-stars/client-dev/hs-android/src/casino/AtlasManager.cpp:637: Atlas manager pak ready: atlas_sku_hc_2_etc2.pak
