adb server version (39) doesn't match this client (36); killing...
* daemon started successfully *
--------- beginning of main
04-18 12:39:44.669 20991 20991 D AndroidRuntime: >>>>>> START com.android.internal.os.RuntimeInit uid 2000 <<<<<<
04-18 12:39:44.669 20991 20991 D AndroidRuntime: CheckJNI is OFF
04-18 12:39:44.669 20991 20991 D AndroidRuntime: readGMSProperty: start
04-18 12:39:44.669 20991 20991 D AndroidRuntime: readGMSProperty: already setted!!
04-18 12:39:44.669 20991 20991 D AndroidRuntime: propertySet: couldn't set property (it is from app)
04-18 12:39:44.669 20991 20991 D AndroidRuntime: readGMSProperty: could not set the property(default)!!
04-18 12:39:44.669 20991 20991 D AndroidRuntime: readGMSProperty: end
04-18 12:39:44.669 20991 20991 D AndroidRuntime: addProductProperty: start
04-18 12:39:44.719 20991 20991 D ICU     : No timezone override file found: /data/misc/zoneinfo/current/icu/icu_tzdata.dat
04-18 12:39:44.739 20991 20991 W CscFeature: mpsCode : none
04-18 12:39:44.739 20991 20991 W CscFeature: OMC_OTHERS_PATH : none/others.xml
04-18 12:39:44.739 20991 20991 W CscFeature: org.xmlpull.v1.XmlPullParserException: expected: /CscFeature_VoiceCall_ConfigOpStyleForRoaming read: FeatureSet (position:END_TAG </FeatureSet>@28:18 in java.io.InputStreamReader@5b58921) 
04-18 12:39:44.779 20991 20991 I Radio-JNI: register_android_hardware_Radio DONE
04-18 12:39:44.789 20991 20991 E AffinityControl: AffinityControl: registerfunction enter
04-18 12:39:44.819 20991 20991 D AndroidRuntime: Calling main entry com.android.commands.monkey.Monkey
--------- beginning of system
04-18 12:39:44.859  2612  2685 W BroadcastQueue: Skipping deliver [background] BroadcastRecord{f80aadc u-1 android.net.conn.CONNECTIVITY_CHANGE qIdx=4}, state= (IDLE) to ReceiverList{ffff7e5 20991 (unknown name)/2000/u-1 remote:88479ae}: process crashing
04-18 12:39:44.879 20991 20991 I Timeline: Timeline: Activity_launch_request id:com.huuuge.stars.slots time:12355070
04-18 12:39:44.879  2612  3481 D VirtualScreenPolicy: applyVirtualScreenAttrs attrs=VirtualScreenAttrs{mDisplayId=0, mBaseDisplayId=0, mBaseActivity=false}
04-18 12:39:44.879  2612  3481 D ActivityTrigger: ActivityTrigger activityPauseTrigger 
04-18 12:39:44.879  3470  3470 D Launcher: onPause, Launcher: 62531179
04-18 12:39:44.879  3470  3470 D Launcher.HomeView: onPause
04-18 12:39:44.879  3470  3470 D Launcher.Workspace: exitWidgetResizeMode. isClearResizeFrame is false
04-18 12:39:44.879  2612  3481 D ResourcesManager: For user 0 new overlays fetched Null
04-18 12:39:44.879  2612  3481 D GameManagerService: identifyGamePackage. com.huuuge.stars.slots
04-18 12:39:44.879  2612  3481 D MultiWindowPolicy: Gamemode - return 0,  when calling  identifyForegroundApp(com.huuuge.stars.slots)
04-18 12:39:44.879  2612  3481 D CustomFrequencyManagerService: acquireDVFSLockLocked : type : DVFS_MIN_LIMIT  frequency : 1500000  uid : 1000  pid : 2612  pkgName : ACTIVITY_RESUME_BOOSTER@3
04-18 12:39:44.879  2612  3481 D ActivityManager: mDVFSHelper.acquire()
04-18 12:39:44.879  2612  3481 D FocusedStackFrame: Set to : 0
04-18 12:39:44.879  2612  3481 V WindowManager: addAppToken: AppWindowToken{d0bdb98c8 token=Token{7e2856b ActivityRecord{da282ba u0 com.huuuge.stars.slots/com.huuuge.casino.BootActivity t781}}} to stack=1 task=781 at 0
04-18 12:39:44.889  2612  3481 D InputDispatcher: Focused application set to: xxxx
04-18 12:39:44.889  2612  3481 D InputDispatcher: Focus left window: 3470
04-18 12:39:44.889  2612  2724 D ViewRootImpl: #1 mView = com.android.internal.policy.PhoneWindow$DecorView{1be3e9d V.E...... R.....ID 0,0-0,0}
04-18 12:39:44.889  2612  4192 D MountService: getExternalStorageMountMode : 1
04-18 12:39:44.889  2612  4192 D MountService: getExternalStorageMountMode : 3
04-18 12:39:44.889  2612  4192 D MountService: getExternalStorageMountMode : final mountMode=1, uid : 10637, packageName : com.huuuge.stars.slots
04-18 12:39:44.889  2612  3487 D SettingsProvider: isChangeAllowed() : name = user_rotation
04-18 12:39:44.889  2612  3487 D SettingsProvider: isChangeAllowed() : name = accelerometer_rotation
04-18 12:39:44.889  2612  3487 V WindowOrientationListener: OrientationSensorJudge.getProposedRotation, Rotation: -1
04-18 12:39:44.889  2612  3487 V WindowManager: rotationForOrientationLw(orient=1, last=0); user=0  sensorRotation=-1 mLidState=-1 mDockMode=0 mHdmiPlugged=false mMobileKeyboardEnabled=false displayId=0
04-18 12:39:44.889  2612  3487 V WindowOrientationListener: OrientationSensorJudge.getProposedRotation, Rotation: -1
04-18 12:39:44.899  2612  2724 D PointerIcon: setMouseIconStyle1 pointerType: 1001 iconType:101 flag:0 pid:2612 uid:1000
04-18 12:39:44.899  2612  2724 D PointerIcon: setMouseCustomIcon IconType is same.101
04-18 12:39:44.899 20999 20999 E Zygote  : v2
04-18 12:39:44.899  2205  2205 I SurfaceFlinger: id=98 createSurf (1080x1920),1 flag=404, tlots
04-18 12:39:44.899 20999 20999 W SELinux : Function: selinux_compare_spd_ram, index[1], priority [2], priority version is VE=SEPF_SECMOBILE_6.0.1_0029
04-18 12:39:44.899 20999 20999 E Zygote  : accessInfo : 0
04-18 12:39:44.899  2612  4193 D SettingsProvider: isChangeAllowed() : name = accelerometer_rotation
04-18 12:39:44.899  2612  4193 V WindowOrientationListener: OrientationSensorJudge.getProposedRotation, Rotation: -1
04-18 12:39:44.899  2612  4193 V WindowManager: rotationForOrientationLw(orient=1, last=0); user=0  sensorRotation=-1 mLidState=-1 mDockMode=0 mHdmiPlugged=false mMobileKeyboardEnabled=false displayId=0
04-18 12:39:44.899  2612  4193 V WindowOrientationListener: OrientationSensorJudge.getProposedRotation, Rotation: -1
04-18 12:39:44.899  2612  4192 I ActivityManager: Start proc 20999:com.huuuge.stars.slots/u0a637 for activity com.huuuge.stars.slots/com.huuuge.casino.BootActivity
04-18 12:39:44.899 20999 20999 I libpersona: KNOX_SDCARD checking this for 10637
04-18 12:39:44.899 20999 20999 I libpersona: KNOX_SDCARD not a persona
04-18 12:39:44.899  2612  3012 D NetworkPolicy: isUidForegroundLocked: 10637, mScreenOn: true, uidstate: -1, mProxSensorScreenOff: false
04-18 12:39:44.909 20999 20999 W SELinux : SELinux: seapp_context_lookup: seinfo=default, level=s0:c512,c768, pkgname=com.huuuge.stars.slots 
04-18 12:39:44.909  2612  2724 D ViewRootImpl: MSG_RESIZED_REPORT: ci=Rect(0, 0 - 0, 0) vi=Rect(0, 0 - 0, 0) or=1
04-18 12:39:44.909  2612  2687 V WindowOrientationListener: OrientationSensorJudge.getProposedRotation, Rotation: -1
04-18 12:39:44.909  2612  2687 V WindowManager: rotationForOrientationLw(orient=1, last=0); user=0  sensorRotation=-1 mLidState=-1 mDockMode=0 mHdmiPlugged=false mMobileKeyboardEnabled=false displayId=0
04-18 12:39:44.909  2612  2687 V WindowOrientationListener: OrientationSensorJudge.getProposedRotation, Rotation: -1
04-18 12:39:44.919 20991 20991 I art     : System.exit called, status: 0
04-18 12:39:44.919 20991 20991 I AndroidRuntime: VM exiting with result code 0.
04-18 12:39:44.919  3096  3096 D RotationLockTile: rotationLocked : false
04-18 12:39:44.919  2612  2687 V WindowOrientationListener: OrientationSensorJudge.getProposedRotation, Rotation: -1
04-18 12:39:44.919  2612  2687 V WindowManager: rotationForOrientationLw(orient=1, last=0); user=0  sensorRotation=-1 mLidState=-1 mDockMode=0 mHdmiPlugged=false mMobileKeyboardEnabled=false displayId=0
04-18 12:39:44.919  2612  2687 V WindowOrientationListener: OrientationSensorJudge.getProposedRotation, Rotation: -1
04-18 12:39:44.919  2612  3012 D NetworkPolicy: isUidForegroundLocked: 10637, mScreenOn: true, uidstate: 16, mProxSensorScreenOff: false
04-18 12:39:44.929  2205  2205 D libEGL  : eglInitialize EGLDisplay = 0xffca241c
04-18 12:39:44.939  3096  3096 D RotationLockTile: rotationLocked : false
04-18 12:39:44.939 20999 20999 D TimaKeyStoreProvider: TimaSignature is unavailable
04-18 12:39:44.939  2612  2724 V WindowStateAnimator: Finishing drawing window Window{5e836e3 u0 d0 p2612 Starting com.huuuge.stars.slots}: mDrawState=DRAW_PENDING
04-18 12:39:44.939 20999 20999 D ActivityThread: Added TimaKeyStore provider
04-18 12:39:44.949  2612  3270 D InputDispatcher: setInputDispatchMode: enabled=1, frozen=1
04-18 12:39:44.949  2205  2205 I SurfaceFlinger: id=99 createSurf (1080x1920),2 flag=4, TcreenshotS
04-18 12:39:44.949  2205  2205 D libEGL  : eglInitialize EGLDisplay = 0xffca241c
04-18 12:39:44.949  2612  3270 V WindowOrientationListener: setCurrentAppOrientation :6
04-18 12:39:44.949  2612  3270 V WindowOrientationListener: OrientationSensorJudge.getProposedRotation, Rotation: -1
04-18 12:39:44.949  2612  3270 V WindowManager: rotationForOrientationLw(orient=6, last=0); user=0  sensorRotation=-1 mLidState=-1 mDockMode=0 mHdmiPlugged=false mMobileKeyboardEnabled=false displayId=0
04-18 12:39:44.949  2612  3270 V WindowOrientationListener: OrientationSensorJudge.getProposedRotation, Rotation: -1
04-18 12:39:44.949  2612  3270 D SamsungWindowManager: setRotationLw() : rotation=1
04-18 12:39:44.949  2612  3270 D CustomFrequencyManagerService: acquireDVFSLockLocked : type : DVFS_MIN_LIMIT  frequency : 1600000  uid : 1000  pid : 2612  pkgName : ROTATION_BOOSTER@28
04-18 12:39:44.979  2205  2205 I SurfaceFlinger: Disp[0] Orientation 0=>1
04-18 12:39:44.979  2205  2205 D libEGL  : eglInitialize EGLDisplay = 0xffca241c
04-18 12:39:44.979  2612  3270 I ActivityManager: Config changes=480 {0 1.0 themeSeq = 0 showBtnBg = 0 ?mcc?mnc en_US ldltr sw360dp w640dp h336dp 480dpi nrml long land finger -keyb/v/h -nav/h s.12}
04-18 12:39:44.989  2612  2968 I InputReader: Reconfiguring input devices.  changes=0x00000004
04-18 12:39:44.989  2612  2968 I InputReader: Device reconfigured: id=7, name='sec_touchscreen', size 1080x1920, orientation 1, mode 1, display id 0
04-18 12:39:45.009 17656 17656 D Mms/MmsApp: [start]    onConfigurationChanged(), newConfig = {0 1.0 themeSeq = 0 showBtnBg = 0 ?mcc?mnc en_US ldltr sw360dp w640dp h336dp 480dpi nrml long land finger -keyb/v/h -nav/h s.12} consume time = 10840.8783
04-18 12:39:45.009 17656 17656 D Mms/MmsApp: [end]    onConfigurationChanged(), newConfig = {0 1.0 themeSeq = 0 showBtnBg = 0 ?mcc?mnc en_US ldltr sw360dp w640dp h336dp 480dpi nrml long land finger -keyb/v/h -nav/h s.12} consume time = 0.091154
04-18 12:39:45.039 13661 13661 V SamsungIME: onConfigurationChanged
04-18 12:39:45.039 13661 13661 I SamsungIME: [Before] hardKeyboardHidden(2) keyboardType(1)
04-18 12:39:45.039 13661 13661 I SamsungIME:          mHwKeyboardShown [isHWKeyboardOpen()] = false --> false
04-18 12:39:45.039 13661 13661 E SamsungIME:          isHWKeyboardConnected() = false --> false
04-18 12:39:45.039 13661 13661 I SamsungIME: [hasToCallSuper] true
04-18 12:39:45.049  3096  9648 D WallpaperService: resized:[frame]Rect(0, 0 - 1080, 1920) [newConfig]2
04-18 12:39:45.059  2205  3174 D libEGL  : eglTerminate EGLDisplay = 0xf3c3f624
04-18 12:39:45.059  2205  3519 I SurfaceFlinger: id=97 Removed MauncherAct (4/11)
04-18 12:39:45.059  2612  3270 D ActivityManager:  Launching com.huuuge.stars.slots, updated priority
04-18 12:39:45.059  2612  2687 D StatusBarManagerService: manageDisableList userId=0 what=0x0 pkg=Window{5e836e3 u0 d0 p2612 Starting com.huuuge.stars.slots}
04-18 12:39:45.059  2612  2687 W ContextImpl: Calling a method in the system process without a qualified user: android.app.ContextImpl.sendBroadcast:843 com.android.server.policy.PhoneWindowManager.notifyToSSRM:9040 com.android.server.policy.PhoneWindowManager.access$2100:323 com.android.server.policy.PhoneWindowManager$PolicyHandler.handleMessage:1259 android.os.Handler.dispatchMessage:102 
04-18 12:39:45.059  2612  2612 D GameManagerService: NotifyRunnable. pkg: com.huuuge.stars.slots, type: 4, isMinimized: false, isTunableApp: false
04-18 12:39:45.059  2612  2612 D GameManagerService: do nothing. mKillNotiCount: 3
04-18 12:39:45.069  2205  2271 I SurfaceFlinger: id=97 Removed MauncherAct (-2/11)
04-18 12:39:45.069  2205  2205 D libEGL  : eglTerminate EGLDisplay = 0xffca2494
04-18 12:39:45.069  3470  3470 D QuickViewWorkspace: onMeasure()
04-18 12:39:45.069  3096  3096 D QSPanel : getMultiTileLineHeight = 15
04-18 12:39:45.079  3470  3470 D QuickViewWorkspace: onLayout()7
04-18 12:39:45.079  3470  3470 D ViewRootImpl: MSG_RESIZED_REPORT: ci=Rect(0, 0 - 0, 0) vi=Rect(0, 0 - 0, 0) or=2
04-18 12:39:45.079  2612  2612 D Tethering: NAP Supported and not Wifi Model
04-18 12:39:45.079 13661 13661 D SamsungIME: onStartInput: No inputType, No imeOption, isInputViewShown = false, isExtractViewShown = false, isShowInputRequested = false, isConfigChanged = false
04-18 12:39:45.079  3470  3470 D QuickViewWorkspace: onMeasure()
04-18 12:39:45.089  3470  3470 D QuickViewWorkspace: onLayout()7
04-18 12:39:45.089  2612  2612 E Tethering: No numeric data
04-18 12:39:45.089  3096  3207 D vol.VolumeDialogControl: onReceive ACTION_CONFIGURATION_CHANGED
04-18 12:39:45.089  3096 16637 D vol.VolumeDialogControl.VC: setLayoutDirection
04-18 12:39:45.089 20999 20999 D ResourcesManager: For user 0 new overlays fetched Null
04-18 12:39:45.099 13661 13661 D SamsungIME: Dismiss ExpandCandiate
04-18 12:39:45.099  3096  3096 D NotificationStackScrollLayout:  scroll range should be extended : 1200
04-18 12:39:45.099  2612  2685 V MARsPolicyManager: updatePackagesScore PackageInfo name -- com.huuuge.stars.slots
04-18 12:39:45.099  3096  3096 D Recents : handleProxyCall type=6
04-18 12:39:45.099  2612  3012 D NetworkPolicy: isUidForegroundLocked: 10637, mScreenOn: true, uidstate: 2, mProxSensorScreenOff: false
04-18 12:39:45.099  2612  5167 D GameManagerService: identifyGamePackage. com.huuuge.stars.slots
04-18 12:39:45.099  3190  3190 D Recents : handleProxyCall type=6
04-18 12:39:45.109  3096  3428 D NetworkController.MobileSignalController(0/2147483643): getMobileIconGroup(): 0
04-18 12:39:45.109  3096  3096 D WallpaperService: MSG_WINDOW_RESIZED
04-18 12:39:45.109  3096  3096 D WallpaperService: updateSurface:[forceRelayout]true[redrawNeeded]true
04-18 12:39:45.109  3096  3096 V WallpaperService: Changes: creating=false format=false size=false
04-18 12:39:45.109  3096  3096 V WallpaperService: currentWidth:1080 currentHeight:1920 requestedWidth:1080 requestedWidth:1920
04-18 12:39:45.109  3096  3096 D WallpaperService: relayout
04-18 12:39:45.119  3096  3096 V WallpaperService: relayout result: Surface(name=null)/@0x1e41d6c, frame=Rect(0, 0 - 1080, 1920),relayoutResult:1, mConfiguration{0 1.0 themeSeq = 0 showBtnBg = -1 ?mcc?mnc en_US ?layoutDir ?swdp ?wdp ?hdp ?density ?lsize ?long ?orien ?uimode ?night ?touch ?keyb/?/? ?nav/?}
04-18 12:39:45.119  3096  3096 V WallpaperService: Wallpaper size has changed: (1080, 1920)
04-18 12:39:45.119  3096  3096 D ImageWallpaper: onSurfaceRedrawNeeded: newRotation:2
04-18 12:39:45.119  3096  3096 D ImageWallpaper: drawFrame:false rotation:1 mLastRotation:0
04-18 12:39:45.119  3096  3096 D WallpaperService: getDisplayId:0
04-18 12:39:45.119  3096  3096 D ImageWallpaper: surfaceWidth:1920 surfaceHeight:1920 getDisplayID:0
04-18 12:39:45.119  3096  3096 D ImageWallpaper: updateSurfaceSize Width : 1920 Height: 1920
04-18 12:39:45.119  3096  3096 D WallpaperService: BaseSurfaceHolder:setFixedSize[width]1920 [height]1920
04-18 12:39:45.119  3096  3096 D WallpaperService: BaseSurfaceHolder:onRelayoutContainer
04-18 12:39:45.119  3096  3096 D ImageWallpaper: SurfaceSize updated
04-18 12:39:45.119  3096  3096 D WallpaperService: finishDrawing
04-18 12:39:45.119  2612  3270 V WindowStateAnimator: Finishing drawing window Window{11270ee u0 d0 p3096 com.android.systemui.ImageWallpaper}: mDrawState=DRAW_PENDING
04-18 12:39:45.119  3096  3096 D ViewRootImpl: MSG_RESIZED_REPORT: ci=Rect(0, 0 - 0, 0) vi=Rect(0, 0 - 0, 0) or=2
04-18 12:39:45.119  3096  3096 D QSPanel : getMultiTileLineHeight = 15
04-18 12:39:45.119  3096  3096 D QSPanel : getMultiTileLineHeight = 15
04-18 12:39:45.119  3096  3096 D QSPanel : getMultiTileLineHeight = 15
04-18 12:39:45.119 20999 20999 D RelationGraph: garbageCollect()
04-18 12:39:45.119 20999 20999 D ContextRelationManager: ContextRelationManager() : FEATURE_ENABLED=true
04-18 12:39:45.129  3096  3584 D QSTile.WifiTile: handleUpdateState  cb.changed 4 wifiEnabled : ON cb.enabledDesc HuuugeQA
04-18 12:39:45.129  3096  3584 D BluetoothTile: handleUpdateState :  supported = true, enabled = false, enabling = false, connected = false, connecting = false, mController.getLastDeviceName() = null
04-18 12:39:45.129  3096  3584 D AirplaneModeTile: getQSTileMultiState 2
04-18 12:39:45.139  2612  5167 D GameManagerService: identifyGamePackage. com.huuuge.stars.slots
04-18 12:39:45.149  3096  3584 D FlashlightTile: handleUpdateState :  MultiState[visible=true,icon=ResourceIcon[resId=0x7f02039f],label=Flashlight,contentDescription=Flashlight Button Off.,dualLabelContentDescription=null,autoMirrorDrawable=false,secondaryLabel=null,textTruncate=true,value=2,bgValue=0] arg : null
04-18 12:39:45.149  3096  3096 D ImageWallpaper: onVisibilityChanged:false
04-18 12:39:45.149  3096  3096 D ImageWallpaper: drawFrame:false rotation:1 mLastRotation:0
04-18 12:39:45.149  3096  3096 D WallpaperService: getDisplayId:0
04-18 12:39:45.149  3096  3096 D ImageWallpaper: surfaceWidth:1920 surfaceHeight:1920 getDisplayID:0
04-18 12:39:45.149  3096  3096 D ImageWallpaper: updateSurfaceSize Width : 1920 Height: 1920
04-18 12:39:45.149  3096  3096 D WallpaperService: BaseSurfaceHolder:setFixedSize[width]1920 [height]1920
04-18 12:39:45.149  3096  3096 D ImageWallpaper: SurfaceSize not changed : Width : 1920 Height: 1920
04-18 12:39:45.149  3096  3096 D ImageWallpaper: drawFrame:[frame.width()]1080[frame.height()]1920
04-18 12:39:45.149  3096  3096 D ImageWallpaper: mScale:1.0
04-18 12:39:45.149  3096  3096 D ImageWallpaper: availw:0  availh:0
04-18 12:39:45.149  3096  3096 D ImageWallpaper: availwUnscaled:0  availhUnscaled:0
04-18 12:39:45.149  3096  3096 D ImageWallpaper: drawFrame() mXOffset:0.0 mYOffset:0.0
04-18 12:39:45.149  3096  3096 D libEGL  : eglInitialize EGLDisplay = 0xffd25284
04-18 12:39:45.149  3096  3584 D HotspotTile: handleUpdateState :mState.value =  2, 2
04-18 12:39:45.149  3096  3096 D mali_winsys: new_window_surface returns 0x3000,  [1080x1920]-format:2
04-18 12:39:45.149  3096  3096 D ImageWallpaper: drawWallpaperWithOpenGL() w:0 h:0 left:0 top:0
04-18 12:39:45.149  3096  3096 D ImageWallpaper: drawWallpaperWithOpenGL  frame.width() : 1080  frame.height:1920
04-18 12:39:45.149  3096  3096 D ImageWallpaper: drawWallpaperWithOpenGL  bitmapWidth : 1080  bitmapHeight:1920
04-18 12:39:45.149  3096  3096 D ImageWallpaper: drawWallpaperWithOpenGL  left : 0 top : 0 right : 1080.0 bottom : 1920.0
04-18 12:39:45.179  3096  3096 D libEGL  : eglTerminate EGLDisplay = 0xffd252dc
04-18 12:39:45.179  3096  3096 D ImageWallpaper: finish drawWallpaperWithOpenGL
04-18 12:39:45.179  3096  3096 D PhoneStatusBar: setSystemUiVisibility vis=8000 mask=ffffffff oldVal=8600 newVal=8000 diff=600
04-18 12:39:45.189  2205  2205 D libEGL  : eglInitialize EGLDisplay = 0xffca241c
04-18 12:39:45.189  2205  2205 D libEGL  : eglTerminate EGLDisplay = 0xffca247c
04-18 12:39:45.189  3096  3096 D vol.SecVolumeDialog: updateWindowWidth lp.width=1218, mCurrentWindowWidth = 1050
04-18 12:39:45.189  3096  3096 D Clock   : received broadcast android.intent.action.CONFIGURATION_CHANGED
04-18 12:39:45.189  3857  3857 D RelationGraph: garbageCollect()
04-18 12:39:45.199  3096  3096 D DateView: received broadcast android.intent.action.CONFIGURATION_CHANGED
04-18 12:39:45.199  3096  3096 D WallpaperService: MSG_UPDATE_SURFACE
04-18 12:39:45.199  3096  3096 D WallpaperService: updateSurface:[forceRelayout]true[redrawNeeded]false
04-18 12:39:45.199  3096  3096 V WallpaperService: Changes: creating=false format=false size=true
04-18 12:39:45.199  3096  3096 V WallpaperService: currentWidth:1080 currentHeight:1920 requestedWidth:1920 requestedWidth:1920
04-18 12:39:45.199  3096  3096 D WallpaperService: relayout
04-18 12:39:45.199  3096 13772 D WallpaperService: resized:[frame]Rect(0, 0 - 1920, 1920) [newConfig] is null
04-18 12:39:45.199 20999 20999 D RelationGraph: garbageCollect()
04-18 12:39:45.209  3096  3096 V WallpaperService: relayout result: Surface(name=null)/@0x1e41d6c, frame=Rect(0, 0 - 1920, 1920),relayoutResult:1, mConfiguration{0 1.0 themeSeq = 0 showBtnBg = -1 ?mcc?mnc en_US ?layoutDir ?swdp ?wdp ?hdp ?density ?lsize ?long ?orien ?uimode ?night ?touch ?keyb/?/? ?nav/?}
04-18 12:39:45.209  3096  3096 V WallpaperService: Wallpaper size has changed: (1920, 1920)
04-18 12:39:45.209  3096  3096 V WallpaperService: onSurfaceChanged(android.service.wallpaper.WallpaperService$Engine$1@c9f9f35, 2, 1920, 1920): com.android.systemui.ImageWallpaper$DrawableEngine@a771fca
04-18 12:39:45.209  3096  3096 D ImageWallpaper: drawFrame:false rotation:1 mLastRotation:1
04-18 12:39:45.209  3096  3096 D ImageWallpaper: drawFrame:[frame.width()]1920[frame.height()]1920
04-18 12:39:45.209  3096  3096 D ImageWallpaper: mScale:1.7777778
04-18 12:39:45.209  3096  3096 D ImageWallpaper: availw:0  availh:-1493
04-18 12:39:45.209  3096  3096 D ImageWallpaper: availwUnscaled:840  availhUnscaled:0
04-18 12:39:45.209  3096  3096 D ImageWallpaper: drawFrame() mXOffset:0.0 mYOffset:0.0
04-18 12:39:45.209  3096  3096 D ImageWallpaper: mLastSurfaceWidth:1920 mLastSurfaceHeight:1920
04-18 12:39:45.209  3096  3096 D libEGL  : eglInitialize EGLDisplay = 0xffd251b4
04-18 12:39:45.209  3096  3096 D mali_winsys: new_window_surface returns 0x3000,  [1920x1920]-format:2
04-18 12:39:45.209  3096  3096 D ImageWallpaper: drawWallpaperWithOpenGL() w:0 h:-1493 left:0 top:-746
04-18 12:39:45.209  3096  3096 D ImageWallpaper: drawWallpaperWithOpenGL  frame.width() : 1920  frame.height:1920
04-18 12:39:45.209  3096  3096 D ImageWallpaper: drawWallpaperWithOpenGL  bitmapWidth : 1080  bitmapHeight:1920
04-18 12:39:45.209  3096  3096 D ImageWallpaper: drawWallpaperWithOpenGL  left : 0 top : -746 right : 1920.0 bottom : 2667.3333
04-18 12:39:45.219 20999 20999 I AppsFlyer: reportLaunch xPcmC6rPafKmCueR3W68Mk
04-18 12:39:45.229 20999 21020 W System.err: remove failed: ENOENT (No such file or directory) : /data/user/0/com.huuuge.stars.slots/shared_prefs/branch_referral_shared_pref.xml.bak
04-18 12:39:45.229 20999 21021 W System.err: remove failed: ENOENT (No such file or directory) : /data/user/0/com.huuuge.stars.slots/shared_prefs/BNC_Server_Request_Queue.xml.bak
04-18 12:39:45.239  2205  2205 D libEGL  : eglInitialize EGLDisplay = 0xffca241c
04-18 12:39:45.239  2205  2205 D libEGL  : eglTerminate EGLDisplay = 0xffca247c
04-18 12:39:45.239 20999 20999 I AppsFlyer_4.8.6: getDeepLinkData with activity null
04-18 12:39:45.249  3096  3096 D libEGL  : eglTerminate EGLDisplay = 0xffd2520c
04-18 12:39:45.249  3096  3096 D ImageWallpaper: finish drawWallpaperWithOpenGL
04-18 12:39:45.249  3096  3096 D ImageWallpaper: onVisibilityChanged:false
04-18 12:39:45.259 20999 20999 D AppsFlyer_4.8.6: Install referrer is allowed
04-18 12:39:45.269 20999 20999 D AppsFlyer_4.8.6: Initializing AppsFlyer SDK: (v4.8.6.355)
04-18 12:39:45.269 20999 20999 I AppsFlyer_4.8.6: Starting AppsFlyer Tracking: (v4.8.6.355)
04-18 12:39:45.269 20999 20999 I AppsFlyer_4.8.6: Build Number: 355
04-18 12:39:45.269 20999 20999 D Device name: SM-A510F
04-18 12:39:45.269 14874 14874 D RelationGraph: garbageCollect()
04-18 12:39:45.269  2612  3012 D NetworkPolicy: isUidForegroundLocked: 10028, mScreenOn: true, uidstate: 3, mProxSensorScreenOff: false
04-18 12:39:45.279  2205  2271 D libEGL  : eglTerminate EGLDisplay = 0xf6e81624
04-18 12:39:45.279  2205  2271 D libEGL  : eglTerminate EGLDisplay = 0xf6e81624
04-18 12:39:45.279  3096  3415 D mali_winsys: new_window_surface returns 0x3000,  [1920x72]-format:1
04-18 12:39:45.279  3096  3096 D KeyguardEffectViewController: onLayoutChange() v: com.android.keyguard.effect.EffectBehindView{1666359 I.E...... ......ID 0,0-1920,72 #7f0e037a app:id/keyguard_effect_behind}, bottom : 72, oldBottom : 72
04-18 12:39:45.279  3096  3096 D NotificationStackScrollLayout:  scroll range should be extended : 1200
04-18 12:39:45.279  3096  3096 D QSPanel : getMultiTileLineHeight = 15
04-18 12:39:45.279  3096  3096 D QSPanel : getMultiTileLineHeight = 15
04-18 12:39:45.279  3096  3096 D QSPanel : getMultiTileLineHeight = 15
04-18 12:39:45.279  3096  3096 W View    : requestLayout() improperly called by com.android.systemui.qs.QSContainer{11baca V.E...... ......ID 0,348-1920,897 #7f0e020a app:id/quick_settings_container} during layout: running second layout pass
04-18 12:39:45.279  3096  3096 I ViewRootImpl: requestLayout is already in process
04-18 12:39:45.279  3096  3096 D QSPanel : getMultiTileLineHeight = 15
04-18 12:39:45.289 20999 20999 D com.huuuge.casino.BootActivity: files dir: /data/user/0/com.huuuge.stars.slots/files
04-18 12:39:45.289 20999 20999 D com.huuuge.casino.BootActivity: external dir: /storage/emulated/0/Android/data/com.huuuge.stars.slots/files/
04-18 12:39:45.289  2612  3660 D PowerManagerService: [api] acquire WakeLock flags=0x1000000a tag=Claw uid=10637 pid=20999
04-18 12:39:45.299  2612  3264 V WindowStateAnimator: Finishing drawing window Window{cccc577 u0 d0 p3096 StatusBar}: mDrawState=DRAW_PENDING
04-18 12:39:45.299  3096  3096 D WallpaperService: MSG_WINDOW_RESIZED
04-18 12:39:45.299  3096  3096 D WallpaperService: updateSurface:[forceRelayout]true[redrawNeeded]true
04-18 12:39:45.299  3096  3096 V WallpaperService: Changes: creating=false format=false size=false
04-18 12:39:45.299  3096  3096 V WallpaperService: currentWidth:1920 currentHeight:1920 requestedWidth:1920 requestedWidth:1920
04-18 12:39:45.299  3096  3096 D WallpaperService: relayout
04-18 12:39:45.299  3096  3096 V WallpaperService: relayout result: Surface(name=null)/@0x1e41d6c, frame=Rect(0, 0 - 1920, 1920),relayoutResult:1, mConfiguration{0 1.0 themeSeq = 0 showBtnBg = -1 ?mcc?mnc en_US ?layoutDir ?swdp ?wdp ?hdp ?density ?lsize ?long ?orien ?uimode ?night ?touch ?keyb/?/? ?nav/?}
04-18 12:39:45.299  3096  3096 V WallpaperService: Wallpaper size has changed: (1920, 1920)
04-18 12:39:45.299 20999 20999 D ClawActivity: Create input manager
04-18 12:39:45.299  3096  3096 D ImageWallpaper: onSurfaceRedrawNeeded: newRotation:2
04-18 12:39:45.299  2205  2205 D libEGL  : eglInitialize EGLDisplay = 0xffca241c
04-18 12:39:45.299  3096  3096 D ImageWallpaper: drawFrame:false rotation:1 mLastRotation:1
04-18 12:39:45.299  2205  2205 D libEGL  : eglTerminate EGLDisplay = 0xffca247c
04-18 12:39:45.299  3096  3096 D ImageWallpaper: drawFrame:[frame.width()]1920[frame.height()]1920
04-18 12:39:45.299  3096  3096 D ImageWallpaper: mScale:1.7777778
04-18 12:39:45.299  3096  3096 D ImageWallpaper: availw:0  availh:-1493
04-18 12:39:45.299  3096  3096 D ImageWallpaper: availwUnscaled:840  availhUnscaled:0
04-18 12:39:45.299  3096  3096 D ImageWallpaper: drawFrame() mXOffset:0.0 mYOffset:0.0
04-18 12:39:45.299  3096  3096 D libEGL  : eglInitialize EGLDisplay = 0xffd251c4
04-18 12:39:45.309  3096  3096 D mali_winsys: new_window_surface returns 0x3000,  [1920x1920]-format:2
04-18 12:39:45.309  3096  3096 D ImageWallpaper: drawWallpaperWithOpenGL() w:0 h:-1493 left:0 top:-746
04-18 12:39:45.309  3096  3096 D ImageWallpaper: drawWallpaperWithOpenGL  frame.width() : 1920  frame.height:1920
04-18 12:39:45.309  3096  3096 D ImageWallpaper: drawWallpaperWithOpenGL  bitmapWidth : 1080  bitmapHeight:1920
04-18 12:39:45.309  3096  3096 D ImageWallpaper: drawWallpaperWithOpenGL  left : 0 top : -746 right : 1920.0 bottom : 2667.3333
04-18 12:39:45.319  2205  2205 D libEGL  : eglInitialize EGLDisplay = 0xffca241c
04-18 12:39:45.319  2205  2205 D libEGL  : eglTerminate EGLDisplay = 0xffca247c
04-18 12:39:45.329 20999 21031 D GraphRequest: Warning: Request without access token missing application ID or client token.
04-18 12:39:45.329 20999 21033 W System.err: remove failed: ENOENT (No such file or directory) : /data/user/0/com.huuuge.stars.slots/files/AppEventsLogger.persistedevents
04-18 12:39:45.339 20999 21025 I System.out: (HTTPLog)-Static: isSBSettingEnabled false
04-18 12:39:45.339 20999 21025 I System.out: (HTTPLog)-Static: isSBSettingEnabled false
04-18 12:39:45.339  3096  3096 D libEGL  : eglTerminate EGLDisplay = 0xffd2521c
04-18 12:39:45.339  3096  3096 D ImageWallpaper: finish drawWallpaperWithOpenGL
04-18 12:39:45.339  3096  3096 D WallpaperService: finishDrawing
04-18 12:39:45.339  2612  3481 V WindowStateAnimator: Finishing drawing window Window{11270ee u0 d0 p3096 com.android.systemui.ImageWallpaper}: mDrawState=DRAW_PENDING
04-18 12:39:45.339 20999 21031 I System.out: (HTTPLog)-Static: isSBSettingEnabled false
04-18 12:39:45.339  2218  2767 D EnterpriseController: netId is 0
04-18 12:39:45.339  2218  2767 D Netd    : getNetworkForDns: using netid 502 for uid 10637
04-18 12:39:45.349 20999 20999 W System.err: remove failed: ENOENT (No such file or directory) : /data/user/0/com.huuuge.stars.slots/shared_prefs/hg_notifications_prefs.xml.bak
04-18 12:39:45.349  3096  3096 D QSPanel : getMultiTileLineHeight = 15
04-18 12:39:45.349  3096  3096 D QSPanel : getMultiTileLineHeight = 15
04-18 12:39:45.349  3096  3096 D PanelView: updateQsState
04-18 12:39:45.349  3096  3096 D QSPanel : getMultiTileLineHeight = 15
04-18 12:39:45.349  3096  3096 D QSPanel : getMultiTileLineHeight = 15
04-18 12:39:45.349  3096  3096 D KeyguardSwipeHelper: reset()
04-18 12:39:45.349  3096  3096 D KeyguardUnlockEventHandler: reset()
04-18 12:39:45.349  3096  3096 D KeyguardSwipeHelper: resetChildViewVI()
04-18 12:39:45.349 20999 21031 I System.out: (HTTPLog)-Static: isSBSettingEnabled false
04-18 12:39:45.349  2218  2767 D EnterpriseController: netId is 0
04-18 12:39:45.349  2218  2767 D Netd    : getNetworkForDns: using netid 502 for uid 10637
04-18 12:39:45.349  2205  2205 D libEGL  : eglInitialize EGLDisplay = 0xffca241c
04-18 12:39:45.359 20999 20999 W System.err: remove failed: ENOENT (No such file or directory) : /data/user/0/com.huuuge.stars.slots/shared_prefs/helpshiftTempKeys.xml.bak
04-18 12:39:45.419  2205  2205 D libEGL  : eglInitialize EGLDisplay = 0xffca241c
04-18 12:39:45.649 20999 21020 W System.err: remove failed: ENOENT (No such file or directory) : /data/user/0/com.huuuge.stars.slots/shared_prefs/HSJsonData.xml.bak
04-18 12:39:45.669 20999 21045 W System.err: remove failed: ENOENT (No such file or directory) : /data/user/0/com.huuuge.stars.slots/databases/__hs__db_error_reports
04-18 12:39:45.669 20999 21045 W System.err: remove failed: ENOENT (No such file or directory) : /data/user/0/com.huuuge.stars.slots/databases/__hs__db_error_reports-journal
04-18 12:39:45.669 20999 21045 W System.err: remove failed: ENOENT (No such file or directory) : /data/user/0/com.huuuge.stars.slots/databases/__hs__db_error_reports-shm
04-18 12:39:45.669 20999 21045 W System.err: remove failed: ENOENT (No such file or directory) : /data/user/0/com.huuuge.stars.slots/databases/__hs__db_error_reports-wal
04-18 12:39:45.719 20999 20999 I com.huuuge.casino.BootActivity: initializing ER crash reporting
04-18 12:39:45.729  2612  3486 D VirtualScreenPolicy: applyVirtualScreenAttrs attrs=VirtualScreenAttrs{mDisplayId=0, mBaseDisplayId=0, mBaseActivity=false}
04-18 12:39:45.729  2612  3486 D ResourcesManager: For user 0 new overlays fetched Null
04-18 12:39:45.729  2612  3486 D GameManagerService: identifyGamePackage. com.google.android.packageinstaller
04-18 12:39:45.729  2612  3486 D MultiWindowPolicy: Gamemode - return 0,  when calling  identifyForegroundApp(com.google.android.packageinstaller)
04-18 12:39:45.729  2612  3486 D CustomFrequencyManagerService: releaseDVFSLockLocked : Getting Lock type frm List : DVFS_MIN_LIMIT  frequency : 1500000  uid : 1000  pid : 2612  tag : ACTIVITY_RESUME_BOOSTER@3
04-18 12:39:45.729  2612  3486 D CustomFrequencyManagerService: acquireDVFSLockLocked : type : DVFS_MIN_LIMIT  frequency : 1500000  uid : 1000  pid : 2612  pkgName : ACTIVITY_RESUME_BOOSTER@3
04-18 12:39:45.729  2612  3486 D ActivityManager: mDVFSHelper.acquire()
04-18 12:39:45.739  2612  2724 D ViewRootImpl: MSG_RESIZED_REPORT: ci=Rect(0, 0 - 0, 0) vi=Rect(0, 0 - 0, 0) or=2
04-18 12:39:45.739  2612  3486 V WindowManager: addAppToken: AppWindowToken{d045100c2 token=Token{451090d ActivityRecord{42427a4 u0 com.google.android.packageinstaller/com.android.packageinstaller.permission.ui.GrantPermissionsActivity t781}}} to stack=1 task=781 at 1
04-18 12:39:45.739  2612  2687 D StatusBarManagerService: manageDisableList userId=0 what=0x0 pkg=Window{5e836e3 u0 d0 p2612 Starting com.huuuge.stars.slots}
04-18 12:39:45.749  2612  3486 D ActivityTrigger: ActivityTrigger activityPauseTrigger 
04-18 12:39:45.749  2612  3486 D InputDispatcher: Focused application set to: xxxx
04-18 12:39:45.759 20999 20999 W System.err: remove failed: ENOENT (No such file or directory) : /data/user/0/com.huuuge.stars.slots/shared_prefs/com.huuuge.stars.prefs.xml.bak
04-18 12:39:45.759  2612  3136 I MediaFocusControl:  AudioFocus  requestAudioFocus() from android.media.AudioManager$79f05ebcom.Claw.Android.ClawActivity$1$1454f48 req=1flags=0x0
04-18 12:39:45.759 20999 20999 D ClawActivity: onStart: AudioFocus granted = 1
04-18 12:39:45.759 13774 13774 D AudioManager: AudioManager dispatching onAudioFocusChange(-1) for android.media.AudioManager$b23aeaecom.Claw.Android.ClawActivity$1$5fe944f
04-18 12:39:45.759 13774 13774 D ClawActivity: onAudioFocusChange: -1
04-18 12:39:45.759 20999 20999 I BranchSDK: Branch Warning: You are using your test app's Branch Key. Remember to change it to live Branch Key during deployment.
04-18 12:39:45.759  2612  2724 V WindowStateAnimator: Finishing drawing window Window{5e836e3 u0 d0 p2612 Starting com.huuuge.stars.slots}: mDrawState=DRAW_PENDING
04-18 12:39:45.779  2205  2205 D libEGL  : eglInitialize EGLDisplay = 0xffca241c
04-18 12:39:45.839  2612  3486 D ConnectivityService: returning getNetworkInfo for network type 1 : [type: WIFI[] - WIFI, state: CONNECTED/CONNECTED, reason: (unspecified), extra: "HuuugeQA", roaming: false, failover: false, isAvailable: true]
04-18 12:39:45.859 20999 20999 I AppsFlyer_4.8.6: onBecameForeground
04-18 12:39:45.859 20999 21057 I System.out: (HTTPLog)-Static: isSBSettingEnabled false
04-18 12:39:45.859 20999 21057 I System.out: (HTTPLog)-Static: isSBSettingEnabled false
04-18 12:39:45.869  2218  2767 D EnterpriseController: netId is 0
04-18 12:39:45.869 20999 20999 I AppsFlyer_4.8.6: Sending first launch for this session!
04-18 12:39:45.869  2218  2767 D Netd    : getNetworkForDns: using netid 502 for uid 10637
04-18 12:39:45.869  2612  2626 I MediaFocusControl:  AudioFocus  requestAudioFocus() from android.media.AudioManager$79f05ebcom.Claw.Android.ClawActivity$1$1454f48 req=1flags=0x0
04-18 12:39:45.869 20999 20999 D ClawActivity: onResume: AudioFocus granted = 1
04-18 12:39:45.869 20999 21062 I System.out: (HTTPLog)-Static: isSBSettingEnabled false
04-18 12:39:45.869 20999 21062 I System.out: (HTTPLog)-Static: isSBSettingEnabled false
04-18 12:39:45.869  2218  2767 D EnterpriseController: netId is 0
04-18 12:39:45.869  2218  2767 D Netd    : getNetworkForDns: using netid 502 for uid 10637
04-18 12:39:45.879 20999 20999 D ViewRootImpl: #1 mView = com.android.internal.policy.PhoneWindow$DecorView{447b18e I.E...... R.....ID 0,0-0,0}
04-18 12:39:45.879 20999 21064 D OpenGLRenderer: Use EGL_SWAP_BEHAVIOR_PRESERVED: true
04-18 12:39:45.889  2612  3483 D ActivityManager: post active user change for 0 fullscreen true isFloatingActivity() false isHomeActivity() false
04-18 12:39:45.889  2612  3483 D KnoxTimeoutHandler: postActiveUserChange [MsgParam] userId: 0 fullscreen is true showWhenlocked is false
04-18 12:39:45.889  2612  2612 D KnoxTimeoutHandler: handleActiveUserChange [MsgParam] userId: 0 fullscreen is true showWhenlocked is false
04-18 12:39:45.889  2612  2612 I KnoxTimeoutHandler: Shared devices show user statefalse
04-18 12:39:45.889 20999 20999 D AppsFlyer_4.8.6: InstallReferrer connected
04-18 12:39:45.889 20999 20999 D RelationGraph: garbageCollect()
04-18 12:39:45.899 21016 21016 D AndroidRuntime: >>>>>> START com.android.internal.os.RuntimeInit uid 2000 <<<<<<
04-18 12:39:45.899  2205  2205 I SurfaceFlinger: id=100 createSurf (2160x1920),-1 flag=20004, ClackSurfac
04-18 12:39:45.899  2205  2205 I SurfaceFlinger: id=101 createSurf (1080x3840),-1 flag=20004, ClackSurfac
04-18 12:39:45.899  2205  2205 I SurfaceFlinger: id=102 createSurf (2160x1920),-1 flag=20004, ClackSurfac
04-18 12:39:45.899  2205  2205 I SurfaceFlinger: id=103 createSurf (1080x3840),-1 flag=20004, ClackSurfac
04-18 12:39:45.899  2612  3483 D InputDispatcher: setInputDispatchMode: enabled=1, frozen=0
04-18 12:39:45.899 21016 21016 D AndroidRuntime: CheckJNI is OFF
04-18 12:39:45.899 21016 21016 D AndroidRuntime: readGMSProperty: start
04-18 12:39:45.899 21016 21016 D AndroidRuntime: readGMSProperty: already setted!!
04-18 12:39:45.899 21016 21016 D AndroidRuntime: propertySet: couldn't set property (it is from app)
04-18 12:39:45.899 21016 21016 D AndroidRuntime: readGMSProperty: could not set the property(default)!!
04-18 12:39:45.899 21016 21016 D AndroidRuntime: readGMSProperty: end
04-18 12:39:45.899 21016 21016 D AndroidRuntime: addProductProperty: start
04-18 12:39:45.899  2612  3012 D NetworkPolicy: isUidForegroundLocked: 10028, mScreenOn: true, uidstate: 16, mProxSensorScreenOff: false
04-18 12:39:45.899  2612  3487 D PowerManagerService: [api] release WakeLock flags=0x1000000a tag=Claw uid=10637 pid=20999 (0x0)
04-18 12:39:45.899  2612  3483 I WindowManager: Screen frozen for +950ms due to AppWindowToken{d0bdb98c8 token=Token{7e2856b ActivityRecord{da282ba u0 com.huuuge.stars.slots/com.huuuge.casino.BootActivity t781}}}
04-18 12:39:45.899  2612  3483 D ActivityManager:  Launching com.google.android.packageinstaller, updated priority
04-18 12:39:45.909 17953 17953 D RelationGraph: garbageCollect()
04-18 12:39:45.909 20999 21068 I System.out: (HTTPLog)-Static: isSBSettingEnabled false
04-18 12:39:45.909 20999 21068 I System.out: (HTTPLog)-Static: isSBSettingEnabled false
04-18 12:39:45.909  2612  3136 D SensorService: SensorEventConnection::SocketBufferSize, SystemSocketBufferSize - 4096, 2097152
04-18 12:39:45.909  2612  3487 I bsthal  : bhy_batch: handle=1, flags=0, period_ns=10000000, timeout=0
04-18 12:39:45.909  2612  3487 D bsthal  : Replace timeout to 0
04-18 12:39:45.909  2612  2612 D GameManagerService: NotifyRunnable. pkg: com.google.android.packageinstaller, type: 4, isMinimized: false, isTunableApp: false
04-18 12:39:45.909  2612  2612 D GameManagerService: do nothing. mKillNotiCount: 3
04-18 12:39:45.909  2612  2685 V MARsPolicyManager: updatePackagesScore PackageInfo name -- com.google.android.packageinstaller
04-18 12:39:45.909  3190  3190 D Recents : onTaskStackChanged
04-18 12:39:45.909  2612  5167 D GameManagerService: identifyGamePackage. com.google.android.packageinstaller
04-18 12:39:45.909  2612  5167 D GameManagerService: identifyGamePackage. com.google.android.packageinstaller
04-18 12:39:45.919  2612  3487 I bsthal  : bhy_activate: handle=1, enabled=1
04-18 12:39:45.919 20999 20999 D SensorManager: registerListener :: 7184, BOSCH Accelerometer Sensor, 0, 0,  
04-18 12:39:45.919  2612  3487 D SensorService: SensorEventConnection::SocketBufferSize, SystemSocketBufferSize - 4096, 2097152
04-18 12:39:45.919  2612  3272 I Sensors : Magneitc enable: mEnabled 0, handle 2, en 1
04-18 12:39:45.919 17953 17953 D ResourcesManager: For user 0 new overlays fetched Null
04-18 12:39:45.919 17953 17953 D ResourcesManager: For user 0 new overlays fetched Null
04-18 12:39:45.939  2612  3272 E yas     : [GEOMAGNETIC SENSOR]: Magnetic_Enable 1
04-18 12:39:45.939 20999 20999 D SensorManager: registerListener :: 2, YAS537 Magnetic field Sensor, 0, 0,  
04-18 12:39:45.949  2205  2205 I SurfaceFlinger: id=104 createSurf (1920x1080),1 flag=4, CootActivit
04-18 12:39:45.949  2612  2934 I bsthal  : Sensor [26] sample rate changed, type is 254
04-18 12:39:45.949  2612  2934 I bsthal  : Sensor [1] sample rate changed, type is 254
04-18 12:39:45.949 21016 21016 D ICU     : No timezone override file found: /data/misc/zoneinfo/current/icu/icu_tzdata.dat
04-18 12:39:45.949  2612  2687 V WindowOrientationListener: OrientationSensorJudge.onSensorChanged, Rotation: -1
04-18 12:39:45.969 21016 21016 W CscFeature: mpsCode : none
04-18 12:39:45.969 21016 21016 W CscFeature: OMC_OTHERS_PATH : none/others.xml
04-18 12:39:45.979 21016 21016 W CscFeature: org.xmlpull.v1.XmlPullParserException: expected: /CscFeature_VoiceCall_ConfigOpStyleForRoaming read: FeatureSet (position:END_TAG </FeatureSet>@28:18 in java.io.InputStreamReader@5b58922) 
04-18 12:39:45.979 17953 17953 D ViewRootImpl: #1 mView = com.android.internal.policy.PhoneWindow$DecorView{cfea248 I.E...... R.....I. 0,0-0,0}
04-18 12:39:45.979  2612  3481 D ActivityManager: post active user change for 0 fullscreen false isFloatingActivity() false isHomeActivity() false
04-18 12:39:45.979  2612  3481 D KnoxTimeoutHandler: postActiveUserChange [MsgParam] userId: 0 fullscreen is false showWhenlocked is false
04-18 12:39:45.979  2612  2612 D KnoxTimeoutHandler: handleActiveUserChange [MsgParam] userId: 0 fullscreen is false showWhenlocked is false
04-18 12:39:45.979  2612  2612 I KnoxTimeoutHandler: Shared devices show user statefalse
04-18 12:39:45.979  2612  2612 I KnoxTimeoutHandler: Target Activity is not fullscreen. We will not show this activity0
04-18 12:39:45.979  2205  2205 I SurfaceFlinger: id=105 createSurf (145x145),1 flag=4, HrantPermis
04-18 12:39:45.999  2612  3483 D InputDispatcher: Focus entered window: 17953
04-18 12:39:45.999  2612  2724 D PointerIcon: setMouseIconStyle1 pointerType: 1001 iconType:101 flag:0 pid:2612 uid:1000
04-18 12:39:45.999  2612  2724 D PointerIcon: setMouseCustomIcon IconType is same.101
04-18 12:39:45.999 20999 21064 D libEGL  : loaded /vendor/lib/egl/libGLES_mali.so
04-18 12:39:45.999 17953 18041 D mali_winsys: new_window_surface returns 0x3000,  [1416x1224]-format:1
04-18 12:39:45.999 21016 21016 I Radio-JNI: register_android_hardware_Radio DONE
04-18 12:39:46.009 17953 17953 D ViewRootImpl: MSG_RESIZED_REPORT: ci=Rect(0, 0 - 0, 0) vi=Rect(0, 0 - 0, 0) or=2
04-18 12:39:46.009  2612  2627 D InputMethodManagerService: windowGainedFocus mCurrentFocusedUserId - 0 and mSecureKeypadEnabled-false
04-18 12:39:46.009 13661 13661 D SamsungIME: IMPL finishInput
04-18 12:39:46.009 13661 13661 D SamsungIME: SwiftKeyWrapper writeDBdataToFileOnFinishInput
04-18 12:39:46.009 13661 13661 D SamsungIME: saveAndClear +
04-18 12:39:46.009 13661 13661 D SamsungIME: saveAndClear -
04-18 12:39:46.009 13661 13661 D SamsungIME: onStartInput: No inputType, No imeOption, isInputViewShown = false, isExtractViewShown = false, isShowInputRequested = false, isConfigChanged = true
04-18 12:39:46.009 21016 21016 E AffinityControl: AffinityControl: registerfunction enter
04-18 12:39:46.009 13661 13661 I SamsungIME: putCacheDrawable inputModule=0 key =ICON_SETTING
04-18 12:39:46.019 20999 21061 I AppsFlyer_4.8.6: sendTrackingWithEvent from activity: com.huuuge.casino.BootActivity
04-18 12:39:46.019 20999 21061 I AppsFlyer_4.8.6: Trying to fetch GAID..
04-18 12:39:46.019 20999 21020 W System.err: remove failed: ENOENT (No such file or directory) : /data/user/0/com.huuuge.stars.slots/shared_prefs/appsflyer-data.xml.bak
04-18 12:39:46.029 20999 21064 D libEGL  : eglInitialize EGLDisplay = 0xddab57c4
04-18 12:39:46.029 20999 21064 I OpenGLRenderer: Initialized EGL, version 1.4
04-18 12:39:46.029  2205  2205 D libEGL  : eglInitialize EGLDisplay = 0xffca241c
04-18 12:39:46.039  3857  3857 D RelationGraph: garbageCollect()
04-18 12:39:46.039  2612  3268 V WindowStateAnimator: Finishing drawing window Window{1f7154b u0 d0 p17953 com.google.android.packageinstaller/com.android.packageinstaller.permission.ui.GrantPermissionsActivity}: mDrawState=DRAW_PENDING
04-18 12:39:46.039 17953 17953 I Timeline: Timeline: Activity_idle id: android.os.BinderProxy@1edc4eb time:12356232
04-18 12:39:46.039 20999 21064 D mali_winsys: new_window_surface returns 0x3000,  [1920x1080]-format:1
04-18 12:39:46.039 21016 21016 D AndroidRuntime: Calling main entry com.android.commands.pm.Pm
04-18 12:39:46.049  2612  2724 D KnoxTimeoutHandler: notifyActivityDrawn [MsgParam] userId: 0 fullscreen is false showWhenlocked is false
04-18 12:39:46.049  2612  2612 D KnoxTimeoutHandler: activityDrawn [MsgParam] userId: 0 fullscreen is false showWhenlocked is false
04-18 12:39:46.049  2612  2724 I ActivityManager: Displayed com.google.android.packageinstaller/com.android.packageinstaller.permission.ui.GrantPermissionsActivity: +145ms (total +1s160ms)
04-18 12:39:46.049  2205  2205 D libEGL  : eglInitialize EGLDisplay = 0xffca241c
04-18 12:39:46.049  2612  2612 I KnoxTimeoutHandler: SD activityfalse
04-18 12:39:46.049  2612  2724 I Timeline: Timeline: Activity_windows_visible id: ActivityRecord{42427a4 u0 com.google.android.packageinstaller/com.android.packageinstaller.permission.ui.GrantPermissionsActivity t781} time:12356244
04-18 12:39:46.049  2612  2724 D ViewRootImpl: #3 mView = null
04-18 12:39:46.049  2612  2685 D ActivityTrigger: ActivityTrigger activityStopTrigger 
04-18 12:39:46.049  2612  2685 D ActivityTrigger: ActivityTrigger activityStopTrigger 
04-18 12:39:46.049 21016 21016 I art     : System.exit called, status: 0
04-18 12:39:46.049 21016 21016 I AndroidRuntime: VM exiting with result code 0.
04-18 12:39:46.049  2205  2205 I SurfaceFlinger: id=106 createSurf (1920x1080),4 flag=404, TurfaceView
04-18 12:39:46.049  2612  2724 D CustomFrequencyManagerService: releaseDVFSLockLocked : Getting Lock type frm List : DVFS_MIN_LIMIT  frequency : 1500000  uid : 1000  pid : 2612  tag : ACTIVITY_RESUME_BOOSTER@3
04-18 12:39:46.049  2612  2724 D ActivityManager: mDVFSHelper.release()
04-18 12:39:46.059  3470  3470 D Launcher.HomeView: onStop
04-18 12:39:46.059  3470  3470 D capture : ----destroy
04-18 12:39:46.059 20999 21051 D libEGL  : eglInitialize EGLDisplay = 0xde3ba4c4
04-18 12:39:46.059 20999 21051 D Context factory: creating OpenGL ES context
04-18 12:39:46.059  2612  3487 V WindowStateAnimator: Finishing drawing window Window{3642740 u0 d0 p20999 SurfaceView}: mDrawState=DRAW_PENDING
04-18 12:39:46.059  2612  2685 D CustomFrequencyManagerService: acquireDVFSLockLocked : type : DVFS_MIN_LIMIT  frequency : 1500000  uid : 1000  pid : 2612  pkgName : ACTIVITY_RESUME_BOOSTER@9
04-18 12:39:46.059  3470  3470 V ActivityThread: updateVisibility : ActivityRecord{eb2770f token=android.os.BinderProxy@9739e9d {com.sec.android.app.launcher/com.sec.android.app.launcher.activities.LauncherActivity}} show : false
04-18 12:39:46.069  3470  3470 D Launcher: onTrimMemory. Level: 20
04-18 12:39:46.069 20999 21051 D mali_winsys: new_window_surface returns 0x3000,  [1920x1080]-format:4
04-18 12:39:46.069  2612  2724 V WindowManager: Dim Duration=200
04-18 12:39:46.079  2612  3481 V WindowStateAnimator: Finishing drawing window Window{3642740 u0 d0 p20999 SurfaceView}: mDrawState=READY_TO_SHOW
04-18 12:39:46.099 20999 21064 D libGLESv1: DTS_GLAPI : DTS is not allowed for Package : com.huuuge.stars.slots
04-18 12:39:46.099 20999 21051 D ClawActivityCommon: Checking for: data-fonts.pak
04-18 12:39:46.099 20999 21051 D ClawActivityCommon: Descriptor found offset=29708152 length=19573522
04-18 12:39:46.109 20999 21051 D ClawActivityCommon: Checking for: data-splash.pak
04-18 12:39:46.109 20999 21051 D ClawActivityCommon: Descriptor found offset=49784600 length=12642540
04-18 12:39:46.109 20999 21051 D ClawActivityCommon: Checking for: data-splash-i18n.pak
04-18 12:39:46.109 20999 21051 D ClawActivityCommon: Descriptor found offset=49784468 length=80
04-18 12:39:46.109 20999 21051 D ClawActivityCommon: Checking for: data-embedded-paks.pak
04-18 12:39:46.109 20999 21051 D ClawActivityCommon: Descriptor found offset=29705340 length=2754
04-18 12:39:46.109 20999 21051 D ClawActivityCommon: Checking for: data-latest-override.pak
04-18 12:39:46.109 20999 21051 D ClawActivityCommon: Descriptor found offset=49585680 length=198
04-18 12:39:46.129  2612  4192 V WindowStateAnimator: Finishing drawing window Window{fb2670e u0 d0 p20999 com.huuuge.stars.slots/com.huuuge.casino.BootActivity}: mDrawState=DRAW_PENDING
04-18 12:39:46.129 20999 20999 D ViewRootImpl: MSG_RESIZED_REPORT: ci=Rect(0, 0 - 0, 0) vi=Rect(0, 0 - 0, 0) or=2
04-18 12:39:46.129  2205  2205 D libEGL  : eglInitialize EGLDisplay = 0xffca241c
04-18 12:39:46.129  2205  2205 D libEGL  : eglInitialize EGLDisplay = 0xffca241c
04-18 12:39:46.129 20999 20999 V ActivityThread: updateVisibility : ActivityRecord{113c7bb token=android.os.BinderProxy@65ab192 {com.huuuge.stars.slots/com.huuuge.casino.BootActivity}} show : true
04-18 12:39:46.139  2612  3487 V WindowStateAnimator: Finishing drawing window Window{fb2670e u0 d0 p20999 com.huuuge.stars.slots/com.huuuge.casino.BootActivity}: mDrawState=HAS_DRAWN
04-18 12:39:46.139  2612  2724 D KnoxTimeoutHandler: notifyActivityDrawn [MsgParam] userId: 0 fullscreen is true showWhenlocked is false
