05-14 08:29:27.421  2614  3140 D ConnectivityService: returning getNetworkInfo for network type 1 : [type: WIFI[] - WIFI, state: CONNECTED/CONNECTED, reason: (unspecified), extra: "HuuugeQA", roaming: false, failover: false, isAvailable: true]
05-14 08:29:27.421  2614  2628 D ConnectivityService: returning getNetworkInfo for network type 0 : [type: MOBILE[] - MOBILE, state: DISCONNECTED/DISCONNECTED, reason: (unspecified), extra: (none), roaming: false, failover: false, isAvailable: true]
05-14 08:29:27.671  2614  3012 V NetworkStats: performPollLocked(flags=0x1)
05-14 08:29:27.681  2614  3012 D NetworkStatsRecorder: entry.iface is null
05-14 08:29:27.681  2614  3012 D NetworkStatsRecorder: entry.iface is null
05-14 08:29:27.681  2614  3012 D NetworkStatsRecorder: entry.iface is null
05-14 08:29:27.681  2614  3012 D NetworkStatsRecorder: entry.iface is null
05-14 08:29:27.691  2614  3012 V NetworkStats: performPollLocked() took 23ms
05-14 08:29:27.821  2614  3503 D ConnectivityService: returning getNetworkInfo for network type 1 : [type: WIFI[] - WIFI, state: CONNECTED/CONNECTED, reason: (unspecified), extra: "HuuugeQA", roaming: false, failover: false, isAvailable: true]
05-14 08:29:27.821  2614  4151 D ConnectivityService: returning getNetworkInfo for network type 0 : [type: MOBILE[] - MOBILE, state: DISCONNECTED/DISCONNECTED, reason: (unspecified), extra: (none), roaming: false, failover: false, isAvailable: true]
05-14 08:29:27.861  2614  3142 D ConnectivityService: returning getNetworkInfo for network type 1 : [type: WIFI[] - WIFI, state: CONNECTED/CONNECTED, reason: (unspecified), extra: "HuuugeQA", roaming: false, failover: false, isAvailable: true]
05-14 08:29:27.861  2614  3267 D ConnectivityService: returning getNetworkInfo for network type 0 : [type: MOBILE[] - MOBILE, state: DISCONNECTED/DISCONNECTED, reason: (unspecified), extra: (none), roaming: false, failover: false, isAvailable: true]
05-14 08:29:28.111  2614  4147 D BatteryService: !@BatteryListener : batteryPropertiesChanged!
05-14 08:29:28.111  2614  4147 D BatteryService: level:100, scale:100, status:5, health:2, present:true, voltage: 4250, temperature: 300, technology: Li-ion, AC powered:false, USB powered:true, POGO powered:false, Wireless powered:false, icon:17303500, invalid charger:0, maxChargingCurrent:0
05-14 08:29:28.111  2614  4147 D BatteryService: online:6, current avg:-294, charge type:1, power sharing:false, high voltage charger:false, capacity:280000, batterySWSelfDischarging:false, current_now:-386
05-14 08:29:28.111  2614  2614 D BatteryService: Sending ACTION_BATTERY_CHANGED.
05-14 08:29:28.111  2614  2614 I MotionRecognitionService: Plugged
05-14 08:29:28.111  2614  2614 D MotionRecognitionService:   cableConnection= 1
05-14 08:29:28.111  2614  2614 D MotionRecognitionService: setPowerConnected | current backoff  = 1024 , state =1024
05-14 08:29:28.111  2614  2614 D MotionRecognitionService: skip setTransmitPower. 
05-14 08:29:28.111  2614  2614 D GameManagerService: new battery level: 100
05-14 08:29:28.111  3094  3094 D PowerUI : priorPlugType = 2 mPlugType =  2
05-14 08:29:28.141  3094  3094 D BatteryMeterView: ACTION_BATTERY_CHANGED : level:100 status:5 health:2
05-14 08:29:28.141  3094  3094 D BatteryMeterView: ACTION_BATTERY_CHANGED : level:100 status:5 health:2
05-14 08:29:28.241  2614  4150 D ConnectivityService: returning getNetworkInfo for network type 1 : [type: WIFI[] - WIFI, state: CONNECTED/CONNECTED, reason: (unspecified), extra: "HuuugeQA", roaming: false, failover: false, isAvailable: true]
05-14 08:29:28.241  2614  3268 D ConnectivityService: returning getNetworkInfo for network type 0 : [type: MOBILE[] - MOBILE, state: DISCONNECTED/DISCONNECTED, reason: (unspecified), extra: (none), roaming: false, failover: false, isAvailable: true]
05-14 08:29:28.281  2614  3140 D ConnectivityService: returning getNetworkInfo for network type 1 : [type: WIFI[] - WIFI, state: CONNECTED/CONNECTED, reason: (unspecified), extra: "HuuugeQA", roaming: false, failover: false, isAvailable: true]
05-14 08:29:28.281  2614  2628 D ConnectivityService: returning getNetworkInfo for network type 0 : [type: MOBILE[] - MOBILE, state: DISCONNECTED/DISCONNECTED, reason: (unspecified), extra: (none), roaming: false, failover: false, isAvailable: true]
05-14 08:29:28.541  2614  3012 V NetworkStats: performPollLocked(flags=0x1)
05-14 08:29:28.541  2614  3012 D NetworkStatsRecorder: entry.iface is null
05-14 08:29:28.541  2614  3012 D NetworkStatsRecorder: entry.iface is null
05-14 08:29:28.541  2614  3012 D NetworkStatsRecorder: entry.iface is null
05-14 08:29:28.541  2614  3012 D NetworkStatsRecorder: entry.iface is null
05-14 08:29:28.561  2614  3012 V NetworkStats: performPollLocked() took 21ms
05-14 08:29:28.851  2614  3268 D ConnectivityService: returning getNetworkInfo for network type 1 : [type: WIFI[] - WIFI, state: CONNECTED/CONNECTED, reason: (unspecified), extra: "HuuugeQA", roaming: false, failover: false, isAvailable: true]
05-14 08:29:28.861  2614  3140 D ConnectivityService: returning getNetworkInfo for network type 0 : [type: MOBILE[] - MOBILE, state: DISCONNECTED/DISCONNECTED, reason: (unspecified), extra: (none), roaming: false, failover: false, isAvailable: true]
05-14 08:29:28.901  2614  2628 D ConnectivityService: returning getNetworkInfo for network type 1 : [type: WIFI[] - WIFI, state: CONNECTED/CONNECTED, reason: (unspecified), extra: "HuuugeQA", roaming: false, failover: false, isAvailable: true]
05-14 08:29:28.901  2614  5513 D SSRM:w  : SIOP:: AP = 570, PST = 515 (W:10), CUR = -293, LCD = 0
05-14 08:29:28.901  2614  4149 D ConnectivityService: returning getNetworkInfo for network type 0 : [type: MOBILE[] - MOBILE, state: DISCONNECTED/DISCONNECTED, reason: (unspecified), extra: (none), roaming: false, failover: false, isAvailable: true]
05-14 08:29:28.901  2614  5513 D P       : broadcastSiopLevelIntent:: currentSiopLevel = 1
05-14 08:29:28.901  2614  5513 D ConnectivityService: returning getNetworkInfo for network type 1 : [type: WIFI[] - WIFI, state: CONNECTED/CONNECTED, reason: (unspecified), extra: "HuuugeQA", roaming: false, failover: false, isAvailable: true]
05-14 08:29:29.891  2614  3503 D ConnectivityService: returning getNetworkInfo for network type 1 : [type: WIFI[] - WIFI, state: CONNECTED/CONNECTED, reason: (unspecified), extra: "HuuugeQA", roaming: false, failover: false, isAvailable: true]
05-14 08:29:29.891  2614  3142 D ConnectivityService: returning getNetworkInfo for network type 0 : [type: MOBILE[] - MOBILE, state: DISCONNECTED/DISCONNECTED, reason: (unspecified), extra: (none), roaming: false, failover: false, isAvailable: true]
05-14 08:29:29.931  2614  4151 D ConnectivityService: returning getNetworkInfo for network type 1 : [type: WIFI[] - WIFI, state: CONNECTED/CONNECTED, reason: (unspecified), extra: "HuuugeQA", roaming: false, failover: false, isAvailable: true]
05-14 08:29:29.931  2614  3488 D ConnectivityService: returning getNetworkInfo for network type 0 : [type: MOBILE[] - MOBILE, state: DISCONNECTED/DISCONNECTED, reason: (unspecified), extra: (none), roaming: false, failover: false, isAvailable: true]
05-14 08:29:30.041  2614  3012 V NetworkStats: performPollLocked(flags=0x1)
05-14 08:29:30.051  2614  3012 D NetworkStatsRecorder: entry.iface is null
05-14 08:29:30.051  2614  3012 D NetworkStatsRecorder: entry.iface is null
05-14 08:29:30.051  2614  3012 D NetworkStatsRecorder: entry.iface is null
05-14 08:29:30.051  2614  3012 D NetworkStatsRecorder: entry.iface is null
05-14 08:29:30.071  2614  3012 V NetworkStats: performPollLocked() took 32ms
05-14 08:29:30.501  2614  3268 D ConnectivityService: returning getNetworkInfo for network type 1 : [type: WIFI[] - WIFI, state: CONNECTED/CONNECTED, reason: (unspecified), extra: "HuuugeQA", roaming: false, failover: false, isAvailable: true]
05-14 08:29:30.501  2614  3140 D ConnectivityService: returning getNetworkInfo for network type 0 : [type: MOBILE[] - MOBILE, state: DISCONNECTED/DISCONNECTED, reason: (unspecified), extra: (none), roaming: false, failover: false, isAvailable: true]
05-14 08:29:30.561  2614  2628 D ConnectivityService: returning getNetworkInfo for network type 1 : [type: WIFI[] - WIFI, state: CONNECTED/CONNECTED, reason: (unspecified), extra: "HuuugeQA", roaming: false, failover: false, isAvailable: true]
05-14 08:29:30.561  2614  4149 D ConnectivityService: returning getNetworkInfo for network type 0 : [type: MOBILE[] - MOBILE, state: DISCONNECTED/DISCONNECTED, reason: (unspecified), extra: (none), roaming: false, failover: false, isAvailable: true]
05-14 08:29:30.931  2614  3504 D ConnectivityService: returning getNetworkInfo for network type 1 : [type: WIFI[] - WIFI, state: CONNECTED/CONNECTED, reason: (unspecified), extra: "HuuugeQA", roaming: false, failover: false, isAvailable: true]
05-14 08:29:30.931  2614  4147 D ConnectivityService: returning getNetworkInfo for network type 0 : [type: MOBILE[] - MOBILE, state: DISCONNECTED/DISCONNECTED, reason: (unspecified), extra: (none), roaming: false, failover: false, isAvailable: true]
05-14 08:29:30.971  2614  2629 D ConnectivityService: returning getNetworkInfo for network type 1 : [type: WIFI[] - WIFI, state: CONNECTED/CONNECTED, reason: (unspecified), extra: "HuuugeQA", roaming: false, failover: false, isAvailable: true]
05-14 08:29:30.971  2614  3268 D ConnectivityService: returning getNetworkInfo for network type 0 : [type: MOBILE[] - MOBILE, state: DISCONNECTED/DISCONNECTED, reason: (unspecified), extra: (none), roaming: false, failover: false, isAvailable: true]
05-14 08:29:31.121  2614  3012 V NetworkStats: performPollLocked(flags=0x1)
05-14 08:29:31.141  2614  3012 D NetworkStatsRecorder: entry.iface is null
05-14 08:29:31.141  2614  3012 D NetworkStatsRecorder: entry.iface is null
05-14 08:29:31.141  2614  3012 D NetworkStatsRecorder: entry.iface is null
05-14 08:29:31.141  2614  3012 D NetworkStatsRecorder: entry.iface is null
05-14 08:29:31.161  2614  3012 V NetworkStats: performPollLocked() took 39ms
05-14 08:29:31.541  2614  3504 D ConnectivityService: returning getNetworkInfo for network type 1 : [type: WIFI[] - WIFI, state: CONNECTED/CONNECTED, reason: (unspecified), extra: "HuuugeQA", roaming: false, failover: false, isAvailable: true]
05-14 08:29:31.541  2614  4147 D ConnectivityService: returning getNetworkInfo for network type 0 : [type: MOBILE[] - MOBILE, state: DISCONNECTED/DISCONNECTED, reason: (unspecified), extra: (none), roaming: false, failover: false, isAvailable: true]
05-14 08:29:31.601  2614  4150 D ConnectivityService: returning getNetworkInfo for network type 1 : [type: WIFI[] - WIFI, state: CONNECTED/CONNECTED, reason: (unspecified), extra: "HuuugeQA", roaming: false, failover: false, isAvailable: true]
05-14 08:29:31.601  2614  3486 D ConnectivityService: returning getNetworkInfo for network type 0 : [type: MOBILE[] - MOBILE, state: DISCONNECTED/DISCONNECTED, reason: (unspecified), extra: (none), roaming: false, failover: false, isAvailable: true]
05-14 08:29:31.761  2614  3012 V NetworkStats: performPollLocked(flags=0x1)
05-14 08:29:31.771  2614  3012 D NetworkStatsRecorder: entry.iface is null
05-14 08:29:31.771  2614  3012 D NetworkStatsRecorder: entry.iface is null
05-14 08:29:31.771  2614  3012 D NetworkStatsRecorder: entry.iface is null
05-14 08:29:31.771  2614  3012 D NetworkStatsRecorder: entry.iface is null
05-14 08:29:31.781  2614  3012 V NetworkStats: performPollLocked() took 18ms
05-14 08:29:31.961  2614  4147 D ConnectivityService: returning getNetworkInfo for network type 1 : [type: WIFI[] - WIFI, state: CONNECTED/CONNECTED, reason: (unspecified), extra: "HuuugeQA", roaming: false, failover: false, isAvailable: true]
05-14 08:29:31.961  2614  4150 D ConnectivityService: returning getNetworkInfo for network type 0 : [type: MOBILE[] - MOBILE, state: DISCONNECTED/DISCONNECTED, reason: (unspecified), extra: (none), roaming: false, failover: false, isAvailable: true]
05-14 08:29:32.001  2614  3268 D ConnectivityService: returning getNetworkInfo for network type 1 : [type: WIFI[] - WIFI, state: CONNECTED/CONNECTED, reason: (unspecified), extra: "HuuugeQA", roaming: false, failover: false, isAvailable: true]
05-14 08:29:32.001  2614  3140 D ConnectivityService: returning getNetworkInfo for network type 0 : [type: MOBILE[] - MOBILE, state: DISCONNECTED/DISCONNECTED, reason: (unspecified), extra: (none), roaming: false, failover: false, isAvailable: true]
05-14 08:29:32.371  2614  4147 D ConnectivityService: returning getNetworkInfo for network type 1 : [type: WIFI[] - WIFI, state: CONNECTED/CONNECTED, reason: (unspecified), extra: "HuuugeQA", roaming: false, failover: false, isAvailable: true]
05-14 08:29:32.371  2614  4150 D ConnectivityService: returning getNetworkInfo for network type 0 : [type: MOBILE[] - MOBILE, state: DISCONNECTED/DISCONNECTED, reason: (unspecified), extra: (none), roaming: false, failover: false, isAvailable: true]
05-14 08:29:32.411  2614  3268 D ConnectivityService: returning getNetworkInfo for network type 1 : [type: WIFI[] - WIFI, state: CONNECTED/CONNECTED, reason: (unspecified), extra: "HuuugeQA", roaming: false, failover: false, isAvailable: true]
05-14 08:29:32.411  2614  3140 D ConnectivityService: returning getNetworkInfo for network type 0 : [type: MOBILE[] - MOBILE, state: DISCONNECTED/DISCONNECTED, reason: (unspecified), extra: (none), roaming: false, failover: false, isAvailable: true]
05-14 08:29:32.791  2614  2629 D ConnectivityService: returning getNetworkInfo for network type 1 : [type: WIFI[] - WIFI, state: CONNECTED/CONNECTED, reason: (unspecified), extra: "HuuugeQA", roaming: false, failover: false, isAvailable: true]
05-14 08:29:32.791  2614  3268 D ConnectivityService: returning getNetworkInfo for network type 0 : [type: MOBILE[] - MOBILE, state: DISCONNECTED/DISCONNECTED, reason: (unspecified), extra: (none), roaming: false, failover: false, isAvailable: true]
05-14 08:29:32.831  2614  3140 D ConnectivityService: returning getNetworkInfo for network type 1 : [type: WIFI[] - WIFI, state: CONNECTED/CONNECTED, reason: (unspecified), extra: "HuuugeQA", roaming: false, failover: false, isAvailable: true]
05-14 08:29:32.831  2614  4149 D ConnectivityService: returning getNetworkInfo for network type 0 : [type: MOBILE[] - MOBILE, state: DISCONNECTED/DISCONNECTED, reason: (unspecified), extra: (none), roaming: false, failover: false, isAvailable: true]
05-14 08:29:33.201  2614  3268 D ConnectivityService: returning getNetworkInfo for network type 1 : [type: WIFI[] - WIFI, state: CONNECTED/CONNECTED, reason: (unspecified), extra: "HuuugeQA", roaming: false, failover: false, isAvailable: true]
05-14 08:29:33.201  2614  3140 D ConnectivityService: returning getNetworkInfo for network type 0 : [type: MOBILE[] - MOBILE, state: DISCONNECTED/DISCONNECTED, reason: (unspecified), extra: (none), roaming: false, failover: false, isAvailable: true]
05-14 08:29:33.241  2614  4149 D ConnectivityService: returning getNetworkInfo for network type 1 : [type: WIFI[] - WIFI, state: CONNECTED/CONNECTED, reason: (unspecified), extra: "HuuugeQA", roaming: false, failover: false, isAvailable: true]
05-14 08:29:33.241  2614  2628 D ConnectivityService: returning getNetworkInfo for network type 0 : [type: MOBILE[] - MOBILE, state: DISCONNECTED/DISCONNECTED, reason: (unspecified), extra: (none), roaming: false, failover: false, isAvailable: true]
05-14 08:29:33.401  2614  3012 V NetworkStats: performPollLocked(flags=0x1)
05-14 08:29:33.401  2614  3012 D NetworkStatsRecorder: entry.iface is null
05-14 08:29:33.401  2614  3012 D NetworkStatsRecorder: entry.iface is null
05-14 08:29:33.401  2614  3012 D NetworkStatsRecorder: entry.iface is null
05-14 08:29:33.401  2614  3012 D NetworkStatsRecorder: entry.iface is null
05-14 08:29:33.431  2614  3012 V NetworkStats: performPollLocked() took 30ms
--------- beginning of main
05-14 08:29:33.691  3926  5473 I Claw    : [0m[        98.7] [30;1mjni/../jni/src/claw/vfs/NativeMount.cpp:245: JNI class acquired, acquire java method: GetFreeDiskSpace with args: (Ljava/lang/String;)J
05-14 08:29:33.691  3926  5473 I Claw    : [0m[        98.7] [30;1mjni/../jni/src/claw/vfs/android/AndroidSaveFile.cpp:82: Open new save assetcache/music_juggler.pak.meta
05-14 08:29:33.691  3926  5473 I Claw    : [0m[      98.702] [30;1mjni/../jni/src/claw/vfs/NativeMount.cpp:245: Aquire java class for JNI method: com/Claw/Android/NativeMount
05-14 08:29:33.691  3926  5473 I Claw    : [0m[      98.702] [30;1mjni/../jni/src/claw/vfs/NativeMount.cpp:245: JNI class acquired, acquire java method: GetFreeDiskSpace with args: (Ljava/lang/String;)J
05-14 08:29:33.691  3926  5473 I Claw    : [0m[      98.703] [30;1mjni/../jni/src/claw/vfs/NativeMount.cpp:245: Aquire java class for JNI method: com/Claw/Android/NativeMount
05-14 08:29:33.691  3926  5473 I Claw    : [0m[      98.703] [30;1mjni/../jni/src/claw/vfs/NativeMount.cpp:245: JNI class acquired, acquire java method: GetFreeDiskSpace with args: (Ljava/lang/String;)J
05-14 08:29:33.691  3926  5473 W libc    : It seems that pthread_join() is not invoked or PTHREAD_ATTR_FLAG_DETACHED is not set.
05-14 08:29:33.691  3926  5473 W libc    :     pthread tid          : 5473
05-14 08:29:33.691  3926  5473 W libc    :     pthread start_routine: 0xdf37cd1c
05-14 08:29:33.751  3926  4016 I Claw    : [0m[      98.765] [30;1mjni/../jni/src/claw/vfs/Vfs.cpp:172: Opened file: /video.xml
05-14 08:29:33.761  3926  4016 I Claw    : [0m[      98.772] [30;1mjni/../jni/src/claw/vfs/Vfs.cpp:172: Opened file: /slots/effects/warp.ivf
05-14 08:29:33.761  3926  4016 I Claw    : [0m[      98.772] /home/jenkins/workspace/huuuge-stars/client-dev/hs-android/contrib/clawext/src/claw_ext/graphics/video/src/VideoVP.cpp:91: Using video codec: WebM Project VP8 Decoder v1.3.0
05-14 08:29:33.781  3926  4016 I Claw    : [0m[      98.788] [30;1mjni/../jni/src/claw/graphics/pixeldata/PixelDataGL.cpp:321: 50x50 -> 52x50   100 pixels wasted
05-14 08:29:33.811  3926  4193 I Claw    : [0m[      98.817] [30;1mjni/../jni/src/claw/vfs/android/AndroidSaveFile.cpp:42: Open existing save assetcache/music_juggler.pak
05-14 08:29:33.811  3926  4193 I Claw    : [0m[      98.817] [30;1mjni/../jni/src/claw/vfs/Vfs.cpp:172: Opened file: /assetcache/music_juggler.pak
05-14 08:29:33.811  3926  4193 I Claw    : [0m[      98.826] /home/jenkins/workspace/huuuge-stars/client-dev/hs-android/src/casino/DownloadManager.cpp:500: Mounting pak: music_juggler.pak
05-14 08:29:33.821  3926  4193 I Claw    : [0m[      98.826] [30;1mjni/../jni/src/claw/vfs/Vfs.cpp:97: Added new mount at /
05-14 08:29:33.821  3926  4193 I Claw    : [0m[      98.828] [30;1mjni/../jni/src/claw/vfs/android/AndroidSaveFile.cpp:42: Open existing save assetcache/music_its_alive.pak.meta
05-14 08:29:33.821  3926  4193 I Claw    : [0m[      98.828] [30;1mjni/../jni/src/claw/vfs/Vfs.cpp:168: Cannot open file: /assetcache/music_its_alive.pak.meta
05-14 08:29:33.821  3926  4193 I Claw    : [0m[      98.828] /home/jenkins/workspace/huuuge-stars/client-dev/hs-android/src/casino/ServerList.cpp:53: Server list returning http://cdn-hs-dev.hgonline.net/422/, 1/14
05-14 08:29:33.821  3926  4183 I Claw    : [0m[      98.829] ../../../../../../../../contrib/huuugeanalyticssdk/cpp/contrib/jni/JniAttach.hpp:185: Aquire java class for JNI method: com/huuuge/analytics/HA
05-14 08:29:33.821  3926  4193 I Claw    : [0m[      98.829] [30;1mjni/../jni/src/claw/vfs/android/AndroidSaveFile.cpp:42: Open existing save assetcache/music_its_alive.pak.meta
05-14 08:29:33.821  3926  4183 I Claw    : [0m[      98.829] ../../../../../../../../contrib/huuugeanalyticssdk/cpp/contrib/jni/JniAttach.hpp:185: JNI class acquired, acquire java method: connectionStatus with args: ()I
05-14 08:29:33.821  3926  4183 I Claw    : [0m[      98.829] ../../../../../../../../contrib/huuugeanalyticssdk/cpp/contrib/jni/JniAttach.hpp:186: JNI method acquired, try to call.
05-14 08:29:33.821  3926  4193 I Claw    : [0m[      98.829] [30;1mjni/../jni/src/claw/vfs/Vfs.cpp:168: Cannot open file: /assetcache/music_its_alive.pak.meta
05-14 08:29:33.821  3926  4193 I Claw    : [0m[      98.829] /home/jenkins/workspace/huuuge-stars/client-dev/hs-android/src/casino/DefaultDownloadManager.cpp:416: Downloading pak music_its_alive.pak from http://cdn-hs-dev.hgonline.net/422/
05-14 08:29:33.821  3926  4183 I Claw    : [0m[      98.831] ../../../../../../../../contrib/huuugeanalyticssdk/cpp/contrib/jni/JniAttach.hpp:189: JNI method called.
05-14 08:29:33.821  2215  2767 D EnterpriseController: netId is 0
05-14 08:29:33.821  2215  2767 D Netd    : getNetworkForDns: using netid 502 for uid 10754
05-14 08:29:33.821  2614  3504 D ConnectivityService: returning getNetworkInfo for network type 1 : [type: WIFI[] - WIFI, state: CONNECTED/CONNECTED, reason: (unspecified), extra: "HuuugeQA", roaming: false, failover: false, isAvailable: true]
05-14 08:29:33.821  2614  4147 D ConnectivityService: returning getNetworkInfo for network type 0 : [type: MOBILE[] - MOBILE, state: DISCONNECTED/DISCONNECTED, reason: (unspecified), extra: (none), roaming: false, failover: false, isAvailable: true]
05-14 08:29:33.831  3926  5482 I Claw    : [0m[      98.836] [30;1mjni/../jni/src/claw/network/HttpRequest.cpp:97: cdn-hs-dev.hgonline.net resolved to ::ffff:2.20.142.161
05-14 08:29:33.831  3926  5482 I Claw    : [0m[      98.836] [30;1mjni/../jni/src/claw/network/HttpRequest.cpp:97: cdn-hs-dev.hgonline.net resolved to ::ffff:2.20.142.123
05-14 08:29:33.831  3926  5482 I Claw    : [0m[      98.836] [30;1mjni/../jni/src/claw/network/unix/UnixStreamSocket.cpp:93: Connecting to ::ffff:2.20.142.161
05-14 08:29:33.831  3926  4016 I Claw    : [0m[      98.843] [30;1mjni/../jni/src/claw/graphics/surface/SurfaceHW.cpp:880: Surface  xy: 4, uv: 4, tri: 2
05-14 08:29:33.861  3926  4183 I Claw    : [0m[      98.871] ../../../../../../../../contrib/huuugeanalyticssdk/cpp/contrib/jni/JniAttach.hpp:185: Aquire java class for JNI method: com/huuuge/analytics/HA
05-14 08:29:33.861  3926  4183 I Claw    : [0m[      98.871] ../../../../../../../../contrib/huuugeanalyticssdk/cpp/contrib/jni/JniAttach.hpp:185: JNI class acquired, acquire java method: connectionStatus with args: ()I
05-14 08:29:33.861  3926  4183 I Claw    : [0m[      98.871] ../../../../../../../../contrib/huuugeanalyticssdk/cpp/contrib/jni/JniAttach.hpp:186: JNI method acquired, try to call.
05-14 08:29:33.861  3926  4183 I Claw    : [0m[      98.873] ../../../../../../../../contrib/huuugeanalyticssdk/cpp/contrib/jni/JniAttach.hpp:189: JNI method called.
05-14 08:29:33.861  2614  3486 D ConnectivityService: returning getNetworkInfo for network type 1 : [type: WIFI[] - WIFI, state: CONNECTED/CONNECTED, reason: (unspecified), extra: "HuuugeQA", roaming: false, failover: false, isAvailable: true]
05-14 08:29:33.861  2614  2629 D ConnectivityService: returning getNetworkInfo for network type 0 : [type: MOBILE[] - MOBILE, state: DISCONNECTED/DISCONNECTED, reason: (unspecified), extra: (none), roaming: false, failover: false, isAvailable: true]
05-14 08:29:33.891  3926  5482 I Claw    : [0m[      98.898] [30;1mjni/../jni/src/claw/network/HttpRequest.cpp:279: Content length: 45
05-14 08:29:33.891  3926  5482 I Claw    : [0m[      98.898] [30;1mjni/../jni/src/claw/vfs/android/AndroidSaveFile.cpp:82: Open new save assetcache/music_its_alive.pak
05-14 08:29:33.891  3926  5482 I Claw    : [0m[        98.9] [30;1mjni/../jni/src/claw/vfs/android/AndroidSaveFile.cpp:82: Open new save assetcache/music_its_alive.pak.meta
05-14 08:29:33.891  3926  4016 I Claw    : [0m[      98.902] [30;1mjni/../jni/src/claw/graphics/pixeldata/PixelDataGL.cpp:321: 50x50 -> 52x50   100 pixels wasted
05-14 08:29:33.891  3926  5482 I Claw    : [0m[      98.903] [30;1mjni/../jni/src/claw/vfs/NativeMount.cpp:245: Aquire java class for JNI method: com/Claw/Android/NativeMount
05-14 08:29:33.891  3926  5482 I Claw    : [0m[      98.903] [30;1mjni/../jni/src/claw/vfs/NativeMount.cpp:245: JNI class acquired, acquire java method: GetFreeDiskSpace with args: (Ljava/lang/String;)J
05-14 08:29:33.891  3926  5482 I Claw    : [0m[      98.904] [30;1mjni/../jni/src/claw/vfs/NativeMount.cpp:245: Aquire java class for JNI method: com/Claw/Android/NativeMount
05-14 08:29:33.891  3926  5482 I Claw    : [0m[      98.904] [30;1mjni/../jni/src/claw/vfs/NativeMount.cpp:245: JNI class acquired, acquire java method: GetFreeDiskSpace with args: (Ljava/lang/String;)J
05-14 08:29:33.901  3926  5482 I Claw    : [0m[      98.906] [30;1mjni/../jni/src/claw/vfs/NativeMount.cpp:245: Aquire java class for JNI method: com/Claw/Android/NativeMount
05-14 08:29:33.901  3926  5482 I Claw    : [0m[      98.906] [30;1mjni/../jni/src/claw/vfs/NativeMount.cpp:245: JNI class acquired, acquire java method: GetFreeDiskSpace with args: (Ljava/lang/String;)J
05-14 08:29:33.901  3926  5482 I Claw    : [0m[      98.908] [30;1mjni/../jni/src/claw/vfs/NativeMount.cpp:245: Aquire java class for JNI method: com/Claw/Android/NativeMount
05-14 08:29:33.901  3926  5482 I Claw    : [0m[      98.908] [30;1mjni/../jni/src/claw/vfs/NativeMount.cpp:245: JNI class acquired, acquire java method: GetFreeDiskSpace with args: (Ljava/lang/String;)J
05-14 08:29:33.901  2215  2767 D EnterpriseController: netId is 0
05-14 08:29:33.901  2215  2767 D Netd    : getNetworkForDns: using netid 502 for uid 10754
05-14 08:29:33.901  3926  5482 I Claw    : [0m[      98.911] [30;1mjni/../jni/src/claw/network/HttpRequest.cpp:97: cdn-hs-dev.hgonline.net resolved to ::ffff:2.20.142.161
05-14 08:29:33.901  3926  5482 I Claw    : [0m[      98.911] [30;1mjni/../jni/src/claw/network/HttpRequest.cpp:97: cdn-hs-dev.hgonline.net resolved to ::ffff:2.20.142.123
05-14 08:29:33.901  3926  5482 I Claw    : [0m[      98.911] [30;1mjni/../jni/src/claw/network/unix/UnixStreamSocket.cpp:93: Connecting to ::ffff:2.20.142.161
05-14 08:29:33.901  3926  4016 I Claw    : [0m[      98.911] [30;1mjni/../jni/src/claw/graphics/surface/SurfaceHW.cpp:880: Surface  xy: 4, uv: 4, tri: 2
05-14 08:29:33.941  3926  4016 I Claw    : [0m[      98.953] [30;1mjni/../jni/src/claw/graphics/pixeldata/PixelDataGL.cpp:321: 50x50 -> 52x50   100 pixels wasted
05-14 08:29:33.961  3926  5482 I Claw    : [0m[      98.966] [30;1mjni/../jni/src/claw/network/HttpRequest.cpp:279: Content length: 850030
05-14 08:29:33.961  3926  5482 I Claw    : [0m[      98.969] [30;1mjni/../jni/src/claw/vfs/NativeMount.cpp:245: Aquire java class for JNI method: com/Claw/Android/NativeMount
05-14 08:29:33.961  3926  5482 I Claw    : [0m[      98.969] [30;1mjni/../jni/src/claw/vfs/NativeMount.cpp:245: JNI class acquired, acquire java method: GetFreeDiskSpace with args: (Ljava/lang/String;)J
05-14 08:29:33.961  3926  4016 I Claw    : [0m[      98.969] [30;1mjni/../jni/src/claw/graphics/surface/SurfaceHW.cpp:880: Surface  xy: 4, uv: 4, tri: 2
05-14 08:29:33.961  3926  5482 I Claw    : [0m[      98.971] [30;1mjni/../jni/src/claw/vfs/NativeMount.cpp:245: Aquire java class for JNI method: com/Claw/Android/NativeMount
05-14 08:29:33.961  3926  5482 I Claw    : [0m[      98.971] [30;1mjni/../jni/src/claw/vfs/NativeMount.cpp:245: JNI class acquired, acquire java method: GetFreeDiskSpace with args: (Ljava/lang/String;)J
05-14 08:29:33.981  3926  5482 I Claw    : [0m[      98.994] [30;1mjni/../jni/src/claw/vfs/NativeMount.cpp:245: Aquire java class for JNI method: com/Claw/Android/NativeMount
05-14 08:29:33.981  3926  5482 I Claw    : [0m[      98.994] [30;1mjni/../jni/src/claw/vfs/NativeMount.cpp:245: JNI class acquired, acquire java method: GetFreeDiskSpace with args: (Ljava/lang/String;)J
05-14 08:29:33.991  3926  5482 I Claw    : [0m[      98.999] [30;1mjni/../jni/src/claw/vfs/NativeMount.cpp:245: Aquire java class for JNI method: com/Claw/Android/NativeMount
05-14 08:29:33.991  3926  5482 I Claw    : [0m[          99] [30;1mjni/../jni/src/claw/vfs/NativeMount.cpp:245: JNI class acquired, acquire java method: GetFreeDiskSpace with args: (Ljava/lang/String;)J
05-14 08:29:33.991  3926  5482 I Claw    : [0m[      99.002] [30;1mjni/../jni/src/claw/vfs/NativeMount.cpp:245: Aquire java class for JNI method: com/Claw/Android/NativeMount
05-14 08:29:33.991  3926  5482 I Claw    : [0m[      99.002] [30;1mjni/../jni/src/claw/vfs/NativeMount.cpp:245: JNI class acquired, acquire java method: GetFreeDiskSpace with args: (Ljava/lang/String;)J
05-14 08:29:33.991  3926  5482 I Claw    : [0m[      99.004] [30;1mjni/../jni/src/claw/vfs/NativeMount.cpp:245: Aquire java class for JNI method: com/Claw/Android/NativeMount
05-14 08:29:33.991  3926  5482 I Claw    : [0m[      99.004] [30;1mjni/../jni/src/claw/vfs/NativeMount.cpp:245: JNI class acquired, acquire java method: GetFreeDiskSpace with args: (Ljava/lang/String;)J
05-14 08:29:34.001  3926  5482 I Claw    : [0m[      99.009] [30;1mjni/../jni/src/claw/vfs/NativeMount.cpp:245: Aquire java class for JNI method: com/Claw/Android/NativeMount
05-14 08:29:34.001  3926  5482 I Claw    : [0m[      99.009] [30;1mjni/../jni/src/claw/vfs/NativeMount.cpp:245: JNI class acquired, acquire java method: GetFreeDiskSpace with args: (Ljava/lang/String;)J
05-14 08:29:34.001  3926  5482 I Claw    : [0m[      99.011] [30;1mjni/../jni/src/claw/vfs/NativeMount.cpp:245: Aquire java class for JNI method: com/Claw/Android/NativeMount
05-14 08:29:34.001  3926  5482 I Claw    : [0m[      99.011] [30;1mjni/../jni/src/claw/vfs/NativeMount.cpp:245: JNI class acquired, acquire java method: GetFreeDiskSpace with args: (Ljava/lang/String;)J
05-14 08:29:34.001  3926  4016 I Claw    : [0m[      99.013] [30;1mjni/../jni/src/claw/graphics/pixeldata/PixelDataGL.cpp:321: 50x50 -> 52x50   100 pixels wasted
05-14 08:29:34.011  3926  5482 I Claw    : [0m[      99.022] [30;1mjni/../jni/src/claw/vfs/NativeMount.cpp:245: Aquire java class for JNI method: com/Claw/Android/NativeMount
05-14 08:29:34.011  3926  5482 I Claw    : [0m[      99.022] [30;1mjni/../jni/src/claw/vfs/NativeMount.cpp:245: JNI class acquired, acquire java method: GetFreeDiskSpace with args: (Ljava/lang/String;)J
05-14 08:29:34.011  3926  4016 I Claw    : [0m[      99.025] [30;1mjni/../jni/src/claw/graphics/surface/SurfaceHW.cpp:880: Surface  xy: 4, uv: 4, tri: 2
05-14 08:29:34.011  3926  5482 I Claw    : [0m[      99.026] [30;1mjni/../jni/src/claw/vfs/NativeMount.cpp:245: Aquire java class for JNI method: com/Claw/Android/NativeMount
05-14 08:29:34.021  3926  5482 I Claw    : [0m[      99.026] [30;1mjni/../jni/src/claw/vfs/NativeMount.cpp:245: JNI class acquired, acquire java method: GetFreeDiskSpace with args: (Ljava/lang/String;)J
05-14 08:29:34.021  3926  5482 I Claw    : [0m[      99.031] [30;1mjni/../jni/src/claw/vfs/NativeMount.cpp:245: Aquire java class for JNI method: com/Claw/Android/NativeMount
05-14 08:29:34.021  3926  5482 I Claw    : [0m[      99.031] [30;1mjni/../jni/src/claw/vfs/NativeMount.cpp:245: JNI class acquired, acquire java method: GetFreeDiskSpace with args: (Ljava/lang/String;)J
05-14 08:29:34.021  3926  5482 I Claw    : [0m[      99.035] [30;1mjni/../jni/src/claw/vfs/NativeMount.cpp:245: Aquire java class for JNI method: com/Claw/Android/NativeMount
05-14 08:29:34.021  3926  5482 I Claw    : [0m[      99.035] [30;1mjni/../jni/src/claw/vfs/NativeMount.cpp:245: JNI class acquired, acquire java method: GetFreeDiskSpace with args: (Ljava/lang/String;)J
05-14 08:29:34.031  3926  5482 I Claw    : [0m[      99.039] [30;1mjni/../jni/src/claw/vfs/NativeMount.cpp:245: Aquire java class for JNI method: com/Claw/Android/NativeMount
05-14 08:29:34.031  3926  5482 I Claw    : [0m[      99.039] [30;1mjni/../jni/src/claw/vfs/NativeMount.cpp:245: JNI class acquired, acquire java method: GetFreeDiskSpace with args: (Ljava/lang/String;)J
05-14 08:29:34.031  3926  5482 I Claw    : [0m[      99.041] [30;1mjni/../jni/src/claw/vfs/NativeMount.cpp:245: Aquire java class for JNI method: com/Claw/Android/NativeMount
05-14 08:29:34.031  3926  5482 I Claw    : [0m[      99.041] [30;1mjni/../jni/src/claw/vfs/NativeMount.cpp:245: JNI class acquired, acquire java method: GetFreeDiskSpace with args: (Ljava/lang/String;)J
05-14 08:29:34.031  3926  5482 I Claw    : [0m[      99.044] [30;1mjni/../jni/src/claw/vfs/NativeMount.cpp:245: Aquire java class for JNI method: com/Claw/Android/NativeMount
05-14 08:29:34.031  3926  5482 I Claw    : [0m[      99.044] [30;1mjni/../jni/src/claw/vfs/NativeMount.cpp:245: JNI class acquired, acquire java method: GetFreeDiskSpace with args: (Ljava/lang/String;)J
05-14 08:29:34.041  3926  5482 I Claw    : [0m[      99.046] [30;1mjni/../jni/src/claw/vfs/NativeMount.cpp:245: Aquire java class for JNI method: com/Claw/Android/NativeMount
05-14 08:29:34.041  3926  5482 I Claw    : [0m[      99.047] [30;1mjni/../jni/src/claw/vfs/NativeMount.cpp:245: JNI class acquired, acquire java method: GetFreeDiskSpace with args: (Ljava/lang/String;)J
05-14 08:29:34.041  3926  5482 I Claw    : [0m[      99.049] [30;1mjni/../jni/src/claw/vfs/NativeMount.cpp:245: Aquire java class for JNI method: com/Claw/Android/NativeMount
05-14 08:29:34.041  3926  5482 I Claw    : [0m[      99.049] [30;1mjni/../jni/src/claw/vfs/NativeMount.cpp:245: JNI class acquired, acquire java method: GetFreeDiskSpace with args: (Ljava/lang/String;)J
05-14 08:29:34.041  3926  5482 I Claw    : [0m[      99.054] [30;1mjni/../jni/src/claw/vfs/NativeMount.cpp:245: Aquire java class for JNI method: com/Claw/Android/NativeMount
05-14 08:29:34.041  2614  3012 D NtpTrustedTime: currentTimeMillis() cache hit
05-14 08:29:34.041  3926  5482 I Claw    : [0m[      99.054] [30;1mjni/../jni/src/claw/vfs/NativeMount.cpp:245: JNI class acquired, acquire java method: GetFreeDiskSpace with args: (Ljava/lang/String;)J
05-14 08:29:34.041  2614  3012 V NetworkStats: performPollLocked(flags=0x1)
05-14 08:29:34.051  3926  5482 I Claw    : [0m[      99.057] [30;1mjni/../jni/src/claw/vfs/NativeMount.cpp:245: Aquire java class for JNI method: com/Claw/Android/NativeMount
05-14 08:29:34.051  3926  5482 I Claw    : [0m[      99.058] [30;1mjni/../jni/src/claw/vfs/NativeMount.cpp:245: JNI class acquired, acquire java method: GetFreeDiskSpace with args: (Ljava/lang/String;)J
05-14 08:29:34.051  3926  5482 I Claw    : [0m[       99.06] [30;1mjni/../jni/src/claw/vfs/NativeMount.cpp:245: Aquire java class for JNI method: com/Claw/Android/NativeMount
05-14 08:29:34.051  3926  5482 I Claw    : [0m[       99.06] [30;1mjni/../jni/src/claw/vfs/NativeMount.cpp:245: JNI class acquired, acquire java method: GetFreeDiskSpace with args: (Ljava/lang/String;)J
05-14 08:29:34.051  3926  4016 I Claw    : [0m[      99.062] [30;1mjni/../jni/src/claw/graphics/pixeldata/PixelDataGL.cpp:321: 50x50 -> 52x50   100 pixels wasted
05-14 08:29:34.051  3926  5482 I Claw    : [0m[      99.063] [30;1mjni/../jni/src/claw/vfs/NativeMount.cpp:245: Aquire java class for JNI method: com/Claw/Android/NativeMount
05-14 08:29:34.051  3926  5482 I Claw    : [0m[      99.063] [30;1mjni/../jni/src/claw/vfs/NativeMount.cpp:245: JNI class acquired, acquire java method: GetFreeDiskSpace with args: (Ljava/lang/String;)J
05-14 08:29:34.051  2614  3012 D NetworkStatsRecorder: entry.iface is null
05-14 08:29:34.051  2614  3012 D NetworkStatsRecorder: entry.iface is null
05-14 08:29:34.051  2614  3012 D NetworkStatsRecorder: entry.iface is null
05-14 08:29:34.051  2614  3012 D NetworkStatsRecorder: entry.iface is null
05-14 08:29:34.061  3926  5482 I Claw    : [0m[      99.067] [30;1mjni/../jni/src/claw/vfs/NativeMount.cpp:245: Aquire java class for JNI method: com/Claw/Android/NativeMount
05-14 08:29:34.061  3926  5482 I Claw    : [0m[      99.069] [30;1mjni/../jni/src/claw/vfs/NativeMount.cpp:245: JNI class acquired, acquire java method: GetFreeDiskSpace with args: (Ljava/lang/String;)J
05-14 08:29:34.061  3926  4016 I Claw    : [0m[      99.071] [30;1mjni/../jni/src/claw/graphics/surface/SurfaceHW.cpp:880: Surface  xy: 4, uv: 4, tri: 2
05-14 08:29:34.061  3926  5482 I Claw    : [0m[      99.072] [30;1mjni/../jni/src/claw/vfs/NativeMount.cpp:245: Aquire java class for JNI method: com/Claw/Android/NativeMount
05-14 08:29:34.061  3926  5482 I Claw    : [0m[      99.072] [30;1mjni/../jni/src/claw/vfs/NativeMount.cpp:245: JNI class acquired, acquire java method: GetFreeDiskSpace with args: (Ljava/lang/String;)J
05-14 08:29:34.061  3926  5482 I Claw    : [0m[      99.074] [30;1mjni/../jni/src/claw/vfs/NativeMount.cpp:245: Aquire java class for JNI method: com/Claw/Android/NativeMount
05-14 08:29:34.061  3926  5482 I Claw    : [0m[      99.074] [30;1mjni/../jni/src/claw/vfs/NativeMount.cpp:245: JNI class acquired, acquire java method: GetFreeDiskSpace with args: (Ljava/lang/String;)J
05-14 08:29:34.071  3926  5482 I Claw    : [0m[      99.077] [30;1mjni/../jni/src/claw/vfs/NativeMount.cpp:245: Aquire java class for JNI method: com/Claw/Android/NativeMount
05-14 08:29:34.071  3926  5482 I Claw    : [0m[      99.077] [30;1mjni/../jni/src/claw/vfs/NativeMount.cpp:245: JNI class acquired, acquire java method: GetFreeDiskSpace with args: (Ljava/lang/String;)J
05-14 08:29:34.071  3926  5482 I Claw    : [0m[      99.079] [30;1mjni/../jni/src/claw/vfs/NativeMount.cpp:245: Aquire java class for JNI method: com/Claw/Android/NativeMount
05-14 08:29:34.071  3926  5482 I Claw    : [0m[      99.079] [30;1mjni/../jni/src/claw/vfs/NativeMount.cpp:245: JNI class acquired, acquire java method: GetFreeDiskSpace with args: (Ljava/lang/String;)J
05-14 08:29:34.071  3926  5482 I Claw    : [0m[      99.082] [30;1mjni/../jni/src/claw/vfs/NativeMount.cpp:245: Aquire java class for JNI method: com/Claw/Android/NativeMount
05-14 08:29:34.071  3926  5482 I Claw    : [0m[      99.082] [30;1mjni/../jni/src/claw/vfs/NativeMount.cpp:245: JNI class acquired, acquire java method: GetFreeDiskSpace with args: (Ljava/lang/String;)J
05-14 08:29:34.071  3926  5482 I Claw    : [0m[      99.084] [30;1mjni/../jni/src/claw/vfs/NativeMount.cpp:245: Aquire java class for JNI method: com/Claw/Android/NativeMount
05-14 08:29:34.071  2614  3012 D NtpTrustedTime: currentTimeMillis() cache hit
05-14 08:29:34.071  3926  5482 I Claw    : [0m[      99.084] [30;1mjni/../jni/src/claw/vfs/NativeMount.cpp:245: JNI class acquired, acquire java method: GetFreeDiskSpace with args: (Ljava/lang/String;)J
05-14 08:29:34.071  2614  3012 V NetworkStats: performPollLocked() took 30ms
05-14 08:29:34.081  2614  3013 D NtpTrustedTime: currentTimeMillis() cache hit
05-14 08:29:34.081  2614  3013 D NtpTrustedTime: currentTimeMillis() cache hit
05-14 08:29:34.081  3926  5482 I Claw    : [0m[      99.086] [30;1mjni/../jni/src/claw/vfs/NativeMount.cpp:245: Aquire java class for JNI method: com/Claw/Android/NativeMount
05-14 08:29:34.081  3926  5482 I Claw    : [0m[      99.087] [30;1mjni/../jni/src/claw/vfs/NativeMount.cpp:245: JNI class acquired, acquire java method: GetFreeDiskSpace with args: (Ljava/lang/String;)J
05-14 08:29:34.081  3926  5482 I Claw    : [0m[      99.089] [30;1mjni/../jni/src/claw/vfs/NativeMount.cpp:245: Aquire java class for JNI method: com/Claw/Android/NativeMount
05-14 08:29:34.081  3926  5482 I Claw    : [0m[      99.089] [30;1mjni/../jni/src/claw/vfs/NativeMount.cpp:245: JNI class acquired, acquire java method: GetFreeDiskSpace with args: (Ljava/lang/String;)J
05-14 08:29:34.081  3926  5482 I Claw    : [0m[      99.091] [30;1mjni/../jni/src/claw/vfs/NativeMount.cpp:245: Aquire java class for JNI method: com/Claw/Android/NativeMount
05-14 08:29:34.081  3926  5482 I Claw    : [0m[      99.091] [30;1mjni/../jni/src/claw/vfs/NativeMount.cpp:245: JNI class acquired, acquire java method: GetFreeDiskSpace with args: (Ljava/lang/String;)J
05-14 08:29:34.081  3926  5482 I Claw    : [0m[      99.093] [30;1mjni/../jni/src/claw/vfs/NativeMount.cpp:245: Aquire java class for JNI method: com/Claw/Android/NativeMount
05-14 08:29:34.081  3926  5482 I Claw    : [0m[      99.093] [30;1mjni/../jni/src/claw/vfs/NativeMount.cpp:245: JNI class acquired, acquire java method: GetFreeDiskSpace with args: (Ljava/lang/String;)J
05-14 08:29:34.081  3926  5482 I Claw    : [0m[      99.095] [30;1mjni/../jni/src/claw/vfs/NativeMount.cpp:245: Aquire java class for JNI method: com/Claw/Android/NativeMount
05-14 08:29:34.081  3926  5482 I Claw    : [0m[      99.095] [30;1mjni/../jni/src/claw/vfs/NativeMount.cpp:245: JNI class acquired, acquire java method: GetFreeDiskSpace with args: (Ljava/lang/String;)J
05-14 08:29:34.091  3926  5482 I Claw    : [0m[      99.098] [30;1mjni/../jni/src/claw/vfs/NativeMount.cpp:245: Aquire java class for JNI method: com/Claw/Android/NativeMount
05-14 08:29:34.091  3926  5482 I Claw    : [0m[      99.098] [30;1mjni/../jni/src/claw/vfs/NativeMount.cpp:245: JNI class acquired, acquire java method: GetFreeDiskSpace with args: (Ljava/lang/String;)J
05-14 08:29:34.091  3926  5482 I Claw    : [0m[        99.1] [30;1mjni/../jni/src/claw/vfs/NativeMount.cpp:245: Aquire java class for JNI method: com/Claw/Android/NativeMount
05-14 08:29:34.091  3926  5482 I Claw    : [0m[        99.1] [30;1mjni/../jni/src/claw/vfs/NativeMount.cpp:245: JNI class acquired, acquire java method: GetFreeDiskSpace with args: (Ljava/lang/String;)J
05-14 08:29:34.091  3926  5482 I Claw    : [0m[      99.103] [30;1mjni/../jni/src/claw/vfs/NativeMount.cpp:245: Aquire java class for JNI method: com/Claw/Android/NativeMount
05-14 08:29:34.091  3926  5482 I Claw    : [0m[      99.103] [30;1mjni/../jni/src/claw/vfs/NativeMount.cpp:245: JNI class acquired, acquire java method: GetFreeDiskSpace with args: (Ljava/lang/String;)J
05-14 08:29:34.091  3926  5482 I Claw    : [0m[      99.106] [30;1mjni/../jni/src/claw/vfs/NativeMount.cpp:245: Aquire java class for JNI method: com/Claw/Android/NativeMount
05-14 08:29:34.101  3926  5482 I Claw    : [0m[      99.106] [30;1mjni/../jni/src/claw/vfs/NativeMount.cpp:245: JNI class acquired, acquire java method: GetFreeDiskSpace with args: (Ljava/lang/String;)J
05-14 08:29:34.101  3926  5482 I Claw    : [0m[      99.108] [30;1mjni/../jni/src/claw/vfs/NativeMount.cpp:245: Aquire java class for JNI method: com/Claw/Android/NativeMount
05-14 08:29:34.101  3926  4016 I Claw    : [0m[      99.108] [30;1mjni/../jni/src/claw/graphics/pixeldata/PixelDataGL.cpp:321: 50x50 -> 52x50   100 pixels wasted
05-14 08:29:34.101  3926  5482 I Claw    : [0m[      99.108] [30;1mjni/../jni/src/claw/vfs/NativeMount.cpp:245: JNI class acquired, acquire java method: GetFreeDiskSpace with args: (Ljava/lang/String;)J
05-14 08:29:34.101  3926  5482 I Claw    : [0m[       99.11] [30;1mjni/../jni/src/claw/vfs/NativeMount.cpp:245: Aquire java class for JNI method: com/Claw/Android/NativeMount
05-14 08:29:34.101  3926  5482 I Claw    : [0m[       99.11] [30;1mjni/../jni/src/claw/vfs/NativeMount.cpp:245: JNI class acquired, acquire java method: GetFreeDiskSpace with args: (Ljava/lang/String;)J
05-14 08:29:34.101  3926  5482 I Claw    : [0m[      99.112] [30;1mjni/../jni/src/claw/vfs/NativeMount.cpp:245: Aquire java class for JNI method: com/Claw/Android/NativeMount
05-14 08:29:34.101  3926  5482 I Claw    : [0m[      99.112] [30;1mjni/../jni/src/claw/vfs/NativeMount.cpp:245: JNI class acquired, acquire java method: GetFreeDiskSpace with args: (Ljava/lang/String;)J
05-14 08:29:34.101  3926  5482 I Claw    : [0m[      99.114] [30;1mjni/../jni/src/claw/vfs/NativeMount.cpp:245: Aquire java class for JNI method: com/Claw/Android/NativeMount
05-14 08:29:34.101  3926  5482 I Claw    : [0m[      99.114] [30;1mjni/../jni/src/claw/vfs/NativeMount.cpp:245: JNI class acquired, acquire java method: GetFreeDiskSpace with args: (Ljava/lang/String;)J
05-14 08:29:34.101  3926  5482 I Claw    : [0m[      99.115] [30;1mjni/../jni/src/claw/vfs/NativeMount.cpp:245: Aquire java class for JNI method: com/Claw/Android/NativeMount
05-14 08:29:34.101  3926  4016 I Claw    : [0m[      99.116] [30;1mjni/../jni/src/claw/graphics/surface/SurfaceHW.cpp:880: Surface  xy: 4, uv: 4, tri: 2
05-14 08:29:34.111  3926  5482 I Claw    : [0m[      99.116] [30;1mjni/../jni/src/claw/vfs/NativeMount.cpp:245: JNI class acquired, acquire java method: GetFreeDiskSpace with args: (Ljava/lang/String;)J
05-14 08:29:34.111  3926  5482 I Claw    : [0m[      99.118] [30;1mjni/../jni/src/claw/vfs/NativeMount.cpp:245: Aquire java class for JNI method: com/Claw/Android/NativeMount
05-14 08:29:34.111  3926  5482 I Claw    : [0m[      99.118] [30;1mjni/../jni/src/claw/vfs/NativeMount.cpp:245: JNI class acquired, acquire java method: GetFreeDiskSpace with args: (Ljava/lang/String;)J
05-14 08:29:34.111  3926  5482 I Claw    : [0m[      99.119] [30;1mjni/../jni/src/claw/vfs/NativeMount.cpp:245: Aquire java class for JNI method: com/Claw/Android/NativeMount
05-14 08:29:34.111  3926  5482 I Claw    : [0m[      99.119] [30;1mjni/../jni/src/claw/vfs/NativeMount.cpp:245: JNI class acquired, acquire java method: GetFreeDiskSpace with args: (Ljava/lang/String;)J
05-14 08:29:34.111  3926  5482 I Claw    : [0m[      99.121] [30;1mjni/../jni/src/claw/vfs/NativeMount.cpp:245: Aquire java class for JNI method: com/Claw/Android/NativeMount
05-14 08:29:34.111  3926  5482 I Claw    : [0m[      99.121] [30;1mjni/../jni/src/claw/vfs/NativeMount.cpp:245: JNI class acquired, acquire java method: GetFreeDiskSpace with args: (Ljava/lang/String;)J
05-14 08:29:34.111  3926  5482 I Claw    : [0m[      99.123] [30;1mjni/../jni/src/claw/vfs/NativeMount.cpp:245: Aquire java class for JNI method: com/Claw/Android/NativeMount
05-14 08:29:34.111  3926  5482 I Claw    : [0m[      99.123] [30;1mjni/../jni/src/claw/vfs/NativeMount.cpp:245: JNI class acquired, acquire java method: GetFreeDiskSpace with args: (Ljava/lang/String;)J
05-14 08:29:34.111  3926  5482 I Claw    : [0m[      99.124] [30;1mjni/../jni/src/claw/vfs/NativeMount.cpp:245: Aquire java class for JNI method: com/Claw/Android/NativeMount
05-14 08:29:34.111  3926  5482 I Claw    : [0m[      99.124] [30;1mjni/../jni/src/claw/vfs/NativeMount.cpp:245: JNI class acquired, acquire java method: GetFreeDiskSpace with args: (Ljava/lang/String;)J
05-14 08:29:34.121  3926  5482 I Claw    : [0m[      99.126] [30;1mjni/../jni/src/claw/vfs/NativeMount.cpp:245: Aquire java class for JNI method: com/Claw/Android/NativeMount
05-14 08:29:34.121  3926  5482 I Claw    : [0m[      99.127] [30;1mjni/../jni/src/claw/vfs/NativeMount.cpp:245: JNI class acquired, acquire java method: GetFreeDiskSpace with args: (Ljava/lang/String;)J
05-14 08:29:34.121  3926  5482 I Claw    : [0m[      99.129] [30;1mjni/../jni/src/claw/vfs/NativeMount.cpp:245: Aquire java class for JNI method: com/Claw/Android/NativeMount
05-14 08:29:34.121  3926  5482 I Claw    : [0m[       99.13] [30;1mjni/../jni/src/claw/vfs/NativeMount.cpp:245: JNI class acquired, acquire java method: GetFreeDiskSpace with args: (Ljava/lang/String;)J
05-14 08:29:34.121  3926  5482 I Claw    : [0m[      99.135] [30;1mjni/../jni/src/claw/vfs/NativeMount.cpp:245: Aquire java class for JNI method: com/Claw/Android/NativeMount
05-14 08:29:34.121  3926  5482 I Claw    : [0m[      99.135] [30;1mjni/../jni/src/claw/vfs/NativeMount.cpp:245: JNI class acquired, acquire java method: GetFreeDiskSpace with args: (Ljava/lang/String;)J
05-14 08:29:34.131  3926  5482 I Claw    : [0m[      99.137] [30;1mjni/../jni/src/claw/vfs/NativeMount.cpp:245: Aquire java class for JNI method: com/Claw/Android/NativeMount
05-14 08:29:34.131  3926  5482 I Claw    : [0m[      99.137] [30;1mjni/../jni/src/claw/vfs/NativeMount.cpp:245: JNI class acquired, acquire java method: GetFreeDiskSpace with args: (Ljava/lang/String;)J
05-14 08:29:34.131  3926  5482 I Claw    : [0m[      99.139] [30;1mjni/../jni/src/claw/vfs/NativeMount.cpp:245: Aquire java class for JNI method: com/Claw/Android/NativeMount
05-14 08:29:34.131  3926  5482 I Claw    : [0m[      99.139] [30;1mjni/../jni/src/claw/vfs/NativeMount.cpp:245: JNI class acquired, acquire java method: GetFreeDiskSpace with args: (Ljava/lang/String;)J
05-14 08:29:34.131  3926  5482 I Claw    : [0m[       99.14] [30;1mjni/../jni/src/claw/vfs/android/AndroidSaveFile.cpp:82: Open new save assetcache/music_its_alive.pak.meta
05-14 08:29:34.131  3926  5482 I Claw    : [0m[      99.142] [30;1mjni/../jni/src/claw/vfs/NativeMount.cpp:245: Aquire java class for JNI method: com/Claw/Android/NativeMount
05-14 08:29:34.131  3926  5482 I Claw    : [0m[      99.142] [30;1mjni/../jni/src/claw/vfs/NativeMount.cpp:245: JNI class acquired, acquire java method: GetFreeDiskSpace with args: (Ljava/lang/String;)J
05-14 08:29:34.131  3926  5482 I Claw    : [0m[      99.143] [30;1mjni/../jni/src/claw/vfs/NativeMount.cpp:245: Aquire java class for JNI method: com/Claw/Android/NativeMount
05-14 08:29:34.131  3926  5482 I Claw    : [0m[      99.143] [30;1mjni/../jni/src/claw/vfs/NativeMount.cpp:245: JNI class acquired, acquire java method: GetFreeDiskSpace with args: (Ljava/lang/String;)J
05-14 08:29:34.131  3926  5482 I Claw    : [0m[      99.144] [30;1mjni/../jni/src/claw/vfs/NativeMount.cpp:245: Aquire java class for JNI method: com/Claw/Android/NativeMount
