04-23 11:51:15.469 20466 20994 I Claw    : [0m[      19.295] [30;1mjni/../jni/src/claw/vfs/NativeMount.cpp:244: Aquire java class for JNI method: com/Claw/Android/NativeMount
04-23 11:51:15.469 20466 20994 I Claw    : [0m[      19.296] [30;1mjni/../jni/src/claw/vfs/NativeMount.cpp:244: JNI class acquired, acquire java method: GetFreeDiskSpace with args: (Ljava/lang/String;)J
04-23 11:51:15.469 20466 20994 I Claw    : [0m[      19.296] [30;1mjni/../jni/src/claw/vfs/android/AndroidSaveFile.cpp:82: Open new save assetcache/atlas_avatars_2_etc2.pak.meta
04-23 11:51:15.479 20466 20994 I Claw    : [0m[      19.298] [30;1mjni/../jni/src/claw/vfs/NativeMount.cpp:244: Aquire java class for JNI method: com/Claw/Android/NativeMount
04-23 11:51:15.479 20466 20994 I Claw    : [0m[      19.298] [30;1mjni/../jni/src/claw/vfs/NativeMount.cpp:244: JNI class acquired, acquire java method: GetFreeDiskSpace with args: (Ljava/lang/String;)J
04-23 11:51:15.479 20466 20994 I Claw    : [0m[      19.299] [30;1mjni/../jni/src/claw/vfs/NativeMount.cpp:244: Aquire java class for JNI method: com/Claw/Android/NativeMount
04-23 11:51:15.479 20466 20994 I Claw    : [0m[        19.3] [30;1mjni/../jni/src/claw/vfs/NativeMount.cpp:244: JNI class acquired, acquire java method: GetFreeDiskSpace with args: (Ljava/lang/String;)J
04-23 11:51:15.479 20466 20994 W libc    : It seems that pthread_join() is not invoked or PTHREAD_ATTR_FLAG_DETACHED is not set.
04-23 11:51:15.479 20466 20994 W libc    :     pthread tid          : 20994
04-23 11:51:15.479 20466 20994 W libc    :     pthread start_routine: 0xdecf23b4
04-23 11:51:15.479  2612  3011 D NtpTrustedTime: currentTimeMillis() cache hit
04-23 11:51:15.479  2612  3011 V NetworkStats: performPollLocked() took 31ms
04-23 11:51:15.489  2612  3012 D NtpTrustedTime: currentTimeMillis() cache hit
04-23 11:51:15.489  2612  3012 D NtpTrustedTime: currentTimeMillis() cache hit
04-23 11:51:15.529 20466 20967 I Claw    : [0m[      19.352] [30;1mjni/../jni/src/claw/vfs/android/AndroidSaveFile.cpp:42: Open existing save assetcache/atlas_avatars_2_etc2.pak
04-23 11:51:15.529 20466 20967 I Claw    : [0m[      19.352] [30;1mjni/../jni/src/claw/vfs/Vfs.cpp:172: Opened file: /assetcache/atlas_avatars_2_etc2.pak
04-23 11:51:15.529 20466 20967 I Claw    : [0m[      19.354] /home/jenkins-agent/workspace/huuuge-stars/client-dev/hs-android/src/casino/DownloadManager.cpp:500: Mounting pak: atlas_avatars_2_etc2.pak
04-23 11:51:15.529 20466 20967 I Claw    : [0m[      19.355] [30;1mjni/../jni/src/claw/vfs/Vfs.cpp:97: Added new mount at /
04-23 11:51:15.529 20466 20967 I Claw    : [0m[      19.356] [30;1mjni/../jni/src/claw/vfs/android/AndroidSaveFile.cpp:42: Open existing save assetcache/atlas_clubs_intro_2_etc2.pak.meta
04-23 11:51:15.529 20466 20967 I Claw    : [0m[      19.357] [30;1mjni/../jni/src/claw/vfs/Vfs.cpp:168: Cannot open file: /assetcache/atlas_clubs_intro_2_etc2.pak.meta
04-23 11:51:15.529 20466 20967 I Claw    : [0m[      19.357] /home/jenkins-agent/workspace/huuuge-stars/client-dev/hs-android/src/casino/ServerList.cpp:53: Server list returning http://cdn-hs-dev.hgonline.net/346/, 1/14
04-23 11:51:15.539 20466 20967 I Claw    : [0m[      19.357] [30;1mjni/../jni/src/claw/vfs/android/AndroidSaveFile.cpp:42: Open existing save assetcache/atlas_clubs_intro_2_etc2.pak.meta
04-23 11:51:15.539 20466 20967 I Claw    : [0m[      19.358] [30;1mjni/../jni/src/claw/vfs/Vfs.cpp:168: Cannot open file: /assetcache/atlas_clubs_intro_2_etc2.pak.meta
04-23 11:51:15.539 20466 20967 I Claw    : [0m[      19.358] /home/jenkins-agent/workspace/huuuge-stars/client-dev/hs-android/src/casino/DefaultDownloadManager.cpp:415: Downloading pak atlas_clubs_intro_2_etc2.pak from http://cdn-hs-dev.hgonline.net/346/
04-23 11:51:15.539  2218  2767 D EnterpriseController: netId is 0
04-23 11:51:15.539  2218  2767 D Netd    : getNetworkForDns: using netid 502 for uid 10693
04-23 11:51:15.539 20466 20997 I Claw    : [0m[      19.361] [30;1mjni/../jni/src/claw/network/HttpRequest.cpp:97: cdn-hs-dev.hgonline.net resolved to ::ffff:92.122.122.136
04-23 11:51:15.539 20466 20997 I Claw    : [0m[      19.362] [30;1mjni/../jni/src/claw/network/unix/UnixStreamSocket.cpp:93: Connecting to ::ffff:92.122.122.136
04-23 11:51:15.539 20466 20957 I Claw    : [0m[      19.362] ../../../../../../../../contrib/huuugeanalyticssdk/cpp/contrib/jni/JniAttach.hpp:185: Aquire java class for JNI method: com/huuuge/analytics/HA
04-23 11:51:15.539 20466 20957 I Claw    : [0m[      19.362] ../../../../../../../../contrib/huuugeanalyticssdk/cpp/contrib/jni/JniAttach.hpp:185: JNI class acquired, acquire java method: connectionStatus with args: ()I
04-23 11:51:15.539 20466 20957 I Claw    : [0m[      19.362] ../../../../../../../../contrib/huuugeanalyticssdk/cpp/contrib/jni/JniAttach.hpp:186: JNI method acquired, try to call.
04-23 11:51:15.539 20466 20957 I Claw    : [0m[      19.364] ../../../../../../../../contrib/huuugeanalyticssdk/cpp/contrib/jni/JniAttach.hpp:189: JNI method called.
04-23 11:51:15.539  2612  4192 D ConnectivityService: returning getNetworkInfo for network type 1 : [type: WIFI[] - WIFI, state: CONNECTED/CONNECTED, reason: (unspecified), extra: "HuuugeQA", roaming: false, failover: false, isAvailable: true]
04-23 11:51:15.539  2612  4193 D ConnectivityService: returning getNetworkInfo for network type 0 : [type: MOBILE[] - MOBILE, state: DISCONNECTED/DISCONNECTED, reason: (unspecified), extra: (none), roaming: false, failover: false, isAvailable: true]
04-23 11:51:15.649 20466 20955 I Claw    : [0m[       19.47] /home/jenkins-agent/workspace/huuuge-stars/client-dev/hs-android/contrib/huuugeanalyticssdk/cpp/src/huuuge/analytics/HAHttp-android.cpp:80: Huuuge::analytics::HTTPAndroid::InvokeHttps 1nsjtnbmgl.execute-api.us-east-1.amazonaws.com public/dashboard-events
04-23 11:51:15.649 20466 20955 I Claw    : [0m[      19.472] /home/jenkins-agent/workspace/huuuge-stars/client-dev/hs-android/contrib/huuugeanalyticssdk/cpp/src/huuuge/analytics/HAHttp-android.cpp:100: Huuuge::analytics::HTTPAndroid::InvokeHttps convert post payload 4457
04-23 11:51:15.649 20466 20955 I Claw    : [0m[      19.472] ../../../../../../../../contrib/huuugeanalyticssdk/cpp/contrib/jni/JniAttach.hpp:147: Aquire java class for JNI method: com/huuuge/analytics/HA
04-23 11:51:15.649 20466 20955 I Claw    : [0m[      19.473] ../../../../../../../../contrib/huuugeanalyticssdk/cpp/contrib/jni/JniAttach.hpp:147: JNI class acquired, acquire java method: doHttpsRequest with args: (Ljava/lang/String;Ljava/lang/String;Ljava/lang/String;[Ljava/lang/String;[Ljava/lang/String;[B)[Ljava/lang/String;
04-23 11:51:15.649 20466 20955 I Claw    : [0m[      19.473] ../../../../../../../../contrib/huuugeanalyticssdk/cpp/contrib/jni/JniAttach.hpp:148: JNI method acquired, try to call.
04-23 11:51:15.649 20466 20999 I System.out: (HTTPLog)-Static: isSBSettingEnabled false
04-23 11:51:15.649 20466 20999 I System.out: (HTTPLog)-Static: isSBSettingEnabled false
04-23 11:51:15.739 20466 20997 I Claw    : [0m[      19.566] [30;1mjni/../jni/src/claw/network/HttpRequest.cpp:279: Content length: 54
04-23 11:51:15.739 20466 20997 I Claw    : [0m[      19.567] [30;1mjni/../jni/src/claw/vfs/android/AndroidSaveFile.cpp:82: Open new save assetcache/atlas_clubs_intro_2_etc2.pak
04-23 11:51:15.749 20466 20997 I Claw    : [0m[      19.568] [30;1mjni/../jni/src/claw/vfs/android/AndroidSaveFile.cpp:82: Open new save assetcache/atlas_clubs_intro_2_etc2.pak.meta
04-23 11:51:15.749 20466 20997 I Claw    : [0m[       19.57] [30;1mjni/../jni/src/claw/vfs/NativeMount.cpp:244: Aquire java class for JNI method: com/Claw/Android/NativeMount
04-23 11:51:15.749 20466 20997 I Claw    : [0m[       19.57] [30;1mjni/../jni/src/claw/vfs/NativeMount.cpp:244: JNI class acquired, acquire java method: GetFreeDiskSpace with args: (Ljava/lang/String;)J
04-23 11:51:15.749 20466 20997 I Claw    : [0m[      19.571] [30;1mjni/../jni/src/claw/vfs/NativeMount.cpp:244: Aquire java class for JNI method: com/Claw/Android/NativeMount
04-23 11:51:15.749 20466 20997 I Claw    : [0m[      19.572] [30;1mjni/../jni/src/claw/vfs/NativeMount.cpp:244: JNI class acquired, acquire java method: GetFreeDiskSpace with args: (Ljava/lang/String;)J
04-23 11:51:15.749 20466 20997 I Claw    : [0m[      19.573] [30;1mjni/../jni/src/claw/vfs/NativeMount.cpp:244: Aquire java class for JNI method: com/Claw/Android/NativeMount
04-23 11:51:15.749 20466 20997 I Claw    : [0m[      19.574] [30;1mjni/../jni/src/claw/vfs/NativeMount.cpp:244: JNI class acquired, acquire java method: GetFreeDiskSpace with args: (Ljava/lang/String;)J
04-23 11:51:15.749 20466 20997 I Claw    : [0m[      19.575] [30;1mjni/../jni/src/claw/vfs/NativeMount.cpp:244: Aquire java class for JNI method: com/Claw/Android/NativeMount
04-23 11:51:15.749 20466 20997 I Claw    : [0m[      19.575] [30;1mjni/../jni/src/claw/vfs/NativeMount.cpp:244: JNI class acquired, acquire java method: GetFreeDiskSpace with args: (Ljava/lang/String;)J
04-23 11:51:15.749  2218  2767 D EnterpriseController: netId is 0
04-23 11:51:15.749  2218  2767 D Netd    : getNetworkForDns: using netid 502 for uid 10693
04-23 11:51:15.759 20466 20997 I Claw    : [0m[      19.578] [30;1mjni/../jni/src/claw/network/HttpRequest.cpp:97: cdn-hs-dev.hgonline.net resolved to ::ffff:92.122.122.136
04-23 11:51:15.759 20466 20997 I Claw    : [0m[      19.578] [30;1mjni/../jni/src/claw/network/unix/UnixStreamSocket.cpp:93: Connecting to ::ffff:92.122.122.136
04-23 11:51:15.969 20466 20997 I Claw    : [0m[      19.794] [30;1mjni/../jni/src/claw/network/HttpRequest.cpp:279: Content length: 439282
04-23 11:51:15.979 20466 20955 I Claw    : [0m[      19.801] ../../../../../../../../contrib/huuugeanalyticssdk/cpp/contrib/jni/JniAttach.hpp:151: JNI method called.
04-23 11:51:15.979 20466 20955 I Claw    : [0m[      19.801] /home/jenkins-agent/workspace/huuuge-stars/client-dev/hs-android/contrib/huuugeanalyticssdk/cpp/src/huuuge/analytics/HAHttp-android.cpp:133: Huuuge::analytics::HTTPAndroid::InvokeHttps response code is 200
04-23 11:51:15.979 20466 20955 I Claw    : [0m[      19.801] /home/jenkins-agent/workspace/huuuge-stars/client-dev/hs-android/contrib/huuugeanalyticssdk/cpp/src/huuuge/analytics/HAHttp-android.cpp:134: Huuuge::analytics::HTTPAndroid::InvokeHttps response payload is null
04-23 11:51:15.999  2612  5167 D SSRM:w  : SIOP:: AP = 410, PST = 322 (W:10), CUR = -139, LCD = 24
04-23 11:51:16.009  2612  5167 D ConnectivityService: returning getNetworkInfo for network type 1 : [type: WIFI[] - WIFI, state: CONNECTED/CONNECTED, reason: (unspecified), extra: "HuuugeQA", roaming: false, failover: false, isAvailable: true]
04-23 11:51:16.069 20466 20997 I Claw    : [0m[      19.896] [30;1mjni/../jni/src/claw/vfs/NativeMount.cpp:244: Aquire java class for JNI method: com/Claw/Android/NativeMount
04-23 11:51:16.069 20466 20997 I Claw    : [0m[      19.896] [30;1mjni/../jni/src/claw/vfs/NativeMount.cpp:244: JNI class acquired, acquire java method: GetFreeDiskSpace with args: (Ljava/lang/String;)J
04-23 11:51:16.079 20466 20997 I Claw    : [0m[      19.899] [30;1mjni/../jni/src/claw/vfs/NativeMount.cpp:244: Aquire java class for JNI method: com/Claw/Android/NativeMount
04-23 11:51:16.079 20466 20997 I Claw    : [0m[      19.899] [30;1mjni/../jni/src/claw/vfs/NativeMount.cpp:244: JNI class acquired, acquire java method: GetFreeDiskSpace with args: (Ljava/lang/String;)J
04-23 11:51:16.169 20466 20997 I Claw    : [0m[      19.992] [30;1mjni/../jni/src/claw/vfs/NativeMount.cpp:244: Aquire java class for JNI method: com/Claw/Android/NativeMount
04-23 11:51:16.169 20466 20997 I Claw    : [0m[      19.993] [30;1mjni/../jni/src/claw/vfs/NativeMount.cpp:244: JNI class acquired, acquire java method: GetFreeDiskSpace with args: (Ljava/lang/String;)J
04-23 11:51:16.169 20466 20997 I Claw    : [0m[      19.997] [30;1mjni/../jni/src/claw/vfs/NativeMount.cpp:244: Aquire java class for JNI method: com/Claw/Android/NativeMount
04-23 11:51:16.169 20466 20997 I Claw    : [0m[      19.997] [30;1mjni/../jni/src/claw/vfs/NativeMount.cpp:244: JNI class acquired, acquire java method: GetFreeDiskSpace with args: (Ljava/lang/String;)J
04-23 11:51:16.179 20466 20997 I Claw    : [0m[      20.002] [30;1mjni/../jni/src/claw/vfs/NativeMount.cpp:244: Aquire java class for JNI method: com/Claw/Android/NativeMount
04-23 11:51:16.179 20466 20997 I Claw    : [0m[      20.002] [30;1mjni/../jni/src/claw/vfs/NativeMount.cpp:244: JNI class acquired, acquire java method: GetFreeDiskSpace with args: (Ljava/lang/String;)J
04-23 11:51:16.179 20466 20997 I Claw    : [0m[      20.006] [30;1mjni/../jni/src/claw/vfs/NativeMount.cpp:244: Aquire java class for JNI method: com/Claw/Android/NativeMount
04-23 11:51:16.179 20466 20997 I Claw    : [0m[      20.006] [30;1mjni/../jni/src/claw/vfs/NativeMount.cpp:244: JNI class acquired, acquire java method: GetFreeDiskSpace with args: (Ljava/lang/String;)J
04-23 11:51:16.269 20466 20997 I Claw    : [0m[      20.096] [30;1mjni/../jni/src/claw/vfs/NativeMount.cpp:244: Aquire java class for JNI method: com/Claw/Android/NativeMount
04-23 11:51:16.269 20466 20997 I Claw    : [0m[      20.096] [30;1mjni/../jni/src/claw/vfs/NativeMount.cpp:244: JNI class acquired, acquire java method: GetFreeDiskSpace with args: (Ljava/lang/String;)J
04-23 11:51:16.279 20466 20997 I Claw    : [0m[      20.099] [30;1mjni/../jni/src/claw/vfs/NativeMount.cpp:244: Aquire java class for JNI method: com/Claw/Android/NativeMount
04-23 11:51:16.279 20466 20997 I Claw    : [0m[      20.099] [30;1mjni/../jni/src/claw/vfs/NativeMount.cpp:244: JNI class acquired, acquire java method: GetFreeDiskSpace with args: (Ljava/lang/String;)J
04-23 11:51:16.319 20466 20997 I Claw    : [0m[      20.139] [30;1mjni/../jni/src/claw/vfs/NativeMount.cpp:244: Aquire java class for JNI method: com/Claw/Android/NativeMount
04-23 11:51:16.319 20466 20997 I Claw    : [0m[      20.139] [30;1mjni/../jni/src/claw/vfs/NativeMount.cpp:244: JNI class acquired, acquire java method: GetFreeDiskSpace with args: (Ljava/lang/String;)J
04-23 11:51:16.319 20466 20997 I Claw    : [0m[      20.142] [30;1mjni/../jni/src/claw/vfs/NativeMount.cpp:244: Aquire java class for JNI method: com/Claw/Android/NativeMount
04-23 11:51:16.319 20466 20997 I Claw    : [0m[      20.142] [30;1mjni/../jni/src/claw/vfs/NativeMount.cpp:244: JNI class acquired, acquire java method: GetFreeDiskSpace with args: (Ljava/lang/String;)J
04-23 11:51:16.319 20466 20997 I Claw    : [0m[      20.144] [30;1mjni/../jni/src/claw/vfs/NativeMount.cpp:244: Aquire java class for JNI method: com/Claw/Android/NativeMount
04-23 11:51:16.319 20466 20997 I Claw    : [0m[      20.145] [30;1mjni/../jni/src/claw/vfs/NativeMount.cpp:244: JNI class acquired, acquire java method: GetFreeDiskSpace with args: (Ljava/lang/String;)J
04-23 11:51:16.319 20466 20997 I Claw    : [0m[      20.147] [30;1mjni/../jni/src/claw/vfs/NativeMount.cpp:244: Aquire java class for JNI method: com/Claw/Android/NativeMount
04-23 11:51:16.319 20466 20997 I Claw    : [0m[      20.147] [30;1mjni/../jni/src/claw/vfs/NativeMount.cpp:244: JNI class acquired, acquire java method: GetFreeDiskSpace with args: (Ljava/lang/String;)J
04-23 11:51:16.329 20466 20997 I Claw    : [0m[       20.15] [30;1mjni/../jni/src/claw/vfs/NativeMount.cpp:244: Aquire java class for JNI method: com/Claw/Android/NativeMount
04-23 11:51:16.329 20466 20997 I Claw    : [0m[       20.15] [30;1mjni/../jni/src/claw/vfs/NativeMount.cpp:244: JNI class acquired, acquire java method: GetFreeDiskSpace with args: (Ljava/lang/String;)J
04-23 11:51:16.399 20466 20997 I Claw    : [0m[      20.225] [30;1mjni/../jni/src/claw/vfs/NativeMount.cpp:244: Aquire java class for JNI method: com/Claw/Android/NativeMount
04-23 11:51:16.399 20466 20997 I Claw    : [0m[      20.226] [30;1mjni/../jni/src/claw/vfs/NativeMount.cpp:244: JNI class acquired, acquire java method: GetFreeDiskSpace with args: (Ljava/lang/String;)J
04-23 11:51:16.399  2612  3483 I ActivityManager: KillingProcessesUss : put [com.google.android.instantapps.supervisor] : 8040 KB
04-23 11:51:16.399  2612  3483 I ActivityManager: Killing 19949:com.google.android.instantapps.supervisor/u0a179 (adj 15): DHA:empty #31
04-23 11:51:16.409 20466 20997 I Claw    : [0m[      20.229] [30;1mjni/../jni/src/claw/vfs/NativeMount.cpp:244: Aquire java class for JNI method: com/Claw/Android/NativeMount
04-23 11:51:16.409 20466 20997 I Claw    : [0m[      20.229] [30;1mjni/../jni/src/claw/vfs/NativeMount.cpp:244: JNI class acquired, acquire java method: GetFreeDiskSpace with args: (Ljava/lang/String;)J
04-23 11:51:16.409 20466 20997 I Claw    : [0m[      20.232] [30;1mjni/../jni/src/claw/vfs/NativeMount.cpp:244: Aquire java class for JNI method: com/Claw/Android/NativeMount
04-23 11:51:16.409 20466 20997 I Claw    : [0m[      20.232] [30;1mjni/../jni/src/claw/vfs/NativeMount.cpp:244: JNI class acquired, acquire java method: GetFreeDiskSpace with args: (Ljava/lang/String;)J
04-23 11:51:16.409 20466 20997 I Claw    : [0m[      20.235] [30;1mjni/../jni/src/claw/vfs/NativeMount.cpp:244: Aquire java class for JNI method: com/Claw/Android/NativeMount
04-23 11:51:16.409 20466 20997 I Claw    : [0m[      20.235] [30;1mjni/../jni/src/claw/vfs/NativeMount.cpp:244: JNI class acquired, acquire java method: GetFreeDiskSpace with args: (Ljava/lang/String;)J
04-23 11:51:16.409 20466 20997 I Claw    : [0m[      20.237] [30;1mjni/../jni/src/claw/vfs/NativeMount.cpp:244: Aquire java class for JNI method: com/Claw/Android/NativeMount
04-23 11:51:16.419 20466 20997 I Claw    : [0m[      20.237] [30;1mjni/../jni/src/claw/vfs/NativeMount.cpp:244: JNI class acquired, acquire java method: GetFreeDiskSpace with args: (Ljava/lang/String;)J
04-23 11:51:16.419 20466 20997 I Claw    : [0m[       20.24] [30;1mjni/../jni/src/claw/vfs/NativeMount.cpp:244: Aquire java class for JNI method: com/Claw/Android/NativeMount
04-23 11:51:16.419 20466 20997 I Claw    : [0m[       20.24] [30;1mjni/../jni/src/claw/vfs/NativeMount.cpp:244: JNI class acquired, acquire java method: GetFreeDiskSpace with args: (Ljava/lang/String;)J
04-23 11:51:16.419 20466 20997 I Claw    : [0m[      20.242] [30;1mjni/../jni/src/claw/vfs/NativeMount.cpp:244: Aquire java class for JNI method: com/Claw/Android/NativeMount
04-23 11:51:16.419 20466 20997 I Claw    : [0m[      20.242] [30;1mjni/../jni/src/claw/vfs/NativeMount.cpp:244: JNI class acquired, acquire java method: GetFreeDiskSpace with args: (Ljava/lang/String;)J
04-23 11:51:16.419 20466 20997 I Claw    : [0m[      20.245] [30;1mjni/../jni/src/claw/vfs/NativeMount.cpp:244: Aquire java class for JNI method: com/Claw/Android/NativeMount
04-23 11:51:16.419 20466 20997 I Claw    : [0m[      20.245] [30;1mjni/../jni/src/claw/vfs/NativeMount.cpp:244: JNI class acquired, acquire java method: GetFreeDiskSpace with args: (Ljava/lang/String;)J
04-23 11:51:16.419 20466 20997 I Claw    : [0m[      20.247] [30;1mjni/../jni/src/claw/vfs/NativeMount.cpp:244: Aquire java class for JNI method: com/Claw/Android/NativeMount
04-23 11:51:16.419 20466 20997 I Claw    : [0m[      20.247] [30;1mjni/../jni/src/claw/vfs/NativeMount.cpp:244: JNI class acquired, acquire java method: GetFreeDiskSpace with args: (Ljava/lang/String;)J
04-23 11:51:16.439 20466 20997 I Claw    : [0m[      20.262] [30;1mjni/../jni/src/claw/vfs/NativeMount.cpp:244: Aquire java class for JNI method: com/Claw/Android/NativeMount
04-23 11:51:16.439 20466 20997 I Claw    : [0m[      20.262] [30;1mjni/../jni/src/claw/vfs/NativeMount.cpp:244: JNI class acquired, acquire java method: GetFreeDiskSpace with args: (Ljava/lang/String;)J
04-23 11:51:16.439 20466 20997 I Claw    : [0m[      20.265] [30;1mjni/../jni/src/claw/vfs/NativeMount.cpp:244: Aquire java class for JNI method: com/Claw/Android/NativeMount
04-23 11:51:16.439 20466 20997 I Claw    : [0m[      20.265] [30;1mjni/../jni/src/claw/vfs/NativeMount.cpp:244: JNI class acquired, acquire java method: GetFreeDiskSpace with args: (Ljava/lang/String;)J
04-23 11:51:16.449 20466 20997 I Claw    : [0m[      20.267] [30;1mjni/../jni/src/claw/vfs/NativeMount.cpp:244: Aquire java class for JNI method: com/Claw/Android/NativeMount
04-23 11:51:16.449 20466 20997 I Claw    : [0m[      20.268] [30;1mjni/../jni/src/claw/vfs/NativeMount.cpp:244: JNI class acquired, acquire java method: GetFreeDiskSpace with args: (Ljava/lang/String;)J
04-23 11:51:16.449 20466 20997 I Claw    : [0m[       20.27] [30;1mjni/../jni/src/claw/vfs/NativeMount.cpp:244: Aquire java class for JNI method: com/Claw/Android/NativeMount
04-23 11:51:16.449 20466 20997 I Claw    : [0m[      20.271] [30;1mjni/../jni/src/claw/vfs/NativeMount.cpp:244: JNI class acquired, acquire java method: GetFreeDiskSpace with args: (Ljava/lang/String;)J
04-23 11:51:16.449 20466 20997 I Claw    : [0m[      20.273] [30;1mjni/../jni/src/claw/vfs/NativeMount.cpp:244: Aquire java class for JNI method: com/Claw/Android/NativeMount
04-23 11:51:16.449 20466 20997 I Claw    : [0m[      20.273] [30;1mjni/../jni/src/claw/vfs/NativeMount.cpp:244: JNI class acquired, acquire java method: GetFreeDiskSpace with args: (Ljava/lang/String;)J
04-23 11:51:16.449 20466 20997 I Claw    : [0m[      20.275] [30;1mjni/../jni/src/claw/vfs/android/AndroidSaveFile.cpp:82: Open new save assetcache/atlas_clubs_intro_2_etc2.pak.meta
04-23 11:51:16.449 20466 20997 I Claw    : [0m[      20.276] [30;1mjni/../jni/src/claw/vfs/NativeMount.cpp:244: Aquire java class for JNI method: com/Claw/Android/NativeMount
04-23 11:51:16.449 20466 20997 I Claw    : [0m[      20.276] [30;1mjni/../jni/src/claw/vfs/NativeMount.cpp:244: JNI class acquired, acquire java method: GetFreeDiskSpace with args: (Ljava/lang/String;)J
04-23 11:51:16.459 20466 20997 I Claw    : [0m[      20.278] [30;1mjni/../jni/src/claw/vfs/NativeMount.cpp:244: Aquire java class for JNI method: com/Claw/Android/NativeMount
04-23 11:51:16.459 20466 20997 I Claw    : [0m[      20.278] [30;1mjni/../jni/src/claw/vfs/NativeMount.cpp:244: JNI class acquired, acquire java method: GetFreeDiskSpace with args: (Ljava/lang/String;)J
04-23 11:51:16.459 20466 20997 I Claw    : [0m[       20.28] [30;1mjni/../jni/src/claw/vfs/NativeMount.cpp:244: Aquire java class for JNI method: com/Claw/Android/NativeMount
04-23 11:51:16.459 20466 20997 I Claw    : [0m[       20.28] [30;1mjni/../jni/src/claw/vfs/NativeMount.cpp:244: JNI class acquired, acquire java method: GetFreeDiskSpace with args: (Ljava/lang/String;)J
04-23 11:51:16.459 20466 20997 I Claw    : [0m[      20.281] [30;1mjni/../jni/src/claw/vfs/NativeMount.cpp:244: Aquire java class for JNI method: com/Claw/Android/NativeMount
04-23 11:51:16.459 20466 20997 I Claw    : [0m[      20.281] [30;1mjni/../jni/src/claw/vfs/NativeMount.cpp:244: JNI class acquired, acquire java method: GetFreeDiskSpace with args: (Ljava/lang/String;)J
04-23 11:51:16.459 20466 20997 I Claw    : [0m[      20.282] [30;1mjni/../jni/src/claw/vfs/android/AndroidSaveFile.cpp:82: Open new save assetcache/atlas_clubs_intro_2_etc2.pak.meta
04-23 11:51:16.459 20466 20997 I Claw    : [0m[      20.284] [30;1mjni/../jni/src/claw/vfs/NativeMount.cpp:244: Aquire java class for JNI method: com/Claw/Android/NativeMount
04-23 11:51:16.459 20466 20997 I Claw    : [0m[      20.284] [30;1mjni/../jni/src/claw/vfs/NativeMount.cpp:244: JNI class acquired, acquire java method: GetFreeDiskSpace with args: (Ljava/lang/String;)J
04-23 11:51:16.459 20466 20997 I Claw    : [0m[      20.286] [30;1mjni/../jni/src/claw/vfs/NativeMount.cpp:244: Aquire java class for JNI method: com/Claw/Android/NativeMount
04-23 11:51:16.459 20466 20997 I Claw    : [0m[      20.286] [30;1mjni/../jni/src/claw/vfs/NativeMount.cpp:244: JNI class acquired, acquire java method: GetFreeDiskSpace with args: (Ljava/lang/String;)J
04-23 11:51:16.469 20466 20997 I Claw    : [0m[      20.287] [30;1mjni/../jni/src/claw/vfs/NativeMount.cpp:244: Aquire java class for JNI method: com/Claw/Android/NativeMount
04-23 11:51:16.469 20466 20997 I Claw    : [0m[      20.288] [30;1mjni/../jni/src/claw/vfs/NativeMount.cpp:244: JNI class acquired, acquire java method: GetFreeDiskSpace with args: (Ljava/lang/String;)J
04-23 11:51:16.469 20466 20997 I Claw    : [0m[      20.289] [30;1mjni/../jni/src/claw/vfs/NativeMount.cpp:244: Aquire java class for JNI method: com/Claw/Android/NativeMount
04-23 11:51:16.469 20466 20997 I Claw    : [0m[      20.289] [30;1mjni/../jni/src/claw/vfs/NativeMount.cpp:244: JNI class acquired, acquire java method: GetFreeDiskSpace with args: (Ljava/lang/String;)J
04-23 11:51:16.469 20466 20997 I Claw    : [0m[       20.29] [30;1mjni/../jni/src/claw/vfs/android/AndroidSaveFile.cpp:82: Open new save assetcache/atlas_clubs_intro_2_etc2.pak.meta
04-23 11:51:16.469 20466 20997 I Claw    : [0m[      20.292] [30;1mjni/../jni/src/claw/vfs/NativeMount.cpp:244: Aquire java class for JNI method: com/Claw/Android/NativeMount
04-23 11:51:16.469 20466 20997 I Claw    : [0m[      20.292] [30;1mjni/../jni/src/claw/vfs/NativeMount.cpp:244: JNI class acquired, acquire java method: GetFreeDiskSpace with args: (Ljava/lang/String;)J
04-23 11:51:16.469 20466 20997 I Claw    : [0m[      20.293] [30;1mjni/../jni/src/claw/vfs/NativeMount.cpp:244: Aquire java class for JNI method: com/Claw/Android/NativeMount
04-23 11:51:16.469 20466 20997 I Claw    : [0m[      20.295] [30;1mjni/../jni/src/claw/vfs/NativeMount.cpp:244: JNI class acquired, acquire java method: GetFreeDiskSpace with args: (Ljava/lang/String;)J
04-23 11:51:16.469 20466 20997 W libc    : It seems that pthread_join() is not invoked or PTHREAD_ATTR_FLAG_DETACHED is not set.
04-23 11:51:16.469 20466 20997 W libc    :     pthread tid          : 20997
04-23 11:51:16.469 20466 20997 W libc    :     pthread start_routine: 0xdecf23b4
04-23 11:51:16.489  2612  3268 D ActivityManager: removeProcessNameLocked mProcessNames.remove pid=19949 ,hash=65552460 ,name=com.google.android.instantapps.supervisor
04-23 11:51:16.489  2612  3268 D ActivityManager: cleanUpApplicationRecord -- 19949
04-23 11:51:16.489  2612  3268 D ActivityManager: isAutoRunBlockedApp:: com.google.android.instantapps.supervisor, Auto Run ON
04-23 11:51:16.539 20466 20967 I Claw    : [0m[       20.36] [30;1mjni/../jni/src/claw/vfs/android/AndroidSaveFile.cpp:42: Open existing save assetcache/atlas_clubs_intro_2_etc2.pak
04-23 11:51:16.539 20466 20967 I Claw    : [0m[      20.361] [30;1mjni/../jni/src/claw/vfs/Vfs.cpp:172: Opened file: /assetcache/atlas_clubs_intro_2_etc2.pak
04-23 11:51:16.539 20466 20967 I Claw    : [0m[      20.363] /home/jenkins-agent/workspace/huuuge-stars/client-dev/hs-android/src/casino/DownloadManager.cpp:500: Mounting pak: atlas_clubs_intro_2_etc2.pak
04-23 11:51:16.539 20466 20967 I Claw    : [0m[      20.364] [30;1mjni/../jni/src/claw/vfs/Vfs.cpp:97: Added new mount at /
04-23 11:51:16.539 20466 20967 I Claw    : [0m[      20.364] [30;1mjni/../jni/src/claw/vfs/android/AndroidSaveFile.cpp:42: Open existing save assetcache/atlas_collection_event_2_etc2.pak.meta
04-23 11:51:16.539 20466 20967 I Claw    : [0m[      20.365] [30;1mjni/../jni/src/claw/vfs/Vfs.cpp:168: Cannot open file: /assetcache/atlas_collection_event_2_etc2.pak.meta
04-23 11:51:16.539 20466 20967 I Claw    : [0m[      20.365] /home/jenkins-agent/workspace/huuuge-stars/client-dev/hs-android/src/casino/ServerList.cpp:53: Server list returning http://cdn-hs-dev.hgonline.net/346/, 1/14
04-23 11:51:16.539 20466 20967 I Claw    : [0m[      20.365] [30;1mjni/../jni/src/claw/vfs/android/AndroidSaveFile.cpp:42: Open existing save assetcache/atlas_collection_event_2_etc2.pak.meta
04-23 11:51:16.539 20466 20967 I Claw    : [0m[      20.365] [30;1mjni/../jni/src/claw/vfs/Vfs.cpp:168: Cannot open file: /assetcache/atlas_collection_event_2_etc2.pak.meta
04-23 11:51:16.539 20466 20967 I Claw    : [0m[      20.366] /home/jenkins-agent/workspace/huuuge-stars/client-dev/hs-android/src/casino/DefaultDownloadManager.cpp:415: Downloading pak atlas_collection_event_2_etc2.pak from http://cdn-hs-dev.hgonline.net/346/
04-23 11:51:16.549  2218  2767 D EnterpriseController: netId is 0
04-23 11:51:16.549  2218  2767 D Netd    : getNetworkForDns: using netid 502 for uid 10693
04-23 11:51:16.549 20466 21002 I Claw    : [0m[      20.369] [30;1mjni/../jni/src/claw/network/HttpRequest.cpp:97: cdn-hs-dev.hgonline.net resolved to ::ffff:92.122.122.136
04-23 11:51:16.549 20466 21002 I Claw    : [0m[      20.369] [30;1mjni/../jni/src/claw/network/unix/UnixStreamSocket.cpp:93: Connecting to ::ffff:92.122.122.136
04-23 11:51:16.549 20466 20957 I Claw    : [0m[       20.37] ../../../../../../../../contrib/huuugeanalyticssdk/cpp/contrib/jni/JniAttach.hpp:185: Aquire java class for JNI method: com/huuuge/analytics/HA
04-23 11:51:16.549 20466 20957 I Claw    : [0m[       20.37] ../../../../../../../../contrib/huuugeanalyticssdk/cpp/contrib/jni/JniAttach.hpp:185: JNI class acquired, acquire java method: connectionStatus with args: ()I
04-23 11:51:16.549 20466 20957 I Claw    : [0m[       20.37] ../../../../../../../../contrib/huuugeanalyticssdk/cpp/contrib/jni/JniAttach.hpp:186: JNI method acquired, try to call.
04-23 11:51:16.549 20466 20957 I Claw    : [0m[      20.372] ../../../../../../../../contrib/huuugeanalyticssdk/cpp/contrib/jni/JniAttach.hpp:189: JNI method called.
04-23 11:51:16.549  2612  3487 D ConnectivityService: returning getNetworkInfo for network type 1 : [type: WIFI[] - WIFI, state: CONNECTED/CONNECTED, reason: (unspecified), extra: "HuuugeQA", roaming: false, failover: false, isAvailable: true]
04-23 11:51:16.549  2612  3264 D ConnectivityService: returning getNetworkInfo for network type 0 : [type: MOBILE[] - MOBILE, state: DISCONNECTED/DISCONNECTED, reason: (unspecified), extra: (none), roaming: false, failover: false, isAvailable: true]
04-23 11:51:16.649 20466 20955 I Claw    : [0m[      20.473] /home/jenkins-agent/workspace/huuuge-stars/client-dev/hs-android/contrib/huuugeanalyticssdk/cpp/src/huuuge/analytics/HAHttp-android.cpp:80: Huuuge::analytics::HTTPAndroid::InvokeHttps 1nsjtnbmgl.execute-api.us-east-1.amazonaws.com public/dashboard-events
04-23 11:51:16.649 20466 20955 I Claw    : [0m[      20.475] /home/jenkins-agent/workspace/huuuge-stars/client-dev/hs-android/contrib/huuugeanalyticssdk/cpp/src/huuuge/analytics/HAHttp-android.cpp:100: Huuuge::analytics::HTTPAndroid::InvokeHttps convert post payload 2248
04-23 11:51:16.649 20466 20955 I Claw    : [0m[      20.475] ../../../../../../../../contrib/huuugeanalyticssdk/cpp/contrib/jni/JniAttach.hpp:147: Aquire java class for JNI method: com/huuuge/analytics/HA
04-23 11:51:16.649 20466 20955 I Claw    : [0m[      20.475] ../../../../../../../../contrib/huuugeanalyticssdk/cpp/contrib/jni/JniAttach.hpp:147: JNI class acquired, acquire java method: doHttpsRequest with args: (Ljava/lang/String;Ljava/lang/String;Ljava/lang/String;[Ljava/lang/String;[Ljava/lang/String;[B)[Ljava/lang/String;
04-23 11:51:16.649 20466 20955 I Claw    : [0m[      20.476] ../../../../../../../../contrib/huuugeanalyticssdk/cpp/contrib/jni/JniAttach.hpp:148: JNI method acquired, try to call.
04-23 11:51:16.659 20466 21004 I System.out: (HTTPLog)-Static: isSBSettingEnabled false
04-23 11:51:16.659 20466 21004 I System.out: (HTTPLog)-Static: isSBSettingEnabled false
04-23 11:51:16.769 20466 21002 I Claw    : [0m[      20.589] [30;1mjni/../jni/src/claw/network/HttpRequest.cpp:279: Content length: 59
04-23 11:51:16.769 20466 21002 I Claw    : [0m[       20.59] [30;1mjni/../jni/src/claw/vfs/android/AndroidSaveFile.cpp:82: Open new save assetcache/atlas_collection_event_2_etc2.pak
04-23 11:51:16.769 20466 21002 I Claw    : [0m[      20.592] [30;1mjni/../jni/src/claw/vfs/android/AndroidSaveFile.cpp:82: Open new save assetcache/atlas_collection_event_2_etc2.pak.meta
04-23 11:51:16.769 20466 21002 I Claw    : [0m[      20.594] [30;1mjni/../jni/src/claw/vfs/NativeMount.cpp:244: Aquire java class for JNI method: com/Claw/Android/NativeMount
04-23 11:51:16.769 20466 21002 I Claw    : [0m[      20.595] [30;1mjni/../jni/src/claw/vfs/NativeMount.cpp:244: JNI class acquired, acquire java method: GetFreeDiskSpace with args: (Ljava/lang/String;)J
04-23 11:51:16.769 20466 21002 I Claw    : [0m[      20.597] [30;1mjni/../jni/src/claw/vfs/NativeMount.cpp:244: Aquire java class for JNI method: com/Claw/Android/NativeMount
04-23 11:51:16.769 20466 21002 I Claw    : [0m[      20.597] [30;1mjni/../jni/src/claw/vfs/NativeMount.cpp:244: JNI class acquired, acquire java method: GetFreeDiskSpace with args: (Ljava/lang/String;)J
04-23 11:51:16.779 20466 21002 I Claw    : [0m[      20.599] [30;1mjni/../jni/src/claw/vfs/NativeMount.cpp:244: Aquire java class for JNI method: com/Claw/Android/NativeMount
04-23 11:51:16.779 20466 21002 I Claw    : [0m[        20.6] [30;1mjni/../jni/src/claw/vfs/NativeMount.cpp:244: JNI class acquired, acquire java method: GetFreeDiskSpace with args: (Ljava/lang/String;)J
04-23 11:51:16.779 20466 21002 I Claw    : [0m[      20.601] [30;1mjni/../jni/src/claw/vfs/NativeMount.cpp:244: Aquire java class for JNI method: com/Claw/Android/NativeMount
04-23 11:51:16.779 20466 21002 I Claw    : [0m[      20.601] [30;1mjni/../jni/src/claw/vfs/NativeMount.cpp:244: JNI class acquired, acquire java method: GetFreeDiskSpace with args: (Ljava/lang/String;)J
04-23 11:51:16.779  2218  2767 D EnterpriseController: netId is 0
04-23 11:51:16.779  2218  2767 D Netd    : getNetworkForDns: using netid 502 for uid 10693
04-23 11:51:16.779 20466 21002 I Claw    : [0m[      20.605] [30;1mjni/../jni/src/claw/network/HttpRequest.cpp:97: cdn-hs-dev.hgonline.net resolved to ::ffff:92.122.122.136
04-23 11:51:16.779 20466 21002 I Claw    : [0m[      20.605] [30;1mjni/../jni/src/claw/network/unix/UnixStreamSocket.cpp:93: Connecting to ::ffff:92.122.122.136
04-23 11:51:16.899 20466 20955 I Claw    : [0m[      20.726] ../../../../../../../../contrib/huuugeanalyticssdk/cpp/contrib/jni/JniAttach.hpp:151: JNI method called.
04-23 11:51:16.899 20466 20955 I Claw    : [0m[      20.726] /home/jenkins-agent/workspace/huuuge-stars/client-dev/hs-android/contrib/huuugeanalyticssdk/cpp/src/huuuge/analytics/HAHttp-android.cpp:133: Huuuge::analytics::HTTPAndroid::InvokeHttps response code is 200
04-23 11:51:16.899 20466 20955 I Claw    : [0m[      20.727] /home/jenkins-agent/workspace/huuuge-stars/client-dev/hs-android/contrib/huuugeanalyticssdk/cpp/src/huuuge/analytics/HAHttp-android.cpp:134: Huuuge::analytics::HTTPAndroid::InvokeHttps response payload is null
04-23 11:51:16.989 20466 21002 I Claw    : [0m[      20.811] [30;1mjni/../jni/src/claw/network/HttpRequest.cpp:279: Content length: 133107
04-23 11:51:16.989 20466 21002 I Claw    : [0m[      20.812] [30;1mjni/../jni/src/claw/vfs/NativeMount.cpp:244: Aquire java class for JNI method: com/Claw/Android/NativeMount
04-23 11:51:16.989 20466 21002 I Claw    : [0m[      20.812] [30;1mjni/../jni/src/claw/vfs/NativeMount.cpp:244: JNI class acquired, acquire java method: GetFreeDiskSpace with args: (Ljava/lang/String;)J
04-23 11:51:16.989 20466 21002 I Claw    : [0m[      20.814] [30;1mjni/../jni/src/claw/vfs/NativeMount.cpp:244: Aquire java class for JNI method: com/Claw/Android/NativeMount
04-23 11:51:16.989 20466 21002 I Claw    : [0m[      20.814] [30;1mjni/../jni/src/claw/vfs/NativeMount.cpp:244: JNI class acquired, acquire java method: GetFreeDiskSpace with args: (Ljava/lang/String;)J
04-23 11:51:17.019 20466 21002 I Claw    : [0m[      20.845] [30;1mjni/../jni/src/claw/vfs/NativeMount.cpp:244: Aquire java class for JNI method: com/Claw/Android/NativeMount
04-23 11:51:17.019 20466 21002 I Claw    : [0m[      20.845] [30;1mjni/../jni/src/claw/vfs/NativeMount.cpp:244: JNI class acquired, acquire java method: GetFreeDiskSpace with args: (Ljava/lang/String;)J
04-23 11:51:17.019 20466 21002 I Claw    : [0m[      20.847] [30;1mjni/../jni/src/claw/vfs/NativeMount.cpp:244: Aquire java class for JNI method: com/Claw/Android/NativeMount
04-23 11:51:17.019 20466 21002 I Claw    : [0m[      20.847] [30;1mjni/../jni/src/claw/vfs/NativeMount.cpp:244: JNI class acquired, acquire java method: GetFreeDiskSpace with args: (Ljava/lang/String;)J
04-23 11:51:17.029 20466 21002 I Claw    : [0m[      20.849] [30;1mjni/../jni/src/claw/vfs/NativeMount.cpp:244: Aquire java class for JNI method: com/Claw/Android/NativeMount
04-23 11:51:17.029 20466 21002 I Claw    : [0m[      20.849] [30;1mjni/../jni/src/claw/vfs/NativeMount.cpp:244: JNI class acquired, acquire java method: GetFreeDiskSpace with args: (Ljava/lang/String;)J
04-23 11:51:17.029 20466 21002 I Claw    : [0m[      20.851] [30;1mjni/../jni/src/claw/vfs/NativeMount.cpp:244: Aquire java class for JNI method: com/Claw/Android/NativeMount
04-23 11:51:17.029 20466 21002 I Claw    : [0m[      20.851] [30;1mjni/../jni/src/claw/vfs/NativeMount.cpp:244: JNI class acquired, acquire java method: GetFreeDiskSpace with args: (Ljava/lang/String;)J
04-23 11:51:17.029 20466 21002 I Claw    : [0m[      20.853] [30;1mjni/../jni/src/claw/vfs/NativeMount.cpp:244: Aquire java class for JNI method: com/Claw/Android/NativeMount
04-23 11:51:17.029 20466 21002 I Claw    : [0m[      20.853] [30;1mjni/../jni/src/claw/vfs/NativeMount.cpp:244: JNI class acquired, acquire java method: GetFreeDiskSpace with args: (Ljava/lang/String;)J
04-23 11:51:17.029 20466 21002 I Claw    : [0m[      20.855] [30;1mjni/../jni/src/claw/vfs/NativeMount.cpp:244: Aquire java class for JNI method: com/Claw/Android/NativeMount
04-23 11:51:17.029 20466 21002 I Claw    : [0m[      20.855] [30;1mjni/../jni/src/claw/vfs/NativeMount.cpp:244: JNI class acquired, acquire java method: GetFreeDiskSpace with args: (Ljava/lang/String;)J
04-23 11:51:17.039 20466 21002 I Claw    : [0m[      20.858] [30;1mjni/../jni/src/claw/vfs/NativeMount.cpp:244: Aquire java class for JNI method: com/Claw/Android/NativeMount
04-23 11:51:17.039 20466 21002 I Claw    : [0m[      20.858] [30;1mjni/../jni/src/claw/vfs/NativeMount.cpp:244: JNI class acquired, acquire java method: GetFreeDiskSpace with args: (Ljava/lang/String;)J
04-23 11:51:17.039 20466 21002 I Claw    : [0m[      20.859] [30;1mjni/../jni/src/claw/vfs/android/AndroidSaveFile.cpp:82: Open new save assetcache/atlas_collection_event_2_etc2.pak.meta
04-23 11:51:17.039 20466 21002 I Claw    : [0m[       20.86] [30;1mjni/../jni/src/claw/vfs/NativeMount.cpp:244: Aquire java class for JNI method: com/Claw/Android/NativeMount
04-23 11:51:17.039 20466 21002 I Claw    : [0m[       20.86] [30;1mjni/../jni/src/claw/vfs/NativeMount.cpp:244: JNI class acquired, acquire java method: GetFreeDiskSpace with args: (Ljava/lang/String;)J
04-23 11:51:17.039 20466 21002 I Claw    : [0m[      20.861] [30;1mjni/../jni/src/claw/vfs/NativeMount.cpp:244: Aquire java class for JNI method: com/Claw/Android/NativeMount
04-23 11:51:17.039 20466 21002 I Claw    : [0m[      20.861] [30;1mjni/../jni/src/claw/vfs/NativeMount.cpp:244: JNI class acquired, acquire java method: GetFreeDiskSpace with args: (Ljava/lang/String;)J
04-23 11:51:17.039 20466 21002 I Claw    : [0m[      20.862] [30;1mjni/../jni/src/claw/vfs/NativeMount.cpp:244: Aquire java class for JNI method: com/Claw/Android/NativeMount
04-23 11:51:17.039 20466 21002 I Claw    : [0m[      20.863] [30;1mjni/../jni/src/claw/vfs/NativeMount.cpp:244: JNI class acquired, acquire java method: GetFreeDiskSpace with args: (Ljava/lang/String;)J
04-23 11:51:17.039 20466 21002 I Claw    : [0m[      20.864] [30;1mjni/../jni/src/claw/vfs/NativeMount.cpp:244: Aquire java class for JNI method: com/Claw/Android/NativeMount
04-23 11:51:17.039 20466 21002 I Claw    : [0m[      20.864] [30;1mjni/../jni/src/claw/vfs/NativeMount.cpp:244: JNI class acquired, acquire java method: GetFreeDiskSpace with args: (Ljava/lang/String;)J
04-23 11:51:17.039 20466 21002 I Claw    : [0m[      20.865] [30;1mjni/../jni/src/claw/vfs/android/AndroidSaveFile.cpp:82: Open new save assetcache/atlas_collection_event_2_etc2.pak.meta
04-23 11:51:17.039 20466 21002 I Claw    : [0m[      20.866] [30;1mjni/../jni/src/claw/vfs/NativeMount.cpp:244: Aquire java class for JNI method: com/Claw/Android/NativeMount
04-23 11:51:17.039 20466 21002 I Claw    : [0m[      20.866] [30;1mjni/../jni/src/claw/vfs/NativeMount.cpp:244: JNI class acquired, acquire java method: GetFreeDiskSpace with args: (Ljava/lang/String;)J
04-23 11:51:17.039 20466 21002 I Claw    : [0m[      20.867] [30;1mjni/../jni/src/claw/vfs/NativeMount.cpp:244: Aquire java class for JNI method: com/Claw/Android/NativeMount
04-23 11:51:17.039 20466 21002 I Claw    : [0m[      20.867] [30;1mjni/../jni/src/claw/vfs/NativeMount.cpp:244: JNI class acquired, acquire java method: GetFreeDiskSpace with args: (Ljava/lang/String;)J
04-23 11:51:17.049 20466 21002 I Claw    : [0m[      20.868] [30;1mjni/../jni/src/claw/vfs/NativeMount.cpp:244: Aquire java class for JNI method: com/Claw/Android/NativeMount
04-23 11:51:17.049 20466 21002 I Claw    : [0m[      20.869] [30;1mjni/../jni/src/claw/vfs/NativeMount.cpp:244: JNI class acquired, acquire java method: GetFreeDiskSpace with args: (Ljava/lang/String;)J
04-23 11:51:17.049 20466 21002 I Claw    : [0m[      20.869] [30;1mjni/../jni/src/claw/vfs/NativeMount.cpp:244: Aquire java class for JNI method: com/Claw/Android/NativeMount
04-23 11:51:17.049 20466 21002 I Claw    : [0m[       20.87] [30;1mjni/../jni/src/claw/vfs/NativeMount.cpp:244: JNI class acquired, acquire java method: GetFreeDiskSpace with args: (Ljava/lang/String;)J
04-23 11:51:17.049 20466 21002 I Claw    : [0m[       20.87] [30;1mjni/../jni/src/claw/vfs/android/AndroidSaveFile.cpp:82: Open new save assetcache/atlas_collection_event_2_etc2.pak.meta
04-23 11:51:17.049 20466 21002 I Claw    : [0m[      20.871] [30;1mjni/../jni/src/claw/vfs/NativeMount.cpp:244: Aquire java class for JNI method: com/Claw/Android/NativeMount
04-23 11:51:17.049 20466 21002 I Claw    : [0m[      20.871] [30;1mjni/../jni/src/claw/vfs/NativeMount.cpp:244: JNI class acquired, acquire java method: GetFreeDiskSpace with args: (Ljava/lang/String;)J
04-23 11:51:17.049 20466 21002 I Claw    : [0m[      20.872] [30;1mjni/../jni/src/claw/vfs/NativeMount.cpp:244: Aquire java class for JNI method: com/Claw/Android/NativeMount
04-23 11:51:17.049 20466 21002 I Claw    : [0m[      20.873] [30;1mjni/../jni/src/claw/vfs/NativeMount.cpp:244: JNI class acquired, acquire java method: GetFreeDiskSpace with args: (Ljava/lang/String;)J
04-23 11:51:17.049 20466 21002 W libc    : It seems that pthread_join() is not invoked or PTHREAD_ATTR_FLAG_DETACHED is not set.
04-23 11:51:17.049 20466 21002 W libc    :     pthread tid          : 21002
04-23 11:51:17.049 20466 21002 W libc    :     pthread start_routine: 0xdecf23b4
04-23 11:51:17.149 20466 20967 I Claw    : [0m[      20.968] [30;1mjni/../jni/src/claw/vfs/android/AndroidSaveFile.cpp:42: Open existing save assetcache/atlas_collection_event_2_etc2.pak
04-23 11:51:17.149 20466 20967 I Claw    : [0m[      20.968] [30;1mjni/../jni/src/claw/vfs/Vfs.cpp:172: Opened file: /assetcache/atlas_collection_event_2_etc2.pak
04-23 11:51:17.149 20466 20957 I Claw    : [0m[      20.977] ../../../../../../../../contrib/huuugeanalyticssdk/cpp/contrib/jni/JniAttach.hpp:185: Aquire java class for JNI method: com/huuuge/analytics/HA
04-23 11:51:17.159 20466 20967 I Claw    : [0m[      20.977] /home/jenkins-agent/workspace/huuuge-stars/client-dev/hs-android/src/casino/DownloadManager.cpp:500: Mounting pak: atlas_collection_event_2_etc2.pak
04-23 11:51:17.159 20466 20957 I Claw    : [0m[      20.977] ../../../../../../../../contrib/huuugeanalyticssdk/cpp/contrib/jni/JniAttach.hpp:185: JNI class acquired, acquire java method: connectionStatus with args: ()I
04-23 11:51:17.159 20466 20957 I Claw    : [0m[      20.978] ../../../../../../../../contrib/huuugeanalyticssdk/cpp/contrib/jni/JniAttach.hpp:186: JNI method acquired, try to call.
04-23 11:51:17.159 20466 20967 I Claw    : [0m[      20.979] [30;1mjni/../jni/src/claw/vfs/Vfs.cpp:97: Added new mount at /
04-23 11:51:17.159 20466 20957 I Claw    : [0m[       20.98] ../../../../../../../../contrib/huuugeanalyticssdk/cpp/contrib/jni/JniAttach.hpp:189: JNI method called.
04-23 11:51:17.159 20466 20967 I Claw    : [0m[       20.98] [30;1mjni/../jni/src/claw/vfs/android/AndroidSaveFile.cpp:42: Open existing save assetcache/atlas_controlled_experience_2_etc2.pak.meta
04-23 11:51:17.159 20466 20967 I Claw    : [0m[       20.98] [30;1mjni/../jni/src/claw/vfs/Vfs.cpp:168: Cannot open file: /assetcache/atlas_controlled_experience_2_etc2.pak.meta
04-23 11:51:17.159 20466 20967 I Claw    : [0m[      20.981] /home/jenkins-agent/workspace/huuuge-stars/client-dev/hs-android/src/casino/ServerList.cpp:53: Server list returning http://cdn-hs-dev.hgonline.net/346/, 1/14
04-23 11:51:17.159 20466 20967 I Claw    : [0m[      20.981] [30;1mjni/../jni/src/claw/vfs/android/AndroidSaveFile.cpp:42: Open existing save assetcache/atlas_controlled_experience_2_etc2.pak.meta
04-23 11:51:17.159 20466 20967 I Claw    : [0m[      20.982] [30;1mjni/../jni/src/claw/vfs/Vfs.cpp:168: Cannot open file: /assetcache/atlas_controlled_experience_2_etc2.pak.meta
04-23 11:51:17.159 20466 20967 I Claw    : [0m[      20.982] /home/jenkins-agent/workspace/huuuge-stars/client-dev/hs-android/src/casino/DefaultDownloadManager.cpp:415: Downloading pak atlas_controlled_experience_2_etc2.pak from http://cdn-hs-dev.hgonline.net/346/
04-23 11:51:17.159  2218  2767 D EnterpriseController: netId is 0
04-23 11:51:17.159  2218  2767 D Netd    : getNetworkForDns: using netid 502 for uid 10693
04-23 11:51:17.159 20466 21006 I Claw    : [0m[      20.986] [30;1mjni/../jni/src/claw/network/HttpRequest.cpp:97: cdn-hs-dev.hgonline.net resolved to ::ffff:92.122.122.136
04-23 11:51:17.159 20466 21006 I Claw    : [0m[      20.986] [30;1mjni/../jni/src/claw/network/unix/UnixStreamSocket.cpp:93: Connecting to ::ffff:92.122.122.136
04-23 11:51:17.159  2612  3009 D ConnectivityService: returning getNetworkInfo for network type 1 : [type: WIFI[] - WIFI, state: CONNECTED/CONNECTED, reason: (unspecified), extra: "HuuugeQA", roaming: false, failover: false, isAvailable: true]
04-23 11:51:17.159  2612  3486 D ConnectivityService: returning getNetworkInfo for network type 0 : [type: MOBILE[] - MOBILE, state: DISCONNECTED/DISCONNECTED, reason: (unspecified), extra: (none), roaming: false, failover: false, isAvailable: true]
04-23 11:51:17.189 20466 20957 I Claw    : [0m[      21.013] ../../../../../../../../contrib/huuugeanalyticssdk/cpp/contrib/jni/JniAttach.hpp:185: Aquire java class for JNI method: com/huuuge/analytics/HA
04-23 11:51:17.189 20466 20957 I Claw    : [0m[      21.013] ../../../../../../../../contrib/huuugeanalyticssdk/cpp/contrib/jni/JniAttach.hpp:185: JNI class acquired, acquire java method: connectionStatus with args: ()I
04-23 11:51:17.189 20466 20957 I Claw    : [0m[      21.013] ../../../../../../../../contrib/huuugeanalyticssdk/cpp/contrib/jni/JniAttach.hpp:186: JNI method acquired, try to call.
04-23 11:51:17.189 20466 20957 I Claw    : [0m[      21.015] ../../../../../../../../contrib/huuugeanalyticssdk/cpp/contrib/jni/JniAttach.hpp:189: JNI method called.
04-23 11:51:17.189  2612  2627 D ConnectivityService: returning getNetworkInfo for network type 1 : [type: WIFI[] - WIFI, state: CONNECTED/CONNECTED, reason: (unspecified), extra: "HuuugeQA", roaming: false, failover: false, isAvailable: true]
04-23 11:51:17.189  2612  3483 D ConnectivityService: returning getNetworkInfo for network type 0 : [type: MOBILE[] - MOBILE, state: DISCONNECTED/DISCONNECTED, reason: (unspecified), extra: (none), roaming: false, failover: false, isAvailable: true]
04-23 11:51:17.389 20466 21006 I Claw    : [0m[      21.213] [30;1mjni/../jni/src/claw/network/HttpRequest.cpp:279: Content length: 64
04-23 11:51:17.389 20466 21006 I Claw    : [0m[      21.213] [30;1mjni/../jni/src/claw/vfs/android/AndroidSaveFile.cpp:82: Open new save assetcache/atlas_controlled_experience_2_etc2.pak
04-23 11:51:17.389 20466 21006 I Claw    : [0m[      21.214] [30;1mjni/../jni/src/claw/vfs/android/AndroidSaveFile.cpp:82: Open new save assetcache/atlas_controlled_experience_2_etc2.pak.meta
04-23 11:51:17.389 20466 21006 I Claw    : [0m[      21.215] [30;1mjni/../jni/src/claw/vfs/NativeMount.cpp:244: Aquire java class for JNI method: com/Claw/Android/NativeMount
04-23 11:51:17.389 20466 21006 I Claw    : [0m[      21.216] [30;1mjni/../jni/src/claw/vfs/NativeMount.cpp:244: JNI class acquired, acquire java method: GetFreeDiskSpace with args: (Ljava/lang/String;)J
04-23 11:51:17.389 20466 21006 I Claw    : [0m[      21.217] [30;1mjni/../jni/src/claw/vfs/NativeMount.cpp:244: Aquire java class for JNI method: com/Claw/Android/NativeMount
04-23 11:51:17.389 20466 21006 I Claw    : [0m[      21.217] [30;1mjni/../jni/src/claw/vfs/NativeMount.cpp:244: JNI class acquired, acquire java method: GetFreeDiskSpace with args: (Ljava/lang/String;)J
04-23 11:51:17.399 20466 21006 I Claw    : [0m[      21.218] [30;1mjni/../jni/src/claw/vfs/NativeMount.cpp:244: Aquire java class for JNI method: com/Claw/Android/NativeMount
