adb server version (39) doesn't match this client (36); killing...
* daemon started successfully *
--------- beginning of system
04-17 13:55:16.101  2616  2689 W BroadcastQueue: Skipping deliver [background] BroadcastRecord{5036959 u-1 android.net.conn.CONNECTIVITY_CHANGE qIdx=4}, state= (IDLE) to ReceiverList{63291e 7694 (unknown name)/2000/u-1 remote:5f2b2a3}: process crashing
04-17 13:55:16.121  2616  3425 D ResourcesManager: For user 0 new overlays fetched Null
04-17 13:55:16.121  2616  3425 D GameManagerService: identifyGamePackage. com.huuuge.stars.slots
04-17 13:55:16.121  2616  3425 D MultiWindowPolicy: Gamemode - return 0,  when calling  identifyForegroundApp(com.huuuge.stars.slots)
04-17 13:55:16.131  2616  3425 D CustomFrequencyManagerService: acquireDVFSLockLocked : type : DVFS_MIN_LIMIT  frequency : 1500000  uid : 1000  pid : 2616  pkgName : ACTIVITY_RESUME_BOOSTER@3
04-17 13:55:16.131  2616  3425 D ActivityManager: mDVFSHelper.acquire()
04-17 13:55:16.131  2616  3425 D FocusedStackFrame: Set to : 0
04-17 13:55:16.131  2616  3425 V WindowManager: addAppToken: AppWindowToken{d02f84215 token=Token{43fffcc ActivityRecord{bf3d5ff u0 com.huuuge.stars.slots/com.huuuge.casino.BootActivity t744}}} to stack=1 task=744 at 0
04-17 13:55:16.131  2616  3118 D MountService: getExternalStorageMountMode : 1
04-17 13:55:16.131  2616  3118 D MountService: getExternalStorageMountMode : 3
04-17 13:55:16.131  2616  3118 D MountService: getExternalStorageMountMode : final mountMode=1, uid : 10635, packageName : com.huuuge.stars.slots
04-17 13:55:16.131  2616  3470 D SettingsProvider: isChangeAllowed() : name = user_rotation
04-17 13:55:16.131  2616  3470 D SettingsProvider: isChangeAllowed() : name = accelerometer_rotation
04-17 13:55:16.131  2616  3470 V WindowOrientationListener: OrientationSensorJudge.getProposedRotation, Rotation: -1
04-17 13:55:16.131  2616  3470 V WindowManager: rotationForOrientationLw(orient=1, last=0); user=0  sensorRotation=-1 mLidState=-1 mDockMode=0 mHdmiPlugged=false mMobileKeyboardEnabled=false displayId=0
04-17 13:55:16.131  2616  3470 V WindowOrientationListener: OrientationSensorJudge.getProposedRotation, Rotation: -1
04-17 13:55:16.141  2616  4289 D SettingsProvider: isChangeAllowed() : name = accelerometer_rotation
04-17 13:55:16.141  2616  3118 I ActivityManager: Start proc 7702:com.huuuge.stars.slots/u0a635 for activity com.huuuge.stars.slots/com.huuuge.casino.BootActivity
04-17 13:55:16.141  7702  7702 I libpersona: KNOX_SDCARD checking this for 10635
04-17 13:55:16.141  7702  7702 I libpersona: KNOX_SDCARD not a persona
04-17 13:55:16.141  2616  4289 V WindowOrientationListener: OrientationSensorJudge.getProposedRotation, Rotation: -1
04-17 13:55:16.141  2616  4289 V WindowManager: rotationForOrientationLw(orient=1, last=0); user=0  sensorRotation=-1 mLidState=-1 mDockMode=0 mHdmiPlugged=false mMobileKeyboardEnabled=false displayId=0
04-17 13:55:16.141  2616  4289 V WindowOrientationListener: OrientationSensorJudge.getProposedRotation, Rotation: -1
04-17 13:55:16.151  2616  2692 V WindowOrientationListener: OrientationSensorJudge.getProposedRotation, Rotation: -1
04-17 13:55:16.151  2616  2692 V WindowManager: rotationForOrientationLw(orient=1, last=0); user=0  sensorRotation=-1 mLidState=-1 mDockMode=0 mHdmiPlugged=false mMobileKeyboardEnabled=false displayId=0
04-17 13:55:16.151  2616  2692 V WindowOrientationListener: OrientationSensorJudge.getProposedRotation, Rotation: -1
04-17 13:55:16.151  2616  2692 V WindowOrientationListener: OrientationSensorJudge.getProposedRotation, Rotation: -1
04-17 13:55:16.151  2616  2692 V WindowManager: rotationForOrientationLw(orient=1, last=0); user=0  sensorRotation=-1 mLidState=-1 mDockMode=0 mHdmiPlugged=false mMobileKeyboardEnabled=false displayId=0
04-17 13:55:16.151  2616  2692 V WindowOrientationListener: OrientationSensorJudge.getProposedRotation, Rotation: -1
04-17 13:55:16.201  2616  3499 V WindowOrientationListener: setCurrentAppOrientation :6
04-17 13:55:16.201  2616  3499 V WindowOrientationListener: OrientationSensorJudge.getProposedRotation, Rotation: -1
04-17 13:55:16.201  2616  3499 V WindowManager: rotationForOrientationLw(orient=6, last=0); user=0  sensorRotation=-1 mLidState=-1 mDockMode=0 mHdmiPlugged=false mMobileKeyboardEnabled=false displayId=0
04-17 13:55:16.201  2616  3499 V WindowOrientationListener: OrientationSensorJudge.getProposedRotation, Rotation: -1
04-17 13:55:16.201  2616  3499 D SamsungWindowManager: setRotationLw() : rotation=1
04-17 13:55:16.201  2616  3499 D CustomFrequencyManagerService: acquireDVFSLockLocked : type : DVFS_MIN_LIMIT  frequency : 1600000  uid : 1000  pid : 2616  pkgName : ROTATION_BOOSTER@28
04-17 13:55:16.241  2616  3499 I ActivityManager: Config changes=480 {0 1.0 themeSeq = 0 showBtnBg = 0 ?mcc?mnc en_US ldltr sw360dp w640dp h336dp 480dpi nrml long land finger -keyb/v/h -nav/h s.36}
04-17 13:55:16.241  2616  5359 D SSRM:w  : SIOP:: AP = 450, PST = 466 (W:26), CUR = -276, LCD = 24
04-17 13:55:16.241  2616  5359 D ConnectivityService: returning getNetworkInfo for network type 1 : [type: WIFI[] - WIFI, state: CONNECTED/CONNECTED, reason: (unspecified), extra: "HuuugeQA", roaming: false, failover: false, isAvailable: true]
04-17 13:55:16.251  2616  2630 D BatteryService: !@BatteryListener : batteryPropertiesChanged!
04-17 13:55:16.251  2616  2630 D BatteryService: level:76, scale:100, status:2, health:2, present:true, voltage: 3943, temperature: 359, technology: Li-ion, AC powered:false, USB powered:true, POGO powered:false, Wireless powered:false, icon:17303500, invalid charger:0, maxChargingCurrent:0
04-17 13:55:16.251  2616  2630 D BatteryService: online:6, current avg:-166, charge type:1, power sharing:false, high voltage charger:false, capacity:280000, batterySWSelfDischarging:false, current_now:-370
04-17 13:55:16.251  2616  2616 D BatteryService: Sending ACTION_BATTERY_CHANGED.
04-17 13:55:16.311  2616  3499 D ActivityManager:  Launching com.huuuge.stars.slots, updated priority
04-17 13:55:16.311  2616  2616 D GameManagerService: NotifyRunnable. pkg: com.huuuge.stars.slots, type: 4, isMinimized: false, isTunableApp: false
04-17 13:55:16.311  2616  2616 D GameManagerService: unexpected mPrevNotiType: -1
04-17 13:55:16.311  3088  3088 D Recents : handleProxyCall type=6
04-17 13:55:16.331  7702  7702 D ResourcesManager: For user 0 new overlays fetched Null
04-17 13:55:16.341  2616  2689 V MARsPolicyManager: updatePackagesScore PackageInfo name -- com.huuuge.stars.slots
04-17 13:55:16.341  3190  3190 D Recents : handleProxyCall type=6
04-17 13:55:16.351  2616  2616 I MotionRecognitionService: Plugged
04-17 13:55:16.351  2616  2616 D MotionRecognitionService:   cableConnection= 1
04-17 13:55:16.351  2616  2616 D MotionRecognitionService: setPowerConnected | current backoff  = 1024 , state =1024
04-17 13:55:16.351  2616  2616 D MotionRecognitionService: skip setTransmitPower. 
04-17 13:55:16.351  2616  2616 D GameManagerService: new battery level: 76
04-17 13:55:16.361  2616  2616 D GameManagerService: before send intent to GameIntentService
04-17 13:55:16.371  7702  7702 D ContextRelationManager: ContextRelationManager() : FEATURE_ENABLED=true
04-17 13:55:16.381  2616  3012 D NetworkPolicy: isUidForegroundLocked: 10635, mScreenOn: true, uidstate: 2, mProxSensorScreenOff: false
04-17 13:55:16.381  2616  5359 D GameManagerService: identifyGamePackage. com.huuuge.stars.slots
04-17 13:55:16.381  2616  2616 D GameManagerService: after send intent to GameIntentService. componentName:ComponentInfo{com.enhance.gameservice/com.enhance.gameservice.GameIntentService}
04-17 13:55:16.401  2616  5359 D GameManagerService: identifyGamePackage. com.huuuge.stars.slots
04-17 13:55:16.531  3088  3088 D PowerUI : priorPlugType = 2 mPlugType =  2
04-17 13:55:16.531  3088  3088 D PowerUI.Notification: Charging remaining time is not supported and connected cable is not a fast/slow charger, so return!
04-17 13:55:16.531  3088  3088 D BatteryMeterView: ACTION_BATTERY_CHANGED : level:76 status:2 health:2
04-17 13:55:16.531  3088  3088 D BatteryMeterView: ACTION_BATTERY_CHANGED : level:76 status:2 health:2
04-17 13:55:16.671  2616  3012 D NetworkPolicy: isUidForegroundLocked: 10028, mScreenOn: true, uidstate: 3, mProxSensorScreenOff: false
04-17 13:55:16.681  2616  4172 D PowerManagerService: [api] acquire WakeLock flags=0x1000000a tag=Claw uid=10635 pid=7702
04-17 13:55:17.141  2616  4289 D ResourcesManager: For user 0 new overlays fetched Null
04-17 13:55:17.141  2616  4289 D GameManagerService: identifyGamePackage. com.google.android.packageinstaller
04-17 13:55:17.141  2616  4289 D MultiWindowPolicy: Gamemode - return 0,  when calling  identifyForegroundApp(com.google.android.packageinstaller)
04-17 13:55:17.141  2616  4289 D CustomFrequencyManagerService: releaseDVFSLockLocked : Getting Lock type frm List : DVFS_MIN_LIMIT  frequency : 1500000  uid : 1000  pid : 2616  tag : ACTIVITY_RESUME_BOOSTER@3
04-17 13:55:17.141  2616  4289 D CustomFrequencyManagerService: acquireDVFSLockLocked : type : DVFS_MIN_LIMIT  frequency : 1500000  uid : 1000  pid : 2616  pkgName : ACTIVITY_RESUME_BOOSTER@3
04-17 13:55:17.141  2616  4289 D ActivityManager: mDVFSHelper.acquire()
04-17 13:55:17.151  2616  4289 V WindowManager: addAppToken: AppWindowToken{d08f9c694 token=Token{940dae7 ActivityRecord{eef10a6 u0 com.google.android.packageinstaller/com.android.packageinstaller.permission.ui.GrantPermissionsActivity t744}}} to stack=1 task=744 at 1
04-17 13:55:17.171  3190  3190 D Recents : onTaskStackChanged
04-17 13:55:17.281  2616  3468 D ConnectivityService: returning getNetworkInfo for network type 1 : [type: WIFI[] - WIFI, state: CONNECTED/CONNECTED, reason: (unspecified), extra: "HuuugeQA", roaming: false, failover: false, isAvailable: true]
04-17 13:55:17.361  2616  3012 D NetworkPolicy: isUidForegroundLocked: 10028, mScreenOn: true, uidstate: 16, mProxSensorScreenOff: false
04-17 13:55:17.371  2616  3461 D PowerManagerService: [api] release WakeLock flags=0x1000000a tag=Claw uid=10635 pid=7702 (0x0)
04-17 13:55:17.371  2616  3008 I WindowManager: Screen frozen for +1s169ms due to AppWindowToken{d02f84215 token=Token{43fffcc ActivityRecord{bf3d5ff u0 com.huuuge.stars.slots/com.huuuge.casino.BootActivity t744}}}
04-17 13:55:17.381  2616  3008 D ActivityManager:  Launching com.google.android.packageinstaller, updated priority
04-17 13:55:17.381  2616  2616 D GameManagerService: NotifyRunnable. pkg: com.google.android.packageinstaller, type: 4, isMinimized: false, isTunableApp: false
04-17 13:55:17.381  2616  2616 D GameManagerService: unexpected mPrevNotiType: -1
04-17 13:55:17.381  2616  2689 V MARsPolicyManager: updatePackagesScore PackageInfo name -- com.google.android.packageinstaller
04-17 13:55:17.391  2616  5359 D GameManagerService: identifyGamePackage. com.google.android.packageinstaller
04-17 13:55:17.391  2616  5359 D GameManagerService: identifyGamePackage. com.google.android.packageinstaller
04-17 13:55:17.391  2616  2692 W ContextImpl: Calling a method in the system process without a qualified user: android.app.ContextImpl.sendBroadcast:843 com.android.server.policy.PhoneWindowManager.notifyToSSRM:9040 com.android.server.policy.PhoneWindowManager.access$2100:323 com.android.server.policy.PhoneWindowManager$PolicyHandler.handleMessage:1259 android.os.Handler.dispatchMessage:102 
04-17 13:55:17.401  2616  2692 D StatusBarManagerService: manageDisableList userId=0 what=0x0 pkg=Window{4c7c64 u0 d0 p2616 Starting com.huuuge.stars.slots}
04-17 13:55:17.401 29677 29677 D ResourcesManager: For user 0 new overlays fetched Null
04-17 13:55:17.411 29677 29677 D ResourcesManager: For user 0 new overlays fetched Null
04-17 13:55:17.441  2616  2692 V WindowOrientationListener: OrientationSensorJudge.onSensorChanged, Rotation: -1
04-17 13:55:17.521  2616  2727 V WindowManager: Dim Duration=200
04-17 13:55:17.641  2616  2727 D CustomFrequencyManagerService: releaseDVFSLockLocked : Getting Lock type frm List : DVFS_MIN_LIMIT  frequency : 1500000  uid : 1000  pid : 2616  tag : ACTIVITY_RESUME_BOOSTER@3
04-17 13:55:17.641  2616  2689 D CustomFrequencyManagerService: acquireDVFSLockLocked : type : DVFS_MIN_LIMIT  frequency : 1500000  uid : 1000  pid : 2616  pkgName : ACTIVITY_RESUME_BOOSTER@9
04-17 13:55:17.641  2616  2727 D ActivityManager: mDVFSHelper.release()
04-17 13:55:17.641  7702  7702 V ActivityThread: updateVisibility : ActivityRecord{e928cf0 token=android.os.BinderProxy@d409ddb {com.huuuge.stars.slots/com.huuuge.casino.BootActivity}} show : true
04-17 13:55:17.651  3463  3463 V ActivityThread: updateVisibility : ActivityRecord{fdf6ba0 token=android.os.BinderProxy@b5efd36 {com.sec.android.app.launcher/com.sec.android.app.launcher.activities.LauncherActivity}} show : false
04-17 13:55:17.661  2616  3012 D NetworkPolicy: isUidForegroundLocked: 10015, mScreenOn: true, uidstate: 6, mProxSensorScreenOff: false
04-17 13:55:17.701  2616  2616 D CustomFrequencyManagerService: releaseDVFSLockLocked : Getting Lock type frm List : DVFS_MIN_LIMIT  frequency : 1600000  uid : 1000  pid : 2616  tag : ROTATION_BOOSTER@28
04-17 13:55:17.811  2616  2727 V WindowOrientationListener: OrientationSensorJudge.getProposedRotation, Rotation: -1
04-17 13:55:17.811  2616  2727 V WindowManager: rotationForOrientationLw(orient=6, last=1); user=0  sensorRotation=-1 mLidState=-1 mDockMode=0 mHdmiPlugged=false mMobileKeyboardEnabled=false displayId=0
04-17 13:55:17.811  2616  2727 V WindowOrientationListener: OrientationSensorJudge.getProposedRotation, Rotation: -1
04-17 13:55:17.941  2616  2692 V WindowOrientationListener: OrientationSensorJudge.onSensorChanged, Rotation: -1
04-17 13:55:18.241  2616  2616 D CustomFrequencyManagerService: releaseDVFSLockLocked : Getting Lock type frm List : DVFS_MIN_LIMIT  frequency : 1500000  uid : 1000  pid : 2616  tag : ACTIVITY_RESUME_BOOSTER@9
04-17 13:55:18.391  3190  3190 D Recents : onTaskStackChanged
04-17 13:55:19.511  2616  3321 E Watchdog: !@Sync 831 [04-17 13:55:19.528]
04-17 13:55:20.481  2616  2961 V AlarmManager: Expired Alarm result :8
04-17 13:55:20.481  2616  2689 V BroadcastQueue: [background] Process cur broadcast BroadcastRecord{175d8c7 u0 null qIdx=4}, state= (APP_RECEIVE) DELIVERED for app ProcessRecord{b00498e 3727:com.google.android.gms.persistent/u0a15}
04-17 13:55:21.211  2616  2630 D MountService: onExternalStoragePolicyChanged : uid=10635, packageName=com.huuuge.stars.slots
04-17 13:55:21.211  2616  2630 D MountService: getExternalStorageMountMode : 2
04-17 13:55:21.211  2616  2630 D MountService: getExternalStorageMountMode : 3
04-17 13:55:21.211  2616  2630 D MountService: getExternalStorageMountMode : final mountMode=2, uid : 10635, packageName : com.huuuge.stars.slots
04-17 13:55:21.211  2616  2630 D VoldConnector: SND -> {33 volume remount_uid 10635 read}
04-17 13:55:21.211  2181  2426 D VoldCmdListener: volume remount_uid 10635 read
04-17 13:55:21.211  2181  2426 D VoldCmdListener: CommandListener::runCommand() cmd:remount_uid
04-17 13:55:21.341  2616  2974 D VoldConnector: RCV <- {200 33 Command succeeded}
04-17 13:55:21.341  2616  3470 D MountService: onExternalStoragePolicyChanged : uid=10635, packageName=com.huuuge.stars.slots
04-17 13:55:21.341  2616  3470 D MountService: getExternalStorageMountMode : 3
04-17 13:55:21.341  2616  3470 D MountService: getExternalStorageMountMode : 3
04-17 13:55:21.341  2616  3470 D MountService: getExternalStorageMountMode : final mountMode=3, uid : 10635, packageName : com.huuuge.stars.slots
04-17 13:55:21.341  2616  3470 D VoldConnector: SND -> {34 volume remount_uid 10635 write}
04-17 13:55:21.341  2181  2426 D VoldCmdListener: volume remount_uid 10635 write
04-17 13:55:21.341  2181  2426 D VoldCmdListener: CommandListener::runCommand() cmd:remount_uid
04-17 13:55:21.401  2616  2974 D VoldConnector: RCV <- {200 34 Command succeeded}
04-17 13:55:21.411  7702  7770 E ActivityThread: Failed to find provider info for com.facebook.katana.provider.AttributionIdProvider
04-17 13:55:21.411  2616  3461 D CustomFrequencyManagerService: acquireDVFSLockLocked : type : DVFS_MIN_LIMIT  frequency : 1500000  uid : 1000  pid : 2616  pkgName : ACTIVITY_RESUME_BOOSTER@3
04-17 13:55:21.421  2616  3461 D ActivityManager: mDVFSHelper.acquire()
04-17 13:55:21.421  2616  3461 D ActivityManager:  Launching com.huuuge.stars.slots, updated priority
04-17 13:55:21.421  2616  2616 D GameManagerService: NotifyRunnable. pkg: com.huuuge.stars.slots, type: 4, isMinimized: false, isTunableApp: false
04-17 13:55:21.421  2616  2616 D GameManagerService: unexpected mPrevNotiType: -1
04-17 13:55:21.421  2616  2689 V MARsPolicyManager: updatePackagesScore PackageInfo name -- com.huuuge.stars.slots
04-17 13:55:21.421  2616  3130 D PowerManagerService: [api] acquire WakeLock flags=0x1000000a tag=Claw uid=10635 pid=7702
04-17 13:55:21.431  2616  2692 D StatusBarManagerService: manageDisableList userId=0 what=0x0 pkg=Window{7f6b800 u0 d0 p7702 com.huuuge.stars.slots/com.huuuge.casino.BootActivity}
04-17 13:55:21.431  2616  2692 D StatusBarManagerService: manageDisableList userId=0 what=0x0 pkg=Window{7f6b800 u0 d0 p7702 com.huuuge.stars.slots/com.huuuge.casino.BootActivity}
04-17 13:55:21.511  2616  3130 V BackupManagerService: beginRestoreSession: pkg=com.huuuge.stars.slots transport=null
04-17 13:55:21.511  2616  3130 D BackupManagerService: restoring self on current transport; no permission needed
04-17 13:55:21.511  2616  4290 V RestoreSession: restorePackage pkg=com.huuuge.stars.slots obs=android.app.backup.IRestoreObserver$Stub$Proxy@6518253
04-17 13:55:21.511  2616  4290 V RestoreSession: restorePackage pkg=com.huuuge.stars.slots token=0
04-17 13:55:21.511  2616  4290 W RestoreSession: No data available for this package; not restoring
04-17 13:55:21.511  2616  3461 D RestoreSession: endRestoreSession
04-17 13:55:21.511  2616  3043 V BackupManagerService: Clearing restore session and halting timeout
04-17 13:55:21.511  2616  3043 W ContextImpl: Calling a method in the system process without a qualified user: android.app.ContextImpl.sendBroadcast:843 com.android.server.backup.BackupManagerService.warnEdmAdminOperationCompleted:10499 com.android.server.backup.BackupManagerService.clearRestoreSession:9902 com.android.server.backup.BackupManagerService$ActiveRestoreSession$EndRestoreRunnable.run:10239 android.os.Handler.handleCallback:739 
04-17 13:55:21.601  2616  4290 V AlarmManager:  remove PendingIntent] PendingIntent{59bf790: PendingIntentRecord{2367889 com.huuuge.stars.slots broadcastIntent}}
04-17 13:55:21.601  2616  3461 V AlarmManager:  remove PendingIntent] PendingIntent{ce1408e: PendingIntentRecord{967f0af com.huuuge.stars.slots broadcastIntent}}
04-17 13:55:21.601  2616  3406 V AlarmManager:  remove PendingIntent] PendingIntent{2f0fcbc: PendingIntentRecord{3051445 com.huuuge.stars.slots broadcastIntent}}
04-17 13:55:21.601  2616  3127 V AlarmManager:  remove PendingIntent] PendingIntent{7b4d79a: PendingIntentRecord{ccce8cb com.huuuge.stars.slots broadcastIntent}}
04-17 13:55:21.611  2616  3012 D NetworkPolicy: isUidForegroundLocked: 10015, mScreenOn: true, uidstate: 3, mProxSensorScreenOff: false
04-17 13:55:21.611  2616  3468 V AlarmManager:  remove PendingIntent] PendingIntent{63f46a7: PendingIntentRecord{ca22754 com.huuuge.stars.slots broadcastIntent}}
04-17 13:55:21.611  2616  3130 V AlarmManager:  remove PendingIntent] PendingIntent{7fe86fd: PendingIntentRecord{92ebff2 com.huuuge.stars.slots broadcastIntent}}
04-17 13:55:21.611  2616  3118 V AlarmManager:  remove PendingIntent] PendingIntent{e8fa643: PendingIntentRecord{2a464c0 com.huuuge.stars.slots broadcastIntent}}
04-17 13:55:21.751  2616  5359 D GameManagerService: identifyGamePackage. com.huuuge.stars.slots
04-17 13:55:21.751  2616  5359 D GameManagerService: identifyGamePackage. com.huuuge.stars.slots
04-17 13:55:22.251  2616  2961 V AlarmManager: Expired Alarm result :4
04-17 13:55:22.261  2616  3012 D NetworkPolicy: isUidForegroundLocked: 10015, mScreenOn: true, uidstate: 6, mProxSensorScreenOff: false
04-17 13:55:22.361  2616  3013 D WifiP2pService: InactiveState{ what=143375 }
04-17 13:55:22.361  2616  3013 D WifiP2pService: P2pEnabledState{ what=143375 }
04-17 13:55:22.431  3190  3190 D Recents : onTaskStackChanged
04-17 13:55:22.971  2616  3013 D WifiP2pService: InactiveState{ what=143375 }
04-17 13:55:22.971  2616  3013 D WifiP2pService: P2pEnabledState{ what=143375 }
04-17 13:55:22.971  2616  3021 D ConnectivityService: updateCapabilities: oldCap = [ Transports: WIFI Capabilities: INTERNET&NOT_RESTRICTED&TRUSTED&NOT_VPN&VALIDATED LinkUpBandwidth>=1048576Kbps LinkDnBandwidth>=1048576Kbps SignalStrength: -58], newCap = [ Transports: WIFI Capabilities: INTERNET&NOT_RESTRICTED&TRUSTED&NOT_VPN LinkUpBandwidth>=1048576Kbps LinkDnBandwidth>=1048576Kbps SignalStrength: -61]
04-17 13:55:22.971  2616  3021 D ConnectivityService: rematching NetworkAgentInfo [WIFI () - 502]
04-17 13:55:22.971  2616  3021 D ConnectivityService:  network has: NetworkAgentInfo{ ni{[type: WIFI[] - WIFI, state: CONNECTED/CONNECTED, reason: (unspecified), extra: "HuuugeQA", roaming: false, failover: false, isAvailable: true]}  network{502}  lp{{InterfaceName: wlan0 LinkAddresses: [fe80::ee10:7bff:fe27:8a6b/64,192.168.65.182/24,]  Routes: [fe80::/64 -> :: wlan0,192.168.65.0/24 -> 0.0.0.0 wlan0,0.0.0.0/0 -> 192.168.65.254 wlan0,] DnsAddresses: [192.168.65.254,] Domains: huuuge.in MTU: 0 TcpBufferSizes: 524288,1048576,1048576,524288,1048576,4525824}}  nc{[ Transports: WIFI Capabilities: INTERNET&NOT_RESTRICTED&TRUSTED&NOT_VPN&VALIDATED LinkUpBandwidth>=1048576Kbps LinkDnBandwidth>=1048576Kbps SignalStrength: -61]}  Score{60}  everValidated{true}  lastValidated{true}  created{true} lingering{false} explicitlySelected{false} acceptUnvalidated{false} everCaptivePortalDetected{false} lastCaptivePortalDetected{false} }
04-17 13:55:22.971  2616  3021 D ConnectivityService: Network NetworkAgentInfo [WIFI () - 502] was already satisfying request 1. No change.
04-17 13:55:22.971  2616  3021 D ConnectivityService:   checking if request is: NetworkRequest [ id=10, legacyType=-1, [ Capabilities: INTERNET&NOT_RESTRICTED&TRUSTED&NOT_VPN] ] satisfies: true nri.isRequest: false
04-17 13:55:22.971  2616  3021 D ConnectivityService:   checking if request is: NetworkRequest [ id=8, legacyType=-1, [ Capabilities: INTERNET&NOT_RESTRICTED&TRUSTED] ] satisfies: true nri.isRequest: false
04-17 13:55:22.971  2616  3021 D ConnectivityService:   checking if request is: NetworkRequest [ id=5, legacyType=-1, [] ] satisfies: true nri.isRequest: false
04-17 13:55:22.971  2616  3021 D ConnectivityService:   checking if request is: NetworkRequest [ id=4, legacyType=-1, [ Transports: WIFI Capabilities: INTERNET&NOT_RESTRICTED&TRUSTED&NOT_VPN] ] satisfies: true nri.isRequest: false
04-17 13:55:22.971  2616  3021 D ConnectivityService:   checking if request is: NetworkRequest [ id=3, legacyType=-1, [ Transports: CELLULAR Capabilities: INTERNET&NOT_RESTRICTED&TRUSTED&NOT_VPN] ] satisfies: false nri.isRequest: false
04-17 13:55:22.971  2616  3021 D ConnectivityService:   checking if request is: NetworkRequest [ id=11, legacyType=-1, [ Capabilities: INTERNET&NOT_RESTRICTED&TRUSTED] ] satisfies: true nri.isRequest: false
04-17 13:55:22.971  2616  3021 D ConnectivityService: notifyType CAP_CHANGED for NetworkAgentInfo [WIFI () - 502]
04-17 13:55:22.971  2616  3021 D ConnectivityService:  sending notification for NetworkRequest [ id=1, legacyType=-1, [ Capabilities: INTERNET&NOT_RESTRICTED&TRUSTED&NOT_VPN] ]
04-17 13:55:22.971  2616  3021 D ConnectivityService:  sending notification for NetworkRequest [ id=4, legacyType=-1, [ Transports: WIFI Capabilities: INTERNET&NOT_RESTRICTED&TRUSTED&NOT_VPN] ]
04-17 13:55:22.971  2616  3021 D ConnectivityService: sending notification CAP_CHANGED for NetworkRequest [ id=4, legacyType=-1, [ Transports: WIFI Capabilities: INTERNET&NOT_RESTRICTED&TRUSTED&NOT_VPN] ]
04-17 13:55:22.971  2616  3021 D ConnectivityService:  sending notification for NetworkRequest [ id=5, legacyType=-1, [] ]
04-17 13:55:22.971  2616  3021 D ConnectivityService: sending notification CAP_CHANGED for NetworkRequest [ id=5, legacyType=-1, [] ]
04-17 13:55:22.971  2616  3021 D ConnectivityService:  sending notification for NetworkRequest [ id=8, legacyType=-1, [ Capabilities: INTERNET&NOT_RESTRICTED&TRUSTED] ]
04-17 13:55:22.971  2616  3021 D ConnectivityService: sending notification CAP_CHANGED for NetworkRequest [ id=8, legacyType=-1, [ Capabilities: INTERNET&NOT_RESTRICTED&TRUSTED] ]
04-17 13:55:22.971  2616  3021 D ConnectivityService:  sending notification for NetworkRequest [ id=10, legacyType=-1, [ Capabilities: INTERNET&NOT_RESTRICTED&TRUSTED&NOT_VPN] ]
04-17 13:55:22.971  2616  3021 D ConnectivityService: sending notification CAP_CHANGED for NetworkRequest [ id=10, legacyType=-1, [ Capabilities: INTERNET&NOT_RESTRICTED&TRUSTED&NOT_VPN] ]
04-17 13:55:22.971  2616  3021 D ConnectivityService:  sending notification for NetworkRequest [ id=11, legacyType=-1, [ Capabilities: INTERNET&NOT_RESTRICTED&TRUSTED] ]
04-17 13:55:22.971  2616  3021 D ConnectivityService: sending notification CAP_CHANGED for NetworkRequest [ id=11, legacyType=-1, [ Capabilities: INTERNET&NOT_RESTRICTED&TRUSTED] ]
04-17 13:55:24.421  2616  2689 D CustomFrequencyManagerService: releaseDVFSLockLocked : Getting Lock type frm List : DVFS_MIN_LIMIT  frequency : 1500000  uid : 1000  pid : 2616  tag : ACTIVITY_RESUME_BOOSTER@3
04-17 13:55:24.421  2616  2689 D ActivityManager: mDVFSHelper.release()
04-17 13:55:24.421  2616  2689 D CustomFrequencyManagerService: acquireDVFSLockLocked : type : DVFS_MIN_LIMIT  frequency : 1500000  uid : 1000  pid : 2616  pkgName : ACTIVITY_RESUME_BOOSTER@9
04-17 13:55:25.021  2616  2616 D CustomFrequencyManagerService: releaseDVFSLockLocked : Getting Lock type frm List : DVFS_MIN_LIMIT  frequency : 1500000  uid : 1000  pid : 2616  tag : ACTIVITY_RESUME_BOOSTER@9
04-17 13:55:25.501  2616  3021 D ConnectivityService: updateCapabilities: oldCap = [ Transports: WIFI Capabilities: INTERNET&NOT_RESTRICTED&TRUSTED&NOT_VPN&VALIDATED LinkUpBandwidth>=1048576Kbps LinkDnBandwidth>=1048576Kbps SignalStrength: -61], newCap = [ Transports: WIFI Capabilities: INTERNET&NOT_RESTRICTED&TRUSTED&NOT_VPN LinkUpBandwidth>=1048576Kbps LinkDnBandwidth>=1048576Kbps SignalStrength: -59]
04-17 13:55:25.501  2616  3021 D ConnectivityService: rematching NetworkAgentInfo [WIFI () - 502]
04-17 13:55:25.501  2616  3021 D ConnectivityService:  network has: NetworkAgentInfo{ ni{[type: WIFI[] - WIFI, state: CONNECTED/CONNECTED, reason: (unspecified), extra: "HuuugeQA", roaming: false, failover: false, isAvailable: true]}  network{502}  lp{{InterfaceName: wlan0 LinkAddresses: [fe80::ee10:7bff:fe27:8a6b/64,192.168.65.182/24,]  Routes: [fe80::/64 -> :: wlan0,192.168.65.0/24 -> 0.0.0.0 wlan0,0.0.0.0/0 -> 192.168.65.254 wlan0,] DnsAddresses: [192.168.65.254,] Domains: huuuge.in MTU: 0 TcpBufferSizes: 524288,1048576,1048576,524288,1048576,4525824}}  nc{[ Transports: WIFI Capabilities: INTERNET&NOT_RESTRICTED&TRUSTED&NOT_VPN&VALIDATED LinkUpBandwidth>=1048576Kbps LinkDnBandwidth>=1048576Kbps SignalStrength: -59]}  Score{60}  everValidated{true}  lastValidated{true}  created{true} lingering{false} explicitlySelected{false} acceptUnvalidated{false} everCaptivePortalDetected{false} lastCaptivePortalDetected{false} }
04-17 13:55:25.501  2616  3021 D ConnectivityService: Network NetworkAgentInfo [WIFI () - 502] was already satisfying request 1. No change.
04-17 13:55:25.501  2616  3021 D ConnectivityService:   checking if request is: NetworkRequest [ id=10, legacyType=-1, [ Capabilities: INTERNET&NOT_RESTRICTED&TRUSTED&NOT_VPN] ] satisfies: true nri.isRequest: false
04-17 13:55:25.501  2616  3021 D ConnectivityService:   checking if request is: NetworkRequest [ id=8, legacyType=-1, [ Capabilities: INTERNET&NOT_RESTRICTED&TRUSTED] ] satisfies: true nri.isRequest: false
04-17 13:55:25.501  2616  3021 D ConnectivityService:   checking if request is: NetworkRequest [ id=5, legacyType=-1, [] ] satisfies: true nri.isRequest: false
04-17 13:55:25.501  2616  3021 D ConnectivityService:   checking if request is: NetworkRequest [ id=4, legacyType=-1, [ Transports: WIFI Capabilities: INTERNET&NOT_RESTRICTED&TRUSTED&NOT_VPN] ] satisfies: true nri.isRequest: false
04-17 13:55:25.501  2616  3021 D ConnectivityService:   checking if request is: NetworkRequest [ id=3, legacyType=-1, [ Transports: CELLULAR Capabilities: INTERNET&NOT_RESTRICTED&TRUSTED&NOT_VPN] ] satisfies: false nri.isRequest: false
04-17 13:55:25.501  2616  3021 D ConnectivityService:   checking if request is: NetworkRequest [ id=11, legacyType=-1, [ Capabilities: INTERNET&NOT_RESTRICTED&TRUSTED] ] satisfies: true nri.isRequest: false
04-17 13:55:25.501  2616  3021 D ConnectivityService: notifyType CAP_CHANGED for NetworkAgentInfo [WIFI () - 502]
04-17 13:55:25.501  2616  3021 D ConnectivityService:  sending notification for NetworkRequest [ id=1, legacyType=-1, [ Capabilities: INTERNET&NOT_RESTRICTED&TRUSTED&NOT_VPN] ]
04-17 13:55:25.501  2616  3021 D ConnectivityService:  sending notification for NetworkRequest [ id=4, legacyType=-1, [ Transports: WIFI Capabilities: INTERNET&NOT_RESTRICTED&TRUSTED&NOT_VPN] ]
04-17 13:55:25.501  2616  3021 D ConnectivityService: sending notification CAP_CHANGED for NetworkRequest [ id=4, legacyType=-1, [ Transports: WIFI Capabilities: INTERNET&NOT_RESTRICTED&TRUSTED&NOT_VPN] ]
04-17 13:55:25.501  2616  3021 D ConnectivityService:  sending notification for NetworkRequest [ id=5, legacyType=-1, [] ]
04-17 13:55:25.501  2616  3021 D ConnectivityService: sending notification CAP_CHANGED for NetworkRequest [ id=5, legacyType=-1, [] ]
04-17 13:55:25.511  2616  3021 D ConnectivityService:  sending notification for NetworkRequest [ id=8, legacyType=-1, [ Capabilities: INTERNET&NOT_RESTRICTED&TRUSTED] ]
04-17 13:55:25.511  2616  3021 D ConnectivityService: sending notification CAP_CHANGED for NetworkRequest [ id=8, legacyType=-1, [ Capabilities: INTERNET&NOT_RESTRICTED&TRUSTED] ]
04-17 13:55:25.511  2616  3021 D ConnectivityService:  sending notification for NetworkRequest [ id=10, legacyType=-1, [ Capabilities: INTERNET&NOT_RESTRICTED&TRUSTED&NOT_VPN] ]
04-17 13:55:25.511  2616  3021 D ConnectivityService: sending notification CAP_CHANGED for NetworkRequest [ id=10, legacyType=-1, [ Capabilities: INTERNET&NOT_RESTRICTED&TRUSTED&NOT_VPN] ]
04-17 13:55:25.511  2616  3021 D ConnectivityService:  sending notification for NetworkRequest [ id=11, legacyType=-1, [ Capabilities: INTERNET&NOT_RESTRICTED&TRUSTED] ]
04-17 13:55:25.511  2616  3021 D ConnectivityService: sending notification CAP_CHANGED for NetworkRequest [ id=11, legacyType=-1, [ Capabilities: INTERNET&NOT_RESTRICTED&TRUSTED] ]
04-17 13:55:26.161  2616  3012 D NetworkPolicy: isUidForegroundLocked: 10015, mScreenOn: true, uidstate: 3, mProxSensorScreenOff: false
04-17 13:55:26.271  2616  3406 D ConnectivityService: returning getNetworkInfo for network type 1 : [type: WIFI[] - WIFI, state: CONNECTED/CONNECTED, reason: (unspecified), extra: "HuuugeQA", roaming: false, failover: false, isAvailable: true]
04-17 13:55:26.271  2616  3573 D ConnectivityService: returning getNetworkInfo for network type 0 : [type: MOBILE[] - MOBILE, state: DISCONNECTED/DISCONNECTED, reason: (unspecified), extra: (none), roaming: false, failover: false, isAvailable: true]
04-17 13:55:26.301  2616  3127 D BatteryService: !@BatteryListener : batteryPropertiesChanged!
04-17 13:55:26.301  2616  3127 D BatteryService: level:76, scale:100, status:2, health:2, present:true, voltage: 3851, temperature: 359, technology: Li-ion, AC powered:false, USB powered:true, POGO powered:false, Wireless powered:false, icon:17303500, invalid charger:0, maxChargingCurrent:0
04-17 13:55:26.301  2616  3127 D BatteryService: online:6, current avg:-505, charge type:1, power sharing:false, high voltage charger:false, capacity:280000, batterySWSelfDischarging:false, current_now:-795
04-17 13:55:26.301  2616  2616 D BatteryService: Sending ACTION_BATTERY_CHANGED.
04-17 13:55:26.301  2616  2616 I MotionRecognitionService: Plugged
04-17 13:55:26.301  2616  2616 D MotionRecognitionService:   cableConnection= 1
04-17 13:55:26.301  2616  2616 D MotionRecognitionService: setPowerConnected | current backoff  = 1024 , state =1024
04-17 13:55:26.301  2616  2616 D MotionRecognitionService: skip setTransmitPower. 
04-17 13:55:26.301  2616  2616 D GameManagerService: new battery level: 76
04-17 13:55:26.301  2616  2616 D GameManagerService: before send intent to GameIntentService
04-17 13:55:26.301  3088  3088 D PowerUI : priorPlugType = 2 mPlugType =  2
04-17 13:55:26.301  3088  3088 D PowerUI.Notification: Charging remaining time is not supported and connected cable is not a fast/slow charger, so return!
04-17 13:55:26.311  2616  2616 D GameManagerService: after send intent to GameIntentService. componentName:ComponentInfo{com.enhance.gameservice/com.enhance.gameservice.GameIntentService}
04-17 13:55:26.311  2616  3012 D NetworkPolicy: isUidForegroundLocked: 10015, mScreenOn: true, uidstate: 6, mProxSensorScreenOff: false
04-17 13:55:26.331  3088  3088 D BatteryMeterView: ACTION_BATTERY_CHANGED : level:76 status:2 health:2
04-17 13:55:26.331  3088  3088 D BatteryMeterView: ACTION_BATTERY_CHANGED : level:76 status:2 health:2
04-17 13:55:26.391  2616  5359 D SSRM:w  : SIOP:: AP = 510, PST = 466 (W:10), CUR = -557, LCD = 24
04-17 13:55:26.391  2616  5359 D ConnectivityService: returning getNetworkInfo for network type 1 : [type: WIFI[] - WIFI, state: CONNECTED/CONNECTED, reason: (unspecified), extra: "HuuugeQA", roaming: false, failover: false, isAvailable: true]
04-17 13:55:26.431  2616  3012 D NetworkPolicy: isUidForegroundLocked: 10015, mScreenOn: true, uidstate: 3, mProxSensorScreenOff: false
04-17 13:55:26.451  7702  7914 E ActivityThread: Failed to find provider info for com.facebook.katana.provider.AttributionIdProvider
--------- beginning of main
04-17 13:55:26.681  7702  7916 I Claw    : [0m[      10.054] jni/../jni/src/claw/vfs/posix/PosixFile.cpp:215: stat() failed for: /storage/emulated/0/Android/data/com.huuuge.stars.slots/files//assetcache/atlas_slots_peter_pan_2_etc2.pak
04-17 13:55:26.681  7702  7916 I Claw    : [0m[      10.054] /home/jenkins/workspace/huuuge-stars/client-dev/hs-android/src/casino/DefaultDownloadManager.cpp:170: Pak md5 mismatch: zh_atlas_slots_multiple_classic_1_etc2.pak
04-17 13:55:26.681  7702  7916 I Claw    : [0m[      10.054] jni/../jni/src/claw/vfs/posix/PosixFile.cpp:215: stat() failed for: /storage/emulated/0/Android/data/com.huuuge.stars.slots/files//assetcache/zh_atlas_slots_multiple_classic_1_etc2.pak.meta
04-17 13:55:26.681  7702  7916 I Claw    : [0m[      10.054] jni/../jni/src/claw/vfs/posix/PosixFile.cpp:215: stat() failed for: /storage/emulated/0/Android/data/com.huuuge.stars.slots/files//assetcache/zh_atlas_slots_multiple_classic_1_etc2.pak
04-17 13:55:26.681  7702  7916 I Claw    : [0m[      10.054] /home/jenkins/workspace/huuuge-stars/client-dev/hs-android/src/casino/DefaultDownloadManager.cpp:170: Pak md5 mismatch: zh_atlas_slots_dorothys_adventure_1_etc2.pak
04-17 13:55:26.681  7702  7916 I Claw    : [0m[      10.055] jni/../jni/src/claw/vfs/posix/PosixFile.cpp:215: stat() failed for: /storage/emulated/0/Android/data/com.huuuge.stars.slots/files//assetcache/zh_atlas_slots_dorothys_adventure_1_etc2.pak.meta
04-17 13:55:26.681  7702  7916 I Claw    : [0m[      10.055] jni/../jni/src/claw/vfs/posix/PosixFile.cpp:215: stat() failed for: /storage/emulated/0/Android/data/com.huuuge.stars.slots/files//assetcache/zh_atlas_slots_dorothys_adventure_1_etc2.pak
04-17 13:55:26.681  7702  7916 I Claw    : [0m[      10.055] /home/jenkins/workspace/huuuge-stars/client-dev/hs-android/src/casino/DefaultDownloadManager.cpp:170: Pak md5 mismatch: zh_atlas_slots_dorothys_adventure_0_etc2.pak
04-17 13:55:26.681  7702  7916 I Claw    : [0m[      10.056] jni/../jni/src/claw/vfs/posix/PosixFile.cpp:215: stat() failed for: /storage/emulated/0/Android/data/com.huuuge.stars.slots/files//assetcache/zh_atlas_slots_dorothys_adventure_0_etc2.pak.meta
04-17 13:55:26.681  7702  7916 I Claw    : [0m[      10.056] jni/../jni/src/claw/vfs/posix/PosixFile.cpp:215: stat() failed for: /storage/emulated/0/Android/data/com.huuuge.stars.slots/files//assetcache/zh_atlas_slots_dorothys_adventure_0_etc2.pak
04-17 13:55:26.681  7702  7916 I Claw    : [0m[      10.056] /home/jenkins/workspace/huuuge-stars/client-dev/hs-android/src/casino/DefaultDownloadManager.cpp:170: Pak md5 mismatch: zh_atlas_pachislo_common_0_etc2.pak
04-17 13:55:26.681  7702  7916 I Claw    : [0m[      10.057] jni/../jni/src/claw/vfs/posix/PosixFile.cpp:215: stat() failed for: /storage/emulated/0/Android/data/com.huuuge.stars.slots/files//assetcache/zh_atlas_pachislo_common_0_etc2.pak.meta
04-17 13:55:26.681  7702  7916 I Claw    : [0m[      10.057] jni/../jni/src/claw/vfs/posix/PosixFile.cpp:215: stat() failed for: /storage/emulated/0/Android/data/com.huuuge.stars.slots/files//assetcache/zh_atlas_pachislo_common_0_etc2.pak
04-17 13:55:26.681  7702  7916 I Claw    : [0m[      10.057] /home/jenkins/workspace/huuuge-stars/client-dev/hs-android/src/casino/DefaultDownloadManager.cpp:170: Pak md5 mismatch: zh_atlas_slots_classic_diamonds_1_etc2.pak
04-17 13:55:26.681  7702  7916 I Claw    : [0m[      10.058] jni/../jni/src/claw/vfs/posix/PosixFile.cpp:215: stat() failed for: /storage/emulated/0/Android/data/com.huuuge.stars.slots/files//assetcache/zh_atlas_slots_classic_diamonds_1_etc2.pak.meta
04-17 13:55:26.681  7702  7916 I Claw    : [0m[      10.058] jni/../jni/src/claw/vfs/posix/PosixFile.cpp:215: stat() failed for: /storage/emulated/0/Android/data/com.huuuge.stars.slots/files//assetcache/zh_atlas_slots_classic_diamonds_1_etc2.pak
04-17 13:55:26.681  7702  7916 I Claw    : [0m[      10.058] /home/jenkins/workspace/huuuge-stars/client-dev/hs-android/src/casino/DefaultDownloadManager.cpp:170: Pak md5 mismatch: zh_atlas_slots_classic_diamonds_0_etc2.pak
04-17 13:55:26.681  7702  7916 I Claw    : [0m[      10.058] jni/../jni/src/claw/vfs/posix/PosixFile.cpp:215: stat() failed for: /storage/emulated/0/Android/data/com.huuuge.stars.slots/files//assetcache/zh_atlas_slots_classic_diamonds_0_etc2.pak.meta
04-17 13:55:26.681  7702  7916 I Claw    : [0m[      10.059] jni/../jni/src/claw/vfs/posix/PosixFile.cpp:215: stat() failed for: /storage/emulated/0/Android/data/com.huuuge.stars.slots/files//assetcache/zh_atlas_slots_classic_diamonds_0_etc2.pak
04-17 13:55:26.681  7702  7916 I Claw    : [0m[      10.059] /home/jenkins/workspace/huuuge-stars/client-dev/hs-android/src/casino/DefaultDownloadManager.cpp:170: Pak md5 mismatch: zh_atlas_pachislo_azteca_0_etc2.pak
04-17 13:55:26.681  7702  7916 I Claw    : [0m[      10.059] jni/../jni/src/claw/vfs/posix/PosixFile.cpp:215: stat() failed for: /storage/emulated/0/Android/data/com.huuuge.stars.slots/files//assetcache/zh_atlas_pachislo_azteca_0_etc2.pak.meta
04-17 13:55:26.681  7702  7916 I Claw    : [0m[      10.059] jni/../jni/src/claw/vfs/posix/PosixFile.cpp:215: stat() failed for: /storage/emulated/0/Android/data/com.huuuge.stars.slots/files//assetcache/zh_atlas_pachislo_azteca_0_etc2.pak
04-17 13:55:26.681  7702  7916 I Claw    : [0m[      10.059] /home/jenkins/workspace/huuuge-stars/client-dev/hs-android/src/casino/DefaultDownloadManager.cpp:170: Pak md5 mismatch: zh_atlas_slots_agent_777_1_etc2.pak
04-17 13:55:26.681  7702  7916 I Claw    : [0m[       10.06] jni/../jni/src/claw/vfs/posix/PosixFile.cpp:215: stat() failed for: /storage/emulated/0/Android/data/com.huuuge.stars.slots/files//assetcache/zh_atlas_slots_agent_777_1_etc2.pak.meta
04-17 13:55:26.681  7702  7916 I Claw    : [0m[       10.06] jni/../jni/src/claw/vfs/posix/PosixFile.cpp:215: stat() failed for: /storage/emulated/0/Android/data/com.huuuge.stars.slots/files//assetcache/zh_atlas_slots_agent_777_1_etc2.pak
04-17 13:55:26.681  7702  7916 I Claw    : [0m[       10.06] /home/jenkins/workspace/huuuge-stars/client-dev/hs-android/src/casino/DefaultDownloadManager.cpp:170: Pak md5 mismatch: menu_background_0_etc2.pak
04-17 13:55:26.681  7702  7916 I Claw    : [0m[      10.061] jni/../jni/src/claw/vfs/posix/PosixFile.cpp:215: stat() failed for: /storage/emulated/0/Android/data/com.huuuge.stars.slots/files//assetcache/menu_background_0_etc2.pak.meta
04-17 13:55:26.681  7702  7916 I Claw    : [0m[      10.061] jni/../jni/src/claw/vfs/posix/PosixFile.cpp:215: stat() failed for: /storage/emulated/0/Android/data/com.huuuge.stars.slots/files//assetcache/menu_background_0_etc2.pak
04-17 13:55:26.681  7702  7916 I Claw    : [0m[      10.061] /home/jenkins/workspace/huuuge-stars/client-dev/hs-android/src/casino/DefaultDownloadManager.cpp:170: Pak md5 mismatch: zh_atlas_sku_hc_2_etc2.pak
04-17 13:55:26.681  7702  7916 I Claw    : [0m[      10.062] jni/../jni/src/claw/vfs/posix/PosixFile.cpp:215: stat() failed for: /storage/emulated/0/Android/data/com.huuuge.stars.slots/files//assetcache/zh_atlas_sku_hc_2_etc2.pak.meta
04-17 13:55:26.691  7702  7916 I Claw    : [0m[      10.062] jni/../jni/src/claw/vfs/posix/PosixFile.cpp:215: stat() failed for: /storage/emulated/0/Android/data/com.huuuge.stars.slots/files//assetcache/zh_atlas_sku_hc_2_etc2.pak
04-17 13:55:26.691  7702  7916 I Claw    : [0m[      10.063] /home/jenkins/workspace/huuuge-stars/client-dev/hs-android/src/casino/DefaultDownloadManager.cpp:170: Pak md5 mismatch: zh_atlas_promo_2_etc2.pak
04-17 13:55:26.691  7702  7916 I Claw    : [0m[      10.063] jni/../jni/src/claw/vfs/posix/PosixFile.cpp:215: stat() failed for: /storage/emulated/0/Android/data/com.huuuge.stars.slots/files//assetcache/zh_atlas_promo_2_etc2.pak.meta
04-17 13:55:26.691  7702  7916 I Claw    : [0m[      10.064] jni/../jni/src/claw/vfs/posix/PosixFile.cpp:215: stat() failed for: /storage/emulated/0/Android/data/com.huuuge.stars.slots/files//assetcache/zh_atlas_promo_2_etc2.pak
04-17 13:55:26.691  7702  7916 I Claw    : [0m[      10.064] /home/jenkins/workspace/huuuge-stars/client-dev/hs-android/src/casino/DefaultDownloadManager.cpp:170: Pak md5 mismatch: slots_greek_god_background_2_etc2.pak
04-17 13:55:26.691  7702  7916 I Claw    : [0m[      10.064] jni/../jni/src/claw/vfs/posix/PosixFile.cpp:215: stat() failed for: /storage/emulated/0/Android/data/com.huuuge.stars.slots/files//assetcache/slots_greek_god_background_2_etc2.pak.meta
04-17 13:55:26.691  7702  7916 I Claw    : [0m[      10.064] jni/../jni/src/claw/vfs/posix/PosixFile.cpp:215: stat() failed for: /storage/emulated/0/Android/data/com.huuuge.stars.slots/files//assetcache/slots_greek_god_background_2_etc2.pak
04-17 13:55:26.691  7702  7916 I Claw    : [0m[      10.064] /home/jenkins/workspace/huuuge-stars/client-dev/hs-android/src/casino/DefaultDownloadManager.cpp:170: Pak md5 mismatch: zh_atlas_promo_1_etc2.pak
04-17 13:55:26.691  7702  7916 I Claw    : [0m[      10.065] jni/../jni/src/claw/vfs/posix/PosixFile.cpp:215: stat() failed for: /storage/emulated/0/Android/data/com.huuuge.stars.slots/files//assetcache/zh_atlas_promo_1_etc2.pak.meta
04-17 13:55:26.691  7702  7916 I Claw    : [0m[      10.065] jni/../jni/src/claw/vfs/posix/PosixFile.cpp:215: stat() failed for: /storage/emulated/0/Android/data/com.huuuge.stars.slots/files//assetcache/zh_atlas_promo_1_etc2.pak
04-17 13:55:26.691  7702  7916 I Claw    : [0m[      10.065] /home/jenkins/workspace/huuuge-stars/client-dev/hs-android/src/casino/DefaultDownloadManager.cpp:170: Pak md5 mismatch: zh_atlas_pachislo_juggler_2_etc2.pak
04-17 13:55:26.691  7702  7916 I Claw    : [0m[      10.066] jni/../jni/src/claw/vfs/posix/PosixFile.cpp:215: stat() failed for: /storage/emulated/0/Android/data/com.huuuge.stars.slots/files//assetcache/zh_atlas_pachislo_juggler_2_etc2.pak.meta
04-17 13:55:26.691  7702  7916 I Claw    : [0m[      10.066] jni/../jni/src/claw/vfs/posix/PosixFile.cpp:215: stat() failed for: /storage/emulated/0/Android/data/com.huuuge.stars.slots/files//assetcache/zh_atlas_pachislo_juggler_2_etc2.pak
04-17 13:55:26.691  7702  7916 I Claw    : [0m[      10.066] /home/jenkins/workspace/huuuge-stars/client-dev/hs-android/src/casino/DefaultDownloadManager.cpp:170: Pak md5 mismatch: zh_atlas_pachislo_juggler_1_etc2.pak
04-17 13:55:26.691  7702  7916 I Claw    : [0m[      10.067] jni/../jni/src/claw/vfs/posix/PosixFile.cpp:215: stat() failed for: /storage/emulated/0/Android/data/com.huuuge.stars.slots/files//assetcache/zh_atlas_pachislo_juggler_1_etc2.pak.meta
04-17 13:55:26.691  7702  7916 I Claw    : [0m[      10.067] jni/../jni/src/claw/vfs/posix/PosixFile.cpp:215: stat() failed for: /storage/emulated/0/Android/data/com.huuuge.stars.slots/files//assetcache/zh_atlas_pachislo_juggler_1_etc2.pak
04-17 13:55:26.691  7702  7916 I Claw    : [0m[      10.067] /home/jenkins/workspace/huuuge-stars/client-dev/hs-android/src/casino/DefaultDownloadManager.cpp:170: Pak md5 mismatch: atlas_slots_poodles_1_etc2.pak
04-17 13:55:26.691  7702  7916 I Claw    : [0m[      10.068] jni/../jni/src/claw/vfs/posix/PosixFile.cpp:215: stat() failed for: /storage/emulated/0/Android/data/com.huuuge.stars.slots/files//assetcache/atlas_slots_poodles_1_etc2.pak.meta
04-17 13:55:26.691  7702  7916 I Claw    : [0m[      10.068] jni/../jni/src/claw/vfs/posix/PosixFile.cpp:215: stat() failed for: /storage/emulated/0/Android/data/com.huuuge.stars.slots/files//assetcache/atlas_slots_poodles_1_etc2.pak
04-17 13:55:26.691  7702  7916 I Claw    : [0m[      10.068] /home/jenkins/workspace/huuuge-stars/client-dev/hs-android/src/casino/DefaultDownloadManager.cpp:170: Pak md5 mismatch: slots_quintuple_magic_background_1_etc2.pak
04-17 13:55:26.691  7702  7916 I Claw    : [0m[      10.069] jni/../jni/src/claw/vfs/posix/PosixFile.cpp:215: stat() failed for: /storage/emulated/0/Android/data/com.huuuge.stars.slots/files//assetcache/slots_quintuple_magic_background_1_etc2.pak.meta
04-17 13:55:26.691  7702  7916 I Claw    : [0m[      10.069] jni/../jni/src/claw/vfs/posix/PosixFile.cpp:215: stat() failed for: /storage/emulated/0/Android/data/com.huuuge.stars.slots/files//assetcache/slots_quintuple_magic_background_1_etc2.pak
04-17 13:55:26.691  7702  7916 I Claw    : [0m[      10.069] /home/jenkins/workspace/huuuge-stars/client-dev/hs-android/src/casino/DefaultDownloadManager.cpp:170: Pak md5 mismatch: zh_atlas_pachislo_hanabi_2_etc2.pak
04-17 13:55:26.691  7702  7916 I Claw    : [0m[       10.07] jni/../jni/src/claw/vfs/posix/PosixFile.cpp:215: stat() failed for: /storage/emulated/0/Android/data/com.huuuge.stars.slots/files//assetcache/zh_atlas_pachislo_hanabi_2_etc2.pak.meta
04-17 13:55:26.691  7702  7916 I Claw    : [0m[       10.07] jni/../jni/src/claw/vfs/posix/PosixFile.cpp:215: stat() failed for: /storage/emulated/0/Android/data/com.huuuge.stars.slots/files//assetcache/zh_atlas_pachislo_hanabi_2_etc2.pak
04-17 13:55:26.691  7702  7916 I Claw    : [0m[       10.07] /home/jenkins/workspace/huuuge-stars/client-dev/hs-android/src/casino/DefaultDownloadManager.cpp:170: Pak md5 mismatch: zh_atlas_pachislo_hanabi_1_etc2.pak
04-17 13:55:26.691  7702  7916 I Claw    : [0m[       10.07] jni/../jni/src/claw/vfs/posix/PosixFile.cpp:215: stat() failed for: /storage/emulated/0/Android/data/com.huuuge.stars.slots/files//assetcache/zh_atlas_pachislo_hanabi_1_etc2.pak.meta
04-17 13:55:26.691  7702  7916 I Claw    : [0m[      10.071] jni/../jni/src/claw/vfs/posix/PosixFile.cpp:215: stat() failed for: /storage/emulated/0/Android/data/com.huuuge.stars.slots/files//assetcache/zh_atlas_pachislo_hanabi_1_etc2.pak
04-17 13:55:26.691  7702  7916 I Claw    : [0m[      10.071] /home/jenkins/workspace/huuuge-stars/client-dev/hs-android/src/casino/DefaultDownloadManager.cpp:170: Pak md5 mismatch: zh-TW_sound_vo.pak
04-17 13:55:26.691  7702  7916 I Claw    : [0m[      10.072] jni/../jni/src/claw/vfs/posix/PosixFile.cpp:215: stat() failed for: /storage/emulated/0/Android/data/com.huuuge.stars.slots/files//assetcache/zh-TW_sound_vo.pak.meta
04-17 13:55:26.691  7702  7916 I Claw    : [0m[      10.072] jni/../jni/src/claw/vfs/posix/PosixFile.cpp:215: stat() failed for: /storage/emulated/0/Android/data/com.huuuge.stars.slots/files//assetcache/zh-TW_sound_vo.pak
04-17 13:55:26.691  7702  7916 I Claw    : [0m[      10.072] /home/jenkins/workspace/huuuge-stars/client-dev/hs-android/src/casino/DefaultDownloadManager.cpp:170: Pak md5 mismatch: zh_atlas_pachislo_common_1_etc2.pak
04-17 13:55:26.701  7702  7916 I Claw    : [0m[      10.073] jni/../jni/src/claw/vfs/posix/PosixFile.cpp:215: stat() failed for: /storage/emulated/0/Android/data/com.huuuge.stars.slots/files//assetcache/zh_atlas_pachislo_common_1_etc2.pak.meta
04-17 13:55:26.701  7702  7916 I Claw    : [0m[      10.073] jni/../jni/src/claw/vfs/posix/PosixFile.cpp:215: stat() failed for: /storage/emulated/0/Android/data/com.huuuge.stars.slots/files//assetcache/zh_atlas_pachislo_common_1_etc2.pak
04-17 13:55:26.701  7702  7916 I Claw    : [0m[      10.073] /home/jenkins/workspace/huuuge-stars/client-dev/hs-android/src/casino/DefaultDownloadManager.cpp:170: Pak md5 mismatch: zh_atlas_pachislo_azteca_1_etc2.pak
