adb server version (39) doesn't match this client (36); killing...
* daemon started successfully *
--------- beginning of system
04-23 11:50:54.729  2612  2612 D ResourcesManager: For user 0 new overlays fetched Null
04-23 11:50:54.729  2612  2679 D ResourcesManager: For user 0 new overlays fetched Null
04-23 11:50:54.729  2612  2679 D ResourcesManager: For user 0 new overlays fetched Null
04-23 11:50:54.729  2612  2612 D ResourcesManager: For user 0 new overlays fetched Null
04-23 11:50:54.729  2612  2679 D ResourcesManager: For user 0 new overlays fetched Null
04-23 11:50:54.739  2612  2679 D ResourcesManager: For user 0 new overlays fetched Null
04-23 11:50:54.739  2612  2612 D ResourcesManager: For user 0 new overlays fetched Null
04-23 11:50:54.739  2612  2679 D ResourcesManager: For user 0 new overlays fetched Null
04-23 11:50:54.749  2612  2612 D ResourcesManager: For user 0 new overlays fetched Null
04-23 11:50:54.749  2612  2679 D ResourcesManager: For user 0 new overlays fetched Null
04-23 11:50:54.749  2612  2612 D ResourcesManager: For user 0 new overlays fetched Null
04-23 11:50:54.749  2612  2679 D ResourcesManager: For user 0 new overlays fetched Null
04-23 11:50:54.759  2612  2612 D ResourcesManager: For user 0 new overlays fetched Null
04-23 11:50:54.759  2612  2679 D ResourcesManager: For user 0 new overlays fetched Null
04-23 11:50:54.769  2612  2679 D ResourcesManager: For user 0 new overlays fetched Null
04-23 11:50:54.769  2612  2612 D ResourcesManager: For user 0 new overlays fetched Null
04-23 11:50:54.769  2612  2679 D ResourcesManager: For user 0 new overlays fetched Null
04-23 11:50:54.779  2612  2679 D ResourcesManager: For user 0 new overlays fetched Null
04-23 11:50:54.779  2612  2679 D ResourcesManager: For user 0 new overlays fetched Null
04-23 11:50:54.799  2612  3270 I ActivityManager: Process com.samsung.aasaservice (pid 20354)(adj 0) has died(200,630)
04-23 11:50:54.799  2612  3270 D ActivityManager: cleanUpApplicationRecord -- 20354
04-23 11:50:54.799  2612  3270 D ActivityManager: isAutoRunBlockedApp:: com.samsung.aasaservice, Auto Run ON
04-23 11:50:54.859  2612  2685 D MountService: getExternalStorageMountMode : 1
04-23 11:50:54.859  2612  2685 D MountService: getExternalStorageMountMode : 3
04-23 11:50:54.859  2612  2685 D MountService: getExternalStorageMountMode : final mountMode=1, uid : 1000, packageName : com.samsung.android.bbc.bbcagent
04-23 11:50:54.869  2612  2679 D ResourcesManager: For user 0 new overlays fetched Null
04-23 11:50:54.869 20376 20376 I libpersona: KNOX_SDCARD checking this for 1000
04-23 11:50:54.869 20376 20376 I libpersona: KNOX_SDCARD not a persona
04-23 11:50:54.879  2612  2685 I ActivityManager: Start proc 20376:com.samsung.android.bbc.bbcagent/1000 for broadcast-3 com.samsung.android.bbc.bbcagent/.bbccontroller.receiver.PackageEventReceiver
04-23 11:50:54.879  2612  2679 D ResourcesManager: For user 0 new overlays fetched Null
04-23 11:50:54.879  2612  2679 D ResourcesManager: For user 0 new overlays fetched Null
04-23 11:50:54.889  2612  2679 D ResourcesManager: For user 0 new overlays fetched Null
04-23 11:50:54.899  2612  2626 V BroadcastQueue: [background] Process cur broadcast BroadcastRecord{e4c45ef u0 android.intent.action.PACKAGE_ADDED qIdx=4}, state= (APP_RECEIVE) DELIVERED for app ProcessRecord{3b68820 20376:com.samsung.android.bbc.bbcagent/1000}
04-23 11:50:54.909  2612  2612 D AccessibilityManagerService: checkUniversalSwitchState start:
04-23 11:50:54.909  2612  2612 D AccessibilityManagerService: checkUniversalSwitchState universalSwitchEnabled:false
04-23 11:50:54.909  2612  2612 D AccessibilityManagerService: updateInputFilter universalSwitchState:false
04-23 11:50:54.909  2612  2612 D AccessibilityManagerService: updateInputFilter userState.mIsUniversalSwitchEnabled:false
04-23 11:50:54.909  2612  2719 D MountService: getExternalStorageMountMode : 1
04-23 11:50:54.909  2612  2719 D MountService: getExternalStorageMountMode : 3
04-23 11:50:54.909  2612  2719 D MountService: getExternalStorageMountMode : final mountMode=1, uid : 1000, packageName : com.samsung.android.sm.provider
04-23 11:50:54.909  2612  2612 V AlarmManagerEXT: com.huuuge.stars.slots(10693) is added to mUserAppList
04-23 11:50:54.909 20376 20376 D ResourcesManager: For user 0 new overlays fetched Null
04-23 11:50:54.909 20389 20389 I libpersona: KNOX_SDCARD checking this for 1000
04-23 11:50:54.909 20389 20389 I libpersona: KNOX_SDCARD not a persona
04-23 11:50:54.919  2612  2719 I ActivityManager: Start proc 20389:com.samsung.android.sm.provider/1000 for content provider com.samsung.android.sm.provider/com.samsung.android.sm.database.SmProvider
04-23 11:50:54.919  2612  2679 D ResourcesManager: For user 0 new overlays fetched Null
04-23 11:50:54.929  2612  2679 D ResourcesManager: For user 0 new overlays fetched Null
04-23 11:50:54.929 20376 20376 D ContextRelationManager: ContextRelationManager() : FEATURE_ENABLED=true
04-23 11:50:54.949  3470  3596 D ResourcesManager: For user 0 new overlays fetched Null
04-23 11:50:54.959 20389 20389 D ResourcesManager: For user 0 new overlays fetched Null
04-23 11:50:54.959  2612  3268 D MountService: getExternalStorageMountMode : 1
04-23 11:50:54.959  2612  3268 D MountService: getExternalStorageMountMode : 3
04-23 11:50:54.959  2612  3268 D MountService: getExternalStorageMountMode : final mountMode=1, uid : 10001, packageName : com.samsung.android.asksmanager
04-23 11:50:54.969 20402 20402 I libpersona: KNOX_SDCARD checking this for 10001
04-23 11:50:54.969 20402 20402 I libpersona: KNOX_SDCARD not a persona
04-23 11:50:54.969 20389 20389 D ContextRelationManager: ContextRelationManager() : FEATURE_ENABLED=true
04-23 11:50:54.969  2612  3268 I ActivityManager: Start proc 20402:com.samsung.android.asksmanager/u0a1 for broadcast-3 com.samsung.android.asksmanager/.PackageReceiver
04-23 11:50:54.999  2612  3483 V BroadcastQueue: [background] Process cur broadcast BroadcastRecord{e4c45ef u0 android.intent.action.PACKAGE_ADDED qIdx=4}, state= (APP_RECEIVE) DELIVERED for app ProcessRecord{10f718b 20402:com.samsung.android.asksmanager/u0a1}
04-23 11:50:55.009 20402 20402 D ResourcesManager: For user 0 new overlays fetched Null
04-23 11:50:55.019  2612  2719 E MARsDBManager: insertPackage com.huuuge.stars.slots uri = content://com.samsung.android.sm/AppFreezer/1075
04-23 11:50:55.019  2612  2719 D MARsDBManager: onChange - mSmartManagerObserver! Uri = content://com.samsung.android.sm/AppFreezer
04-23 11:50:55.019  2612  2719 V MARsDBManager: getManagedPackagesFromDB!
04-23 11:50:55.019 20402 20402 D ContextRelationManager: ContextRelationManager() : FEATURE_ENABLED=true
04-23 11:50:55.029  2612  2719 V MARsPolicyManager: updateManagedPackages! size = 29
04-23 11:50:55.039  2612  3481 D MountService: getExternalStorageMountMode : 1
04-23 11:50:55.039  2612  3481 D MountService: getExternalStorageMountMode : 3
04-23 11:50:55.039  2612  3481 D MountService: getExternalStorageMountMode : final mountMode=1, uid : 10019, packageName : com.google.android.partnersetup
04-23 11:50:55.049 20414 20414 I libpersona: KNOX_SDCARD checking this for 10019
04-23 11:50:55.049 20414 20414 I libpersona: KNOX_SDCARD not a persona
04-23 11:50:55.049  2612  3481 I ActivityManager: Start proc 20414:com.google.android.partnersetup/u0a19 for broadcast-3 com.google.android.partnersetup/.RlzPingBroadcastReceiver
04-23 11:50:55.069  2612  3487 V BroadcastQueue: [background] Process cur broadcast BroadcastRecord{e4c45ef u0 android.intent.action.PACKAGE_ADDED qIdx=4}, state= (APP_RECEIVE) DELIVERED for app ProcessRecord{d754681 20414:com.google.android.partnersetup/u0a19}
04-23 11:50:55.079 20414 20414 D ResourcesManager: For user 0 new overlays fetched Null
04-23 11:50:55.099 20414 20414 D ContextRelationManager: ContextRelationManager() : FEATURE_ENABLED=true
04-23 11:50:55.119  2612  2626 V BroadcastQueue: [background] Process cur broadcast BroadcastRecord{e4c45ef u0 android.intent.action.PACKAGE_ADDED qIdx=4}, state= (APP_RECEIVE) DELIVERED for app ProcessRecord{d754681 20414:com.google.android.partnersetup/u0a19}
04-23 11:50:55.119  2612  3264 D MountService: getExternalStorageMountMode : 3
04-23 11:50:55.119  2612  3264 D MountService: getExternalStorageMountMode : 3
04-23 11:50:55.119  2612  3264 D MountService: getExternalStorageMountMode : final mountMode=3, uid : 10037, packageName : com.samsung.voiceserviceplatform
04-23 11:50:55.129 20429 20429 I libpersona: KNOX_SDCARD checking this for 10037
04-23 11:50:55.129 20429 20429 I libpersona: KNOX_SDCARD not a persona
04-23 11:50:55.129  2612  3264 I ActivityManager: Start proc 20429:com.samsung.voiceserviceplatform/u0a37 for broadcast-3 com.samsung.voiceserviceplatform/com.samsung.vsf.sharedlib.utils.TTSPlayer$TTSDownloadReceiver
04-23 11:50:55.159  2612  2626 V BroadcastQueue: [background] Process cur broadcast BroadcastRecord{e4c45ef u0 android.intent.action.PACKAGE_ADDED qIdx=4}, state= (APP_RECEIVE) DELIVERED for app ProcessRecord{7b2bd14 20429:com.samsung.voiceserviceplatform/u0a37}
04-23 11:50:55.179 20429 20429 D ResourcesManager: For user 0 new overlays fetched Null
04-23 11:50:55.229 20429 20429 D ContextRelationManager: ContextRelationManager() : FEATURE_ENABLED=true
04-23 11:50:55.439 20429 20429 D ResourcesManager: For user 0 new overlays fetched Null
04-23 11:50:55.469  2612  3660 D MountService: getExternalStorageMountMode : 3
04-23 11:50:55.469  2612  3660 D MountService: getExternalStorageMountMode : 3
04-23 11:50:55.469  2612  3660 D MountService: getExternalStorageMountMode : final mountMode=3, uid : 10037, packageName : com.samsung.svoice.sync
04-23 11:50:55.479  2612  3660 I ActivityManager: Start proc 20443:com.samsung.svoice.sync/u0a37 for content provider com.samsung.svoice.sync/com.svoice.upload.database.PLMProvider
04-23 11:50:55.479 20443 20443 I libpersona: KNOX_SDCARD checking this for 10037
04-23 11:50:55.479 20443 20443 I libpersona: KNOX_SDCARD not a persona
04-23 11:50:55.529 20443 20443 D ResourcesManager: For user 0 new overlays fetched Null
04-23 11:50:55.549 20443 20443 D ContextRelationManager: ContextRelationManager() : FEATURE_ENABLED=true
04-23 11:50:55.679  2612  2685 W BroadcastQueue: Skipping deliver [background] BroadcastRecord{b889680 u-1 android.net.conn.CONNECTIVITY_CHANGE qIdx=4}, state= (IDLE) to ReceiverList{e0344b9 20375 (unknown name)/2000/u-1 remote:91abb2}: process crashing
04-23 11:50:55.709 20429 20429 D ResourcesManager: For user 0 new overlays fetched Null
04-23 11:50:55.709  2612  2626 D ResourcesManager: For user 0 new overlays fetched Null
04-23 11:50:55.719  2612  2626 D GameManagerService: identifyGamePackage. com.huuuge.stars.slots
04-23 11:50:55.719  2612  2626 D MultiWindowPolicy: Gamemode - return 0,  when calling  identifyForegroundApp(com.huuuge.stars.slots)
04-23 11:50:55.719  2612  2626 D CustomFrequencyManagerService: acquireDVFSLockLocked : type : DVFS_MIN_LIMIT  frequency : 1500000  uid : 1000  pid : 2612  pkgName : ACTIVITY_RESUME_BOOSTER@3
04-23 11:50:55.719  2612  2626 D ActivityManager: mDVFSHelper.acquire()
04-23 11:50:55.719  2612  2626 D FocusedStackFrame: Set to : 0
04-23 11:50:55.719  2612  2626 V WindowManager: addAppToken: AppWindowToken{d04209aac token=Token{99c905f ActivityRecord{66ad0fe u0 com.huuuge.stars.slots/com.huuuge.casino.BootActivity t1335}}} to stack=1 task=1335 at 0
04-23 11:50:55.719 20429 20429 D ResourcesManager: For user 0 new overlays fetched Null
04-23 11:50:55.729  2612  3487 D SettingsProvider: isChangeAllowed() : name = user_rotation
04-23 11:50:55.729  2612  3487 D SettingsProvider: isChangeAllowed() : name = accelerometer_rotation
04-23 11:50:55.729  2612  3005 D MountService: getExternalStorageMountMode : 1
04-23 11:50:55.729  2612  3005 D MountService: getExternalStorageMountMode : 3
04-23 11:50:55.729  2612  3005 D MountService: getExternalStorageMountMode : final mountMode=1, uid : 10693, packageName : com.huuuge.stars.slots
04-23 11:50:55.729  2612  3487 V WindowOrientationListener: OrientationSensorJudge.getProposedRotation, Rotation: -1
04-23 11:50:55.729  2612  3487 V WindowManager: rotationForOrientationLw(orient=1, last=0); user=0  sensorRotation=-1 mLidState=-1 mDockMode=0 mHdmiPlugged=false mMobileKeyboardEnabled=false displayId=0
04-23 11:50:55.729  2612  3487 V WindowOrientationListener: OrientationSensorJudge.getProposedRotation, Rotation: -1
04-23 11:50:55.729  2612  3660 D SettingsProvider: isChangeAllowed() : name = accelerometer_rotation
04-23 11:50:55.739  2612  3660 V WindowOrientationListener: OrientationSensorJudge.getProposedRotation, Rotation: -1
04-23 11:50:55.739  2612  3660 V WindowManager: rotationForOrientationLw(orient=1, last=0); user=0  sensorRotation=-1 mLidState=-1 mDockMode=0 mHdmiPlugged=false mMobileKeyboardEnabled=false displayId=0
04-23 11:50:55.739  2612  3660 V WindowOrientationListener: OrientationSensorJudge.getProposedRotation, Rotation: -1
04-23 11:50:55.739  2612  3005 I ActivityManager: Start proc 20466:com.huuuge.stars.slots/u0a693 for activity com.huuuge.stars.slots/com.huuuge.casino.BootActivity
04-23 11:50:55.739 20466 20466 I libpersona: KNOX_SDCARD checking this for 10693
04-23 11:50:55.739 20466 20466 I libpersona: KNOX_SDCARD not a persona
04-23 11:50:55.739  2612  3012 D NetworkPolicy: isUidForegroundLocked: 10693, mScreenOn: true, uidstate: -1, mProxSensorScreenOff: false
04-23 11:50:55.739  2612  3009 D MountService: getExternalStorageMountMode : 1
04-23 11:50:55.739  2612  3009 D MountService: getExternalStorageMountMode : 3
04-23 11:50:55.739  2612  3009 D MountService: getExternalStorageMountMode : final mountMode=1, uid : 1000, packageName : com.samsung.SMT
04-23 11:50:55.759  2612  3009 I ActivityManager: Start proc 20479:com.samsung.SMT/1000 for service com.samsung.SMT/.SamsungTTSService
04-23 11:50:55.759 20479 20479 I libpersona: KNOX_SDCARD checking this for 1000
04-23 11:50:55.759 20479 20479 I libpersona: KNOX_SDCARD not a persona
04-23 11:50:55.759  2612  2687 V WindowOrientationListener: OrientationSensorJudge.getProposedRotation, Rotation: -1
04-23 11:50:55.759  2612  2687 V WindowManager: rotationForOrientationLw(orient=1, last=0); user=0  sensorRotation=-1 mLidState=-1 mDockMode=0 mHdmiPlugged=false mMobileKeyboardEnabled=false displayId=0
04-23 11:50:55.759  2612  2687 V WindowOrientationListener: OrientationSensorJudge.getProposedRotation, Rotation: -1
04-23 11:50:55.759  2612  2687 V WindowOrientationListener: OrientationSensorJudge.getProposedRotation, Rotation: -1
04-23 11:50:55.759  2612  2687 V WindowManager: rotationForOrientationLw(orient=1, last=0); user=0  sensorRotation=-1 mLidState=-1 mDockMode=0 mHdmiPlugged=false mMobileKeyboardEnabled=false displayId=0
04-23 11:50:55.759  2612  2687 V WindowOrientationListener: OrientationSensorJudge.getProposedRotation, Rotation: -1
04-23 11:50:55.769  2612  3012 D NetworkPolicy: isUidForegroundLocked: 10693, mScreenOn: true, uidstate: 16, mProxSensorScreenOff: false
04-23 11:50:55.779  2612  3270 V WindowOrientationListener: setCurrentAppOrientation :6
04-23 11:50:55.779  2612  3270 V WindowOrientationListener: OrientationSensorJudge.getProposedRotation, Rotation: -1
04-23 11:50:55.779  2612  3270 V WindowManager: rotationForOrientationLw(orient=6, last=0); user=0  sensorRotation=-1 mLidState=-1 mDockMode=0 mHdmiPlugged=false mMobileKeyboardEnabled=false displayId=0
04-23 11:50:55.779  2612  3270 V WindowOrientationListener: OrientationSensorJudge.getProposedRotation, Rotation: -1
04-23 11:50:55.779  2612  3270 D SamsungWindowManager: setRotationLw() : rotation=1
04-23 11:50:55.779  2612  3270 D CustomFrequencyManagerService: acquireDVFSLockLocked : type : DVFS_MIN_LIMIT  frequency : 1600000  uid : 1000  pid : 2612  pkgName : ROTATION_BOOSTER@28
04-23 11:50:55.779  2612  5167 D SSRM:w  : SIOP:: AP = 350, PST = 290 (W:12), CUR = -180, LCD = 24
04-23 11:50:55.779  2612  5167 D ConnectivityService: returning getNetworkInfo for network type 1 : [type: WIFI[] - WIFI, state: CONNECTED/CONNECTED, reason: (unspecified), extra: "HuuugeQA", roaming: false, failover: false, isAvailable: true]
04-23 11:50:55.809  2612  3270 I ActivityManager: Config changes=480 {0 1.0 themeSeq = 0 showBtnBg = 0 ?mcc?mnc en_US ldltr sw360dp w640dp h336dp 480dpi nrml long land finger -keyb/v/h -nav/h s.924}
04-23 11:50:55.879  2612  3270 D ActivityManager:  Launching com.huuuge.stars.slots, updated priority
04-23 11:50:55.889  2612  2612 D GameManagerService: NotifyRunnable. pkg: com.huuuge.stars.slots, type: 4, isMinimized: false, isTunableApp: false
04-23 11:50:55.889  2612  2612 D GameManagerService: do nothing. mKillNotiCount: 3
04-23 11:50:55.919 20466 20466 D ResourcesManager: For user 0 new overlays fetched Null
04-23 11:50:55.919 20479 20479 D ResourcesManager: For user 0 new overlays fetched Null
04-23 11:50:55.919  3096  3096 D Recents : handleProxyCall type=6
04-23 11:50:55.919  2612  2685 V MARsPolicyManager: updatePackagesScore PackageInfo name -- com.huuuge.stars.slots
04-23 11:50:55.929  2612  5167 D GameManagerService: identifyGamePackage. com.huuuge.stars.slots
04-23 11:50:55.929  2612  3012 D NetworkPolicy: isUidForegroundLocked: 10693, mScreenOn: true, uidstate: 2, mProxSensorScreenOff: false
04-23 11:50:55.929  3190  3190 D Recents : handleProxyCall type=6
04-23 11:50:55.929 20466 20466 D ContextRelationManager: ContextRelationManager() : FEATURE_ENABLED=true
04-23 11:50:55.949 20479 20479 D ContextRelationManager: ContextRelationManager() : FEATURE_ENABLED=true
04-23 11:50:55.959  2612  5167 D GameManagerService: identifyGamePackage. com.huuuge.stars.slots
04-23 11:50:55.989  2612  3486 V BroadcastQueue: [background] Process cur broadcast BroadcastRecord{e4c45ef u0 android.intent.action.PACKAGE_ADDED qIdx=4}, state= (APP_RECEIVE) DELIVERED for app ProcessRecord{9152513 3247:android.process.acore/u0a4}
04-23 11:50:56.069  2612  3005 D MountService: getExternalStorageMountMode : 1
04-23 11:50:56.069  2612  3005 D MountService: getExternalStorageMountMode : 3
04-23 11:50:56.069  2612  3005 D MountService: getExternalStorageMountMode : final mountMode=1, uid : 1000, packageName : com.android.settings
04-23 11:50:56.079 20511 20511 I libpersona: KNOX_SDCARD checking this for 1000
04-23 11:50:56.079 20511 20511 I libpersona: KNOX_SDCARD not a persona
04-23 11:50:56.079  2612  3005 I ActivityManager: Start proc 20511:com.android.settings/1000 for broadcast-3 com.android.settings/.applock.PackageActionReceiver
04-23 11:50:56.119  2612  3660 V BroadcastQueue: [background] Process cur broadcast BroadcastRecord{e4c45ef u0 android.intent.action.PACKAGE_ADDED qIdx=4}, state= (APP_RECEIVE) DELIVERED for app ProcessRecord{3304f4f 20511:com.android.settings/1000}
04-23 11:50:56.159 20511 20511 D ResourcesManager: For user 0 new overlays fetched Null
04-23 11:50:56.179 20511 20511 D ContextRelationManager: ContextRelationManager() : FEATURE_ENABLED=true
04-23 11:50:56.219 20429 20529 D ResourcesManager: For user 0 new overlays fetched Null
04-23 11:50:56.229  2612  3012 D NetworkPolicy: isUidForegroundLocked: 10028, mScreenOn: true, uidstate: 3, mProxSensorScreenOff: false
04-23 11:50:56.239  2612  3005 D PowerManagerService: [api] acquire WakeLock flags=0x1000000a tag=Claw uid=10693 pid=20466
04-23 11:50:56.289 20429 20529 D ResourcesManager: For user 0 new overlays fetched Null
04-23 11:50:56.299 20429 20529 D ResourcesManager: For user 0 new overlays fetched Null
04-23 11:50:56.319 20429 20529 D ResourcesManager: For user 0 new overlays fetched Null
04-23 11:50:56.329 20429 20529 D ResourcesManager: For user 0 new overlays fetched Null
04-23 11:50:56.339 20429 20529 D ResourcesManager: For user 0 new overlays fetched Null
04-23 11:50:56.349 20429 20529 D ResourcesManager: For user 0 new overlays fetched Null
04-23 11:50:56.359 20429 20529 D ResourcesManager: For user 0 new overlays fetched Null
04-23 11:50:56.369 20429 20529 D ResourcesManager: For user 0 new overlays fetched Null
04-23 11:50:56.379 20429 20529 D ResourcesManager: For user 0 new overlays fetched Null
04-23 11:50:56.389 20429 20529 D ResourcesManager: For user 0 new overlays fetched Null
04-23 11:50:56.399 20429 20529 D ResourcesManager: For user 0 new overlays fetched Null
04-23 11:50:56.399 20429 20529 D ResourcesManager: For user 0 new overlays fetched Null
04-23 11:50:56.409 20429 20529 D ResourcesManager: For user 0 new overlays fetched Null
04-23 11:50:56.419 20429 20529 D ResourcesManager: For user 0 new overlays fetched Null
04-23 11:50:56.429 20429 20529 D ResourcesManager: For user 0 new overlays fetched Null
04-23 11:50:56.429 20429 20529 D ResourcesManager: For user 0 new overlays fetched Null
04-23 11:50:56.439 20429 20529 D ResourcesManager: For user 0 new overlays fetched Null
04-23 11:50:56.449 20429 20529 D ResourcesManager: For user 0 new overlays fetched Null
04-23 11:50:56.469 20429 20529 D ResourcesManager: For user 0 new overlays fetched Null
04-23 11:50:56.479  2612  3009 V BroadcastQueue: [background] Process cur broadcast BroadcastRecord{e4c45ef u0 android.intent.action.PACKAGE_ADDED qIdx=4}, state= (APP_RECEIVE) DELIVERED for app ProcessRecord{3304f4f 20511:com.android.settings/1000}
04-23 11:50:56.479  2612  3660 V BroadcastQueue: [background] Process cur broadcast BroadcastRecord{e4c45ef u0 android.intent.action.PACKAGE_ADDED qIdx=4}, state= (APP_RECEIVE) DELIVERED for app ProcessRecord{3304f4f 20511:com.android.settings/1000}
04-23 11:50:56.479  2612  3486 V BroadcastQueue: [background] Process cur broadcast BroadcastRecord{e4c45ef u0 android.intent.action.PACKAGE_ADDED qIdx=4}, state= (APP_RECEIVE) DELIVERED for app ProcessRecord{60c3950 20389:com.samsung.android.sm.provider/1000}
04-23 11:50:56.489 20429 20529 D ResourcesManager: For user 0 new overlays fetched Null
04-23 11:50:56.489  2612  3481 V BroadcastQueue: [background] Process cur broadcast BroadcastRecord{e4c45ef u0 android.intent.action.PACKAGE_ADDED qIdx=4}, state= (APP_RECEIVE) DELIVERED for app ProcessRecord{6f43ae6 20285:com.samsung.android.sm.devicesecurity/5012}
04-23 11:50:56.489 20429 20529 D ResourcesManager: For user 0 new overlays fetched Null
04-23 11:50:56.499  2612  3136 V BroadcastQueue: [background] Process cur broadcast BroadcastRecord{e4c45ef u0 android.intent.action.PACKAGE_ADDED qIdx=4}, state= (APP_RECEIVE) DELIVERED for app ProcessRecord{a8ee42f 3064:com.android.phone/1001}
04-23 11:50:56.499  2612  3660 D MountService: getExternalStorageMountMode : 1
04-23 11:50:56.499  2612  3660 D MountService: getExternalStorageMountMode : 3
04-23 11:50:56.499  2612  3660 D MountService: getExternalStorageMountMode : final mountMode=1, uid : 1000, packageName : com.samsung.android.themecenter
04-23 11:50:56.509 20551 20551 I libpersona: KNOX_SDCARD checking this for 1000
04-23 11:50:56.509 20551 20551 I libpersona: KNOX_SDCARD not a persona
04-23 11:50:56.509  2612  3660 I ActivityManager: Start proc 20551:com.samsung.android.themecenter/1000 for broadcast-3 com.samsung.android.themecenter/com.samsung.android.thememanager.ThemeManagerReceiver
04-23 11:50:56.509 20429 20529 D ResourcesManager: For user 0 new overlays fetched Null
04-23 11:50:56.509 20479 20479 W ContextImpl: Calling a method in the system process without a qualified user: android.app.ContextImpl.sendBroadcast:843 android.content.ContextWrapper.sendBroadcast:410 com.samsung.SMT.b.h.a:-1 com.samsung.SMT.SamsungTTSService.onCreate:-1 android.app.ActivityThread.handleCreateService:3873 
04-23 11:50:56.519 20479 20479 W ContextImpl: Calling a method in the system process without a qualified user: android.app.ContextImpl.startService:1320 android.content.ContextWrapper.startService:606 com.samsung.SMT.SamsungTTSService.g:-1 com.samsung.SMT.SamsungTTSService.onCreate:-1 android.app.ActivityThread.handleCreateService:3873 
04-23 11:50:56.519 20429 20529 D ResourcesManager: For user 0 new overlays fetched Null
04-23 11:50:56.529 20479 20479 W ContextImpl: Calling a method in the system process without a qualified user: android.app.ContextImpl.startService:1320 android.content.ContextWrapper.startService:606 com.samsung.SMT.SamsungTTSService.g:-1 com.samsung.SMT.SamsungTTSService.a:-1 com.samsung.SMT.c.onReceive:-1 
04-23 11:50:56.529 20429 20529 D ResourcesManager: For user 0 new overlays fetched Null
04-23 11:50:56.529  2612  3136 V BroadcastQueue: [background] Process cur broadcast BroadcastRecord{e4c45ef u0 android.intent.action.PACKAGE_ADDED qIdx=4}, state= (APP_RECEIVE) DELIVERED for app ProcessRecord{bce3cc2 20551:com.samsung.android.themecenter/1000}
04-23 11:50:56.549 20551 20551 D ResourcesManager: For user 0 new overlays fetched Null
04-23 11:50:56.559 20551 20551 D ContextRelationManager: ContextRelationManager() : FEATURE_ENABLED=true
04-23 11:50:56.559 20429 20529 D ResourcesManager: For user 0 new overlays fetched Null
04-23 11:50:56.569 20429 20529 D ResourcesManager: For user 0 new overlays fetched Null
04-23 11:50:56.569 20551 20551 I ThemeManagerReceiver: ThemeManagerReceiver onReceive android.intent.action.PACKAGE_ADDED
04-23 11:50:56.569  2612  3268 D MountService: getExternalStorageMountMode : 1
04-23 11:50:56.569  2612  3268 D MountService: getExternalStorageMountMode : 3
04-23 11:50:56.569  2612  3268 D MountService: getExternalStorageMountMode : final mountMode=1, uid : 1000, packageName : com.wssnps
04-23 11:50:56.569 20429 20529 D ResourcesManager: For user 0 new overlays fetched Null
04-23 11:50:56.579 20429 20529 D ResourcesManager: For user 0 new overlays fetched Null
04-23 11:50:56.579 20565 20565 I libpersona: KNOX_SDCARD checking this for 1000
04-23 11:50:56.579 20565 20565 I libpersona: KNOX_SDCARD not a persona
04-23 11:50:56.589  2612  3268 I ActivityManager: Start proc 20565:com.wssnps/1000 for broadcast-3 com.wssnps/.stubdownload.smlNpsPackageReceiver
04-23 11:50:56.589 20429 20529 D ResourcesManager: For user 0 new overlays fetched Null
04-23 11:50:56.599 20429 20529 D ResourcesManager: For user 0 new overlays fetched Null
04-23 11:50:56.609  2612  3487 V BroadcastQueue: [background] Process cur broadcast BroadcastRecord{e4c45ef u0 android.intent.action.PACKAGE_ADDED qIdx=4}, state= (APP_RECEIVE) DELIVERED for app ProcessRecord{695dc41 20565:com.wssnps/1000}
04-23 11:50:56.609 20429 20529 D ResourcesManager: For user 0 new overlays fetched Null
04-23 11:50:56.619 20565 20565 D ResourcesManager: For user 0 new overlays fetched Null
04-23 11:50:56.629 20429 20529 D ResourcesManager: For user 0 new overlays fetched Null
04-23 11:50:56.629 20565 20565 D ContextRelationManager: ContextRelationManager() : FEATURE_ENABLED=true
04-23 11:50:56.629 20429 20529 D ResourcesManager: For user 0 new overlays fetched Null
04-23 11:50:56.639  2612  2627 D MountService: getExternalStorageMountMode : 1
04-23 11:50:56.639  2612  2627 D MountService: getExternalStorageMountMode : 3
04-23 11:50:56.639  2612  2627 D MountService: getExternalStorageMountMode : final mountMode=1, uid : 10102, packageName : com.sec.android.widgetapp.samsungapps
04-23 11:50:56.649 20429 20529 D ResourcesManager: For user 0 new overlays fetched Null
04-23 11:50:56.649 20579 20579 I libpersona: KNOX_SDCARD checking this for 10102
04-23 11:50:56.649 20579 20579 I libpersona: KNOX_SDCARD not a persona
04-23 11:50:56.649  2612  2627 I ActivityManager: Start proc 20579:com.sec.android.widgetapp.samsungapps/u0a102 for broadcast-3 com.sec.android.widgetapp.samsungapps/.PackageChangeReceiver
04-23 11:50:56.659 20429 20529 D ResourcesManager: For user 0 new overlays fetched Null
04-23 11:50:56.669  2612  3136 V BroadcastQueue: [background] Process cur broadcast BroadcastRecord{e4c45ef u0 android.intent.action.PACKAGE_ADDED qIdx=4}, state= (APP_RECEIVE) DELIVERED for app ProcessRecord{230c5e6 20579:com.sec.android.widgetapp.samsungapps/u0a102}
04-23 11:50:56.679 20429 20529 D ResourcesManager: For user 0 new overlays fetched Null
04-23 11:50:56.679 20579 20579 D ResourcesManager: For user 0 new overlays fetched Null
04-23 11:50:56.689 20429 20529 D ResourcesManager: For user 0 new overlays fetched Null
04-23 11:50:56.689 20579 20579 D ContextRelationManager: ContextRelationManager() : FEATURE_ENABLED=true
04-23 11:50:56.699 20429 20529 D ResourcesManager: For user 0 new overlays fetched Null
04-23 11:50:56.699 20429 20529 D ResourcesManager: For user 0 new overlays fetched Null
04-23 11:50:56.709  2612  3481 V BroadcastQueue: [background] Process cur broadcast BroadcastRecord{e4c45ef u0 android.intent.action.PACKAGE_ADDED qIdx=4}, state= (APP_RECEIVE) DELIVERED for app ProcessRecord{9d67e3f 14048:com.enhance.gameservice/u0a103}
04-23 11:50:56.709  2612  3005 D MountService: getExternalStorageMountMode : 1
04-23 11:50:56.709  2612  3005 D MountService: getExternalStorageMountMode : 3
04-23 11:50:56.709  2612  3005 D MountService: getExternalStorageMountMode : final mountMode=1, uid : 1000, packageName : com.samsung.android.app.mirrorlink
04-23 11:50:56.719 20594 20594 I libpersona: KNOX_SDCARD checking this for 1000
04-23 11:50:56.719 20594 20594 I libpersona: KNOX_SDCARD not a persona
04-23 11:50:56.719  2612  3005 I ActivityManager: Start proc 20594:com.samsung.android.app.mirrorlink/1000 for broadcast-3 com.samsung.android.app.mirrorlink/com.samsung.android.mirrorlink.acms.receivers.AcmsPackageEventListener
04-23 11:50:56.729 20429 20529 D ResourcesManager: For user 0 new overlays fetched Null
04-23 11:50:56.729 20429 20529 D ResourcesManager: For user 0 new overlays fetched Null
04-23 11:50:56.739 20429 20529 D ResourcesManager: For user 0 new overlays fetched Null
04-23 11:50:56.739  3190  3190 D Recents : onTaskStackChanged
04-23 11:50:56.739 20429 20529 D ResourcesManager: For user 0 new overlays fetched Null
04-23 11:50:56.739  2612  3660 V BroadcastQueue: [background] Process cur broadcast BroadcastRecord{e4c45ef u0 android.intent.action.PACKAGE_ADDED qIdx=4}, state= (APP_RECEIVE) DELIVERED for app ProcessRecord{8759dd4 20594:com.samsung.android.app.mirrorlink/1000}
04-23 11:50:56.749  3190  3190 D ResourcesManager: For user 0 new overlays fetched Null
04-23 11:50:56.759 20594 20594 D ResourcesManager: For user 0 new overlays fetched Null
04-23 11:50:56.759 20429 20529 D ResourcesManager: For user 0 new overlays fetched Null
04-23 11:50:56.769 20594 20594 D ContextRelationManager: ContextRelationManager() : FEATURE_ENABLED=true
04-23 11:50:56.769 20429 20529 D ResourcesManager: For user 0 new overlays fetched Null
04-23 11:50:56.779 20429 20529 D ResourcesManager: For user 0 new overlays fetched Null
04-23 11:50:56.789 20429 20529 D ResourcesManager: For user 0 new overlays fetched Null
04-23 11:50:56.789  2612  3481 V BroadcastQueue: [background] Process cur broadcast BroadcastRecord{e4c45ef u0 android.intent.action.PACKAGE_ADDED qIdx=4}, state= (APP_RECEIVE) DELIVERED for app ProcessRecord{cdec443 19162:com.facebook.appmanager/u0a96}
04-23 11:50:56.809 20429 20529 D ResourcesManager: For user 0 new overlays fetched Null
04-23 11:50:56.809  2612  3136 D MountService: getExternalStorageMountMode : 1
04-23 11:50:56.809  2612  3136 D MountService: getExternalStorageMountMode : 3
04-23 11:50:56.809  2612  3136 D MountService: getExternalStorageMountMode : final mountMode=1, uid : 10010, packageName : com.microsoft.office.powerpoint
04-23 11:50:56.819 20613 20613 I libpersona: KNOX_SDCARD checking this for 10010
04-23 11:50:56.819 20613 20613 I libpersona: KNOX_SDCARD not a persona
04-23 11:50:56.829  2612  3136 I ActivityManager: Start proc 20613:com.microsoft.office.powerpoint/u0a10 for broadcast-3 com.microsoft.office.powerpoint/com.microsoft.office.notification.SystemBroadcastReceiver
04-23 11:50:56.839  2612  2627 D ResourcesManager: For user 0 new overlays fetched Null
04-23 11:50:56.839  2612  2627 D GameManagerService: identifyGamePackage. com.google.android.packageinstaller
04-23 11:50:56.839  2612  2627 D MultiWindowPolicy: Gamemode - return 0,  when calling  identifyForegroundApp(com.google.android.packageinstaller)
04-23 11:50:56.839  2612  2627 D CustomFrequencyManagerService: releaseDVFSLockLocked : Getting Lock type frm List : DVFS_MIN_LIMIT  frequency : 1500000  uid : 1000  pid : 2612  tag : ACTIVITY_RESUME_BOOSTER@3
04-23 11:50:56.839  2612  2627 D CustomFrequencyManagerService: acquireDVFSLockLocked : type : DVFS_MIN_LIMIT  frequency : 1500000  uid : 1000  pid : 2612  pkgName : ACTIVITY_RESUME_BOOSTER@3
04-23 11:50:56.839  2612  2627 D ActivityManager: mDVFSHelper.acquire()
04-23 11:50:56.839  2612  2627 V WindowManager: addAppToken: AppWindowToken{d0409341f token=Token{358abbe ActivityRecord{468d279 u0 com.google.android.packageinstaller/com.android.packageinstaller.permission.ui.GrantPermissionsActivity t1335}}} to stack=1 task=1335 at 1
04-23 11:50:56.849 20429 20529 D ResourcesManager: For user 0 new overlays fetched Null
04-23 11:50:56.869 20429 20529 D ResourcesManager: For user 0 new overlays fetched Null
04-23 11:50:56.879 20429 20529 D ResourcesManager: For user 0 new overlays fetched Null
04-23 11:50:56.879  2612  3483 V BroadcastQueue: [background] Process cur broadcast BroadcastRecord{e4c45ef u0 android.intent.action.PACKAGE_ADDED qIdx=4}, state= (APP_RECEIVE) DELIVERED for app ProcessRecord{a78c340 20613:com.microsoft.office.powerpoint/u0a10}
04-23 11:50:56.889 20613 20613 D ResourcesManager: For user 0 new overlays fetched Null
04-23 11:50:56.899 20429 20529 D ResourcesManager: For user 0 new overlays fetched Null
04-23 11:50:56.909 20429 20529 D ResourcesManager: For user 0 new overlays fetched Null
04-23 11:50:56.919 20429 20529 D ResourcesManager: For user 0 new overlays fetched Null
04-23 11:50:56.929 20429 20529 D ResourcesManager: For user 0 new overlays fetched Null
04-23 11:50:56.939 20429 20529 D ResourcesManager: For user 0 new overlays fetched Null
04-23 11:50:56.939 20429 20529 D ResourcesManager: For user 0 new overlays fetched Null
04-23 11:50:56.949 20429 20529 D ResourcesManager: For user 0 new overlays fetched Null
04-23 11:50:56.969 20429 20529 D ResourcesManager: For user 0 new overlays fetched Null
04-23 11:50:56.979 20429 20529 D ResourcesManager: For user 0 new overlays fetched Null
04-23 11:50:56.999 20429 20529 D ResourcesManager: For user 0 new overlays fetched Null
04-23 11:50:56.999  2612  3268 D ConnectivityService: returning getNetworkInfo for network type 1 : [type: WIFI[] - WIFI, state: CONNECTED/CONNECTED, reason: (unspecified), extra: "HuuugeQA", roaming: false, failover: false, isAvailable: true]
04-23 11:50:57.009 20429 20529 D ResourcesManager: For user 0 new overlays fetched Null
04-23 11:50:57.019 20429 20529 D ResourcesManager: For user 0 new overlays fetched Null
04-23 11:50:57.019 20613 20613 D ContextRelationManager: ContextRelationManager() : FEATURE_ENABLED=true
04-23 11:50:57.049 20429 20529 D ResourcesManager: For user 0 new overlays fetched Null
04-23 11:50:57.059 20429 20529 D ResourcesManager: For user 0 new overlays fetched Null
04-23 11:50:57.069 20429 20529 D ResourcesManager: For user 0 new overlays fetched Null
04-23 11:50:57.069 20429 20529 D ResourcesManager: For user 0 new overlays fetched Null
04-23 11:50:57.079  2612  3012 D NetworkPolicy: isUidForegroundLocked: 10028, mScreenOn: true, uidstate: 16, mProxSensorScreenOff: false
04-23 11:50:57.079  2612  2627 D PowerManagerService: [api] release WakeLock flags=0x1000000a tag=Claw uid=10693 pid=20466 (0x0)
04-23 11:50:57.079  2612  4193 I WindowManager: Screen frozen for +1s301ms due to AppWindowToken{d04209aac token=Token{99c905f ActivityRecord{66ad0fe u0 com.huuuge.stars.slots/com.huuuge.casino.BootActivity t1335}}}
04-23 11:50:57.089  2612  4193 D MountService: getExternalStorageMountMode : 2
04-23 11:50:57.089  2612  4193 D MountService: getExternalStorageMountMode : 3
04-23 11:50:57.089  2612  4193 D MountService: getExternalStorageMountMode : final mountMode=2, uid : 10018, packageName : com.google.android.packageinstaller
04-23 11:50:57.099 20664 20664 I libpersona: KNOX_SDCARD checking this for 10018
04-23 11:50:57.099 20664 20664 I libpersona: KNOX_SDCARD not a persona
04-23 11:50:57.099  2612  4193 I ActivityManager: Start proc 20664:com.google.android.packageinstaller/u0a18 for activity com.google.android.packageinstaller/com.android.packageinstaller.permission.ui.GrantPermissionsActivity
04-23 11:50:57.159  2612  2687 V WindowOrientationListener: OrientationSensorJudge.onSensorChanged, Rotation: -1
04-23 11:50:57.159  2612  2687 D StatusBarManagerService: manageDisableList userId=0 what=0x0 pkg=Window{703ba58 u0 d0 p20466 com.huuuge.stars.slots/com.huuuge.casino.BootActivity}
04-23 11:50:57.159  2612  2627 D ActivityManager:  Launching com.google.android.packageinstaller, updated priority
04-23 11:50:57.159  2612  2687 W ContextImpl: Calling a method in the system process without a qualified user: android.app.ContextImpl.sendBroadcast:843 com.android.server.policy.PhoneWindowManager.notifyToSSRM:9040 com.android.server.policy.PhoneWindowManager.access$2100:323 com.android.server.policy.PhoneWindowManager$PolicyHandler.handleMessage:1259 android.os.Handler.dispatchMessage:102 
04-23 11:50:57.159  2612  2612 D GameManagerService: NotifyRunnable. pkg: com.google.android.packageinstaller, type: 4, isMinimized: false, isTunableApp: false
04-23 11:50:57.159  2612  2612 D GameManagerService: do nothing. mKillNotiCount: 3
04-23 11:50:57.159  2612  2685 V MARsPolicyManager: updatePackagesScore PackageInfo name -- com.google.android.packageinstaller
04-23 11:50:57.169  2612  5167 D GameManagerService: identifyGamePackage. com.google.android.packageinstaller
04-23 11:50:57.169  2612  2687 D StatusBarManagerService: manageDisableList userId=0 what=0x0 pkg=Window{f122c57 u0 d0 p2612 Starting com.huuuge.stars.slots}
04-23 11:50:57.169  2612  5167 D GameManagerService: identifyGamePackage. com.google.android.packageinstaller
04-23 11:50:57.179 20664 20664 D ResourcesManager: For user 0 new overlays fetched Null
04-23 11:50:57.189  2612  3136 D ConnectivityService: returning getNetworkInfo for network type 9 : [type: ETHERNET[] - ETHERNET, state: DISCONNECTED/DISCONNECTED, reason: (unspecified), extra: (none), roaming: false, failover: false, isAvailable: true]
04-23 11:50:57.189  2612  3483 D ConnectivityService: returning getNetworkInfo for network type 1 : [type: WIFI[] - WIFI, state: CONNECTED/CONNECTED, reason: (unspecified), extra: "HuuugeQA", roaming: false, failover: false, isAvailable: true]
04-23 11:50:57.199 20664 20664 D ContextRelationManager: ContextRelationManager() : FEATURE_ENABLED=true
04-23 11:50:57.239 20664 20664 D ResourcesManager: For user 0 new overlays fetched Null
04-23 11:50:57.249 20664 20664 D ResourcesManager: For user 0 new overlays fetched Null
04-23 11:50:57.279  2612  2612 D CustomFrequencyManagerService: releaseDVFSLockLocked : Getting Lock type frm List : DVFS_MIN_LIMIT  frequency : 1600000  uid : 1000  pid : 2612  tag : ROTATION_BOOSTER@28
04-23 11:50:57.359  2612  3268 D ConnectivityService: returning getNetworkInfo for network type 9 : [type: ETHERNET[] - ETHERNET, state: DISCONNECTED/DISCONNECTED, reason: (unspecified), extra: (none), roaming: false, failover: false, isAvailable: true]
04-23 11:50:57.369  2612  3270 I ActivityManager: KillingProcessesUss : put [com.trustonic.tuiservice] : 5388 KB
04-23 11:50:57.369  2612  3270 I ActivityManager: Killing 18759:com.trustonic.tuiservice/1000 (adj 15): DHA:SPC_empty #31
04-23 11:50:57.369  2612  4193 D ConnectivityService: returning getNetworkInfo for network type 1 : [type: WIFI[] - WIFI, state: CONNECTED/CONNECTED, reason: (unspecified), extra: "HuuugeQA", roaming: false, failover: false, isAvailable: true]
04-23 11:50:57.369  2612  3270 V BroadcastQueue: [background] Process cur broadcast BroadcastRecord{e4c45ef u0 android.intent.action.PACKAGE_ADDED qIdx=4}, state= (APP_RECEIVE) DELIVERED for app ProcessRecord{4106dac 3645:com.google.android.googlequicksearchbox:search/u0a62}
04-23 11:50:57.389  2612  3486 D MountService: getExternalStorageMountMode : 1
04-23 11:50:57.389  2612  3486 D MountService: getExternalStorageMountMode : 3
04-23 11:50:57.389  2612  3486 D MountService: getExternalStorageMountMode : final mountMode=1, uid : 10128, packageName : com.sec.android.app.sbrowser
04-23 11:50:57.409 20707 20707 I libpersona: KNOX_SDCARD checking this for 10128
04-23 11:50:57.409 20707 20707 I libpersona: KNOX_SDCARD not a persona
04-23 11:50:57.409  2612  3486 I ActivityManager: Start proc 20707:com.sec.android.app.sbrowser/u0a128 for broadcast-3 com.sec.android.app.sbrowser/.content_block.ContentBlockerReceiver
04-23 11:50:57.409  2612  3481 D ActivityManager: cleanUpApplicationRecord -- 18759
04-23 11:50:57.429  2612  3481 D ActivityManager: isAutoRunBlockedApp:: com.trustonic.tuiservice, Auto Run ON
04-23 11:50:57.429  2612  3481 W ActivityManager: Scheduling restart of crashed service com.trustonic.tuiservice/.TuiService in 1000ms
04-23 11:50:57.439 20664 20664 D ResourcesManager: For user 0 new overlays fetched Null
04-23 11:50:57.549  2612  3486 I ActivityManager: KillingProcessesUss : put [com.sec.spp.push:RemoteDlcProcess] : 5904 KB
04-23 11:50:57.549  2612  3486 I ActivityManager: Killing 19614:com.sec.spp.push:RemoteDlcProcess/u0a36 (adj 15): DHA:empty #31
04-23 11:50:57.559  2612  2724 D CustomFrequencyManagerService: releaseDVFSLockLocked : Getting Lock type frm List : DVFS_MIN_LIMIT  frequency : 1500000  uid : 1000  pid : 2612  tag : ACTIVITY_RESUME_BOOSTER@3
04-23 11:50:57.559  2612  2724 D ActivityManager: mDVFSHelper.release()
04-23 11:50:57.559  2612  2685 D CustomFrequencyManagerService: acquireDVFSLockLocked : type : DVFS_MIN_LIMIT  frequency : 1500000  uid : 1000  pid : 2612  pkgName : ACTIVITY_RESUME_BOOSTER@9
04-23 11:50:57.579  2612  3481 V BroadcastQueue: [background] Process cur broadcast BroadcastRecord{e4c45ef u0 android.intent.action.PACKAGE_ADDED qIdx=4}, state= (APP_RECEIVE) DELIVERED for app ProcessRecord{22d0159 20707:com.sec.android.app.sbrowser/u0a128}
04-23 11:50:57.579  2612  2724 V WindowOrientationListener: OrientationSensorJudge.getProposedRotation, Rotation: -1
04-23 11:50:57.579  2612  2724 V WindowManager: rotationForOrientationLw(orient=6, last=1); user=0  sensorRotation=-1 mLidState=-1 mDockMode=0 mHdmiPlugged=false mMobileKeyboardEnabled=false displayId=0
04-23 11:50:57.579  2612  2724 V WindowOrientationListener: OrientationSensorJudge.getProposedRotation, Rotation: -1
04-23 11:50:57.579  2612  3136 D ActivityManager: cleanUpApplicationRecord -- 19614
04-23 11:50:57.599  2612  3136 D ActivityManager: isAutoRunBlockedApp:: com.sec.spp.push, Auto Run ON
04-23 11:50:57.629 20707 20707 D ResourcesManager: For user 0 new overlays fetched Null
04-23 11:50:57.649  2612  2687 V WindowOrientationListener: OrientationSensorJudge.onSensorChanged, Rotation: -1
04-23 11:50:57.739 20707 20707 D ContextRelationManager: ContextRelationManager() : FEATURE_ENABLED=true
04-23 11:50:57.799 20466 20466 V ActivityThread: updateVisibility : ActivityRecord{113c7bb token=android.os.BinderProxy@fa44763 {com.huuuge.stars.slots/com.huuuge.casino.BootActivity}} show : true
04-23 11:50:57.799  3470  3470 V ActivityThread: updateVisibility : ActivityRecord{eb2770f token=android.os.BinderProxy@9739e9d {com.sec.android.app.launcher/com.sec.android.app.launcher.activities.LauncherActivity}} show : false
04-23 11:50:57.799  2612  3012 D NetworkPolicy: isUidForegroundLocked: 10015, mScreenOn: true, uidstate: 6, mProxSensorScreenOff: false
04-23 11:50:57.819  2612  2724 V WindowManager: Dim Duration=200
04-23 11:50:57.879  2612  4192 D ConnectivityService: returning getNetworkInfo for network type 0 : [type: MOBILE[] - MOBILE, state: DISCONNECTED/DISCONNECTED, reason: (unspecified), extra: (none), roaming: false, failover: false, isAvailable: true]
04-23 11:50:58.009  2612  3486 D MountService: getExternalStorageMountMode : 1
04-23 11:50:58.009  2612  3486 D MountService: getExternalStorageMountMode : 3
04-23 11:50:58.009  2612  3486 D MountService: getExternalStorageMountMode : final mountMode=1, uid : 10010, packageName : com.microsoft.office.word
04-23 11:50:58.019  2612  3486 I ActivityManager: Start proc 20746:com.microsoft.office.word/u0a10 for broadcast-3 com.microsoft.office.word/com.microsoft.office.notification.SystemBroadcastReceiver
04-23 11:50:58.019 20746 20746 I libpersona: KNOX_SDCARD checking this for 10010
04-23 11:50:58.019 20746 20746 I libpersona: KNOX_SDCARD not a persona
04-23 11:50:58.019  2612  3486 I ActivityManager: KillingProcessesUss : put [com.google.android.gms.unstable] : 13696 KB
04-23 11:50:58.019  2612  3486 I ActivityManager: Killing 19655:com.google.android.gms.unstable/u0a15 (adj 15): DHA:empty #31
04-23 11:50:58.049  2612  3660 V BroadcastQueue: [background] Process cur broadcast BroadcastRecord{e4c45ef u0 android.intent.action.PACKAGE_ADDED qIdx=4}, state= (APP_RECEIVE) DELIVERED for app ProcessRecord{e2addf7 20746:com.microsoft.office.word/u0a10}
04-23 11:50:58.059 20746 20746 D ResourcesManager: For user 0 new overlays fetched Null
04-23 11:50:58.099  3190  3190 D Recents : onTaskStackChanged
04-23 11:50:58.159  2612  2612 D CustomFrequencyManagerService: releaseDVFSLockLocked : Getting Lock type frm List : DVFS_MIN_LIMIT  frequency : 1500000  uid : 1000  pid : 2612  tag : ACTIVITY_RESUME_BOOSTER@9
04-23 11:50:58.169 20746 20746 D ContextRelationManager: ContextRelationManager() : FEATURE_ENABLED=true
04-23 11:50:58.189  2612  3136 D ActivityManager: cleanUpApplicationRecord -- 19655
04-23 11:50:58.189  2612  3136 D ActivityManager: isAutoRunBlockedApp:: com.google.android.gms, Auto Run ON
04-23 11:50:58.249  2612  3264 D ConnectivityService: returning getNetworkInfo for network type 9 : [type: ETHERNET[] - ETHERNET, state: DISCONNECTED/DISCONNECTED, reason: (unspecified), extra: (none), roaming: false, failover: false, isAvailable: true]
04-23 11:50:58.249  2612  3483 D ConnectivityService: returning getNetworkInfo for network type 1 : [type: WIFI[] - WIFI, state: CONNECTED/CONNECTED, reason: (unspecified), extra: "HuuugeQA", roaming: false, failover: false, isAvailable: true]
04-23 11:50:58.319  2612  3136 D ConnectivityService: returning getNetworkInfo for network type 9 : [type: ETHERNET[] - ETHERNET, state: DISCONNECTED/DISCONNECTED, reason: (unspecified), extra: (none), roaming: false, failover: false, isAvailable: true]
04-23 11:50:58.319  2612  3660 D ConnectivityService: returning getNetworkInfo for network type 1 : [type: WIFI[] - WIFI, state: CONNECTED/CONNECTED, reason: (unspecified), extra: "HuuugeQA", roaming: false, failover: false, isAvailable: true]
04-23 11:50:58.319  2612  4193 I ActivityManager: KillingProcessesUss : put [com.google.android.youtube] : 16780 KB
04-23 11:50:58.319  2612  4193 I ActivityManager: Killing 19668:com.google.android.youtube/u0a151 (adj 15): DHA:empty #31
04-23 11:50:58.319  2612  4193 V BroadcastQueue: [background] Process cur broadcast BroadcastRecord{e4c45ef u0 android.intent.action.PACKAGE_ADDED qIdx=4}, state= (APP_RECEIVE) DELIVERED for app ProcessRecord{987a481 3857:com.google.android.gms/u0a15}
04-23 11:50:58.319  2612  4193 V BroadcastQueue: [background] Process cur broadcast BroadcastRecord{e4c45ef u0 android.intent.action.PACKAGE_ADDED qIdx=4}, state= (APP_RECEIVE) DELIVERED for app ProcessRecord{987a481 3857:com.google.android.gms/u0a15}
04-23 11:50:58.329  2612  2627 V BroadcastQueue: [background] Process cur broadcast BroadcastRecord{e4c45ef u0 android.intent.action.PACKAGE_ADDED qIdx=4}, state= (APP_RECEIVE) DELIVERED for app ProcessRecord{72163a8 3754:com.google.android.gms.persistent/u0a15}
04-23 11:50:58.339  2612  3660 D MountService: getExternalStorageMountMode : 1
04-23 11:50:58.339  2612  3660 D MountService: getExternalStorageMountMode : 3
04-23 11:50:58.339  2612  3660 D MountService: getExternalStorageMountMode : final mountMode=1, uid : 10010, packageName : com.microsoft.office.excel
04-23 11:50:58.349 20780 20780 I libpersona: KNOX_SDCARD checking this for 10010
04-23 11:50:58.349 20780 20780 I libpersona: KNOX_SDCARD not a persona
04-23 11:50:58.349  2612  3660 I ActivityManager: Start proc 20780:com.microsoft.office.excel/u0a10 for broadcast-3 com.microsoft.office.excel/com.microsoft.office.notification.SystemBroadcastReceiver
04-23 11:50:58.469  2612  3660 V BroadcastQueue: [background] Process cur broadcast BroadcastRecord{e4c45ef u0 android.intent.action.PACKAGE_ADDED qIdx=4}, state= (APP_RECEIVE) DELIVERED for app ProcessRecord{1a5f2d0 20780:com.microsoft.office.excel/u0a10}
04-23 11:50:58.469  2612  2685 D MountService: getExternalStorageMountMode : 1
04-23 11:50:58.469  2612  2685 D MountService: getExternalStorageMountMode : 3
04-23 11:50:58.469  2612  2685 D MountService: getExternalStorageMountMode : final mountMode=1, uid : 1000, packageName : com.trustonic.tuiservice
04-23 11:50:58.479 20794 20794 I libpersona: KNOX_SDCARD checking this for 1000
04-23 11:50:58.479 20794 20794 I libpersona: KNOX_SDCARD not a persona
04-23 11:50:58.479  2612  2685 I ActivityManager: Start proc 20794:com.trustonic.tuiservice/1000 for service com.trustonic.tuiservice/.TuiService
04-23 11:50:58.489 20780 20780 D ResourcesManager: For user 0 new overlays fetched Null
