04-23 10:13:02.849 10838 11100 I Claw    : [0m[       18.51] [30;1mjni/../jni/src/claw/vfs/NativeMount.cpp:244: Aquire java class for JNI method: com/Claw/Android/NativeMount
04-23 10:13:02.849 10838 11100 I Claw    : [0m[       18.51] [30;1mjni/../jni/src/claw/vfs/NativeMount.cpp:244: JNI class acquired, acquire java method: GetFreeDiskSpace with args: (Ljava/lang/String;)J
04-23 10:13:02.859 10838 11100 I Claw    : [0m[      18.526] [30;1mjni/../jni/src/claw/vfs/NativeMount.cpp:244: Aquire java class for JNI method: com/Claw/Android/NativeMount
04-23 10:13:02.859 10838 11100 I Claw    : [0m[      18.526] [30;1mjni/../jni/src/claw/vfs/NativeMount.cpp:244: JNI class acquired, acquire java method: GetFreeDiskSpace with args: (Ljava/lang/String;)J
04-23 10:13:02.869 10838 11100 I Claw    : [0m[       18.53] [30;1mjni/../jni/src/claw/vfs/NativeMount.cpp:244: Aquire java class for JNI method: com/Claw/Android/NativeMount
04-23 10:13:02.869 10838 11100 I Claw    : [0m[      18.531] [30;1mjni/../jni/src/claw/vfs/NativeMount.cpp:244: JNI class acquired, acquire java method: GetFreeDiskSpace with args: (Ljava/lang/String;)J
04-23 10:13:02.869 10838 11100 I Claw    : [0m[      18.536] [30;1mjni/../jni/src/claw/vfs/NativeMount.cpp:244: Aquire java class for JNI method: com/Claw/Android/NativeMount
04-23 10:13:02.869 10838 11100 I Claw    : [0m[      18.537] [30;1mjni/../jni/src/claw/vfs/NativeMount.cpp:244: JNI class acquired, acquire java method: GetFreeDiskSpace with args: (Ljava/lang/String;)J
04-23 10:13:02.879 10838 11100 I Claw    : [0m[      18.544] [30;1mjni/../jni/src/claw/vfs/NativeMount.cpp:244: Aquire java class for JNI method: com/Claw/Android/NativeMount
04-23 10:13:02.879 10838 11100 I Claw    : [0m[      18.544] [30;1mjni/../jni/src/claw/vfs/NativeMount.cpp:244: JNI class acquired, acquire java method: GetFreeDiskSpace with args: (Ljava/lang/String;)J
04-23 10:13:02.889 10838 11100 I Claw    : [0m[      18.551] [30;1mjni/../jni/src/claw/vfs/NativeMount.cpp:244: Aquire java class for JNI method: com/Claw/Android/NativeMount
04-23 10:13:02.889 10838 11100 I Claw    : [0m[      18.551] [30;1mjni/../jni/src/claw/vfs/NativeMount.cpp:244: JNI class acquired, acquire java method: GetFreeDiskSpace with args: (Ljava/lang/String;)J
04-23 10:13:02.899 10838 11100 I Claw    : [0m[      18.563] [30;1mjni/../jni/src/claw/vfs/NativeMount.cpp:244: Aquire java class for JNI method: com/Claw/Android/NativeMount
04-23 10:13:02.899 10838 11100 I Claw    : [0m[      18.563] [30;1mjni/../jni/src/claw/vfs/NativeMount.cpp:244: JNI class acquired, acquire java method: GetFreeDiskSpace with args: (Ljava/lang/String;)J
04-23 10:13:02.899 10838 11100 I Claw    : [0m[      18.565] [30;1mjni/../jni/src/claw/vfs/NativeMount.cpp:244: Aquire java class for JNI method: com/Claw/Android/NativeMount
04-23 10:13:02.899 10838 11100 I Claw    : [0m[      18.566] [30;1mjni/../jni/src/claw/vfs/NativeMount.cpp:244: JNI class acquired, acquire java method: GetFreeDiskSpace with args: (Ljava/lang/String;)J
04-23 10:13:02.909 10838 11100 I Claw    : [0m[      18.574] [30;1mjni/../jni/src/claw/vfs/NativeMount.cpp:244: Aquire java class for JNI method: com/Claw/Android/NativeMount
04-23 10:13:02.909 10838 11100 I Claw    : [0m[      18.574] [30;1mjni/../jni/src/claw/vfs/NativeMount.cpp:244: JNI class acquired, acquire java method: GetFreeDiskSpace with args: (Ljava/lang/String;)J
04-23 10:13:02.909 10838 11100 I Claw    : [0m[      18.576] [30;1mjni/../jni/src/claw/vfs/NativeMount.cpp:244: Aquire java class for JNI method: com/Claw/Android/NativeMount
04-23 10:13:02.909 10838 11100 I Claw    : [0m[      18.577] [30;1mjni/../jni/src/claw/vfs/NativeMount.cpp:244: JNI class acquired, acquire java method: GetFreeDiskSpace with args: (Ljava/lang/String;)J
04-23 10:13:02.919 10838 11100 I Claw    : [0m[      18.585] [30;1mjni/../jni/src/claw/vfs/NativeMount.cpp:244: Aquire java class for JNI method: com/Claw/Android/NativeMount
04-23 10:13:02.919 10838 11100 I Claw    : [0m[      18.585] [30;1mjni/../jni/src/claw/vfs/NativeMount.cpp:244: JNI class acquired, acquire java method: GetFreeDiskSpace with args: (Ljava/lang/String;)J
04-23 10:13:02.929 10838 11100 I Claw    : [0m[      18.588] [30;1mjni/../jni/src/claw/vfs/NativeMount.cpp:244: Aquire java class for JNI method: com/Claw/Android/NativeMount
04-23 10:13:02.929 10838 11100 I Claw    : [0m[      18.589] [30;1mjni/../jni/src/claw/vfs/NativeMount.cpp:244: JNI class acquired, acquire java method: GetFreeDiskSpace with args: (Ljava/lang/String;)J
04-23 10:13:02.929 10838 11100 I Claw    : [0m[      18.593] [30;1mjni/../jni/src/claw/vfs/NativeMount.cpp:244: Aquire java class for JNI method: com/Claw/Android/NativeMount
04-23 10:13:02.929 10838 11100 I Claw    : [0m[      18.593] [30;1mjni/../jni/src/claw/vfs/NativeMount.cpp:244: JNI class acquired, acquire java method: GetFreeDiskSpace with args: (Ljava/lang/String;)J
04-23 10:13:02.929 10838 11100 I Claw    : [0m[      18.597] [30;1mjni/../jni/src/claw/vfs/NativeMount.cpp:244: Aquire java class for JNI method: com/Claw/Android/NativeMount
04-23 10:13:02.939 10838 11100 I Claw    : [0m[      18.598] [30;1mjni/../jni/src/claw/vfs/NativeMount.cpp:244: JNI class acquired, acquire java method: GetFreeDiskSpace with args: (Ljava/lang/String;)J
04-23 10:13:02.939 10838 11100 I Claw    : [0m[        18.6] [30;1mjni/../jni/src/claw/vfs/NativeMount.cpp:244: Aquire java class for JNI method: com/Claw/Android/NativeMount
04-23 10:13:02.939 10838 11100 I Claw    : [0m[        18.6] [30;1mjni/../jni/src/claw/vfs/NativeMount.cpp:244: JNI class acquired, acquire java method: GetFreeDiskSpace with args: (Ljava/lang/String;)J
04-23 10:13:02.939 10838 11100 I Claw    : [0m[      18.602] [30;1mjni/../jni/src/claw/vfs/NativeMount.cpp:244: Aquire java class for JNI method: com/Claw/Android/NativeMount
04-23 10:13:02.939 10838 11100 I Claw    : [0m[      18.602] [30;1mjni/../jni/src/claw/vfs/NativeMount.cpp:244: JNI class acquired, acquire java method: GetFreeDiskSpace with args: (Ljava/lang/String;)J
04-23 10:13:02.939 10838 11100 I Claw    : [0m[      18.604] [30;1mjni/../jni/src/claw/vfs/NativeMount.cpp:244: Aquire java class for JNI method: com/Claw/Android/NativeMount
04-23 10:13:02.939 10838 11100 I Claw    : [0m[      18.605] [30;1mjni/../jni/src/claw/vfs/NativeMount.cpp:244: JNI class acquired, acquire java method: GetFreeDiskSpace with args: (Ljava/lang/String;)J
04-23 10:13:02.949 10838 11100 I Claw    : [0m[       18.61] [30;1mjni/../jni/src/claw/vfs/NativeMount.cpp:244: Aquire java class for JNI method: com/Claw/Android/NativeMount
04-23 10:13:02.949 10838 11100 I Claw    : [0m[       18.61] [30;1mjni/../jni/src/claw/vfs/NativeMount.cpp:244: JNI class acquired, acquire java method: GetFreeDiskSpace with args: (Ljava/lang/String;)J
04-23 10:13:02.949 10838 11100 I Claw    : [0m[      18.613] [30;1mjni/../jni/src/claw/vfs/NativeMount.cpp:244: Aquire java class for JNI method: com/Claw/Android/NativeMount
04-23 10:13:02.949 10838 11100 I Claw    : [0m[      18.613] [30;1mjni/../jni/src/claw/vfs/NativeMount.cpp:244: JNI class acquired, acquire java method: GetFreeDiskSpace with args: (Ljava/lang/String;)J
04-23 10:13:02.949 10838 11100 I Claw    : [0m[      18.615] [30;1mjni/../jni/src/claw/vfs/NativeMount.cpp:244: Aquire java class for JNI method: com/Claw/Android/NativeMount
04-23 10:13:02.949 10838 11100 I Claw    : [0m[      18.615] [30;1mjni/../jni/src/claw/vfs/NativeMount.cpp:244: JNI class acquired, acquire java method: GetFreeDiskSpace with args: (Ljava/lang/String;)J
04-23 10:13:02.959 10838 11100 I Claw    : [0m[      18.618] [30;1mjni/../jni/src/claw/vfs/NativeMount.cpp:244: Aquire java class for JNI method: com/Claw/Android/NativeMount
04-23 10:13:02.959 10838 11100 I Claw    : [0m[      18.618] [30;1mjni/../jni/src/claw/vfs/NativeMount.cpp:244: JNI class acquired, acquire java method: GetFreeDiskSpace with args: (Ljava/lang/String;)J
04-23 10:13:02.959 10838 11100 I Claw    : [0m[       18.62] [30;1mjni/../jni/src/claw/vfs/NativeMount.cpp:244: Aquire java class for JNI method: com/Claw/Android/NativeMount
04-23 10:13:02.959 10838 11100 I Claw    : [0m[       18.62] [30;1mjni/../jni/src/claw/vfs/NativeMount.cpp:244: JNI class acquired, acquire java method: GetFreeDiskSpace with args: (Ljava/lang/String;)J
04-23 10:13:02.979 10838 11100 I Claw    : [0m[      18.639] [30;1mjni/../jni/src/claw/vfs/NativeMount.cpp:244: Aquire java class for JNI method: com/Claw/Android/NativeMount
04-23 10:13:02.979 10838 11100 I Claw    : [0m[      18.639] [30;1mjni/../jni/src/claw/vfs/NativeMount.cpp:244: JNI class acquired, acquire java method: GetFreeDiskSpace with args: (Ljava/lang/String;)J
04-23 10:13:02.989 10838 11100 I Claw    : [0m[      18.654] [30;1mjni/../jni/src/claw/vfs/NativeMount.cpp:244: Aquire java class for JNI method: com/Claw/Android/NativeMount
04-23 10:13:02.989 10838 11100 I Claw    : [0m[      18.654] [30;1mjni/../jni/src/claw/vfs/NativeMount.cpp:244: JNI class acquired, acquire java method: GetFreeDiskSpace with args: (Ljava/lang/String;)J
04-23 10:13:02.989  2612  3011 D NtpTrustedTime: currentTimeMillis() cache hit
04-23 10:13:02.989  2612  3011 V NetworkStats: performPollLocked(flags=0x1)
04-23 10:13:02.999 10838 11100 I Claw    : [0m[      18.657] [30;1mjni/../jni/src/claw/vfs/NativeMount.cpp:244: Aquire java class for JNI method: com/Claw/Android/NativeMount
04-23 10:13:02.999 10838 11100 I Claw    : [0m[      18.658] [30;1mjni/../jni/src/claw/vfs/NativeMount.cpp:244: JNI class acquired, acquire java method: GetFreeDiskSpace with args: (Ljava/lang/String;)J
04-23 10:13:02.999 10838 11100 I Claw    : [0m[      18.661] [30;1mjni/../jni/src/claw/vfs/NativeMount.cpp:244: Aquire java class for JNI method: com/Claw/Android/NativeMount
04-23 10:13:02.999 10838 11100 I Claw    : [0m[      18.661] [30;1mjni/../jni/src/claw/vfs/NativeMount.cpp:244: JNI class acquired, acquire java method: GetFreeDiskSpace with args: (Ljava/lang/String;)J
04-23 10:13:02.999 10838 11100 I Claw    : [0m[      18.664] [30;1mjni/../jni/src/claw/vfs/NativeMount.cpp:244: Aquire java class for JNI method: com/Claw/Android/NativeMount
04-23 10:13:02.999 10838 11100 I Claw    : [0m[      18.664] [30;1mjni/../jni/src/claw/vfs/NativeMount.cpp:244: JNI class acquired, acquire java method: GetFreeDiskSpace with args: (Ljava/lang/String;)J
04-23 10:13:02.999  2612  3011 D NetworkStatsRecorder: entry.iface is null
04-23 10:13:02.999  2612  3011 D NetworkStatsRecorder: entry.iface is null
04-23 10:13:02.999  2612  3011 D NetworkStatsRecorder: entry.iface is null
04-23 10:13:02.999  2612  3011 D NetworkStatsRecorder: entry.iface is null
04-23 10:13:02.999  2612  3011 D NetworkStatsRecorder: entry.iface is null
04-23 10:13:03.009 10838 11100 I Claw    : [0m[      18.667] [30;1mjni/../jni/src/claw/vfs/NativeMount.cpp:244: Aquire java class for JNI method: com/Claw/Android/NativeMount
04-23 10:13:03.009 10838 11100 I Claw    : [0m[      18.668] [30;1mjni/../jni/src/claw/vfs/NativeMount.cpp:244: JNI class acquired, acquire java method: GetFreeDiskSpace with args: (Ljava/lang/String;)J
04-23 10:13:03.009 10838 11100 I Claw    : [0m[       18.67] [30;1mjni/../jni/src/claw/vfs/NativeMount.cpp:244: Aquire java class for JNI method: com/Claw/Android/NativeMount
04-23 10:13:03.009 10838 11100 I Claw    : [0m[       18.67] [30;1mjni/../jni/src/claw/vfs/NativeMount.cpp:244: JNI class acquired, acquire java method: GetFreeDiskSpace with args: (Ljava/lang/String;)J
04-23 10:13:03.009 10838 11100 I Claw    : [0m[      18.673] [30;1mjni/../jni/src/claw/vfs/NativeMount.cpp:244: Aquire java class for JNI method: com/Claw/Android/NativeMount
04-23 10:13:03.009 10838 11100 I Claw    : [0m[      18.674] [30;1mjni/../jni/src/claw/vfs/NativeMount.cpp:244: JNI class acquired, acquire java method: GetFreeDiskSpace with args: (Ljava/lang/String;)J
04-23 10:13:03.009  2612  3011 D NetworkStatsRecorder: entry.iface is null
04-23 10:13:03.009  2612  3011 D NetworkStatsRecorder: entry.iface is null
04-23 10:13:03.009  2612  3011 D NetworkStatsRecorder: entry.iface is null
04-23 10:13:03.009  2612  3011 D NetworkStatsRecorder: entry.iface is null
04-23 10:13:03.009  2612  3011 D NetworkStatsRecorder: entry.iface is null
04-23 10:13:03.019 10838 11100 I Claw    : [0m[      18.679] [30;1mjni/../jni/src/claw/vfs/NativeMount.cpp:244: Aquire java class for JNI method: com/Claw/Android/NativeMount
04-23 10:13:03.019 10838 11100 I Claw    : [0m[       18.68] [30;1mjni/../jni/src/claw/vfs/NativeMount.cpp:244: JNI class acquired, acquire java method: GetFreeDiskSpace with args: (Ljava/lang/String;)J
04-23 10:13:03.019 10838 11100 I Claw    : [0m[      18.683] [30;1mjni/../jni/src/claw/vfs/NativeMount.cpp:244: Aquire java class for JNI method: com/Claw/Android/NativeMount
04-23 10:13:03.019 10838 11100 I Claw    : [0m[      18.684] [30;1mjni/../jni/src/claw/vfs/NativeMount.cpp:244: JNI class acquired, acquire java method: GetFreeDiskSpace with args: (Ljava/lang/String;)J
04-23 10:13:03.019 10838 11100 I Claw    : [0m[      18.685] [30;1mjni/../jni/src/claw/vfs/NativeMount.cpp:244: Aquire java class for JNI method: com/Claw/Android/NativeMount
04-23 10:13:03.019 10838 11100 I Claw    : [0m[      18.685] [30;1mjni/../jni/src/claw/vfs/NativeMount.cpp:244: JNI class acquired, acquire java method: GetFreeDiskSpace with args: (Ljava/lang/String;)J
04-23 10:13:03.029 10838 11100 I Claw    : [0m[      18.689] [30;1mjni/../jni/src/claw/vfs/NativeMount.cpp:244: Aquire java class for JNI method: com/Claw/Android/NativeMount
04-23 10:13:03.029 10838 11100 I Claw    : [0m[       18.69] [30;1mjni/../jni/src/claw/vfs/NativeMount.cpp:244: JNI class acquired, acquire java method: GetFreeDiskSpace with args: (Ljava/lang/String;)J
04-23 10:13:03.029  2612  3011 D NtpTrustedTime: currentTimeMillis() cache hit
04-23 10:13:03.029  2612  3011 V NetworkStats: performPollLocked() took 39ms
04-23 10:13:03.039  2612  3012 D NtpTrustedTime: currentTimeMillis() cache hit
04-23 10:13:03.039  2612  3012 D NtpTrustedTime: currentTimeMillis() cache hit
04-23 10:13:03.039 10838 11100 I Claw    : [0m[      18.699] [30;1mjni/../jni/src/claw/vfs/NativeMount.cpp:244: Aquire java class for JNI method: com/Claw/Android/NativeMount
04-23 10:13:03.039 10838 11100 I Claw    : [0m[      18.699] [30;1mjni/../jni/src/claw/vfs/NativeMount.cpp:244: JNI class acquired, acquire java method: GetFreeDiskSpace with args: (Ljava/lang/String;)J
04-23 10:13:03.039 10838 11100 I Claw    : [0m[      18.706] [30;1mjni/../jni/src/claw/vfs/NativeMount.cpp:244: Aquire java class for JNI method: com/Claw/Android/NativeMount
04-23 10:13:03.039 10838 11100 I Claw    : [0m[      18.706] [30;1mjni/../jni/src/claw/vfs/NativeMount.cpp:244: JNI class acquired, acquire java method: GetFreeDiskSpace with args: (Ljava/lang/String;)J
04-23 10:13:03.049 10838 11100 I Claw    : [0m[      18.713] [30;1mjni/../jni/src/claw/vfs/NativeMount.cpp:244: Aquire java class for JNI method: com/Claw/Android/NativeMount
04-23 10:13:03.049 10838 11100 I Claw    : [0m[      18.713] [30;1mjni/../jni/src/claw/vfs/NativeMount.cpp:244: JNI class acquired, acquire java method: GetFreeDiskSpace with args: (Ljava/lang/String;)J
04-23 10:13:03.049 10838 11100 I Claw    : [0m[      18.716] [30;1mjni/../jni/src/claw/vfs/NativeMount.cpp:244: Aquire java class for JNI method: com/Claw/Android/NativeMount
04-23 10:13:03.049 10838 11100 I Claw    : [0m[      18.716] [30;1mjni/../jni/src/claw/vfs/NativeMount.cpp:244: JNI class acquired, acquire java method: GetFreeDiskSpace with args: (Ljava/lang/String;)J
04-23 10:13:03.059 10838 11100 I Claw    : [0m[      18.718] [30;1mjni/../jni/src/claw/vfs/NativeMount.cpp:244: Aquire java class for JNI method: com/Claw/Android/NativeMount
04-23 10:13:03.059 10838 11100 I Claw    : [0m[      18.719] [30;1mjni/../jni/src/claw/vfs/NativeMount.cpp:244: JNI class acquired, acquire java method: GetFreeDiskSpace with args: (Ljava/lang/String;)J
04-23 10:13:03.059  3754  3754 D RelationGraph: garbageCollect()
04-23 10:13:03.059 10838 11100 I Claw    : [0m[      18.725] [30;1mjni/../jni/src/claw/vfs/NativeMount.cpp:244: Aquire java class for JNI method: com/Claw/Android/NativeMount
04-23 10:13:03.059 10838 11100 I Claw    : [0m[      18.725] [30;1mjni/../jni/src/claw/vfs/NativeMount.cpp:244: JNI class acquired, acquire java method: GetFreeDiskSpace with args: (Ljava/lang/String;)J
04-23 10:13:03.069  3754  3754 D RelationGraph: garbageCollect()
04-23 10:13:03.069 10838 11100 I Claw    : [0m[      18.731] [30;1mjni/../jni/src/claw/vfs/NativeMount.cpp:244: Aquire java class for JNI method: com/Claw/Android/NativeMount
04-23 10:13:03.069 10838 11100 I Claw    : [0m[      18.731] [30;1mjni/../jni/src/claw/vfs/NativeMount.cpp:244: JNI class acquired, acquire java method: GetFreeDiskSpace with args: (Ljava/lang/String;)J
04-23 10:13:03.069 10838 11100 I Claw    : [0m[      18.735] [30;1mjni/../jni/src/claw/vfs/NativeMount.cpp:244: Aquire java class for JNI method: com/Claw/Android/NativeMount
04-23 10:13:03.069 10838 11100 I Claw    : [0m[      18.735] [30;1mjni/../jni/src/claw/vfs/NativeMount.cpp:244: JNI class acquired, acquire java method: GetFreeDiskSpace with args: (Ljava/lang/String;)J
04-23 10:13:03.079 10838 11100 I Claw    : [0m[      18.742] [30;1mjni/../jni/src/claw/vfs/NativeMount.cpp:244: Aquire java class for JNI method: com/Claw/Android/NativeMount
04-23 10:13:03.079 10838 11100 I Claw    : [0m[      18.742] [30;1mjni/../jni/src/claw/vfs/NativeMount.cpp:244: JNI class acquired, acquire java method: GetFreeDiskSpace with args: (Ljava/lang/String;)J
04-23 10:13:03.089  3754  3754 D RelationGraph: garbageCollect()
04-23 10:13:03.099  3754  3765 E Auth    : [GoogleAccountDataServiceImpl] getToken() -> BAD_AUTHENTICATION. Account: <ELLIDED:312516430>, App: com.android.vending, Service: androidmarket
04-23 10:13:03.099  3754  3765 E Auth    : fkq: Long live credential not available.
04-23 10:13:03.099  3754  3765 E Auth    : 	at fkr.b(:com.google.android.gms@12521020@12.5.21 (040308-189987672):20)
04-23 10:13:03.099  3754  3765 E Auth    : 	at fkr.a(:com.google.android.gms@12521020@12.5.21 (040308-189987672):50)
04-23 10:13:03.099  3754  3765 E Auth    : 	at fjb.a(:com.google.android.gms@12521020@12.5.21 (040308-189987672):35)
04-23 10:13:03.099  3754  3765 E Auth    : 	at gzf.a(:com.google.android.gms@12521020@12.5.21 (040308-189987672):8)
04-23 10:13:03.099  3754  3765 E Auth    : 	at gzf.a(:com.google.android.gms@12521020@12.5.21 (040308-189987672):160)
04-23 10:13:03.099  3754  3765 E Auth    : 	at gyf.a(:com.google.android.gms@12521020@12.5.21 (040308-189987672):2)
04-23 10:13:03.099  3754  3765 E Auth    : 	at gyc.a(:com.google.android.gms@12521020@12.5.21 (040308-189987672):17)
04-23 10:13:03.099  3754  3765 E Auth    : 	at gyc.a(:com.google.android.gms@12521020@12.5.21 (040308-189987672):6)
04-23 10:13:03.099  3754  3765 E Auth    : 	at cug.a(:com.google.android.gms@12521020@12.5.21 (040308-189987672):25)
04-23 10:13:03.099  3754  3765 E Auth    : 	at cug.a(:com.google.android.gms@12521020@12.5.21 (040308-189987672):79)
04-23 10:13:03.099  3754  3765 E Auth    : 	at ffx.a(:com.google.android.gms@12521020@12.5.21 (040308-189987672):6)
04-23 10:13:03.099  3754  3765 E Auth    : 	at ffw.a(:com.google.android.gms@12521020@12.5.21 (040308-189987672):2)
04-23 10:13:03.099  3754  3765 E Auth    : 	at ffw.e(:com.google.android.gms@12521020@12.5.21 (040308-189987672):6)
04-23 10:13:03.099  3754  3765 E Auth    : 	at ffv.a(:com.google.android.gms@12521020@12.5.21 (040308-189987672):1)
04-23 10:13:03.099  3754  3765 E Auth    : 	at fhs.getAuthToken(:com.google.android.gms@12521020@12.5.21 (040308-189987672):7)
04-23 10:13:03.099  3754  3765 E Auth    : 	at android.accounts.AbstractAccountAuthenticator$Transport.getAuthToken(AbstractAccountAuthenticator.java:214)
04-23 10:13:03.099  3754  3765 E Auth    : 	at android.accounts.IAccountAuthenticator$Stub.onTransact(IAccountAuthenticator.java:113)
04-23 10:13:03.099  3754  3765 E Auth    : 	at android.os.Binder.transact(Binder.java:387)
04-23 10:13:03.099  3754  3765 E Auth    : 	at cwl.onTransact(:com.google.android.gms@12521020@12.5.21 (040308-189987672):3)
04-23 10:13:03.099  3754  3765 E Auth    : 	at android.os.Binder.execTransact(Binder.java:453)
04-23 10:13:03.099  3754  3765 W Auth    : [GetToken] GetToken failed with status code: BadAuthentication
04-23 10:13:03.109  3754  3754 D RelationGraph: garbageCollect()
04-23 10:13:03.119  3754  3765 W Auth    : [GoogleAuthUtil] GoogleAuthUtil
04-23 10:13:03.119  3754  3765 W GLSActivity: fgj: BadAuthentication
04-23 10:13:03.119  3754  3765 W GLSActivity: 	at ffx.a(:com.google.android.gms@12521020@12.5.21 (040308-189987672):13)
04-23 10:13:03.119  3754  3765 W GLSActivity: 	at ffw.a(:com.google.android.gms@12521020@12.5.21 (040308-189987672):2)
04-23 10:13:03.119  3754  3765 W GLSActivity: 	at ffw.e(:com.google.android.gms@12521020@12.5.21 (040308-189987672):6)
04-23 10:13:03.119  3754  3765 W GLSActivity: 	at ffv.a(:com.google.android.gms@12521020@12.5.21 (040308-189987672):1)
04-23 10:13:03.119  3754  3765 W GLSActivity: 	at fhs.getAuthToken(:com.google.android.gms@12521020@12.5.21 (040308-189987672):7)
04-23 10:13:03.119  3754  3765 W GLSActivity: 	at android.accounts.AbstractAccountAuthenticator$Transport.getAuthToken(AbstractAccountAuthenticator.java:214)
04-23 10:13:03.119  3754  3765 W GLSActivity: 	at android.accounts.IAccountAuthenticator$Stub.onTransact(IAccountAuthenticator.java:113)
04-23 10:13:03.119  3754  3765 W GLSActivity: 	at android.os.Binder.transact(Binder.java:387)
04-23 10:13:03.119  3754  3765 W GLSActivity: 	at cwl.onTransact(:com.google.android.gms@12521020@12.5.21 (040308-189987672):3)
04-23 10:13:03.119  3754  3765 W GLSActivity: 	at android.os.Binder.execTransact(Binder.java:453)
04-23 10:13:03.119 10838 11100 I Claw    : [0m[      18.782] [30;1mjni/../jni/src/claw/vfs/NativeMount.cpp:244: Aquire java class for JNI method: com/Claw/Android/NativeMount
04-23 10:13:03.119 10838 11100 I Claw    : [0m[      18.783] [30;1mjni/../jni/src/claw/vfs/NativeMount.cpp:244: JNI class acquired, acquire java method: GetFreeDiskSpace with args: (Ljava/lang/String;)J
04-23 10:13:03.129 10838 11100 I Claw    : [0m[      18.788] [30;1mjni/../jni/src/claw/vfs/NativeMount.cpp:244: Aquire java class for JNI method: com/Claw/Android/NativeMount
04-23 10:13:03.129 10838 11100 I Claw    : [0m[      18.788] [30;1mjni/../jni/src/claw/vfs/NativeMount.cpp:244: JNI class acquired, acquire java method: GetFreeDiskSpace with args: (Ljava/lang/String;)J
04-23 10:13:03.129  6429  6429 I Finsky  : [1] com.google.android.finsky.o.c.a(24): Completed 1 account content syncs with 0 successful.
04-23 10:13:03.129 10838 11100 I Claw    : [0m[      18.791] [30;1mjni/../jni/src/claw/vfs/NativeMount.cpp:244: Aquire java class for JNI method: com/Claw/Android/NativeMount
04-23 10:13:03.129 10838 11100 I Claw    : [0m[      18.791] [30;1mjni/../jni/src/claw/vfs/NativeMount.cpp:244: JNI class acquired, acquire java method: GetFreeDiskSpace with args: (Ljava/lang/String;)J
04-23 10:13:03.129  6429  6429 I Finsky  : [1] com.google.android.finsky.ai.c.a(7): Installation state replication failed.
04-23 10:13:03.129  6429  6429 I Finsky  : [1] com.google.android.finsky.ai.c.a(14): Scheduling replication attempt 1.
04-23 10:13:03.129  6429  6429 I Finsky  : [1] com.google.android.finsky.scheduler.ax.b(12): jobFinished: 1 12
04-23 10:13:03.129  6429  6429 I Finsky  : [1] com.google.android.finsky.scheduler.y.a(186): Job 1 (12) finished
04-23 10:13:03.129 10838 11100 I Claw    : [0m[      18.794] [30;1mjni/../jni/src/claw/vfs/NativeMount.cpp:244: Aquire java class for JNI method: com/Claw/Android/NativeMount
04-23 10:13:03.129 10838 11100 I Claw    : [0m[      18.794] [30;1mjni/../jni/src/claw/vfs/NativeMount.cpp:244: JNI class acquired, acquire java method: GetFreeDiskSpace with args: (Ljava/lang/String;)J
04-23 10:13:03.129  6429  6429 I Finsky  : [1] com.google.android.finsky.scheduler.y.a(160): RunningQueue size: 0
04-23 10:13:03.129  6429  6429 I Finsky  : [1] com.google.android.finsky.scheduler.y.a(161): PendingQueue size: 0
04-23 10:13:03.129  6429  6429 I Finsky  : [1] com.google.android.finsky.scheduler.ad.handleMessage(224): Executor finished
04-23 10:13:03.139 10838 11100 I Claw    : [0m[      18.802] [30;1mjni/../jni/src/claw/vfs/NativeMount.cpp:244: Aquire java class for JNI method: com/Claw/Android/NativeMount
04-23 10:13:03.139 10838 11100 I Claw    : [0m[      18.802] [30;1mjni/../jni/src/claw/vfs/NativeMount.cpp:244: JNI class acquired, acquire java method: GetFreeDiskSpace with args: (Ljava/lang/String;)J
04-23 10:13:03.139  6429  6429 I Finsky  : [1] com.google.android.finsky.scheduler.JobSchedulerEngine.a(134): Scheduling job Id: 9001, MinLatency: 39990, Override Deadline: 86399990, C: false, I: false, N: 1
04-23 10:13:03.169 10838 11100 I Claw    : [0m[      18.829] [30;1mjni/../jni/src/claw/vfs/NativeMount.cpp:244: Aquire java class for JNI method: com/Claw/Android/NativeMount
04-23 10:13:03.169 10838 11100 I Claw    : [0m[      18.829] [30;1mjni/../jni/src/claw/vfs/NativeMount.cpp:244: JNI class acquired, acquire java method: GetFreeDiskSpace with args: (Ljava/lang/String;)J
04-23 10:13:03.169 10838 11100 I Claw    : [0m[      18.831] [30;1mjni/../jni/src/claw/vfs/NativeMount.cpp:244: Aquire java class for JNI method: com/Claw/Android/NativeMount
04-23 10:13:03.169 10838 11100 I Claw    : [0m[      18.831] [30;1mjni/../jni/src/claw/vfs/NativeMount.cpp:244: JNI class acquired, acquire java method: GetFreeDiskSpace with args: (Ljava/lang/String;)J
04-23 10:13:03.169 10838 11100 I Claw    : [0m[      18.834] [30;1mjni/../jni/src/claw/vfs/NativeMount.cpp:244: Aquire java class for JNI method: com/Claw/Android/NativeMount
04-23 10:13:03.169 10838 11100 I Claw    : [0m[      18.834] [30;1mjni/../jni/src/claw/vfs/NativeMount.cpp:244: JNI class acquired, acquire java method: GetFreeDiskSpace with args: (Ljava/lang/String;)J
04-23 10:13:03.169 10838 11100 I Claw    : [0m[      18.836] [30;1mjni/../jni/src/claw/vfs/NativeMount.cpp:244: Aquire java class for JNI method: com/Claw/Android/NativeMount
04-23 10:13:03.169 10838 11100 I Claw    : [0m[      18.836] [30;1mjni/../jni/src/claw/vfs/NativeMount.cpp:244: JNI class acquired, acquire java method: GetFreeDiskSpace with args: (Ljava/lang/String;)J
04-23 10:13:03.179 10838 11100 I Claw    : [0m[      18.838] [30;1mjni/../jni/src/claw/vfs/NativeMount.cpp:244: Aquire java class for JNI method: com/Claw/Android/NativeMount
04-23 10:13:03.179 10838 11100 I Claw    : [0m[      18.838] [30;1mjni/../jni/src/claw/vfs/NativeMount.cpp:244: JNI class acquired, acquire java method: GetFreeDiskSpace with args: (Ljava/lang/String;)J
04-23 10:13:03.219 10838 11100 I Claw    : [0m[       18.88] [30;1mjni/../jni/src/claw/vfs/NativeMount.cpp:244: Aquire java class for JNI method: com/Claw/Android/NativeMount
04-23 10:13:03.219 10838 11100 I Claw    : [0m[      18.881] [30;1mjni/../jni/src/claw/vfs/NativeMount.cpp:244: JNI class acquired, acquire java method: GetFreeDiskSpace with args: (Ljava/lang/String;)J
04-23 10:13:03.219 10838 11100 I Claw    : [0m[      18.884] [30;1mjni/../jni/src/claw/vfs/NativeMount.cpp:244: Aquire java class for JNI method: com/Claw/Android/NativeMount
04-23 10:13:03.219 10838 11100 I Claw    : [0m[      18.884] [30;1mjni/../jni/src/claw/vfs/NativeMount.cpp:244: JNI class acquired, acquire java method: GetFreeDiskSpace with args: (Ljava/lang/String;)J
04-23 10:13:03.229 10838 11100 I Claw    : [0m[      18.888] [30;1mjni/../jni/src/claw/vfs/NativeMount.cpp:244: Aquire java class for JNI method: com/Claw/Android/NativeMount
04-23 10:13:03.229 10838 11100 I Claw    : [0m[      18.888] [30;1mjni/../jni/src/claw/vfs/NativeMount.cpp:244: JNI class acquired, acquire java method: GetFreeDiskSpace with args: (Ljava/lang/String;)J
04-23 10:13:03.229 10838 11100 I Claw    : [0m[      18.893] [30;1mjni/../jni/src/claw/vfs/NativeMount.cpp:244: Aquire java class for JNI method: com/Claw/Android/NativeMount
04-23 10:13:03.229 10838 11100 I Claw    : [0m[      18.894] [30;1mjni/../jni/src/claw/vfs/NativeMount.cpp:244: JNI class acquired, acquire java method: GetFreeDiskSpace with args: (Ljava/lang/String;)J
04-23 10:13:03.239 10838 11100 I Claw    : [0m[      18.902] [30;1mjni/../jni/src/claw/vfs/NativeMount.cpp:244: Aquire java class for JNI method: com/Claw/Android/NativeMount
04-23 10:13:03.239 10838 11100 I Claw    : [0m[      18.902] [30;1mjni/../jni/src/claw/vfs/NativeMount.cpp:244: JNI class acquired, acquire java method: GetFreeDiskSpace with args: (Ljava/lang/String;)J
04-23 10:13:03.249 10838 11100 I Claw    : [0m[      18.911] [30;1mjni/../jni/src/claw/vfs/NativeMount.cpp:244: Aquire java class for JNI method: com/Claw/Android/NativeMount
04-23 10:13:03.249 10838 11100 I Claw    : [0m[      18.912] [30;1mjni/../jni/src/claw/vfs/NativeMount.cpp:244: JNI class acquired, acquire java method: GetFreeDiskSpace with args: (Ljava/lang/String;)J
04-23 10:13:03.249 10838 11100 I Claw    : [0m[      18.916] [30;1mjni/../jni/src/claw/vfs/NativeMount.cpp:244: Aquire java class for JNI method: com/Claw/Android/NativeMount
04-23 10:13:03.249 10838 11100 I Claw    : [0m[      18.916] [30;1mjni/../jni/src/claw/vfs/NativeMount.cpp:244: JNI class acquired, acquire java method: GetFreeDiskSpace with args: (Ljava/lang/String;)J
04-23 10:13:03.259 10838 11047 I Claw    : [0m[      18.919] /home/jenkins/workspace/huuuge-stars/client-dev/hs-android/contrib/huuugeanalyticssdk/cpp/src/huuuge/analytics/HAHttp-android.cpp:80: Huuuge::analytics::HTTPAndroid::InvokeHttps 1nsjtnbmgl.execute-api.us-east-1.amazonaws.com public/dashboard-events
04-23 10:13:03.259 10838 11047 I Claw    : [0m[      18.919] /home/jenkins/workspace/huuuge-stars/client-dev/hs-android/contrib/huuugeanalyticssdk/cpp/src/huuuge/analytics/HAHttp-android.cpp:100: Huuuge::analytics::HTTPAndroid::InvokeHttps convert post payload 1096
04-23 10:13:03.259 10838 11047 I Claw    : [0m[       18.92] ../../../../../../../../contrib/huuugeanalyticssdk/cpp/contrib/jni/JniAttach.hpp:147: Aquire java class for JNI method: com/huuuge/analytics/HA
04-23 10:13:03.259 10838 11100 I Claw    : [0m[       18.92] [30;1mjni/../jni/src/claw/vfs/NativeMount.cpp:244: Aquire java class for JNI method: com/Claw/Android/NativeMount
04-23 10:13:03.259 10838 11047 I Claw    : [0m[       18.92] ../../../../../../../../contrib/huuugeanalyticssdk/cpp/contrib/jni/JniAttach.hpp:147: JNI class acquired, acquire java method: doHttpsRequest with args: (Ljava/lang/String;Ljava/lang/String;Ljava/lang/String;[Ljava/lang/String;[Ljava/lang/String;[B)[Ljava/lang/String;
04-23 10:13:03.259 10838 11100 I Claw    : [0m[       18.92] [30;1mjni/../jni/src/claw/vfs/NativeMount.cpp:244: JNI class acquired, acquire java method: GetFreeDiskSpace with args: (Ljava/lang/String;)J
04-23 10:13:03.259 10838 11047 I Claw    : [0m[       18.92] ../../../../../../../../contrib/huuugeanalyticssdk/cpp/contrib/jni/JniAttach.hpp:148: JNI method acquired, try to call.
04-23 10:13:03.259 10838 11100 I Claw    : [0m[      18.923] [30;1mjni/../jni/src/claw/vfs/NativeMount.cpp:244: Aquire java class for JNI method: com/Claw/Android/NativeMount
04-23 10:13:03.259 10838 11100 I Claw    : [0m[      18.923] [30;1mjni/../jni/src/claw/vfs/NativeMount.cpp:244: JNI class acquired, acquire java method: GetFreeDiskSpace with args: (Ljava/lang/String;)J
04-23 10:13:03.259 10838 11104 I System.out: (HTTPLog)-Static: isSBSettingEnabled false
04-23 10:13:03.259 10838 11104 I System.out: (HTTPLog)-Static: isSBSettingEnabled false
04-23 10:13:03.289 10838 11100 I Claw    : [0m[      18.952] [30;1mjni/../jni/src/claw/vfs/NativeMount.cpp:244: Aquire java class for JNI method: com/Claw/Android/NativeMount
04-23 10:13:03.289 10838 11100 I Claw    : [0m[      18.952] [30;1mjni/../jni/src/claw/vfs/NativeMount.cpp:244: JNI class acquired, acquire java method: GetFreeDiskSpace with args: (Ljava/lang/String;)J
04-23 10:13:03.309 10838 11100 I Claw    : [0m[       18.97] [30;1mjni/../jni/src/claw/vfs/NativeMount.cpp:244: Aquire java class for JNI method: com/Claw/Android/NativeMount
04-23 10:13:03.309 10838 11100 I Claw    : [0m[       18.97] [30;1mjni/../jni/src/claw/vfs/NativeMount.cpp:244: JNI class acquired, acquire java method: GetFreeDiskSpace with args: (Ljava/lang/String;)J
04-23 10:13:03.309 10838 11100 I Claw    : [0m[      18.972] [30;1mjni/../jni/src/claw/vfs/NativeMount.cpp:244: Aquire java class for JNI method: com/Claw/Android/NativeMount
04-23 10:13:03.309 10838 11100 I Claw    : [0m[      18.972] [30;1mjni/../jni/src/claw/vfs/NativeMount.cpp:244: JNI class acquired, acquire java method: GetFreeDiskSpace with args: (Ljava/lang/String;)J
04-23 10:13:03.309 10838 11100 I Claw    : [0m[      18.974] [30;1mjni/../jni/src/claw/vfs/NativeMount.cpp:244: Aquire java class for JNI method: com/Claw/Android/NativeMount
04-23 10:13:03.309 10838 11100 I Claw    : [0m[      18.974] [30;1mjni/../jni/src/claw/vfs/NativeMount.cpp:244: JNI class acquired, acquire java method: GetFreeDiskSpace with args: (Ljava/lang/String;)J
04-23 10:13:03.309 10838 11100 I Claw    : [0m[      18.976] [30;1mjni/../jni/src/claw/vfs/NativeMount.cpp:244: Aquire java class for JNI method: com/Claw/Android/NativeMount
04-23 10:13:03.309 10838 11100 I Claw    : [0m[      18.976] [30;1mjni/../jni/src/claw/vfs/NativeMount.cpp:244: JNI class acquired, acquire java method: GetFreeDiskSpace with args: (Ljava/lang/String;)J
04-23 10:13:03.319 10838 11100 I Claw    : [0m[      18.978] [30;1mjni/../jni/src/claw/vfs/NativeMount.cpp:244: Aquire java class for JNI method: com/Claw/Android/NativeMount
04-23 10:13:03.319 10838 11100 I Claw    : [0m[      18.978] [30;1mjni/../jni/src/claw/vfs/NativeMount.cpp:244: JNI class acquired, acquire java method: GetFreeDiskSpace with args: (Ljava/lang/String;)J
04-23 10:13:03.319 10838 11100 I Claw    : [0m[       18.98] [30;1mjni/../jni/src/claw/vfs/NativeMount.cpp:244: Aquire java class for JNI method: com/Claw/Android/NativeMount
04-23 10:13:03.319 10838 11100 I Claw    : [0m[       18.98] [30;1mjni/../jni/src/claw/vfs/NativeMount.cpp:244: JNI class acquired, acquire java method: GetFreeDiskSpace with args: (Ljava/lang/String;)J
04-23 10:13:03.319 10838 11100 I Claw    : [0m[      18.982] [30;1mjni/../jni/src/claw/vfs/NativeMount.cpp:244: Aquire java class for JNI method: com/Claw/Android/NativeMount
04-23 10:13:03.319 10838 11100 I Claw    : [0m[      18.982] [30;1mjni/../jni/src/claw/vfs/NativeMount.cpp:244: JNI class acquired, acquire java method: GetFreeDiskSpace with args: (Ljava/lang/String;)J
04-23 10:13:03.319 10838 11100 I Claw    : [0m[      18.983] [30;1mjni/../jni/src/claw/vfs/NativeMount.cpp:244: Aquire java class for JNI method: com/Claw/Android/NativeMount
04-23 10:13:03.319 10838 11100 I Claw    : [0m[      18.984] [30;1mjni/../jni/src/claw/vfs/NativeMount.cpp:244: JNI class acquired, acquire java method: GetFreeDiskSpace with args: (Ljava/lang/String;)J
04-23 10:13:03.329 10838 11100 I Claw    : [0m[      18.988] [30;1mjni/../jni/src/claw/vfs/NativeMount.cpp:244: Aquire java class for JNI method: com/Claw/Android/NativeMount
04-23 10:13:03.329 10838 11100 I Claw    : [0m[      18.988] [30;1mjni/../jni/src/claw/vfs/NativeMount.cpp:244: JNI class acquired, acquire java method: GetFreeDiskSpace with args: (Ljava/lang/String;)J
04-23 10:13:03.329 10838 11100 I Claw    : [0m[      18.989] [30;1mjni/../jni/src/claw/vfs/NativeMount.cpp:244: Aquire java class for JNI method: com/Claw/Android/NativeMount
04-23 10:13:03.329 10838 11100 I Claw    : [0m[      18.989] [30;1mjni/../jni/src/claw/vfs/NativeMount.cpp:244: JNI class acquired, acquire java method: GetFreeDiskSpace with args: (Ljava/lang/String;)J
04-23 10:13:03.339 10838 11100 I Claw    : [0m[          19] [30;1mjni/../jni/src/claw/vfs/NativeMount.cpp:244: Aquire java class for JNI method: com/Claw/Android/NativeMount
04-23 10:13:03.339 10838 11100 I Claw    : [0m[          19] [30;1mjni/../jni/src/claw/vfs/NativeMount.cpp:244: JNI class acquired, acquire java method: GetFreeDiskSpace with args: (Ljava/lang/String;)J
04-23 10:13:03.339 10838 11100 I Claw    : [0m[      19.002] [30;1mjni/../jni/src/claw/vfs/NativeMount.cpp:244: Aquire java class for JNI method: com/Claw/Android/NativeMount
04-23 10:13:03.339 10838 11100 I Claw    : [0m[      19.002] [30;1mjni/../jni/src/claw/vfs/NativeMount.cpp:244: JNI class acquired, acquire java method: GetFreeDiskSpace with args: (Ljava/lang/String;)J
04-23 10:13:03.339 10838 11100 I Claw    : [0m[      19.003] [30;1mjni/../jni/src/claw/vfs/NativeMount.cpp:244: Aquire java class for JNI method: com/Claw/Android/NativeMount
04-23 10:13:03.339 10838 11100 I Claw    : [0m[      19.003] [30;1mjni/../jni/src/claw/vfs/NativeMount.cpp:244: JNI class acquired, acquire java method: GetFreeDiskSpace with args: (Ljava/lang/String;)J
04-23 10:13:03.339 10838 11100 I Claw    : [0m[      19.004] [30;1mjni/../jni/src/claw/vfs/android/AndroidSaveFile.cpp:82: Open new save assetcache/data.pak.meta
04-23 10:13:03.339 10838 11100 I Claw    : [0m[      19.005] [30;1mjni/../jni/src/claw/vfs/NativeMount.cpp:244: Aquire java class for JNI method: com/Claw/Android/NativeMount
04-23 10:13:03.339 10838 11100 I Claw    : [0m[      19.006] [30;1mjni/../jni/src/claw/vfs/NativeMount.cpp:244: JNI class acquired, acquire java method: GetFreeDiskSpace with args: (Ljava/lang/String;)J
04-23 10:13:03.339 10838 11100 I Claw    : [0m[      19.007] [30;1mjni/../jni/src/claw/vfs/NativeMount.cpp:244: Aquire java class for JNI method: com/Claw/Android/NativeMount
04-23 10:13:03.339 10838 11100 I Claw    : [0m[      19.007] [30;1mjni/../jni/src/claw/vfs/NativeMount.cpp:244: JNI class acquired, acquire java method: GetFreeDiskSpace with args: (Ljava/lang/String;)J
04-23 10:13:03.349 10838 11100 I Claw    : [0m[      19.008] [30;1mjni/../jni/src/claw/vfs/NativeMount.cpp:244: Aquire java class for JNI method: com/Claw/Android/NativeMount
04-23 10:13:03.349 10838 11100 I Claw    : [0m[      19.008] [30;1mjni/../jni/src/claw/vfs/NativeMount.cpp:244: JNI class acquired, acquire java method: GetFreeDiskSpace with args: (Ljava/lang/String;)J
04-23 10:13:03.349 10838 11100 I Claw    : [0m[       19.01] [30;1mjni/../jni/src/claw/vfs/NativeMount.cpp:244: Aquire java class for JNI method: com/Claw/Android/NativeMount
04-23 10:13:03.349 10838 11100 I Claw    : [0m[       19.01] [30;1mjni/../jni/src/claw/vfs/NativeMount.cpp:244: JNI class acquired, acquire java method: GetFreeDiskSpace with args: (Ljava/lang/String;)J
04-23 10:13:03.349 10838 11100 I Claw    : [0m[      19.011] [30;1mjni/../jni/src/claw/vfs/android/AndroidSaveFile.cpp:82: Open new save assetcache/data.pak.meta
04-23 10:13:03.349 10838 11100 I Claw    : [0m[      19.012] [30;1mjni/../jni/src/claw/vfs/NativeMount.cpp:244: Aquire java class for JNI method: com/Claw/Android/NativeMount
04-23 10:13:03.349 10838 11100 I Claw    : [0m[      19.013] [30;1mjni/../jni/src/claw/vfs/NativeMount.cpp:244: JNI class acquired, acquire java method: GetFreeDiskSpace with args: (Ljava/lang/String;)J
04-23 10:13:03.349 10838 11100 I Claw    : [0m[      19.014] [30;1mjni/../jni/src/claw/vfs/NativeMount.cpp:244: Aquire java class for JNI method: com/Claw/Android/NativeMount
04-23 10:13:03.349 10838 11100 I Claw    : [0m[      19.014] [30;1mjni/../jni/src/claw/vfs/NativeMount.cpp:244: JNI class acquired, acquire java method: GetFreeDiskSpace with args: (Ljava/lang/String;)J
04-23 10:13:03.349 10838 11100 I Claw    : [0m[      19.015] [30;1mjni/../jni/src/claw/vfs/NativeMount.cpp:244: Aquire java class for JNI method: com/Claw/Android/NativeMount
04-23 10:13:03.349 10838 11100 I Claw    : [0m[      19.016] [30;1mjni/../jni/src/claw/vfs/NativeMount.cpp:244: JNI class acquired, acquire java method: GetFreeDiskSpace with args: (Ljava/lang/String;)J
04-23 10:13:03.349 10838 11100 I Claw    : [0m[      19.017] [30;1mjni/../jni/src/claw/vfs/NativeMount.cpp:244: Aquire java class for JNI method: com/Claw/Android/NativeMount
04-23 10:13:03.359 10838 11100 I Claw    : [0m[      19.017] [30;1mjni/../jni/src/claw/vfs/NativeMount.cpp:244: JNI class acquired, acquire java method: GetFreeDiskSpace with args: (Ljava/lang/String;)J
04-23 10:13:03.359 10838 11100 I Claw    : [0m[      19.018] [30;1mjni/../jni/src/claw/vfs/android/AndroidSaveFile.cpp:82: Open new save assetcache/data.pak.meta
04-23 10:13:03.359 10838 11100 I Claw    : [0m[      19.019] [30;1mjni/../jni/src/claw/vfs/NativeMount.cpp:244: Aquire java class for JNI method: com/Claw/Android/NativeMount
04-23 10:13:03.359 10838 11100 I Claw    : [0m[      19.019] [30;1mjni/../jni/src/claw/vfs/NativeMount.cpp:244: JNI class acquired, acquire java method: GetFreeDiskSpace with args: (Ljava/lang/String;)J
04-23 10:13:03.359 10838 11100 I Claw    : [0m[      19.021] [30;1mjni/../jni/src/claw/vfs/NativeMount.cpp:244: Aquire java class for JNI method: com/Claw/Android/NativeMount
04-23 10:13:03.359 10838 11100 I Claw    : [0m[      19.021] [30;1mjni/../jni/src/claw/vfs/NativeMount.cpp:244: JNI class acquired, acquire java method: GetFreeDiskSpace with args: (Ljava/lang/String;)J
04-23 10:13:03.359 10838 11100 W libc    : It seems that pthread_join() is not invoked or PTHREAD_ATTR_FLAG_DETACHED is not set.
04-23 10:13:03.359 10838 11100 W libc    :     pthread tid          : 11100
04-23 10:13:03.359 10838 11100 W libc    :     pthread start_routine: 0xdecf23b4
04-23 10:13:03.409 10838 11060 I Claw    : [0m[       19.07] [30;1mjni/../jni/src/claw/vfs/android/AndroidSaveFile.cpp:42: Open existing save assetcache/data.pak
04-23 10:13:03.409 10838 11060 I Claw    : [0m[      19.071] [30;1mjni/../jni/src/claw/vfs/Vfs.cpp:172: Opened file: /assetcache/data.pak
04-23 10:13:03.409 10838 11049 I Claw    : [0m[      19.073] ../../../../../../../../contrib/huuugeanalyticssdk/cpp/contrib/jni/JniAttach.hpp:185: Aquire java class for JNI method: com/huuuge/analytics/HA
04-23 10:13:03.409 10838 11060 I Claw    : [0m[      19.073] /home/jenkins/workspace/huuuge-stars/client-dev/hs-android/src/casino/DownloadManager.cpp:500: Mounting pak: data.pak
04-23 10:13:03.409 10838 11049 I Claw    : [0m[      19.073] ../../../../../../../../contrib/huuugeanalyticssdk/cpp/contrib/jni/JniAttach.hpp:185: JNI class acquired, acquire java method: connectionStatus with args: ()I
04-23 10:13:03.409 10838 11049 I Claw    : [0m[      19.073] ../../../../../../../../contrib/huuugeanalyticssdk/cpp/contrib/jni/JniAttach.hpp:186: JNI method acquired, try to call.
04-23 10:13:03.409 10838 11049 I Claw    : [0m[      19.076] ../../../../../../../../contrib/huuugeanalyticssdk/cpp/contrib/jni/JniAttach.hpp:189: JNI method called.
04-23 10:13:03.409  2612  2626 D ConnectivityService: returning getNetworkInfo for network type 1 : [type: WIFI[] - WIFI, state: CONNECTED/CONNECTED, reason: (unspecified), extra: "HuuugeQA", roaming: false, failover: false, isAvailable: true]
04-23 10:13:03.409  2612  3009 D ConnectivityService: returning getNetworkInfo for network type 0 : [type: MOBILE[] - MOBILE, state: DISCONNECTED/DISCONNECTED, reason: (unspecified), extra: (none), roaming: false, failover: false, isAvailable: true]
04-23 10:13:03.419 10838 11060 I Claw    : [0m[       19.08] [30;1mjni/../jni/src/claw/vfs/Vfs.cpp:97: Added new mount at /
04-23 10:13:03.419 10838 11060 I Claw    : [0m[      19.081] [30;1mjni/../jni/src/claw/vfs/android/AndroidSaveFile.cpp:42: Open existing save assetcache/atlas_lottery_2_etc2.pak.meta
04-23 10:13:03.419 10838 11060 I Claw    : [0m[      19.081] [30;1mjni/../jni/src/claw/vfs/Vfs.cpp:168: Cannot open file: /assetcache/atlas_lottery_2_etc2.pak.meta
04-23 10:13:03.419 10838 11060 I Claw    : [0m[      19.081] /home/jenkins/workspace/huuuge-stars/client-dev/hs-android/src/casino/ServerList.cpp:53: Server list returning http://cdn-hs-dev.hgonline.net/345/, 1/14
04-23 10:13:03.419 10838 11060 I Claw    : [0m[      19.081] [30;1mjni/../jni/src/claw/vfs/android/AndroidSaveFile.cpp:42: Open existing save assetcache/atlas_lottery_2_etc2.pak.meta
04-23 10:13:03.419 10838 11060 I Claw    : [0m[      19.082] [30;1mjni/../jni/src/claw/vfs/Vfs.cpp:168: Cannot open file: /assetcache/atlas_lottery_2_etc2.pak.meta
04-23 10:13:03.419 10838 11060 I Claw    : [0m[      19.082] /home/jenkins/workspace/huuuge-stars/client-dev/hs-android/src/casino/DefaultDownloadManager.cpp:415: Downloading pak atlas_lottery_2_etc2.pak from http://cdn-hs-dev.hgonline.net/345/
04-23 10:13:03.419  2218  2767 D EnterpriseController: netId is 0
04-23 10:13:03.419  2218  2767 D Netd    : getNetworkForDns: using netid 502 for uid 10687
04-23 10:13:03.419 10838 11105 I Claw    : [0m[      19.084] [30;1mjni/../jni/src/claw/network/HttpRequest.cpp:97: cdn-hs-dev.hgonline.net resolved to ::ffff:5.178.43.35
04-23 10:13:03.419 10838 11105 I Claw    : [0m[      19.084] [30;1mjni/../jni/src/claw/network/HttpRequest.cpp:97: cdn-hs-dev.hgonline.net resolved to ::ffff:5.178.43.48
04-23 10:13:03.419 10838 11105 I Claw    : [0m[      19.084] [30;1mjni/../jni/src/claw/network/unix/UnixStreamSocket.cpp:93: Connecting to ::ffff:5.178.43.35
04-23 10:13:03.469 10838 11049 I Claw    : [0m[      19.134] ../../../../../../../../contrib/huuugeanalyticssdk/cpp/contrib/jni/JniAttach.hpp:185: Aquire java class for JNI method: com/huuuge/analytics/HA
04-23 10:13:03.469 10838 11049 I Claw    : [0m[      19.134] ../../../../../../../../contrib/huuugeanalyticssdk/cpp/contrib/jni/JniAttach.hpp:185: JNI class acquired, acquire java method: connectionStatus with args: ()I
04-23 10:13:03.469 10838 11049 I Claw    : [0m[      19.134] ../../../../../../../../contrib/huuugeanalyticssdk/cpp/contrib/jni/JniAttach.hpp:186: JNI method acquired, try to call.
04-23 10:13:03.469 10838 11049 I Claw    : [0m[      19.136] ../../../../../../../../contrib/huuugeanalyticssdk/cpp/contrib/jni/JniAttach.hpp:189: JNI method called.
04-23 10:13:03.469  2612  3660 D ConnectivityService: returning getNetworkInfo for network type 1 : [type: WIFI[] - WIFI, state: CONNECTED/CONNECTED, reason: (unspecified), extra: "HuuugeQA", roaming: false, failover: false, isAvailable: true]
04-23 10:13:03.469  2612  4193 D ConnectivityService: returning getNetworkInfo for network type 0 : [type: MOBILE[] - MOBILE, state: DISCONNECTED/DISCONNECTED, reason: (unspecified), extra: (none), roaming: false, failover: false, isAvailable: true]
04-23 10:13:03.479 10838 11047 I Claw    : [0m[      19.141] ../../../../../../../../contrib/huuugeanalyticssdk/cpp/contrib/jni/JniAttach.hpp:151: JNI method called.
04-23 10:13:03.479 10838 11047 I Claw    : [0m[      19.141] /home/jenkins/workspace/huuuge-stars/client-dev/hs-android/contrib/huuugeanalyticssdk/cpp/src/huuuge/analytics/HAHttp-android.cpp:133: Huuuge::analytics::HTTPAndroid::InvokeHttps response code is 200
04-23 10:13:03.479 10838 11047 I Claw    : [0m[      19.141] /home/jenkins/workspace/huuuge-stars/client-dev/hs-android/contrib/huuugeanalyticssdk/cpp/src/huuuge/analytics/HAHttp-android.cpp:134: Huuuge::analytics::HTTPAndroid::InvokeHttps response payload is null
04-23 10:13:03.489 10838 11105 I Claw    : [0m[      19.156] [30;1mjni/../jni/src/claw/network/HttpRequest.cpp:279: Content length: 50
04-23 10:13:03.489 10838 11105 I Claw    : [0m[      19.157] [30;1mjni/../jni/src/claw/vfs/android/AndroidSaveFile.cpp:82: Open new save assetcache/atlas_lottery_2_etc2.pak
04-23 10:13:03.499 10838 11105 I Claw    : [0m[      19.158] [30;1mjni/../jni/src/claw/vfs/android/AndroidSaveFile.cpp:82: Open new save assetcache/atlas_lottery_2_etc2.pak.meta
04-23 10:13:03.499 10838 11105 I Claw    : [0m[      19.159] [30;1mjni/../jni/src/claw/vfs/NativeMount.cpp:244: Aquire java class for JNI method: com/Claw/Android/NativeMount
04-23 10:13:03.499 10838 11105 I Claw    : [0m[       19.16] [30;1mjni/../jni/src/claw/vfs/NativeMount.cpp:244: JNI class acquired, acquire java method: GetFreeDiskSpace with args: (Ljava/lang/String;)J
04-23 10:13:03.499 10838 11105 I Claw    : [0m[      19.161] [30;1mjni/../jni/src/claw/vfs/NativeMount.cpp:244: Aquire java class for JNI method: com/Claw/Android/NativeMount
04-23 10:13:03.499 10838 11105 I Claw    : [0m[      19.161] [30;1mjni/../jni/src/claw/vfs/NativeMount.cpp:244: JNI class acquired, acquire java method: GetFreeDiskSpace with args: (Ljava/lang/String;)J
04-23 10:13:03.499 10838 11105 I Claw    : [0m[      19.163] [30;1mjni/../jni/src/claw/vfs/NativeMount.cpp:244: Aquire java class for JNI method: com/Claw/Android/NativeMount
04-23 10:13:03.499 10838 11105 I Claw    : [0m[      19.163] [30;1mjni/../jni/src/claw/vfs/NativeMount.cpp:244: JNI class acquired, acquire java method: GetFreeDiskSpace with args: (Ljava/lang/String;)J
04-23 10:13:03.499 10838 11105 I Claw    : [0m[      19.164] [30;1mjni/../jni/src/claw/vfs/NativeMount.cpp:244: Aquire java class for JNI method: com/Claw/Android/NativeMount
