05-14 08:29:07.991  2614  4147 D BatteryService: !@BatteryListener : batteryPropertiesChanged!
05-14 08:29:07.991  2614  4147 D BatteryService: level:100, scale:100, status:5, health:2, present:true, voltage: 4250, temperature: 298, technology: Li-ion, AC powered:false, USB powered:true, POGO powered:false, Wireless powered:false, icon:17303500, invalid charger:0, maxChargingCurrent:0
05-14 08:29:07.991  2614  4147 D BatteryService: online:6, current avg:-294, charge type:1, power sharing:false, high voltage charger:false, capacity:280000, batterySWSelfDischarging:false, current_now:-497
05-14 08:29:07.991  2614  2614 D BatteryService: Sending ACTION_BATTERY_CHANGED.
05-14 08:29:07.991  2614  2614 I MotionRecognitionService: Plugged
05-14 08:29:07.991  2614  2614 D MotionRecognitionService:   cableConnection= 1
05-14 08:29:07.991  2614  2614 D MotionRecognitionService: setPowerConnected | current backoff  = 1024 , state =1024
05-14 08:29:07.991  2614  2614 D MotionRecognitionService: skip setTransmitPower. 
05-14 08:29:08.001  2614  2614 D GameManagerService: new battery level: 100
05-14 08:29:08.001  3094  3094 D PowerUI : priorPlugType = 2 mPlugType =  2
05-14 08:29:08.011  2614  3268 D ConnectivityService: returning getNetworkInfo for network type 1 : [type: WIFI[] - WIFI, state: CONNECTED/CONNECTED, reason: (unspecified), extra: "HuuugeQA", roaming: false, failover: false, isAvailable: true]
05-14 08:29:08.011  2614  4150 D ConnectivityService: returning getNetworkInfo for network type 0 : [type: MOBILE[] - MOBILE, state: DISCONNECTED/DISCONNECTED, reason: (unspecified), extra: (none), roaming: false, failover: false, isAvailable: true]
05-14 08:29:08.011  3094  3094 D BatteryMeterView: ACTION_BATTERY_CHANGED : level:100 status:5 health:2
05-14 08:29:08.011  3094  3094 D BatteryMeterView: ACTION_BATTERY_CHANGED : level:100 status:5 health:2
05-14 08:29:08.051  2614  2628 D ConnectivityService: returning getNetworkInfo for network type 1 : [type: WIFI[] - WIFI, state: CONNECTED/CONNECTED, reason: (unspecified), extra: "HuuugeQA", roaming: false, failover: false, isAvailable: true]
05-14 08:29:08.051  2614  4149 D ConnectivityService: returning getNetworkInfo for network type 0 : [type: MOBILE[] - MOBILE, state: DISCONNECTED/DISCONNECTED, reason: (unspecified), extra: (none), roaming: false, failover: false, isAvailable: true]
05-14 08:29:08.431  2614  4151 D ConnectivityService: returning getNetworkInfo for network type 1 : [type: WIFI[] - WIFI, state: CONNECTED/CONNECTED, reason: (unspecified), extra: "HuuugeQA", roaming: false, failover: false, isAvailable: true]
05-14 08:29:08.431  2614  3503 D ConnectivityService: returning getNetworkInfo for network type 0 : [type: MOBILE[] - MOBILE, state: DISCONNECTED/DISCONNECTED, reason: (unspecified), extra: (none), roaming: false, failover: false, isAvailable: true]
05-14 08:29:08.471  2614  3142 D ConnectivityService: returning getNetworkInfo for network type 1 : [type: WIFI[] - WIFI, state: CONNECTED/CONNECTED, reason: (unspecified), extra: "HuuugeQA", roaming: false, failover: false, isAvailable: true]
05-14 08:29:08.471  2614  3267 D ConnectivityService: returning getNetworkInfo for network type 0 : [type: MOBILE[] - MOBILE, state: DISCONNECTED/DISCONNECTED, reason: (unspecified), extra: (none), roaming: false, failover: false, isAvailable: true]
05-14 08:29:08.651  2614  2629 D ConnectivityService: returning getNetworkInfo for network type 1 : [type: WIFI[] - WIFI, state: CONNECTED/CONNECTED, reason: (unspecified), extra: "HuuugeQA", roaming: false, failover: false, isAvailable: true]
05-14 08:29:08.661  2614  3486 D ConnectivityService: returning getNetworkInfo for network type 0 : [type: MOBILE[] - MOBILE, state: DISCONNECTED/DISCONNECTED, reason: (unspecified), extra: (none), roaming: false, failover: false, isAvailable: true]
05-14 08:29:08.701  2614  3268 D ConnectivityService: returning getNetworkInfo for network type 1 : [type: WIFI[] - WIFI, state: CONNECTED/CONNECTED, reason: (unspecified), extra: "HuuugeQA", roaming: false, failover: false, isAvailable: true]
05-14 08:29:08.701  2614  4150 D ConnectivityService: returning getNetworkInfo for network type 0 : [type: MOBILE[] - MOBILE, state: DISCONNECTED/DISCONNECTED, reason: (unspecified), extra: (none), roaming: false, failover: false, isAvailable: true]
05-14 08:29:08.871  2614  5513 D SSRM:w  : SIOP:: AP = 550, PST = 476 (W:10), CUR = -346, LCD = 0
05-14 08:29:08.871  2614  5513 D ConnectivityService: returning getNetworkInfo for network type 1 : [type: WIFI[] - WIFI, state: CONNECTED/CONNECTED, reason: (unspecified), extra: "HuuugeQA", roaming: false, failover: false, isAvailable: true]
05-14 08:29:08.871  2614  3140 D ConnectivityService: returning getNetworkInfo for network type 1 : [type: WIFI[] - WIFI, state: CONNECTED/CONNECTED, reason: (unspecified), extra: "HuuugeQA", roaming: false, failover: false, isAvailable: true]
05-14 08:29:08.871  2614  2628 D ConnectivityService: returning getNetworkInfo for network type 0 : [type: MOBILE[] - MOBILE, state: DISCONNECTED/DISCONNECTED, reason: (unspecified), extra: (none), roaming: false, failover: false, isAvailable: true]
05-14 08:29:08.921  2614  4149 D ConnectivityService: returning getNetworkInfo for network type 1 : [type: WIFI[] - WIFI, state: CONNECTED/CONNECTED, reason: (unspecified), extra: "HuuugeQA", roaming: false, failover: false, isAvailable: true]
05-14 08:29:08.921  2614  3002 D ConnectivityService: returning getNetworkInfo for network type 0 : [type: MOBILE[] - MOBILE, state: DISCONNECTED/DISCONNECTED, reason: (unspecified), extra: (none), roaming: false, failover: false, isAvailable: true]
05-14 08:29:09.301  2614  3267 D ConnectivityService: returning getNetworkInfo for network type 1 : [type: WIFI[] - WIFI, state: CONNECTED/CONNECTED, reason: (unspecified), extra: "HuuugeQA", roaming: false, failover: false, isAvailable: true]
05-14 08:29:09.301  2614  3488 D ConnectivityService: returning getNetworkInfo for network type 0 : [type: MOBILE[] - MOBILE, state: DISCONNECTED/DISCONNECTED, reason: (unspecified), extra: (none), roaming: false, failover: false, isAvailable: true]
05-14 08:29:09.701  2614  3002 D ConnectivityService: returning getNetworkInfo for network type 1 : [type: WIFI[] - WIFI, state: CONNECTED/CONNECTED, reason: (unspecified), extra: "HuuugeQA", roaming: false, failover: false, isAvailable: true]
05-14 08:29:09.701  2614  3262 D ConnectivityService: returning getNetworkInfo for network type 0 : [type: MOBILE[] - MOBILE, state: DISCONNECTED/DISCONNECTED, reason: (unspecified), extra: (none), roaming: false, failover: false, isAvailable: true]
05-14 08:29:09.741  2614  4151 D ConnectivityService: returning getNetworkInfo for network type 1 : [type: WIFI[] - WIFI, state: CONNECTED/CONNECTED, reason: (unspecified), extra: "HuuugeQA", roaming: false, failover: false, isAvailable: true]
05-14 08:29:09.741  2614  3503 D ConnectivityService: returning getNetworkInfo for network type 0 : [type: MOBILE[] - MOBILE, state: DISCONNECTED/DISCONNECTED, reason: (unspecified), extra: (none), roaming: false, failover: false, isAvailable: true]
05-14 08:29:09.921  2614  3142 D ConnectivityService: returning getNetworkInfo for network type 1 : [type: WIFI[] - WIFI, state: CONNECTED/CONNECTED, reason: (unspecified), extra: "HuuugeQA", roaming: false, failover: false, isAvailable: true]
05-14 08:29:09.921  2614  3267 D ConnectivityService: returning getNetworkInfo for network type 0 : [type: MOBILE[] - MOBILE, state: DISCONNECTED/DISCONNECTED, reason: (unspecified), extra: (none), roaming: false, failover: false, isAvailable: true]
05-14 08:29:09.971  2614  3488 D ConnectivityService: returning getNetworkInfo for network type 1 : [type: WIFI[] - WIFI, state: CONNECTED/CONNECTED, reason: (unspecified), extra: "HuuugeQA", roaming: false, failover: false, isAvailable: true]
05-14 08:29:09.971  2614  3504 D ConnectivityService: returning getNetworkInfo for network type 0 : [type: MOBILE[] - MOBILE, state: DISCONNECTED/DISCONNECTED, reason: (unspecified), extra: (none), roaming: false, failover: false, isAvailable: true]
05-14 08:29:10.161  2614  4147 D ConnectivityService: returning getNetworkInfo for network type 1 : [type: WIFI[] - WIFI, state: CONNECTED/CONNECTED, reason: (unspecified), extra: "HuuugeQA", roaming: false, failover: false, isAvailable: true]
05-14 08:29:10.161  2614  2629 D ConnectivityService: returning getNetworkInfo for network type 0 : [type: MOBILE[] - MOBILE, state: DISCONNECTED/DISCONNECTED, reason: (unspecified), extra: (none), roaming: false, failover: false, isAvailable: true]
05-14 08:29:10.421  2614  3012 V NetworkStats: performPollLocked(flags=0x1)
05-14 08:29:10.431  2614  3012 D NetworkStatsRecorder: entry.iface is null
05-14 08:29:10.431  2614  3012 D NetworkStatsRecorder: entry.iface is null
05-14 08:29:10.431  2614  3012 D NetworkStatsRecorder: entry.iface is null
05-14 08:29:10.431  2614  3012 D NetworkStatsRecorder: entry.iface is null
05-14 08:29:10.451  2614  3012 V NetworkStats: performPollLocked() took 27ms
05-14 08:29:10.561  2614  3486 D ConnectivityService: returning getNetworkInfo for network type 1 : [type: WIFI[] - WIFI, state: CONNECTED/CONNECTED, reason: (unspecified), extra: "HuuugeQA", roaming: false, failover: false, isAvailable: true]
05-14 08:29:10.561  2614  3268 D ConnectivityService: returning getNetworkInfo for network type 0 : [type: MOBILE[] - MOBILE, state: DISCONNECTED/DISCONNECTED, reason: (unspecified), extra: (none), roaming: false, failover: false, isAvailable: true]
05-14 08:29:10.601  2614  4150 D ConnectivityService: returning getNetworkInfo for network type 1 : [type: WIFI[] - WIFI, state: CONNECTED/CONNECTED, reason: (unspecified), extra: "HuuugeQA", roaming: false, failover: false, isAvailable: true]
05-14 08:29:10.601  2614  3140 D ConnectivityService: returning getNetworkInfo for network type 0 : [type: MOBILE[] - MOBILE, state: DISCONNECTED/DISCONNECTED, reason: (unspecified), extra: (none), roaming: false, failover: false, isAvailable: true]
05-14 08:29:10.991  2614  3267 D ConnectivityService: returning getNetworkInfo for network type 1 : [type: WIFI[] - WIFI, state: CONNECTED/CONNECTED, reason: (unspecified), extra: "HuuugeQA", roaming: false, failover: false, isAvailable: true]
05-14 08:29:10.991  2614  3488 D ConnectivityService: returning getNetworkInfo for network type 0 : [type: MOBILE[] - MOBILE, state: DISCONNECTED/DISCONNECTED, reason: (unspecified), extra: (none), roaming: false, failover: false, isAvailable: true]
05-14 08:29:11.041  2614  3504 D ConnectivityService: returning getNetworkInfo for network type 1 : [type: WIFI[] - WIFI, state: CONNECTED/CONNECTED, reason: (unspecified), extra: "HuuugeQA", roaming: false, failover: false, isAvailable: true]
05-14 08:29:11.041  2614  4147 D ConnectivityService: returning getNetworkInfo for network type 0 : [type: MOBILE[] - MOBILE, state: DISCONNECTED/DISCONNECTED, reason: (unspecified), extra: (none), roaming: false, failover: false, isAvailable: true]
05-14 08:29:11.431  2614  3140 D ConnectivityService: returning getNetworkInfo for network type 1 : [type: WIFI[] - WIFI, state: CONNECTED/CONNECTED, reason: (unspecified), extra: "HuuugeQA", roaming: false, failover: false, isAvailable: true]
05-14 08:29:11.431  2614  2628 D ConnectivityService: returning getNetworkInfo for network type 0 : [type: MOBILE[] - MOBILE, state: DISCONNECTED/DISCONNECTED, reason: (unspecified), extra: (none), roaming: false, failover: false, isAvailable: true]
05-14 08:29:11.481  2614  4149 D ConnectivityService: returning getNetworkInfo for network type 1 : [type: WIFI[] - WIFI, state: CONNECTED/CONNECTED, reason: (unspecified), extra: "HuuugeQA", roaming: false, failover: false, isAvailable: true]
05-14 08:29:11.481  2614  3002 D ConnectivityService: returning getNetworkInfo for network type 0 : [type: MOBILE[] - MOBILE, state: DISCONNECTED/DISCONNECTED, reason: (unspecified), extra: (none), roaming: false, failover: false, isAvailable: true]
05-14 08:29:11.851  2614  3488 D ConnectivityService: returning getNetworkInfo for network type 1 : [type: WIFI[] - WIFI, state: CONNECTED/CONNECTED, reason: (unspecified), extra: "HuuugeQA", roaming: false, failover: false, isAvailable: true]
05-14 08:29:11.851  2614  3504 D ConnectivityService: returning getNetworkInfo for network type 0 : [type: MOBILE[] - MOBILE, state: DISCONNECTED/DISCONNECTED, reason: (unspecified), extra: (none), roaming: false, failover: false, isAvailable: true]
05-14 08:29:12.251  2614  4147 D ConnectivityService: returning getNetworkInfo for network type 1 : [type: WIFI[] - WIFI, state: CONNECTED/CONNECTED, reason: (unspecified), extra: "HuuugeQA", roaming: false, failover: false, isAvailable: true]
05-14 08:29:12.251  2614  2629 D ConnectivityService: returning getNetworkInfo for network type 0 : [type: MOBILE[] - MOBILE, state: DISCONNECTED/DISCONNECTED, reason: (unspecified), extra: (none), roaming: false, failover: false, isAvailable: true]
05-14 08:29:12.291  2614  3486 D ConnectivityService: returning getNetworkInfo for network type 1 : [type: WIFI[] - WIFI, state: CONNECTED/CONNECTED, reason: (unspecified), extra: "HuuugeQA", roaming: false, failover: false, isAvailable: true]
05-14 08:29:12.291  2614  3268 D ConnectivityService: returning getNetworkInfo for network type 0 : [type: MOBILE[] - MOBILE, state: DISCONNECTED/DISCONNECTED, reason: (unspecified), extra: (none), roaming: false, failover: false, isAvailable: true]
05-14 08:29:12.521  2614  3012 V NetworkStats: performPollLocked(flags=0x1)
05-14 08:29:12.521  2614  3012 D NetworkStatsRecorder: entry.iface is null
05-14 08:29:12.521  2614  3012 D NetworkStatsRecorder: entry.iface is null
05-14 08:29:12.521  2614  3012 D NetworkStatsRecorder: entry.iface is null
05-14 08:29:12.521  2614  3012 D NetworkStatsRecorder: entry.iface is null
05-14 08:29:12.531  2614  4150 D ConnectivityService: returning getNetworkInfo for network type 1 : [type: WIFI[] - WIFI, state: CONNECTED/CONNECTED, reason: (unspecified), extra: "HuuugeQA", roaming: false, failover: false, isAvailable: true]
05-14 08:29:12.531  2614  3140 D ConnectivityService: returning getNetworkInfo for network type 0 : [type: MOBILE[] - MOBILE, state: DISCONNECTED/DISCONNECTED, reason: (unspecified), extra: (none), roaming: false, failover: false, isAvailable: true]
05-14 08:29:12.541  2614  3012 V NetworkStats: performPollLocked() took 25ms
05-14 08:29:12.681  2614  3503 D ConnectivityService: returning getNetworkInfo for network type 1 : [type: WIFI[] - WIFI, state: CONNECTED/CONNECTED, reason: (unspecified), extra: "HuuugeQA", roaming: false, failover: false, isAvailable: true]
05-14 08:29:12.681  2614  3142 D ConnectivityService: returning getNetworkInfo for network type 0 : [type: MOBILE[] - MOBILE, state: DISCONNECTED/DISCONNECTED, reason: (unspecified), extra: (none), roaming: false, failover: false, isAvailable: true]
05-14 08:29:12.711  2614  3267 D ConnectivityService: returning getNetworkInfo for network type 1 : [type: WIFI[] - WIFI, state: CONNECTED/CONNECTED, reason: (unspecified), extra: "HuuugeQA", roaming: false, failover: false, isAvailable: true]
05-14 08:29:12.721  2614  3488 D ConnectivityService: returning getNetworkInfo for network type 0 : [type: MOBILE[] - MOBILE, state: DISCONNECTED/DISCONNECTED, reason: (unspecified), extra: (none), roaming: false, failover: false, isAvailable: true]
05-14 08:29:12.751  2614  4147 D ConnectivityService: returning getNetworkInfo for network type 1 : [type: WIFI[] - WIFI, state: CONNECTED/CONNECTED, reason: (unspecified), extra: "HuuugeQA", roaming: false, failover: false, isAvailable: true]
05-14 08:29:12.751  2614  2629 D ConnectivityService: returning getNetworkInfo for network type 0 : [type: MOBILE[] - MOBILE, state: DISCONNECTED/DISCONNECTED, reason: (unspecified), extra: (none), roaming: false, failover: false, isAvailable: true]
05-14 08:29:13.101  2614  4149 D ConnectivityService: returning getNetworkInfo for network type 1 : [type: WIFI[] - WIFI, state: CONNECTED/CONNECTED, reason: (unspecified), extra: "HuuugeQA", roaming: false, failover: false, isAvailable: true]
05-14 08:29:13.101  2614  3002 D ConnectivityService: returning getNetworkInfo for network type 0 : [type: MOBILE[] - MOBILE, state: DISCONNECTED/DISCONNECTED, reason: (unspecified), extra: (none), roaming: false, failover: false, isAvailable: true]
05-14 08:29:13.141  2614  3262 D ConnectivityService: returning getNetworkInfo for network type 1 : [type: WIFI[] - WIFI, state: CONNECTED/CONNECTED, reason: (unspecified), extra: "HuuugeQA", roaming: false, failover: false, isAvailable: true]
05-14 08:29:13.141  2614  4151 D ConnectivityService: returning getNetworkInfo for network type 0 : [type: MOBILE[] - MOBILE, state: DISCONNECTED/DISCONNECTED, reason: (unspecified), extra: (none), roaming: false, failover: false, isAvailable: true]
05-14 08:29:13.461  2614  3012 V NetworkStats: performPollLocked(flags=0x1)
05-14 08:29:13.471  2614  3012 D NetworkStatsRecorder: entry.iface is null
05-14 08:29:13.471  2614  3012 D NetworkStatsRecorder: entry.iface is null
05-14 08:29:13.471  2614  3012 D NetworkStatsRecorder: entry.iface is null
05-14 08:29:13.471  2614  3012 D NetworkStatsRecorder: entry.iface is null
05-14 08:29:13.491  2614  3012 V NetworkStats: performPollLocked() took 28ms
05-14 08:29:13.701  2614  3486 D ConnectivityService: returning getNetworkInfo for network type 1 : [type: WIFI[] - WIFI, state: CONNECTED/CONNECTED, reason: (unspecified), extra: "HuuugeQA", roaming: false, failover: false, isAvailable: true]
05-14 08:29:13.701  2614  3268 D ConnectivityService: returning getNetworkInfo for network type 0 : [type: MOBILE[] - MOBILE, state: DISCONNECTED/DISCONNECTED, reason: (unspecified), extra: (none), roaming: false, failover: false, isAvailable: true]
05-14 08:29:13.751  2614  4150 D ConnectivityService: returning getNetworkInfo for network type 1 : [type: WIFI[] - WIFI, state: CONNECTED/CONNECTED, reason: (unspecified), extra: "HuuugeQA", roaming: false, failover: false, isAvailable: true]
05-14 08:29:13.751  2614  3140 D ConnectivityService: returning getNetworkInfo for network type 0 : [type: MOBILE[] - MOBILE, state: DISCONNECTED/DISCONNECTED, reason: (unspecified), extra: (none), roaming: false, failover: false, isAvailable: true]
05-14 08:29:14.131  2614  2628 D ConnectivityService: returning getNetworkInfo for network type 1 : [type: WIFI[] - WIFI, state: CONNECTED/CONNECTED, reason: (unspecified), extra: "HuuugeQA", roaming: false, failover: false, isAvailable: true]
05-14 08:29:14.131  2614  4149 D ConnectivityService: returning getNetworkInfo for network type 0 : [type: MOBILE[] - MOBILE, state: DISCONNECTED/DISCONNECTED, reason: (unspecified), extra: (none), roaming: false, failover: false, isAvailable: true]
05-14 08:29:14.181  2614  3002 D ConnectivityService: returning getNetworkInfo for network type 1 : [type: WIFI[] - WIFI, state: CONNECTED/CONNECTED, reason: (unspecified), extra: "HuuugeQA", roaming: false, failover: false, isAvailable: true]
05-14 08:29:14.181  2614  3262 D ConnectivityService: returning getNetworkInfo for network type 0 : [type: MOBILE[] - MOBILE, state: DISCONNECTED/DISCONNECTED, reason: (unspecified), extra: (none), roaming: false, failover: false, isAvailable: true]
05-14 08:29:14.541  2614  4151 D ConnectivityService: returning getNetworkInfo for network type 1 : [type: WIFI[] - WIFI, state: CONNECTED/CONNECTED, reason: (unspecified), extra: "HuuugeQA", roaming: false, failover: false, isAvailable: true]
05-14 08:29:14.551  2614  3503 D ConnectivityService: returning getNetworkInfo for network type 0 : [type: MOBILE[] - MOBILE, state: DISCONNECTED/DISCONNECTED, reason: (unspecified), extra: (none), roaming: false, failover: false, isAvailable: true]
05-14 08:29:14.591  2614  3142 D ConnectivityService: returning getNetworkInfo for network type 1 : [type: WIFI[] - WIFI, state: CONNECTED/CONNECTED, reason: (unspecified), extra: "HuuugeQA", roaming: false, failover: false, isAvailable: true]
05-14 08:29:14.591  2614  3488 D ConnectivityService: returning getNetworkInfo for network type 0 : [type: MOBILE[] - MOBILE, state: DISCONNECTED/DISCONNECTED, reason: (unspecified), extra: (none), roaming: false, failover: false, isAvailable: true]
05-14 08:29:14.941  2614  3012 V NetworkStats: performPollLocked(flags=0x1)
05-14 08:29:14.951  2614  3012 D NetworkStatsRecorder: entry.iface is null
05-14 08:29:14.951  2614  3012 D NetworkStatsRecorder: entry.iface is null
05-14 08:29:14.951  2614  3012 D NetworkStatsRecorder: entry.iface is null
05-14 08:29:14.951  2614  3012 D NetworkStatsRecorder: entry.iface is null
05-14 08:29:14.971  2614  3012 V NetworkStats: performPollLocked() took 25ms
05-14 08:29:15.361  2614  3140 D ConnectivityService: returning getNetworkInfo for network type 1 : [type: WIFI[] - WIFI, state: CONNECTED/CONNECTED, reason: (unspecified), extra: "HuuugeQA", roaming: false, failover: false, isAvailable: true]
05-14 08:29:15.361  2614  2628 D ConnectivityService: returning getNetworkInfo for network type 0 : [type: MOBILE[] - MOBILE, state: DISCONNECTED/DISCONNECTED, reason: (unspecified), extra: (none), roaming: false, failover: false, isAvailable: true]
05-14 08:29:15.401  2614  4149 D ConnectivityService: returning getNetworkInfo for network type 1 : [type: WIFI[] - WIFI, state: CONNECTED/CONNECTED, reason: (unspecified), extra: "HuuugeQA", roaming: false, failover: false, isAvailable: true]
05-14 08:29:15.401  2614  3002 D ConnectivityService: returning getNetworkInfo for network type 0 : [type: MOBILE[] - MOBILE, state: DISCONNECTED/DISCONNECTED, reason: (unspecified), extra: (none), roaming: false, failover: false, isAvailable: true]
05-14 08:29:15.781  2614  3142 D ConnectivityService: returning getNetworkInfo for network type 1 : [type: WIFI[] - WIFI, state: CONNECTED/CONNECTED, reason: (unspecified), extra: "HuuugeQA", roaming: false, failover: false, isAvailable: true]
05-14 08:29:15.781  2614  3488 D ConnectivityService: returning getNetworkInfo for network type 0 : [type: MOBILE[] - MOBILE, state: DISCONNECTED/DISCONNECTED, reason: (unspecified), extra: (none), roaming: false, failover: false, isAvailable: true]
05-14 08:29:16.141  2614  3012 V NetworkStats: performPollLocked(flags=0x1)
05-14 08:29:16.151  2614  3012 D NetworkStatsRecorder: entry.iface is null
05-14 08:29:16.151  2614  3012 D NetworkStatsRecorder: entry.iface is null
05-14 08:29:16.151  2614  3012 D NetworkStatsRecorder: entry.iface is null
05-14 08:29:16.151  2614  3012 D NetworkStatsRecorder: entry.iface is null
05-14 08:29:16.181  2614  3012 V NetworkStats: performPollLocked() took 36ms
05-14 08:29:16.391  2614  3267 D ConnectivityService: returning getNetworkInfo for network type 1 : [type: WIFI[] - WIFI, state: CONNECTED/CONNECTED, reason: (unspecified), extra: "HuuugeQA", roaming: false, failover: false, isAvailable: true]
05-14 08:29:16.391  2614  3504 D ConnectivityService: returning getNetworkInfo for network type 0 : [type: MOBILE[] - MOBILE, state: DISCONNECTED/DISCONNECTED, reason: (unspecified), extra: (none), roaming: false, failover: false, isAvailable: true]
05-14 08:29:16.521  2614  4147 D ConnectivityService: returning getNetworkInfo for network type 1 : [type: WIFI[] - WIFI, state: CONNECTED/CONNECTED, reason: (unspecified), extra: "HuuugeQA", roaming: false, failover: false, isAvailable: true]
05-14 08:29:16.521  2614  2629 D ConnectivityService: returning getNetworkInfo for network type 0 : [type: MOBILE[] - MOBILE, state: DISCONNECTED/DISCONNECTED, reason: (unspecified), extra: (none), roaming: false, failover: false, isAvailable: true]
05-14 08:29:16.801  2614  3140 D ConnectivityService: returning getNetworkInfo for network type 1 : [type: WIFI[] - WIFI, state: CONNECTED/CONNECTED, reason: (unspecified), extra: "HuuugeQA", roaming: false, failover: false, isAvailable: true]
05-14 08:29:16.801  2614  2628 D ConnectivityService: returning getNetworkInfo for network type 0 : [type: MOBILE[] - MOBILE, state: DISCONNECTED/DISCONNECTED, reason: (unspecified), extra: (none), roaming: false, failover: false, isAvailable: true]
05-14 08:29:16.861  2614  4149 D ConnectivityService: returning getNetworkInfo for network type 1 : [type: WIFI[] - WIFI, state: CONNECTED/CONNECTED, reason: (unspecified), extra: "HuuugeQA", roaming: false, failover: false, isAvailable: true]
05-14 08:29:16.861  2614  3002 D ConnectivityService: returning getNetworkInfo for network type 0 : [type: MOBILE[] - MOBILE, state: DISCONNECTED/DISCONNECTED, reason: (unspecified), extra: (none), roaming: false, failover: false, isAvailable: true]
05-14 08:29:17.171  2614  3326 E Watchdog: !@Sync 8147 [05-14 08:29:17.174]
05-14 08:29:17.231  2614  3262 D ConnectivityService: returning getNetworkInfo for network type 1 : [type: WIFI[] - WIFI, state: CONNECTED/CONNECTED, reason: (unspecified), extra: "HuuugeQA", roaming: false, failover: false, isAvailable: true]
05-14 08:29:17.231  2614  4151 D ConnectivityService: returning getNetworkInfo for network type 0 : [type: MOBILE[] - MOBILE, state: DISCONNECTED/DISCONNECTED, reason: (unspecified), extra: (none), roaming: false, failover: false, isAvailable: true]
05-14 08:29:17.281  2614  3503 D ConnectivityService: returning getNetworkInfo for network type 1 : [type: WIFI[] - WIFI, state: CONNECTED/CONNECTED, reason: (unspecified), extra: "HuuugeQA", roaming: false, failover: false, isAvailable: true]
05-14 08:29:17.281  2614  3142 D ConnectivityService: returning getNetworkInfo for network type 0 : [type: MOBILE[] - MOBILE, state: DISCONNECTED/DISCONNECTED, reason: (unspecified), extra: (none), roaming: false, failover: false, isAvailable: true]
05-14 08:29:17.471  2614  3012 V NetworkStats: performPollLocked(flags=0x1)
05-14 08:29:17.481  2614  3012 D NetworkStatsRecorder: entry.iface is null
05-14 08:29:17.481  2614  3012 D NetworkStatsRecorder: entry.iface is null
05-14 08:29:17.481  2614  3012 D NetworkStatsRecorder: entry.iface is null
05-14 08:29:17.481  2614  3012 D NetworkStatsRecorder: entry.iface is null
05-14 08:29:17.511  2614  3012 V NetworkStats: performPollLocked() took 33ms
05-14 08:29:17.521  2614  3268 D ConnectivityService: returning getNetworkInfo for network type 1 : [type: WIFI[] - WIFI, state: CONNECTED/CONNECTED, reason: (unspecified), extra: "HuuugeQA", roaming: false, failover: false, isAvailable: true]
05-14 08:29:17.531  2614  3140 D ConnectivityService: returning getNetworkInfo for network type 0 : [type: MOBILE[] - MOBILE, state: DISCONNECTED/DISCONNECTED, reason: (unspecified), extra: (none), roaming: false, failover: false, isAvailable: true]
05-14 08:29:17.641  2614  2628 D ConnectivityService: returning getNetworkInfo for network type 1 : [type: WIFI[] - WIFI, state: CONNECTED/CONNECTED, reason: (unspecified), extra: "HuuugeQA", roaming: false, failover: false, isAvailable: true]
05-14 08:29:17.641  2614  4149 D ConnectivityService: returning getNetworkInfo for network type 0 : [type: MOBILE[] - MOBILE, state: DISCONNECTED/DISCONNECTED, reason: (unspecified), extra: (none), roaming: false, failover: false, isAvailable: true]
05-14 08:29:17.681  2614  3002 D ConnectivityService: returning getNetworkInfo for network type 1 : [type: WIFI[] - WIFI, state: CONNECTED/CONNECTED, reason: (unspecified), extra: "HuuugeQA", roaming: false, failover: false, isAvailable: true]
05-14 08:29:17.681  2614  3262 D ConnectivityService: returning getNetworkInfo for network type 0 : [type: MOBILE[] - MOBILE, state: DISCONNECTED/DISCONNECTED, reason: (unspecified), extra: (none), roaming: false, failover: false, isAvailable: true]
05-14 08:29:18.041  2614  3504 D BatteryService: !@BatteryListener : batteryPropertiesChanged!
05-14 08:29:18.041  2614  3504 D BatteryService: level:100, scale:100, status:5, health:2, present:true, voltage: 4249, temperature: 300, technology: Li-ion, AC powered:false, USB powered:true, POGO powered:false, Wireless powered:false, icon:17303500, invalid charger:0, maxChargingCurrent:0
05-14 08:29:18.041  2614  3504 D BatteryService: online:6, current avg:-347, charge type:1, power sharing:false, high voltage charger:false, capacity:280000, batterySWSelfDischarging:false, current_now:-199
05-14 08:29:18.041  2614  2614 D BatteryService: Sending ACTION_BATTERY_CHANGED.
05-14 08:29:18.041  2614  2614 I MotionRecognitionService: Plugged
05-14 08:29:18.041  2614  2614 D MotionRecognitionService:   cableConnection= 1
05-14 08:29:18.041  2614  2614 D MotionRecognitionService: setPowerConnected | current backoff  = 1024 , state =1024
05-14 08:29:18.041  2614  2614 D MotionRecognitionService: skip setTransmitPower. 
05-14 08:29:18.041  2614  2614 D GameManagerService: new battery level: 100
05-14 08:29:18.051  3094  3094 D PowerUI : priorPlugType = 2 mPlugType =  2
05-14 08:29:18.061  2614  2629 D ConnectivityService: returning getNetworkInfo for network type 1 : [type: WIFI[] - WIFI, state: CONNECTED/CONNECTED, reason: (unspecified), extra: "HuuugeQA", roaming: false, failover: false, isAvailable: true]
05-14 08:29:18.061  2614  3486 D ConnectivityService: returning getNetworkInfo for network type 0 : [type: MOBILE[] - MOBILE, state: DISCONNECTED/DISCONNECTED, reason: (unspecified), extra: (none), roaming: false, failover: false, isAvailable: true]
05-14 08:29:18.071  3094  3094 D BatteryMeterView: ACTION_BATTERY_CHANGED : level:100 status:5 health:2
05-14 08:29:18.071  3094  3094 D BatteryMeterView: ACTION_BATTERY_CHANGED : level:100 status:5 health:2
05-14 08:29:18.471  2614  3268 D ConnectivityService: returning getNetworkInfo for network type 1 : [type: WIFI[] - WIFI, state: CONNECTED/CONNECTED, reason: (unspecified), extra: "HuuugeQA", roaming: false, failover: false, isAvailable: true]
05-14 08:29:18.471  2614  3140 D ConnectivityService: returning getNetworkInfo for network type 0 : [type: MOBILE[] - MOBILE, state: DISCONNECTED/DISCONNECTED, reason: (unspecified), extra: (none), roaming: false, failover: false, isAvailable: true]
05-14 08:29:18.511  2614  2628 D ConnectivityService: returning getNetworkInfo for network type 1 : [type: WIFI[] - WIFI, state: CONNECTED/CONNECTED, reason: (unspecified), extra: "HuuugeQA", roaming: false, failover: false, isAvailable: true]
05-14 08:29:18.511  2614  4149 D ConnectivityService: returning getNetworkInfo for network type 0 : [type: MOBILE[] - MOBILE, state: DISCONNECTED/DISCONNECTED, reason: (unspecified), extra: (none), roaming: false, failover: false, isAvailable: true]
05-14 08:29:18.881  2614  5513 D SSRM:w  : SIOP:: AP = 560, PST = 495 (W:10), CUR = -302, LCD = 0
05-14 08:29:18.881  2614  5513 D ConnectivityService: returning getNetworkInfo for network type 1 : [type: WIFI[] - WIFI, state: CONNECTED/CONNECTED, reason: (unspecified), extra: "HuuugeQA", roaming: false, failover: false, isAvailable: true]
05-14 08:29:18.891  2614  3503 D ConnectivityService: returning getNetworkInfo for network type 1 : [type: WIFI[] - WIFI, state: CONNECTED/CONNECTED, reason: (unspecified), extra: "HuuugeQA", roaming: false, failover: false, isAvailable: true]
05-14 08:29:18.891  2614  3142 D ConnectivityService: returning getNetworkInfo for network type 0 : [type: MOBILE[] - MOBILE, state: DISCONNECTED/DISCONNECTED, reason: (unspecified), extra: (none), roaming: false, failover: false, isAvailable: true]
05-14 08:29:18.931  2614  3267 D ConnectivityService: returning getNetworkInfo for network type 1 : [type: WIFI[] - WIFI, state: CONNECTED/CONNECTED, reason: (unspecified), extra: "HuuugeQA", roaming: false, failover: false, isAvailable: true]
05-14 08:29:18.931  2614  3488 D ConnectivityService: returning getNetworkInfo for network type 0 : [type: MOBILE[] - MOBILE, state: DISCONNECTED/DISCONNECTED, reason: (unspecified), extra: (none), roaming: false, failover: false, isAvailable: true]
05-14 08:29:19.071  2614  3504 D ConnectivityService: returning getNetworkInfo for network type 1 : [type: WIFI[] - WIFI, state: CONNECTED/CONNECTED, reason: (unspecified), extra: "HuuugeQA", roaming: false, failover: false, isAvailable: true]
05-14 08:29:19.071  2614  4147 D ConnectivityService: returning getNetworkInfo for network type 0 : [type: MOBILE[] - MOBILE, state: DISCONNECTED/DISCONNECTED, reason: (unspecified), extra: (none), roaming: false, failover: false, isAvailable: true]
05-14 08:29:19.261  2614  4150 D ConnectivityService: returning getNetworkInfo for network type 1 : [type: WIFI[] - WIFI, state: CONNECTED/CONNECTED, reason: (unspecified), extra: "HuuugeQA", roaming: false, failover: false, isAvailable: true]
05-14 08:29:19.261  2614  3268 D ConnectivityService: returning getNetworkInfo for network type 0 : [type: MOBILE[] - MOBILE, state: DISCONNECTED/DISCONNECTED, reason: (unspecified), extra: (none), roaming: false, failover: false, isAvailable: true]
05-14 08:29:19.331  2614  4149 D ConnectivityService: returning getNetworkInfo for network type 1 : [type: WIFI[] - WIFI, state: CONNECTED/CONNECTED, reason: (unspecified), extra: "HuuugeQA", roaming: false, failover: false, isAvailable: true]
05-14 08:29:19.331  2614  3002 D ConnectivityService: returning getNetworkInfo for network type 0 : [type: MOBILE[] - MOBILE, state: DISCONNECTED/DISCONNECTED, reason: (unspecified), extra: (none), roaming: false, failover: false, isAvailable: true]
05-14 08:29:19.501  2614  3012 V NetworkStats: performPollLocked(flags=0x1)
05-14 08:29:19.501  2614  3012 D NetworkStatsRecorder: entry.iface is null
05-14 08:29:19.501  2614  3012 D NetworkStatsRecorder: entry.iface is null
05-14 08:29:19.501  2614  3012 D NetworkStatsRecorder: entry.iface is null
05-14 08:29:19.501  2614  3012 D NetworkStatsRecorder: entry.iface is null
05-14 08:29:19.521  2614  3012 V NetworkStats: performPollLocked() took 21ms
05-14 08:29:19.921  2614  3488 D ConnectivityService: returning getNetworkInfo for network type 1 : [type: WIFI[] - WIFI, state: CONNECTED/CONNECTED, reason: (unspecified), extra: "HuuugeQA", roaming: false, failover: false, isAvailable: true]
05-14 08:29:19.921  2614  3504 D ConnectivityService: returning getNetworkInfo for network type 0 : [type: MOBILE[] - MOBILE, state: DISCONNECTED/DISCONNECTED, reason: (unspecified), extra: (none), roaming: false, failover: false, isAvailable: true]
05-14 08:29:19.961  2614  4147 D ConnectivityService: returning getNetworkInfo for network type 1 : [type: WIFI[] - WIFI, state: CONNECTED/CONNECTED, reason: (unspecified), extra: "HuuugeQA", roaming: false, failover: false, isAvailable: true]
05-14 08:29:19.961  2614  2629 D ConnectivityService: returning getNetworkInfo for network type 0 : [type: MOBILE[] - MOBILE, state: DISCONNECTED/DISCONNECTED, reason: (unspecified), extra: (none), roaming: false, failover: false, isAvailable: true]
05-14 08:29:20.331  2614  3268 D ConnectivityService: returning getNetworkInfo for network type 1 : [type: WIFI[] - WIFI, state: CONNECTED/CONNECTED, reason: (unspecified), extra: "HuuugeQA", roaming: false, failover: false, isAvailable: true]
05-14 08:29:20.331  2614  3140 D ConnectivityService: returning getNetworkInfo for network type 0 : [type: MOBILE[] - MOBILE, state: DISCONNECTED/DISCONNECTED, reason: (unspecified), extra: (none), roaming: false, failover: false, isAvailable: true]
05-14 08:29:20.371  2614  2628 D ConnectivityService: returning getNetworkInfo for network type 1 : [type: WIFI[] - WIFI, state: CONNECTED/CONNECTED, reason: (unspecified), extra: "HuuugeQA", roaming: false, failover: false, isAvailable: true]
05-14 08:29:20.371  2614  4149 D ConnectivityService: returning getNetworkInfo for network type 0 : [type: MOBILE[] - MOBILE, state: DISCONNECTED/DISCONNECTED, reason: (unspecified), extra: (none), roaming: false, failover: false, isAvailable: true]
05-14 08:29:20.621  2614  3012 V NetworkStats: performPollLocked(flags=0x1)
05-14 08:29:20.631  2614  3012 D NetworkStatsRecorder: entry.iface is null
05-14 08:29:20.631  2614  3012 D NetworkStatsRecorder: entry.iface is null
05-14 08:29:20.631  2614  3012 D NetworkStatsRecorder: entry.iface is null
05-14 08:29:20.631  2614  3012 D NetworkStatsRecorder: entry.iface is null
05-14 08:29:20.651  2614  3012 V NetworkStats: performPollLocked() took 22ms
05-14 08:29:20.751  2614  3503 D ConnectivityService: returning getNetworkInfo for network type 1 : [type: WIFI[] - WIFI, state: CONNECTED/CONNECTED, reason: (unspecified), extra: "HuuugeQA", roaming: false, failover: false, isAvailable: true]
05-14 08:29:20.751  2614  3142 D ConnectivityService: returning getNetworkInfo for network type 0 : [type: MOBILE[] - MOBILE, state: DISCONNECTED/DISCONNECTED, reason: (unspecified), extra: (none), roaming: false, failover: false, isAvailable: true]
05-14 08:29:20.781  2614  3267 D ConnectivityService: returning getNetworkInfo for network type 1 : [type: WIFI[] - WIFI, state: CONNECTED/CONNECTED, reason: (unspecified), extra: "HuuugeQA", roaming: false, failover: false, isAvailable: true]
05-14 08:29:20.781  2614  3488 D ConnectivityService: returning getNetworkInfo for network type 0 : [type: MOBILE[] - MOBILE, state: DISCONNECTED/DISCONNECTED, reason: (unspecified), extra: (none), roaming: false, failover: false, isAvailable: true]
05-14 08:29:21.201  2614  3012 V NetworkStats: performPollLocked(flags=0x1)
05-14 08:29:21.211  2614  3012 D NetworkStatsRecorder: entry.iface is null
05-14 08:29:21.211  2614  3012 D NetworkStatsRecorder: entry.iface is null
05-14 08:29:21.211  2614  3012 D NetworkStatsRecorder: entry.iface is null
05-14 08:29:21.211  2614  3012 D NetworkStatsRecorder: entry.iface is null
05-14 08:29:21.221  2614  3012 V NetworkStats: performPollLocked() took 26ms
05-14 08:29:21.351  2614  4150 D ConnectivityService: returning getNetworkInfo for network type 1 : [type: WIFI[] - WIFI, state: CONNECTED/CONNECTED, reason: (unspecified), extra: "HuuugeQA", roaming: false, failover: false, isAvailable: true]
05-14 08:29:21.351  2614  3268 D ConnectivityService: returning getNetworkInfo for network type 0 : [type: MOBILE[] - MOBILE, state: DISCONNECTED/DISCONNECTED, reason: (unspecified), extra: (none), roaming: false, failover: false, isAvailable: true]
05-14 08:29:21.431  2614  3140 D ConnectivityService: returning getNetworkInfo for network type 1 : [type: WIFI[] - WIFI, state: CONNECTED/CONNECTED, reason: (unspecified), extra: "HuuugeQA", roaming: false, failover: false, isAvailable: true]
05-14 08:29:21.431  2614  2628 D ConnectivityService: returning getNetworkInfo for network type 0 : [type: MOBILE[] - MOBILE, state: DISCONNECTED/DISCONNECTED, reason: (unspecified), extra: (none), roaming: false, failover: false, isAvailable: true]
05-14 08:29:21.771  2614  3142 D ConnectivityService: returning getNetworkInfo for network type 1 : [type: WIFI[] - WIFI, state: CONNECTED/CONNECTED, reason: (unspecified), extra: "HuuugeQA", roaming: false, failover: false, isAvailable: true]
05-14 08:29:21.771  2614  3267 D ConnectivityService: returning getNetworkInfo for network type 0 : [type: MOBILE[] - MOBILE, state: DISCONNECTED/DISCONNECTED, reason: (unspecified), extra: (none), roaming: false, failover: false, isAvailable: true]
05-14 08:29:21.821  2614  3488 D ConnectivityService: returning getNetworkInfo for network type 1 : [type: WIFI[] - WIFI, state: CONNECTED/CONNECTED, reason: (unspecified), extra: "HuuugeQA", roaming: false, failover: false, isAvailable: true]
05-14 08:29:21.821  2614  3504 D ConnectivityService: returning getNetworkInfo for network type 0 : [type: MOBILE[] - MOBILE, state: DISCONNECTED/DISCONNECTED, reason: (unspecified), extra: (none), roaming: false, failover: false, isAvailable: true]
05-14 08:29:22.191  2614  4147 D ConnectivityService: returning getNetworkInfo for network type 1 : [type: WIFI[] - WIFI, state: CONNECTED/CONNECTED, reason: (unspecified), extra: "HuuugeQA", roaming: false, failover: false, isAvailable: true]
05-14 08:29:22.191  2614  2629 D ConnectivityService: returning getNetworkInfo for network type 0 : [type: MOBILE[] - MOBILE, state: DISCONNECTED/DISCONNECTED, reason: (unspecified), extra: (none), roaming: false, failover: false, isAvailable: true]
05-14 08:29:22.231  2614  3486 D ConnectivityService: returning getNetworkInfo for network type 1 : [type: WIFI[] - WIFI, state: CONNECTED/CONNECTED, reason: (unspecified), extra: "HuuugeQA", roaming: false, failover: false, isAvailable: true]
05-14 08:29:22.231  2614  4150 D ConnectivityService: returning getNetworkInfo for network type 0 : [type: MOBILE[] - MOBILE, state: DISCONNECTED/DISCONNECTED, reason: (unspecified), extra: (none), roaming: false, failover: false, isAvailable: true]
05-14 08:29:22.441  2614  3012 V NetworkStats: performPollLocked(flags=0x1)
05-14 08:29:22.451  2614  3012 D NetworkStatsRecorder: entry.iface is null
05-14 08:29:22.451  2614  3012 D NetworkStatsRecorder: entry.iface is null
05-14 08:29:22.451  2614  3012 D NetworkStatsRecorder: entry.iface is null
05-14 08:29:22.451  2614  3012 D NetworkStatsRecorder: entry.iface is null
05-14 08:29:22.481  2614  3012 V NetworkStats: performPollLocked() took 35ms
05-14 08:29:22.601  2614  3268 D ConnectivityService: returning getNetworkInfo for network type 1 : [type: WIFI[] - WIFI, state: CONNECTED/CONNECTED, reason: (unspecified), extra: "HuuugeQA", roaming: false, failover: false, isAvailable: true]
05-14 08:29:22.601  2614  3140 D ConnectivityService: returning getNetworkInfo for network type 0 : [type: MOBILE[] - MOBILE, state: DISCONNECTED/DISCONNECTED, reason: (unspecified), extra: (none), roaming: false, failover: false, isAvailable: true]
05-14 08:29:23.011  2614  3267 D ConnectivityService: returning getNetworkInfo for network type 1 : [type: WIFI[] - WIFI, state: CONNECTED/CONNECTED, reason: (unspecified), extra: "HuuugeQA", roaming: false, failover: false, isAvailable: true]
05-14 08:29:23.011  2614  3488 D ConnectivityService: returning getNetworkInfo for network type 0 : [type: MOBILE[] - MOBILE, state: DISCONNECTED/DISCONNECTED, reason: (unspecified), extra: (none), roaming: false, failover: false, isAvailable: true]
05-14 08:29:23.051  2614  3504 D ConnectivityService: returning getNetworkInfo for network type 1 : [type: WIFI[] - WIFI, state: CONNECTED/CONNECTED, reason: (unspecified), extra: "HuuugeQA", roaming: false, failover: false, isAvailable: true]
05-14 08:29:23.051  2614  4147 D ConnectivityService: returning getNetworkInfo for network type 0 : [type: MOBILE[] - MOBILE, state: DISCONNECTED/DISCONNECTED, reason: (unspecified), extra: (none), roaming: false, failover: false, isAvailable: true]
05-14 08:29:23.431  2614  2629 D ConnectivityService: returning getNetworkInfo for network type 1 : [type: WIFI[] - WIFI, state: CONNECTED/CONNECTED, reason: (unspecified), extra: "HuuugeQA", roaming: false, failover: false, isAvailable: true]
05-14 08:29:23.431  2614  3486 D ConnectivityService: returning getNetworkInfo for network type 0 : [type: MOBILE[] - MOBILE, state: DISCONNECTED/DISCONNECTED, reason: (unspecified), extra: (none), roaming: false, failover: false, isAvailable: true]
05-14 08:29:23.471  2614  4150 D ConnectivityService: returning getNetworkInfo for network type 1 : [type: WIFI[] - WIFI, state: CONNECTED/CONNECTED, reason: (unspecified), extra: "HuuugeQA", roaming: false, failover: false, isAvailable: true]
05-14 08:29:23.471  2614  3268 D ConnectivityService: returning getNetworkInfo for network type 0 : [type: MOBILE[] - MOBILE, state: DISCONNECTED/DISCONNECTED, reason: (unspecified), extra: (none), roaming: false, failover: false, isAvailable: true]
05-14 08:29:23.691  2614  3012 V NetworkStats: performPollLocked(flags=0x1)
05-14 08:29:23.701  2614  3012 D NetworkStatsRecorder: entry.iface is null
05-14 08:29:23.701  2614  3012 D NetworkStatsRecorder: entry.iface is null
05-14 08:29:23.701  2614  3012 D NetworkStatsRecorder: entry.iface is null
05-14 08:29:23.701  2614  3012 D NetworkStatsRecorder: entry.iface is null
05-14 08:29:23.721  2614  3012 V NetworkStats: performPollLocked() took 25ms
05-14 08:29:24.041  2614  3488 D ConnectivityService: returning getNetworkInfo for network type 1 : [type: WIFI[] - WIFI, state: CONNECTED/CONNECTED, reason: (unspecified), extra: "HuuugeQA", roaming: false, failover: false, isAvailable: true]
05-14 08:29:24.041  2614  3504 D ConnectivityService: returning getNetworkInfo for network type 0 : [type: MOBILE[] - MOBILE, state: DISCONNECTED/DISCONNECTED, reason: (unspecified), extra: (none), roaming: false, failover: false, isAvailable: true]
05-14 08:29:24.091  2614  4147 D ConnectivityService: returning getNetworkInfo for network type 1 : [type: WIFI[] - WIFI, state: CONNECTED/CONNECTED, reason: (unspecified), extra: "HuuugeQA", roaming: false, failover: false, isAvailable: true]
05-14 08:29:24.091  2614  2629 D ConnectivityService: returning getNetworkInfo for network type 0 : [type: MOBILE[] - MOBILE, state: DISCONNECTED/DISCONNECTED, reason: (unspecified), extra: (none), roaming: false, failover: false, isAvailable: true]
05-14 08:29:24.461  2614  3002 D ConnectivityService: returning getNetworkInfo for network type 1 : [type: WIFI[] - WIFI, state: CONNECTED/CONNECTED, reason: (unspecified), extra: "HuuugeQA", roaming: false, failover: false, isAvailable: true]
05-14 08:29:24.461  2614  3262 D ConnectivityService: returning getNetworkInfo for network type 0 : [type: MOBILE[] - MOBILE, state: DISCONNECTED/DISCONNECTED, reason: (unspecified), extra: (none), roaming: false, failover: false, isAvailable: true]
05-14 08:29:24.511  2614  3142 D ConnectivityService: returning getNetworkInfo for network type 1 : [type: WIFI[] - WIFI, state: CONNECTED/CONNECTED, reason: (unspecified), extra: "HuuugeQA", roaming: false, failover: false, isAvailable: true]
05-14 08:29:24.511  2614  3267 D ConnectivityService: returning getNetworkInfo for network type 0 : [type: MOBILE[] - MOBILE, state: DISCONNECTED/DISCONNECTED, reason: (unspecified), extra: (none), roaming: false, failover: false, isAvailable: true]
05-14 08:29:24.661  2614  3012 V NetworkStats: performPollLocked(flags=0x1)
05-14 08:29:24.671  2614  3012 D NetworkStatsRecorder: entry.iface is null
05-14 08:29:24.671  2614  3012 D NetworkStatsRecorder: entry.iface is null
05-14 08:29:24.671  2614  3012 D NetworkStatsRecorder: entry.iface is null
05-14 08:29:24.671  2614  3012 D NetworkStatsRecorder: entry.iface is null
05-14 08:29:24.691  2614  3012 V NetworkStats: performPollLocked() took 28ms
05-14 08:29:25.791  2614  3503 D ConnectivityService: returning getNetworkInfo for network type 1 : [type: WIFI[] - WIFI, state: CONNECTED/CONNECTED, reason: (unspecified), extra: "HuuugeQA", roaming: false, failover: false, isAvailable: true]
05-14 08:29:25.791  2614  4151 D ConnectivityService: returning getNetworkInfo for network type 0 : [type: MOBILE[] - MOBILE, state: DISCONNECTED/DISCONNECTED, reason: (unspecified), extra: (none), roaming: false, failover: false, isAvailable: true]
05-14 08:29:25.931  2614  3012 V NetworkStats: performPollLocked(flags=0x1)
05-14 08:29:25.941  2614  3012 D NetworkStatsRecorder: entry.iface is null
05-14 08:29:25.941  2614  3012 D NetworkStatsRecorder: entry.iface is null
05-14 08:29:25.941  2614  3012 D NetworkStatsRecorder: entry.iface is null
05-14 08:29:25.941  2614  3012 D NetworkStatsRecorder: entry.iface is null
05-14 08:29:25.961  2614  3012 V NetworkStats: performPollLocked() took 25ms
05-14 08:29:26.151  2614  4147 D ConnectivityService: returning getNetworkInfo for network type 1 : [type: WIFI[] - WIFI, state: CONNECTED/CONNECTED, reason: (unspecified), extra: "HuuugeQA", roaming: false, failover: false, isAvailable: true]
05-14 08:29:26.151  2614  2629 D ConnectivityService: returning getNetworkInfo for network type 0 : [type: MOBILE[] - MOBILE, state: DISCONNECTED/DISCONNECTED, reason: (unspecified), extra: (none), roaming: false, failover: false, isAvailable: true]
05-14 08:29:26.561  2614  2628 D ConnectivityService: returning getNetworkInfo for network type 1 : [type: WIFI[] - WIFI, state: CONNECTED/CONNECTED, reason: (unspecified), extra: "HuuugeQA", roaming: false, failover: false, isAvailable: true]
05-14 08:29:26.561  2614  4149 D ConnectivityService: returning getNetworkInfo for network type 0 : [type: MOBILE[] - MOBILE, state: DISCONNECTED/DISCONNECTED, reason: (unspecified), extra: (none), roaming: false, failover: false, isAvailable: true]
05-14 08:29:26.611  2614  3002 D ConnectivityService: returning getNetworkInfo for network type 1 : [type: WIFI[] - WIFI, state: CONNECTED/CONNECTED, reason: (unspecified), extra: "HuuugeQA", roaming: false, failover: false, isAvailable: true]
05-14 08:29:26.611  2614  3262 D ConnectivityService: returning getNetworkInfo for network type 0 : [type: MOBILE[] - MOBILE, state: DISCONNECTED/DISCONNECTED, reason: (unspecified), extra: (none), roaming: false, failover: false, isAvailable: true]
05-14 08:29:27.381  2614  2629 D ConnectivityService: returning getNetworkInfo for network type 1 : [type: WIFI[] - WIFI, state: CONNECTED/CONNECTED, reason: (unspecified), extra: "HuuugeQA", roaming: false, failover: false, isAvailable: true]
05-14 08:29:27.381  2614  3486 D ConnectivityService: returning getNetworkInfo for network type 0 : [type: MOBILE[] - MOBILE, state: DISCONNECTED/DISCONNECTED, reason: (unspecified), extra: (none), roaming: false, failover: false, isAvailable: true]
