04-23 16:33:36.669 25460 25881 I Claw    : [0m[      24.037] [30;1mjni/../jni/src/claw/vfs/Vfs.cpp:172: Opened file: /atlases/atlas_sku_hc.etc2+.mip/Ameta
04-23 16:33:36.669 25460 25881 I Claw    : [0m[      24.042] [35;1mATLAS /home/jenkins-agent/workspace/huuuge-stars/client-dev/hs-android/src/casino/AtlasManager.cpp:686: Atlas manager adding atlas: atlas_sku_hc (atlases/atlas_sku_hc.xml@linear,mipmap-linear)
04-23 16:33:36.669 25460 25881 I Claw    : [0m[      24.043] [30;1mjni/../jni/src/claw/vfs/Vfs.cpp:172: Opened file: /atlases/atlas_sku_hc.etc2+.mip/Ameta
04-23 16:33:36.679 25460 25881 I Claw    : [0m[      24.046] [30;1mjni/../jni/src/claw/base/BigBufCache.cpp:186: BigBuf 1 new buf: 2796216
04-23 16:33:36.679 25460 25881 I Claw    : [0m[      24.046] [30;1mjni/../jni/src/claw/base/BigBufCache.cpp:187:   Count: 11
04-23 16:33:36.679 25460 25881 I Claw    : [0m[      24.046] [30;1mjni/../jni/src/claw/base/BigBufCache.cpp:194:   Buffers: 2796216, 2796216, 2796216, 2796216, 11184824, 11184824, 11184824, 2796216, 2796216, 11184824, 2796216, 
04-23 16:33:36.679 25460 25881 I Claw    : [0m[      24.049] [30;1mjni/../jni/src/claw/base/BigBufCache.cpp:186: BigBuf 1 new buf: 2796216
04-23 16:33:36.679 25460 25881 I Claw    : [0m[      24.049] [30;1mjni/../jni/src/claw/base/BigBufCache.cpp:187:   Count: 12
04-23 16:33:36.679 25460 25881 I Claw    : [0m[      24.049] [30;1mjni/../jni/src/claw/base/BigBufCache.cpp:194:   Buffers: 2796216, 2796216, 2796216, 2796216, 11184824, 11184824, 11184824, 2796216, 2796216, 11184824, 2796216, 2796216, 
04-23 16:33:36.679 25460 25881 I Claw    : [0m[      24.049] [30;1mjni/../jni/src/claw/service/StreamingManager.cpp:563: mip 12  w 1  h 1 (1)
04-23 16:33:36.679 25460 25881 I Claw    : [0m[      24.049] [30;1mjni/../jni/src/claw/vfs/Vfs.cpp:172: Opened file: /atlases/atlas_sku_hc.etc2+.mip/C12
04-23 16:33:36.679 25460 25881 I Claw    : [0m[       24.05] [30;1mjni/../jni/src/claw/vfs/Vfs.cpp:172: Opened file: /atlases/atlas_sku_hc.etc2+.mip/A12
04-23 16:33:36.679 25460 25881 I Claw    : [0m[      24.051] [30;1mjni/../jni/src/claw/service/StreamingManager.cpp:563: mip 11  w 2  h 2 (8)
04-23 16:33:36.679 25460 25881 I Claw    : [0m[      24.051] [30;1mjni/../jni/src/claw/vfs/Vfs.cpp:172: Opened file: /atlases/atlas_sku_hc.etc2+.mip/C11
04-23 16:33:36.689 25460 25881 I Claw    : [0m[      24.056] [30;1mjni/../jni/src/claw/vfs/Vfs.cpp:172: Opened file: /atlases/atlas_sku_hc.etc2+.mip/A11
04-23 16:33:36.689 25460 25881 I Claw    : [0m[      24.057] [30;1mjni/../jni/src/claw/service/StreamingManager.cpp:563: mip 10  w 4  h 4 (32)
04-23 16:33:36.689 25811 25811 D RelationGraph: garbageCollect()
04-23 16:33:36.689 25460 25881 I Claw    : [0m[      24.057] [30;1mjni/../jni/src/claw/vfs/Vfs.cpp:172: Opened file: /atlases/atlas_sku_hc.etc2+.mip/C10
04-23 16:33:36.689 25460 25881 I Claw    : [0m[      24.062] [30;1mjni/../jni/src/claw/vfs/Vfs.cpp:172: Opened file: /atlases/atlas_sku_hc.etc2+.mip/A10
04-23 16:33:36.699 25460 25881 I Claw    : [0m[      24.064] [30;1mjni/../jni/src/claw/vfs/Vfs.cpp:172: Opened file: /atlases/atlas_sku_hc.xml
04-23 16:33:36.699 25460 25884 I Claw    : [0m[      24.064] [30;1mjni/../jni/src/claw/service/StreamingManager.cpp:563: mip 9  w 8  h 8 (128)
04-23 16:33:36.699 25460 25884 I Claw    : [0m[      24.064] [30;1mjni/../jni/src/claw/vfs/Vfs.cpp:172: Opened file: /atlases/atlas_sku_hc.etc2+.mip/C9
04-23 16:33:36.699 25460 25884 I Claw    : [0m[      24.067] [30;1mjni/../jni/src/claw/vfs/Vfs.cpp:172: Opened file: /atlases/atlas_sku_hc.etc2+.mip/A9
04-23 16:33:36.699 25460 25881 I Claw    : [0m[       24.07] [30;1mjni/../jni/src/claw/graphics/surface/SurfaceHW.cpp:883: Surface  xy: 40, uv: 58, tri: 38
04-23 16:33:36.699 25460 25884 I Claw    : [0m[      24.072] [30;1mjni/../jni/src/claw/service/StreamingManager.cpp:563: mip 8  w 16  h 16 (512)
04-23 16:33:36.699 25460 25884 I Claw    : [0m[      24.072] [30;1mjni/../jni/src/claw/vfs/Vfs.cpp:172: Opened file: /atlases/atlas_sku_hc.etc2+.mip/C8
04-23 16:33:36.709 25460 25881 I Claw    : [0m[      24.074] [30;1mjni/../jni/src/claw/graphics/surface/SurfaceHW.cpp:883: Surface  xy: 94, uv: 140, tri: 92
04-23 16:33:36.709 25460 25884 I Claw    : [0m[      24.075] [30;1mjni/../jni/src/claw/vfs/Vfs.cpp:172: Opened file: /atlases/atlas_sku_hc.etc2+.mip/A8
04-23 16:33:36.709 25460 25881 I Claw    : [0m[      24.075] [30;1mjni/../jni/src/claw/graphics/surface/SurfaceHW.cpp:883: Surface  xy: 8, uv: 10, tri: 6
04-23 16:33:36.709 25460 25881 I Claw    : [0m[      24.077] [30;1mjni/../jni/src/claw/graphics/surface/SurfaceHW.cpp:883: Surface  xy: 20, uv: 28, tri: 18
04-23 16:33:36.709 25460 25881 I Claw    : [0m[      24.079] [30;1mjni/../jni/src/claw/graphics/surface/SurfaceHW.cpp:883: Surface  xy: 30, uv: 44, tri: 28
04-23 16:33:36.709 25460 25884 I Claw    : [0m[       24.08] [30;1mjni/../jni/src/claw/service/StreamingManager.cpp:563: mip 7  w 32  h 32 (2048)
04-23 16:33:36.709 25460 25884 I Claw    : [0m[       24.08] [30;1mjni/../jni/src/claw/vfs/Vfs.cpp:172: Opened file: /atlases/atlas_sku_hc.etc2+.mip/C7
04-23 16:33:36.709 25460 25881 I Claw    : [0m[       24.08] [30;1mjni/../jni/src/claw/graphics/surface/SurfaceHW.cpp:883: Surface  xy: 8, uv: 10, tri: 6
04-23 16:33:36.709 25460 25881 I Claw    : [0m[      24.082] [30;1mjni/../jni/src/claw/graphics/surface/SurfaceHW.cpp:883: Surface  xy: 8, uv: 10, tri: 6
04-23 16:33:36.709 25460 25884 I Claw    : [0m[      24.082] [30;1mjni/../jni/src/claw/vfs/Vfs.cpp:172: Opened file: /atlases/atlas_sku_hc.etc2+.mip/A7
04-23 16:33:36.719 25460 25881 I Claw    : [0m[      24.083] [30;1mjni/../jni/src/claw/graphics/surface/SurfaceHW.cpp:883: Surface  xy: 8, uv: 10, tri: 6
04-23 16:33:36.719 25460 25881 I Claw    : [0m[      24.085] [30;1mjni/../jni/src/claw/graphics/surface/SurfaceHW.cpp:883: Surface  xy: 12, uv: 16, tri: 10
04-23 16:33:36.719 25811 25811 D RelationGraph: garbageCollect()
04-23 16:33:36.719 25460 25881 I Claw    : [0m[      24.086] [30;1mjni/../jni/src/claw/graphics/surface/SurfaceHW.cpp:883: Surface  xy: 12, uv: 16, tri: 10
04-23 16:33:36.719 25460 25884 I Claw    : [0m[      24.087] [30;1mjni/../jni/src/claw/service/StreamingManager.cpp:563: mip 6  w 64  h 64 (8192)
04-23 16:33:36.719 25460 25884 I Claw    : [0m[      24.087] [30;1mjni/../jni/src/claw/vfs/Vfs.cpp:172: Opened file: /atlases/atlas_sku_hc.etc2+.mip/C6
04-23 16:33:36.719 25460 25881 I Claw    : [0m[      24.088] [30;1mjni/../jni/src/claw/graphics/surface/SurfaceHW.cpp:883: Surface  xy: 20, uv: 28, tri: 18
04-23 16:33:36.719 25460 25881 I Claw    : [0m[      24.089] [30;1mjni/../jni/src/claw/graphics/surface/SurfaceHW.cpp:883: Surface  xy: 8, uv: 10, tri: 6
04-23 16:33:36.719 25460 25884 I Claw    : [0m[       24.09] [30;1mjni/../jni/src/claw/vfs/Vfs.cpp:172: Opened file: /atlases/atlas_sku_hc.etc2+.mip/A6
04-23 16:33:36.719 25460 25881 I Claw    : [0m[      24.091] [30;1mjni/../jni/src/claw/graphics/surface/SurfaceHW.cpp:883: Surface  xy: 12, uv: 16, tri: 10
04-23 16:33:36.719 25460 25881 I Claw    : [0m[      24.092] [30;1mjni/../jni/src/claw/graphics/surface/SurfaceHW.cpp:883: Surface  xy: 12, uv: 16, tri: 10
04-23 16:33:36.729 25460 25881 I Claw    : [0m[      24.093] [30;1mjni/../jni/src/claw/graphics/surface/SurfaceHW.cpp:883: Surface  xy: 8, uv: 10, tri: 6
04-23 16:33:36.729 25460 25881 I Claw    : [0m[      24.094] [30;1mjni/../jni/src/claw/graphics/surface/SurfaceHW.cpp:883: Surface  xy: 8, uv: 10, tri: 6
04-23 16:33:36.729 25460 25884 I Claw    : [0m[      24.095] [30;1mjni/../jni/src/claw/service/StreamingManager.cpp:563: mip 5  w 128  h 128 (32768)
04-23 16:33:36.729 25460 25884 I Claw    : [0m[      24.095] [30;1mjni/../jni/src/claw/vfs/Vfs.cpp:172: Opened file: /atlases/atlas_sku_hc.etc2+.mip/C5
04-23 16:33:36.729 25460 25881 I Claw    : [0m[      24.097] [30;1mjni/../jni/src/claw/graphics/surface/SurfaceHW.cpp:883: Surface  xy: 45, uv: 67, tri: 43
04-23 16:33:36.729 25460 25884 I Claw    : [0m[      24.097] [30;1mjni/../jni/src/claw/vfs/Vfs.cpp:172: Opened file: /atlases/atlas_sku_hc.etc2+.mip/A5
04-23 16:33:36.729 25460 25881 I Claw    : [0m[      24.098] [30;1mjni/../jni/src/claw/graphics/surface/SurfaceHW.cpp:883: Surface  xy: 12, uv: 16, tri: 10
04-23 16:33:36.729 25460 25881 I Claw    : [0m[      24.099] [30;1mjni/../jni/src/claw/graphics/surface/SurfaceHW.cpp:883: Surface  xy: 1, uv: 2, tri: 0
04-23 16:33:36.729 25460 25881 I Claw    : [0m[      24.101] [30;1mjni/../jni/src/claw/graphics/surface/SurfaceHW.cpp:883: Surface  xy: 8, uv: 10, tri: 6
04-23 16:33:36.729 25460 25884 I Claw    : [0m[      24.102] [30;1mjni/../jni/src/claw/service/StreamingManager.cpp:563: mip 4  w 256  h 256 (131072)
04-23 16:33:36.729 25460 25884 I Claw    : [0m[      24.103] [30;1mjni/../jni/src/claw/vfs/Vfs.cpp:172: Opened file: /atlases/atlas_sku_hc.etc2+.mip/C4
04-23 16:33:36.729 25460 25881 I Claw    : [0m[      24.103] [30;1mjni/../jni/src/claw/graphics/surface/SurfaceHW.cpp:883: Surface  xy: 32, uv: 48, tri: 32
04-23 16:33:36.739 25460 25881 I Claw    : [0m[      24.105] [30;1mjni/../jni/src/claw/graphics/surface/SurfaceHW.cpp:883: Surface  xy: 24, uv: 34, tri: 22
04-23 16:33:36.739 25460 25881 I Claw    : [0m[      24.106] [30;1mjni/../jni/src/claw/graphics/surface/SurfaceHW.cpp:883: Surface  xy: 8, uv: 10, tri: 6
04-23 16:33:36.739 25460 25881 I Claw    : [0m[      24.107] [30;1mjni/../jni/src/claw/graphics/surface/SurfaceHW.cpp:883: Surface  xy: 16, uv: 22, tri: 14
04-23 16:33:36.739 25460 25884 I Claw    : [0m[      24.108] [30;1mjni/../jni/src/claw/vfs/Vfs.cpp:172: Opened file: /atlases/atlas_sku_hc.etc2+.mip/A4
04-23 16:33:36.739 25460 25881 I Claw    : [0m[      24.109] [30;1mjni/../jni/src/claw/graphics/surface/SurfaceHW.cpp:883: Surface  xy: 4, uv: 4, tri: 2
04-23 16:33:36.739 25460 25881 I Claw    : [0m[       24.11] [30;1mjni/../jni/src/claw/graphics/surface/SurfaceHW.cpp:883: Surface  xy: 12, uv: 16, tri: 10
04-23 16:33:36.739 25460 25881 I Claw    : [0m[      24.111] [30;1mjni/../jni/src/claw/graphics/surface/SurfaceHW.cpp:883: Surface  xy: 19, uv: 27, tri: 17
04-23 16:33:36.739 25460 25884 I Claw    : [0m[      24.112] [30;1mjni/../jni/src/claw/service/StreamingManager.cpp:563: mip 3  w 512  h 512 (524288)
04-23 16:33:36.739 25460 25884 I Claw    : [0m[      24.113] [30;1mjni/../jni/src/claw/vfs/Vfs.cpp:172: Opened file: /atlases/atlas_sku_hc.etc2+.mip/C3
04-23 16:33:36.749 25460 25881 I Claw    : [0m[      24.113] [30;1mjni/../jni/src/claw/graphics/surface/SurfaceHW.cpp:883: Surface  xy: 4, uv: 4, tri: 2
04-23 16:33:36.749 25811 25811 D RelationGraph: garbageCollect()
04-23 16:33:36.749 25460 25881 I Claw    : [0m[      24.115] [30;1mjni/../jni/src/claw/graphics/surface/SurfaceHW.cpp:883: Surface  xy: 4, uv: 4, tri: 2
04-23 16:33:36.749 25460 25881 I Claw    : [0m[      24.117] [30;1mjni/../jni/src/claw/graphics/surface/SurfaceHW.cpp:883: Surface  xy: 19, uv: 25, tri: 15
04-23 16:33:36.749 25460 25881 I Claw    : [0m[      24.119] [30;1mjni/../jni/src/claw/graphics/surface/SurfaceHW.cpp:883: Surface  xy: 19, uv: 25, tri: 15
04-23 16:33:36.749 25460 25881 I Claw    : [0m[       24.12] [30;1mjni/../jni/src/claw/graphics/surface/SurfaceHW.cpp:883: Surface  xy: 20, uv: 26, tri: 16
04-23 16:33:36.749 25460 25881 I Claw    : [0m[      24.122] [30;1mjni/../jni/src/claw/graphics/surface/SurfaceHW.cpp:883: Surface  xy: 31, uv: 43, tri: 27
04-23 16:33:36.759 25460 25881 I Claw    : [0m[      24.124] [30;1mjni/../jni/src/claw/graphics/surface/SurfaceHW.cpp:883: Surface  xy: 23, uv: 33, tri: 21
04-23 16:33:36.759 25460 25884 I Claw    : [0m[      24.125] [30;1mjni/../jni/src/claw/vfs/Vfs.cpp:172: Opened file: /atlases/atlas_sku_hc.etc2+.mip/A3
04-23 16:33:36.759 25460 25881 I Claw    : [0m[      24.126] [30;1mjni/../jni/src/claw/graphics/surface/SurfaceHW.cpp:883: Surface  xy: 40, uv: 58, tri: 38
04-23 16:33:36.759 25460 25881 I Claw    : [0m[      24.127] [30;1mjni/../jni/src/claw/graphics/surface/SurfaceHW.cpp:883: Surface  xy: 4, uv: 4, tri: 2
04-23 16:33:36.759 25460 25881 I Claw    : [0m[      24.129] [30;1mjni/../jni/src/claw/graphics/surface/SurfaceHW.cpp:883: Surface  xy: 8, uv: 10, tri: 6
04-23 16:33:36.759 25460 25881 I Claw    : [0m[       24.13] [30;1mjni/../jni/src/claw/graphics/surface/SurfaceHW.cpp:883: Surface  xy: 4, uv: 4, tri: 2
04-23 16:33:36.759 25460 25881 I Claw    : [0m[      24.132] [30;1mjni/../jni/src/claw/graphics/surface/SurfaceHW.cpp:883: Surface  xy: 4, uv: 4, tri: 2
04-23 16:33:36.769 25460 25881 I Claw    : [0m[      24.133] [30;1mjni/../jni/src/claw/graphics/surface/SurfaceHW.cpp:883: Surface  xy: 4, uv: 4, tri: 2
04-23 16:33:36.769 25460 25881 I Claw    : [0m[      24.134] [30;1mjni/../jni/src/claw/graphics/surface/SurfaceHW.cpp:883: Surface  xy: 4, uv: 4, tri: 2
04-23 16:33:36.769 25460 25884 I Claw    : [0m[      24.135] [30;1mjni/../jni/src/claw/service/StreamingManager.cpp:563: mip 2  w 1024  h 1024 (2097152)
04-23 16:33:36.769 25460 25884 I Claw    : [0m[      24.135] [30;1mjni/../jni/src/claw/vfs/Vfs.cpp:172: Opened file: /atlases/atlas_sku_hc.etc2+.mip/C2
04-23 16:33:36.769 25460 25881 I Claw    : [0m[      24.136] [30;1mjni/../jni/src/claw/graphics/surface/SurfaceHW.cpp:883: Surface  xy: 8, uv: 10, tri: 6
04-23 16:33:36.769 25460 25881 I Claw    : [0m[      24.137] [30;1mjni/../jni/src/claw/graphics/surface/SurfaceHW.cpp:883: Surface  xy: 4, uv: 4, tri: 2
04-23 16:33:36.769 25460 25881 I Claw    : [0m[      24.138] [30;1mjni/../jni/src/claw/graphics/surface/SurfaceHW.cpp:883: Surface  xy: 8, uv: 10, tri: 6
04-23 16:33:36.769 25460 25881 I Claw    : [0m[      24.139] [30;1mjni/../jni/src/claw/graphics/surface/SurfaceHW.cpp:883: Surface  xy: 4, uv: 4, tri: 2
04-23 16:33:36.769 25460 25881 I Claw    : [0m[      24.141] [30;1mjni/../jni/src/claw/graphics/surface/SurfaceHW.cpp:883: Surface  xy: 12, uv: 16, tri: 10
04-23 16:33:36.769 25460 25881 I Claw    : [0m[      24.142] [30;1mjni/../jni/src/claw/graphics/surface/SurfaceHW.cpp:883: Surface  xy: 16, uv: 22, tri: 14
04-23 16:33:36.769 25811 25811 D RelationGraph: garbageCollect()
04-23 16:33:36.779 25460 25881 I Claw    : [0m[      24.144] [30;1mjni/../jni/src/claw/graphics/surface/SurfaceHW.cpp:883: Surface  xy: 12, uv: 16, tri: 10
04-23 16:33:36.779 25460 25881 I Claw    : [0m[      24.146] [30;1mjni/../jni/src/claw/graphics/surface/SurfaceHW.cpp:883: Surface  xy: 16, uv: 22, tri: 14
04-23 16:33:36.779 25460 25881 I Claw    : [0m[      24.147] [30;1mjni/../jni/src/claw/graphics/surface/SurfaceHW.cpp:883: Surface  xy: 12, uv: 16, tri: 10
04-23 16:33:36.779 25460 25881 I Claw    : [0m[      24.149] [30;1mjni/../jni/src/claw/graphics/surface/SurfaceHW.cpp:883: Surface  xy: 16, uv: 22, tri: 14
04-23 16:33:36.779 25460 25984 I Claw    : [0m[      24.149] [30;1mjni/../jni/src/claw/network/HttpRequest.cpp:279: Content length: 52
04-23 16:33:36.779 25460 25984 I Claw    : [0m[       24.15] [30;1mjni/../jni/src/claw/vfs/android/AndroidSaveFile.cpp:82: Open new save assetcache/atlas_tiles3_hc_1_etc2.pak
04-23 16:33:36.779 25460 25881 I Claw    : [0m[      24.151] [30;1mjni/../jni/src/claw/graphics/surface/SurfaceHW.cpp:883: Surface  xy: 12, uv: 16, tri: 10
04-23 16:33:36.779 25460 25984 I Claw    : [0m[      24.151] [30;1mjni/../jni/src/claw/vfs/android/AndroidSaveFile.cpp:82: Open new save assetcache/atlas_tiles3_hc_1_etc2.pak.meta
04-23 16:33:36.779 25460 25881 I Claw    : [0m[      24.152] [30;1mjni/../jni/src/claw/graphics/surface/SurfaceHW.cpp:883: Surface  xy: 16, uv: 22, tri: 14
04-23 16:33:36.789 25460 25881 I Claw    : [0m[      24.154] [30;1mjni/../jni/src/claw/graphics/surface/SurfaceHW.cpp:883: Surface  xy: 12, uv: 16, tri: 10
04-23 16:33:36.789 25460 25984 I Claw    : [0m[      24.155] [30;1mjni/../jni/src/claw/vfs/NativeMount.cpp:244: Aquire java class for JNI method: com/Claw/Android/NativeMount
04-23 16:33:36.789 25460 25984 I Claw    : [0m[      24.155] [30;1mjni/../jni/src/claw/vfs/NativeMount.cpp:244: JNI class acquired, acquire java method: GetFreeDiskSpace with args: (Ljava/lang/String;)J
04-23 16:33:36.789 25460 25881 I Claw    : [0m[      24.155] [30;1mjni/../jni/src/claw/graphics/surface/SurfaceHW.cpp:883: Surface  xy: 16, uv: 22, tri: 14
04-23 16:33:36.789 25460 25984 I Claw    : [0m[      24.156] [30;1mjni/../jni/src/claw/vfs/NativeMount.cpp:244: Aquire java class for JNI method: com/Claw/Android/NativeMount
04-23 16:33:36.789 25460 25984 I Claw    : [0m[      24.156] [30;1mjni/../jni/src/claw/vfs/NativeMount.cpp:244: JNI class acquired, acquire java method: GetFreeDiskSpace with args: (Ljava/lang/String;)J
04-23 16:33:36.789 25460 25881 I Claw    : [0m[      24.156] [30;1mjni/../jni/src/claw/graphics/surface/SurfaceHW.cpp:883: Surface  xy: 12, uv: 16, tri: 10
04-23 16:33:36.789 25460 25984 I Claw    : [0m[      24.157] [30;1mjni/../jni/src/claw/vfs/NativeMount.cpp:244: Aquire java class for JNI method: com/Claw/Android/NativeMount
04-23 16:33:36.789 25460 25984 I Claw    : [0m[      24.157] [30;1mjni/../jni/src/claw/vfs/NativeMount.cpp:244: JNI class acquired, acquire java method: GetFreeDiskSpace with args: (Ljava/lang/String;)J
04-23 16:33:36.789 25460 25881 I Claw    : [0m[      24.158] [30;1mjni/../jni/src/claw/graphics/surface/SurfaceHW.cpp:883: Surface  xy: 16, uv: 22, tri: 14
04-23 16:33:36.789 25460 25984 I Claw    : [0m[      24.158] [30;1mjni/../jni/src/claw/vfs/NativeMount.cpp:244: Aquire java class for JNI method: com/Claw/Android/NativeMount
04-23 16:33:36.789 25460 25984 I Claw    : [0m[      24.158] [30;1mjni/../jni/src/claw/vfs/NativeMount.cpp:244: JNI class acquired, acquire java method: GetFreeDiskSpace with args: (Ljava/lang/String;)J
04-23 16:33:36.789 25460 25881 I Claw    : [0m[      24.159] [30;1mjni/../jni/src/claw/graphics/surface/SurfaceHW.cpp:883: Surface  xy: 12, uv: 16, tri: 10
04-23 16:33:36.789  2218  2767 D EnterpriseController: netId is 0
04-23 16:33:36.789  2218  2767 D Netd    : getNetworkForDns: using netid 502 for uid 10694
04-23 16:33:36.789 25460 25984 I Claw    : [0m[       24.16] [30;1mjni/../jni/src/claw/network/HttpRequest.cpp:97: cdn-hs-dev.hgonline.net resolved to ::ffff:92.122.48.57
04-23 16:33:36.789 25460 25984 I Claw    : [0m[       24.16] [30;1mjni/../jni/src/claw/network/HttpRequest.cpp:97: cdn-hs-dev.hgonline.net resolved to ::ffff:92.122.48.58
04-23 16:33:36.789 25460 25984 I Claw    : [0m[       24.16] [30;1mjni/../jni/src/claw/network/unix/UnixStreamSocket.cpp:93: Connecting to ::ffff:92.122.48.57
04-23 16:33:36.789 25460 25881 I Claw    : [0m[       24.16] [30;1mjni/../jni/src/claw/graphics/surface/SurfaceHW.cpp:883: Surface  xy: 16, uv: 22, tri: 14
04-23 16:33:36.789 25460 25881 I Claw    : [0m[      24.162] [30;1mjni/../jni/src/claw/graphics/surface/SurfaceHW.cpp:883: Surface  xy: 4, uv: 4, tri: 2
04-23 16:33:36.789 25460 25984 I Claw    : [0m[      24.162] [31;1m!!! jni/../jni/src/claw/network/unix/UnixStreamSocket.cpp:119: NetError (115) Operation now in progress
04-23 16:33:36.799 25460 25881 I Claw    : [0m[      24.163] [30;1mjni/../jni/src/claw/graphics/surface/SurfaceHW.cpp:883: Surface  xy: 12, uv: 14, tri: 8
04-23 16:33:36.799 25460 25908 I Claw    : [0m[      24.163] [30;1mjni/../jni/src/claw/vfs/android/AndroidSaveFile.cpp:42: Open existing save assetcache/atlas_tiles3_hc_1_etc2.pak.meta
04-23 16:33:36.799 25460 25908 I Claw    : [0m[      24.164] [30;1mjni/../jni/src/claw/vfs/Vfs.cpp:172: Opened file: /assetcache/atlas_tiles3_hc_1_etc2.pak.meta
04-23 16:33:36.799 25460 25908 I Claw    : [0m[      24.164] /home/jenkins-agent/workspace/huuuge-stars/client-dev/hs-android/src/casino/ServerList.cpp:53: Server list returning http://cdn-hs-dev.hgonline.net/347/, 1/14
04-23 16:33:36.799 25460 25908 I Claw    : [0m[      24.164] [30;1mjni/../jni/src/claw/vfs/android/AndroidSaveFile.cpp:42: Open existing save assetcache/atlas_tiles3_hc_1_etc2.pak.meta
04-23 16:33:36.799 25460 25908 I Claw    : [0m[      24.165] [30;1mjni/../jni/src/claw/vfs/Vfs.cpp:172: Opened file: /assetcache/atlas_tiles3_hc_1_etc2.pak.meta
04-23 16:33:36.799 25460 25908 I Claw    : [0m[      24.165] /home/jenkins-agent/workspace/huuuge-stars/client-dev/hs-android/src/casino/DefaultDownloadManager.cpp:415: Downloading pak atlas_tiles3_hc_1_etc2.pak from http://cdn-hs-dev.hgonline.net/347/
04-23 16:33:36.799 25460 25898 I Claw    : [0m[      24.166] ../../../../../../../../contrib/huuugeanalyticssdk/cpp/contrib/jni/JniAttach.hpp:185: Aquire java class for JNI method: com/huuuge/analytics/HA
04-23 16:33:36.799 25460 25898 I Claw    : [0m[      24.166] ../../../../../../../../contrib/huuugeanalyticssdk/cpp/contrib/jni/JniAttach.hpp:185: JNI class acquired, acquire java method: connectionStatus with args: ()I
04-23 16:33:36.799 25460 25898 I Claw    : [0m[      24.166] ../../../../../../../../contrib/huuugeanalyticssdk/cpp/contrib/jni/JniAttach.hpp:186: JNI method acquired, try to call.
04-23 16:33:36.799 25460 25881 I Claw    : [0m[      24.166] [30;1mjni/../jni/src/claw/graphics/surface/SurfaceHW.cpp:883: Surface  xy: 8, uv: 10, tri: 6
04-23 16:33:36.799 25460 25987 I Claw    : [0m[      24.166] [30;1mjni/../jni/src/claw/vfs/android/AndroidSaveFile.cpp:62: Open existing save assetcache/atlas_tiles3_hc_1_etc2.pak
04-23 16:33:36.799 25460 25987 I Claw    : [0m[      24.167] [30;1mjni/../jni/src/claw/vfs/Vfs.cpp:207: Opened file: /assetcache/atlas_tiles3_hc_1_etc2.pak
04-23 16:33:36.799  2218  2767 D EnterpriseController: netId is 0
04-23 16:33:36.799  2218  2767 D Netd    : getNetworkForDns: using netid 502 for uid 10694
04-23 16:33:36.799 25460 25881 I Claw    : [0m[      24.168] [30;1mjni/../jni/src/claw/graphics/surface/SurfaceHW.cpp:883: Surface  xy: 12, uv: 16, tri: 10
04-23 16:33:36.799 25460 25898 I Claw    : [0m[      24.168] ../../../../../../../../contrib/huuugeanalyticssdk/cpp/contrib/jni/JniAttach.hpp:189: JNI method called.
04-23 16:33:36.799 25460 25987 I Claw    : [0m[      24.169] [30;1mjni/../jni/src/claw/network/HttpRequest.cpp:97: cdn-hs-dev.hgonline.net resolved to ::ffff:92.122.48.57
04-23 16:33:36.799 25460 25987 I Claw    : [0m[      24.169] [30;1mjni/../jni/src/claw/network/HttpRequest.cpp:97: cdn-hs-dev.hgonline.net resolved to ::ffff:92.122.48.58
04-23 16:33:36.799 25460 25987 I Claw    : [0m[      24.169] [30;1mjni/../jni/src/claw/network/unix/UnixStreamSocket.cpp:93: Connecting to ::ffff:92.122.48.57
04-23 16:33:36.799 25460 25881 I Claw    : [0m[      24.169] [30;1mjni/../jni/src/claw/graphics/surface/SurfaceHW.cpp:883: Surface  xy: 12, uv: 16, tri: 10
04-23 16:33:36.799 25460 25881 I Claw    : [0m[      24.171] [30;1mjni/../jni/src/claw/graphics/surface/SurfaceHW.cpp:883: Surface  xy: 8, uv: 10, tri: 6
04-23 16:33:36.799 25460 25881 I Claw    : [0m[      24.172] [30;1mjni/../jni/src/claw/graphics/surface/SurfaceHW.cpp:883: Surface  xy: 19, uv: 27, tri: 17
04-23 16:33:36.799 25460 25884 I Claw    : [0m[      24.173] [30;1mjni/../jni/src/claw/vfs/Vfs.cpp:172: Opened file: /atlases/atlas_sku_hc.etc2+.mip/A2
04-23 16:33:36.799  2612  3264 D ConnectivityService: returning getNetworkInfo for network type 1 : [type: WIFI[] - WIFI, state: CONNECTED/CONNECTED, reason: (unspecified), extra: "HuuugeQA", roaming: false, failover: false, isAvailable: true]
04-23 16:33:36.799  2612  3487 D ConnectivityService: returning getNetworkInfo for network type 0 : [type: MOBILE[] - MOBILE, state: DISCONNECTED/DISCONNECTED, reason: (unspecified), extra: (none), roaming: false, failover: false, isAvailable: true]
04-23 16:33:36.809 25460 25881 I Claw    : [0m[      24.174] [30;1mjni/../jni/src/claw/graphics/surface/SurfaceHW.cpp:883: Surface  xy: 20, uv: 26, tri: 16
04-23 16:33:36.809 25460 25881 I Claw    : [0m[      24.175] [30;1mjni/../jni/src/claw/graphics/surface/SurfaceHW.cpp:883: Surface  xy: 12, uv: 16, tri: 10
04-23 16:33:36.809 25460 25881 I Claw    : [0m[      24.177] [30;1mjni/../jni/src/claw/graphics/surface/SurfaceHW.cpp:883: Surface  xy: 16, uv: 22, tri: 14
04-23 16:33:36.809 25460 25881 I Claw    : [0m[      24.178] [30;1mjni/../jni/src/claw/graphics/surface/SurfaceHW.cpp:883: Surface  xy: 16, uv: 22, tri: 14
04-23 16:33:36.809 25460 25881 I Claw    : [0m[       24.18] [30;1mjni/../jni/src/claw/graphics/surface/SurfaceHW.cpp:883: Surface  xy: 16, uv: 22, tri: 14
04-23 16:33:36.809 25811 25811 D RelationGraph: garbageCollect()
04-23 16:33:36.809 25460 25881 I Claw    : [0m[      24.181] [30;1mjni/../jni/src/claw/graphics/surface/SurfaceHW.cpp:883: Surface  xy: 16, uv: 22, tri: 14
04-23 16:33:36.809 25460 25881 I Claw    : [0m[      24.183] [30;1mjni/../jni/src/claw/graphics/surface/SurfaceHW.cpp:883: Surface  xy: 4, uv: 4, tri: 2
04-23 16:33:36.819 25460 25881 I Claw    : [0m[      24.184] [30;1mjni/../jni/src/claw/graphics/surface/SurfaceHW.cpp:883: Surface  xy: 4, uv: 4, tri: 2
04-23 16:33:36.819 25460 25881 I Claw    : [0m[      24.185] [30;1mjni/../jni/src/claw/graphics/surface/SurfaceHW.cpp:883: Surface  xy: 4, uv: 4, tri: 2
04-23 16:33:36.819 25460 25881 I Claw    : [0m[      24.187] [30;1mjni/../jni/src/claw/graphics/surface/SurfaceHW.cpp:883: Surface  xy: 4, uv: 4, tri: 2
04-23 16:33:36.819 25460 25881 I Claw    : [0m[      24.188] [30;1mjni/../jni/src/claw/graphics/surface/SurfaceHW.cpp:883: Surface  xy: 4, uv: 4, tri: 2
04-23 16:33:36.819 25460 25881 I Claw    : [0m[      24.189] [30;1mjni/../jni/src/claw/graphics/surface/SurfaceHW.cpp:883: Surface  xy: 7, uv: 9, tri: 5
04-23 16:33:36.819 25460 25884 I Claw    : [0m[       24.19] [30;1mjni/../jni/src/claw/service/StreamingManager.cpp:563: mip 1  w 2048  h 2048 (8388608)
04-23 16:33:36.819 25460 25884 I Claw    : [0m[       24.19] [30;1mjni/../jni/src/claw/vfs/Vfs.cpp:172: Opened file: /atlases/atlas_sku_hc.etc2+.mip/C1
04-23 16:33:36.819 25460 25881 I Claw    : [0m[       24.19] [30;1mjni/../jni/src/claw/graphics/surface/SurfaceHW.cpp:883: Surface  xy: 4, uv: 4, tri: 2
04-23 16:33:36.819 25460 25881 I Claw    : [0m[      24.191] [30;1mjni/../jni/src/claw/graphics/surface/SurfaceHW.cpp:883: Surface  xy: 4, uv: 4, tri: 2
04-23 16:33:36.819 25460 25881 I Claw    : [0m[      24.192] [30;1mjni/../jni/src/claw/graphics/surface/SurfaceHW.cpp:883: Surface  xy: 4, uv: 4, tri: 2
04-23 16:33:36.819 25460 25881 I Claw    : [0m[      24.193] [30;1mjni/../jni/src/claw/graphics/surface/SurfaceHW.cpp:883: Surface  xy: 4, uv: 4, tri: 2
04-23 16:33:36.829 25460 25881 I Claw    : [0m[      24.194] [30;1mjni/../jni/src/claw/graphics/surface/SurfaceHW.cpp:883: Surface  xy: 16, uv: 22, tri: 14
04-23 16:33:36.829 25460 25881 I Claw    : [0m[      24.195] [30;1mjni/../jni/src/claw/graphics/surface/SurfaceHW.cpp:883: Surface  xy: 4, uv: 4, tri: 2
04-23 16:33:36.829 25460 25881 I Claw    : [0m[      24.196] [30;1mjni/../jni/src/claw/graphics/surface/SurfaceHW.cpp:883: Surface  xy: 4, uv: 4, tri: 2
04-23 16:33:36.829 25460 25881 I Claw    : [0m[      24.198] [30;1mjni/../jni/src/claw/graphics/surface/SurfaceHW.cpp:883: Surface  xy: 4, uv: 4, tri: 2
04-23 16:33:36.829 25460 25881 I Claw    : [0m[      24.199] [30;1mjni/../jni/src/claw/graphics/surface/SurfaceHW.cpp:883: Surface  xy: 4, uv: 4, tri: 2
04-23 16:33:36.829 25460 25881 I Claw    : [0m[        24.2] [30;1mjni/../jni/src/claw/graphics/surface/SurfaceHW.cpp:883: Surface  xy: 4, uv: 4, tri: 2
04-23 16:33:36.829 25460 25881 I Claw    : [0m[      24.201] [30;1mjni/../jni/src/claw/graphics/surface/SurfaceHW.cpp:883: Surface  xy: 4, uv: 4, tri: 2
04-23 16:33:36.829 25460 25881 I Claw    : [0m[      24.202] [30;1mjni/../jni/src/claw/graphics/surface/SurfaceHW.cpp:883: Surface  xy: 7, uv: 9, tri: 5
04-23 16:33:36.839 25460 25881 I Claw    : [0m[      24.203] [30;1mjni/../jni/src/claw/graphics/surface/SurfaceHW.cpp:883: Surface  xy: 16, uv: 22, tri: 14
04-23 16:33:36.839 25460 25881 I Claw    : [0m[      24.204] [30;1mjni/../jni/src/claw/graphics/surface/SurfaceHW.cpp:883: Surface  xy: 4, uv: 4, tri: 2
04-23 16:33:36.839 25460 25881 I Claw    : [0m[      24.206] [30;1mjni/../jni/src/claw/graphics/surface/SurfaceHW.cpp:883: Surface  xy: 4, uv: 4, tri: 2
04-23 16:33:36.839 25460 25881 I Claw    : [0m[      24.207] [30;1mjni/../jni/src/claw/graphics/surface/SurfaceHW.cpp:883: Surface  xy: 4, uv: 4, tri: 2
04-23 16:33:36.839 25460 25881 I Claw    : [0m[      24.209] [30;1mjni/../jni/src/claw/graphics/surface/SurfaceHW.cpp:883: Surface  xy: 10, uv: 14, tri: 8
04-23 16:33:36.839 25460 25881 I Claw    : [0m[       24.21] [30;1mjni/../jni/src/claw/graphics/surface/SurfaceHW.cpp:883: Surface  xy: 4, uv: 4, tri: 2
04-23 16:33:36.839 25811 25811 D RelationGraph: garbageCollect()
04-23 16:33:36.839 25460 25881 I Claw    : [0m[      24.211] [30;1mjni/../jni/src/claw/graphics/surface/SurfaceHW.cpp:883: Surface  xy: 4, uv: 4, tri: 2
04-23 16:33:36.839 25460 25881 I Claw    : [0m[      24.212] [30;1mjni/../jni/src/claw/graphics/surface/SurfaceHW.cpp:883: Surface  xy: 8, uv: 10, tri: 6
04-23 16:33:36.849 25460 25881 I Claw    : [0m[      24.213] [30;1mjni/../jni/src/claw/graphics/surface/SurfaceHW.cpp:883: Surface  xy: 4, uv: 4, tri: 2
04-23 16:33:36.849 25460 25881 I Claw    : [0m[      24.215] [30;1mjni/../jni/src/claw/graphics/surface/SurfaceHW.cpp:883: Surface  xy: 8, uv: 10, tri: 6
04-23 16:33:36.849 25460 25881 I Claw    : [0m[      24.216] [30;1mjni/../jni/src/claw/graphics/surface/SurfaceHW.cpp:883: Surface  xy: 4, uv: 4, tri: 2
04-23 16:33:36.849 25460 25881 I Claw    : [0m[      24.218] [30;1mjni/../jni/src/claw/graphics/surface/SurfaceHW.cpp:883: Surface  xy: 16, uv: 22, tri: 14
04-23 16:33:36.849 25460 25881 I Claw    : [0m[      24.219] [30;1mjni/../jni/src/claw/graphics/surface/SurfaceHW.cpp:883: Surface  xy: 16, uv: 22, tri: 14
04-23 16:33:36.849 25460 25881 I Claw    : [0m[       24.22] [30;1mjni/../jni/src/claw/graphics/surface/SurfaceHW.cpp:883: Surface  xy: 8, uv: 10, tri: 6
04-23 16:33:36.849 25460 25881 I Claw    : [0m[      24.222] [30;1mjni/../jni/src/claw/graphics/surface/SurfaceHW.cpp:883: Surface  xy: 16, uv: 24, tri: 14
04-23 16:33:36.859 25460 25881 I Claw    : [0m[      24.223] [30;1mjni/../jni/src/claw/graphics/surface/SurfaceHW.cpp:883: Surface  xy: 12, uv: 16, tri: 10
04-23 16:33:36.859 25460 25881 I Claw    : [0m[      24.224] [30;1mjni/../jni/src/claw/graphics/surface/SurfaceHW.cpp:883: Surface  xy: 4, uv: 4, tri: 2
04-23 16:33:36.859 25460 25881 I Claw    : [0m[      24.226] [30;1mjni/../jni/src/claw/graphics/surface/SurfaceHW.cpp:883: Surface  xy: 4, uv: 4, tri: 2
04-23 16:33:36.859 25460 25881 I Claw    : [0m[      24.227] [30;1mjni/../jni/src/claw/graphics/surface/SurfaceHW.cpp:883: Surface  xy: 7, uv: 9, tri: 5
04-23 16:33:36.859 25460 25881 I Claw    : [0m[      24.228] [30;1mjni/../jni/src/claw/graphics/surface/SurfaceHW.cpp:883: Surface  xy: 4, uv: 4, tri: 2
04-23 16:33:36.859 25460 25881 I Claw    : [0m[      24.229] [30;1mjni/../jni/src/claw/graphics/surface/SurfaceHW.cpp:883: Surface  xy: 8, uv: 10, tri: 6
04-23 16:33:36.859 25460 25881 I Claw    : [0m[       24.23] [30;1mjni/../jni/src/claw/graphics/surface/SurfaceHW.cpp:883: Surface  xy: 4, uv: 4, tri: 2
04-23 16:33:36.859 25460 25881 I Claw    : [0m[      24.231] [30;1mjni/../jni/src/claw/graphics/surface/SurfaceHW.cpp:883: Surface  xy: 4, uv: 4, tri: 2
04-23 16:33:36.859 25460 25881 I Claw    : [0m[      24.232] [30;1mjni/../jni/src/claw/graphics/surface/SurfaceHW.cpp:883: Surface  xy: 4, uv: 4, tri: 2
04-23 16:33:36.869 25460 25881 I Claw    : [0m[      24.233] [35;1mATLAS /home/jenkins-agent/workspace/huuuge-stars/client-dev/hs-android/src/casino/AtlasManager.cpp:617: Atlas manager loading atlas: atlas_clubs_common (atlas_clubs_common)
04-23 16:33:36.869 25460 25881 I Claw    : [0m[      24.233] /home/jenkins-agent/workspace/huuuge-stars/client-dev/hs-android/src/casino/DownloadManager.cpp:177: Preempting download of atlas_tiles3_hc_1_etc2.pak
04-23 16:33:36.869 25460 25881 I Claw    : [0m[      24.234] [35;1mATLAS /home/jenkins-agent/workspace/huuuge-stars/client-dev/hs-android/src/casino/AtlasManager.cpp:631: Atlas manager waiting for pak: atlas_clubs_common_2_etc2.pak
04-23 16:33:36.869 25460 25881 I Claw    : [0m[      24.234] [35;1mATLAS /home/jenkins-agent/workspace/huuuge-stars/client-dev/hs-android/src/casino/AtlasManager.cpp:637: Atlas manager pak ready: atlas_clubs_common_2_etc2.pak
04-23 16:33:36.869 25460 25881 I Claw    : [0m[      24.235] [30;1mjni/../jni/src/claw/vfs/Vfs.cpp:172: Opened file: /atlases/atlas_clubs_common.etc2+.mip/Ameta
04-23 16:33:36.869 25460 25896 I Claw    : [0m[      24.235] /home/jenkins-agent/workspace/huuuge-stars/client-dev/hs-android/contrib/huuugeanalyticssdk/cpp/src/huuuge/analytics/HAHttp-android.cpp:80: Huuuge::analytics::HTTPAndroid::InvokeHttps 1nsjtnbmgl.execute-api.us-east-1.amazonaws.com public/dashboard-events
04-23 16:33:36.869 25811 25811 D RelationGraph: garbageCollect()
04-23 16:33:36.869 25460 25896 I Claw    : [0m[      24.237] /home/jenkins-agent/workspace/huuuge-stars/client-dev/hs-android/contrib/huuugeanalyticssdk/cpp/src/huuuge/analytics/HAHttp-android.cpp:100: Huuuge::analytics::HTTPAndroid::InvokeHttps convert post payload 5619
04-23 16:33:36.869 25460 25896 I Claw    : [0m[      24.237] ../../../../../../../../contrib/huuugeanalyticssdk/cpp/contrib/jni/JniAttach.hpp:147: Aquire java class for JNI method: com/huuuge/analytics/HA
04-23 16:33:36.869 25460 25896 I Claw    : [0m[      24.237] ../../../../../../../../contrib/huuugeanalyticssdk/cpp/contrib/jni/JniAttach.hpp:147: JNI class acquired, acquire java method: doHttpsRequest with args: (Ljava/lang/String;Ljava/lang/String;Ljava/lang/String;[Ljava/lang/String;[Ljava/lang/String;[B)[Ljava/lang/String;
04-23 16:33:36.869 25460 25896 I Claw    : [0m[      24.237] ../../../../../../../../contrib/huuugeanalyticssdk/cpp/contrib/jni/JniAttach.hpp:148: JNI method acquired, try to call.
04-23 16:33:36.869 25460 25989 I System.out: (HTTPLog)-Static: isSBSettingEnabled false
04-23 16:33:36.869 25460 25989 I System.out: (HTTPLog)-Static: isSBSettingEnabled false
04-23 16:33:36.869 25460 25881 I Claw    : [0m[       24.24] [35;1mATLAS /home/jenkins-agent/workspace/huuuge-stars/client-dev/hs-android/src/casino/AtlasManager.cpp:686: Atlas manager adding atlas: atlas_clubs_common (atlases/atlas_clubs_common.xml@linear,mipmap-linear)
04-23 16:33:36.869 25460 25881 I Claw    : [0m[      24.241] [30;1mjni/../jni/src/claw/vfs/Vfs.cpp:172: Opened file: /atlases/atlas_clubs_common.etc2+.mip/Ameta
04-23 16:33:36.879 25460 25881 I Claw    : [0m[      24.244] [30;1mjni/../jni/src/claw/base/BigBufCache.cpp:186: BigBuf 1 new buf: 2796216
04-23 16:33:36.879 25460 25881 I Claw    : [0m[      24.244] [30;1mjni/../jni/src/claw/base/BigBufCache.cpp:187:   Count: 13
04-23 16:33:36.879 25460 25881 I Claw    : [0m[      24.244] [30;1mjni/../jni/src/claw/base/BigBufCache.cpp:194:   Buffers: 2796216, 2796216, 2796216, 2796216, 11184824, 11184824, 11184824, 2796216, 2796216, 11184824, 2796216, 2796216, 2796216, 
04-23 16:33:36.879 25460 25881 I Claw    : [0m[      24.247] [30;1mjni/../jni/src/claw/base/BigBufCache.cpp:186: BigBuf 1 new buf: 2796216
04-23 16:33:36.879 25460 25881 I Claw    : [0m[      24.247] [30;1mjni/../jni/src/claw/base/BigBufCache.cpp:187:   Count: 14
04-23 16:33:36.879 25460 25881 I Claw    : [0m[      24.247] [30;1mjni/../jni/src/claw/base/BigBufCache.cpp:194:   Buffers: 2796216, 2796216, 2796216, 2796216, 11184824, 11184824, 11184824, 2796216, 2796216, 11184824, 2796216, 2796216, 2796216, 2796216, 
04-23 16:33:36.879 25460 25881 I Claw    : [0m[      24.247] [30;1mjni/../jni/src/claw/service/StreamingManager.cpp:563: mip 12  w 1  h 1 (1)
04-23 16:33:36.879 25460 25881 I Claw    : [0m[      24.248] [30;1mjni/../jni/src/claw/vfs/Vfs.cpp:172: Opened file: /atlases/atlas_clubs_common.etc2+.mip/C12
04-23 16:33:36.879 25460 25881 I Claw    : [0m[      24.248] [30;1mjni/../jni/src/claw/vfs/Vfs.cpp:172: Opened file: /atlases/atlas_clubs_common.etc2+.mip/A12
04-23 16:33:36.879 25460 25881 I Claw    : [0m[      24.251] [30;1mjni/../jni/src/claw/service/StreamingManager.cpp:563: mip 11  w 2  h 2 (8)
04-23 16:33:36.879 25460 25881 I Claw    : [0m[      24.252] [30;1mjni/../jni/src/claw/vfs/Vfs.cpp:172: Opened file: /atlases/atlas_clubs_common.etc2+.mip/C11
04-23 16:33:36.889 25460 25881 I Claw    : [0m[      24.257] [30;1mjni/../jni/src/claw/vfs/Vfs.cpp:172: Opened file: /atlases/atlas_clubs_common.etc2+.mip/A11
04-23 16:33:36.889 25460 25881 I Claw    : [0m[       24.26] [30;1mjni/../jni/src/claw/service/StreamingManager.cpp:563: mip 10  w 4  h 4 (32)
04-23 16:33:36.889 25460 25881 I Claw    : [0m[       24.26] [30;1mjni/../jni/src/claw/vfs/Vfs.cpp:172: Opened file: /atlases/atlas_clubs_common.etc2+.mip/C10
04-23 16:33:36.899 25460 25881 I Claw    : [0m[      24.265] [30;1mjni/../jni/src/claw/vfs/Vfs.cpp:172: Opened file: /atlases/atlas_clubs_common.etc2+.mip/A10
04-23 16:33:36.899 25811 25811 D RelationGraph: garbageCollect()
04-23 16:33:36.899 25460 25881 I Claw    : [0m[      24.269] [30;1mjni/../jni/src/claw/vfs/Vfs.cpp:172: Opened file: /atlases/atlas_clubs_common.xml
04-23 16:33:36.909 25460 25881 I Claw    : [0m[      24.276] [30;1mjni/../jni/src/claw/graphics/surface/SurfaceHW.cpp:883: Surface  xy: 7, uv: 9, tri: 5
04-23 16:33:36.909 25460 25881 I Claw    : [0m[      24.277] [30;1mjni/../jni/src/claw/graphics/surface/SurfaceHW.cpp:883: Surface  xy: 8, uv: 10, tri: 6
04-23 16:33:36.909 25460 25881 I Claw    : [0m[      24.278] [30;1mjni/../jni/src/claw/graphics/surface/SurfaceHW.cpp:883: Surface  xy: 4, uv: 4, tri: 2
04-23 16:33:36.909 25460 25881 I Claw    : [0m[      24.279] [30;1mjni/../jni/src/claw/graphics/surface/SurfaceHW.cpp:883: Surface  xy: 8, uv: 10, tri: 6
04-23 16:33:36.909 25460 25881 I Claw    : [0m[      24.281] [30;1mjni/../jni/src/claw/graphics/surface/SurfaceHW.cpp:883: Surface  xy: 4, uv: 4, tri: 2
04-23 16:33:36.909 25460 25881 I Claw    : [0m[      24.282] [30;1mjni/../jni/src/claw/graphics/surface/SurfaceHW.cpp:883: Surface  xy: 4, uv: 4, tri: 2
04-23 16:33:36.919 25460 25881 I Claw    : [0m[      24.284] [30;1mjni/../jni/src/claw/graphics/surface/SurfaceHW.cpp:883: Surface  xy: 4, uv: 4, tri: 2
04-23 16:33:36.919 25460 25881 I Claw    : [0m[      24.285] [30;1mjni/../jni/src/claw/graphics/surface/SurfaceHW.cpp:883: Surface  xy: 4, uv: 4, tri: 2
04-23 16:33:36.919 25460 25881 I Claw    : [0m[      24.286] [30;1mjni/../jni/src/claw/graphics/surface/SurfaceHW.cpp:883: Surface  xy: 4, uv: 4, tri: 2
04-23 16:33:36.919 25460 25881 I Claw    : [0m[      24.289] [30;1mjni/../jni/src/claw/graphics/surface/SurfaceHW.cpp:883: Surface  xy: 68, uv: 100, tri: 66
04-23 16:33:36.919 25460 25881 I Claw    : [0m[      24.292] [30;1mjni/../jni/src/claw/graphics/surface/SurfaceHW.cpp:883: Surface  xy: 41, uv: 61, tri: 39
04-23 16:33:36.919 25460 25881 I Claw    : [0m[      24.293] [30;1mjni/../jni/src/claw/graphics/surface/SurfaceHW.cpp:883: Surface  xy: 4, uv: 4, tri: 2
04-23 16:33:36.929 25460 25881 I Claw    : [0m[      24.294] [30;1mjni/../jni/src/claw/graphics/surface/SurfaceHW.cpp:883: Surface  xy: 12, uv: 16, tri: 10
04-23 16:33:36.929 25460 25881 I Claw    : [0m[      24.296] [30;1mjni/../jni/src/claw/graphics/surface/SurfaceHW.cpp:883: Surface  xy: 12, uv: 16, tri: 10
04-23 16:33:36.929 25460 25881 I Claw    : [0m[      24.297] [30;1mjni/../jni/src/claw/graphics/surface/SurfaceHW.cpp:883: Surface  xy: 12, uv: 16, tri: 10
04-23 16:33:36.929 25460 25881 I Claw    : [0m[      24.299] [30;1mjni/../jni/src/claw/graphics/surface/SurfaceHW.cpp:883: Surface  xy: 12, uv: 16, tri: 10
04-23 16:33:36.929 25811 25811 D RelationGraph: garbageCollect()
04-23 16:33:36.929 25460 25881 I Claw    : [0m[        24.3] [30;1mjni/../jni/src/claw/graphics/surface/SurfaceHW.cpp:883: Surface  xy: 12, uv: 16, tri: 10
04-23 16:33:36.929 25460 25881 I Claw    : [0m[      24.302] [30;1mjni/../jni/src/claw/graphics/surface/SurfaceHW.cpp:883: Surface  xy: 12, uv: 16, tri: 10
04-23 16:33:36.939 25460 25881 I Claw    : [0m[      24.303] [30;1mjni/../jni/src/claw/graphics/surface/SurfaceHW.cpp:883: Surface  xy: 12, uv: 16, tri: 10
04-23 16:33:36.939 25460 25881 I Claw    : [0m[      24.305] [30;1mjni/../jni/src/claw/graphics/surface/SurfaceHW.cpp:883: Surface  xy: 12, uv: 16, tri: 10
04-23 16:33:36.939 25460 25881 I Claw    : [0m[      24.306] [30;1mjni/../jni/src/claw/graphics/surface/SurfaceHW.cpp:883: Surface  xy: 12, uv: 16, tri: 10
04-23 16:33:36.939 25460 25881 I Claw    : [0m[      24.307] [30;1mjni/../jni/src/claw/graphics/surface/SurfaceHW.cpp:883: Surface  xy: 12, uv: 16, tri: 10
04-23 16:33:36.939 25460 25881 I Claw    : [0m[      24.309] [30;1mjni/../jni/src/claw/graphics/surface/SurfaceHW.cpp:883: Surface  xy: 12, uv: 16, tri: 10
04-23 16:33:36.939 25460 25884 I Claw    : [0m[      24.309] [30;1mjni/../jni/src/claw/vfs/Vfs.cpp:172: Opened file: /atlases/atlas_sku_hc.etc2+.mip/A1
04-23 16:33:36.939 25460 25881 I Claw    : [0m[       24.31] [30;1mjni/../jni/src/claw/graphics/surface/SurfaceHW.cpp:883: Surface  xy: 12, uv: 16, tri: 10
04-23 16:33:36.939 25460 25881 I Claw    : [0m[      24.311] [30;1mjni/../jni/src/claw/graphics/surface/SurfaceHW.cpp:883: Surface  xy: 12, uv: 16, tri: 10
04-23 16:33:36.939 25460 25881 I Claw    : [0m[      24.313] [30;1mjni/../jni/src/claw/graphics/surface/SurfaceHW.cpp:883: Surface  xy: 12, uv: 16, tri: 10
04-23 16:33:36.949 25460 25881 I Claw    : [0m[      24.315] [30;1mjni/../jni/src/claw/graphics/surface/SurfaceHW.cpp:883: Surface  xy: 12, uv: 16, tri: 10
04-23 16:33:36.949 25460 25881 I Claw    : [0m[      24.316] [30;1mjni/../jni/src/claw/graphics/surface/SurfaceHW.cpp:883: Surface  xy: 12, uv: 16, tri: 10
04-23 16:33:36.949 25460 25881 I Claw    : [0m[      24.318] [30;1mjni/../jni/src/claw/graphics/surface/SurfaceHW.cpp:883: Surface  xy: 12, uv: 16, tri: 10
04-23 16:33:36.949 25460 25881 I Claw    : [0m[      24.319] [30;1mjni/../jni/src/claw/graphics/surface/SurfaceHW.cpp:883: Surface  xy: 12, uv: 16, tri: 10
04-23 16:33:36.949 25460 25881 I Claw    : [0m[      24.321] [30;1mjni/../jni/src/claw/graphics/surface/SurfaceHW.cpp:883: Surface  xy: 12, uv: 16, tri: 10
04-23 16:33:36.949 25460 25881 I Claw    : [0m[      24.322] [30;1mjni/../jni/src/claw/graphics/surface/SurfaceHW.cpp:883: Surface  xy: 12, uv: 16, tri: 10
04-23 16:33:36.959 25460 25881 I Claw    : [0m[      24.324] [30;1mjni/../jni/src/claw/graphics/surface/SurfaceHW.cpp:883: Surface  xy: 12, uv: 16, tri: 10
04-23 16:33:36.959 25460 25881 I Claw    : [0m[      24.325] [30;1mjni/../jni/src/claw/graphics/surface/SurfaceHW.cpp:883: Surface  xy: 12, uv: 16, tri: 10
04-23 16:33:36.959 25460 25881 I Claw    : [0m[      24.326] [30;1mjni/../jni/src/claw/graphics/surface/SurfaceHW.cpp:883: Surface  xy: 12, uv: 16, tri: 10
04-23 16:33:36.959 25811 25811 D RelationGraph: garbageCollect()
04-23 16:33:36.959 25460 25881 I Claw    : [0m[      24.328] [30;1mjni/../jni/src/claw/graphics/surface/SurfaceHW.cpp:883: Surface  xy: 12, uv: 16, tri: 10
04-23 16:33:36.959 25460 25881 I Claw    : [0m[      24.329] [30;1mjni/../jni/src/claw/graphics/surface/SurfaceHW.cpp:883: Surface  xy: 12, uv: 16, tri: 10
04-23 16:33:36.959 25460 25881 I Claw    : [0m[       24.33] [30;1mjni/../jni/src/claw/graphics/surface/SurfaceHW.cpp:883: Surface  xy: 12, uv: 16, tri: 10
04-23 16:33:36.959 25460 25881 I Claw    : [0m[      24.332] [30;1mjni/../jni/src/claw/graphics/surface/SurfaceHW.cpp:883: Surface  xy: 12, uv: 16, tri: 10
04-23 16:33:36.969 25460 25881 I Claw    : [0m[      24.333] [30;1mjni/../jni/src/claw/graphics/surface/SurfaceHW.cpp:883: Surface  xy: 12, uv: 16, tri: 10
04-23 16:33:36.969 25460 25881 I Claw    : [0m[      24.335] [30;1mjni/../jni/src/claw/graphics/surface/SurfaceHW.cpp:883: Surface  xy: 12, uv: 16, tri: 10
04-23 16:33:36.969 25460 25881 I Claw    : [0m[      24.336] [30;1mjni/../jni/src/claw/graphics/surface/SurfaceHW.cpp:883: Surface  xy: 12, uv: 16, tri: 10
04-23 16:33:36.969 25460 25881 I Claw    : [0m[      24.338] [30;1mjni/../jni/src/claw/graphics/surface/SurfaceHW.cpp:883: Surface  xy: 12, uv: 16, tri: 10
04-23 16:33:36.969 25460 25881 I Claw    : [0m[      24.339] [30;1mjni/../jni/src/claw/graphics/surface/SurfaceHW.cpp:883: Surface  xy: 12, uv: 16, tri: 10
04-23 16:33:36.969 25460 25881 I Claw    : [0m[      24.341] [30;1mjni/../jni/src/claw/graphics/surface/SurfaceHW.cpp:883: Surface  xy: 12, uv: 16, tri: 10
04-23 16:33:36.969 25460 25881 I Claw    : [0m[      24.342] [30;1mjni/../jni/src/claw/graphics/surface/SurfaceHW.cpp:883: Surface  xy: 12, uv: 16, tri: 10
04-23 16:33:36.979 25460 25881 I Claw    : [0m[      24.344] [30;1mjni/../jni/src/claw/graphics/surface/SurfaceHW.cpp:883: Surface  xy: 12, uv: 16, tri: 10
04-23 16:33:36.979 25460 25881 I Claw    : [0m[      24.345] [30;1mjni/../jni/src/claw/graphics/surface/SurfaceHW.cpp:883: Surface  xy: 12, uv: 16, tri: 10
04-23 16:33:36.979 25460 25881 I Claw    : [0m[      24.347] [30;1mjni/../jni/src/claw/graphics/surface/SurfaceHW.cpp:883: Surface  xy: 12, uv: 16, tri: 10
04-23 16:33:36.979 25460 25884 I Claw    : [0m[      24.348] [30;1mjni/../jni/src/claw/service/StreamingManager.cpp:563: mip 9  w 8  h 8 (128)
04-23 16:33:36.979 25460 25881 I Claw    : [0m[      24.349] [30;1mjni/../jni/src/claw/graphics/surface/SurfaceHW.cpp:883: Surface  xy: 12, uv: 16, tri: 10
04-23 16:33:36.979 25460 25884 I Claw    : [0m[      24.349] [30;1mjni/../jni/src/claw/vfs/Vfs.cpp:172: Opened file: /atlases/atlas_clubs_common.etc2+.mip/C9
04-23 16:33:36.979 25460 25987 I Claw    : [0m[       24.35] [30;1mjni/../jni/src/claw/network/HttpRequest.cpp:279: Content length: 298510
04-23 16:33:36.979 25460 25881 I Claw    : [0m[      24.351] [30;1mjni/../jni/src/claw/graphics/surface/SurfaceHW.cpp:883: Surface  xy: 12, uv: 16, tri: 10
04-23 16:33:36.979 25460 25987 I Claw    : [0m[      24.351] [30;1mjni/../jni/src/claw/vfs/NativeMount.cpp:244: Aquire java class for JNI method: com/Claw/Android/NativeMount
04-23 16:33:36.979 25460 25987 I Claw    : [0m[      24.351] [30;1mjni/../jni/src/claw/vfs/NativeMount.cpp:244: JNI class acquired, acquire java method: GetFreeDiskSpace with args: (Ljava/lang/String;)J
04-23 16:33:36.979 25460 25884 I Claw    : [0m[      24.352] [30;1mjni/../jni/src/claw/vfs/Vfs.cpp:172: Opened file: /atlases/atlas_clubs_common.etc2+.mip/A9
04-23 16:33:36.979 25460 25881 I Claw    : [0m[      24.352] [30;1mjni/../jni/src/claw/graphics/surface/SurfaceHW.cpp:883: Surface  xy: 12, uv: 16, tri: 10
04-23 16:33:36.979 25460 25987 I Claw    : [0m[      24.353] [30;1mjni/../jni/src/claw/vfs/NativeMount.cpp:244: Aquire java class for JNI method: com/Claw/Android/NativeMount
04-23 16:33:36.989 25460 25987 I Claw    : [0m[      24.353] [30;1mjni/../jni/src/claw/vfs/NativeMount.cpp:244: JNI class acquired, acquire java method: GetFreeDiskSpace with args: (Ljava/lang/String;)J
04-23 16:33:36.989 25460 25881 I Claw    : [0m[      24.354] [30;1mjni/../jni/src/claw/graphics/surface/SurfaceHW.cpp:883: Surface  xy: 12, uv: 16, tri: 10
04-23 16:33:36.989 25811 25811 D RelationGraph: garbageCollect()
04-23 16:33:36.989 25460 25881 I Claw    : [0m[      24.355] [30;1mjni/../jni/src/claw/graphics/surface/SurfaceHW.cpp:883: Surface  xy: 12, uv: 16, tri: 10
04-23 16:33:36.989 25460 25881 I Claw    : [0m[      24.356] [30;1mjni/../jni/src/claw/graphics/surface/SurfaceHW.cpp:883: Surface  xy: 12, uv: 16, tri: 10
04-23 16:33:36.989 25460 25884 I Claw    : [0m[      24.357] [30;1mjni/../jni/src/claw/service/StreamingManager.cpp:563: mip 8  w 16  h 16 (512)
04-23 16:33:36.989 25460 25884 I Claw    : [0m[      24.357] [30;1mjni/../jni/src/claw/vfs/Vfs.cpp:172: Opened file: /atlases/atlas_clubs_common.etc2+.mip/C8
04-23 16:33:36.989 25460 25881 I Claw    : [0m[      24.358] [30;1mjni/../jni/src/claw/graphics/surface/SurfaceHW.cpp:883: Surface  xy: 12, uv: 16, tri: 10
04-23 16:33:36.989 25460 25881 I Claw    : [0m[      24.359] [30;1mjni/../jni/src/claw/graphics/surface/SurfaceHW.cpp:883: Surface  xy: 12, uv: 16, tri: 10
04-23 16:33:36.989 25460 25884 I Claw    : [0m[      24.359] [30;1mjni/../jni/src/claw/vfs/Vfs.cpp:172: Opened file: /atlases/atlas_clubs_common.etc2+.mip/A8
04-23 16:33:36.989 25460 25881 I Claw    : [0m[       24.36] [30;1mjni/../jni/src/claw/graphics/surface/SurfaceHW.cpp:883: Surface  xy: 12, uv: 16, tri: 10
04-23 16:33:36.989 25460 25881 I Claw    : [0m[      24.361] [30;1mjni/../jni/src/claw/graphics/surface/SurfaceHW.cpp:883: Surface  xy: 12, uv: 16, tri: 10
04-23 16:33:36.989 25460 25881 I Claw    : [0m[      24.362] [30;1mjni/../jni/src/claw/graphics/surface/SurfaceHW.cpp:883: Surface  xy: 12, uv: 16, tri: 10
04-23 16:33:36.999 25460 25881 I Claw    : [0m[      24.364] [30;1mjni/../jni/src/claw/graphics/surface/SurfaceHW.cpp:883: Surface  xy: 12, uv: 16, tri: 10
04-23 16:33:36.999 25460 25884 I Claw    : [0m[      24.364] [30;1mjni/../jni/src/claw/service/StreamingManager.cpp:563: mip 7  w 32  h 32 (2048)
