04-23 11:51:12.389 20466 20978 I Claw    : [0m[      16.209] [30;1mjni/../jni/src/claw/vfs/android/AndroidSaveFile.cpp:82: Open new save assetcache/welcome_bg_2_etc2.pak.meta
04-23 11:51:12.389 20466 20978 I Claw    : [0m[       16.21] [30;1mjni/../jni/src/claw/vfs/NativeMount.cpp:244: Aquire java class for JNI method: com/Claw/Android/NativeMount
04-23 11:51:12.389 20466 20978 I Claw    : [0m[       16.21] [30;1mjni/../jni/src/claw/vfs/NativeMount.cpp:244: JNI class acquired, acquire java method: GetFreeDiskSpace with args: (Ljava/lang/String;)J
04-23 11:51:12.389 20466 20978 I Claw    : [0m[      16.211] [30;1mjni/../jni/src/claw/vfs/NativeMount.cpp:244: Aquire java class for JNI method: com/Claw/Android/NativeMount
04-23 11:51:12.389 20466 20978 I Claw    : [0m[      16.211] [30;1mjni/../jni/src/claw/vfs/NativeMount.cpp:244: JNI class acquired, acquire java method: GetFreeDiskSpace with args: (Ljava/lang/String;)J
04-23 11:51:12.389 20466 20978 I Claw    : [0m[      16.212] [30;1mjni/../jni/src/claw/vfs/NativeMount.cpp:244: Aquire java class for JNI method: com/Claw/Android/NativeMount
04-23 11:51:12.389 20466 20978 I Claw    : [0m[      16.213] [30;1mjni/../jni/src/claw/vfs/NativeMount.cpp:244: JNI class acquired, acquire java method: GetFreeDiskSpace with args: (Ljava/lang/String;)J
04-23 11:51:12.389 20466 20978 I Claw    : [0m[      16.214] [30;1mjni/../jni/src/claw/vfs/NativeMount.cpp:244: Aquire java class for JNI method: com/Claw/Android/NativeMount
04-23 11:51:12.389 20466 20978 I Claw    : [0m[      16.214] [30;1mjni/../jni/src/claw/vfs/NativeMount.cpp:244: JNI class acquired, acquire java method: GetFreeDiskSpace with args: (Ljava/lang/String;)J
04-23 11:51:12.389 20466 20978 I Claw    : [0m[      16.215] [30;1mjni/../jni/src/claw/vfs/android/AndroidSaveFile.cpp:82: Open new save assetcache/welcome_bg_2_etc2.pak.meta
04-23 11:51:12.389 20466 20978 I Claw    : [0m[      16.216] [30;1mjni/../jni/src/claw/vfs/NativeMount.cpp:244: Aquire java class for JNI method: com/Claw/Android/NativeMount
04-23 11:51:12.389 20466 20978 I Claw    : [0m[      16.216] [30;1mjni/../jni/src/claw/vfs/NativeMount.cpp:244: JNI class acquired, acquire java method: GetFreeDiskSpace with args: (Ljava/lang/String;)J
04-23 11:51:12.389 20466 20978 I Claw    : [0m[      16.217] [30;1mjni/../jni/src/claw/vfs/NativeMount.cpp:244: Aquire java class for JNI method: com/Claw/Android/NativeMount
04-23 11:51:12.389 20466 20978 I Claw    : [0m[      16.217] [30;1mjni/../jni/src/claw/vfs/NativeMount.cpp:244: JNI class acquired, acquire java method: GetFreeDiskSpace with args: (Ljava/lang/String;)J
04-23 11:51:12.399 20466 20978 I Claw    : [0m[      16.218] [30;1mjni/../jni/src/claw/vfs/NativeMount.cpp:244: Aquire java class for JNI method: com/Claw/Android/NativeMount
04-23 11:51:12.399 20466 20978 I Claw    : [0m[      16.218] [30;1mjni/../jni/src/claw/vfs/NativeMount.cpp:244: JNI class acquired, acquire java method: GetFreeDiskSpace with args: (Ljava/lang/String;)J
04-23 11:51:12.399 20466 20978 I Claw    : [0m[      16.219] [30;1mjni/../jni/src/claw/vfs/NativeMount.cpp:244: Aquire java class for JNI method: com/Claw/Android/NativeMount
04-23 11:51:12.399 20466 20978 I Claw    : [0m[      16.219] [30;1mjni/../jni/src/claw/vfs/NativeMount.cpp:244: JNI class acquired, acquire java method: GetFreeDiskSpace with args: (Ljava/lang/String;)J
04-23 11:51:12.399 20466 20978 I Claw    : [0m[       16.22] [30;1mjni/../jni/src/claw/vfs/android/AndroidSaveFile.cpp:82: Open new save assetcache/welcome_bg_2_etc2.pak.meta
04-23 11:51:12.399 20466 20978 I Claw    : [0m[      16.221] [30;1mjni/../jni/src/claw/vfs/NativeMount.cpp:244: Aquire java class for JNI method: com/Claw/Android/NativeMount
04-23 11:51:12.399 20466 20978 I Claw    : [0m[      16.221] [30;1mjni/../jni/src/claw/vfs/NativeMount.cpp:244: JNI class acquired, acquire java method: GetFreeDiskSpace with args: (Ljava/lang/String;)J
04-23 11:51:12.399 20466 20978 I Claw    : [0m[      16.222] [30;1mjni/../jni/src/claw/vfs/NativeMount.cpp:244: Aquire java class for JNI method: com/Claw/Android/NativeMount
04-23 11:51:12.399 20466 20978 I Claw    : [0m[      16.222] [30;1mjni/../jni/src/claw/vfs/NativeMount.cpp:244: JNI class acquired, acquire java method: GetFreeDiskSpace with args: (Ljava/lang/String;)J
04-23 11:51:12.399 20466 20978 W libc    : It seems that pthread_join() is not invoked or PTHREAD_ATTR_FLAG_DETACHED is not set.
04-23 11:51:12.399 20466 20978 W libc    :     pthread tid          : 20978
04-23 11:51:12.399 20466 20978 W libc    :     pthread start_routine: 0xdecf23b4
04-23 11:51:12.489 20466 20967 I Claw    : [0m[      16.309] [30;1mjni/../jni/src/claw/vfs/android/AndroidSaveFile.cpp:42: Open existing save assetcache/welcome_bg_2_etc2.pak
04-23 11:51:12.489 20466 20967 I Claw    : [0m[       16.31] [30;1mjni/../jni/src/claw/vfs/Vfs.cpp:172: Opened file: /assetcache/welcome_bg_2_etc2.pak
04-23 11:51:12.489 20466 20957 I Claw    : [0m[      16.313] ../../../../../../../../contrib/huuugeanalyticssdk/cpp/contrib/jni/JniAttach.hpp:185: Aquire java class for JNI method: com/huuuge/analytics/HA
04-23 11:51:12.489 20466 20957 I Claw    : [0m[      16.314] ../../../../../../../../contrib/huuugeanalyticssdk/cpp/contrib/jni/JniAttach.hpp:185: JNI class acquired, acquire java method: connectionStatus with args: ()I
04-23 11:51:12.489 20466 20957 I Claw    : [0m[      16.314] ../../../../../../../../contrib/huuugeanalyticssdk/cpp/contrib/jni/JniAttach.hpp:186: JNI method acquired, try to call.
04-23 11:51:12.489 20466 20957 I Claw    : [0m[      16.316] ../../../../../../../../contrib/huuugeanalyticssdk/cpp/contrib/jni/JniAttach.hpp:189: JNI method called.
04-23 11:51:12.489  2612  3268 D ConnectivityService: returning getNetworkInfo for network type 1 : [type: WIFI[] - WIFI, state: CONNECTED/CONNECTED, reason: (unspecified), extra: "HuuugeQA", roaming: false, failover: false, isAvailable: true]
04-23 11:51:12.489  2612  3009 D ConnectivityService: returning getNetworkInfo for network type 0 : [type: MOBILE[] - MOBILE, state: DISCONNECTED/DISCONNECTED, reason: (unspecified), extra: (none), roaming: false, failover: false, isAvailable: true]
04-23 11:51:12.499 20466 20967 I Claw    : [0m[       16.32] /home/jenkins-agent/workspace/huuuge-stars/client-dev/hs-android/src/casino/DownloadManager.cpp:500: Mounting pak: welcome_bg_2_etc2.pak
04-23 11:51:12.499 20466 20967 I Claw    : [0m[      16.321] [30;1mjni/../jni/src/claw/vfs/Vfs.cpp:97: Added new mount at /
04-23 11:51:12.499 20466 20967 I Claw    : [0m[      16.322] [30;1mjni/../jni/src/claw/vfs/android/AndroidSaveFile.cpp:42: Open existing save assetcache/splash_tip.pak.meta
04-23 11:51:12.499 20466 20967 I Claw    : [0m[      16.323] [30;1mjni/../jni/src/claw/vfs/Vfs.cpp:168: Cannot open file: /assetcache/splash_tip.pak.meta
04-23 11:51:12.499 20466 20967 I Claw    : [0m[      16.323] /home/jenkins-agent/workspace/huuuge-stars/client-dev/hs-android/src/casino/ServerList.cpp:53: Server list returning http://cdn-hs-dev.hgonline.net/346/, 1/14
04-23 11:51:12.499 20466 20967 I Claw    : [0m[      16.324] [30;1mjni/../jni/src/claw/vfs/android/AndroidSaveFile.cpp:42: Open existing save assetcache/splash_tip.pak.meta
04-23 11:51:12.499 20466 20967 I Claw    : [0m[      16.324] [30;1mjni/../jni/src/claw/vfs/Vfs.cpp:168: Cannot open file: /assetcache/splash_tip.pak.meta
04-23 11:51:12.499 20466 20967 I Claw    : [0m[      16.324] /home/jenkins-agent/workspace/huuuge-stars/client-dev/hs-android/src/casino/DefaultDownloadManager.cpp:415: Downloading pak splash_tip.pak from http://cdn-hs-dev.hgonline.net/346/
04-23 11:51:12.509  2218  2767 D EnterpriseController: netId is 0
04-23 11:51:12.509  2218  2767 D Netd    : getNetworkForDns: using netid 502 for uid 10693
04-23 11:51:12.509 20466 20981 I Claw    : [0m[      16.329] [30;1mjni/../jni/src/claw/network/HttpRequest.cpp:97: cdn-hs-dev.hgonline.net resolved to ::ffff:92.122.122.136
04-23 11:51:12.509 20466 20981 I Claw    : [0m[      16.329] [30;1mjni/../jni/src/claw/network/unix/UnixStreamSocket.cpp:93: Connecting to ::ffff:92.122.122.136
04-23 11:51:12.549 20466 20957 I Claw    : [0m[      16.373] ../../../../../../../../contrib/huuugeanalyticssdk/cpp/contrib/jni/JniAttach.hpp:185: Aquire java class for JNI method: com/huuuge/analytics/HA
04-23 11:51:12.549 20466 20957 I Claw    : [0m[      16.374] ../../../../../../../../contrib/huuugeanalyticssdk/cpp/contrib/jni/JniAttach.hpp:185: JNI class acquired, acquire java method: connectionStatus with args: ()I
04-23 11:51:12.549 20466 20957 I Claw    : [0m[      16.374] ../../../../../../../../contrib/huuugeanalyticssdk/cpp/contrib/jni/JniAttach.hpp:186: JNI method acquired, try to call.
04-23 11:51:12.549 20466 20957 I Claw    : [0m[      16.376] ../../../../../../../../contrib/huuugeanalyticssdk/cpp/contrib/jni/JniAttach.hpp:189: JNI method called.
04-23 11:51:12.549  2612  3272 D ConnectivityService: returning getNetworkInfo for network type 1 : [type: WIFI[] - WIFI, state: CONNECTED/CONNECTED, reason: (unspecified), extra: "HuuugeQA", roaming: false, failover: false, isAvailable: true]
04-23 11:51:12.549  2612  4193 D ConnectivityService: returning getNetworkInfo for network type 0 : [type: MOBILE[] - MOBILE, state: DISCONNECTED/DISCONNECTED, reason: (unspecified), extra: (none), roaming: false, failover: false, isAvailable: true]
04-23 11:51:12.619 20466 20955 I Claw    : [0m[      16.447] /home/jenkins-agent/workspace/huuuge-stars/client-dev/hs-android/contrib/huuugeanalyticssdk/cpp/src/huuuge/analytics/HAHttp-android.cpp:80: Huuuge::analytics::HTTPAndroid::InvokeHttps 1nsjtnbmgl.execute-api.us-east-1.amazonaws.com public/dashboard-events
04-23 11:51:12.629 20466 20955 I Claw    : [0m[      16.448] /home/jenkins-agent/workspace/huuuge-stars/client-dev/hs-android/contrib/huuugeanalyticssdk/cpp/src/huuuge/analytics/HAHttp-android.cpp:100: Huuuge::analytics::HTTPAndroid::InvokeHttps convert post payload 4434
04-23 11:51:12.629 20466 20955 I Claw    : [0m[      16.448] ../../../../../../../../contrib/huuugeanalyticssdk/cpp/contrib/jni/JniAttach.hpp:147: Aquire java class for JNI method: com/huuuge/analytics/HA
04-23 11:51:12.629 20466 20955 I Claw    : [0m[      16.449] ../../../../../../../../contrib/huuugeanalyticssdk/cpp/contrib/jni/JniAttach.hpp:147: JNI class acquired, acquire java method: doHttpsRequest with args: (Ljava/lang/String;Ljava/lang/String;Ljava/lang/String;[Ljava/lang/String;[Ljava/lang/String;[B)[Ljava/lang/String;
04-23 11:51:12.629 20466 20955 I Claw    : [0m[      16.449] ../../../../../../../../contrib/huuugeanalyticssdk/cpp/contrib/jni/JniAttach.hpp:148: JNI method acquired, try to call.
04-23 11:51:12.629 20466 20983 I System.out: (HTTPLog)-Static: isSBSettingEnabled false
04-23 11:51:12.629 20466 20983 I System.out: (HTTPLog)-Static: isSBSettingEnabled false
04-23 11:51:12.969 20466 20981 I Claw    : [0m[      16.794] [30;1mjni/../jni/src/claw/network/HttpRequest.cpp:279: Content length: 40
04-23 11:51:12.969 20466 20981 I Claw    : [0m[      16.795] [30;1mjni/../jni/src/claw/vfs/android/AndroidSaveFile.cpp:82: Open new save assetcache/splash_tip.pak
04-23 11:51:12.969 20466 20981 I Claw    : [0m[      16.796] [30;1mjni/../jni/src/claw/vfs/android/AndroidSaveFile.cpp:82: Open new save assetcache/splash_tip.pak.meta
04-23 11:51:12.969 20466 20955 I Claw    : [0m[      16.797] ../../../../../../../../contrib/huuugeanalyticssdk/cpp/contrib/jni/JniAttach.hpp:151: JNI method called.
04-23 11:51:12.979 20466 20981 I Claw    : [0m[      16.797] [30;1mjni/../jni/src/claw/vfs/NativeMount.cpp:244: Aquire java class for JNI method: com/Claw/Android/NativeMount
04-23 11:51:12.979 20466 20955 I Claw    : [0m[      16.797] /home/jenkins-agent/workspace/huuuge-stars/client-dev/hs-android/contrib/huuugeanalyticssdk/cpp/src/huuuge/analytics/HAHttp-android.cpp:133: Huuuge::analytics::HTTPAndroid::InvokeHttps response code is 200
04-23 11:51:12.979 20466 20981 I Claw    : [0m[      16.797] [30;1mjni/../jni/src/claw/vfs/NativeMount.cpp:244: JNI class acquired, acquire java method: GetFreeDiskSpace with args: (Ljava/lang/String;)J
04-23 11:51:12.979 20466 20955 I Claw    : [0m[      16.798] /home/jenkins-agent/workspace/huuuge-stars/client-dev/hs-android/contrib/huuugeanalyticssdk/cpp/src/huuuge/analytics/HAHttp-android.cpp:134: Huuuge::analytics::HTTPAndroid::InvokeHttps response payload is null
04-23 11:51:12.979 20466 20981 I Claw    : [0m[      16.799] [30;1mjni/../jni/src/claw/vfs/NativeMount.cpp:244: Aquire java class for JNI method: com/Claw/Android/NativeMount
04-23 11:51:12.979 20466 20981 I Claw    : [0m[      16.799] [30;1mjni/../jni/src/claw/vfs/NativeMount.cpp:244: JNI class acquired, acquire java method: GetFreeDiskSpace with args: (Ljava/lang/String;)J
04-23 11:51:12.979 20466 20981 I Claw    : [0m[        16.8] [30;1mjni/../jni/src/claw/vfs/NativeMount.cpp:244: Aquire java class for JNI method: com/Claw/Android/NativeMount
04-23 11:51:12.979 20466 20981 I Claw    : [0m[        16.8] [30;1mjni/../jni/src/claw/vfs/NativeMount.cpp:244: JNI class acquired, acquire java method: GetFreeDiskSpace with args: (Ljava/lang/String;)J
04-23 11:51:12.979 20466 20981 I Claw    : [0m[      16.801] [30;1mjni/../jni/src/claw/vfs/NativeMount.cpp:244: Aquire java class for JNI method: com/Claw/Android/NativeMount
04-23 11:51:12.979 20466 20981 I Claw    : [0m[      16.801] [30;1mjni/../jni/src/claw/vfs/NativeMount.cpp:244: JNI class acquired, acquire java method: GetFreeDiskSpace with args: (Ljava/lang/String;)J
04-23 11:51:12.979  2218  2767 D EnterpriseController: netId is 0
04-23 11:51:12.979  2218  2767 D Netd    : getNetworkForDns: using netid 502 for uid 10693
04-23 11:51:12.979 20466 20981 I Claw    : [0m[      16.803] [30;1mjni/../jni/src/claw/network/HttpRequest.cpp:97: cdn-hs-dev.hgonline.net resolved to ::ffff:92.122.122.136
04-23 11:51:12.979 20466 20981 I Claw    : [0m[      16.803] [30;1mjni/../jni/src/claw/network/unix/UnixStreamSocket.cpp:93: Connecting to ::ffff:92.122.122.136
04-23 11:51:13.189 20466 20981 I Claw    : [0m[      17.014] [30;1mjni/../jni/src/claw/network/HttpRequest.cpp:279: Content length: 15731
04-23 11:51:13.189 20466 20981 I Claw    : [0m[      17.015] [30;1mjni/../jni/src/claw/vfs/NativeMount.cpp:244: Aquire java class for JNI method: com/Claw/Android/NativeMount
04-23 11:51:13.189 20466 20981 I Claw    : [0m[      17.015] [30;1mjni/../jni/src/claw/vfs/NativeMount.cpp:244: JNI class acquired, acquire java method: GetFreeDiskSpace with args: (Ljava/lang/String;)J
04-23 11:51:13.189 20466 20981 I Claw    : [0m[      17.016] [30;1mjni/../jni/src/claw/vfs/android/AndroidSaveFile.cpp:82: Open new save assetcache/splash_tip.pak.meta
04-23 11:51:13.189 20466 20981 I Claw    : [0m[      17.017] [30;1mjni/../jni/src/claw/vfs/NativeMount.cpp:244: Aquire java class for JNI method: com/Claw/Android/NativeMount
04-23 11:51:13.189 20466 20981 I Claw    : [0m[      17.017] [30;1mjni/../jni/src/claw/vfs/NativeMount.cpp:244: JNI class acquired, acquire java method: GetFreeDiskSpace with args: (Ljava/lang/String;)J
04-23 11:51:13.199 20466 20981 I Claw    : [0m[       17.02] [30;1mjni/../jni/src/claw/vfs/NativeMount.cpp:244: Aquire java class for JNI method: com/Claw/Android/NativeMount
04-23 11:51:13.199 20466 20981 I Claw    : [0m[       17.02] [30;1mjni/../jni/src/claw/vfs/NativeMount.cpp:244: JNI class acquired, acquire java method: GetFreeDiskSpace with args: (Ljava/lang/String;)J
04-23 11:51:13.199 20466 20981 I Claw    : [0m[      17.021] [30;1mjni/../jni/src/claw/vfs/NativeMount.cpp:244: Aquire java class for JNI method: com/Claw/Android/NativeMount
04-23 11:51:13.199 20466 20981 I Claw    : [0m[      17.021] [30;1mjni/../jni/src/claw/vfs/NativeMount.cpp:244: JNI class acquired, acquire java method: GetFreeDiskSpace with args: (Ljava/lang/String;)J
04-23 11:51:13.199 20466 20981 I Claw    : [0m[      17.022] [30;1mjni/../jni/src/claw/vfs/NativeMount.cpp:244: Aquire java class for JNI method: com/Claw/Android/NativeMount
04-23 11:51:13.199 20466 20981 I Claw    : [0m[      17.023] [30;1mjni/../jni/src/claw/vfs/NativeMount.cpp:244: JNI class acquired, acquire java method: GetFreeDiskSpace with args: (Ljava/lang/String;)J
04-23 11:51:13.199 20466 20981 I Claw    : [0m[      17.024] [30;1mjni/../jni/src/claw/vfs/android/AndroidSaveFile.cpp:82: Open new save assetcache/splash_tip.pak.meta
04-23 11:51:13.199 20466 20981 I Claw    : [0m[      17.026] [30;1mjni/../jni/src/claw/vfs/NativeMount.cpp:244: Aquire java class for JNI method: com/Claw/Android/NativeMount
04-23 11:51:13.199 20466 20981 I Claw    : [0m[      17.026] [30;1mjni/../jni/src/claw/vfs/NativeMount.cpp:244: JNI class acquired, acquire java method: GetFreeDiskSpace with args: (Ljava/lang/String;)J
04-23 11:51:13.209 20466 20981 I Claw    : [0m[      17.028] [30;1mjni/../jni/src/claw/vfs/NativeMount.cpp:244: Aquire java class for JNI method: com/Claw/Android/NativeMount
04-23 11:51:13.209 20466 20981 I Claw    : [0m[      17.028] [30;1mjni/../jni/src/claw/vfs/NativeMount.cpp:244: JNI class acquired, acquire java method: GetFreeDiskSpace with args: (Ljava/lang/String;)J
04-23 11:51:13.209 20466 20981 I Claw    : [0m[       17.03] [30;1mjni/../jni/src/claw/vfs/NativeMount.cpp:244: Aquire java class for JNI method: com/Claw/Android/NativeMount
04-23 11:51:13.209 20466 20981 I Claw    : [0m[       17.03] [30;1mjni/../jni/src/claw/vfs/NativeMount.cpp:244: JNI class acquired, acquire java method: GetFreeDiskSpace with args: (Ljava/lang/String;)J
04-23 11:51:13.209 20466 20981 I Claw    : [0m[      17.032] [30;1mjni/../jni/src/claw/vfs/NativeMount.cpp:244: Aquire java class for JNI method: com/Claw/Android/NativeMount
04-23 11:51:13.209 20466 20981 I Claw    : [0m[      17.032] [30;1mjni/../jni/src/claw/vfs/NativeMount.cpp:244: JNI class acquired, acquire java method: GetFreeDiskSpace with args: (Ljava/lang/String;)J
04-23 11:51:13.209 20466 20981 I Claw    : [0m[      17.032] [30;1mjni/../jni/src/claw/vfs/android/AndroidSaveFile.cpp:82: Open new save assetcache/splash_tip.pak.meta
04-23 11:51:13.209 20466 20981 I Claw    : [0m[      17.034] [30;1mjni/../jni/src/claw/vfs/NativeMount.cpp:244: Aquire java class for JNI method: com/Claw/Android/NativeMount
04-23 11:51:13.209 20466 20981 I Claw    : [0m[      17.034] [30;1mjni/../jni/src/claw/vfs/NativeMount.cpp:244: JNI class acquired, acquire java method: GetFreeDiskSpace with args: (Ljava/lang/String;)J
04-23 11:51:13.209 20466 20981 I Claw    : [0m[      17.035] [30;1mjni/../jni/src/claw/vfs/NativeMount.cpp:244: Aquire java class for JNI method: com/Claw/Android/NativeMount
04-23 11:51:13.209 20466 20981 I Claw    : [0m[      17.036] [30;1mjni/../jni/src/claw/vfs/NativeMount.cpp:244: JNI class acquired, acquire java method: GetFreeDiskSpace with args: (Ljava/lang/String;)J
04-23 11:51:13.209 20466 20981 W libc    : It seems that pthread_join() is not invoked or PTHREAD_ATTR_FLAG_DETACHED is not set.
04-23 11:51:13.209 20466 20981 W libc    :     pthread tid          : 20981
04-23 11:51:13.209 20466 20981 W libc    :     pthread start_routine: 0xdecf23b4
04-23 11:51:13.309 20466 20967 I Claw    : [0m[      17.128] [30;1mjni/../jni/src/claw/vfs/android/AndroidSaveFile.cpp:42: Open existing save assetcache/splash_tip.pak
04-23 11:51:13.309 20466 20967 I Claw    : [0m[      17.129] [30;1mjni/../jni/src/claw/vfs/Vfs.cpp:172: Opened file: /assetcache/splash_tip.pak
04-23 11:51:13.309 20466 20967 I Claw    : [0m[      17.131] /home/jenkins-agent/workspace/huuuge-stars/client-dev/hs-android/src/casino/DownloadManager.cpp:500: Mounting pak: splash_tip.pak
04-23 11:51:13.309 20466 20967 I Claw    : [0m[      17.132] [30;1mjni/../jni/src/claw/vfs/Vfs.cpp:97: Added new mount at /
04-23 11:51:13.309 20466 20957 I Claw    : [0m[      17.133] ../../../../../../../../contrib/huuugeanalyticssdk/cpp/contrib/jni/JniAttach.hpp:185: Aquire java class for JNI method: com/huuuge/analytics/HA
04-23 11:51:13.309 20466 20967 I Claw    : [0m[      17.133] [30;1mjni/../jni/src/claw/vfs/android/AndroidSaveFile.cpp:42: Open existing save assetcache/data-hc.pak.meta
04-23 11:51:13.309 20466 20957 I Claw    : [0m[      17.133] ../../../../../../../../contrib/huuugeanalyticssdk/cpp/contrib/jni/JniAttach.hpp:185: JNI class acquired, acquire java method: connectionStatus with args: ()I
04-23 11:51:13.309 20466 20957 I Claw    : [0m[      17.134] ../../../../../../../../contrib/huuugeanalyticssdk/cpp/contrib/jni/JniAttach.hpp:186: JNI method acquired, try to call.
04-23 11:51:13.309 20466 20967 I Claw    : [0m[      17.134] [30;1mjni/../jni/src/claw/vfs/Vfs.cpp:172: Opened file: /assetcache/data-hc.pak.meta
04-23 11:51:13.309 20466 20967 I Claw    : [0m[      17.134] /home/jenkins-agent/workspace/huuuge-stars/client-dev/hs-android/src/casino/ServerList.cpp:53: Server list returning http://cdn-hs-dev.hgonline.net/346/, 1/14
04-23 11:51:13.309 20466 20967 I Claw    : [0m[      17.135] [30;1mjni/../jni/src/claw/vfs/android/AndroidSaveFile.cpp:42: Open existing save assetcache/data-hc.pak.meta
04-23 11:51:13.309 20466 20967 I Claw    : [0m[      17.135] [30;1mjni/../jni/src/claw/vfs/Vfs.cpp:172: Opened file: /assetcache/data-hc.pak.meta
04-23 11:51:13.309 20466 20957 I Claw    : [0m[      17.136] ../../../../../../../../contrib/huuugeanalyticssdk/cpp/contrib/jni/JniAttach.hpp:189: JNI method called.
04-23 11:51:13.309 20466 20967 I Claw    : [0m[      17.136] /home/jenkins-agent/workspace/huuuge-stars/client-dev/hs-android/src/casino/DefaultDownloadManager.cpp:415: Downloading pak data-hc.pak from http://cdn-hs-dev.hgonline.net/346/
04-23 11:51:13.309  2612  3487 D ConnectivityService: returning getNetworkInfo for network type 1 : [type: WIFI[] - WIFI, state: CONNECTED/CONNECTED, reason: (unspecified), extra: "HuuugeQA", roaming: false, failover: false, isAvailable: true]
04-23 11:51:13.309  2612  3264 D ConnectivityService: returning getNetworkInfo for network type 0 : [type: MOBILE[] - MOBILE, state: DISCONNECTED/DISCONNECTED, reason: (unspecified), extra: (none), roaming: false, failover: false, isAvailable: true]
04-23 11:51:13.319 20466 20985 I Claw    : [0m[      17.139] [30;1mjni/../jni/src/claw/vfs/android/AndroidSaveFile.cpp:62: Open existing save assetcache/data-hc.pak
04-23 11:51:13.319 20466 20985 I Claw    : [0m[      17.139] [30;1mjni/../jni/src/claw/vfs/Vfs.cpp:207: Opened file: /assetcache/data-hc.pak
04-23 11:51:13.319  2218  2767 D EnterpriseController: netId is 0
04-23 11:51:13.319  2218  2767 D Netd    : getNetworkForDns: using netid 502 for uid 10693
04-23 11:51:13.319 20466 20985 I Claw    : [0m[      17.143] [30;1mjni/../jni/src/claw/network/HttpRequest.cpp:97: cdn-hs-dev.hgonline.net resolved to ::ffff:92.122.122.136
04-23 11:51:13.319 20466 20985 I Claw    : [0m[      17.143] [30;1mjni/../jni/src/claw/network/unix/UnixStreamSocket.cpp:93: Connecting to ::ffff:92.122.122.136
04-23 11:51:13.379 20466 20957 I Claw    : [0m[      17.203] ../../../../../../../../contrib/huuugeanalyticssdk/cpp/contrib/jni/JniAttach.hpp:185: Aquire java class for JNI method: com/huuuge/analytics/HA
04-23 11:51:13.379 20466 20957 I Claw    : [0m[      17.203] ../../../../../../../../contrib/huuugeanalyticssdk/cpp/contrib/jni/JniAttach.hpp:185: JNI class acquired, acquire java method: connectionStatus with args: ()I
04-23 11:51:13.379 20466 20957 I Claw    : [0m[      17.203] ../../../../../../../../contrib/huuugeanalyticssdk/cpp/contrib/jni/JniAttach.hpp:186: JNI method acquired, try to call.
04-23 11:51:13.379 20466 20957 I Claw    : [0m[      17.205] ../../../../../../../../contrib/huuugeanalyticssdk/cpp/contrib/jni/JniAttach.hpp:189: JNI method called.
04-23 11:51:13.379  2612  3481 D ConnectivityService: returning getNetworkInfo for network type 1 : [type: WIFI[] - WIFI, state: CONNECTED/CONNECTED, reason: (unspecified), extra: "HuuugeQA", roaming: false, failover: false, isAvailable: true]
04-23 11:51:13.379  2612  3270 D ConnectivityService: returning getNetworkInfo for network type 0 : [type: MOBILE[] - MOBILE, state: DISCONNECTED/DISCONNECTED, reason: (unspecified), extra: (none), roaming: false, failover: false, isAvailable: true]
04-23 11:51:13.529 20466 20985 I Claw    : [0m[      17.357] [30;1mjni/../jni/src/claw/network/HttpRequest.cpp:279: Content length: 1455
04-23 11:51:13.539 20466 20985 I Claw    : [0m[      17.358] [30;1mjni/../jni/src/claw/vfs/NativeMount.cpp:244: Aquire java class for JNI method: com/Claw/Android/NativeMount
04-23 11:51:13.539 20466 20985 I Claw    : [0m[      17.358] [30;1mjni/../jni/src/claw/vfs/NativeMount.cpp:244: JNI class acquired, acquire java method: GetFreeDiskSpace with args: (Ljava/lang/String;)J
04-23 11:51:13.539 20466 20985 I Claw    : [0m[      17.359] [30;1mjni/../jni/src/claw/vfs/android/AndroidSaveFile.cpp:82: Open new save assetcache/data-hc.pak.meta
04-23 11:51:13.539 20466 20985 I Claw    : [0m[       17.36] [30;1mjni/../jni/src/claw/vfs/NativeMount.cpp:244: Aquire java class for JNI method: com/Claw/Android/NativeMount
04-23 11:51:13.539 20466 20985 I Claw    : [0m[       17.36] [30;1mjni/../jni/src/claw/vfs/NativeMount.cpp:244: JNI class acquired, acquire java method: GetFreeDiskSpace with args: (Ljava/lang/String;)J
04-23 11:51:13.539 20466 20985 I Claw    : [0m[      17.361] [30;1mjni/../jni/src/claw/vfs/NativeMount.cpp:244: Aquire java class for JNI method: com/Claw/Android/NativeMount
04-23 11:51:13.539 20466 20985 I Claw    : [0m[      17.361] [30;1mjni/../jni/src/claw/vfs/NativeMount.cpp:244: JNI class acquired, acquire java method: GetFreeDiskSpace with args: (Ljava/lang/String;)J
04-23 11:51:13.539 20466 20985 I Claw    : [0m[      17.362] [30;1mjni/../jni/src/claw/vfs/NativeMount.cpp:244: Aquire java class for JNI method: com/Claw/Android/NativeMount
04-23 11:51:13.539 20466 20985 I Claw    : [0m[      17.362] [30;1mjni/../jni/src/claw/vfs/NativeMount.cpp:244: JNI class acquired, acquire java method: GetFreeDiskSpace with args: (Ljava/lang/String;)J
04-23 11:51:13.539 20466 20985 I Claw    : [0m[      17.363] [30;1mjni/../jni/src/claw/vfs/NativeMount.cpp:244: Aquire java class for JNI method: com/Claw/Android/NativeMount
04-23 11:51:13.539 20466 20985 I Claw    : [0m[      17.363] [30;1mjni/../jni/src/claw/vfs/NativeMount.cpp:244: JNI class acquired, acquire java method: GetFreeDiskSpace with args: (Ljava/lang/String;)J
04-23 11:51:13.539 20466 20985 I Claw    : [0m[      17.364] [30;1mjni/../jni/src/claw/vfs/android/AndroidSaveFile.cpp:82: Open new save assetcache/data-hc.pak.meta
04-23 11:51:13.539 20466 20985 I Claw    : [0m[      17.365] [30;1mjni/../jni/src/claw/vfs/NativeMount.cpp:244: Aquire java class for JNI method: com/Claw/Android/NativeMount
04-23 11:51:13.539 20466 20985 I Claw    : [0m[      17.365] [30;1mjni/../jni/src/claw/vfs/NativeMount.cpp:244: JNI class acquired, acquire java method: GetFreeDiskSpace with args: (Ljava/lang/String;)J
04-23 11:51:13.539 20466 20985 I Claw    : [0m[      17.367] [30;1mjni/../jni/src/claw/vfs/NativeMount.cpp:244: Aquire java class for JNI method: com/Claw/Android/NativeMount
04-23 11:51:13.539 20466 20985 I Claw    : [0m[      17.367] [30;1mjni/../jni/src/claw/vfs/NativeMount.cpp:244: JNI class acquired, acquire java method: GetFreeDiskSpace with args: (Ljava/lang/String;)J
04-23 11:51:13.549 20466 20985 I Claw    : [0m[      17.369] [30;1mjni/../jni/src/claw/vfs/NativeMount.cpp:244: Aquire java class for JNI method: com/Claw/Android/NativeMount
04-23 11:51:13.549 20466 20985 I Claw    : [0m[      17.369] [30;1mjni/../jni/src/claw/vfs/NativeMount.cpp:244: JNI class acquired, acquire java method: GetFreeDiskSpace with args: (Ljava/lang/String;)J
04-23 11:51:13.549 20466 20985 I Claw    : [0m[       17.37] [30;1mjni/../jni/src/claw/vfs/NativeMount.cpp:244: Aquire java class for JNI method: com/Claw/Android/NativeMount
04-23 11:51:13.549 20466 20985 I Claw    : [0m[      17.371] [30;1mjni/../jni/src/claw/vfs/NativeMount.cpp:244: JNI class acquired, acquire java method: GetFreeDiskSpace with args: (Ljava/lang/String;)J
04-23 11:51:13.549 20466 20985 I Claw    : [0m[      17.371] [30;1mjni/../jni/src/claw/vfs/android/AndroidSaveFile.cpp:82: Open new save assetcache/data-hc.pak.meta
04-23 11:51:13.549 20466 20985 I Claw    : [0m[      17.373] [30;1mjni/../jni/src/claw/vfs/NativeMount.cpp:244: Aquire java class for JNI method: com/Claw/Android/NativeMount
04-23 11:51:13.549 20466 20985 I Claw    : [0m[      17.373] [30;1mjni/../jni/src/claw/vfs/NativeMount.cpp:244: JNI class acquired, acquire java method: GetFreeDiskSpace with args: (Ljava/lang/String;)J
04-23 11:51:13.549 20466 20985 I Claw    : [0m[      17.375] [30;1mjni/../jni/src/claw/vfs/NativeMount.cpp:244: Aquire java class for JNI method: com/Claw/Android/NativeMount
04-23 11:51:13.549 20466 20985 I Claw    : [0m[      17.375] [30;1mjni/../jni/src/claw/vfs/NativeMount.cpp:244: JNI class acquired, acquire java method: GetFreeDiskSpace with args: (Ljava/lang/String;)J
04-23 11:51:13.549 20466 20985 W libc    : It seems that pthread_join() is not invoked or PTHREAD_ATTR_FLAG_DETACHED is not set.
04-23 11:51:13.549 20466 20985 W libc    :     pthread tid          : 20985
04-23 11:51:13.549 20466 20985 W libc    :     pthread start_routine: 0xdecf23b4
04-23 11:51:13.629 20466 20955 I Claw    : [0m[      17.455] /home/jenkins-agent/workspace/huuuge-stars/client-dev/hs-android/contrib/huuugeanalyticssdk/cpp/src/huuuge/analytics/HAHttp-android.cpp:80: Huuuge::analytics::HTTPAndroid::InvokeHttps 1nsjtnbmgl.execute-api.us-east-1.amazonaws.com public/dashboard-events
04-23 11:51:13.629 20466 20955 I Claw    : [0m[      17.456] /home/jenkins-agent/workspace/huuuge-stars/client-dev/hs-android/contrib/huuugeanalyticssdk/cpp/src/huuuge/analytics/HAHttp-android.cpp:100: Huuuge::analytics::HTTPAndroid::InvokeHttps convert post payload 2210
04-23 11:51:13.629 20466 20955 I Claw    : [0m[      17.457] ../../../../../../../../contrib/huuugeanalyticssdk/cpp/contrib/jni/JniAttach.hpp:147: Aquire java class for JNI method: com/huuuge/analytics/HA
04-23 11:51:13.639 20466 20955 I Claw    : [0m[      17.457] ../../../../../../../../contrib/huuugeanalyticssdk/cpp/contrib/jni/JniAttach.hpp:147: JNI class acquired, acquire java method: doHttpsRequest with args: (Ljava/lang/String;Ljava/lang/String;Ljava/lang/String;[Ljava/lang/String;[Ljava/lang/String;[B)[Ljava/lang/String;
04-23 11:51:13.639 20466 20955 I Claw    : [0m[      17.458] ../../../../../../../../contrib/huuugeanalyticssdk/cpp/contrib/jni/JniAttach.hpp:148: JNI method acquired, try to call.
04-23 11:51:13.639 20466 20987 I System.out: (HTTPLog)-Static: isSBSettingEnabled false
04-23 11:51:13.639 20466 20987 I System.out: (HTTPLog)-Static: isSBSettingEnabled false
04-23 11:51:13.719 20466 20967 I Claw    : [0m[      17.539] [30;1mjni/../jni/src/claw/vfs/android/AndroidSaveFile.cpp:42: Open existing save assetcache/data-hc.pak
04-23 11:51:13.719 20466 20967 I Claw    : [0m[      17.539] [30;1mjni/../jni/src/claw/vfs/Vfs.cpp:172: Opened file: /assetcache/data-hc.pak
04-23 11:51:13.719 20466 20967 I Claw    : [0m[      17.541] /home/jenkins-agent/workspace/huuuge-stars/client-dev/hs-android/src/casino/DownloadManager.cpp:500: Mounting pak: data-hc.pak
04-23 11:51:13.719 20466 20967 I Claw    : [0m[      17.541] [30;1mjni/../jni/src/claw/vfs/Vfs.cpp:97: Added new mount at /
04-23 11:51:13.719 20466 20967 I Claw    : [0m[      17.542] [30;1mjni/../jni/src/claw/vfs/android/AndroidSaveFile.cpp:42: Open existing save assetcache/welcome_bg_0_etc2.pak.meta
04-23 11:51:13.719 20466 20967 I Claw    : [0m[      17.542] [30;1mjni/../jni/src/claw/vfs/Vfs.cpp:168: Cannot open file: /assetcache/welcome_bg_0_etc2.pak.meta
04-23 11:51:13.719 20466 20967 I Claw    : [0m[      17.542] /home/jenkins-agent/workspace/huuuge-stars/client-dev/hs-android/src/casino/ServerList.cpp:53: Server list returning http://cdn-hs-dev.hgonline.net/346/, 1/14
04-23 11:51:13.719 20466 20967 I Claw    : [0m[      17.542] [30;1mjni/../jni/src/claw/vfs/android/AndroidSaveFile.cpp:42: Open existing save assetcache/welcome_bg_0_etc2.pak.meta
04-23 11:51:13.719 20466 20967 I Claw    : [0m[      17.543] [30;1mjni/../jni/src/claw/vfs/Vfs.cpp:168: Cannot open file: /assetcache/welcome_bg_0_etc2.pak.meta
04-23 11:51:13.719 20466 20967 I Claw    : [0m[      17.543] /home/jenkins-agent/workspace/huuuge-stars/client-dev/hs-android/src/casino/DefaultDownloadManager.cpp:415: Downloading pak welcome_bg_0_etc2.pak from http://cdn-hs-dev.hgonline.net/346/
04-23 11:51:13.719 20466 20957 I Claw    : [0m[      17.544] ../../../../../../../../contrib/huuugeanalyticssdk/cpp/contrib/jni/JniAttach.hpp:185: Aquire java class for JNI method: com/huuuge/analytics/HA
04-23 11:51:13.719 20466 20957 I Claw    : [0m[      17.544] ../../../../../../../../contrib/huuugeanalyticssdk/cpp/contrib/jni/JniAttach.hpp:185: JNI class acquired, acquire java method: connectionStatus with args: ()I
04-23 11:51:13.719 20466 20957 I Claw    : [0m[      17.544] ../../../../../../../../contrib/huuugeanalyticssdk/cpp/contrib/jni/JniAttach.hpp:186: JNI method acquired, try to call.
04-23 11:51:13.719  2218  2767 D EnterpriseController: netId is 0
04-23 11:51:13.719  2218  2767 D Netd    : getNetworkForDns: using netid 502 for uid 10693
04-23 11:51:13.719 20466 20957 I Claw    : [0m[      17.546] ../../../../../../../../contrib/huuugeanalyticssdk/cpp/contrib/jni/JniAttach.hpp:189: JNI method called.
04-23 11:51:13.719 20466 20988 I Claw    : [0m[      17.546] [30;1mjni/../jni/src/claw/network/HttpRequest.cpp:97: cdn-hs-dev.hgonline.net resolved to ::ffff:92.122.122.136
04-23 11:51:13.719 20466 20988 I Claw    : [0m[      17.546] [30;1mjni/../jni/src/claw/network/unix/UnixStreamSocket.cpp:93: Connecting to ::ffff:92.122.122.136
04-23 11:51:13.719  2612  3136 D ConnectivityService: returning getNetworkInfo for network type 1 : [type: WIFI[] - WIFI, state: CONNECTED/CONNECTED, reason: (unspecified), extra: "HuuugeQA", roaming: false, failover: false, isAvailable: true]
04-23 11:51:13.719  2612  3483 D ConnectivityService: returning getNetworkInfo for network type 0 : [type: MOBILE[] - MOBILE, state: DISCONNECTED/DISCONNECTED, reason: (unspecified), extra: (none), roaming: false, failover: false, isAvailable: true]
04-23 11:51:13.759 20466 20957 I Claw    : [0m[      17.584] ../../../../../../../../contrib/huuugeanalyticssdk/cpp/contrib/jni/JniAttach.hpp:185: Aquire java class for JNI method: com/huuuge/analytics/HA
04-23 11:51:13.759 20466 20957 I Claw    : [0m[      17.584] ../../../../../../../../contrib/huuugeanalyticssdk/cpp/contrib/jni/JniAttach.hpp:185: JNI class acquired, acquire java method: connectionStatus with args: ()I
04-23 11:51:13.759 20466 20957 I Claw    : [0m[      17.584] ../../../../../../../../contrib/huuugeanalyticssdk/cpp/contrib/jni/JniAttach.hpp:186: JNI method acquired, try to call.
04-23 11:51:13.759 20466 20957 I Claw    : [0m[      17.585] ../../../../../../../../contrib/huuugeanalyticssdk/cpp/contrib/jni/JniAttach.hpp:189: JNI method called.
04-23 11:51:13.759  2612  3660 D ConnectivityService: returning getNetworkInfo for network type 1 : [type: WIFI[] - WIFI, state: CONNECTED/CONNECTED, reason: (unspecified), extra: "HuuugeQA", roaming: false, failover: false, isAvailable: true]
04-23 11:51:13.759  2612  2626 D ConnectivityService: returning getNetworkInfo for network type 0 : [type: MOBILE[] - MOBILE, state: DISCONNECTED/DISCONNECTED, reason: (unspecified), extra: (none), roaming: false, failover: false, isAvailable: true]
04-23 11:51:13.929 20466 20988 I Claw    : [0m[      17.753] [30;1mjni/../jni/src/claw/network/HttpRequest.cpp:279: Content length: 47
04-23 11:51:13.929 20466 20988 I Claw    : [0m[      17.753] [30;1mjni/../jni/src/claw/vfs/android/AndroidSaveFile.cpp:82: Open new save assetcache/welcome_bg_0_etc2.pak
04-23 11:51:13.929 20466 20988 I Claw    : [0m[      17.754] [30;1mjni/../jni/src/claw/vfs/android/AndroidSaveFile.cpp:82: Open new save assetcache/welcome_bg_0_etc2.pak.meta
04-23 11:51:13.929 20466 20988 I Claw    : [0m[      17.756] [30;1mjni/../jni/src/claw/vfs/NativeMount.cpp:244: Aquire java class for JNI method: com/Claw/Android/NativeMount
04-23 11:51:13.929 20466 20988 I Claw    : [0m[      17.756] [30;1mjni/../jni/src/claw/vfs/NativeMount.cpp:244: JNI class acquired, acquire java method: GetFreeDiskSpace with args: (Ljava/lang/String;)J
04-23 11:51:13.929 20466 20988 I Claw    : [0m[      17.757] [30;1mjni/../jni/src/claw/vfs/NativeMount.cpp:244: Aquire java class for JNI method: com/Claw/Android/NativeMount
04-23 11:51:13.929 20466 20988 I Claw    : [0m[      17.757] [30;1mjni/../jni/src/claw/vfs/NativeMount.cpp:244: JNI class acquired, acquire java method: GetFreeDiskSpace with args: (Ljava/lang/String;)J
04-23 11:51:13.939 20466 20988 I Claw    : [0m[      17.758] [30;1mjni/../jni/src/claw/vfs/NativeMount.cpp:244: Aquire java class for JNI method: com/Claw/Android/NativeMount
04-23 11:51:13.939 20466 20988 I Claw    : [0m[      17.759] [30;1mjni/../jni/src/claw/vfs/NativeMount.cpp:244: JNI class acquired, acquire java method: GetFreeDiskSpace with args: (Ljava/lang/String;)J
04-23 11:51:13.939 20466 20988 I Claw    : [0m[       17.76] [30;1mjni/../jni/src/claw/vfs/NativeMount.cpp:244: Aquire java class for JNI method: com/Claw/Android/NativeMount
04-23 11:51:13.939 20466 20988 I Claw    : [0m[       17.76] [30;1mjni/../jni/src/claw/vfs/NativeMount.cpp:244: JNI class acquired, acquire java method: GetFreeDiskSpace with args: (Ljava/lang/String;)J
04-23 11:51:13.939 20466 20955 I Claw    : [0m[       17.76] ../../../../../../../../contrib/huuugeanalyticssdk/cpp/contrib/jni/JniAttach.hpp:151: JNI method called.
04-23 11:51:13.939 20466 20955 I Claw    : [0m[      17.761] /home/jenkins-agent/workspace/huuuge-stars/client-dev/hs-android/contrib/huuugeanalyticssdk/cpp/src/huuuge/analytics/HAHttp-android.cpp:133: Huuuge::analytics::HTTPAndroid::InvokeHttps response code is 200
04-23 11:51:13.939 20466 20955 I Claw    : [0m[      17.761] /home/jenkins-agent/workspace/huuuge-stars/client-dev/hs-android/contrib/huuugeanalyticssdk/cpp/src/huuuge/analytics/HAHttp-android.cpp:134: Huuuge::analytics::HTTPAndroid::InvokeHttps response payload is null
04-23 11:51:13.939  2218  2767 D EnterpriseController: netId is 0
04-23 11:51:13.939  2218  2767 D Netd    : getNetworkForDns: using netid 502 for uid 10693
04-23 11:51:13.939 20466 20988 I Claw    : [0m[      17.763] [30;1mjni/../jni/src/claw/network/HttpRequest.cpp:97: cdn-hs-dev.hgonline.net resolved to ::ffff:92.122.122.136
04-23 11:51:13.939 20466 20988 I Claw    : [0m[      17.763] [30;1mjni/../jni/src/claw/network/unix/UnixStreamSocket.cpp:93: Connecting to ::ffff:92.122.122.136
04-23 11:51:14.149 20466 20988 I Claw    : [0m[      17.973] [30;1mjni/../jni/src/claw/network/HttpRequest.cpp:279: Content length: 1265158
04-23 11:51:14.149 20466 20988 I Claw    : [0m[      17.974] [30;1mjni/../jni/src/claw/vfs/NativeMount.cpp:244: Aquire java class for JNI method: com/Claw/Android/NativeMount
04-23 11:51:14.149 20466 20988 I Claw    : [0m[      17.974] [30;1mjni/../jni/src/claw/vfs/NativeMount.cpp:244: JNI class acquired, acquire java method: GetFreeDiskSpace with args: (Ljava/lang/String;)J
04-23 11:51:14.149 20466 20988 I Claw    : [0m[      17.976] [30;1mjni/../jni/src/claw/vfs/NativeMount.cpp:244: Aquire java class for JNI method: com/Claw/Android/NativeMount
04-23 11:51:14.149 20466 20988 I Claw    : [0m[      17.976] [30;1mjni/../jni/src/claw/vfs/NativeMount.cpp:244: JNI class acquired, acquire java method: GetFreeDiskSpace with args: (Ljava/lang/String;)J
04-23 11:51:14.259 20466 20988 I Claw    : [0m[      18.077] [30;1mjni/../jni/src/claw/vfs/NativeMount.cpp:244: Aquire java class for JNI method: com/Claw/Android/NativeMount
04-23 11:51:14.259 20466 20988 I Claw    : [0m[      18.078] [30;1mjni/../jni/src/claw/vfs/NativeMount.cpp:244: JNI class acquired, acquire java method: GetFreeDiskSpace with args: (Ljava/lang/String;)J
04-23 11:51:14.259 20466 20988 I Claw    : [0m[      18.082] [30;1mjni/../jni/src/claw/vfs/NativeMount.cpp:244: Aquire java class for JNI method: com/Claw/Android/NativeMount
04-23 11:51:14.259 20466 20988 I Claw    : [0m[      18.082] [30;1mjni/../jni/src/claw/vfs/NativeMount.cpp:244: JNI class acquired, acquire java method: GetFreeDiskSpace with args: (Ljava/lang/String;)J
04-23 11:51:14.259 20466 20988 I Claw    : [0m[      18.084] [30;1mjni/../jni/src/claw/vfs/NativeMount.cpp:244: Aquire java class for JNI method: com/Claw/Android/NativeMount
04-23 11:51:14.259 20466 20988 I Claw    : [0m[      18.084] [30;1mjni/../jni/src/claw/vfs/NativeMount.cpp:244: JNI class acquired, acquire java method: GetFreeDiskSpace with args: (Ljava/lang/String;)J
04-23 11:51:14.259 20466 20988 I Claw    : [0m[      18.087] [30;1mjni/../jni/src/claw/vfs/NativeMount.cpp:244: Aquire java class for JNI method: com/Claw/Android/NativeMount
04-23 11:51:14.259 20466 20988 I Claw    : [0m[      18.087] [30;1mjni/../jni/src/claw/vfs/NativeMount.cpp:244: JNI class acquired, acquire java method: GetFreeDiskSpace with args: (Ljava/lang/String;)J
04-23 11:51:14.359 20466 20988 I Claw    : [0m[      18.182] [30;1mjni/../jni/src/claw/vfs/NativeMount.cpp:244: Aquire java class for JNI method: com/Claw/Android/NativeMount
04-23 11:51:14.359 20466 20988 I Claw    : [0m[      18.182] [30;1mjni/../jni/src/claw/vfs/NativeMount.cpp:244: JNI class acquired, acquire java method: GetFreeDiskSpace with args: (Ljava/lang/String;)J
04-23 11:51:14.369 20466 20988 I Claw    : [0m[       18.19] [30;1mjni/../jni/src/claw/vfs/NativeMount.cpp:244: Aquire java class for JNI method: com/Claw/Android/NativeMount
04-23 11:51:14.369 20466 20988 I Claw    : [0m[       18.19] [30;1mjni/../jni/src/claw/vfs/NativeMount.cpp:244: JNI class acquired, acquire java method: GetFreeDiskSpace with args: (Ljava/lang/String;)J
04-23 11:51:14.459  2612  2960 V AlarmManager: Expired Alarm result :8
04-23 11:51:14.459  2612  2685 V BroadcastQueue: [background] Process cur broadcast BroadcastRecord{3f7ca67 u0 null qIdx=4}, state= (APP_RECEIVE) DELIVERED for app ProcessRecord{72163a8 3754:com.google.android.gms.persistent/u0a15}
04-23 11:51:14.459  2612  3012 D NetworkPolicy: isUidForegroundLocked: 10015, mScreenOn: true, uidstate: 6, mProxSensorScreenOff: false
04-23 11:51:14.469  3754  3754 D RelationGraph: garbageCollect()
04-23 11:51:14.489  3754  3754 D RelationGraph: garbageCollect()
04-23 11:51:14.489 20215 20215 D RelationGraph: garbageCollect()
04-23 11:51:14.499  3754  3754 D RelationGraph: garbageCollect()
04-23 11:51:14.499 20215 20215 W System.err: remove failed: ENOENT (No such file or directory) : /data/user/0/com.android.vending/cache/safe_mode809611
04-23 11:51:14.509 20466 20988 I Claw    : [0m[      18.328] [30;1mjni/../jni/src/claw/vfs/NativeMount.cpp:244: Aquire java class for JNI method: com/Claw/Android/NativeMount
04-23 11:51:14.509 20466 20988 I Claw    : [0m[      18.328] [30;1mjni/../jni/src/claw/vfs/NativeMount.cpp:244: JNI class acquired, acquire java method: GetFreeDiskSpace with args: (Ljava/lang/String;)J
04-23 11:51:14.509 20215 20215 I Finsky  : [1] com.google.android.finsky.scheduler.JobSchedulerEngine$PhoneskyJobSchedulerJobService.onStartJob(9): onJobSchedulerWakeup
04-23 11:51:14.509 20466 20988 I Claw    : [0m[      18.331] [30;1mjni/../jni/src/claw/vfs/NativeMount.cpp:244: Aquire java class for JNI method: com/Claw/Android/NativeMount
04-23 11:51:14.509 20466 20988 I Claw    : [0m[      18.332] [30;1mjni/../jni/src/claw/vfs/NativeMount.cpp:244: JNI class acquired, acquire java method: GetFreeDiskSpace with args: (Ljava/lang/String;)J
04-23 11:51:14.509 20466 20988 I Claw    : [0m[      18.335] [30;1mjni/../jni/src/claw/vfs/NativeMount.cpp:244: Aquire java class for JNI method: com/Claw/Android/NativeMount
04-23 11:51:14.509 20466 20988 I Claw    : [0m[      18.335] [30;1mjni/../jni/src/claw/vfs/NativeMount.cpp:244: JNI class acquired, acquire java method: GetFreeDiskSpace with args: (Ljava/lang/String;)J
04-23 11:51:14.509 20215 20215 I Finsky  : [1] com.google.android.finsky.scheduler.w.a(51): Scheduling fallback in 43199993 (absolute: 484639713)
04-23 11:51:14.519 20466 20988 I Claw    : [0m[      18.338] [30;1mjni/../jni/src/claw/vfs/NativeMount.cpp:244: Aquire java class for JNI method: com/Claw/Android/NativeMount
04-23 11:51:14.519 20466 20988 I Claw    : [0m[      18.338] [30;1mjni/../jni/src/claw/vfs/NativeMount.cpp:244: JNI class acquired, acquire java method: GetFreeDiskSpace with args: (Ljava/lang/String;)J
04-23 11:51:14.519 20466 20988 I Claw    : [0m[      18.339] [30;1mjni/../jni/src/claw/vfs/NativeMount.cpp:244: Aquire java class for JNI method: com/Claw/Android/NativeMount
04-23 11:51:14.519 20466 20988 I Claw    : [0m[       18.34] [30;1mjni/../jni/src/claw/vfs/NativeMount.cpp:244: JNI class acquired, acquire java method: GetFreeDiskSpace with args: (Ljava/lang/String;)J
04-23 11:51:14.519 20466 20988 I Claw    : [0m[      18.344] [30;1mjni/../jni/src/claw/vfs/NativeMount.cpp:244: Aquire java class for JNI method: com/Claw/Android/NativeMount
04-23 11:51:14.519 20466 20988 I Claw    : [0m[      18.344] [30;1mjni/../jni/src/claw/vfs/NativeMount.cpp:244: JNI class acquired, acquire java method: GetFreeDiskSpace with args: (Ljava/lang/String;)J
04-23 11:51:14.519 20215 20215 I Finsky  : [1] com.google.android.finsky.scheduler.w.a(51): Scheduling fallback in 64799991 (absolute: 506239721)
04-23 11:51:14.519  3754  3754 D RelationGraph: garbageCollect()
04-23 11:51:14.519 20466 20988 I Claw    : [0m[      18.346] [30;1mjni/../jni/src/claw/vfs/NativeMount.cpp:244: Aquire java class for JNI method: com/Claw/Android/NativeMount
04-23 11:51:14.519 20466 20988 I Claw    : [0m[      18.347] [30;1mjni/../jni/src/claw/vfs/NativeMount.cpp:244: JNI class acquired, acquire java method: GetFreeDiskSpace with args: (Ljava/lang/String;)J
04-23 11:51:14.529 20466 20988 I Claw    : [0m[      18.352] [30;1mjni/../jni/src/claw/vfs/NativeMount.cpp:244: Aquire java class for JNI method: com/Claw/Android/NativeMount
04-23 11:51:14.529 20466 20988 I Claw    : [0m[      18.352] [30;1mjni/../jni/src/claw/vfs/NativeMount.cpp:244: JNI class acquired, acquire java method: GetFreeDiskSpace with args: (Ljava/lang/String;)J
04-23 11:51:14.529 20466 20988 I Claw    : [0m[      18.354] [30;1mjni/../jni/src/claw/vfs/NativeMount.cpp:244: Aquire java class for JNI method: com/Claw/Android/NativeMount
04-23 11:51:14.529 20466 20988 I Claw    : [0m[      18.355] [30;1mjni/../jni/src/claw/vfs/NativeMount.cpp:244: JNI class acquired, acquire java method: GetFreeDiskSpace with args: (Ljava/lang/String;)J
04-23 11:51:14.529 20215 20215 I Finsky  : [1] com.google.android.finsky.scheduler.ad.handleMessage(32): DeviceState: DeviceState{currentTime=1524477074534, isCharging=true, isIdle=false, netAny=true, netNotRoaming=true, netUnmetered=true}
04-23 11:51:14.529 20466 20988 I Claw    : [0m[      18.357] [30;1mjni/../jni/src/claw/vfs/NativeMount.cpp:244: Aquire java class for JNI method: com/Claw/Android/NativeMount
04-23 11:51:14.529 20466 20988 I Claw    : [0m[      18.357] [30;1mjni/../jni/src/claw/vfs/NativeMount.cpp:244: JNI class acquired, acquire java method: GetFreeDiskSpace with args: (Ljava/lang/String;)J
04-23 11:51:14.539 20466 20988 I Claw    : [0m[      18.358] [30;1mjni/../jni/src/claw/vfs/NativeMount.cpp:244: Aquire java class for JNI method: com/Claw/Android/NativeMount
04-23 11:51:14.539 20466 20988 I Claw    : [0m[      18.359] [30;1mjni/../jni/src/claw/vfs/NativeMount.cpp:244: JNI class acquired, acquire java method: GetFreeDiskSpace with args: (Ljava/lang/String;)J
04-23 11:51:14.539 20466 20988 I Claw    : [0m[       18.36] [30;1mjni/../jni/src/claw/vfs/NativeMount.cpp:244: Aquire java class for JNI method: com/Claw/Android/NativeMount
04-23 11:51:14.539 20466 20988 I Claw    : [0m[      18.361] [30;1mjni/../jni/src/claw/vfs/NativeMount.cpp:244: JNI class acquired, acquire java method: GetFreeDiskSpace with args: (Ljava/lang/String;)J
04-23 11:51:14.539 20466 20988 I Claw    : [0m[      18.362] [30;1mjni/../jni/src/claw/vfs/NativeMount.cpp:244: Aquire java class for JNI method: com/Claw/Android/NativeMount
04-23 11:51:14.539 20466 20988 I Claw    : [0m[      18.362] [30;1mjni/../jni/src/claw/vfs/NativeMount.cpp:244: JNI class acquired, acquire java method: GetFreeDiskSpace with args: (Ljava/lang/String;)J
04-23 11:51:14.539 20466 20988 I Claw    : [0m[      18.364] [30;1mjni/../jni/src/claw/vfs/NativeMount.cpp:244: Aquire java class for JNI method: com/Claw/Android/NativeMount
04-23 11:51:14.539 20466 20988 I Claw    : [0m[      18.365] [30;1mjni/../jni/src/claw/vfs/NativeMount.cpp:244: JNI class acquired, acquire java method: GetFreeDiskSpace with args: (Ljava/lang/String;)J
04-23 11:51:14.549 20466 20988 I Claw    : [0m[      18.368] [30;1mjni/../jni/src/claw/vfs/NativeMount.cpp:244: Aquire java class for JNI method: com/Claw/Android/NativeMount
