04-18 12:40:04.139  3096  3096 D KeyguardUpdateMonitor: received broadcast android.intent.action.BATTERY_CHANGED
04-18 12:40:04.139  3096  3096 D KeyguardUpdateMonitor: handleBatteryUpdate
04-18 12:40:04.139  3096  3096 D PowerUI : priorPlugType = 2 mPlugType =  2
04-18 12:40:04.139  3096  3096 D BatteryMeterView: ACTION_BATTERY_CHANGED : level:100 status:5 health:2
04-18 12:40:04.139  3096  3096 D BatteryMeterView: ACTION_BATTERY_CHANGED : level:100 status:5 health:2
04-18 12:40:04.159  3096  3096 D QSPanel : getMultiTileLineHeight = 15
04-18 12:40:04.209  2612  3011 D NtpTrustedTime: currentTimeMillis() cache hit
04-18 12:40:04.209  2612  3011 V NetworkStats: performPollLocked(flags=0x1)
04-18 12:40:04.219  2612  3011 D NetworkStatsRecorder: entry.iface is null
04-18 12:40:04.219  2612  3011 D NetworkStatsRecorder: entry.iface is null
04-18 12:40:04.219  2612  3011 D NetworkStatsRecorder: entry.iface is null
04-18 12:40:04.219  2612  3011 D NetworkStatsRecorder: entry.iface is null
04-18 12:40:04.219  2612  3011 D NetworkStatsRecorder: entry.iface is null
04-18 12:40:04.219  2612  3011 D NetworkStatsRecorder: entry.iface is null
04-18 12:40:04.219  2612  3011 D NetworkStatsRecorder: entry.iface is null
04-18 12:40:04.219  2612  3011 D NetworkStatsRecorder: entry.iface is null
04-18 12:40:04.219  2612  3011 D NetworkStatsRecorder: entry.iface is null
04-18 12:40:04.219  2612  3011 D NetworkStatsRecorder: entry.iface is null
04-18 12:40:04.239  2612  3011 D NtpTrustedTime: currentTimeMillis() cache hit
04-18 12:40:04.239  2612  3012 D NtpTrustedTime: currentTimeMillis() cache hit
04-18 12:40:04.239  2612  3012 D NtpTrustedTime: currentTimeMillis() cache hit
04-18 12:40:04.239  2612  3011 V NetworkStats: performPollLocked() took 21ms
04-18 12:40:04.259 20999 21238 W libc    : It seems that pthread_join() is not invoked or PTHREAD_ATTR_FLAG_DETACHED is not set.
04-18 12:40:04.259 20999 21238 W libc    :     pthread tid          : 21238
04-18 12:40:04.259 20999 21238 W libc    :     pthread start_routine: 0xdf559884
04-18 12:40:04.259  2218  2767 D EnterpriseController: netId is 0
04-18 12:40:04.259  2218  2767 D Netd    : getNetworkForDns: using netid 502 for uid 10637
04-18 12:40:04.379  2612  3481 D ConnectivityService: returning getNetworkInfo for network type 1 : [type: WIFI[] - WIFI, state: CONNECTED/CONNECTED, reason: (unspecified), extra: "HuuugeQA", roaming: false, failover: false, isAvailable: true]
04-18 12:40:04.389  2218  2767 D EnterpriseController: netId is 0
04-18 12:40:04.389  2218  2767 D Netd    : getNetworkForDns: using netid 502 for uid 10637
04-18 12:40:04.389  2612  3136 D ConnectivityService: returning getNetworkInfo for network type 0 : [type: MOBILE[] - MOBILE, state: DISCONNECTED/DISCONNECTED, reason: (unspecified), extra: (none), roaming: false, failover: false, isAvailable: true]
04-18 12:40:04.589  2612  3011 D NtpTrustedTime: currentTimeMillis() cache hit
04-18 12:40:04.589  2612  3011 V NetworkStats: performPollLocked(flags=0x1)
04-18 12:40:04.599  2612  3011 D NetworkStatsRecorder: entry.iface is null
04-18 12:40:04.599  2612  3011 D NetworkStatsRecorder: entry.iface is null
04-18 12:40:04.599  2612  3011 D NetworkStatsRecorder: entry.iface is null
04-18 12:40:04.599  2612  3011 D NetworkStatsRecorder: entry.iface is null
04-18 12:40:04.599  2612  3011 D NetworkStatsRecorder: entry.iface is null
04-18 12:40:04.599  2612  3011 D NetworkStatsRecorder: entry.iface is null
04-18 12:40:04.599  2612  3011 D NetworkStatsRecorder: entry.iface is null
04-18 12:40:04.599  2612  3011 D NetworkStatsRecorder: entry.iface is null
04-18 12:40:04.599  2612  3011 D NetworkStatsRecorder: entry.iface is null
04-18 12:40:04.599  2612  3011 D NetworkStatsRecorder: entry.iface is null
04-18 12:40:04.619  2612  3011 D NtpTrustedTime: currentTimeMillis() cache hit
04-18 12:40:04.619  2612  3012 D NtpTrustedTime: currentTimeMillis() cache hit
04-18 12:40:04.619  2612  3012 D NtpTrustedTime: currentTimeMillis() cache hit
04-18 12:40:04.619  2612  3011 V NetworkStats: performPollLocked() took 24ms
04-18 12:40:04.669 20999 21285 W libc    : It seems that pthread_join() is not invoked or PTHREAD_ATTR_FLAG_DETACHED is not set.
04-18 12:40:04.669 20999 21285 W libc    :     pthread tid          : 21285
04-18 12:40:04.669 20999 21285 W libc    :     pthread start_routine: 0xdf88e390
04-18 12:40:04.779  2218  2767 D EnterpriseController: netId is 0
04-18 12:40:04.779  2218  2767 D Netd    : getNetworkForDns: using netid 502 for uid 10637
04-18 12:40:04.789  2218  2767 D EnterpriseController: netId is 0
04-18 12:40:04.789  2218  2767 D Netd    : getNetworkForDns: using netid 502 for uid 10637
04-18 12:40:04.789  2612  2626 D ConnectivityService: returning getNetworkInfo for network type 1 : [type: WIFI[] - WIFI, state: CONNECTED/CONNECTED, reason: (unspecified), extra: "HuuugeQA", roaming: false, failover: false, isAvailable: true]
04-18 12:40:04.799  2612  4193 D ConnectivityService: returning getNetworkInfo for network type 0 : [type: MOBILE[] - MOBILE, state: DISCONNECTED/DISCONNECTED, reason: (unspecified), extra: (none), roaming: false, failover: false, isAvailable: true]
04-18 12:40:04.839  2612  3270 D ConnectivityService: returning getNetworkInfo for network type 1 : [type: WIFI[] - WIFI, state: CONNECTED/CONNECTED, reason: (unspecified), extra: "HuuugeQA", roaming: false, failover: false, isAvailable: true]
04-18 12:40:04.839  2612  3660 D ConnectivityService: returning getNetworkInfo for network type 0 : [type: MOBILE[] - MOBILE, state: DISCONNECTED/DISCONNECTED, reason: (unspecified), extra: (none), roaming: false, failover: false, isAvailable: true]
04-18 12:40:04.859  2218  2767 D EnterpriseController: netId is 0
04-18 12:40:04.859  2218  2767 D Netd    : getNetworkForDns: using netid 502 for uid 10637
04-18 12:40:05.039 20999 21292 I System.out: (HTTPLog)-Static: isSBSettingEnabled false
04-18 12:40:05.039 20999 21292 I System.out: (HTTPLog)-Static: isSBSettingEnabled false
04-18 12:40:05.299  2218  2767 D EnterpriseController: netId is 0
04-18 12:40:05.299  2218  2767 D Netd    : getNetworkForDns: using netid 502 for uid 10637
04-18 12:40:05.379 20999 21289 W libc    : It seems that pthread_join() is not invoked or PTHREAD_ATTR_FLAG_DETACHED is not set.
04-18 12:40:05.379 20999 21289 W libc    :     pthread tid          : 21289
04-18 12:40:05.379 20999 21289 W libc    :     pthread start_routine: 0xdf88e390
04-18 12:40:05.399  2218  2767 D EnterpriseController: netId is 0
04-18 12:40:05.399  2218  2767 D Netd    : getNetworkForDns: using netid 502 for uid 10637
04-18 12:40:05.399  2612  3272 D ConnectivityService: returning getNetworkInfo for network type 1 : [type: WIFI[] - WIFI, state: CONNECTED/CONNECTED, reason: (unspecified), extra: "HuuugeQA", roaming: false, failover: false, isAvailable: true]
04-18 12:40:05.399  2612  4192 D ConnectivityService: returning getNetworkInfo for network type 0 : [type: MOBILE[] - MOBILE, state: DISCONNECTED/DISCONNECTED, reason: (unspecified), extra: (none), roaming: false, failover: false, isAvailable: true]
04-18 12:40:05.429  2612  3483 D ConnectivityService: returning getNetworkInfo for network type 1 : [type: WIFI[] - WIFI, state: CONNECTED/CONNECTED, reason: (unspecified), extra: "HuuugeQA", roaming: false, failover: false, isAvailable: true]
04-18 12:40:05.429  2612  3268 D ConnectivityService: returning getNetworkInfo for network type 0 : [type: MOBILE[] - MOBILE, state: DISCONNECTED/DISCONNECTED, reason: (unspecified), extra: (none), roaming: false, failover: false, isAvailable: true]
04-18 12:40:05.469  2218  2767 D EnterpriseController: netId is 0
04-18 12:40:05.469  2218  2767 D Netd    : getNetworkForDns: using netid 502 for uid 10637
04-18 12:40:05.559 20999 21287 W libc    : It seems that pthread_join() is not invoked or PTHREAD_ATTR_FLAG_DETACHED is not set.
04-18 12:40:05.559 20999 21287 W libc    :     pthread tid          : 21287
04-18 12:40:05.559 20999 21287 W libc    :     pthread start_routine: 0xdf4c0874
04-18 12:40:05.609  2612  3011 D NtpTrustedTime: currentTimeMillis() cache hit
04-18 12:40:05.609  2612  3011 V NetworkStats: performPollLocked(flags=0x1)
04-18 12:40:05.619  2612  3011 D NetworkStatsRecorder: entry.iface is null
04-18 12:40:05.619  2612  3011 D NetworkStatsRecorder: entry.iface is null
04-18 12:40:05.619  2612  3011 D NetworkStatsRecorder: entry.iface is null
04-18 12:40:05.619  2612  3011 D NetworkStatsRecorder: entry.iface is null
04-18 12:40:05.619  2612  3011 D NetworkStatsRecorder: entry.iface is null
04-18 12:40:05.619  2612  3011 D NetworkStatsRecorder: entry.iface is null
04-18 12:40:05.619  2612  3011 D NetworkStatsRecorder: entry.iface is null
04-18 12:40:05.619  2612  3011 D NetworkStatsRecorder: entry.iface is null
04-18 12:40:05.619  2612  3011 D NetworkStatsRecorder: entry.iface is null
04-18 12:40:05.619  2612  3011 D NetworkStatsRecorder: entry.iface is null
04-18 12:40:05.659  2612  3011 D NtpTrustedTime: currentTimeMillis() cache hit
04-18 12:40:05.659  2612  3011 V NetworkStats: performPollLocked() took 51ms
04-18 12:40:05.669  2612  3012 D NtpTrustedTime: currentTimeMillis() cache hit
04-18 12:40:05.669  2612  3012 D NtpTrustedTime: currentTimeMillis() cache hit
04-18 12:40:05.709 20999 21294 W libc    : It seems that pthread_join() is not invoked or PTHREAD_ATTR_FLAG_DETACHED is not set.
04-18 12:40:05.709 20999 21294 W libc    :     pthread tid          : 21294
04-18 12:40:05.709 20999 21294 W libc    :     pthread start_routine: 0xdf88e390
04-18 12:40:05.799  2218  2767 D EnterpriseController: netId is 0
04-18 12:40:05.799  2218  2767 D Netd    : getNetworkForDns: using netid 502 for uid 10637
04-18 12:40:05.809  2612  3009 D ConnectivityService: returning getNetworkInfo for network type 1 : [type: WIFI[] - WIFI, state: CONNECTED/CONNECTED, reason: (unspecified), extra: "HuuugeQA", roaming: false, failover: false, isAvailable: true]
04-18 12:40:05.809  2612  3264 D ConnectivityService: returning getNetworkInfo for network type 0 : [type: MOBILE[] - MOBILE, state: DISCONNECTED/DISCONNECTED, reason: (unspecified), extra: (none), roaming: false, failover: false, isAvailable: true]
04-18 12:40:05.879  2218  2767 D EnterpriseController: netId is 0
04-18 12:40:05.879  2218  2767 D Netd    : getNetworkForDns: using netid 502 for uid 10637
04-18 12:40:06.039 20999 21300 I System.out: (HTTPLog)-Static: isSBSettingEnabled false
04-18 12:40:06.039 20999 21300 I System.out: (HTTPLog)-Static: isSBSettingEnabled false
04-18 12:40:06.089 20999 21297 W libc    : It seems that pthread_join() is not invoked or PTHREAD_ATTR_FLAG_DETACHED is not set.
04-18 12:40:06.089 20999 21297 W libc    :     pthread tid          : 21297
04-18 12:40:06.089 20999 21297 W libc    :     pthread start_routine: 0xdf88e390
04-18 12:40:06.209  2218  2767 D EnterpriseController: netId is 0
04-18 12:40:06.209  2218  2767 D Netd    : getNetworkForDns: using netid 502 for uid 10637
04-18 12:40:06.209  2612  3486 D ConnectivityService: returning getNetworkInfo for network type 1 : [type: WIFI[] - WIFI, state: CONNECTED/CONNECTED, reason: (unspecified), extra: "HuuugeQA", roaming: false, failover: false, isAvailable: true]
04-18 12:40:06.209  2612  3487 D ConnectivityService: returning getNetworkInfo for network type 0 : [type: MOBILE[] - MOBILE, state: DISCONNECTED/DISCONNECTED, reason: (unspecified), extra: (none), roaming: false, failover: false, isAvailable: true]
04-18 12:40:06.279  2218  2767 D EnterpriseController: netId is 0
04-18 12:40:06.279  2218  2767 D Netd    : getNetworkForDns: using netid 502 for uid 10637
04-18 12:40:06.539 20999 21301 W libc    : It seems that pthread_join() is not invoked or PTHREAD_ATTR_FLAG_DETACHED is not set.
04-18 12:40:06.539 20999 21301 W libc    :     pthread tid          : 21301
04-18 12:40:06.539 20999 21301 W libc    :     pthread start_routine: 0xdf88e390
04-18 12:40:06.569  2218  2767 D EnterpriseController: netId is 0
04-18 12:40:06.569  2218  2767 D Netd    : getNetworkForDns: using netid 502 for uid 10637
