04-17 13:55:26.701  7702  7916 I Claw    : [0m[      10.074] jni/../jni/src/claw/vfs/posix/PosixFile.cpp:215: stat() failed for: /storage/emulated/0/Android/data/com.huuuge.stars.slots/files//assetcache/zh_atlas_pachislo_azteca_1_etc2.pak.meta
04-17 13:55:26.701  7702  7916 I Claw    : [0m[      10.074] jni/../jni/src/claw/vfs/posix/PosixFile.cpp:215: stat() failed for: /storage/emulated/0/Android/data/com.huuuge.stars.slots/files//assetcache/zh_atlas_pachislo_azteca_1_etc2.pak
04-17 13:55:26.701  7702  7916 I Claw    : [0m[      10.074] /home/jenkins/workspace/huuuge-stars/client-dev/hs-android/src/casino/DefaultDownloadManager.cpp:170: Pak md5 mismatch: zh_atlas_dailybonus_2_etc2.pak
04-17 13:55:26.701  7702  7916 I Claw    : [0m[      10.075] jni/../jni/src/claw/vfs/posix/PosixFile.cpp:215: stat() failed for: /storage/emulated/0/Android/data/com.huuuge.stars.slots/files//assetcache/zh_atlas_dailybonus_2_etc2.pak.meta
04-17 13:55:26.701  7702  7916 I Claw    : [0m[      10.075] jni/../jni/src/claw/vfs/posix/PosixFile.cpp:215: stat() failed for: /storage/emulated/0/Android/data/com.huuuge.stars.slots/files//assetcache/zh_atlas_dailybonus_2_etc2.pak
04-17 13:55:26.701  7702  7916 I Claw    : [0m[      10.075] /home/jenkins/workspace/huuuge-stars/client-dev/hs-android/src/casino/DefaultDownloadManager.cpp:170: Pak md5 mismatch: zh_atlas_tiles_hc_0_etc2.pak
04-17 13:55:26.701  7702  7916 I Claw    : [0m[      10.076] jni/../jni/src/claw/vfs/posix/PosixFile.cpp:215: stat() failed for: /storage/emulated/0/Android/data/com.huuuge.stars.slots/files//assetcache/zh_atlas_tiles_hc_0_etc2.pak.meta
04-17 13:55:26.701  7702  7916 I Claw    : [0m[      10.076] jni/../jni/src/claw/vfs/posix/PosixFile.cpp:215: stat() failed for: /storage/emulated/0/Android/data/com.huuuge.stars.slots/files//assetcache/zh_atlas_tiles_hc_0_etc2.pak
04-17 13:55:26.701  7702  7916 I Claw    : [0m[      10.076] /home/jenkins/workspace/huuuge-stars/client-dev/hs-android/src/casino/DefaultDownloadManager.cpp:170: Pak md5 mismatch: zh_atlas_dailybonus_1_etc2.pak
04-17 13:55:26.701  7702  7916 I Claw    : [0m[      10.076] jni/../jni/src/claw/vfs/posix/PosixFile.cpp:215: stat() failed for: /storage/emulated/0/Android/data/com.huuuge.stars.slots/files//assetcache/zh_atlas_dailybonus_1_etc2.pak.meta
04-17 13:55:26.701  7702  7916 I Claw    : [0m[      10.076] jni/../jni/src/claw/vfs/posix/PosixFile.cpp:215: stat() failed for: /storage/emulated/0/Android/data/com.huuuge.stars.slots/files//assetcache/zh_atlas_dailybonus_1_etc2.pak
04-17 13:55:26.701  7702  7916 I Claw    : [0m[      10.077] /home/jenkins/workspace/huuuge-stars/client-dev/hs-android/src/casino/DefaultDownloadManager.cpp:170: Pak md5 mismatch: zh_atlas_dailybonus_0_etc2.pak
04-17 13:55:26.701  7702  7916 I Claw    : [0m[      10.077] jni/../jni/src/claw/vfs/posix/PosixFile.cpp:215: stat() failed for: /storage/emulated/0/Android/data/com.huuuge.stars.slots/files//assetcache/zh_atlas_dailybonus_0_etc2.pak.meta
04-17 13:55:26.701  7702  7916 I Claw    : [0m[      10.077] jni/../jni/src/claw/vfs/posix/PosixFile.cpp:215: stat() failed for: /storage/emulated/0/Android/data/com.huuuge.stars.slots/files//assetcache/zh_atlas_dailybonus_0_etc2.pak
04-17 13:55:26.701  7702  7916 I Claw    : [0m[      10.077] /home/jenkins/workspace/huuuge-stars/client-dev/hs-android/src/casino/DefaultDownloadManager.cpp:170: Pak md5 mismatch: zh_atlas_clubs_intro_1_etc2.pak
04-17 13:55:26.701  7702  7916 I Claw    : [0m[      10.078] jni/../jni/src/claw/vfs/posix/PosixFile.cpp:215: stat() failed for: /storage/emulated/0/Android/data/com.huuuge.stars.slots/files//assetcache/zh_atlas_clubs_intro_1_etc2.pak.meta
04-17 13:55:26.701  7702  7916 I Claw    : [0m[      10.078] jni/../jni/src/claw/vfs/posix/PosixFile.cpp:215: stat() failed for: /storage/emulated/0/Android/data/com.huuuge.stars.slots/files//assetcache/zh_atlas_clubs_intro_1_etc2.pak
04-17 13:55:26.701  7702  7916 I Claw    : [0m[      10.078] /home/jenkins/workspace/huuuge-stars/client-dev/hs-android/src/casino/DefaultDownloadManager.cpp:170: Pak md5 mismatch: zh_atlas_clubs_common_2_etc2.pak
04-17 13:55:26.701  7702  7916 I Claw    : [0m[      10.079] jni/../jni/src/claw/vfs/posix/PosixFile.cpp:215: stat() failed for: /storage/emulated/0/Android/data/com.huuuge.stars.slots/files//assetcache/zh_atlas_clubs_common_2_etc2.pak.meta
04-17 13:55:26.701  7702  7916 I Claw    : [0m[      10.079] jni/../jni/src/claw/vfs/posix/PosixFile.cpp:215: stat() failed for: /storage/emulated/0/Android/data/com.huuuge.stars.slots/files//assetcache/zh_atlas_clubs_common_2_etc2.pak
04-17 13:55:26.701  7702  7916 I Claw    : [0m[      10.079] /home/jenkins/workspace/huuuge-stars/client-dev/hs-android/src/casino/DefaultDownloadManager.cpp:170: Pak md5 mismatch: zh_atlas_clubs_common_1_etc2.pak
04-17 13:55:26.701  7702  7916 I Claw    : [0m[       10.08] jni/../jni/src/claw/vfs/posix/PosixFile.cpp:215: stat() failed for: /storage/emulated/0/Android/data/com.huuuge.stars.slots/files//assetcache/zh_atlas_clubs_common_1_etc2.pak.meta
04-17 13:55:26.701  7702  7916 I Claw    : [0m[       10.08] jni/../jni/src/claw/vfs/posix/PosixFile.cpp:215: stat() failed for: /storage/emulated/0/Android/data/com.huuuge.stars.slots/files//assetcache/zh_atlas_clubs_common_1_etc2.pak
04-17 13:55:26.701  7702  7916 I Claw    : [0m[       10.08] /home/jenkins/workspace/huuuge-stars/client-dev/hs-android/src/casino/DefaultDownloadManager.cpp:170: Pak md5 mismatch: ja_atlas3_0_etc2.pak
04-17 13:55:26.701  7702  7916 I Claw    : [0m[       10.08] jni/../jni/src/claw/vfs/posix/PosixFile.cpp:215: stat() failed for: /storage/emulated/0/Android/data/com.huuuge.stars.slots/files//assetcache/ja_atlas3_0_etc2.pak.meta
04-17 13:55:26.701  7702  7916 I Claw    : [0m[       10.08] jni/../jni/src/claw/vfs/posix/PosixFile.cpp:215: stat() failed for: /storage/emulated/0/Android/data/com.huuuge.stars.slots/files//assetcache/ja_atlas3_0_etc2.pak
04-17 13:55:26.701  7702  7916 I Claw    : [0m[       10.08] /home/jenkins/workspace/huuuge-stars/client-dev/hs-android/src/casino/DefaultDownloadManager.cpp:170: Pak md5 mismatch: zh_atlas_clubs_common_0_etc2.pak
04-17 13:55:26.701  7702  7916 I Claw    : [0m[      10.081] jni/../jni/src/claw/vfs/posix/PosixFile.cpp:215: stat() failed for: /storage/emulated/0/Android/data/com.huuuge.stars.slots/files//assetcache/zh_atlas_clubs_common_0_etc2.pak.meta
04-17 13:55:26.701  7702  7916 I Claw    : [0m[      10.081] jni/../jni/src/claw/vfs/posix/PosixFile.cpp:215: stat() failed for: /storage/emulated/0/Android/data/com.huuuge.stars.slots/files//assetcache/zh_atlas_clubs_common_0_etc2.pak
04-17 13:55:26.701  7702  7916 I Claw    : [0m[      10.081] /home/jenkins/workspace/huuuge-stars/client-dev/hs-android/src/casino/DefaultDownloadManager.cpp:170: Pak md5 mismatch: ru_atlas_sku_hc_2_etc2.pak
04-17 13:55:26.701  7702  7916 I Claw    : [0m[      10.082] jni/../jni/src/claw/vfs/posix/PosixFile.cpp:215: stat() failed for: /storage/emulated/0/Android/data/com.huuuge.stars.slots/files//assetcache/ru_atlas_sku_hc_2_etc2.pak.meta
04-17 13:55:26.701  7702  7916 I Claw    : [0m[      10.082] jni/../jni/src/claw/vfs/posix/PosixFile.cpp:215: stat() failed for: /storage/emulated/0/Android/data/com.huuuge.stars.slots/files//assetcache/ru_atlas_sku_hc_2_etc2.pak
04-17 13:55:26.701  7702  7916 I Claw    : [0m[      10.082] /home/jenkins/workspace/huuuge-stars/client-dev/hs-android/src/casino/DefaultDownloadManager.cpp:170: Pak md5 mismatch: zh_atlas_blackjack_1_etc2.pak
04-17 13:55:26.711  7702  7916 I Claw    : [0m[      10.083] jni/../jni/src/claw/vfs/posix/PosixFile.cpp:215: stat() failed for: /storage/emulated/0/Android/data/com.huuuge.stars.slots/files//assetcache/zh_atlas_blackjack_1_etc2.pak.meta
04-17 13:55:26.711  7702  7916 I Claw    : [0m[      10.083] jni/../jni/src/claw/vfs/posix/PosixFile.cpp:215: stat() failed for: /storage/emulated/0/Android/data/com.huuuge.stars.slots/files//assetcache/zh_atlas_blackjack_1_etc2.pak
04-17 13:55:26.711  7702  7916 I Claw    : [0m[      10.083] /home/jenkins/workspace/huuuge-stars/client-dev/hs-android/src/casino/DefaultDownloadManager.cpp:170: Pak md5 mismatch: zh_atlas_baccarat_melbourne_1_etc2.pak
04-17 13:55:26.711  7702  7916 I Claw    : [0m[      10.084] jni/../jni/src/claw/vfs/posix/PosixFile.cpp:215: stat() failed for: /storage/emulated/0/Android/data/com.huuuge.stars.slots/files//assetcache/zh_atlas_baccarat_melbourne_1_etc2.pak.meta
04-17 13:55:26.711  7702  7916 I Claw    : [0m[      10.084] jni/../jni/src/claw/vfs/posix/PosixFile.cpp:215: stat() failed for: /storage/emulated/0/Android/data/com.huuuge.stars.slots/files//assetcache/zh_atlas_baccarat_melbourne_1_etc2.pak
04-17 13:55:26.711  7702  7916 I Claw    : [0m[      10.084] /home/jenkins/workspace/huuuge-stars/client-dev/hs-android/src/casino/DefaultDownloadManager.cpp:170: Pak md5 mismatch: atlas_slots_pirates2_2_etc2.pak
04-17 13:55:26.711  7702  7916 I Claw    : [0m[      10.085] jni/../jni/src/claw/vfs/posix/PosixFile.cpp:215: stat() failed for: /storage/emulated/0/Android/data/com.huuuge.stars.slots/files//assetcache/atlas_slots_pirates2_2_etc2.pak.meta
04-17 13:55:26.711  7702  7916 I Claw    : [0m[      10.085] jni/../jni/src/claw/vfs/posix/PosixFile.cpp:215: stat() failed for: /storage/emulated/0/Android/data/com.huuuge.stars.slots/files//assetcache/atlas_slots_pirates2_2_etc2.pak
04-17 13:55:26.711  7702  7916 I Claw    : [0m[      10.085] /home/jenkins/workspace/huuuge-stars/client-dev/hs-android/src/casino/DefaultDownloadManager.cpp:170: Pak md5 mismatch: zh_atlas_baccarat_melbourne_0_etc2.pak
04-17 13:55:26.711  7702  7916 I Claw    : [0m[      10.086] jni/../jni/src/claw/vfs/posix/PosixFile.cpp:215: stat() failed for: /storage/emulated/0/Android/data/com.huuuge.stars.slots/files//assetcache/zh_atlas_baccarat_melbourne_0_etc2.pak.meta
04-17 13:55:26.711  7702  7916 I Claw    : [0m[      10.086] jni/../jni/src/claw/vfs/posix/PosixFile.cpp:215: stat() failed for: /storage/emulated/0/Android/data/com.huuuge.stars.slots/files//assetcache/zh_atlas_baccarat_melbourne_0_etc2.pak
04-17 13:55:26.711  7702  7916 I Claw    : [0m[      10.086] /home/jenkins/workspace/huuuge-stars/client-dev/hs-android/src/casino/DefaultDownloadManager.cpp:170: Pak md5 mismatch: zh_atlas_baccarat_macau_0_etc2.pak
04-17 13:55:26.711  7702  7916 I Claw    : [0m[      10.087] jni/../jni/src/claw/vfs/posix/PosixFile.cpp:215: stat() failed for: /storage/emulated/0/Android/data/com.huuuge.stars.slots/files//assetcache/zh_atlas_baccarat_macau_0_etc2.pak.meta
04-17 13:55:26.711  7702  7916 I Claw    : [0m[      10.087] jni/../jni/src/claw/vfs/posix/PosixFile.cpp:215: stat() failed for: /storage/emulated/0/Android/data/com.huuuge.stars.slots/files//assetcache/zh_atlas_baccarat_macau_0_etc2.pak
04-17 13:55:26.711  7702  7916 I Claw    : [0m[      10.087] /home/jenkins/workspace/huuuge-stars/client-dev/hs-android/src/casino/DefaultDownloadManager.cpp:170: Pak md5 mismatch: atlas_baccarat_monaco_0_etc2.pak
04-17 13:55:26.711  7702  7916 I Claw    : [0m[      10.088] jni/../jni/src/claw/vfs/posix/PosixFile.cpp:215: stat() failed for: /storage/emulated/0/Android/data/com.huuuge.stars.slots/files//assetcache/atlas_baccarat_monaco_0_etc2.pak.meta
04-17 13:55:26.711  7702  7916 I Claw    : [0m[      10.088] jni/../jni/src/claw/vfs/posix/PosixFile.cpp:215: stat() failed for: /storage/emulated/0/Android/data/com.huuuge.stars.slots/files//assetcache/atlas_baccarat_monaco_0_etc2.pak
04-17 13:55:26.711  7702  7916 I Claw    : [0m[      10.089] /home/jenkins/workspace/huuuge-stars/client-dev/hs-android/src/casino/DefaultDownloadManager.cpp:170: Pak md5 mismatch: zh_atlas_baccarat_lasvegas_1_etc2.pak
04-17 13:55:26.711  7702  7916 I Claw    : [0m[      10.089] jni/../jni/src/claw/vfs/posix/PosixFile.cpp:215: stat() failed for: /storage/emulated/0/Android/data/com.huuuge.stars.slots/files//assetcache/zh_atlas_baccarat_lasvegas_1_etc2.pak.meta
04-17 13:55:26.711  7702  7916 I Claw    : [0m[       10.09] jni/../jni/src/claw/vfs/posix/PosixFile.cpp:215: stat() failed for: /storage/emulated/0/Android/data/com.huuuge.stars.slots/files//assetcache/zh_atlas_baccarat_lasvegas_1_etc2.pak
04-17 13:55:26.711  7702  7916 I Claw    : [0m[       10.09] /home/jenkins/workspace/huuuge-stars/client-dev/hs-android/src/casino/DefaultDownloadManager.cpp:170: Pak md5 mismatch: atlas_slots_steam_city_1_etc2.pak
04-17 13:55:26.711  7702  7916 I Claw    : [0m[       10.09] jni/../jni/src/claw/vfs/posix/PosixFile.cpp:215: stat() failed for: /storage/emulated/0/Android/data/com.huuuge.stars.slots/files//assetcache/atlas_slots_steam_city_1_etc2.pak.meta
04-17 13:55:26.711  7702  7916 I Claw    : [0m[      10.091] jni/../jni/src/claw/vfs/posix/PosixFile.cpp:215: stat() failed for: /storage/emulated/0/Android/data/com.huuuge.stars.slots/files//assetcache/atlas_slots_steam_city_1_etc2.pak
04-17 13:55:26.711  7702  7916 I Claw    : [0m[      10.091] /home/jenkins/workspace/huuuge-stars/client-dev/hs-android/src/casino/DefaultDownloadManager.cpp:170: Pak md5 mismatch: zh_atlas_baccarat_berlin_2_etc2.pak
04-17 13:55:26.711  7702  7916 I Claw    : [0m[      10.091] jni/../jni/src/claw/vfs/posix/PosixFile.cpp:215: stat() failed for: /storage/emulated/0/Android/data/com.huuuge.stars.slots/files//assetcache/zh_atlas_baccarat_berlin_2_etc2.pak.meta
04-17 13:55:26.711  7702  7916 I Claw    : [0m[      10.091] jni/../jni/src/claw/vfs/posix/PosixFile.cpp:215: stat() failed for: /storage/emulated/0/Android/data/com.huuuge.stars.slots/files//assetcache/zh_atlas_baccarat_berlin_2_etc2.pak
04-17 13:55:26.711  7702  7916 I Claw    : [0m[      10.091] /home/jenkins/workspace/huuuge-stars/client-dev/hs-android/src/casino/DefaultDownloadManager.cpp:170: Pak md5 mismatch: zh_atlas_baccarat_berlin_1_etc2.pak
04-17 13:55:26.711  7702  7916 I Claw    : [0m[      10.092] jni/../jni/src/claw/vfs/posix/PosixFile.cpp:215: stat() failed for: /storage/emulated/0/Android/data/com.huuuge.stars.slots/files//assetcache/zh_atlas_baccarat_berlin_1_etc2.pak.meta
04-17 13:55:26.721  7702  7916 I Claw    : [0m[      10.092] jni/../jni/src/claw/vfs/posix/PosixFile.cpp:215: stat() failed for: /storage/emulated/0/Android/data/com.huuuge.stars.slots/files//assetcache/zh_atlas_baccarat_berlin_1_etc2.pak
04-17 13:55:26.721  7702  7916 I Claw    : [0m[      10.092] /home/jenkins/workspace/huuuge-stars/client-dev/hs-android/src/casino/DefaultDownloadManager.cpp:170: Pak md5 mismatch: slots_emerald_goddess_two_background_2_etc2.pak
04-17 13:55:26.721  7702  7916 I Claw    : [0m[      10.093] jni/../jni/src/claw/vfs/posix/PosixFile.cpp:215: stat() failed for: /storage/emulated/0/Android/data/com.huuuge.stars.slots/files//assetcache/slots_emerald_goddess_two_background_2_etc2.pak.meta
04-17 13:55:26.721  7702  7916 I Claw    : [0m[      10.093] jni/../jni/src/claw/vfs/posix/PosixFile.cpp:215: stat() failed for: /storage/emulated/0/Android/data/com.huuuge.stars.slots/files//assetcache/slots_emerald_goddess_two_background_2_etc2.pak
04-17 13:55:26.721  7702  7916 I Claw    : [0m[      10.093] /home/jenkins/workspace/huuuge-stars/client-dev/hs-android/src/casino/DefaultDownloadManager.cpp:170: Pak md5 mismatch: zh_atlas_baccarat_2_etc2.pak
04-17 13:55:26.721  7702  7916 I Claw    : [0m[      10.094] jni/../jni/src/claw/vfs/posix/PosixFile.cpp:215: stat() failed for: /storage/emulated/0/Android/data/com.huuuge.stars.slots/files//assetcache/zh_atlas_baccarat_2_etc2.pak.meta
04-17 13:55:26.721  7702  7916 I Claw    : [0m[      10.094] jni/../jni/src/claw/vfs/posix/PosixFile.cpp:215: stat() failed for: /storage/emulated/0/Android/data/com.huuuge.stars.slots/files//assetcache/zh_atlas_baccarat_2_etc2.pak
04-17 13:55:26.721  7702  7916 I Claw    : [0m[      10.094] /home/jenkins/workspace/huuuge-stars/client-dev/hs-android/src/casino/DefaultDownloadManager.cpp:170: Pak md5 mismatch: videopoker_bg_blue_1_etc2.pak
04-17 13:55:26.721  7702  7916 I Claw    : [0m[      10.095] jni/../jni/src/claw/vfs/posix/PosixFile.cpp:215: stat() failed for: /storage/emulated/0/Android/data/com.huuuge.stars.slots/files//assetcache/videopoker_bg_blue_1_etc2.pak.meta
04-17 13:55:26.721  7702  7916 I Claw    : [0m[      10.095] jni/../jni/src/claw/vfs/posix/PosixFile.cpp:215: stat() failed for: /storage/emulated/0/Android/data/com.huuuge.stars.slots/files//assetcache/videopoker_bg_blue_1_etc2.pak
04-17 13:55:26.721  7702  7916 I Claw    : [0m[      10.095] /home/jenkins/workspace/huuuge-stars/client-dev/hs-android/src/casino/DefaultDownloadManager.cpp:170: Pak md5 mismatch: zh_atlas3_2_etc2.pak
04-17 13:55:26.721  7702  7916 I Claw    : [0m[      10.096] jni/../jni/src/claw/vfs/posix/PosixFile.cpp:215: stat() failed for: /storage/emulated/0/Android/data/com.huuuge.stars.slots/files//assetcache/zh_atlas3_2_etc2.pak.meta
04-17 13:55:26.721  7702  7916 I Claw    : [0m[      10.096] jni/../jni/src/claw/vfs/posix/PosixFile.cpp:215: stat() failed for: /storage/emulated/0/Android/data/com.huuuge.stars.slots/files//assetcache/zh_atlas3_2_etc2.pak
04-17 13:55:26.721  7702  7916 I Claw    : [0m[      10.096] /home/jenkins/workspace/huuuge-stars/client-dev/hs-android/src/casino/DefaultDownloadManager.cpp:170: Pak md5 mismatch: zh_atlas3_1_etc2.pak
04-17 13:55:26.721  7702  7916 I Claw    : [0m[      10.096] jni/../jni/src/claw/vfs/posix/PosixFile.cpp:215: stat() failed for: /storage/emulated/0/Android/data/com.huuuge.stars.slots/files//assetcache/zh_atlas3_1_etc2.pak.meta
04-17 13:55:26.721  7702  7916 I Claw    : [0m[      10.096] jni/../jni/src/claw/vfs/posix/PosixFile.cpp:215: stat() failed for: /storage/emulated/0/Android/data/com.huuuge.stars.slots/files//assetcache/zh_atlas3_1_etc2.pak
04-17 13:55:26.721  7702  7916 I Claw    : [0m[      10.097] /home/jenkins/workspace/huuuge-stars/client-dev/hs-android/src/casino/DefaultDownloadManager.cpp:170: Pak md5 mismatch: zh_atlas_sku_hc_1_etc2.pak
04-17 13:55:26.721  7702  7916 I Claw    : [0m[      10.097] jni/../jni/src/claw/vfs/posix/PosixFile.cpp:215: stat() failed for: /storage/emulated/0/Android/data/com.huuuge.stars.slots/files//assetcache/zh_atlas_sku_hc_1_etc2.pak.meta
04-17 13:55:26.721  7702  7916 I Claw    : [0m[      10.097] jni/../jni/src/claw/vfs/posix/PosixFile.cpp:215: stat() failed for: /storage/emulated/0/Android/data/com.huuuge.stars.slots/files//assetcache/zh_atlas_sku_hc_1_etc2.pak
04-17 13:55:26.721  7702  7916 I Claw    : [0m[      10.097] /home/jenkins/workspace/huuuge-stars/client-dev/hs-android/src/casino/DefaultDownloadManager.cpp:170: Pak md5 mismatch: music_blackjack.pak
04-17 13:55:26.721  7702  7916 I Claw    : [0m[      10.098] jni/../jni/src/claw/vfs/posix/PosixFile.cpp:215: stat() failed for: /storage/emulated/0/Android/data/com.huuuge.stars.slots/files//assetcache/music_blackjack.pak.meta
04-17 13:55:26.721  7702  7916 I Claw    : [0m[      10.098] jni/../jni/src/claw/vfs/posix/PosixFile.cpp:215: stat() failed for: /storage/emulated/0/Android/data/com.huuuge.stars.slots/files//assetcache/music_blackjack.pak
04-17 13:55:26.721  7702  7916 I Claw    : [0m[      10.098] /home/jenkins/workspace/huuuge-stars/client-dev/hs-android/src/casino/DefaultDownloadManager.cpp:170: Pak md5 mismatch: zh_atlas3_0_etc2.pak
04-17 13:55:26.721  7702  7916 I Claw    : [0m[      10.098] jni/../jni/src/claw/vfs/posix/PosixFile.cpp:215: stat() failed for: /storage/emulated/0/Android/data/com.huuuge.stars.slots/files//assetcache/zh_atlas3_0_etc2.pak.meta
04-17 13:55:26.721  7702  7916 I Claw    : [0m[      10.099] jni/../jni/src/claw/vfs/posix/PosixFile.cpp:215: stat() failed for: /storage/emulated/0/Android/data/com.huuuge.stars.slots/files//assetcache/zh_atlas3_0_etc2.pak
04-17 13:55:26.721  7702  7916 I Claw    : [0m[      10.099] /home/jenkins/workspace/huuuge-stars/client-dev/hs-android/src/casino/DefaultDownloadManager.cpp:170: Pak md5 mismatch: slots_candy_party_background_1_etc2.pak
04-17 13:55:26.721  7702  7916 I Claw    : [0m[      10.099] jni/../jni/src/claw/vfs/posix/PosixFile.cpp:215: stat() failed for: /storage/emulated/0/Android/data/com.huuuge.stars.slots/files//assetcache/slots_candy_party_background_1_etc2.pak.meta
04-17 13:55:26.721  7702  7916 I Claw    : [0m[      10.099] jni/../jni/src/claw/vfs/posix/PosixFile.cpp:215: stat() failed for: /storage/emulated/0/Android/data/com.huuuge.stars.slots/files//assetcache/slots_candy_party_background_1_etc2.pak
04-17 13:55:26.721  7702  7916 I Claw    : [0m[      10.099] /home/jenkins/workspace/huuuge-stars/client-dev/hs-android/src/casino/DefaultDownloadManager.cpp:170: Pak md5 mismatch: zh_atlas2_1_etc2.pak
04-17 13:55:26.721  7702  7916 I Claw    : [0m[        10.1] jni/../jni/src/claw/vfs/posix/PosixFile.cpp:215: stat() failed for: /storage/emulated/0/Android/data/com.huuuge.stars.slots/files//assetcache/zh_atlas2_1_etc2.pak.meta
04-17 13:55:26.721  7702  7916 I Claw    : [0m[        10.1] jni/../jni/src/claw/vfs/posix/PosixFile.cpp:215: stat() failed for: /storage/emulated/0/Android/data/com.huuuge.stars.slots/files//assetcache/zh_atlas2_1_etc2.pak
04-17 13:55:26.721  7702  7916 I Claw    : [0m[        10.1] /home/jenkins/workspace/huuuge-stars/client-dev/hs-android/src/casino/DefaultDownloadManager.cpp:170: Pak md5 mismatch: slots_jungle_background_1_etc2.pak
04-17 13:55:26.721  7702  7916 I Claw    : [0m[      10.101] jni/../jni/src/claw/vfs/posix/PosixFile.cpp:215: stat() failed for: /storage/emulated/0/Android/data/com.huuuge.stars.slots/files//assetcache/slots_jungle_background_1_etc2.pak.meta
04-17 13:55:26.721  7702  7916 I Claw    : [0m[      10.101] jni/../jni/src/claw/vfs/posix/PosixFile.cpp:215: stat() failed for: /storage/emulated/0/Android/data/com.huuuge.stars.slots/files//assetcache/slots_jungle_background_1_etc2.pak
04-17 13:55:26.721  7702  7916 I Claw    : [0m[      10.101] /home/jenkins/workspace/huuuge-stars/client-dev/hs-android/src/casino/DefaultDownloadManager.cpp:170: Pak md5 mismatch: zh_atlas2_0_etc2.pak
04-17 13:55:26.721  7702  7916 I Claw    : [0m[      10.102] jni/../jni/src/claw/vfs/posix/PosixFile.cpp:215: stat() failed for: /storage/emulated/0/Android/data/com.huuuge.stars.slots/files//assetcache/zh_atlas2_0_etc2.pak.meta
04-17 13:55:26.731  7702  7916 I Claw    : [0m[      10.102] jni/../jni/src/claw/vfs/posix/PosixFile.cpp:215: stat() failed for: /storage/emulated/0/Android/data/com.huuuge.stars.slots/files//assetcache/zh_atlas2_0_etc2.pak
04-17 13:55:26.731  7702  7916 I Claw    : [0m[      10.102] /home/jenkins/workspace/huuuge-stars/client-dev/hs-android/src/casino/DefaultDownloadManager.cpp:170: Pak md5 mismatch: ja_atlas_blackjack_2_etc2.pak
04-17 13:55:26.731  7702  7916 I Claw    : [0m[      10.103] jni/../jni/src/claw/vfs/posix/PosixFile.cpp:215: stat() failed for: /storage/emulated/0/Android/data/com.huuuge.stars.slots/files//assetcache/ja_atlas_blackjack_2_etc2.pak.meta
04-17 13:55:26.731  7702  7916 I Claw    : [0m[      10.103] jni/../jni/src/claw/vfs/posix/PosixFile.cpp:215: stat() failed for: /storage/emulated/0/Android/data/com.huuuge.stars.slots/files//assetcache/ja_atlas_blackjack_2_etc2.pak
04-17 13:55:26.731  7702  7916 I Claw    : [0m[      10.103] /home/jenkins/workspace/huuuge-stars/client-dev/hs-android/src/casino/DefaultDownloadManager.cpp:170: Pak md5 mismatch: pachislo_juggler_background_2_etc2.pak
04-17 13:55:26.731  7702  7916 I Claw    : [0m[      10.104] jni/../jni/src/claw/vfs/posix/PosixFile.cpp:215: stat() failed for: /storage/emulated/0/Android/data/com.huuuge.stars.slots/files//assetcache/pachislo_juggler_background_2_etc2.pak.meta
04-17 13:55:26.731  7702  7916 I Claw    : [0m[      10.104] jni/../jni/src/claw/vfs/posix/PosixFile.cpp:215: stat() failed for: /storage/emulated/0/Android/data/com.huuuge.stars.slots/files//assetcache/pachislo_juggler_background_2_etc2.pak
04-17 13:55:26.731  7702  7916 I Claw    : [0m[      10.104] /home/jenkins/workspace/huuuge-stars/client-dev/hs-android/src/casino/DefaultDownloadManager.cpp:170: Pak md5 mismatch: zh_atlas_0_etc2.pak
04-17 13:55:26.731  7702  7916 I Claw    : [0m[      10.105] jni/../jni/src/claw/vfs/posix/PosixFile.cpp:215: stat() failed for: /storage/emulated/0/Android/data/com.huuuge.stars.slots/files//assetcache/zh_atlas_0_etc2.pak.meta
04-17 13:55:26.731  7702  7916 I Claw    : [0m[      10.105] jni/../jni/src/claw/vfs/posix/PosixFile.cpp:215: stat() failed for: /storage/emulated/0/Android/data/com.huuuge.stars.slots/files//assetcache/zh_atlas_0_etc2.pak
04-17 13:55:26.731  7702  7916 I Claw    : [0m[      10.105] /home/jenkins/workspace/huuuge-stars/client-dev/hs-android/src/casino/DefaultDownloadManager.cpp:170: Pak md5 mismatch: atlas_slots_dogs_2_etc2.pak
04-17 13:55:26.731  7702  7916 I Claw    : [0m[      10.106] jni/../jni/src/claw/vfs/posix/PosixFile.cpp:215: stat() failed for: /storage/emulated/0/Android/data/com.huuuge.stars.slots/files//assetcache/atlas_slots_dogs_2_etc2.pak.meta
04-17 13:55:26.731  7702  7916 I Claw    : [0m[      10.106] jni/../jni/src/claw/vfs/posix/PosixFile.cpp:215: stat() failed for: /storage/emulated/0/Android/data/com.huuuge.stars.slots/files//assetcache/atlas_slots_dogs_2_etc2.pak
04-17 13:55:26.731  7702  7916 I Claw    : [0m[      10.106] /home/jenkins/workspace/huuuge-stars/client-dev/hs-android/src/casino/DefaultDownloadManager.cpp:170: Pak md5 mismatch: welcome_bg_thsku_0_etc2.pak
04-17 13:55:26.731  7702  7916 I Claw    : [0m[      10.107] jni/../jni/src/claw/vfs/posix/PosixFile.cpp:215: stat() failed for: /storage/emulated/0/Android/data/com.huuuge.stars.slots/files//assetcache/welcome_bg_thsku_0_etc2.pak.meta
04-17 13:55:26.731  7702  7916 I Claw    : [0m[      10.107] jni/../jni/src/claw/vfs/posix/PosixFile.cpp:215: stat() failed for: /storage/emulated/0/Android/data/com.huuuge.stars.slots/files//assetcache/welcome_bg_thsku_0_etc2.pak
04-17 13:55:26.731  7702  7916 I Claw    : [0m[      10.107] /home/jenkins/workspace/huuuge-stars/client-dev/hs-android/src/casino/DefaultDownloadManager.cpp:170: Pak md5 mismatch: welcome_bg_2_etc2.pak
04-17 13:55:26.731  7702  7911 I Claw    : [0m[      10.107] ../../../../../../../../contrib/huuugeanalyticssdk/cpp/contrib/jni/JniAttach.hpp:151: JNI method called.
04-17 13:55:26.731  7702  7911 I Claw    : [0m[      10.107] /home/jenkins/workspace/huuuge-stars/client-dev/hs-android/contrib/huuugeanalyticssdk/cpp/src/huuuge/analytics/HAHttp-android.cpp:133: Huuuge::analytics::HTTPAndroid::InvokeHttps response code is 200
04-17 13:55:26.731  7702  7911 I Claw    : [0m[      10.107] /home/jenkins/workspace/huuuge-stars/client-dev/hs-android/contrib/huuugeanalyticssdk/cpp/src/huuuge/analytics/HAHttp-android.cpp:134: Huuuge::analytics::HTTPAndroid::InvokeHttps response payload is {"ok":true,"ip":"78.11.68.206","public":"ASIAJWMDZC6FJB44KBAA","secret":"eaQqaqVEqd+DF0/GtfCOrAc95EZyKjTyUXB+bUSr","token":"FQoDYXdzEKX//////////wEaDFgQFX6wIpYrVUNx4yKAAjnEgS+hnlX47+U3vm+Q+vG4T0D5m1eWYG+KnudKZHKloHn35zHpohE0v3gMhi306LMXVA2QXvghGSQrzjLPLaAMLJRxYn0OVaqeZmHcr5gW9qJLSIHJCM74ss/A0cknLAILMwyFIT1G/B+SSm+GT7IUAp9UvfCVILuTrSBbsSMyYsCG8SW+iQaBZnrojf2UvdfSS3j+Vf2D8fmIsdtC+iuJeO69tnLJ1NA2BdO9yC5daZfSRNfyW82y+d5yox+xCaj/qPqmDDlUBDaZze2QgiI39EBIl0b8lZLdrq8BKNNgeGqXwxBT7i/au/cpOCpZl7yD6fmpw/NYgxBipUKBGxwor8HX1gU=","time":1523966127604,"event-retention":{"hc":7}}
04-17 13:55:26.731  7702  7916 I Claw    : [0m[      10.108] jni/../jni/src/claw/vfs/posix/PosixFile.cpp:215: stat() failed for: /storage/emulated/0/Android/data/com.huuuge.stars.slots/files//assetcache/welcome_bg_2_etc2.pak.meta
04-17 13:55:26.731  7702  7916 I Claw    : [0m[      10.108] jni/../jni/src/claw/vfs/posix/PosixFile.cpp:215: stat() failed for: /storage/emulated/0/Android/data/com.huuuge.stars.slots/files//assetcache/welcome_bg_2_etc2.pak
04-17 13:55:26.731  7702  7916 I Claw    : [0m[      10.108] /home/jenkins/workspace/huuuge-stars/client-dev/hs-android/src/casino/DefaultDownloadManager.cpp:170: Pak md5 mismatch: welcome_bg_1_etc2.pak
04-17 13:55:26.731  7702  7916 I Claw    : [0m[      10.109] jni/../jni/src/claw/vfs/posix/PosixFile.cpp:215: stat() failed for: /storage/emulated/0/Android/data/com.huuuge.stars.slots/files//assetcache/welcome_bg_1_etc2.pak.meta
04-17 13:55:26.731  7702  7916 I Claw    : [0m[      10.109] jni/../jni/src/claw/vfs/posix/PosixFile.cpp:215: stat() failed for: /storage/emulated/0/Android/data/com.huuuge.stars.slots/files//assetcache/welcome_bg_1_etc2.pak
04-17 13:55:26.731  7702  7916 I Claw    : [0m[      10.109] /home/jenkins/workspace/huuuge-stars/client-dev/hs-android/src/casino/DefaultDownloadManager.cpp:170: Pak md5 mismatch: violet_bg_2_etc2.pak
04-17 13:55:26.731  7702  7916 I Claw    : [0m[       10.11] jni/../jni/src/claw/vfs/posix/PosixFile.cpp:215: stat() failed for: /storage/emulated/0/Android/data/com.huuuge.stars.slots/files//assetcache/violet_bg_2_etc2.pak.meta
04-17 13:55:26.731  7702  7916 I Claw    : [0m[       10.11] jni/../jni/src/claw/vfs/posix/PosixFile.cpp:215: stat() failed for: /storage/emulated/0/Android/data/com.huuuge.stars.slots/files//assetcache/violet_bg_2_etc2.pak
04-17 13:55:26.731  7702  7916 I Claw    : [0m[       10.11] /home/jenkins/workspace/huuuge-stars/client-dev/hs-android/src/casino/DefaultDownloadManager.cpp:170: Pak md5 mismatch: violet_bg_1_etc2.pak
04-17 13:55:26.731  7702  7916 I Claw    : [0m[      10.111] jni/../jni/src/claw/vfs/posix/PosixFile.cpp:215: stat() failed for: /storage/emulated/0/Android/data/com.huuuge.stars.slots/files//assetcache/violet_bg_1_etc2.pak.meta
04-17 13:55:26.731  7702  7916 I Claw    : [0m[      10.111] jni/../jni/src/claw/vfs/posix/PosixFile.cpp:215: stat() failed for: /storage/emulated/0/Android/data/com.huuuge.stars.slots/files//assetcache/violet_bg_1_etc2.pak
04-17 13:55:26.731  7702  7916 I Claw    : [0m[      10.111] /home/jenkins/workspace/huuuge-stars/client-dev/hs-android/src/casino/DefaultDownloadManager.cpp:170: Pak md5 mismatch: video-slots_wild_animals_effects.pak
04-17 13:55:26.731  7702  7914 I AppsFlyer_4.8.6: response code: 404
04-17 13:55:26.731  7702  7916 I Claw    : [0m[      10.112] jni/../jni/src/claw/vfs/posix/PosixFile.cpp:215: stat() failed for: /storage/emulated/0/Android/data/com.huuuge.stars.slots/files//assetcache/video-slots_wild_animals_effects.pak.meta
04-17 13:55:26.731  7702  7916 I Claw    : [0m[      10.112] jni/../jni/src/claw/vfs/posix/PosixFile.cpp:215: stat() failed for: /storage/emulated/0/Android/data/com.huuuge.stars.slots/files//assetcache/video-slots_wild_animals_effects.pak
04-17 13:55:26.731  7702  7916 I Claw    : [0m[      10.112] /home/jenkins/workspace/huuuge-stars/client-dev/hs-android/src/casino/DefaultDownloadManager.cpp:170: Pak md5 mismatch: sound_slots_cleopatra.pak
04-17 13:55:26.741  7702  7916 I Claw    : [0m[      10.113] jni/../jni/src/claw/vfs/posix/PosixFile.cpp:215: stat() failed for: /storage/emulated/0/Android/data/com.huuuge.stars.slots/files//assetcache/sound_slots_cleopatra.pak.meta
04-17 13:55:26.741  7702  7916 I Claw    : [0m[      10.113] jni/../jni/src/claw/vfs/posix/PosixFile.cpp:215: stat() failed for: /storage/emulated/0/Android/data/com.huuuge.stars.slots/files//assetcache/sound_slots_cleopatra.pak
04-17 13:55:26.741  7702  7916 I Claw    : [0m[      10.113] /home/jenkins/workspace/huuuge-stars/client-dev/hs-android/src/casino/DefaultDownloadManager.cpp:170: Pak md5 mismatch: video-slots_samurai_symbols.pak
04-17 13:55:26.741  7702  7916 I Claw    : [0m[      10.114] jni/../jni/src/claw/vfs/posix/PosixFile.cpp:215: stat() failed for: /storage/emulated/0/Android/data/com.huuuge.stars.slots/files//assetcache/video-slots_samurai_symbols.pak.meta
04-17 13:55:26.741  7702  7916 I Claw    : [0m[      10.114] jni/../jni/src/claw/vfs/posix/PosixFile.cpp:215: stat() failed for: /storage/emulated/0/Android/data/com.huuuge.stars.slots/files//assetcache/video-slots_samurai_symbols.pak
04-17 13:55:26.741  7702  7916 I Claw    : [0m[      10.114] /home/jenkins/workspace/huuuge-stars/client-dev/hs-android/src/casino/DefaultDownloadManager.cpp:170: Pak md5 mismatch: video-slots_lucky_restaurant_symbols.pak
04-17 13:55:26.741  7702  7916 I Claw    : [0m[      10.114] jni/../jni/src/claw/vfs/posix/PosixFile.cpp:215: stat() failed for: /storage/emulated/0/Android/data/com.huuuge.stars.slots/files//assetcache/video-slots_lucky_restaurant_symbols.pak.meta
04-17 13:55:26.741  7702  7916 I Claw    : [0m[      10.115] jni/../jni/src/claw/vfs/posix/PosixFile.cpp:215: stat() failed for: /storage/emulated/0/Android/data/com.huuuge.stars.slots/files//assetcache/video-slots_lucky_restaurant_symbols.pak
04-17 13:55:26.741  7702  7916 I Claw    : [0m[      10.115] /home/jenkins/workspace/huuuge-stars/client-dev/hs-android/src/casino/DefaultDownloadManager.cpp:170: Pak md5 mismatch: video-slots_lucky_restaurant_stack.pak
04-17 13:55:26.741  7702  7916 I Claw    : [0m[      10.115] jni/../jni/src/claw/vfs/posix/PosixFile.cpp:215: stat() failed for: /storage/emulated/0/Android/data/com.huuuge.stars.slots/files//assetcache/video-slots_lucky_restaurant_stack.pak.meta
04-17 13:55:26.741  7702  7916 I Claw    : [0m[      10.115] jni/../jni/src/claw/vfs/posix/PosixFile.cpp:215: stat() failed for: /storage/emulated/0/Android/data/com.huuuge.stars.slots/files//assetcache/video-slots_lucky_restaurant_stack.pak
04-17 13:55:26.741  7702  7916 I Claw    : [0m[      10.115] /home/jenkins/workspace/huuuge-stars/client-dev/hs-android/src/casino/DefaultDownloadManager.cpp:170: Pak md5 mismatch: atlas_slots_its_alive2_2_etc2.pak
04-17 13:55:26.741  7702  7916 I Claw    : [0m[      10.116] jni/../jni/src/claw/vfs/posix/PosixFile.cpp:215: stat() failed for: /storage/emulated/0/Android/data/com.huuuge.stars.slots/files//assetcache/atlas_slots_its_alive2_2_etc2.pak.meta
04-17 13:55:26.741  7702  7916 I Claw    : [0m[      10.116] jni/../jni/src/claw/vfs/posix/PosixFile.cpp:215: stat() failed for: /storage/emulated/0/Android/data/com.huuuge.stars.slots/files//assetcache/atlas_slots_its_alive2_2_etc2.pak
04-17 13:55:26.741  7702  7916 I Claw    : [0m[      10.116] /home/jenkins/workspace/huuuge-stars/client-dev/hs-android/src/casino/DefaultDownloadManager.cpp:170: Pak md5 mismatch: sound_baccarat.pak
04-17 13:55:26.741  7702  7916 I Claw    : [0m[      10.117] jni/../jni/src/claw/vfs/posix/PosixFile.cpp:215: stat() failed for: /storage/emulated/0/Android/data/com.huuuge.stars.slots/files//assetcache/sound_baccarat.pak.meta
04-17 13:55:26.741  7702  7916 I Claw    : [0m[      10.117] jni/../jni/src/claw/vfs/posix/PosixFile.cpp:215: stat() failed for: /storage/emulated/0/Android/data/com.huuuge.stars.slots/files//assetcache/sound_baccarat.pak
04-17 13:55:26.741  7702  7916 I Claw    : [0m[      10.117] /home/jenkins/workspace/huuuge-stars/client-dev/hs-android/src/casino/DefaultDownloadManager.cpp:170: Pak md5 mismatch: zh_atlas_baccarat_1_etc2.pak
04-17 13:55:26.741  7702  7916 I Claw    : [0m[      10.118] jni/../jni/src/claw/vfs/posix/PosixFile.cpp:215: stat() failed for: /storage/emulated/0/Android/data/com.huuuge.stars.slots/files//assetcache/zh_atlas_baccarat_1_etc2.pak.meta
04-17 13:55:26.741  7702  7916 I Claw    : [0m[      10.118] jni/../jni/src/claw/vfs/posix/PosixFile.cpp:215: stat() failed for: /storage/emulated/0/Android/data/com.huuuge.stars.slots/files//assetcache/zh_atlas_baccarat_1_etc2.pak
04-17 13:55:26.741  7702  7916 I Claw    : [0m[      10.118] /home/jenkins/workspace/huuuge-stars/client-dev/hs-android/src/casino/DefaultDownloadManager.cpp:170: Pak md5 mismatch: atlas_slots_lost_shoe2_0_etc2.pak
04-17 13:55:26.741  7702  7916 I Claw    : [0m[      10.119] jni/../jni/src/claw/vfs/posix/PosixFile.cpp:215: stat() failed for: /storage/emulated/0/Android/data/com.huuuge.stars.slots/files//assetcache/atlas_slots_lost_shoe2_0_etc2.pak.meta
04-17 13:55:26.741  7702  7916 I Claw    : [0m[      10.119] jni/../jni/src/claw/vfs/posix/PosixFile.cpp:215: stat() failed for: /storage/emulated/0/Android/data/com.huuuge.stars.slots/files//assetcache/atlas_slots_lost_shoe2_0_etc2.pak
04-17 13:55:26.741  7702  7916 I Claw    : [0m[      10.119] /home/jenkins/workspace/huuuge-stars/client-dev/hs-android/src/casino/DefaultDownloadManager.cpp:170: Pak md5 mismatch: video-slots_effects.pak
04-17 13:55:26.741  7702  7916 I Claw    : [0m[       10.12] jni/../jni/src/claw/vfs/posix/PosixFile.cpp:215: stat() failed for: /storage/emulated/0/Android/data/com.huuuge.stars.slots/files//assetcache/video-slots_effects.pak.meta
04-17 13:55:26.741  7702  7916 I Claw    : [0m[       10.12] jni/../jni/src/claw/vfs/posix/PosixFile.cpp:215: stat() failed for: /storage/emulated/0/Android/data/com.huuuge.stars.slots/files//assetcache/video-slots_effects.pak
04-17 13:55:26.741  7702  7916 I Claw    : [0m[       10.12] /home/jenkins/workspace/huuuge-stars/client-dev/hs-android/src/casino/DefaultDownloadManager.cpp:170: Pak md5 mismatch: zh_atlas_slots_kittens_2_etc2.pak
04-17 13:55:26.741  7702  7916 I Claw    : [0m[      10.121] jni/../jni/src/claw/vfs/posix/PosixFile.cpp:215: stat() failed for: /storage/emulated/0/Android/data/com.huuuge.stars.slots/files//assetcache/zh_atlas_slots_kittens_2_etc2.pak.meta
04-17 13:55:26.741  7702  7916 I Claw    : [0m[      10.121] jni/../jni/src/claw/vfs/posix/PosixFile.cpp:215: stat() failed for: /storage/emulated/0/Android/data/com.huuuge.stars.slots/files//assetcache/zh_atlas_slots_kittens_2_etc2.pak
04-17 13:55:26.741  7702  7916 I Claw    : [0m[      10.121] /home/jenkins/workspace/huuuge-stars/client-dev/hs-android/src/casino/DefaultDownloadManager.cpp:170: Pak md5 mismatch: atlas_slots_ice_kingdom_0_etc2.pak
04-17 13:55:26.741  7702  7916 I Claw    : [0m[      10.122] jni/../jni/src/claw/vfs/posix/PosixFile.cpp:215: stat() failed for: /storage/emulated/0/Android/data/com.huuuge.stars.slots/files//assetcache/atlas_slots_ice_kingdom_0_etc2.pak.meta
04-17 13:55:26.741  7702  7916 I Claw    : [0m[      10.122] jni/../jni/src/claw/vfs/posix/PosixFile.cpp:215: stat() failed for: /storage/emulated/0/Android/data/com.huuuge.stars.slots/files//assetcache/atlas_slots_ice_kingdom_0_etc2.pak
04-17 13:55:26.741  7702  7916 I Claw    : [0m[      10.122] /home/jenkins/workspace/huuuge-stars/client-dev/hs-android/src/casino/DefaultDownloadManager.cpp:170: Pak md5 mismatch: video-slots_book_of_ra_symbols.pak
04-17 13:55:26.741  7702  7911 I Claw    : [0m[      10.122] /home/jenkins/workspace/huuuge-stars/client-dev/hs-android/contrib/huuugeanalyticssdk/cpp/src/huuuge/analytics/HAHttp-android.cpp:80: Huuuge::analytics::HTTPAndroid::InvokeHttps firehose.us-east-1.amazonaws.com /
04-17 13:55:26.751  7702  7916 I Claw    : [0m[      10.123] jni/../jni/src/claw/vfs/posix/PosixFile.cpp:215: stat() failed for: /storage/emulated/0/Android/data/com.huuuge.stars.slots/files//assetcache/video-slots_book_of_ra_symbols.pak.meta
04-17 13:55:26.751  7702  7911 I Claw    : [0m[      10.123] /home/jenkins/workspace/huuuge-stars/client-dev/hs-android/contrib/huuugeanalyticssdk/cpp/src/huuuge/analytics/HAHttp-android.cpp:100: Huuuge::analytics::HTTPAndroid::InvokeHttps convert post payload 1200
04-17 13:55:26.751  7702  7916 I Claw    : [0m[      10.123] jni/../jni/src/claw/vfs/posix/PosixFile.cpp:215: stat() failed for: /storage/emulated/0/Android/data/com.huuuge.stars.slots/files//assetcache/video-slots_book_of_ra_symbols.pak
04-17 13:55:26.751  7702  7911 I Claw    : [0m[      10.123] ../../../../../../../../contrib/huuugeanalyticssdk/cpp/contrib/jni/JniAttach.hpp:147: Aquire java class for JNI method: com/huuuge/analytics/HA
04-17 13:55:26.751  7702  7916 I Claw    : [0m[      10.123] /home/jenkins/workspace/huuuge-stars/client-dev/hs-android/src/casino/DefaultDownloadManager.cpp:170: Pak md5 mismatch: slots_classic_joker_background_2_etc2.pak
04-17 13:55:26.751  7702  7911 I Claw    : [0m[      10.123] ../../../../../../../../contrib/huuugeanalyticssdk/cpp/contrib/jni/JniAttach.hpp:147: JNI class acquired, acquire java method: doHttpsRequest with args: (Ljava/lang/String;Ljava/lang/String;Ljava/lang/String;[Ljava/lang/String;[Ljava/lang/String;[B)[Ljava/lang/String;
04-17 13:55:26.751  7702  7911 I Claw    : [0m[      10.123] ../../../../../../../../contrib/huuugeanalyticssdk/cpp/contrib/jni/JniAttach.hpp:148: JNI method acquired, try to call.
04-17 13:55:26.751  7702  7916 I Claw    : [0m[      10.124] jni/../jni/src/claw/vfs/posix/PosixFile.cpp:215: stat() failed for: /storage/emulated/0/Android/data/com.huuuge.stars.slots/files//assetcache/slots_classic_joker_background_2_etc2.pak.meta
04-17 13:55:26.751  7702  7916 I Claw    : [0m[      10.124] jni/../jni/src/claw/vfs/posix/PosixFile.cpp:215: stat() failed for: /storage/emulated/0/Android/data/com.huuuge.stars.slots/files//assetcache/slots_classic_joker_background_2_etc2.pak
04-17 13:55:26.751  7702  7916 I Claw    : [0m[      10.124] /home/jenkins/workspace/huuuge-stars/client-dev/hs-android/src/casino/DefaultDownloadManager.cpp:170: Pak md5 mismatch: zh_sound_roulette_vo_male.pak
04-17 13:55:26.751  7702  7929 I System.out: (HTTPLog)-Static: isSBSettingEnabled false
04-17 13:55:26.751  7702  7929 I System.out: (HTTPLog)-Static: isSBSettingEnabled false
04-17 13:55:26.751  7702  7916 I Claw    : [0m[      10.125] jni/../jni/src/claw/vfs/posix/PosixFile.cpp:215: stat() failed for: /storage/emulated/0/Android/data/com.huuuge.stars.slots/files//assetcache/zh_sound_roulette_vo_male.pak.meta
04-17 13:55:26.751  7702  7916 I Claw    : [0m[      10.125] jni/../jni/src/claw/vfs/posix/PosixFile.cpp:215: stat() failed for: /storage/emulated/0/Android/data/com.huuuge.stars.slots/files//assetcache/zh_sound_roulette_vo_male.pak
04-17 13:55:26.751  7702  7916 I Claw    : [0m[      10.125] /home/jenkins/workspace/huuuge-stars/client-dev/hs-android/src/casino/DefaultDownloadManager.cpp:170: Pak md5 mismatch: data-slots_frozen_wild.pak
04-17 13:55:26.751  2207  2769 D EnterpriseController: netId is 0
04-17 13:55:26.751  2207  2769 D Netd    : getNetworkForDns: using netid 502 for uid 10635
04-17 13:55:26.751  7702  7916 I Claw    : [0m[      10.126] jni/../jni/src/claw/vfs/posix/PosixFile.cpp:215: stat() failed for: /storage/emulated/0/Android/data/com.huuuge.stars.slots/files//assetcache/data-slots_frozen_wild.pak.meta
04-17 13:55:26.751  7702  7916 I Claw    : [0m[      10.126] jni/../jni/src/claw/vfs/posix/PosixFile.cpp:215: stat() failed for: /storage/emulated/0/Android/data/com.huuuge.stars.slots/files//assetcache/data-slots_frozen_wild.pak
04-17 13:55:26.751  7702  7916 I Claw    : [0m[      10.126] /home/jenkins/workspace/huuuge-stars/client-dev/hs-android/src/casino/DefaultDownloadManager.cpp:170: Pak md5 mismatch: video-slots_arctic_animals_stack.pak
04-17 13:55:26.751  7702  7916 I Claw    : [0m[      10.127] jni/../jni/src/claw/vfs/posix/PosixFile.cpp:215: stat() failed for: /storage/emulated/0/Android/data/com.huuuge.stars.slots/files//assetcache/video-slots_arctic_animals_stack.pak.meta
04-17 13:55:26.751  7702  7916 I Claw    : [0m[      10.127] jni/../jni/src/claw/vfs/posix/PosixFile.cpp:215: stat() failed for: /storage/emulated/0/Android/data/com.huuuge.stars.slots/files//assetcache/video-slots_arctic_animals_stack.pak
04-17 13:55:26.751  7702  7916 I Claw    : [0m[      10.127] /home/jenkins/workspace/huuuge-stars/client-dev/hs-android/src/casino/DefaultDownloadManager.cpp:170: Pak md5 mismatch: zh_atlas_baccarat_melbourne_2_etc2.pak
04-17 13:55:26.751  7702  7916 I Claw    : [0m[      10.128] jni/../jni/src/claw/vfs/posix/PosixFile.cpp:215: stat() failed for: /storage/emulated/0/Android/data/com.huuuge.stars.slots/files//assetcache/zh_atlas_baccarat_melbourne_2_etc2.pak.meta
04-17 13:55:26.751  7702  7916 I Claw    : [0m[      10.128] jni/../jni/src/claw/vfs/posix/PosixFile.cpp:215: stat() failed for: /storage/emulated/0/Android/data/com.huuuge.stars.slots/files//assetcache/zh_atlas_baccarat_melbourne_2_etc2.pak
04-17 13:55:26.751  7702  7916 I Claw    : [0m[      10.128] /home/jenkins/workspace/huuuge-stars/client-dev/hs-android/src/casino/DefaultDownloadManager.cpp:170: Pak md5 mismatch: music_titans.pak
04-17 13:55:26.751  7702  7916 I Claw    : [0m[      10.129] jni/../jni/src/claw/vfs/posix/PosixFile.cpp:215: stat() failed for: /storage/emulated/0/Android/data/com.huuuge.stars.slots/files//assetcache/music_titans.pak.meta
04-17 13:55:26.751  7702  7916 I Claw    : [0m[      10.129] jni/../jni/src/claw/vfs/posix/PosixFile.cpp:215: stat() failed for: /storage/emulated/0/Android/data/com.huuuge.stars.slots/files//assetcache/music_titans.pak
04-17 13:55:26.751  7702  7916 I Claw    : [0m[      10.129] /home/jenkins/workspace/huuuge-stars/client-dev/hs-android/src/casino/DefaultDownloadManager.cpp:170: Pak md5 mismatch: video-slots_aphrodite_symbols.pak
04-17 13:55:26.751  7702  7916 I Claw    : [0m[      10.129] jni/../jni/src/claw/vfs/posix/PosixFile.cpp:215: stat() failed for: /storage/emulated/0/Android/data/com.huuuge.stars.slots/files//assetcache/video-slots_aphrodite_symbols.pak.meta
04-17 13:55:26.751  7702  7916 I Claw    : [0m[      10.129] jni/../jni/src/claw/vfs/posix/PosixFile.cpp:215: stat() failed for: /storage/emulated/0/Android/data/com.huuuge.stars.slots/files//assetcache/video-slots_aphrodite_symbols.pak
04-17 13:55:26.751  7702  7916 I Claw    : [0m[      10.129] /home/jenkins/workspace/huuuge-stars/client-dev/hs-android/src/casino/DefaultDownloadManager.cpp:170: Pak md5 mismatch: slots_vikings_background_2_etc2.pak
04-17 13:55:26.751  7702  7916 I Claw    : [0m[       10.13] jni/../jni/src/claw/vfs/posix/PosixFile.cpp:215: stat() failed for: /storage/emulated/0/Android/data/com.huuuge.stars.slots/files//assetcache/slots_vikings_background_2_etc2.pak.meta
04-17 13:55:26.751  7702  7916 I Claw    : [0m[       10.13] jni/../jni/src/claw/vfs/posix/PosixFile.cpp:215: stat() failed for: /storage/emulated/0/Android/data/com.huuuge.stars.slots/files//assetcache/slots_vikings_background_2_etc2.pak
04-17 13:55:26.751  7702  7916 I Claw    : [0m[       10.13] /home/jenkins/workspace/huuuge-stars/client-dev/hs-android/src/casino/DefaultDownloadManager.cpp:170: Pak md5 mismatch: videopoker_bg_violet_2_etc2.pak
04-17 13:55:26.751  7702  7916 I Claw    : [0m[      10.131] jni/../jni/src/claw/vfs/posix/PosixFile.cpp:215: stat() failed for: /storage/emulated/0/Android/data/com.huuuge.stars.slots/files//assetcache/videopoker_bg_violet_2_etc2.pak.meta
04-17 13:55:26.751  7702  7916 I Claw    : [0m[      10.131] jni/../jni/src/claw/vfs/posix/PosixFile.cpp:215: stat() failed for: /storage/emulated/0/Android/data/com.huuuge.stars.slots/files//assetcache/videopoker_bg_violet_2_etc2.pak
04-17 13:55:26.751  7702  7916 I Claw    : [0m[      10.131] /home/jenkins/workspace/huuuge-stars/client-dev/hs-android/src/casino/DefaultDownloadManager.cpp:170: Pak md5 mismatch: ru_atlas2_2_etc2.pak
04-17 13:55:26.761  7702  7916 I Claw    : [0m[      10.132] jni/../jni/src/claw/vfs/posix/PosixFile.cpp:215: stat() failed for: /storage/emulated/0/Android/data/com.huuuge.stars.slots/files//assetcache/ru_atlas2_2_etc2.pak.meta
04-17 13:55:26.761  7702  7916 I Claw    : [0m[      10.132] jni/../jni/src/claw/vfs/posix/PosixFile.cpp:215: stat() failed for: /storage/emulated/0/Android/data/com.huuuge.stars.slots/files//assetcache/ru_atlas2_2_etc2.pak
04-17 13:55:26.761  7702  7916 I Claw    : [0m[      10.132] /home/jenkins/workspace/huuuge-stars/client-dev/hs-android/src/casino/DefaultDownloadManager.cpp:170: Pak md5 mismatch: videopoker_bg_violet_1_etc2.pak
04-17 13:55:26.761  7702  7916 I Claw    : [0m[      10.133] jni/../jni/src/claw/vfs/posix/PosixFile.cpp:215: stat() failed for: /storage/emulated/0/Android/data/com.huuuge.stars.slots/files//assetcache/videopoker_bg_violet_1_etc2.pak.meta
04-17 13:55:26.761  7702  7916 I Claw    : [0m[      10.133] jni/../jni/src/claw/vfs/posix/PosixFile.cpp:215: stat() failed for: /storage/emulated/0/Android/data/com.huuuge.stars.slots/files//assetcache/videopoker_bg_violet_1_etc2.pak
04-17 13:55:26.761  7702  7916 I Claw    : [0m[      10.133] /home/jenkins/workspace/huuuge-stars/client-dev/hs-android/src/casino/DefaultDownloadManager.cpp:170: Pak md5 mismatch: zh-TW_atlas_slots_disco_reels_1_etc2.pak
04-17 13:55:26.761  7702  7916 I Claw    : [0m[      10.134] jni/../jni/src/claw/vfs/posix/PosixFile.cpp:215: stat() failed for: /storage/emulated/0/Android/data/com.huuuge.stars.slots/files//assetcache/zh-TW_atlas_slots_disco_reels_1_etc2.pak.meta
04-17 13:55:26.761  7702  7916 I Claw    : [0m[      10.135] jni/../jni/src/claw/vfs/posix/PosixFile.cpp:215: stat() failed for: /storage/emulated/0/Android/data/com.huuuge.stars.slots/files//assetcache/zh-TW_atlas_slots_disco_reels_1_etc2.pak
04-17 13:55:26.761  7702  7916 I Claw    : [0m[      10.135] /home/jenkins/workspace/huuuge-stars/client-dev/hs-android/src/casino/DefaultDownloadManager.cpp:170: Pak md5 mismatch: videopoker_bg_violet_0_etc2.pak
04-17 13:55:26.761  7702  7916 I Claw    : [0m[      10.136] jni/../jni/src/claw/vfs/posix/PosixFile.cpp:215: stat() failed for: /storage/emulated/0/Android/data/com.huuuge.stars.slots/files//assetcache/videopoker_bg_violet_0_etc2.pak.meta
04-17 13:55:26.761  7702  7916 I Claw    : [0m[      10.136] jni/../jni/src/claw/vfs/posix/PosixFile.cpp:215: stat() failed for: /storage/emulated/0/Android/data/com.huuuge.stars.slots/files//assetcache/videopoker_bg_violet_0_etc2.pak
