05-23 12:22:33.744  2599  3122 D ConnectivityService: returning getNetworkInfo for network type 0 : [type: MOBILE[] - MOBILE, state: DISCONNECTED/DISCONNECTED, reason: (unspecified), extra: (none), roaming: false, failover: false, isAvailable: true]
05-23 12:22:34.114  2599  3495 D ConnectivityService: returning getNetworkInfo for network type 1 : [type: WIFI[] - WIFI, state: CONNECTED/CONNECTED, reason: (unspecified), extra: "HuuugeQA", roaming: false, failover: false, isAvailable: true]
05-23 12:22:34.114  2599  2613 D ConnectivityService: returning getNetworkInfo for network type 0 : [type: MOBILE[] - MOBILE, state: DISCONNECTED/DISCONNECTED, reason: (unspecified), extra: (none), roaming: false, failover: false, isAvailable: true]
05-23 12:22:34.164  2599  3267 D ConnectivityService: returning getNetworkInfo for network type 1 : [type: WIFI[] - WIFI, state: CONNECTED/CONNECTED, reason: (unspecified), extra: "HuuugeQA", roaming: false, failover: false, isAvailable: true]
05-23 12:22:34.164  2599  2615 D ConnectivityService: returning getNetworkInfo for network type 0 : [type: MOBILE[] - MOBILE, state: DISCONNECTED/DISCONNECTED, reason: (unspecified), extra: (none), roaming: false, failover: false, isAvailable: true]
05-23 12:22:34.434  2599  3327 E Watchdog: !@Sync 5363 [05-23 12:22:34.443]
05-23 12:22:34.544  2599  3638 D ConnectivityService: returning getNetworkInfo for network type 1 : [type: WIFI[] - WIFI, state: CONNECTED/CONNECTED, reason: (unspecified), extra: "HuuugeQA", roaming: false, failover: false, isAvailable: true]
05-23 12:22:34.544  2599  3434 D ConnectivityService: returning getNetworkInfo for network type 0 : [type: MOBILE[] - MOBILE, state: DISCONNECTED/DISCONNECTED, reason: (unspecified), extra: (none), roaming: false, failover: false, isAvailable: true]
05-23 12:22:34.604  2599  5906 D ConnectivityService: returning getNetworkInfo for network type 1 : [type: WIFI[] - WIFI, state: CONNECTED/CONNECTED, reason: (unspecified), extra: "HuuugeQA", roaming: false, failover: false, isAvailable: true]
05-23 12:22:34.604  2599  3495 D ConnectivityService: returning getNetworkInfo for network type 0 : [type: MOBILE[] - MOBILE, state: DISCONNECTED/DISCONNECTED, reason: (unspecified), extra: (none), roaming: false, failover: false, isAvailable: true]
05-23 12:22:34.654  2599  5940 D ConnectivityService: returning getNetworkInfo for network type 1 : [type: WIFI[] - WIFI, state: CONNECTED/CONNECTED, reason: (unspecified), extra: "HuuugeQA", roaming: false, failover: false, isAvailable: true]
05-23 12:22:34.654  2599  5799 D ConnectivityService: returning getNetworkInfo for network type 0 : [type: MOBILE[] - MOBILE, state: DISCONNECTED/DISCONNECTED, reason: (unspecified), extra: (none), roaming: false, failover: false, isAvailable: true]
05-23 12:22:35.044  2599  3011 V NetworkStats: performPollLocked(flags=0x1)
05-23 12:22:35.074  2599  3011 V NetworkStats: performPollLocked() took 29ms
05-23 12:22:35.174  2599  2615 D ConnectivityService: returning getNetworkInfo for network type 1 : [type: WIFI[] - WIFI, state: CONNECTED/CONNECTED, reason: (unspecified), extra: "HuuugeQA", roaming: false, failover: false, isAvailable: true]
05-23 12:22:35.174  2599  3267 D ConnectivityService: returning getNetworkInfo for network type 0 : [type: MOBILE[] - MOBILE, state: DISCONNECTED/DISCONNECTED, reason: (unspecified), extra: (none), roaming: false, failover: false, isAvailable: true]
05-23 12:22:35.214  2599  3371 D ConnectivityService: returning getNetworkInfo for network type 1 : [type: WIFI[] - WIFI, state: CONNECTED/CONNECTED, reason: (unspecified), extra: "HuuugeQA", roaming: false, failover: false, isAvailable: true]
05-23 12:22:35.214  2599  5907 D ConnectivityService: returning getNetworkInfo for network type 0 : [type: MOBILE[] - MOBILE, state: DISCONNECTED/DISCONNECTED, reason: (unspecified), extra: (none), roaming: false, failover: false, isAvailable: true]
05-23 12:22:35.584  2599  3638 D ConnectivityService: returning getNetworkInfo for network type 1 : [type: WIFI[] - WIFI, state: CONNECTED/CONNECTED, reason: (unspecified), extra: "HuuugeQA", roaming: false, failover: false, isAvailable: true]
05-23 12:22:35.584  2599  3434 D ConnectivityService: returning getNetworkInfo for network type 0 : [type: MOBILE[] - MOBILE, state: DISCONNECTED/DISCONNECTED, reason: (unspecified), extra: (none), roaming: false, failover: false, isAvailable: true]
05-23 12:22:35.634  2599  5906 D ConnectivityService: returning getNetworkInfo for network type 1 : [type: WIFI[] - WIFI, state: CONNECTED/CONNECTED, reason: (unspecified), extra: "HuuugeQA", roaming: false, failover: false, isAvailable: true]
05-23 12:22:35.634  2599  3495 D ConnectivityService: returning getNetworkInfo for network type 0 : [type: MOBILE[] - MOBILE, state: DISCONNECTED/DISCONNECTED, reason: (unspecified), extra: (none), roaming: false, failover: false, isAvailable: true]
05-23 12:22:35.914  2599  3011 V NetworkStats: performPollLocked(flags=0x1)
05-23 12:22:35.954  2599  3011 V NetworkStats: performPollLocked() took 34ms
05-23 12:22:36.204  2599  3120 D ConnectivityService: returning getNetworkInfo for network type 1 : [type: WIFI[] - WIFI, state: CONNECTED/CONNECTED, reason: (unspecified), extra: "HuuugeQA", roaming: false, failover: false, isAvailable: true]
05-23 12:22:36.214  2599  3371 D ConnectivityService: returning getNetworkInfo for network type 0 : [type: MOBILE[] - MOBILE, state: DISCONNECTED/DISCONNECTED, reason: (unspecified), extra: (none), roaming: false, failover: false, isAvailable: true]
05-23 12:22:36.254  2599  3496 D ConnectivityService: returning getNetworkInfo for network type 1 : [type: WIFI[] - WIFI, state: CONNECTED/CONNECTED, reason: (unspecified), extra: "HuuugeQA", roaming: false, failover: false, isAvailable: true]
05-23 12:22:36.254  2599  5906 D ConnectivityService: returning getNetworkInfo for network type 0 : [type: MOBILE[] - MOBILE, state: DISCONNECTED/DISCONNECTED, reason: (unspecified), extra: (none), roaming: false, failover: false, isAvailable: true]
05-23 12:22:36.304  2599  5940 D ConnectivityService: returning getNetworkInfo for network type 1 : [type: WIFI[] - WIFI, state: CONNECTED/CONNECTED, reason: (unspecified), extra: "HuuugeQA", roaming: false, failover: false, isAvailable: true]
05-23 12:22:36.304  2599  5799 D ConnectivityService: returning getNetworkInfo for network type 0 : [type: MOBILE[] - MOBILE, state: DISCONNECTED/DISCONNECTED, reason: (unspecified), extra: (none), roaming: false, failover: false, isAvailable: true]
05-23 12:22:36.554  2599  3434 D ConnectivityService: returning getNetworkInfo for network type 1 : [type: WIFI[] - WIFI, state: CONNECTED/CONNECTED, reason: (unspecified), extra: "HuuugeQA", roaming: false, failover: false, isAvailable: true]
05-23 12:22:36.554  2599  3122 D ConnectivityService: returning getNetworkInfo for network type 0 : [type: MOBILE[] - MOBILE, state: DISCONNECTED/DISCONNECTED, reason: (unspecified), extra: (none), roaming: false, failover: false, isAvailable: true]
05-23 12:22:36.594  2599  5906 D ConnectivityService: returning getNetworkInfo for network type 1 : [type: WIFI[] - WIFI, state: CONNECTED/CONNECTED, reason: (unspecified), extra: "HuuugeQA", roaming: false, failover: false, isAvailable: true]
05-23 12:22:36.594  2599  3495 D ConnectivityService: returning getNetworkInfo for network type 0 : [type: MOBILE[] - MOBILE, state: DISCONNECTED/DISCONNECTED, reason: (unspecified), extra: (none), roaming: false, failover: false, isAvailable: true]
05-23 12:22:36.654  2599  2615 D ConnectivityService: returning getNetworkInfo for network type 1 : [type: WIFI[] - WIFI, state: CONNECTED/CONNECTED, reason: (unspecified), extra: "HuuugeQA", roaming: false, failover: false, isAvailable: true]
05-23 12:22:36.654  2599  3267 D ConnectivityService: returning getNetworkInfo for network type 0 : [type: MOBILE[] - MOBILE, state: DISCONNECTED/DISCONNECTED, reason: (unspecified), extra: (none), roaming: false, failover: false, isAvailable: true]
05-23 12:22:37.044  2599  3371 D ConnectivityService: returning getNetworkInfo for network type 1 : [type: WIFI[] - WIFI, state: CONNECTED/CONNECTED, reason: (unspecified), extra: "HuuugeQA", roaming: false, failover: false, isAvailable: true]
05-23 12:22:37.044  2599  5907 D ConnectivityService: returning getNetworkInfo for network type 0 : [type: MOBILE[] - MOBILE, state: DISCONNECTED/DISCONNECTED, reason: (unspecified), extra: (none), roaming: false, failover: false, isAvailable: true]
05-23 12:22:37.094  2599  3434 D ConnectivityService: returning getNetworkInfo for network type 1 : [type: WIFI[] - WIFI, state: CONNECTED/CONNECTED, reason: (unspecified), extra: "HuuugeQA", roaming: false, failover: false, isAvailable: true]
05-23 12:22:37.094  2599  3496 D ConnectivityService: returning getNetworkInfo for network type 0 : [type: MOBILE[] - MOBILE, state: DISCONNECTED/DISCONNECTED, reason: (unspecified), extra: (none), roaming: false, failover: false, isAvailable: true]
05-23 12:22:37.194  2599  3011 V NetworkStats: performPollLocked(flags=0x1)
05-23 12:22:37.244  2599  3011 V NetworkStats: performPollLocked() took 52ms
05-23 12:22:37.334  2599  5906 D BatteryService: !@BatteryListener : batteryPropertiesChanged!
05-23 12:22:37.334  2599  5906 D BatteryService: level:100, scale:100, status:5, health:2, present:true, voltage: 4306, temperature: 376, technology: Li-ion, AC powered:false, USB powered:true, POGO powered:false, Wireless powered:false, icon:17303500, invalid charger:0, maxChargingCurrent:0
05-23 12:22:37.334  2599  5906 D BatteryService: online:6, current avg:-20, charge type:0, power sharing:false, high voltage charger:false, capacity:280000, batterySWSelfDischarging:false, current_now:-10
05-23 12:22:37.334  2599  2599 D BatteryService: Sending ACTION_BATTERY_CHANGED.
05-23 12:22:37.334  2599  2599 I MotionRecognitionService: Plugged
05-23 12:22:37.334  2599  2599 D MotionRecognitionService:   cableConnection= 1
05-23 12:22:37.334  2599  2599 D MotionRecognitionService: setPowerConnected | current backoff  = 1024 , state =1024
05-23 12:22:37.334  2599  2599 D MotionRecognitionService: skip setTransmitPower. 
05-23 12:22:37.334  2599  2599 D GameManagerService: new battery level: 100
05-23 12:22:37.334  3091  3091 D PowerUI : priorPlugType = 2 mPlugType =  2
05-23 12:22:37.344  3091  3091 D BatteryMeterView: ACTION_BATTERY_CHANGED : level:100 status:5 health:2
05-23 12:22:37.364  3091  3091 D BatteryMeterView: ACTION_BATTERY_CHANGED : level:100 status:5 health:2
05-23 12:22:37.464  2599  5799 D ConnectivityService: returning getNetworkInfo for network type 1 : [type: WIFI[] - WIFI, state: CONNECTED/CONNECTED, reason: (unspecified), extra: "HuuugeQA", roaming: false, failover: false, isAvailable: true]
05-23 12:22:37.464  2599  2615 D ConnectivityService: returning getNetworkInfo for network type 0 : [type: MOBILE[] - MOBILE, state: DISCONNECTED/DISCONNECTED, reason: (unspecified), extra: (none), roaming: false, failover: false, isAvailable: true]
05-23 12:22:37.514  2599  3120 D ConnectivityService: returning getNetworkInfo for network type 1 : [type: WIFI[] - WIFI, state: CONNECTED/CONNECTED, reason: (unspecified), extra: "HuuugeQA", roaming: false, failover: false, isAvailable: true]
05-23 12:22:37.524  2599  3371 D ConnectivityService: returning getNetworkInfo for network type 0 : [type: MOBILE[] - MOBILE, state: DISCONNECTED/DISCONNECTED, reason: (unspecified), extra: (none), roaming: false, failover: false, isAvailable: true]
05-23 12:22:37.874  2599  3120 D ConnectivityService: returning getNetworkInfo for network type 1 : [type: WIFI[] - WIFI, state: CONNECTED/CONNECTED, reason: (unspecified), extra: "HuuugeQA", roaming: false, failover: false, isAvailable: true]
05-23 12:22:37.874  2599  3371 D ConnectivityService: returning getNetworkInfo for network type 0 : [type: MOBILE[] - MOBILE, state: DISCONNECTED/DISCONNECTED, reason: (unspecified), extra: (none), roaming: false, failover: false, isAvailable: true]
05-23 12:22:37.924  2599  3638 D ConnectivityService: returning getNetworkInfo for network type 1 : [type: WIFI[] - WIFI, state: CONNECTED/CONNECTED, reason: (unspecified), extra: "HuuugeQA", roaming: false, failover: false, isAvailable: true]
05-23 12:22:37.924  2599  3434 D ConnectivityService: returning getNetworkInfo for network type 0 : [type: MOBILE[] - MOBILE, state: DISCONNECTED/DISCONNECTED, reason: (unspecified), extra: (none), roaming: false, failover: false, isAvailable: true]
05-23 12:22:38.214  2599  3011 V NetworkStats: performPollLocked(flags=0x1)
05-23 12:22:38.244  2599  3011 V NetworkStats: performPollLocked() took 32ms
05-23 12:22:38.294  2599  3122 D ConnectivityService: returning getNetworkInfo for network type 1 : [type: WIFI[] - WIFI, state: CONNECTED/CONNECTED, reason: (unspecified), extra: "HuuugeQA", roaming: false, failover: false, isAvailable: true]
05-23 12:22:38.294  2599  3496 D ConnectivityService: returning getNetworkInfo for network type 0 : [type: MOBILE[] - MOBILE, state: DISCONNECTED/DISCONNECTED, reason: (unspecified), extra: (none), roaming: false, failover: false, isAvailable: true]
05-23 12:22:38.334  2599  5298 D SSRM:w  : SIOP:: AP = 540, PST = 549 (W:14), CUR = -13, LCD = 32
05-23 12:22:38.334  2599  5298 D ConnectivityService: returning getNetworkInfo for network type 1 : [type: WIFI[] - WIFI, state: CONNECTED/CONNECTED, reason: (unspecified), extra: "HuuugeQA", roaming: false, failover: false, isAvailable: true]
05-23 12:22:38.344  2599  3267 D ConnectivityService: returning getNetworkInfo for network type 1 : [type: WIFI[] - WIFI, state: CONNECTED/CONNECTED, reason: (unspecified), extra: "HuuugeQA", roaming: false, failover: false, isAvailable: true]
05-23 12:22:38.344  2599  3134 D ConnectivityService: returning getNetworkInfo for network type 0 : [type: MOBILE[] - MOBILE, state: DISCONNECTED/DISCONNECTED, reason: (unspecified), extra: (none), roaming: false, failover: false, isAvailable: true]
05-23 12:22:38.894  2599  5799 D ConnectivityService: returning getNetworkInfo for network type 1 : [type: WIFI[] - WIFI, state: CONNECTED/CONNECTED, reason: (unspecified), extra: "HuuugeQA", roaming: false, failover: false, isAvailable: true]
05-23 12:22:38.894  2599  5940 D ConnectivityService: returning getNetworkInfo for network type 0 : [type: MOBILE[] - MOBILE, state: DISCONNECTED/DISCONNECTED, reason: (unspecified), extra: (none), roaming: false, failover: false, isAvailable: true]
05-23 12:22:38.944  2599  3134 D ConnectivityService: returning getNetworkInfo for network type 1 : [type: WIFI[] - WIFI, state: CONNECTED/CONNECTED, reason: (unspecified), extra: "HuuugeQA", roaming: false, failover: false, isAvailable: true]
05-23 12:22:38.944  2599  3371 D ConnectivityService: returning getNetworkInfo for network type 0 : [type: MOBILE[] - MOBILE, state: DISCONNECTED/DISCONNECTED, reason: (unspecified), extra: (none), roaming: false, failover: false, isAvailable: true]
05-23 12:22:39.164  2599  3011 V NetworkStats: performPollLocked(flags=0x1)
05-23 12:22:39.204  2599  3011 V NetworkStats: performPollLocked() took 49ms
05-23 12:22:39.314  2599  3434 D ConnectivityService: returning getNetworkInfo for network type 1 : [type: WIFI[] - WIFI, state: CONNECTED/CONNECTED, reason: (unspecified), extra: "HuuugeQA", roaming: false, failover: false, isAvailable: true]
05-23 12:22:39.314  2599  5906 D ConnectivityService: returning getNetworkInfo for network type 0 : [type: MOBILE[] - MOBILE, state: DISCONNECTED/DISCONNECTED, reason: (unspecified), extra: (none), roaming: false, failover: false, isAvailable: true]
05-23 12:22:39.354  2599  3495 D ConnectivityService: returning getNetworkInfo for network type 1 : [type: WIFI[] - WIFI, state: CONNECTED/CONNECTED, reason: (unspecified), extra: "HuuugeQA", roaming: false, failover: false, isAvailable: true]
05-23 12:22:39.354  2599  2613 D ConnectivityService: returning getNetworkInfo for network type 0 : [type: MOBILE[] - MOBILE, state: DISCONNECTED/DISCONNECTED, reason: (unspecified), extra: (none), roaming: false, failover: false, isAvailable: true]
05-23 12:22:39.724  2599  5940 D ConnectivityService: returning getNetworkInfo for network type 1 : [type: WIFI[] - WIFI, state: CONNECTED/CONNECTED, reason: (unspecified), extra: "HuuugeQA", roaming: false, failover: false, isAvailable: true]
05-23 12:22:39.724  2599  3267 D ConnectivityService: returning getNetworkInfo for network type 0 : [type: MOBILE[] - MOBILE, state: DISCONNECTED/DISCONNECTED, reason: (unspecified), extra: (none), roaming: false, failover: false, isAvailable: true]
05-23 12:22:39.774  2599  3371 D ConnectivityService: returning getNetworkInfo for network type 1 : [type: WIFI[] - WIFI, state: CONNECTED/CONNECTED, reason: (unspecified), extra: "HuuugeQA", roaming: false, failover: false, isAvailable: true]
05-23 12:22:39.774  2599  5907 D ConnectivityService: returning getNetworkInfo for network type 0 : [type: MOBILE[] - MOBILE, state: DISCONNECTED/DISCONNECTED, reason: (unspecified), extra: (none), roaming: false, failover: false, isAvailable: true]
05-23 12:22:40.164  2599  3503 D ConnectivityService: returning getNetworkInfo for network type 1 : [type: WIFI[] - WIFI, state: CONNECTED/CONNECTED, reason: (unspecified), extra: "HuuugeQA", roaming: false, failover: false, isAvailable: true]
05-23 12:22:40.164  2599  3638 D ConnectivityService: returning getNetworkInfo for network type 0 : [type: MOBILE[] - MOBILE, state: DISCONNECTED/DISCONNECTED, reason: (unspecified), extra: (none), roaming: false, failover: false, isAvailable: true]
05-23 12:22:40.214  2599  3122 D ConnectivityService: returning getNetworkInfo for network type 1 : [type: WIFI[] - WIFI, state: CONNECTED/CONNECTED, reason: (unspecified), extra: "HuuugeQA", roaming: false, failover: false, isAvailable: true]
05-23 12:22:40.214  2599  3496 D ConnectivityService: returning getNetworkInfo for network type 0 : [type: MOBILE[] - MOBILE, state: DISCONNECTED/DISCONNECTED, reason: (unspecified), extra: (none), roaming: false, failover: false, isAvailable: true]
05-23 12:22:40.424  2599  3011 V NetworkStats: performPollLocked(flags=0x1)
05-23 12:22:40.464  2599  3011 V NetworkStats: performPollLocked() took 45ms
05-23 12:22:40.594  2599  3371 D ConnectivityService: returning getNetworkInfo for network type 1 : [type: WIFI[] - WIFI, state: CONNECTED/CONNECTED, reason: (unspecified), extra: "HuuugeQA", roaming: false, failover: false, isAvailable: true]
05-23 12:22:40.594  2599  5907 D ConnectivityService: returning getNetworkInfo for network type 0 : [type: MOBILE[] - MOBILE, state: DISCONNECTED/DISCONNECTED, reason: (unspecified), extra: (none), roaming: false, failover: false, isAvailable: true]
05-23 12:22:40.644  2599  3434 D ConnectivityService: returning getNetworkInfo for network type 1 : [type: WIFI[] - WIFI, state: CONNECTED/CONNECTED, reason: (unspecified), extra: "HuuugeQA", roaming: false, failover: false, isAvailable: true]
05-23 12:22:40.644  2599  3122 D ConnectivityService: returning getNetworkInfo for network type 0 : [type: MOBILE[] - MOBILE, state: DISCONNECTED/DISCONNECTED, reason: (unspecified), extra: (none), roaming: false, failover: false, isAvailable: true]
05-23 12:22:40.694  2599  5906 D ConnectivityService: returning getNetworkInfo for network type 1 : [type: WIFI[] - WIFI, state: CONNECTED/CONNECTED, reason: (unspecified), extra: "HuuugeQA", roaming: false, failover: false, isAvailable: true]
05-23 12:22:40.694  2599  3496 D ConnectivityService: returning getNetworkInfo for network type 0 : [type: MOBILE[] - MOBILE, state: DISCONNECTED/DISCONNECTED, reason: (unspecified), extra: (none), roaming: false, failover: false, isAvailable: true]
05-23 12:22:41.014  2599  3371 D ConnectivityService: returning getNetworkInfo for network type 1 : [type: WIFI[] - WIFI, state: CONNECTED/CONNECTED, reason: (unspecified), extra: "HuuugeQA", roaming: false, failover: false, isAvailable: true]
05-23 12:22:41.014  2599  5907 D ConnectivityService: returning getNetworkInfo for network type 0 : [type: MOBILE[] - MOBILE, state: DISCONNECTED/DISCONNECTED, reason: (unspecified), extra: (none), roaming: false, failover: false, isAvailable: true]
05-23 12:22:41.074  2599  3434 D ConnectivityService: returning getNetworkInfo for network type 1 : [type: WIFI[] - WIFI, state: CONNECTED/CONNECTED, reason: (unspecified), extra: "HuuugeQA", roaming: false, failover: false, isAvailable: true]
05-23 12:22:41.074  2599  3122 D ConnectivityService: returning getNetworkInfo for network type 0 : [type: MOBILE[] - MOBILE, state: DISCONNECTED/DISCONNECTED, reason: (unspecified), extra: (none), roaming: false, failover: false, isAvailable: true]
05-23 12:22:42.084  2599  3011 V NetworkStats: performPollLocked(flags=0x1)
05-23 12:22:42.124  2599  3011 V NetworkStats: performPollLocked() took 40ms
05-23 12:22:42.794  2599  3434 D ConnectivityService: returning getNetworkInfo for network type 1 : [type: WIFI[] - WIFI, state: CONNECTED/CONNECTED, reason: (unspecified), extra: "HuuugeQA", roaming: false, failover: false, isAvailable: true]
05-23 12:22:42.794  2599  3122 D ConnectivityService: returning getNetworkInfo for network type 0 : [type: MOBILE[] - MOBILE, state: DISCONNECTED/DISCONNECTED, reason: (unspecified), extra: (none), roaming: false, failover: false, isAvailable: true]
05-23 12:22:42.934  2599  3011 V NetworkStats: performPollLocked(flags=0x1)
05-23 12:22:42.964  2599  3011 V NetworkStats: performPollLocked() took 26ms
05-23 12:22:43.184  2599  3434 D ConnectivityService: returning getNetworkInfo for network type 1 : [type: WIFI[] - WIFI, state: CONNECTED/CONNECTED, reason: (unspecified), extra: "HuuugeQA", roaming: false, failover: false, isAvailable: true]
05-23 12:22:43.184  2599  3122 D ConnectivityService: returning getNetworkInfo for network type 0 : [type: MOBILE[] - MOBILE, state: DISCONNECTED/DISCONNECTED, reason: (unspecified), extra: (none), roaming: false, failover: false, isAvailable: true]
05-23 12:22:43.914  2599  3122 D ConnectivityService: returning getNetworkInfo for network type 1 : [type: WIFI[] - WIFI, state: CONNECTED/CONNECTED, reason: (unspecified), extra: "HuuugeQA", roaming: false, failover: false, isAvailable: true]
05-23 12:22:43.914  2599  3496 D ConnectivityService: returning getNetworkInfo for network type 0 : [type: MOBILE[] - MOBILE, state: DISCONNECTED/DISCONNECTED, reason: (unspecified), extra: (none), roaming: false, failover: false, isAvailable: true]
05-23 12:22:43.964  2599  2613 D ConnectivityService: returning getNetworkInfo for network type 1 : [type: WIFI[] - WIFI, state: CONNECTED/CONNECTED, reason: (unspecified), extra: "HuuugeQA", roaming: false, failover: false, isAvailable: true]
05-23 12:22:43.964  2599  5799 D ConnectivityService: returning getNetworkInfo for network type 0 : [type: MOBILE[] - MOBILE, state: DISCONNECTED/DISCONNECTED, reason: (unspecified), extra: (none), roaming: false, failover: false, isAvailable: true]
05-23 12:22:44.114  2599  3011 V NetworkStats: performPollLocked(flags=0x1)
05-23 12:22:44.144  2599  3011 V NetworkStats: performPollLocked() took 33ms
05-23 12:22:44.534  2599  3434 D ConnectivityService: returning getNetworkInfo for network type 1 : [type: WIFI[] - WIFI, state: CONNECTED/CONNECTED, reason: (unspecified), extra: "HuuugeQA", roaming: false, failover: false, isAvailable: true]
05-23 12:22:44.534  2599  3122 D ConnectivityService: returning getNetworkInfo for network type 0 : [type: MOBILE[] - MOBILE, state: DISCONNECTED/DISCONNECTED, reason: (unspecified), extra: (none), roaming: false, failover: false, isAvailable: true]
05-23 12:22:44.594  2599  3495 D ConnectivityService: returning getNetworkInfo for network type 1 : [type: WIFI[] - WIFI, state: CONNECTED/CONNECTED, reason: (unspecified), extra: "HuuugeQA", roaming: false, failover: false, isAvailable: true]
05-23 12:22:44.594  2599  2613 D ConnectivityService: returning getNetworkInfo for network type 0 : [type: MOBILE[] - MOBILE, state: DISCONNECTED/DISCONNECTED, reason: (unspecified), extra: (none), roaming: false, failover: false, isAvailable: true]
05-23 12:22:44.964  2599  3495 D ConnectivityService: returning getNetworkInfo for network type 1 : [type: WIFI[] - WIFI, state: CONNECTED/CONNECTED, reason: (unspecified), extra: "HuuugeQA", roaming: false, failover: false, isAvailable: true]
05-23 12:22:44.964  2599  2613 D ConnectivityService: returning getNetworkInfo for network type 0 : [type: MOBILE[] - MOBILE, state: DISCONNECTED/DISCONNECTED, reason: (unspecified), extra: (none), roaming: false, failover: false, isAvailable: true]
05-23 12:22:45.024  2599  3267 D ConnectivityService: returning getNetworkInfo for network type 1 : [type: WIFI[] - WIFI, state: CONNECTED/CONNECTED, reason: (unspecified), extra: "HuuugeQA", roaming: false, failover: false, isAvailable: true]
05-23 12:22:45.024  2599  5940 D ConnectivityService: returning getNetworkInfo for network type 0 : [type: MOBILE[] - MOBILE, state: DISCONNECTED/DISCONNECTED, reason: (unspecified), extra: (none), roaming: false, failover: false, isAvailable: true]
05-23 12:22:45.154  2599  3011 V NetworkStats: performPollLocked(flags=0x1)
05-23 12:22:45.204  2599  3011 V NetworkStats: performPollLocked() took 44ms
05-23 12:22:45.574  2599  3122 D ConnectivityService: returning getNetworkInfo for network type 1 : [type: WIFI[] - WIFI, state: CONNECTED/CONNECTED, reason: (unspecified), extra: "HuuugeQA", roaming: false, failover: false, isAvailable: true]
05-23 12:22:45.574  2599  5906 D ConnectivityService: returning getNetworkInfo for network type 0 : [type: MOBILE[] - MOBILE, state: DISCONNECTED/DISCONNECTED, reason: (unspecified), extra: (none), roaming: false, failover: false, isAvailable: true]
05-23 12:22:45.634  2599  2613 D ConnectivityService: returning getNetworkInfo for network type 1 : [type: WIFI[] - WIFI, state: CONNECTED/CONNECTED, reason: (unspecified), extra: "HuuugeQA", roaming: false, failover: false, isAvailable: true]
05-23 12:22:45.634  2599  5799 D ConnectivityService: returning getNetworkInfo for network type 0 : [type: MOBILE[] - MOBILE, state: DISCONNECTED/DISCONNECTED, reason: (unspecified), extra: (none), roaming: false, failover: false, isAvailable: true]
05-23 12:22:45.834  2599  3011 V NetworkStats: performPollLocked(flags=0x1)
05-23 12:22:45.864  2599  3011 V NetworkStats: performPollLocked() took 28ms
05-23 12:22:46.004  2599  2613 D ConnectivityService: returning getNetworkInfo for network type 1 : [type: WIFI[] - WIFI, state: CONNECTED/CONNECTED, reason: (unspecified), extra: "HuuugeQA", roaming: false, failover: false, isAvailable: true]
05-23 12:22:46.004  2599  5799 D ConnectivityService: returning getNetworkInfo for network type 0 : [type: MOBILE[] - MOBILE, state: DISCONNECTED/DISCONNECTED, reason: (unspecified), extra: (none), roaming: false, failover: false, isAvailable: true]
05-23 12:22:46.064  2599  5940 D ConnectivityService: returning getNetworkInfo for network type 1 : [type: WIFI[] - WIFI, state: CONNECTED/CONNECTED, reason: (unspecified), extra: "HuuugeQA", roaming: false, failover: false, isAvailable: true]
05-23 12:22:46.064  2599  3120 D ConnectivityService: returning getNetworkInfo for network type 0 : [type: MOBILE[] - MOBILE, state: DISCONNECTED/DISCONNECTED, reason: (unspecified), extra: (none), roaming: false, failover: false, isAvailable: true]
05-23 12:22:46.424  2599  3371 D ConnectivityService: returning getNetworkInfo for network type 1 : [type: WIFI[] - WIFI, state: CONNECTED/CONNECTED, reason: (unspecified), extra: "HuuugeQA", roaming: false, failover: false, isAvailable: true]
05-23 12:22:46.424  2599  5907 D ConnectivityService: returning getNetworkInfo for network type 0 : [type: MOBILE[] - MOBILE, state: DISCONNECTED/DISCONNECTED, reason: (unspecified), extra: (none), roaming: false, failover: false, isAvailable: true]
05-23 12:22:46.484  2599  3434 D ConnectivityService: returning getNetworkInfo for network type 1 : [type: WIFI[] - WIFI, state: CONNECTED/CONNECTED, reason: (unspecified), extra: "HuuugeQA", roaming: false, failover: false, isAvailable: true]
05-23 12:22:46.484  2599  3122 D ConnectivityService: returning getNetworkInfo for network type 0 : [type: MOBILE[] - MOBILE, state: DISCONNECTED/DISCONNECTED, reason: (unspecified), extra: (none), roaming: false, failover: false, isAvailable: true]
05-23 12:22:47.054  2599  3011 V NetworkStats: performPollLocked(flags=0x1)
05-23 12:22:47.084  2599  3011 V NetworkStats: performPollLocked() took 36ms
05-23 12:22:47.444  2599  5799 D ConnectivityService: returning getNetworkInfo for network type 1 : [type: WIFI[] - WIFI, state: CONNECTED/CONNECTED, reason: (unspecified), extra: "HuuugeQA", roaming: false, failover: false, isAvailable: true]
05-23 12:22:47.454  2599  3267 D ConnectivityService: returning getNetworkInfo for network type 0 : [type: MOBILE[] - MOBILE, state: DISCONNECTED/DISCONNECTED, reason: (unspecified), extra: (none), roaming: false, failover: false, isAvailable: true]
05-23 12:22:47.854  2599  2615 D ConnectivityService: returning getNetworkInfo for network type 1 : [type: WIFI[] - WIFI, state: CONNECTED/CONNECTED, reason: (unspecified), extra: "HuuugeQA", roaming: false, failover: false, isAvailable: true]
05-23 12:22:47.854  2599  3267 D ConnectivityService: returning getNetworkInfo for network type 0 : [type: MOBILE[] - MOBILE, state: DISCONNECTED/DISCONNECTED, reason: (unspecified), extra: (none), roaming: false, failover: false, isAvailable: true]
05-23 12:22:47.904  2599  3134 D ConnectivityService: returning getNetworkInfo for network type 1 : [type: WIFI[] - WIFI, state: CONNECTED/CONNECTED, reason: (unspecified), extra: "HuuugeQA", roaming: false, failover: false, isAvailable: true]
05-23 12:22:47.904  2599  3371 D ConnectivityService: returning getNetworkInfo for network type 0 : [type: MOBILE[] - MOBILE, state: DISCONNECTED/DISCONNECTED, reason: (unspecified), extra: (none), roaming: false, failover: false, isAvailable: true]
05-23 12:22:48.114  2599  3011 V NetworkStats: performPollLocked(flags=0x1)
05-23 12:22:48.154  2599  3011 V NetworkStats: performPollLocked() took 43ms
05-23 12:22:48.264  2599  3267 D ConnectivityService: returning getNetworkInfo for network type 1 : [type: WIFI[] - WIFI, state: CONNECTED/CONNECTED, reason: (unspecified), extra: "HuuugeQA", roaming: false, failover: false, isAvailable: true]
05-23 12:22:48.264  2599  3120 D ConnectivityService: returning getNetworkInfo for network type 0 : [type: MOBILE[] - MOBILE, state: DISCONNECTED/DISCONNECTED, reason: (unspecified), extra: (none), roaming: false, failover: false, isAvailable: true]
05-23 12:22:48.324  2599  3638 D ConnectivityService: returning getNetworkInfo for network type 1 : [type: WIFI[] - WIFI, state: CONNECTED/CONNECTED, reason: (unspecified), extra: "HuuugeQA", roaming: false, failover: false, isAvailable: true]
05-23 12:22:48.324  2599  3434 D ConnectivityService: returning getNetworkInfo for network type 0 : [type: MOBILE[] - MOBILE, state: DISCONNECTED/DISCONNECTED, reason: (unspecified), extra: (none), roaming: false, failover: false, isAvailable: true]
05-23 12:22:48.404  2599  5298 D SSRM:w  : SIOP:: AP = 540, PST = 547 (W:16), CUR = -10, LCD = 32
05-23 12:22:48.414  2599  5298 D ConnectivityService: returning getNetworkInfo for network type 1 : [type: WIFI[] - WIFI, state: CONNECTED/CONNECTED, reason: (unspecified), extra: "HuuugeQA", roaming: false, failover: false, isAvailable: true]
05-23 12:22:48.774  2599  3011 V NetworkStats: performPollLocked(flags=0x1)
05-23 12:22:48.804  2599  3011 V NetworkStats: performPollLocked() took 26ms
05-23 12:22:48.894  2599  3495 D ConnectivityService: returning getNetworkInfo for network type 1 : [type: WIFI[] - WIFI, state: CONNECTED/CONNECTED, reason: (unspecified), extra: "HuuugeQA", roaming: false, failover: false, isAvailable: true]
05-23 12:22:48.894  2599  2613 D ConnectivityService: returning getNetworkInfo for network type 0 : [type: MOBILE[] - MOBILE, state: DISCONNECTED/DISCONNECTED, reason: (unspecified), extra: (none), roaming: false, failover: false, isAvailable: true]
05-23 12:22:48.954  2599  2615 D ConnectivityService: returning getNetworkInfo for network type 1 : [type: WIFI[] - WIFI, state: CONNECTED/CONNECTED, reason: (unspecified), extra: "HuuugeQA", roaming: false, failover: false, isAvailable: true]
05-23 12:22:48.954  2599  3267 D ConnectivityService: returning getNetworkInfo for network type 0 : [type: MOBILE[] - MOBILE, state: DISCONNECTED/DISCONNECTED, reason: (unspecified), extra: (none), roaming: false, failover: false, isAvailable: true]
05-23 12:22:49.304  2599  2615 D ConnectivityService: returning getNetworkInfo for network type 1 : [type: WIFI[] - WIFI, state: CONNECTED/CONNECTED, reason: (unspecified), extra: "HuuugeQA", roaming: false, failover: false, isAvailable: true]
05-23 12:22:49.314  2599  3120 D ConnectivityService: returning getNetworkInfo for network type 0 : [type: MOBILE[] - MOBILE, state: DISCONNECTED/DISCONNECTED, reason: (unspecified), extra: (none), roaming: false, failover: false, isAvailable: true]
05-23 12:22:49.364  2599  3371 D ConnectivityService: returning getNetworkInfo for network type 1 : [type: WIFI[] - WIFI, state: CONNECTED/CONNECTED, reason: (unspecified), extra: "HuuugeQA", roaming: false, failover: false, isAvailable: true]
05-23 12:22:49.374  2599  3503 D ConnectivityService: returning getNetworkInfo for network type 0 : [type: MOBILE[] - MOBILE, state: DISCONNECTED/DISCONNECTED, reason: (unspecified), extra: (none), roaming: false, failover: false, isAvailable: true]
05-23 12:22:49.744  2599  3134 D ConnectivityService: returning getNetworkInfo for network type 1 : [type: WIFI[] - WIFI, state: CONNECTED/CONNECTED, reason: (unspecified), extra: "HuuugeQA", roaming: false, failover: false, isAvailable: true]
05-23 12:22:49.744  2599  3371 D ConnectivityService: returning getNetworkInfo for network type 0 : [type: MOBILE[] - MOBILE, state: DISCONNECTED/DISCONNECTED, reason: (unspecified), extra: (none), roaming: false, failover: false, isAvailable: true]
05-23 12:22:49.784  2599  3638 D ConnectivityService: returning getNetworkInfo for network type 1 : [type: WIFI[] - WIFI, state: CONNECTED/CONNECTED, reason: (unspecified), extra: "HuuugeQA", roaming: false, failover: false, isAvailable: true]
05-23 12:22:49.784  2599  3434 D ConnectivityService: returning getNetworkInfo for network type 0 : [type: MOBILE[] - MOBILE, state: DISCONNECTED/DISCONNECTED, reason: (unspecified), extra: (none), roaming: false, failover: false, isAvailable: true]
--------- beginning of main
05-23 12:22:49.904 29266 30273 I Claw    : [0m[        96.9] [30;1mjni/../jni/src/claw/vfs/NativeMount.cpp:245: JNI class acquired, acquire java method: GetFreeDiskSpace with args: (Ljava/lang/String;)J
05-23 12:22:49.914 29266 30273 I Claw    : [0m[      96.909] [30;1mjni/../jni/src/claw/vfs/NativeMount.cpp:245: Aquire java class for JNI method: com/Claw/Android/NativeMount
05-23 12:22:49.914 29266 30273 I Claw    : [0m[      96.909] [30;1mjni/../jni/src/claw/vfs/NativeMount.cpp:245: JNI class acquired, acquire java method: GetFreeDiskSpace with args: (Ljava/lang/String;)J
05-23 12:22:49.914 29266 30273 I Claw    : [0m[      96.914] [30;1mjni/../jni/src/claw/vfs/NativeMount.cpp:245: Aquire java class for JNI method: com/Claw/Android/NativeMount
05-23 12:22:49.914 29266 30273 I Claw    : [0m[      96.914] [30;1mjni/../jni/src/claw/vfs/NativeMount.cpp:245: JNI class acquired, acquire java method: GetFreeDiskSpace with args: (Ljava/lang/String;)J
05-23 12:22:49.924 29266 30273 I Claw    : [0m[      96.918] [30;1mjni/../jni/src/claw/vfs/NativeMount.cpp:245: Aquire java class for JNI method: com/Claw/Android/NativeMount
05-23 12:22:49.924 29266 30273 I Claw    : [0m[      96.918] [30;1mjni/../jni/src/claw/vfs/NativeMount.cpp:245: JNI class acquired, acquire java method: GetFreeDiskSpace with args: (Ljava/lang/String;)J
05-23 12:22:49.924 29266 30273 I Claw    : [0m[      96.922] [30;1mjni/../jni/src/claw/vfs/NativeMount.cpp:245: Aquire java class for JNI method: com/Claw/Android/NativeMount
05-23 12:22:49.924 29266 30273 I Claw    : [0m[      96.922] [30;1mjni/../jni/src/claw/vfs/NativeMount.cpp:245: JNI class acquired, acquire java method: GetFreeDiskSpace with args: (Ljava/lang/String;)J
05-23 12:22:49.924 29266 30273 I Claw    : [0m[      96.925] [30;1mjni/../jni/src/claw/vfs/NativeMount.cpp:245: Aquire java class for JNI method: com/Claw/Android/NativeMount
05-23 12:22:49.924 29266 30273 I Claw    : [0m[      96.925] [30;1mjni/../jni/src/claw/vfs/NativeMount.cpp:245: JNI class acquired, acquire java method: GetFreeDiskSpace with args: (Ljava/lang/String;)J
05-23 12:22:49.944 29266 30273 I Claw    : [0m[      96.938] [30;1mjni/../jni/src/claw/vfs/NativeMount.cpp:245: Aquire java class for JNI method: com/Claw/Android/NativeMount
05-23 12:22:49.944 29266 30273 I Claw    : [0m[      96.938] [30;1mjni/../jni/src/claw/vfs/NativeMount.cpp:245: JNI class acquired, acquire java method: GetFreeDiskSpace with args: (Ljava/lang/String;)J
05-23 12:22:49.944 29266 30273 I Claw    : [0m[       96.94] [30;1mjni/../jni/src/claw/vfs/NativeMount.cpp:245: Aquire java class for JNI method: com/Claw/Android/NativeMount
05-23 12:22:49.944 29266 30273 I Claw    : [0m[       96.94] [30;1mjni/../jni/src/claw/vfs/NativeMount.cpp:245: JNI class acquired, acquire java method: GetFreeDiskSpace with args: (Ljava/lang/String;)J
05-23 12:22:49.944 29266 30273 I Claw    : [0m[      96.944] [30;1mjni/../jni/src/claw/vfs/NativeMount.cpp:245: Aquire java class for JNI method: com/Claw/Android/NativeMount
05-23 12:22:49.944 29266 30273 I Claw    : [0m[      96.944] [30;1mjni/../jni/src/claw/vfs/NativeMount.cpp:245: JNI class acquired, acquire java method: GetFreeDiskSpace with args: (Ljava/lang/String;)J
05-23 12:22:49.954 29266 30273 I Claw    : [0m[      96.946] [30;1mjni/../jni/src/claw/vfs/NativeMount.cpp:245: Aquire java class for JNI method: com/Claw/Android/NativeMount
05-23 12:22:49.954 29266 30273 I Claw    : [0m[      96.946] [30;1mjni/../jni/src/claw/vfs/NativeMount.cpp:245: JNI class acquired, acquire java method: GetFreeDiskSpace with args: (Ljava/lang/String;)J
05-23 12:22:49.954 29266 30273 I Claw    : [0m[      96.948] [30;1mjni/../jni/src/claw/vfs/NativeMount.cpp:245: Aquire java class for JNI method: com/Claw/Android/NativeMount
05-23 12:22:49.954 29266 30273 I Claw    : [0m[      96.949] [30;1mjni/../jni/src/claw/vfs/NativeMount.cpp:245: JNI class acquired, acquire java method: GetFreeDiskSpace with args: (Ljava/lang/String;)J
05-23 12:22:49.954 29266 30273 I Claw    : [0m[      96.951] [30;1mjni/../jni/src/claw/vfs/NativeMount.cpp:245: Aquire java class for JNI method: com/Claw/Android/NativeMount
05-23 12:22:49.954 29266 30273 I Claw    : [0m[      96.951] [30;1mjni/../jni/src/claw/vfs/NativeMount.cpp:245: JNI class acquired, acquire java method: GetFreeDiskSpace with args: (Ljava/lang/String;)J
05-23 12:22:49.954 29266 30273 I Claw    : [0m[      96.953] [30;1mjni/../jni/src/claw/vfs/NativeMount.cpp:245: Aquire java class for JNI method: com/Claw/Android/NativeMount
05-23 12:22:49.954 29266 30273 I Claw    : [0m[      96.953] [30;1mjni/../jni/src/claw/vfs/NativeMount.cpp:245: JNI class acquired, acquire java method: GetFreeDiskSpace with args: (Ljava/lang/String;)J
05-23 12:22:49.964 29266 30273 I Claw    : [0m[      96.956] [30;1mjni/../jni/src/claw/vfs/NativeMount.cpp:245: Aquire java class for JNI method: com/Claw/Android/NativeMount
05-23 12:22:49.964 29266 30273 I Claw    : [0m[      96.956] [30;1mjni/../jni/src/claw/vfs/NativeMount.cpp:245: JNI class acquired, acquire java method: GetFreeDiskSpace with args: (Ljava/lang/String;)J
05-23 12:22:49.964 29266 30273 I Claw    : [0m[      96.958] [30;1mjni/../jni/src/claw/vfs/NativeMount.cpp:245: Aquire java class for JNI method: com/Claw/Android/NativeMount
05-23 12:22:49.964 29266 30273 I Claw    : [0m[      96.958] [30;1mjni/../jni/src/claw/vfs/NativeMount.cpp:245: JNI class acquired, acquire java method: GetFreeDiskSpace with args: (Ljava/lang/String;)J
05-23 12:22:49.964 29266 30273 I Claw    : [0m[       96.96] [30;1mjni/../jni/src/claw/vfs/NativeMount.cpp:245: Aquire java class for JNI method: com/Claw/Android/NativeMount
05-23 12:22:49.964 29266 30273 I Claw    : [0m[       96.96] [30;1mjni/../jni/src/claw/vfs/NativeMount.cpp:245: JNI class acquired, acquire java method: GetFreeDiskSpace with args: (Ljava/lang/String;)J
05-23 12:22:49.964 29266 30273 I Claw    : [0m[      96.963] [30;1mjni/../jni/src/claw/vfs/NativeMount.cpp:245: Aquire java class for JNI method: com/Claw/Android/NativeMount
05-23 12:22:49.964 29266 30273 I Claw    : [0m[      96.963] [30;1mjni/../jni/src/claw/vfs/NativeMount.cpp:245: JNI class acquired, acquire java method: GetFreeDiskSpace with args: (Ljava/lang/String;)J
05-23 12:22:49.974 29266 30273 I Claw    : [0m[      96.968] [30;1mjni/../jni/src/claw/vfs/NativeMount.cpp:245: Aquire java class for JNI method: com/Claw/Android/NativeMount
05-23 12:22:49.974 29266 30273 I Claw    : [0m[      96.968] [30;1mjni/../jni/src/claw/vfs/NativeMount.cpp:245: JNI class acquired, acquire java method: GetFreeDiskSpace with args: (Ljava/lang/String;)J
05-23 12:22:49.974 29266 30273 I Claw    : [0m[       96.97] [30;1mjni/../jni/src/claw/vfs/NativeMount.cpp:245: Aquire java class for JNI method: com/Claw/Android/NativeMount
05-23 12:22:49.974 29266 30273 I Claw    : [0m[      96.971] [30;1mjni/../jni/src/claw/vfs/NativeMount.cpp:245: JNI class acquired, acquire java method: GetFreeDiskSpace with args: (Ljava/lang/String;)J
05-23 12:22:49.974 29266 30273 I Claw    : [0m[      96.975] [30;1mjni/../jni/src/claw/vfs/NativeMount.cpp:245: Aquire java class for JNI method: com/Claw/Android/NativeMount
05-23 12:22:49.984 29266 30273 I Claw    : [0m[      96.975] [30;1mjni/../jni/src/claw/vfs/NativeMount.cpp:245: JNI class acquired, acquire java method: GetFreeDiskSpace with args: (Ljava/lang/String;)J
05-23 12:22:49.984 29266 30273 I Claw    : [0m[      96.977] [30;1mjni/../jni/src/claw/vfs/NativeMount.cpp:245: Aquire java class for JNI method: com/Claw/Android/NativeMount
05-23 12:22:49.984 29266 30273 I Claw    : [0m[      96.977] [30;1mjni/../jni/src/claw/vfs/NativeMount.cpp:245: JNI class acquired, acquire java method: GetFreeDiskSpace with args: (Ljava/lang/String;)J
05-23 12:22:49.984 29266 30273 I Claw    : [0m[      96.979] [30;1mjni/../jni/src/claw/vfs/NativeMount.cpp:245: Aquire java class for JNI method: com/Claw/Android/NativeMount
05-23 12:22:49.984 29266 30273 I Claw    : [0m[      96.979] [30;1mjni/../jni/src/claw/vfs/NativeMount.cpp:245: JNI class acquired, acquire java method: GetFreeDiskSpace with args: (Ljava/lang/String;)J
05-23 12:22:49.984 29266 30273 I Claw    : [0m[      96.981] [30;1mjni/../jni/src/claw/vfs/NativeMount.cpp:245: Aquire java class for JNI method: com/Claw/Android/NativeMount
05-23 12:22:49.984 29266 30273 I Claw    : [0m[      96.981] [30;1mjni/../jni/src/claw/vfs/NativeMount.cpp:245: JNI class acquired, acquire java method: GetFreeDiskSpace with args: (Ljava/lang/String;)J
05-23 12:22:49.984 29266 30273 I Claw    : [0m[      96.982] [30;1mjni/../jni/src/claw/vfs/NativeMount.cpp:245: Aquire java class for JNI method: com/Claw/Android/NativeMount
05-23 12:22:49.984 29266 30273 I Claw    : [0m[      96.983] [30;1mjni/../jni/src/claw/vfs/NativeMount.cpp:245: JNI class acquired, acquire java method: GetFreeDiskSpace with args: (Ljava/lang/String;)J
05-23 12:22:49.984 29266 30273 I Claw    : [0m[      96.984] [30;1mjni/../jni/src/claw/vfs/NativeMount.cpp:245: Aquire java class for JNI method: com/Claw/Android/NativeMount
05-23 12:22:49.984 29266 30273 I Claw    : [0m[      96.984] [30;1mjni/../jni/src/claw/vfs/NativeMount.cpp:245: JNI class acquired, acquire java method: GetFreeDiskSpace with args: (Ljava/lang/String;)J
05-23 12:22:49.994 29266 30273 I Claw    : [0m[      96.986] [30;1mjni/../jni/src/claw/vfs/NativeMount.cpp:245: Aquire java class for JNI method: com/Claw/Android/NativeMount
05-23 12:22:49.994 29266 30273 I Claw    : [0m[      96.986] [30;1mjni/../jni/src/claw/vfs/NativeMount.cpp:245: JNI class acquired, acquire java method: GetFreeDiskSpace with args: (Ljava/lang/String;)J
05-23 12:22:49.994 29266 30273 I Claw    : [0m[      96.988] [30;1mjni/../jni/src/claw/vfs/NativeMount.cpp:245: Aquire java class for JNI method: com/Claw/Android/NativeMount
05-23 12:22:49.994 29266 30273 I Claw    : [0m[      96.988] [30;1mjni/../jni/src/claw/vfs/NativeMount.cpp:245: JNI class acquired, acquire java method: GetFreeDiskSpace with args: (Ljava/lang/String;)J
05-23 12:22:49.994 29266 30273 I Claw    : [0m[      96.989] [30;1mjni/../jni/src/claw/vfs/android/AndroidSaveFile.cpp:82: Open new save assetcache/music_horus.pak.meta
05-23 12:22:49.994 29266 30273 I Claw    : [0m[      96.991] [30;1mjni/../jni/src/claw/vfs/NativeMount.cpp:245: Aquire java class for JNI method: com/Claw/Android/NativeMount
05-23 12:22:49.994 29266 30273 I Claw    : [0m[      96.991] [30;1mjni/../jni/src/claw/vfs/NativeMount.cpp:245: JNI class acquired, acquire java method: GetFreeDiskSpace with args: (Ljava/lang/String;)J
05-23 12:22:49.994 29266 30273 I Claw    : [0m[      96.992] [30;1mjni/../jni/src/claw/vfs/NativeMount.cpp:245: Aquire java class for JNI method: com/Claw/Android/NativeMount
05-23 12:22:49.994 29266 30273 I Claw    : [0m[      96.992] [30;1mjni/../jni/src/claw/vfs/NativeMount.cpp:245: JNI class acquired, acquire java method: GetFreeDiskSpace with args: (Ljava/lang/String;)J
05-23 12:22:49.994 29266 30273 I Claw    : [0m[      96.994] [30;1mjni/../jni/src/claw/vfs/NativeMount.cpp:245: Aquire java class for JNI method: com/Claw/Android/NativeMount
05-23 12:22:49.994 29266 30273 I Claw    : [0m[      96.994] [30;1mjni/../jni/src/claw/vfs/NativeMount.cpp:245: JNI class acquired, acquire java method: GetFreeDiskSpace with args: (Ljava/lang/String;)J
05-23 12:22:50.004 29266 30273 I Claw    : [0m[      96.996] [30;1mjni/../jni/src/claw/vfs/NativeMount.cpp:245: Aquire java class for JNI method: com/Claw/Android/NativeMount
05-23 12:22:50.004 29266 30273 I Claw    : [0m[      96.996] [30;1mjni/../jni/src/claw/vfs/NativeMount.cpp:245: JNI class acquired, acquire java method: GetFreeDiskSpace with args: (Ljava/lang/String;)J
05-23 12:22:50.004 29266 30273 I Claw    : [0m[      96.997] [30;1mjni/../jni/src/claw/vfs/android/AndroidSaveFile.cpp:82: Open new save assetcache/music_horus.pak.meta
05-23 12:22:50.004 29266 30273 I Claw    : [0m[      96.999] [30;1mjni/../jni/src/claw/vfs/NativeMount.cpp:245: Aquire java class for JNI method: com/Claw/Android/NativeMount
05-23 12:22:50.004 29266 30273 I Claw    : [0m[      96.999] [30;1mjni/../jni/src/claw/vfs/NativeMount.cpp:245: JNI class acquired, acquire java method: GetFreeDiskSpace with args: (Ljava/lang/String;)J
05-23 12:22:50.004 29266 30273 I Claw    : [0m[      97.001] [30;1mjni/../jni/src/claw/vfs/NativeMount.cpp:245: Aquire java class for JNI method: com/Claw/Android/NativeMount
05-23 12:22:50.004 29266 30273 I Claw    : [0m[      97.001] [30;1mjni/../jni/src/claw/vfs/NativeMount.cpp:245: JNI class acquired, acquire java method: GetFreeDiskSpace with args: (Ljava/lang/String;)J
05-23 12:22:50.004 29266 30273 I Claw    : [0m[      97.002] [30;1mjni/../jni/src/claw/vfs/NativeMount.cpp:245: Aquire java class for JNI method: com/Claw/Android/NativeMount
05-23 12:22:50.004 29266 30273 I Claw    : [0m[      97.002] [30;1mjni/../jni/src/claw/vfs/NativeMount.cpp:245: JNI class acquired, acquire java method: GetFreeDiskSpace with args: (Ljava/lang/String;)J
05-23 12:22:50.004 29266 30273 I Claw    : [0m[      97.004] [30;1mjni/../jni/src/claw/vfs/NativeMount.cpp:245: Aquire java class for JNI method: com/Claw/Android/NativeMount
05-23 12:22:50.004 29266 30273 I Claw    : [0m[      97.004] [30;1mjni/../jni/src/claw/vfs/NativeMount.cpp:245: JNI class acquired, acquire java method: GetFreeDiskSpace with args: (Ljava/lang/String;)J
05-23 12:22:50.004 29266 30273 I Claw    : [0m[      97.005] [30;1mjni/../jni/src/claw/vfs/android/AndroidSaveFile.cpp:82: Open new save assetcache/music_horus.pak.meta
05-23 12:22:50.014 29266 30273 I Claw    : [0m[      97.006] [30;1mjni/../jni/src/claw/vfs/NativeMount.cpp:245: Aquire java class for JNI method: com/Claw/Android/NativeMount
05-23 12:22:50.014 29266 30273 I Claw    : [0m[      97.007] [30;1mjni/../jni/src/claw/vfs/NativeMount.cpp:245: JNI class acquired, acquire java method: GetFreeDiskSpace with args: (Ljava/lang/String;)J
05-23 12:22:50.014 29266 30273 I Claw    : [0m[      97.008] [30;1mjni/../jni/src/claw/vfs/NativeMount.cpp:245: Aquire java class for JNI method: com/Claw/Android/NativeMount
05-23 12:22:50.014 29266 30273 I Claw    : [0m[      97.008] [30;1mjni/../jni/src/claw/vfs/NativeMount.cpp:245: JNI class acquired, acquire java method: GetFreeDiskSpace with args: (Ljava/lang/String;)J
05-23 12:22:50.014 29266 30273 W libc    : It seems that pthread_join() is not invoked or PTHREAD_ATTR_FLAG_DETACHED is not set.
05-23 12:22:50.014 29266 30273 W libc    :     pthread tid          : 30273
05-23 12:22:50.014 29266 30273 W libc    :     pthread start_routine: 0xdefcdf64
