--------- beginning of main
04-13 14:47:57.710  1249  2382 I LocationManagerService: notifyNSFLP, nsFlpFeatureLevel is 0
--------- beginning of system
04-13 14:47:57.744  1249  3616 D SSRM:i  : SIOP:: AP = 360, PST = 342 (W:30), CP = 42, LCD = 66
04-13 14:47:58.177  1526  1526 D NetworkController: updateCarrierText : HuuugeGames
04-13 14:47:58.177  1526  1526 D NetworkController: dynamicallyReduceTextSize : mDisplayMetrics.densityDpi320
04-13 14:47:58.181  1526  1526 D KeyguardUpdateMonitor: received broadcast com.samsung.systemui.ACTION_VOIP_CALL_STATE_CHANGED
04-13 14:47:58.200  1526  1526 D KeyguardClockPage: onRefreshCarrierInfo(pre, now): false, false
04-13 14:47:58.871 10903 10903 D SecurityManagerNative: SecurityManagerNative v2.7.2.6 On 64bit PLATFORM With BORINGSSL
04-13 14:47:58.876 10903 10903 E appproc : Enhanced Zygote ASLR: ro.knox.enhance.zygote.aslr != 1. Enhanced Zygote ASLR is DISABLED!
04-13 14:47:58.876 10903 10903 D AndroidRuntime: >>>>>> START com.android.internal.os.RuntimeInit uid 2000 <<<<<<
04-13 14:47:58.878 10903 10903 D AndroidRuntime: CheckJNI is OFF
04-13 14:47:58.879 10903 10903 D AndroidRuntime: addProductProperty: start
04-13 14:47:58.936 10903 10903 I [saiv 1.1]: saiv_OnLoadJNI.cpp(38): _init: Version 1.1 Build # 3532
04-13 14:47:58.936 10903 10903 I [saiv 1.1]: saiv_OnLoadJNI.cpp(43): _init: _init() was called
04-13 14:47:59.015 10903 10903 D ICU     : No timezone override file found: /data/misc/zoneinfo/current/icu/icu_tzdata.dat
04-13 14:47:59.039 10903 10903 I Radio-JNI: register_android_hardware_Radio DONE
04-13 14:47:59.043 10903 10903 D ReflectionHelper: loadKlass() : caller=android.app.Activity.<clinit>:7572 <bottom of call stack> 
04-13 14:47:59.043 10903 10903 D ReflectionHelper: Reflecting method.....  class <onScreenChanged>
04-13 14:47:59.046 10903 10903 E SemAffinityControl: SemAffinityControl: registerfunction enter
04-13 14:47:59.056 10903 10903 D AndroidRuntime: Calling main entry com.android.commands.monkey.Monkey
04-13 14:47:59.065  1249  1370 D WifiStateMachine: Current network is: "HuuugeGames" , ID is: 0
04-13 14:47:59.065  1249  1370 D WifiStateMachine: 5GHz mQnsLowerRssiThreshold is recovered, currentRssi = -44
04-13 14:47:59.065  1249  1370 D WifiStateMachine: Current network is 5GHz, bail out...
04-13 14:47:59.095  1249  1264 W BroadcastQueue: Skipping deliver [background] BroadcastRecord{778056 u-1 android.net.conn.CONNECTIVITY_CHANGE to ReceiverList{48008d7 10903 (unknown name)/2000/u-1 remote:b777018}: process crashing
04-13 14:47:59.126  1249  2608 I ActivityManager: START u0 {act=android.intent.action.MAIN typ=null flg=0x10200000 cmp=ComponentInfo{com.huuuge.stars.slots/com.huuuge.casino.BootActivity}} from uid 2000 on display 0
04-13 14:47:59.136  1249  2608 D ActivityManager: ActivityRecord() Constructor : multiScreenAttrs=MultiScreenAttrs{mDisplayId=0, mBaseDisplayId=0, mBaseActivity=false}
04-13 14:47:59.137  3009  3014 E ANDR-PERF-MPCTL: Invalid profile no. 0, total profiles 0 only
04-13 14:47:59.139  1249  2608 D CustomFrequencyManagerService: acquireDVFSLockLocked : type : DVFS_MIN_LIMIT  frequency : 1804800  uid : 1000  pid : 1249  pkgName : AMS_APP_SWITCH@CPU_MIN@53
04-13 14:47:59.140  1249  2608 D ActivityManagerPerformance: AMP_acquire() APP_SWITCH
04-13 14:47:59.141  1249  3616 D TelephonyManager: getAllCellInfo : Caller (PID / UID / TID): 1249 / 1000 / 3616
04-13 14:47:59.141  1249  2608 D ActivityManager: computeStackFocus: stackId=1
04-13 14:47:59.142  1249  2608 D MultiScreenManagerService: createStack: stackId=1 createOnTop=true caller=com.android.server.am.ActivityStackSupervisor.getStack:2458 com.android.server.am.ActivityStarter.computeStackFocus:2494 com.android.server.am.ActivityStarter.setTaskFromReuseOrCreateNewTask:2180 com.android.server.am.ActivityStarter.startActivityUnchecked:1437 
04-13 14:47:59.143  1249  2608 D ActivityManager: attachDisplay() : attach stack#1 to d0
04-13 14:47:59.143  1249  2608 D MultiScreenManagerService: createStack: stackId=1 displayId=0 createOnTop=true
04-13 14:47:59.143  1249  2608 D MultiScreenManagerService: createStack: stack=ActivityStack{7bf0cadd0 stackId=1, 0 tasks}
04-13 14:47:59.143  1249  2608 D ActivityManager: computeStackFocus: New stack r=ActivityRecord{d034be2d0 u0 com.huuuge.stars.slots/com.huuuge.casino.BootActivity t-1} stackId=1
04-13 14:47:59.144  1249  2608 D ActivityTrigger: Activity is Triggerred in full screen 
04-13 14:47:59.145  1249  2608 D CompatibilityInfo: mCompatibilityFlags - 4
04-13 14:47:59.145  1249  2608 D CompatibilityInfo: applicationDensity - 320
04-13 14:47:59.145  1249  2608 D CompatibilityInfo: applicationScale - 1.0
04-13 14:47:59.146  1249  2608 D ActivityManager: moveToFront() : reason=startedActivity setFocusedActivity isAttached=true TaskRecord{98e442ed0 #468 A=com.huuuge.stars.slots U=0 StackId=1 sz=1}
04-13 14:47:59.147  1249  2608 D ActivityManager: setFocusStackUnchecked: reason=startedActivity setFocusedActivity focusCandidate=ActivityStack{7bf0cadd0 stackId=1, 1 tasks} caller=com.android.server.am.ActivityStack.moveToFront:867 com.android.server.am.ActivityStackSupervisor.moveActivityStackToFront:2032 
04-13 14:47:59.148  1249  2608 D InputDispatcher: Focused application set to: xxxx
04-13 14:47:59.149  1249  2608 D InputDispatcher: Focus left window: 2695
04-13 14:47:59.151  1249  2608 D ActivityManager: resumeTopActivityInnerLocked() : #1 prevTask=TaskRecord{98e442ed0 #468 A=com.huuuge.stars.slots U=0 StackId=1 sz=1} next=ActivityRecord{d034be2d0 u0 com.huuuge.stars.slots/com.huuuge.casino.BootActivity t468} mFocusedStack=ActivityStack{7bf0cadd0 stackId=1, 1 tasks}
04-13 14:47:59.151  1249  2608 D ActivityTrigger: ActivityTrigger activityPauseTrigger 
04-13 14:47:59.152  1249  2608 D GameManagerService: there is not sem_perfomance_mode on setting
04-13 14:47:59.153  2695  2695 D Launcher: onPause, Launcher: 9882442
04-13 14:47:59.153  2695  2695 D Launcher.HomeView: onPause
04-13 14:47:59.154  2695  2695 D Launcher.Workspace: exitWidgetResizeMode. isClearResizeFrame is false
04-13 14:47:59.154  1249  1272 D WindowManager: addWindow: android.view.ViewRootImpl$W@2abc5eb displayId=0
04-13 14:47:59.154  1249  1272 D InputTransport: Input channel constructed: fd=449
04-13 14:47:59.154  1249  1272 D InputTransport: Input channel constructed: fd=451
04-13 14:47:59.155  1249  1272 D WindowManager: openInputChannel mInputChannel: 8330f48 Starting com.huuuge.stars.slots (server)
04-13 14:47:59.155  1249  1272 D ViewRootImpl@9be753a[slots]: setView = DecorView@615a1e1[slots] touchMode=true
04-13 14:47:59.158  1249  2604 D ActivityManager: clearAppIconInfo()
04-13 14:47:59.159  1249  2604 D SamsungAnimationCreator: setAnimationTriggerActivity type 1
04-13 14:47:59.159  1249  2604 D ActivityManager: resumeTopActivityInnerLocked() : #1 prevTask=TaskRecord{89fa03bd0 #352 A=com.sec.android.app.launcher U=0 StackId=0 sz=1} next=ActivityRecord{d034be2d0 u0 com.huuuge.stars.slots/com.huuuge.casino.BootActivity t468} mFocusedStack=ActivityStack{7bf0cadd0 stackId=1, 1 tasks}
04-13 14:47:59.159  1249  2613 E ActivityManager: getPackageFromAppProcesses, return null
04-13 14:47:59.160  1249  2604 D ActivityManager: applyOptionsLocked(), pendingOptions : null
04-13 14:47:59.160  1249  1272 D ViewRootImpl@9be753a[slots]: dispatchAttachedToWindow
04-13 14:47:59.160  1249  2604 D MountService: getExternalStorageMountMode : 1
04-13 14:47:59.160  1249  2604 D MountService: getExternalStorageMountMode : 3
04-13 14:47:59.160  1249  2604 D MountService: getExternalStorageMountMode : final mountMode=1, uid : 10580, packageName : com.huuuge.stars.slots
04-13 14:47:59.160  1249  1272 V WindowManager: Relayout Window{8330f48d0 u0 Starting com.huuuge.stars.slots}: viewVisibility=0 req=2048x1488 WM.LayoutParams{(0,0)(fillxfill) sim=#20 ty=3 fl=#1830518 pfl=0x20011 wanim=0x1030001 vsysui=0x400 needsMenuKey=2 naviIconColor=0}
04-13 14:47:59.161   460   460 I SurfaceFlinger: id=696 createSurf (2048x1536),1 flag=404, tlots
04-13 14:47:59.165  1249  2613 V WindowOrientationListener: OrientationSensorJudge.getProposedRotation, Rotation: -1
04-13 14:47:59.165  1249  2613 V WindowOrientationListener: OrientationSensorJudge.getProposedRotation, Rotation: -1
04-13 14:47:59.165  1249  1272 D ViewRootImpl@9be753a[slots]: Relayout returned: oldFrame=[0,0][0,0] newFrame=[0,0][2048,1536] result=0x7 surface={isValid=true 546722961920} surfaceGenerationChanged=true
04-13 14:47:59.165  1249  2613 V WindowManager: rotationForOrientationLw(orient=-1, last=3); user=0  sensorRotation=-1 mLidState=-1 mDockMode=0 mHdmiPlugged=false
04-13 14:47:59.168  1249  2609 V WindowOrientationListener: OrientationSensorJudge.getProposedRotation, Rotation: -1
04-13 14:47:59.169  1249  2609 V WindowOrientationListener: OrientationSensorJudge.getProposedRotation, Rotation: -1
04-13 14:47:59.169  1249  2609 V WindowManager: rotationForOrientationLw(orient=-1, last=3); user=0  sensorRotation=-1 mLidState=-1 mDockMode=0 mHdmiPlugged=false
04-13 14:47:59.170 10913 10913 E Zygote  : v2
04-13 14:47:59.170 10913 10913 I libpersona: KNOX_SDCARD checking this for 10580
04-13 14:47:59.170 10913 10913 I libpersona: KNOX_SDCARD not a persona
04-13 14:47:59.170  1249  2604 I ActivityManager: Start proc 10913:com.huuuge.stars.slots/u0a580 for activity com.huuuge.stars.slots/com.huuuge.casino.BootActivity
04-13 14:47:59.171 10913 10913 E Zygote  : accessInfo : 0
04-13 14:47:59.171 10913 10913 W SELinux : SELinux selinux_android_compute_policy_index : Policy Index[2],  Con:u:r:zygote:s0 RAM:SEPF_SECMOBILE_7.0_0009, [-1 -1 -1 -1 0 1]
04-13 14:47:59.172  2695  2695 D ViewRootImpl@fb7d1aa[LauncherActivity]: MSG_WINDOW_FOCUS_CHANGED 0
04-13 14:47:59.173 10913 10913 I SELinux : SELinux: seapp_context_lookup: seinfo=untrusted, level=s0:c512,c768, pkgname=com.huuuge.stars.slots 
04-13 14:47:59.176 10913 10913 I art     : Late-enabling -Xcheck:jni
04-13 14:47:59.176  1249  1265 V WindowOrientationListener: OrientationSensorJudge.getProposedRotation, Rotation: -1
04-13 14:47:59.176  1249  1265 V WindowOrientationListener: OrientationSensorJudge.getProposedRotation, Rotation: -1
04-13 14:47:59.176  1249  1265 V WindowManager: rotationForOrientationLw(orient=-1, last=3); user=0  sensorRotation=-1 mLidState=-1 mDockMode=0 mHdmiPlugged=false
04-13 14:47:59.177 10903 10903 I art     : System.exit called, status: 0
04-13 14:47:59.177 10903 10903 I AndroidRuntime: VM exiting with result code 0.
04-13 14:47:59.180  1249  1265 V WindowOrientationListener: OrientationSensorJudge.getProposedRotation, Rotation: -1
04-13 14:47:59.180  1249  1265 V WindowOrientationListener: OrientationSensorJudge.getProposedRotation, Rotation: -1
04-13 14:47:59.180  1249  1265 V WindowManager: rotationForOrientationLw(orient=-1, last=3); user=0  sensorRotation=-1 mLidState=-1 mDockMode=0 mHdmiPlugged=false
04-13 14:47:59.189  1526  1526 D NetworkController: updateCarrierText : HuuugeGames
04-13 14:47:59.190  1526  1526 V hong    : mid yDiff = 383
04-13 14:47:59.190  1526  1526 V hong    : mid yDiff = 383
04-13 14:47:59.191  1526  1526 V hong    : mid yDiff = 383
04-13 14:47:59.191  1526  1526 V hong    : mid yDiff = 383
04-13 14:47:59.193  1249  1272 D WindowManager: finishDrawingWindow: Window{8330f48d0 u0 Starting com.huuuge.stars.slots} mDrawState=DRAW_PENDING
04-13 14:47:59.194  1249  1272 D ViewRootImpl@9be753a[slots]: MSG_RESIZED_REPORT: frame=Rect(0, 0 - 2048, 1536) ci=Rect(0, 0 - 0, 0) vi=Rect(0, 48 - 0, 0) or=2
04-13 14:47:59.197  1526  1526 D NetworkController: dynamicallyReduceTextSize : mDisplayMetrics.densityDpi320
04-13 14:47:59.198  1249  1272 D WindowManager: finishDrawingWindow: Window{8330f48d0 u0 Starting com.huuuge.stars.slots} mDrawState=READY_TO_SHOW
04-13 14:47:59.200  1526  1526 V hong    : mid yDiff = 383
04-13 14:47:59.200  1526  1526 V hong    : mid yDiff = 383
04-13 14:47:59.200  1526  1526 V hong    : mid yDiff = 383
04-13 14:47:59.200  1526  1526 V hong    : mid yDiff = 383
04-13 14:47:59.200 10913 10913 D TimaKeyStoreProvider: TimaKeyStore is not enabled: cannot add TimaSignature Service and generateKeyPair Service
04-13 14:47:59.200  1526  1526 D KeyguardUpdateMonitor: received broadcast com.samsung.systemui.ACTION_VOIP_CALL_STATE_CHANGED
04-13 14:47:59.202  1249  2611 D CompatibilityInfo: mCompatibilityFlags - 4
04-13 14:47:59.202  1249  2611 D CompatibilityInfo: applicationDensity - 320
04-13 14:47:59.202  1249  2611 D CompatibilityInfo: applicationScale - 1.0
04-13 14:47:59.202  1249  2611 I ActivityManager: DSS on for com.huuuge.stars.slots and scale is 1.0
04-13 14:47:59.203  1249  2611 D CompatibilityInfo: mCompatibilityFlags - 4
04-13 14:47:59.203  1249  2611 D CompatibilityInfo: applicationDensity - 320
04-13 14:47:59.203  1249  2611 D CompatibilityInfo: applicationScale - 1.0
04-13 14:47:59.205  1249  2611 V WindowOrientationListener: OrientationSensorJudge.getProposedRotation, Rotation: -1
04-13 14:47:59.205  1249  2611 V WindowOrientationListener: OrientationSensorJudge.getProposedRotation, Rotation: -1
04-13 14:47:59.205  1249  2611 V WindowManager: rotationForOrientationLw(orient=6, last=3); user=0  sensorRotation=-1 mLidState=-1 mDockMode=0 mHdmiPlugged=false
04-13 14:47:59.210  1249  2611 D CompatibilityInfo: mCompatibilityFlags - 4
04-13 14:47:59.210  1249  2611 D CompatibilityInfo: applicationDensity - 320
04-13 14:47:59.210  1249  2611 D CompatibilityInfo: applicationScale - 1.0
04-13 14:47:59.212  1249  2611 D GameManagerService: there is not sem_perfomance_mode on setting
04-13 14:47:59.212  1249  1249 D GameManagerService: NotifyRunnable. pkg: com.huuuge.stars.slots, type: 4, isMinimized: false, isTunableApp: false
04-13 14:47:59.212  1249  1249 D GameManagerService: unexpected mPrevNotiType: -1
04-13 14:47:59.212  1249  2611 D MARsPolicyManager: handlePackageResumedFG pkgName = com.huuuge.stars.slots, userId = 0
04-13 14:47:59.213  1526  1526 D KeyguardClockPage: onRefreshCarrierInfo(pre, now): false, false
04-13 14:47:59.215  1249  2611 D LowEndSamsungAnimationCreator: createSamsungAnimation type/enter : 12/false
04-13 14:47:59.215  1249  2611 D LowEndSamsungAnimationCreator: createSamsungAnimation wallpaerXOffset : 0
04-13 14:47:59.215  1249  2611 D LowEndSamsungAnimationCreator: createSamsungAnimation isSplit/isFixedOrientation : false/false
04-13 14:47:59.222  1526  7021 D WallpaperService: resized:[frame]Rect(0, 0 - 2048, 1536) [newConfig] is null
04-13 14:47:59.222  1526  1526 D WallpaperService: MSG_WINDOW_RESIZED
04-13 14:47:59.222  1526  1526 D WallpaperService: updateSurface forceRelayout=true redrawNeeded=false myWidth=2048 myHeight=1536 fixedSize=true mWidth=2048 mHeight=1536
04-13 14:47:59.222  1526  1526 V WallpaperService: Changes: creating=false format=false size=false
04-13 14:47:59.222  1249  1413 V WindowManager: Relayout Window{e52f97d0 u0 com.android.systemui.ImageWallpaper}: viewVisibility=0 req=2048x1536 WM.LayoutParams{(0,0)(2048x1536) gr=#800033 ty=2013 fl=#318 fmt=2 wanim=0x10302f2 naviIconColor=0}
04-13 14:47:59.224  1249  3616 D GamePkgDataHelper: getGamePkgData(). com.huuuge.stars.slots
04-13 14:47:59.224  1249  1265 D WindowManager: set systemUiVisibility of statusbar : systemUiFlags= 0x408 fullscreenStackSysUiFlag= 0x0
04-13 14:47:59.224  1249  3616 D GameManagerService: identifyGamePackage. com.huuuge.stars.slots
04-13 14:47:59.226  1526  1526 V WallpaperService: New surface=Surface(name=null)/@0x5eaa977, frame=Rect(0, 0 - 2048, 1536),relayoutResult=1, mConfiguration={0 1.0 showBtnBg = -1 ?mcc?mnc ?localeList ?layoutDir ?swdp ?wdp ?hdp ?density ?lsize ?long ?orien ?uimode ?night ?touch ?keyb/?/? ?nav/?}
04-13 14:47:59.226  1526  1526 V WallpaperService: Wallpaper size has changed : 2048, 1536
04-13 14:47:59.226  1526  1526 D ImageWallpaper: onOffsetsChanged: xOffset=0.0, yOffset=0.0, xOffsetStep=0.0, yOffsetStep=0.0, xPixels=0, yPixels=0
04-13 14:47:59.226  1526  1526 D ImageWallpaper: drawFrame=false rotation=3 mLastRotation=3
04-13 14:47:59.226  1526  1526 D ImageWallpaper: drawFrame:[frame.width()]2048[frame.height()]1536
04-13 14:47:59.226  1526  1526 D ImageWallpaper: surfaceDimensionsChanged=false mLastSurfaceRotation=3 mDisplayWidth=-1 mDisplayHeight=-1
04-13 14:47:59.226  1526  1526 D ImageWallpaper: redrawNeeded = false, mOffsetsChanged = false
04-13 14:47:59.226  1526  1526 D ImageWallpaper: Suppressed drawFrame since redraw is not needed and offsets have not changed.
04-13 14:47:59.226  1249  3616 D GameManagerService: identifyGamePackage. com.huuuge.stars.slots
04-13 14:47:59.227  1249  2604 D WindowManager: adjustSystemUiVisibilityLw : vis= 0x408
04-13 14:47:59.228  1249  1272 D ViewRootImpl@9be753a[slots]: MSG_RESIZED: frame=Rect(0, 0 - 2048, 1536) ci=Rect(0, 0 - 0, 0) vi=Rect(0, 0 - 0, 0) or=2
04-13 14:47:59.229  1249  3616 D GameManagerService: identifyGamePackage. com.huuuge.stars.slots
04-13 14:47:59.231  2695  2695 D ViewRootImpl@fb7d1aa[LauncherActivity]: mHardwareRenderer.destroy()#1
04-13 14:47:59.231  1526  1526 D SwipeDoorsillDetector: reset()com.android.systemui.statusbar.phone.NotificationPanelView.resetViews:879 com.android.systemui.statusbar.phone.PanelBar.collapsePanel:173 com.android.systemui.statusbar.phone.PhoneStatusBar.setWindowState:4538 com.android.systemui.statusbar.CommandQueue$H.handleMessage:711 
04-13 14:47:59.234  1249  2599 V WindowManager: Relayout Window{e6f21d0d0 u0 com.sec.android.app.launcher/com.sec.android.app.launcher.activities.LauncherActivity}: viewVisibility=8 req=2048x1536 WM.LayoutParams{(0,0)(fillxfill) sim=#130 ty=1 fl=#81910d00 pfl=0x20000 fmt=-2 wanim=0x103038a vsysui=0x600 needsMenuKey=2 dimDuration=0 naviIconColor=0}
04-13 14:47:59.238  2695  2695 D ViewRootImpl@fb7d1aa[LauncherActivity]: Relayout returned: oldFrame=[0,0][2048,1536] newFrame=[0,0][2048,1536] result=0x5 surface={isValid=false 0} surfaceGenerationChanged=true
04-13 14:47:59.245  1249  3616 D SSRM:i  : SIOP:: AP = 360, PST = 342 (W:30), CP = 43, LCD = 66
04-13 14:47:59.249  1249  3616 D GameManagerService: identifyGamePackage. com.huuuge.stars.slots
04-13 14:47:59.278  1249  2604 D CompatibilityInfo: mCompatibilityFlags - 4
04-13 14:47:59.278  1249  2604 D CompatibilityInfo: applicationDensity - 320
04-13 14:47:59.278  1249  2604 D CompatibilityInfo: applicationScale - 1.0
04-13 14:47:59.355  1249  1432 D MdnieScenarioControlService:  packageName : com.huuuge.stars.slots    className : com.huuuge.casino.BootActivity
04-13 14:47:59.355  1249  1432 V MdnieScenarioControlService: setUIMode from UI function(3)
04-13 14:47:59.384 10913 10913 I Claw    : [0m[    0.004547] jni/../jni/src/claw/application/android/AndroidApplication.cpp:184: JNI_OnLoad called
04-13 14:47:59.392 10913 10913 I AppsFlyer: reportLaunch xPcmC6rPafKmCueR3W68Mk
04-13 14:47:59.403 10913 10913 I AppsFlyer_4.8.6: getDeepLinkData with activity null
04-13 14:47:59.406 10913 10913 D AppsFlyer_4.8.6: Install referrer is allowed
04-13 14:47:59.415  1249  2620 D CompatibilityInfo: mCompatibilityFlags - 4
04-13 14:47:59.415  1249  2620 D CompatibilityInfo: applicationDensity - 320
04-13 14:47:59.415  1249  2620 D CompatibilityInfo: applicationScale - 1.0
04-13 14:47:59.416 10913 10913 D AppsFlyer_4.8.6: Initializing AppsFlyer SDK: (v4.8.6.355)
04-13 14:47:59.418 10913 10913 I AppsFlyer_4.8.6: Starting AppsFlyer Tracking: (v4.8.6.355)
04-13 14:47:59.418 10913 10913 I AppsFlyer_4.8.6: Build Number: 355
04-13 14:47:59.419 10913 10913 D Device name: SM-T713
04-13 14:47:59.427  1249  2599 D PowerManagerService: [api] acquire WakeLock flags=0x1000000a tag=Claw uid=10580 pid=10913 ws=null pkg=com.huuuge.stars.slots
04-13 14:47:59.429 10913 10913 D com.huuuge.casino.BootActivity: files dir: /data/user/0/com.huuuge.stars.slots/files
04-13 14:47:59.434 10913 10913 D com.huuuge.casino.BootActivity: external dir: /storage/emulated/0/Android/data/com.huuuge.stars.slots/files/
04-13 14:47:59.435  1249  1384 E SensorService: getSensorList a sensor (Sensor Diagnostic Monitor) without holding its required permission: com.samsung.permission.SSENSOR
04-13 14:47:59.435  1249  1384 I SensorService: Skipped sensor Sensor Diagnostic Monitor because it requires permission com.samsung.permission.SSENSOR and app op -1
04-13 14:47:59.439 10913 10913 D ClawActivity: Create input manager
04-13 14:47:59.449 10913 10913 I Claw    : [0m[     0.06994] /home/jenkins-agent/workspace/huuuge-stars/client-dev/hs-android/contrib/clawext/src/claw_ext/network/push_notifications/android/AndroidNotification.cpp:86: AndroidNotification::Initialize()
04-13 14:47:59.449 10913 10913 I Claw    : [0m[    0.070151] [30;1m/home/jenkins-agent/workspace/huuuge-stars/client-dev/hs-android/claw/sdk/src/claw/system/android/JniAttach.hpp:172: Aquire java class for JNI method: com/huuuge/pushNotification/NotificationBridge
04-13 14:47:59.449 10913 10942 D NetworkSecurityConfig: No Network Security Config specified, using platform default
04-13 14:47:59.449 10913 10913 I Claw    : [0m[      0.0704] [30;1m/home/jenkins-agent/workspace/huuuge-stars/client-dev/hs-android/claw/sdk/src/claw/system/android/JniAttach.hpp:172: JNI class acquired, acquire java method: initialize with args: (Ljava/lang/String;)Z
04-13 14:47:59.450 10913 10913 I Claw    : [0m[    0.070519] [30;1m/home/jenkins-agent/workspace/huuuge-stars/client-dev/hs-android/claw/sdk/src/claw/system/android/JniAttach.hpp:173: JNI method acquired, try to call.
04-13 14:47:59.450 10913 10913 I Claw    : [0m[     0.07073] [30;1m/home/jenkins-agent/workspace/huuuge-stars/client-dev/hs-android/claw/sdk/src/claw/system/android/JniAttach.hpp:176: JNI method called.
04-13 14:47:59.450 10913 10944 D GraphRequest: Warning: Request without access token missing application ID or client token.
04-13 14:47:59.450 10913 10913 I Claw    : [0m[    0.071367] /home/jenkins-agent/workspace/huuuge-stars/client-dev/hs-android/contrib/clawext/src/claw_ext/network/push_notifications/android/AndroidNotification.cpp:39: AndroidNotification::SetSound()raw/empty.wav
04-13 14:47:59.451 10913 10913 I Claw    : [0m[    0.071834] [30;1m/home/jenkins-agent/workspace/huuuge-stars/client-dev/hs-android/claw/sdk/src/claw/system/android/JniAttach.hpp:135: Aquire java class for JNI method: com/huuuge/pushNotification/NotificationBridge
04-13 14:47:59.451 10913 10913 I Claw    : [0m[    0.072166] [30;1m/home/jenkins-agent/workspace/huuuge-stars/client-dev/hs-android/claw/sdk/src/claw/system/android/JniAttach.hpp:135: JNI class acquired, acquire java method: setSoundFile with args: (Ljava/lang/String;)V
04-13 14:47:59.451 10913 10913 I Claw    : [0m[    0.072275] [30;1m/home/jenkins-agent/workspace/huuuge-stars/client-dev/hs-android/claw/sdk/src/claw/system/android/JniAttach.hpp:136: JNI method acquired, try to call.
04-13 14:47:59.455 10913 10944 I System.out: (HTTPLog)-Static: isSBSettingEnabled false
04-13 14:47:59.455 10913 10942 I System.out: (HTTPLog)-Static: isSBSettingEnabled false
04-13 14:47:59.456 10913 10942 I System.out: (HTTPLog)-Static: isSBSettingEnabled false
04-13 14:47:59.456 10913 10944 I System.out: (HTTPLog)-Static: isSBSettingEnabled false
04-13 14:47:59.457   591  1242 D Netd    : getNetworkForDns: using netid 502 for uid 10580
04-13 14:47:59.457   591  1242 D DnsProxyListener: DNSDBG::dns addrinfo af 2
04-13 14:47:59.457   591  1242 D Netd    : getNetworkForDns: using netid 502 for uid 10580
04-13 14:47:59.457   591  1242 D DnsProxyListener: DNSDBG::dns addrinfo af 2
04-13 14:47:59.458 10913 10913 I Claw    : [0m[    0.078961] [30;1m/home/jenkins-agent/workspace/huuuge-stars/client-dev/hs-android/claw/sdk/src/claw/system/android/JniAttach.hpp:139: JNI method called.
04-13 14:47:59.458 10913 10913 I Claw    : [0m[    0.079165] /home/jenkins-agent/workspace/huuuge-stars/client-dev/hs-android/contrib/clawext/src/claw_ext/network/push_notifications/android/AndroidNotification.cpp:51: Notification::SetVibration()0
04-13 14:47:59.458 10913 10913 I Claw    : [0m[    0.079227] [30;1m/home/jenkins-agent/workspace/huuuge-stars/client-dev/hs-android/claw/sdk/src/claw/system/android/JniAttach.hpp:135: Aquire java class for JNI method: com/huuuge/pushNotification/NotificationBridge
04-13 14:47:59.458 10913 10913 I Claw    : [0m[     0.07931] [30;1m/home/jenkins-agent/workspace/huuuge-stars/client-dev/hs-android/claw/sdk/src/claw/system/android/JniAttach.hpp:135: JNI class acquired, acquire java method: setVibration with args: (Z)V
04-13 14:47:59.458 10913 10913 I Claw    : [0m[    0.079365] [30;1m/home/jenkins-agent/workspace/huuuge-stars/client-dev/hs-android/claw/sdk/src/claw/system/android/JniAttach.hpp:136: JNI method acquired, try to call.
04-13 14:47:59.462 10913 10913 I Claw    : [0m[    0.083379] [30;1m/home/jenkins-agent/workspace/huuuge-stars/client-dev/hs-android/claw/sdk/src/claw/system/android/JniAttach.hpp:139: JNI method called.
04-13 14:47:59.463 10913 10913 I Claw    : [0m[    0.083509] /home/jenkins-agent/workspace/huuuge-stars/client-dev/hs-android/contrib/clawext/src/claw_ext/network/helpshift/android/AndroidHelpshift.cpp:29: AndroidHelpshift::Initialize apiKey: 7399151dd7b8eea770b9099de33d0144 domain: huuuge.helpshift.com appId: huuuge_platform_20180305124658616-062d5ee2280d949
04-13 14:47:59.463 10913 10913 I Claw    : [0m[    0.083578] [30;1m/home/jenkins-agent/workspace/huuuge-stars/client-dev/hs-android/claw/sdk/src/claw/system/android/JniAttach.hpp:135: Aquire java class for JNI method: com/huuuge/helpshift/HelpshiftBridge
04-13 14:47:59.463 10913 10913 I Claw    : [0m[    0.084001] [30;1m/home/jenkins-agent/workspace/huuuge-stars/client-dev/hs-android/claw/sdk/src/claw/system/android/JniAttach.hpp:135: JNI class acquired, acquire java method: initialize with args: (Ljava/lang/String;Ljava/lang/String;Ljava/lang/String;)V
04-13 14:47:59.463 10913 10913 I Claw    : [0m[    0.084359] [30;1m/home/jenkins-agent/workspace/huuuge-stars/client-dev/hs-android/claw/sdk/src/claw/system/android/JniAttach.hpp:136: JNI method acquired, try to call.
04-13 14:47:59.668  1526  1526 D ImageWallpaper: onVisibilityChanged: mVisible=true visible=false
04-13 14:47:59.668  1526  1526 D ImageWallpaper: Visibility changed to visible=false
04-13 14:47:59.740 10938 10938 D SecurityManagerNative: SecurityManagerNative v2.7.2.6 On 64bit PLATFORM With BORINGSSL
04-13 14:47:59.745 10938 10938 E appproc : Enhanced Zygote ASLR: ro.knox.enhance.zygote.aslr != 1. Enhanced Zygote ASLR is DISABLED!
04-13 14:47:59.745 10938 10938 D AndroidRuntime: >>>>>> START com.android.internal.os.RuntimeInit uid 2000 <<<<<<
04-13 14:47:59.748 10938 10938 D AndroidRuntime: CheckJNI is OFF
04-13 14:47:59.748 10938 10938 D AndroidRuntime: addProductProperty: start
04-13 14:47:59.783 10913 10913 I Claw    : [0m[     0.40342] [30;1m/home/jenkins-agent/workspace/huuuge-stars/client-dev/hs-android/claw/sdk/src/claw/system/android/JniAttach.hpp:139: JNI method called.
04-13 14:47:59.783 10913 10913 I Claw    : [0m[     0.40355] /home/jenkins-agent/workspace/huuuge-stars/client-dev/hs-android/contrib/clawext/src/claw_ext/network/helpshift/android/AndroidHelpshift.cpp:51: AndroidHelpshift::InitializePushNotifications()339425034970
04-13 14:47:59.783 10913 10913 I Claw    : [0m[      0.4036] [30;1m/home/jenkins-agent/workspace/huuuge-stars/client-dev/hs-android/claw/sdk/src/claw/system/android/JniAttach.hpp:135: Aquire java class for JNI method: com/huuuge/helpshift/HelpshiftBridge
04-13 14:47:59.783 10913 10913 I Claw    : [0m[     0.40372] [30;1m/home/jenkins-agent/workspace/huuuge-stars/client-dev/hs-android/claw/sdk/src/claw/system/android/JniAttach.hpp:135: JNI class acquired, acquire java method: initializePushNotifications with args: (Ljava/lang/String;)V
04-13 14:47:59.783 10913 10913 I Claw    : [0m[      0.4038] [30;1m/home/jenkins-agent/workspace/huuuge-stars/client-dev/hs-android/claw/sdk/src/claw/system/android/JniAttach.hpp:136: JNI method acquired, try to call.
04-13 14:47:59.787  1249  2613 D CompatibilityInfo: mCompatibilityFlags - 4
04-13 14:47:59.787  1249  2613 D CompatibilityInfo: applicationDensity - 320
04-13 14:47:59.787  1249  2613 D CompatibilityInfo: applicationScale - 1.0
04-13 14:47:59.788 10913 10913 I Claw    : [0m[     0.40888] [30;1m/home/jenkins-agent/workspace/huuuge-stars/client-dev/hs-android/claw/sdk/src/claw/system/android/JniAttach.hpp:139: JNI method called.
04-13 14:47:59.789 10913 10913 I Claw    : [0m[     0.41038] [30;1mjni/../jni/src/claw/application/android/AndroidApplication.cpp:1152: Aquire java class for JNI method: com/Claw/Android/ClawActivityCommon
04-13 14:47:59.790 10913 10913 I Claw    : [0m[     0.41055] [30;1mjni/../jni/src/claw/application/android/AndroidApplication.cpp:1152: JNI class acquired, acquire java method: SetStatusBarVisible with args: (Z)V
04-13 14:47:59.803 10913 10913 I com.huuuge.casino.BootActivity: initializing ER crash reporting
04-13 14:47:59.810  1249  1416 I ActivityManager: START u0 {act=android.content.pm.action.REQUEST_PERMISSIONS typ=null flg=0x0 cmp=ComponentInfo{com.google.android.packageinstaller/com.android.packageinstaller.permission.ui.GrantPermissionsActivity}} from uid 10580 on display 0
04-13 14:47:59.811  1249  1416 W ActivityManager: REQUEST_PERMISSIONS Action.
04-13 14:47:59.811  1249  1416 W ActivityManager: REQUEST_PERMISSIONS Action.
04-13 14:47:59.813  1249  1416 D ActivityManager: ActivityRecord() Constructor : multiScreenAttrs=MultiScreenAttrs{mDisplayId=0, mBaseDisplayId=0, mBaseActivity=false}
04-13 14:47:59.816  1249  1416 D CustomFrequencyManagerService: releaseDVFSLockLocked : Getting Lock type frm List : DVFS_MIN_LIMIT  frequency : 1804800  uid : 1000  pid : 1249  tag : AMS_APP_SWITCH@CPU_MIN@53
04-13 14:47:59.818  1249  1416 D CustomFrequencyManagerService: acquireDVFSLockLocked : type : DVFS_MIN_LIMIT  frequency : 1804800  uid : 1000  pid : 1249  pkgName : AMS_APP_SWITCH@CPU_MIN@53
04-13 14:47:59.819  1249  1416 D ActivityManagerPerformance: AMP_acquire() APP_SWITCH
04-13 14:47:59.819 10938 10938 I [saiv 1.1]: saiv_OnLoadJNI.cpp(38): _init: Version 1.1 Build # 3532
04-13 14:47:59.819  1249  1416 D ActivityManager: moveToFront() : reason=sourceStackToFront isAttached=true null
04-13 14:47:59.819 10938 10938 I [saiv 1.1]: saiv_OnLoadJNI.cpp(43): _init: _init() was called
04-13 14:47:59.821  1249  1416 D ActivityTrigger: Activity is Triggerred in full screen 
04-13 14:47:59.822  1249  1416 D CompatibilityInfo: mCompatibilityFlags - 4
04-13 14:47:59.822  1249  1416 D CompatibilityInfo: applicationDensity - 320
04-13 14:47:59.822  1249  1416 D CompatibilityInfo: applicationScale - 1.0
04-13 14:47:59.822  1249  1416 D ActivityManager: moveToFront() : reason=startedActivity setFocusedActivity isAttached=true TaskRecord{98e442ed0 #468 A=com.huuuge.stars.slots U=0 StackId=1 sz=2}
04-13 14:47:59.823  1249  1416 D InputDispatcher: Focused application set to: xxxx
04-13 14:47:59.824  1249  1416 D ActivityManager: resumeTopActivityInnerLocked() : #1 prevTask=TaskRecord{98e442ed0 #468 A=com.huuuge.stars.slots U=0 StackId=1 sz=2} next=ActivityRecord{7dde1b6d0 u0 com.google.android.packageinstaller/com.android.packageinstaller.permission.ui.GrantPermissionsActivity t468} mFocusedStack=ActivityStack{7bf0cadd0 stackId=1, 1 tasks}
04-13 14:47:59.825  1249  1416 D ActivityTrigger: ActivityTrigger activityPauseTrigger 
04-13 14:47:59.826  1249  1416 D GameManagerService: there is not sem_perfomance_mode on setting
04-13 14:47:59.837  1249  2608 I MediaFocusControl:  AudioFocus  requestAudioFocus() from uid/pid 10580/10913 clientId=android.media.AudioManager$3bf5074com.Claw.Android.ClawActivity$1$b0c99d req=1 flags=0x0 contentType=2
04-13 14:47:59.837 10913 10913 D AudioManager: requestAudioFocus status : 1
04-13 14:47:59.837 10913 10913 D ClawActivity: onStart: AudioFocus granted = 1
04-13 14:47:59.838 10913 10913 I BranchSDK: Branch Warning: You are using your test app's Branch Key. Remember to change it to live Branch Key during deployment.
04-13 14:47:59.900 10938 10938 D ICU     : No timezone override file found: /data/misc/zoneinfo/current/icu/icu_tzdata.dat
04-13 14:47:59.917 10913 10967 I System.out: (HTTPLog)-Static: isSBSettingEnabled false
04-13 14:47:59.917 10913 10967 I System.out: (HTTPLog)-Static: isSBSettingEnabled false
04-13 14:47:59.918   591  1242 D Netd    : getNetworkForDns: using netid 502 for uid 10580
04-13 14:47:59.918   591  1242 D DnsProxyListener: DNSDBG::dns addrinfo af 2
04-13 14:47:59.919 10913 10975 I System.out: (HTTPLog)-Static: isSBSettingEnabled false
04-13 14:47:59.919 10913 10975 I System.out: (HTTPLog)-Static: isSBSettingEnabled false
04-13 14:47:59.920   591  1242 D Netd    : getNetworkForDns: using netid 502 for uid 10580
04-13 14:47:59.920   591  1242 D DnsProxyListener: DNSDBG::dns addrinfo af 2
04-13 14:47:59.922 10913 10913 I AppsFlyer_4.8.6: onBecameForeground
04-13 14:47:59.922 10913 10913 I AppsFlyer_4.8.6: Sending first launch for this session!
04-13 14:47:59.924 10938 10938 I Radio-JNI: register_android_hardware_Radio DONE
04-13 14:47:59.924  1249  1384 I MediaFocusControl:  AudioFocus  requestAudioFocus() from uid/pid 10580/10913 clientId=android.media.AudioManager$3bf5074com.Claw.Android.ClawActivity$1$b0c99d req=1 flags=0x0 contentType=2
04-13 14:47:59.925 10913 10913 D AudioManager: requestAudioFocus status : 1
04-13 14:47:59.925 10913 10913 D ClawActivity: onResume: AudioFocus granted = 1
04-13 14:47:59.929 10938 10938 D ReflectionHelper: loadKlass() : caller=android.app.Activity.<clinit>:7572 <bottom of call stack> 
04-13 14:47:59.929 10913 10913 I Claw    : [0m[     0.54959] /home/jenkins-agent/workspace/huuuge-stars/client-dev/hs-android/contrib/clawext/src/claw_ext/network/push_notifications/android/AndroidNotification.cpp:320: AndroidNotificationJava::nativeNotificationGpsChecked()
04-13 14:47:59.929 10913 10913 I Claw    : [0m[     0.54971] /home/jenkins-agent/workspace/huuuge-stars/client-dev/hs-android/contrib/clawext/src/claw_ext/network/push_notifications/Notification.cpp:60: Notification::OnNotificationSdkAvaibilityCheck1
04-13 14:47:59.929 10938 10938 D ReflectionHelper: Reflecting method.....  class <onScreenChanged>
04-13 14:47:59.929 10913 10913 I Claw    : [0m[     0.54976] /home/jenkins-agent/workspace/huuuge-stars/client-dev/hs-android/src/casino/ext/NotificationsManager.cpp:370: NotificationsManager::OnNotificationSdkAvaibilityCheck - callback
04-13 14:47:59.931 10938 10938 E SemAffinityControl: SemAffinityControl: registerfunction enter
04-13 14:47:59.942 10913 10913 D ViewRootImpl@8229b1f[BootActivity]: ThreadedRenderer.create() translucent=false
04-13 14:47:59.943  1249  2584 D WindowManager: addWindow: android.view.IWindow$Stub$Proxy@a7a8f53 displayId=0
04-13 14:47:59.944  1249  2584 D InputTransport: Input channel constructed: fd=456
04-13 14:47:59.944  1249  2584 D InputTransport: Input channel constructed: fd=471
04-13 14:47:59.945  1249  2584 D WindowManager: openInputChannel mInputChannel: 2decd89 com.huuuge.stars.slots/com.huuuge.casino.BootActivity (server)
04-13 14:47:59.945 10938 10938 D AndroidRuntime: Calling main entry com.android.commands.pm.Pm
04-13 14:47:59.946  1249  2584 D InputTransport: Input channel destroyed: fd=471
04-13 14:47:59.946 10913 10913 D InputTransport: Input channel constructed: fd=83
04-13 14:47:59.947 10913 10913 D ViewRootImpl@8229b1f[BootActivity]: setView = DecorView@d094558[BootActivity] touchMode=true
04-13 14:47:59.947  1249  1259 D ActivityManager: post active user change for 0 fullscreen true isHomeActivity() false
04-13 14:47:59.947  1249  1259 D KnoxTimeoutHandler: postActiveUserChange [MsgParam] userId: 0 fullscreen is true showWhenlocked is false isMutiwindowRecord is false multiwindowstyle is 0
04-13 14:47:59.947  1249  1249 D KnoxTimeoutHandler: handleActiveUserChange [MsgParam] userId: 0 fullscreen is true showWhenlocked is false isMutiwindowRecord is false multiwindowstyle is 0
04-13 14:47:59.948 10913 10913 D AppsFlyer_4.8.6: InstallReferrer connected
04-13 14:47:59.949  1249  1249 I KnoxTimeoutHandler: Shared devices show user statefalse
04-13 14:47:59.950 10938 10938 I art     : System.exit called, status: 0
04-13 14:47:59.950 10938 10938 I AndroidRuntime: VM exiting with result code 0.
04-13 14:47:59.956 10913 10983 I System.out: (HTTPLog)-Static: isSBSettingEnabled false
04-13 14:47:59.956 10913 10983 I System.out: (HTTPLog)-Static: isSBSettingEnabled false
04-13 14:47:59.959  1249  2382 D PowerManagerService: [api] release WakeLock SCREEN_BRIGHT_WAKE_LOCK        'Claw' ACQUIRE_CAUSES_WAKEUP (uid=10580, pid=10913, ws=null) (uid=10580, pid=10913, ws=null, pkg=com.huuuge.stars.slots, elapsedTime=532) (0x0)
04-13 14:47:59.961  1249  2386 D ActivityManager: resumeTopActivityInnerLocked() : #1 prevTask=TaskRecord{98e442ed0 #468 A=com.huuuge.stars.slots U=0 StackId=1 sz=2} next=ActivityRecord{7dde1b6d0 u0 com.google.android.packageinstaller/com.android.packageinstaller.permission.ui.GrantPermissionsActivity t468} mFocusedStack=ActivityStack{7bf0cadd0 stackId=1, 1 tasks}
04-13 14:47:59.961  1249  2386 D ActivityManager: applyOptionsLocked(), pendingOptions : null
04-13 14:47:59.969  1249  2386 D CompatibilityInfo: mCompatibilityFlags - 4
04-13 14:47:59.969  1249  2386 D CompatibilityInfo: applicationDensity - 320
04-13 14:47:59.969  1249  2386 D CompatibilityInfo: applicationScale - 1.0
04-13 14:47:59.971  1249  2386 D GameManagerService: there is not sem_perfomance_mode on setting
04-13 14:47:59.971  1249  1249 D GameManagerService: NotifyRunnable. pkg: com.google.android.packageinstaller, type: 4, isMinimized: false, isTunableApp: false
04-13 14:47:59.971  1249  1249 D GameManagerService: unexpected mPrevNotiType: -1
04-13 14:47:59.971  1249  2386 D MARsPolicyManager: handlePackageResumedFG pkgName = com.google.android.packageinstaller, userId = 0
04-13 14:47:59.977  1249  3616 D GamePkgDataHelper: getGamePkgData(). com.google.android.packageinstaller
04-13 14:47:59.977  1249  3616 D GameManagerService: identifyGamePackage. com.google.android.packageinstaller
04-13 14:47:59.977  1249  1384 D SensorHAL: lsm6ds3_accel: set sampling frequency to 100.0Hz.
04-13 14:47:59.978 10913 10913 D SensorManager: registerListener :: 1, LSM6DS3 Accelerometer Sensor, 0, 0,  
04-13 14:47:59.981  1249  3616 D GameManagerService: identifyGamePackage. com.google.android.packageinstaller
04-13 14:47:59.996  1249  3616 D SSRM:i  : SIOP:: AP = 360, PST = 343 (W:30), CP = 45, LCD = 66
04-13 14:47:59.999  1249  2594 D SensorHAL: yas_magnetometer: set sampling frequency to 100.0Hz.
04-13 14:47:59.999  1249  2594 D SensorHAL: yas_magnetometer: power-on.
04-13 14:47:59.999 10913 10913 D SensorManager: registerListener :: 2, YAS539 Magnetometer Sensor, 0, 0,  
04-13 14:47:59.999  1249  1316 D SamsungAlarmManager: Expired : 8
04-13 14:48:00.000  1249  1316 V SamsungAlarmManager: Sending to uid : 1000 action=android.intent.action.TIME_TICK alarm=Alarm{c73718e type 3 when 28272057 android}
04-13 14:48:00.002  1249  3616 D GameManagerService: identifyGamePackage. com.google.android.packageinstaller
04-13 14:48:00.003  1249  1249 D SamsungAlarmManager: setExact Intent (T:3/F:1/AC:false) 20180413T144900 - CU:1000/CP:1249
04-13 14:48:00.003  1249  2611 D SensorHAL: lsm6ds3_gyro: set sampling frequency to 100.0Hz.
04-13 14:48:00.003  1249  2611 D SensorHAL: lsm6ds3_gyro: power-on.
04-13 14:48:00.003  1249  1249 I SamsungAlarmManager: setLocked to kernel - T:3 / 20180413T144900, SetElapsed=28332058, nowELAPSED=28272061
04-13 14:48:00.003 10913 10913 D SensorManager: registerListener :: 7, LSM6DS3 Gyroscope Sensor, 0, 0,  
04-13 14:48:00.004  1526  1526 D KeyguardUpdateMonitor: received broadcast android.intent.action.TIME_TICK
04-13 14:48:00.004  1526  1526 D KeyguardUpdateMonitor: handleTimeUpdate#start
04-13 14:48:00.004 10913 10913 D ViewRootImpl@8229b1f[BootActivity]: dispatchAttachedToWindow
04-13 14:48:00.006  1249  2623 V WindowManager: Relayout Window{2decd89d0 u0 com.huuuge.stars.slots/com.huuuge.casino.BootActivity}: viewVisibility=0 req=2048x1488 WM.LayoutParams{(0,0)(fillxfill) sim=#123 ty=1 fl=#1810500 pfl=0x20000 fmt=-3 wanim=0x1030001 vsysui=0x1706 needsMenuKey=2 naviIconColor=0}
04-13 14:48:00.006 21757 21757 D ViewRootImpl@ce10e8c[GrantPermissionsActivity]: ThreadedRenderer.create() translucent=true
04-13 14:48:00.006   460   460 I SurfaceFlinger: id=697 createSurf (1x1),1 flag=4, CootActivit
04-13 14:48:00.010  1526  1526 D KeyguardUpdateMonitor: handleTimeUpdate#end
04-13 14:48:00.010  1526  1526 D SystemUI_Clock: Clock received ACTION_TIME_TICK : start
04-13 14:48:00.011  1526  1526 D SystemUI_Clock: Clock received ACTION_TIME_TICK : end
04-13 14:48:00.014  1526  1526 D TextClock: TextClock received ACTION_TIME_TICK : start
04-13 14:48:00.015  1526  1526 D TextClock: TextClock received ACTION_TIME_TICK : end
04-13 14:48:00.016  1526  1526 D TextClock: TextClock received ACTION_TIME_TICK : start
04-13 14:48:00.016  1526  1526 D TextClock: TextClock received ACTION_TIME_TICK : end
04-13 14:48:00.019  1249  2594 D WindowManager: addWindow: android.view.IWindow$Stub$Proxy@96115bc displayId=0
04-13 14:48:00.019 10913 10913 D ViewRootImpl@8229b1f[BootActivity]: Relayout returned: oldFrame=[0,0][0,0] newFrame=[0,0][2048,1536] result=0x27 surface={isValid=true -942270464} surfaceGenerationChanged=true
04-13 14:48:00.020 10913 10913 D ViewRootImpl@8229b1f[BootActivity]: mHardwareRenderer.initialize() mSurface={isValid=true -942270464} hwInitialized=true
04-13 14:48:00.020  1249  2594 D InputTransport: Input channel constructed: fd=471
04-13 14:48:00.020  1249  2594 D InputTransport: Input channel constructed: fd=494
04-13 14:48:00.020  1249  2594 D WindowManager: openInputChannel mInputChannel: cb9189a com.google.android.packageinstaller/com.android.packageinstaller.permission.ui.GrantPermissionsActivity (server)
04-13 14:48:00.020 10913 10982 I Adreno  : QUALCOMM build                   : bc01238, I8e5c908169
04-13 14:48:00.020 10913 10982 I Adreno  : Build Date                       : 12/22/16
04-13 14:48:00.020 10913 10982 I Adreno  : OpenGL ES Shader Compiler Version: XE031.09.00.03
04-13 14:48:00.020 10913 10982 I Adreno  : Local Branch                     : mybranch24102081
04-13 14:48:00.020 10913 10982 I Adreno  : Remote Branch                    : quic/LA.BR.1.3.6.c1_rb1.5
04-13 14:48:00.020 10913 10982 I Adreno  : Remote Branch                    : NONE
04-13 14:48:00.020 10913 10982 I Adreno  : Reconstruct Branch               : NOTHING
04-13 14:48:00.021  1249  2594 D InputTransport: Input channel destroyed: fd=494
04-13 14:48:00.021 21757 21757 D InputTransport: Input channel constructed: fd=63
04-13 14:48:00.021 21757 21757 D ViewRootImpl@ce10e8c[GrantPermissionsActivity]: setView = DecorView@a8a09d5[GrantPermissionsActivity] touchMode=true
04-13 14:48:00.022  1249  2387 D ActivityManager: post active user change for 0 fullscreen false isHomeActivity() false
04-13 14:48:00.022  1249  2387 D KnoxTimeoutHandler: postActiveUserChange [MsgParam] userId: 0 fullscreen is false showWhenlocked is false isMutiwindowRecord is false multiwindowstyle is 0
04-13 14:48:00.022  1249  1249 D KnoxTimeoutHandler: handleActiveUserChange [MsgParam] userId: 0 fullscreen is false showWhenlocked is false isMutiwindowRecord is false multiwindowstyle is 0
04-13 14:48:00.023  1249  2382 D WindowManager: addWindow: android.view.IWindow$Stub$Proxy@16a95cb displayId=0
04-13 14:48:00.023 21757 21757 D ViewRootImpl@ce10e8c[GrantPermissionsActivity]: dispatchAttachedToWindow
04-13 14:48:00.023  1249  1249 I KnoxTimeoutHandler: Shared devices show user statefalse
04-13 14:48:00.023  1249  1249 I KnoxTimeoutHandler: Target Activity is not fullscreen. We will not show this activity0
04-13 14:48:00.024  1249  1260 V WindowManager: Relayout Window{cb9189ad0 u0 com.google.android.packageinstaller/com.android.packageinstaller.permission.ui.GrantPermissionsActivity}: viewVisibility=0 req=1024x1488 WM.LayoutParams{(0,0)(wrapxwrap) sim=#120 ty=1 fl=#1800002 fmt=-2 wanim=0x103038b surfaceInsets=Rect(4, 4 - 4, 4) needsMenuKey=2 naviIconColor=0}
04-13 14:48:00.025   460   460 I SurfaceFlinger: id=698 createSurf (9x9),1 flag=4, HrantPermis
04-13 14:48:00.025 10913 10982 I OpenGLRenderer: Initialized EGL, version 1.4
04-13 14:48:00.025 10913 10982 D OpenGLRenderer: Swap behavior 1
04-13 14:48:00.026  1249  1265 D WindowManager: set systemUiVisibility of statusbar : systemUiFlags= 0x8 fullscreenStackSysUiFlag= 0x0
04-13 14:48:00.031  1249  1260 D InputDispatcher: Focus entered window: 21757
04-13 14:48:00.032  1526  1526 D TextClock: TextClock received ACTION_TIME_TICK : start
04-13 14:48:00.033  1526  1526 D TextClock: TextClock received ACTION_TIME_TICK : end
04-13 14:48:00.033  1526  1526 V hong    : mid yDiff = 383
04-13 14:48:00.034  1526  1526 V hong    : mid yDiff = 383
04-13 14:48:00.034  1526  1526 V hong    : mid yDiff = 383
04-13 14:48:00.034  1526  1526 V hong    : mid yDiff = 383
04-13 14:48:00.034  1526  1526 D SystemUI_DateView: DateView received ACTION_TIME_TICK : start
04-13 14:48:00.034  1526  1526 D SystemUI_DateView: DateView received ACTION_TIME_TICK : end
04-13 14:48:00.036  1526  1526 D TextClock: TextClock received ACTION_TIME_TICK : start
04-13 14:48:00.036  1249  1382 V WindowManager: Relayout Window{725a4c1d0 u0 SurfaceView - com.huuuge.stars.slots/com.huuuge.casino.BootActivity}: viewVisibility=0 req=2048x1536 WM.LayoutParams{(0,0)(2048x1536) gr=#800033 ty=1001 fl=#4218 pfl=0x10040 fmt=4 naviIconColor=0}
04-13 14:48:00.037  1526  1526 D TextClock: TextClock received ACTION_TIME_TICK : end
04-13 14:48:00.037 21757 21757 D ViewRootImpl@ce10e8c[GrantPermissionsActivity]: Relayout returned: oldFrame=[0,0][0,0] newFrame=[512,24][1536,1512] result=0x27 surface={isValid=true 547784861184} surfaceGenerationChanged=true
04-13 14:48:00.037 21757 21757 D ViewRootImpl@ce10e8c[GrantPermissionsActivity]: mHardwareRenderer.initialize() mSurface={isValid=true 547784861184} hwInitialized=true
04-13 14:48:00.037   460   460 I SurfaceFlinger: id=699 createSurf (2048x1536),4 flag=404, CootActivit
04-13 14:48:00.037   460   460 I SurfaceFlinger: id=700 createSurf (2048x1536),-1 flag=20404, CootActivit
04-13 14:48:00.039  1526  1526 D TextClock: TextClock received ACTION_TIME_TICK : start
04-13 14:48:00.039  1526  1526 D TextClock: TextClock received ACTION_TIME_TICK : end
04-13 14:48:00.040 21757 21757 D ViewRootImpl@ce10e8c[GrantPermissionsActivity]: MSG_RESIZED_REPORT: frame=Rect(512, 24 - 1536, 1512) ci=Rect(0, 0 - 0, 0) vi=Rect(0, 0 - 0, 0) or=2
04-13 14:48:00.041  1526  1526 D TextClock: TextClock received ACTION_TIME_TICK : start
04-13 14:48:00.041  1526  1526 D TextClock: TextClock received ACTION_TIME_TICK : end
04-13 14:48:00.043  1526  1526 D TextClock: TextClock received ACTION_TIME_TICK : start
04-13 14:48:00.044  1526  1526 D TextClock: TextClock received ACTION_TIME_TICK : end
04-13 14:48:00.044  1249  2620 D WindowManager: adjustSystemUiVisibilityLw : vis= 0x8
04-13 14:48:00.045 10913 10913 D SurfaceView: Relayout returned: oldFrame=[0,0][0,0] newFrame=[0,0][2048,1536] result=0x7 surface={Surface(name=null)/@0x3ae8a0f isValid=true -942563328}
04-13 14:48:00.046  1526  1526 D DateTimeView: DateTimeView received ACTION_TIME_TICK : start
04-13 14:48:00.047  1526  1526 D DateTimeView: DateTimeView received ACTION_TIME_TICK : end
04-13 14:48:00.047  1249  2613 D WindowManager: finishDrawingWindow: Window{725a4c1d0 u0 SurfaceView - com.huuuge.stars.slots/com.huuuge.casino.BootActivity} mDrawState=DRAW_PENDING
04-13 14:48:00.049 10913 10960 D Context factory: creating OpenGL ES context
04-13 14:48:00.055  1249  2623 D WindowManager: finishDrawingWindow: Window{cb9189ad0 u0 com.google.android.packageinstaller/com.android.packageinstaller.permission.ui.GrantPermissionsActivity} mDrawState=DRAW_PENDING
04-13 14:48:00.055 21757 21757 D ViewRootImpl@ce10e8c[GrantPermissionsActivity]: MSG_WINDOW_FOCUS_CHANGED 1
04-13 14:48:00.055 21757 21757 D ViewRootImpl@ce10e8c[GrantPermissionsActivity]: mHardwareRenderer.initializeIfNeeded()#2 mSurface={isValid=true 547784861184}
04-13 14:48:00.055  1249  2610 V WindowManager: Relayout Window{2decd89d0 u0 com.huuuge.stars.slots/com.huuuge.casino.BootActivity}: viewVisibility=0 req=2048x1536 WM.LayoutParams{(0,0)(fillxfill) sim=#123 ty=1 fl=#1810500 pfl=0x20000 fmt=-3 wanim=0x1030001 vsysui=0x1706 needsMenuKey=2 naviIconColor=0}
04-13 14:48:00.056 21757 21757 V InputMethodManager: Starting input: tba=android.view.inputmethod.EditorInfo@b8345ea nm : com.google.android.packageinstaller ic=null
04-13 14:48:00.056 21757 21757 I InputMethodManager: [IMM] startInputInner - mService.startInputOrWindowGainedFocus
04-13 14:48:00.056  1249  1413 D InputMethodManagerService: windowGainedFocus mCurrentFocusedUserId - 0 and mSecureKeypadEnabled-false
04-13 14:48:00.059 10913 10960 I Claw    : [0m[     0.68004] [30;1mjni/../jni/src/claw/application/android/AndroidApplication.cpp:247: root path=/data/user/0/com.huuuge.stars.slots/files
04-13 14:48:00.059 10913 10960 I Claw    : [0m[     0.68016] [30;1mjni/../jni/src/claw/application/android/AndroidApplication.cpp:254: external path=/storage/emulated/0/Android/data/com.huuuge.stars.slots/files/
04-13 14:48:00.059 10913 10960 I Claw    : [0m[      0.6802] [30;1mjni/../jni/src/claw/application/android/AndroidApplication.cpp:334: init
04-13 14:48:00.059 10913 10960 I Claw    : [0m[     0.68024] [30;1mjni/../jni/src/claw/application/android/AndroidApplication.cpp:335: w: 2048 h: 1536
04-13 14:48:00.059 10913 10960 I Claw    : [0m[     0.68028] [30;1mjni/../jni/src/claw/application/android/AndroidApplication.cpp:1131: Aquire java class for JNI method: com/Claw/Android/ClawActivityCommon
04-13 14:48:00.060 10913 10960 I Claw    : [0m[     0.68047] [30;1mjni/../jni/src/claw/application/android/AndroidApplication.cpp:1131: JNI class acquired, acquire java method: GetDeviceName with args: ()Ljava/lang/String;
