04-23 16:33:39.599 25460 25882 I Claw    : [0m[       26.97] [30;1mjni/../jni/src/claw/vfs/Vfs.cpp:172: Opened file: /sound/sfx_mission_complete.ogg
04-23 16:33:39.619 25460 26012 I Claw    : [0m[      26.986] [30;1mjni/../jni/src/claw/network/HttpRequest.cpp:279: Content length: 59
04-23 16:33:39.619 25460 26012 I Claw    : [0m[      26.986] [30;1mjni/../jni/src/claw/vfs/android/AndroidSaveFile.cpp:82: Open new save assetcache/atlas_collection_event_1_etc2.pak
04-23 16:33:39.619 25460 26012 I Claw    : [0m[      26.989] [30;1mjni/../jni/src/claw/vfs/android/AndroidSaveFile.cpp:82: Open new save assetcache/atlas_collection_event_1_etc2.pak.meta
04-23 16:33:39.619 25460 26012 I Claw    : [0m[       26.99] [30;1mjni/../jni/src/claw/vfs/NativeMount.cpp:244: Aquire java class for JNI method: com/Claw/Android/NativeMount
04-23 16:33:39.619 25460 26012 I Claw    : [0m[       26.99] [30;1mjni/../jni/src/claw/vfs/NativeMount.cpp:244: JNI class acquired, acquire java method: GetFreeDiskSpace with args: (Ljava/lang/String;)J
04-23 16:33:39.619 25460 26012 I Claw    : [0m[      26.991] [30;1mjni/../jni/src/claw/vfs/NativeMount.cpp:244: Aquire java class for JNI method: com/Claw/Android/NativeMount
04-23 16:33:39.619 25460 26012 I Claw    : [0m[      26.992] [30;1mjni/../jni/src/claw/vfs/NativeMount.cpp:244: JNI class acquired, acquire java method: GetFreeDiskSpace with args: (Ljava/lang/String;)J
04-23 16:33:39.619 25460 26012 I Claw    : [0m[      26.993] [30;1mjni/../jni/src/claw/vfs/NativeMount.cpp:244: Aquire java class for JNI method: com/Claw/Android/NativeMount
04-23 16:33:39.629 25460 26012 I Claw    : [0m[      26.993] [30;1mjni/../jni/src/claw/vfs/NativeMount.cpp:244: JNI class acquired, acquire java method: GetFreeDiskSpace with args: (Ljava/lang/String;)J
04-23 16:33:39.629 25460 26012 I Claw    : [0m[      26.994] [30;1mjni/../jni/src/claw/vfs/NativeMount.cpp:244: Aquire java class for JNI method: com/Claw/Android/NativeMount
04-23 16:33:39.629 25460 26012 I Claw    : [0m[      26.994] [30;1mjni/../jni/src/claw/vfs/NativeMount.cpp:244: JNI class acquired, acquire java method: GetFreeDiskSpace with args: (Ljava/lang/String;)J
04-23 16:33:39.629  2218  2767 D EnterpriseController: netId is 0
04-23 16:33:39.629  2218  2767 D Netd    : getNetworkForDns: using netid 502 for uid 10694
04-23 16:33:39.629 25460 26012 I Claw    : [0m[      26.997] [30;1mjni/../jni/src/claw/network/HttpRequest.cpp:97: cdn-hs-dev.hgonline.net resolved to ::ffff:92.122.48.57
04-23 16:33:39.629 25460 26012 I Claw    : [0m[      26.997] [30;1mjni/../jni/src/claw/network/HttpRequest.cpp:97: cdn-hs-dev.hgonline.net resolved to ::ffff:92.122.48.58
04-23 16:33:39.629 25460 26012 I Claw    : [0m[      26.998] [30;1mjni/../jni/src/claw/network/unix/UnixStreamSocket.cpp:93: Connecting to ::ffff:92.122.48.57
04-23 16:33:39.649 25460 25882 I Claw    : [0m[      27.014] /home/jenkins-agent/workspace/huuuge-stars/client-dev/hs-android/src/casino/AudioManager.cpp:223: Loading audio source: sound/sfx_new_mission.ogg@buffer
04-23 16:33:39.649 25460 25882 I Claw    : [0m[      27.014] [30;1mjni/../jni/src/claw/vfs/Vfs.cpp:172: Opened file: /sound/sfx_new_mission.ogg
04-23 16:33:39.689 25460 25882 I Claw    : [0m[      27.059] /home/jenkins-agent/workspace/huuuge-stars/client-dev/hs-android/src/casino/AudioManager.cpp:223: Loading audio source: sound/ftue_intro_reward.ogg@buffer
04-23 16:33:39.689 25460 25882 I Claw    : [0m[      27.059] [30;1mjni/../jni/src/claw/vfs/Vfs.cpp:172: Opened file: /sound/ftue_intro_reward.ogg
04-23 16:33:39.809 25460 26012 I Claw    : [0m[       27.18] [30;1mjni/../jni/src/claw/network/HttpRequest.cpp:279: Content length: 258309
04-23 16:33:39.819 25460 26012 I Claw    : [0m[      27.185] [30;1mjni/../jni/src/claw/vfs/NativeMount.cpp:244: Aquire java class for JNI method: com/Claw/Android/NativeMount
04-23 16:33:39.819 25460 26012 I Claw    : [0m[      27.185] [30;1mjni/../jni/src/claw/vfs/NativeMount.cpp:244: JNI class acquired, acquire java method: GetFreeDiskSpace with args: (Ljava/lang/String;)J
04-23 16:33:39.819 25460 25882 I Claw    : [0m[      27.186] /home/jenkins-agent/workspace/huuuge-stars/client-dev/hs-android/src/casino/AudioManager.cpp:223: Loading audio source: sound/ftue_intro_feature1.ogg@buffer
04-23 16:33:39.819 25460 25882 I Claw    : [0m[      27.186] [30;1mjni/../jni/src/claw/vfs/Vfs.cpp:172: Opened file: /sound/ftue_intro_feature1.ogg
04-23 16:33:39.819 25460 26012 I Claw    : [0m[      27.187] [30;1mjni/../jni/src/claw/vfs/NativeMount.cpp:244: Aquire java class for JNI method: com/Claw/Android/NativeMount
04-23 16:33:39.819 25460 26012 I Claw    : [0m[      27.188] [30;1mjni/../jni/src/claw/vfs/NativeMount.cpp:244: JNI class acquired, acquire java method: GetFreeDiskSpace with args: (Ljava/lang/String;)J
04-23 16:33:39.839 25460 26012 I Claw    : [0m[      27.206] [30;1mjni/../jni/src/claw/vfs/NativeMount.cpp:244: Aquire java class for JNI method: com/Claw/Android/NativeMount
04-23 16:33:39.839 25460 26012 I Claw    : [0m[      27.206] [30;1mjni/../jni/src/claw/vfs/NativeMount.cpp:244: JNI class acquired, acquire java method: GetFreeDiskSpace with args: (Ljava/lang/String;)J
04-23 16:33:39.839 25460 25882 I Claw    : [0m[      27.208] /home/jenkins-agent/workspace/huuuge-stars/client-dev/hs-android/src/casino/AudioManager.cpp:223: Loading audio source: sound/ftue_intro_feature2.ogg@buffer
04-23 16:33:39.839 25460 25882 I Claw    : [0m[      27.209] [30;1mjni/../jni/src/claw/vfs/Vfs.cpp:172: Opened file: /sound/ftue_intro_feature2.ogg
04-23 16:33:39.839 25460 26012 I Claw    : [0m[      27.209] [30;1mjni/../jni/src/claw/vfs/NativeMount.cpp:244: Aquire java class for JNI method: com/Claw/Android/NativeMount
04-23 16:33:39.839 25460 26012 I Claw    : [0m[      27.209] [30;1mjni/../jni/src/claw/vfs/NativeMount.cpp:244: JNI class acquired, acquire java method: GetFreeDiskSpace with args: (Ljava/lang/String;)J
04-23 16:33:39.839 25460 26012 I Claw    : [0m[      27.211] [30;1mjni/../jni/src/claw/vfs/NativeMount.cpp:244: Aquire java class for JNI method: com/Claw/Android/NativeMount
04-23 16:33:39.839 25460 26012 I Claw    : [0m[      27.212] [30;1mjni/../jni/src/claw/vfs/NativeMount.cpp:244: JNI class acquired, acquire java method: GetFreeDiskSpace with args: (Ljava/lang/String;)J
04-23 16:33:39.849 25460 26012 I Claw    : [0m[      27.215] [30;1mjni/../jni/src/claw/vfs/NativeMount.cpp:244: Aquire java class for JNI method: com/Claw/Android/NativeMount
04-23 16:33:39.849 25460 26012 I Claw    : [0m[      27.216] [30;1mjni/../jni/src/claw/vfs/NativeMount.cpp:244: JNI class acquired, acquire java method: GetFreeDiskSpace with args: (Ljava/lang/String;)J
04-23 16:33:39.849 25460 26012 I Claw    : [0m[      27.219] [30;1mjni/../jni/src/claw/vfs/NativeMount.cpp:244: Aquire java class for JNI method: com/Claw/Android/NativeMount
04-23 16:33:39.849 25460 26012 I Claw    : [0m[       27.22] [30;1mjni/../jni/src/claw/vfs/NativeMount.cpp:244: JNI class acquired, acquire java method: GetFreeDiskSpace with args: (Ljava/lang/String;)J
04-23 16:33:39.849 25460 26012 I Claw    : [0m[      27.223] [30;1mjni/../jni/src/claw/vfs/NativeMount.cpp:244: Aquire java class for JNI method: com/Claw/Android/NativeMount
04-23 16:33:39.859 25460 26012 I Claw    : [0m[      27.224] [30;1mjni/../jni/src/claw/vfs/NativeMount.cpp:244: JNI class acquired, acquire java method: GetFreeDiskSpace with args: (Ljava/lang/String;)J
04-23 16:33:39.859 25460 25882 I Claw    : [0m[      27.226] /home/jenkins-agent/workspace/huuuge-stars/client-dev/hs-android/src/casino/AudioManager.cpp:223: Loading audio source: sound/ftue_intro_feature3.ogg@buffer
04-23 16:33:39.859 25460 25882 I Claw    : [0m[      27.227] [30;1mjni/../jni/src/claw/vfs/Vfs.cpp:172: Opened file: /sound/ftue_intro_feature3.ogg
04-23 16:33:39.859 25460 26012 I Claw    : [0m[      27.231] [30;1mjni/../jni/src/claw/vfs/NativeMount.cpp:244: Aquire java class for JNI method: com/Claw/Android/NativeMount
04-23 16:33:39.859 25460 26012 I Claw    : [0m[      27.231] [30;1mjni/../jni/src/claw/vfs/NativeMount.cpp:244: JNI class acquired, acquire java method: GetFreeDiskSpace with args: (Ljava/lang/String;)J
04-23 16:33:39.869 25460 26012 I Claw    : [0m[      27.234] [30;1mjni/../jni/src/claw/vfs/NativeMount.cpp:244: Aquire java class for JNI method: com/Claw/Android/NativeMount
04-23 16:33:39.869 25460 26012 I Claw    : [0m[      27.234] [30;1mjni/../jni/src/claw/vfs/NativeMount.cpp:244: JNI class acquired, acquire java method: GetFreeDiskSpace with args: (Ljava/lang/String;)J
04-23 16:33:39.869 25460 26012 I Claw    : [0m[      27.237] [30;1mjni/../jni/src/claw/vfs/NativeMount.cpp:244: Aquire java class for JNI method: com/Claw/Android/NativeMount
04-23 16:33:39.869 25460 26012 I Claw    : [0m[      27.237] [30;1mjni/../jni/src/claw/vfs/NativeMount.cpp:244: JNI class acquired, acquire java method: GetFreeDiskSpace with args: (Ljava/lang/String;)J
04-23 16:33:39.869 25460 26012 I Claw    : [0m[      27.239] [30;1mjni/../jni/src/claw/vfs/NativeMount.cpp:244: Aquire java class for JNI method: com/Claw/Android/NativeMount
04-23 16:33:39.869 25460 26012 I Claw    : [0m[      27.239] [30;1mjni/../jni/src/claw/vfs/NativeMount.cpp:244: JNI class acquired, acquire java method: GetFreeDiskSpace with args: (Ljava/lang/String;)J
04-23 16:33:39.869 25460 26012 I Claw    : [0m[      27.241] [30;1mjni/../jni/src/claw/vfs/NativeMount.cpp:244: Aquire java class for JNI method: com/Claw/Android/NativeMount
04-23 16:33:39.869 25460 26012 I Claw    : [0m[      27.241] [30;1mjni/../jni/src/claw/vfs/NativeMount.cpp:244: JNI class acquired, acquire java method: GetFreeDiskSpace with args: (Ljava/lang/String;)J
04-23 16:33:39.869 25460 26012 I Claw    : [0m[      27.243] [30;1mjni/../jni/src/claw/vfs/NativeMount.cpp:244: Aquire java class for JNI method: com/Claw/Android/NativeMount
04-23 16:33:39.869 25460 26012 I Claw    : [0m[      27.243] [30;1mjni/../jni/src/claw/vfs/NativeMount.cpp:244: JNI class acquired, acquire java method: GetFreeDiskSpace with args: (Ljava/lang/String;)J
04-23 16:33:39.879 25460 26012 I Claw    : [0m[      27.245] [30;1mjni/../jni/src/claw/vfs/NativeMount.cpp:244: Aquire java class for JNI method: com/Claw/Android/NativeMount
04-23 16:33:39.879 25460 26012 I Claw    : [0m[      27.246] [30;1mjni/../jni/src/claw/vfs/NativeMount.cpp:244: JNI class acquired, acquire java method: GetFreeDiskSpace with args: (Ljava/lang/String;)J
04-23 16:33:39.879 25460 25882 I Claw    : [0m[      27.247] /home/jenkins-agent/workspace/huuuge-stars/client-dev/hs-android/src/casino/AudioManager.cpp:223: Loading audio source: sound/ftue_intro_feature4.ogg@buffer
04-23 16:33:39.879 25460 26012 I Claw    : [0m[      27.247] [30;1mjni/../jni/src/claw/vfs/NativeMount.cpp:244: Aquire java class for JNI method: com/Claw/Android/NativeMount
04-23 16:33:39.879 25460 26012 I Claw    : [0m[      27.247] [30;1mjni/../jni/src/claw/vfs/NativeMount.cpp:244: JNI class acquired, acquire java method: GetFreeDiskSpace with args: (Ljava/lang/String;)J
04-23 16:33:39.879 25460 25882 I Claw    : [0m[      27.247] [30;1mjni/../jni/src/claw/vfs/Vfs.cpp:172: Opened file: /sound/ftue_intro_feature4.ogg
04-23 16:33:39.879 25460 26012 I Claw    : [0m[      27.248] [30;1mjni/../jni/src/claw/vfs/android/AndroidSaveFile.cpp:82: Open new save assetcache/atlas_collection_event_1_etc2.pak.meta
04-23 16:33:39.879 25460 26012 I Claw    : [0m[      27.249] [30;1mjni/../jni/src/claw/vfs/NativeMount.cpp:244: Aquire java class for JNI method: com/Claw/Android/NativeMount
04-23 16:33:39.879 25460 26012 I Claw    : [0m[      27.249] [30;1mjni/../jni/src/claw/vfs/NativeMount.cpp:244: JNI class acquired, acquire java method: GetFreeDiskSpace with args: (Ljava/lang/String;)J
04-23 16:33:39.879 25460 26012 I Claw    : [0m[       27.25] [30;1mjni/../jni/src/claw/vfs/NativeMount.cpp:244: Aquire java class for JNI method: com/Claw/Android/NativeMount
04-23 16:33:39.879 25460 26012 I Claw    : [0m[       27.25] [30;1mjni/../jni/src/claw/vfs/NativeMount.cpp:244: JNI class acquired, acquire java method: GetFreeDiskSpace with args: (Ljava/lang/String;)J
04-23 16:33:39.879 25460 26012 I Claw    : [0m[      27.251] [30;1mjni/../jni/src/claw/vfs/NativeMount.cpp:244: Aquire java class for JNI method: com/Claw/Android/NativeMount
04-23 16:33:39.879 25460 26012 I Claw    : [0m[      27.252] [30;1mjni/../jni/src/claw/vfs/NativeMount.cpp:244: JNI class acquired, acquire java method: GetFreeDiskSpace with args: (Ljava/lang/String;)J
04-23 16:33:39.879 25460 26012 I Claw    : [0m[      27.253] [30;1mjni/../jni/src/claw/vfs/NativeMount.cpp:244: Aquire java class for JNI method: com/Claw/Android/NativeMount
04-23 16:33:39.879 25460 26012 I Claw    : [0m[      27.253] [30;1mjni/../jni/src/claw/vfs/NativeMount.cpp:244: JNI class acquired, acquire java method: GetFreeDiskSpace with args: (Ljava/lang/String;)J
04-23 16:33:39.889 25460 26012 I Claw    : [0m[      27.254] [30;1mjni/../jni/src/claw/vfs/android/AndroidSaveFile.cpp:82: Open new save assetcache/atlas_collection_event_1_etc2.pak.meta
04-23 16:33:39.889 25460 26012 I Claw    : [0m[      27.255] [30;1mjni/../jni/src/claw/vfs/NativeMount.cpp:244: Aquire java class for JNI method: com/Claw/Android/NativeMount
04-23 16:33:39.889 25460 26012 I Claw    : [0m[      27.255] [30;1mjni/../jni/src/claw/vfs/NativeMount.cpp:244: JNI class acquired, acquire java method: GetFreeDiskSpace with args: (Ljava/lang/String;)J
04-23 16:33:39.889 25460 25896 I Claw    : [0m[      27.255] /home/jenkins-agent/workspace/huuuge-stars/client-dev/hs-android/contrib/huuugeanalyticssdk/cpp/src/huuuge/analytics/HAHttp-android.cpp:80: Huuuge::analytics::HTTPAndroid::InvokeHttps 1nsjtnbmgl.execute-api.us-east-1.amazonaws.com public/dashboard-events
04-23 16:33:39.889 25460 26012 I Claw    : [0m[      27.256] [30;1mjni/../jni/src/claw/vfs/NativeMount.cpp:244: Aquire java class for JNI method: com/Claw/Android/NativeMount
04-23 16:33:39.889 25460 26012 I Claw    : [0m[      27.256] [30;1mjni/../jni/src/claw/vfs/NativeMount.cpp:244: JNI class acquired, acquire java method: GetFreeDiskSpace with args: (Ljava/lang/String;)J
04-23 16:33:39.889 25460 25896 I Claw    : [0m[      27.256] /home/jenkins-agent/workspace/huuuge-stars/client-dev/hs-android/contrib/huuugeanalyticssdk/cpp/src/huuuge/analytics/HAHttp-android.cpp:100: Huuuge::analytics::HTTPAndroid::InvokeHttps convert post payload 2244
04-23 16:33:39.889 25460 25896 I Claw    : [0m[      27.256] ../../../../../../../../contrib/huuugeanalyticssdk/cpp/contrib/jni/JniAttach.hpp:147: Aquire java class for JNI method: com/huuuge/analytics/HA
04-23 16:33:39.889 25460 25896 I Claw    : [0m[      27.256] ../../../../../../../../contrib/huuugeanalyticssdk/cpp/contrib/jni/JniAttach.hpp:147: JNI class acquired, acquire java method: doHttpsRequest with args: (Ljava/lang/String;Ljava/lang/String;Ljava/lang/String;[Ljava/lang/String;[Ljava/lang/String;[B)[Ljava/lang/String;
04-23 16:33:39.889 25460 25896 I Claw    : [0m[      27.257] ../../../../../../../../contrib/huuugeanalyticssdk/cpp/contrib/jni/JniAttach.hpp:148: JNI method acquired, try to call.
04-23 16:33:39.889 25460 26012 I Claw    : [0m[      27.258] [30;1mjni/../jni/src/claw/vfs/NativeMount.cpp:244: Aquire java class for JNI method: com/Claw/Android/NativeMount
04-23 16:33:39.889 25460 26012 I Claw    : [0m[      27.258] [30;1mjni/../jni/src/claw/vfs/NativeMount.cpp:244: JNI class acquired, acquire java method: GetFreeDiskSpace with args: (Ljava/lang/String;)J
04-23 16:33:39.889 25460 26015 I System.out: (HTTPLog)-Static: isSBSettingEnabled false
04-23 16:33:39.889 25460 26015 I System.out: (HTTPLog)-Static: isSBSettingEnabled false
04-23 16:33:39.889 25460 26012 I Claw    : [0m[      27.259] [30;1mjni/../jni/src/claw/vfs/NativeMount.cpp:244: Aquire java class for JNI method: com/Claw/Android/NativeMount
04-23 16:33:39.889 25460 26012 I Claw    : [0m[      27.259] [30;1mjni/../jni/src/claw/vfs/NativeMount.cpp:244: JNI class acquired, acquire java method: GetFreeDiskSpace with args: (Ljava/lang/String;)J
04-23 16:33:39.889 25460 26012 I Claw    : [0m[       27.26] [30;1mjni/../jni/src/claw/vfs/android/AndroidSaveFile.cpp:82: Open new save assetcache/atlas_collection_event_1_etc2.pak.meta
04-23 16:33:39.889 25460 26012 I Claw    : [0m[      27.261] [30;1mjni/../jni/src/claw/vfs/NativeMount.cpp:244: Aquire java class for JNI method: com/Claw/Android/NativeMount
04-23 16:33:39.889 25460 26012 I Claw    : [0m[      27.261] [30;1mjni/../jni/src/claw/vfs/NativeMount.cpp:244: JNI class acquired, acquire java method: GetFreeDiskSpace with args: (Ljava/lang/String;)J
04-23 16:33:39.889 25460 26012 I Claw    : [0m[      27.262] [30;1mjni/../jni/src/claw/vfs/NativeMount.cpp:244: Aquire java class for JNI method: com/Claw/Android/NativeMount
04-23 16:33:39.889 25460 26012 I Claw    : [0m[      27.262] [30;1mjni/../jni/src/claw/vfs/NativeMount.cpp:244: JNI class acquired, acquire java method: GetFreeDiskSpace with args: (Ljava/lang/String;)J
04-23 16:33:39.889 25460 26012 W libc    : It seems that pthread_join() is not invoked or PTHREAD_ATTR_FLAG_DETACHED is not set.
04-23 16:33:39.899 25460 26012 W libc    :     pthread tid          : 26012
04-23 16:33:39.899 25460 26012 W libc    :     pthread start_routine: 0xdedf73b4
04-23 16:33:39.899 25460 25882 I Claw    : [0m[      27.265] /home/jenkins-agent/workspace/huuuge-stars/client-dev/hs-android/src/casino/AudioManager.cpp:223: Loading audio source: sound/ftue_intro_feature5.ogg@buffer
04-23 16:33:39.899 25460 25882 I Claw    : [0m[      27.266] [30;1mjni/../jni/src/claw/vfs/Vfs.cpp:172: Opened file: /sound/ftue_intro_feature5.ogg
04-23 16:33:39.929 25460 25882 I Claw    : [0m[      27.294] /home/jenkins-agent/workspace/huuuge-stars/client-dev/hs-android/src/casino/AudioManager.cpp:223: Loading audio source: sound/sfx_gift_open.ogg@buffer
04-23 16:33:39.929 25460 25882 I Claw    : [0m[      27.295] [30;1mjni/../jni/src/claw/vfs/Vfs.cpp:172: Opened file: /sound/sfx_gift_open.ogg
04-23 16:33:39.989 25460 25882 I Claw    : [0m[      27.358] /home/jenkins-agent/workspace/huuuge-stars/client-dev/hs-android/src/casino/AudioManager.cpp:223: Loading audio source: sound/sfx_tile_shuffle.ogg@buffer
04-23 16:33:39.989 25460 25882 I Claw    : [0m[      27.359] [30;1mjni/../jni/src/claw/vfs/Vfs.cpp:172: Opened file: /sound/sfx_tile_shuffle.ogg
04-23 16:33:40.029 25460 25908 I Claw    : [0m[      27.398] [30;1mjni/../jni/src/claw/vfs/android/AndroidSaveFile.cpp:42: Open existing save assetcache/atlas_collection_event_1_etc2.pak
04-23 16:33:40.029 25460 25908 I Claw    : [0m[      27.399] [30;1mjni/../jni/src/claw/vfs/Vfs.cpp:172: Opened file: /assetcache/atlas_collection_event_1_etc2.pak
04-23 16:33:40.029 25460 25908 I Claw    : [0m[        27.4] /home/jenkins-agent/workspace/huuuge-stars/client-dev/hs-android/src/casino/DownloadManager.cpp:500: Mounting pak: atlas_collection_event_1_etc2.pak
04-23 16:33:40.029 25460 25908 I Claw    : [0m[        27.4] [30;1mjni/../jni/src/claw/vfs/Vfs.cpp:97: Added new mount at /
04-23 16:33:40.029 25460 25908 I Claw    : [0m[        27.4] [30;1mjni/../jni/src/claw/vfs/android/AndroidSaveFile.cpp:42: Open existing save assetcache/atlas_tiles2_hc_1_etc2.pak.meta
04-23 16:33:40.029 25460 25908 I Claw    : [0m[        27.4] [30;1mjni/../jni/src/claw/vfs/Vfs.cpp:168: Cannot open file: /assetcache/atlas_tiles2_hc_1_etc2.pak.meta
04-23 16:33:40.029 25460 25908 I Claw    : [0m[      27.401] /home/jenkins-agent/workspace/huuuge-stars/client-dev/hs-android/src/casino/ServerList.cpp:53: Server list returning http://cdn-hs-dev.hgonline.net/347/, 1/14
04-23 16:33:40.029 25460 25908 I Claw    : [0m[      27.401] [30;1mjni/../jni/src/claw/vfs/android/AndroidSaveFile.cpp:42: Open existing save assetcache/atlas_tiles2_hc_1_etc2.pak.meta
04-23 16:33:40.029 25460 25908 I Claw    : [0m[      27.401] [30;1mjni/../jni/src/claw/vfs/Vfs.cpp:168: Cannot open file: /assetcache/atlas_tiles2_hc_1_etc2.pak.meta
04-23 16:33:40.029 25460 25908 I Claw    : [0m[      27.401] /home/jenkins-agent/workspace/huuuge-stars/client-dev/hs-android/src/casino/DefaultDownloadManager.cpp:415: Downloading pak atlas_tiles2_hc_1_etc2.pak from http://cdn-hs-dev.hgonline.net/347/
04-23 16:33:40.029  2218  2767 D EnterpriseController: netId is 0
04-23 16:33:40.029  2218  2767 D Netd    : getNetworkForDns: using netid 502 for uid 10694
04-23 16:33:40.039 25460 26016 I Claw    : [0m[      27.404] [30;1mjni/../jni/src/claw/network/HttpRequest.cpp:97: cdn-hs-dev.hgonline.net resolved to ::ffff:92.122.48.57
04-23 16:33:40.039 25460 25898 I Claw    : [0m[      27.404] ../../../../../../../../contrib/huuugeanalyticssdk/cpp/contrib/jni/JniAttach.hpp:185: Aquire java class for JNI method: com/huuuge/analytics/HA
04-23 16:33:40.039 25460 26016 I Claw    : [0m[      27.404] [30;1mjni/../jni/src/claw/network/HttpRequest.cpp:97: cdn-hs-dev.hgonline.net resolved to ::ffff:92.122.48.58
04-23 16:33:40.039 25460 25898 I Claw    : [0m[      27.404] ../../../../../../../../contrib/huuugeanalyticssdk/cpp/contrib/jni/JniAttach.hpp:185: JNI class acquired, acquire java method: connectionStatus with args: ()I
04-23 16:33:40.039 25460 25898 I Claw    : [0m[      27.404] ../../../../../../../../contrib/huuugeanalyticssdk/cpp/contrib/jni/JniAttach.hpp:186: JNI method acquired, try to call.
04-23 16:33:40.039 25460 26016 I Claw    : [0m[      27.404] [30;1mjni/../jni/src/claw/network/unix/UnixStreamSocket.cpp:93: Connecting to ::ffff:92.122.48.57
04-23 16:33:40.039 25460 25898 I Claw    : [0m[      27.405] ../../../../../../../../contrib/huuugeanalyticssdk/cpp/contrib/jni/JniAttach.hpp:189: JNI method called.
04-23 16:33:40.039  2612  3486 D ConnectivityService: returning getNetworkInfo for network type 1 : [type: WIFI[] - WIFI, state: CONNECTED/CONNECTED, reason: (unspecified), extra: "HuuugeQA", roaming: false, failover: false, isAvailable: true]
04-23 16:33:40.039  2612  4192 D ConnectivityService: returning getNetworkInfo for network type 0 : [type: MOBILE[] - MOBILE, state: DISCONNECTED/DISCONNECTED, reason: (unspecified), extra: (none), roaming: false, failover: false, isAvailable: true]
04-23 16:33:40.049 25460 25882 I Claw    : [0m[      27.422] /home/jenkins-agent/workspace/huuuge-stars/client-dev/hs-android/src/casino/AudioManager.cpp:223: Loading audio source: sound/sfx_gift_sparkle_loop.ogg@buffer
04-23 16:33:40.049 25460 25882 I Claw    : [0m[      27.422] [30;1mjni/../jni/src/claw/vfs/Vfs.cpp:172: Opened file: /sound/sfx_gift_sparkle_loop.ogg
04-23 16:33:40.189 25460 25882 I Claw    : [0m[      27.559] /home/jenkins-agent/workspace/huuuge-stars/client-dev/hs-android/src/casino/AudioManager.cpp:223: Loading audio source: sound/button_down.ogg@buffer
04-23 16:33:40.189 25460 25882 I Claw    : [0m[      27.559] [30;1mjni/../jni/src/claw/vfs/Vfs.cpp:172: Opened file: /sound/button_down.ogg
04-23 16:33:40.189 25460 25896 I Claw    : [0m[      27.562] ../../../../../../../../contrib/huuugeanalyticssdk/cpp/contrib/jni/JniAttach.hpp:151: JNI method called.
04-23 16:33:40.189 25460 25896 I Claw    : [0m[      27.562] /home/jenkins-agent/workspace/huuuge-stars/client-dev/hs-android/contrib/huuugeanalyticssdk/cpp/src/huuuge/analytics/HAHttp-android.cpp:133: Huuuge::analytics::HTTPAndroid::InvokeHttps response code is 200
04-23 16:33:40.189 25460 25896 I Claw    : [0m[      27.562] /home/jenkins-agent/workspace/huuuge-stars/client-dev/hs-android/contrib/huuugeanalyticssdk/cpp/src/huuuge/analytics/HAHttp-android.cpp:134: Huuuge::analytics::HTTPAndroid::InvokeHttps response payload is null
04-23 16:33:40.199 25460 25882 I Claw    : [0m[      27.571] /home/jenkins-agent/workspace/huuuge-stars/client-dev/hs-android/src/casino/AudioManager.cpp:223: Loading audio source: sound/vo/male/join_deuceswild.ogg
04-23 16:33:40.199 25460 25882 I Claw    : [0m[      27.571] [30;1mjni/../jni/src/claw/vfs/Vfs.cpp:172: Opened file: /sound/vo/male/join_deuceswild.ogg
04-23 16:33:40.209 25460 25882 I Claw    : [0m[      27.574] /home/jenkins-agent/workspace/huuuge-stars/client-dev/hs-android/src/casino/AudioManager.cpp:223: Loading audio source: sound/vo/male/join_berlin.ogg
04-23 16:33:40.209 25460 25882 I Claw    : [0m[      27.574] [30;1mjni/../jni/src/claw/vfs/Vfs.cpp:172: Opened file: /sound/vo/male/join_berlin.ogg
04-23 16:33:40.209 25460 25882 I Claw    : [0m[      27.577] /home/jenkins-agent/workspace/huuuge-stars/client-dev/hs-android/src/casino/AudioManager.cpp:223: Loading audio source: sound/vo/male/join_morocco.ogg
04-23 16:33:40.209 25460 25882 I Claw    : [0m[      27.578] [30;1mjni/../jni/src/claw/vfs/Vfs.cpp:172: Opened file: /sound/vo/male/join_morocco.ogg
04-23 16:33:40.209 25460 25882 I Claw    : [0m[      27.581] /home/jenkins-agent/workspace/huuuge-stars/client-dev/hs-android/src/casino/AudioManager.cpp:223: Loading audio source: sound/vo/male/cheers.ogg
04-23 16:33:40.209 25460 25882 I Claw    : [0m[      27.581] [30;1mjni/../jni/src/claw/vfs/Vfs.cpp:172: Opened file: /sound/vo/male/cheers.ogg
04-23 16:33:40.219 25460 25882 I Claw    : [0m[      27.584] /home/jenkins-agent/workspace/huuuge-stars/client-dev/hs-android/src/casino/AudioManager.cpp:223: Loading audio source: sound/vo/male/facebook.ogg
04-23 16:33:40.219 25460 25882 I Claw    : [0m[      27.584] [30;1mjni/../jni/src/claw/vfs/Vfs.cpp:172: Opened file: /sound/vo/male/facebook.ogg
04-23 16:33:40.219 25460 26016 I Claw    : [0m[      27.585] [30;1mjni/../jni/src/claw/network/HttpRequest.cpp:279: Content length: 52
04-23 16:33:40.219 25460 26016 I Claw    : [0m[      27.585] [30;1mjni/../jni/src/claw/vfs/android/AndroidSaveFile.cpp:82: Open new save assetcache/atlas_tiles2_hc_1_etc2.pak
04-23 16:33:40.219 25460 26016 I Claw    : [0m[      27.587] [30;1mjni/../jni/src/claw/vfs/android/AndroidSaveFile.cpp:82: Open new save assetcache/atlas_tiles2_hc_1_etc2.pak.meta
04-23 16:33:40.219 25460 26016 I Claw    : [0m[      27.588] [30;1mjni/../jni/src/claw/vfs/NativeMount.cpp:244: Aquire java class for JNI method: com/Claw/Android/NativeMount
04-23 16:33:40.219 25460 26016 I Claw    : [0m[      27.589] [30;1mjni/../jni/src/claw/vfs/NativeMount.cpp:244: JNI class acquired, acquire java method: GetFreeDiskSpace with args: (Ljava/lang/String;)J
04-23 16:33:40.219 25460 25882 I Claw    : [0m[       27.59] /home/jenkins-agent/workspace/huuuge-stars/client-dev/hs-android/src/casino/AudioManager.cpp:223: Loading audio source: sound/vo/male/daily_01.ogg
04-23 16:33:40.219 25460 26016 I Claw    : [0m[       27.59] [30;1mjni/../jni/src/claw/vfs/NativeMount.cpp:244: Aquire java class for JNI method: com/Claw/Android/NativeMount
04-23 16:33:40.219 25460 26016 I Claw    : [0m[       27.59] [30;1mjni/../jni/src/claw/vfs/NativeMount.cpp:244: JNI class acquired, acquire java method: GetFreeDiskSpace with args: (Ljava/lang/String;)J
04-23 16:33:40.219 25460 25882 I Claw    : [0m[       27.59] [30;1mjni/../jni/src/claw/vfs/Vfs.cpp:172: Opened file: /sound/vo/male/daily_01.ogg
04-23 16:33:40.219 25460 26016 I Claw    : [0m[      27.591] [30;1mjni/../jni/src/claw/vfs/NativeMount.cpp:244: Aquire java class for JNI method: com/Claw/Android/NativeMount
04-23 16:33:40.219 25460 26016 I Claw    : [0m[      27.591] [30;1mjni/../jni/src/claw/vfs/NativeMount.cpp:244: JNI class acquired, acquire java method: GetFreeDiskSpace with args: (Ljava/lang/String;)J
04-23 16:33:40.219 25460 26016 I Claw    : [0m[      27.593] [30;1mjni/../jni/src/claw/vfs/NativeMount.cpp:244: Aquire java class for JNI method: com/Claw/Android/NativeMount
04-23 16:33:40.219 25460 26016 I Claw    : [0m[      27.593] [30;1mjni/../jni/src/claw/vfs/NativeMount.cpp:244: JNI class acquired, acquire java method: GetFreeDiskSpace with args: (Ljava/lang/String;)J
04-23 16:33:40.229  2218  2767 D EnterpriseController: netId is 0
04-23 16:33:40.229  2218  2767 D Netd    : getNetworkForDns: using netid 502 for uid 10694
04-23 16:33:40.229 25460 26016 I Claw    : [0m[      27.595] [30;1mjni/../jni/src/claw/network/HttpRequest.cpp:97: cdn-hs-dev.hgonline.net resolved to ::ffff:92.122.48.57
04-23 16:33:40.229 25460 26016 I Claw    : [0m[      27.595] [30;1mjni/../jni/src/claw/network/HttpRequest.cpp:97: cdn-hs-dev.hgonline.net resolved to ::ffff:92.122.48.58
04-23 16:33:40.229 25460 26016 I Claw    : [0m[      27.596] [30;1mjni/../jni/src/claw/network/unix/UnixStreamSocket.cpp:93: Connecting to ::ffff:92.122.48.57
04-23 16:33:40.229 25460 25882 I Claw    : [0m[      27.596] /home/jenkins-agent/workspace/huuuge-stars/client-dev/hs-android/src/casino/AudioManager.cpp:223: Loading audio source: sound/vo/male/daily_02.ogg
04-23 16:33:40.229 25460 25882 I Claw    : [0m[      27.596] [30;1mjni/../jni/src/claw/vfs/Vfs.cpp:172: Opened file: /sound/vo/male/daily_02.ogg
04-23 16:33:40.229 25460 25882 I Claw    : [0m[      27.598] /home/jenkins-agent/workspace/huuuge-stars/client-dev/hs-android/src/casino/AudioManager.cpp:223: Loading audio source: sound/vo/male/daily_03.ogg
04-23 16:33:40.229 25460 25882 I Claw    : [0m[      27.599] [30;1mjni/../jni/src/claw/vfs/Vfs.cpp:172: Opened file: /sound/vo/male/daily_03.ogg
04-23 16:33:40.229 25460 25882 I Claw    : [0m[      27.601] /home/jenkins-agent/workspace/huuuge-stars/client-dev/hs-android/src/casino/AudioManager.cpp:223: Loading audio source: sound/vo/male/join_bonuspoker.ogg
04-23 16:33:40.229 25460 25882 I Claw    : [0m[      27.601] [30;1mjni/../jni/src/claw/vfs/Vfs.cpp:172: Opened file: /sound/vo/male/join_bonuspoker.ogg
04-23 16:33:40.239 25460 25882 I Claw    : [0m[      27.604] /home/jenkins-agent/workspace/huuuge-stars/client-dev/hs-android/src/casino/AudioManager.cpp:223: Loading audio source: sound/vo/male/join_pharaoh_02.ogg
04-23 16:33:40.239 25460 25882 I Claw    : [0m[      27.605] [30;1mjni/../jni/src/claw/vfs/Vfs.cpp:172: Opened file: /sound/vo/male/join_pharaoh_02.ogg
04-23 16:33:40.239 25460 25882 I Claw    : [0m[       27.61] /home/jenkins-agent/workspace/huuuge-stars/client-dev/hs-android/src/casino/AudioManager.cpp:223: Loading audio source: sound/vo/male/join_horus_04.ogg
04-23 16:33:40.239 25460 25882 I Claw    : [0m[       27.61] [30;1mjni/../jni/src/claw/vfs/Vfs.cpp:172: Opened file: /sound/vo/male/join_horus_04.ogg
04-23 16:33:40.239 25460 25882 I Claw    : [0m[      27.613] /home/jenkins-agent/workspace/huuuge-stars/client-dev/hs-android/src/casino/AudioManager.cpp:223: Loading audio source: sound/vo/male/join_bonuspokerdeluxe.ogg
04-23 16:33:40.249 25460 25882 I Claw    : [0m[      27.613] [30;1mjni/../jni/src/claw/vfs/Vfs.cpp:172: Opened file: /sound/vo/male/join_bonuspokerdeluxe.ogg
04-23 16:33:40.249 25460 25882 I Claw    : [0m[      27.616] /home/jenkins-agent/workspace/huuuge-stars/client-dev/hs-android/src/casino/AudioManager.cpp:223: Loading audio source: sound/vo/male/join_vegas.ogg
04-23 16:33:40.249 25460 25882 I Claw    : [0m[      27.616] [30;1mjni/../jni/src/claw/vfs/Vfs.cpp:172: Opened file: /sound/vo/male/join_vegas.ogg
04-23 16:33:40.249 25460 25882 I Claw    : [0m[      27.621] /home/jenkins-agent/workspace/huuuge-stars/client-dev/hs-android/src/casino/AudioManager.cpp:223: Loading audio source: sound/vo/male/outofcredits.ogg
04-23 16:33:40.249 25460 25882 I Claw    : [0m[      27.622] [30;1mjni/../jni/src/claw/vfs/Vfs.cpp:172: Opened file: /sound/vo/male/outofcredits.ogg
04-23 16:33:40.259 25460 25882 I Claw    : [0m[      27.624] /home/jenkins-agent/workspace/huuuge-stars/client-dev/hs-android/src/casino/AudioManager.cpp:223: Loading audio source: sound/vo/male/join_32bonuspoker.ogg
04-23 16:33:40.259 25460 25882 I Claw    : [0m[      27.625] [30;1mjni/../jni/src/claw/vfs/Vfs.cpp:172: Opened file: /sound/vo/male/join_32bonuspoker.ogg
04-23 16:33:40.259 25460 25882 I Claw    : [0m[      27.631] /home/jenkins-agent/workspace/huuuge-stars/client-dev/hs-android/src/casino/AudioManager.cpp:223: Loading audio source: sound/vo/male/join_singapure.ogg
04-23 16:33:40.259 25460 25882 I Claw    : [0m[      27.631] [30;1mjni/../jni/src/claw/vfs/Vfs.cpp:172: Opened file: /sound/vo/male/join_singapure.ogg
04-23 16:33:40.269 25460 25882 I Claw    : [0m[      27.634] /home/jenkins-agent/workspace/huuuge-stars/client-dev/hs-android/src/casino/AudioManager.cpp:223: Loading audio source: sound/vo/male/join_allamerican.ogg
04-23 16:33:40.269 25460 25882 I Claw    : [0m[      27.634] [30;1mjni/../jni/src/claw/vfs/Vfs.cpp:172: Opened file: /sound/vo/male/join_allamerican.ogg
04-23 16:33:40.269 25460 25882 I Claw    : [0m[      27.637] /home/jenkins-agent/workspace/huuuge-stars/client-dev/hs-android/src/casino/AudioManager.cpp:223: Loading audio source: sound/vo/male/welcome_01.ogg
04-23 16:33:40.269 25460 25882 I Claw    : [0m[      27.637] [30;1mjni/../jni/src/claw/vfs/Vfs.cpp:172: Opened file: /sound/vo/male/welcome_01.ogg
04-23 16:33:40.269 25460 25882 I Claw    : [0m[      27.641] /home/jenkins-agent/workspace/huuuge-stars/client-dev/hs-android/src/casino/AudioManager.cpp:223: Loading audio source: sound/vo/male/welcome_02.ogg
04-23 16:33:40.269 25460 25882 I Claw    : [0m[      27.641] [30;1mjni/../jni/src/claw/vfs/Vfs.cpp:172: Opened file: /sound/vo/male/welcome_02.ogg
04-23 16:33:40.279 25460 25882 I Claw    : [0m[      27.643] /home/jenkins-agent/workspace/huuuge-stars/client-dev/hs-android/src/casino/AudioManager.cpp:223: Loading audio source: sound/vo/male/welcome_03.ogg
04-23 16:33:40.279 25460 25882 I Claw    : [0m[      27.644] [30;1mjni/../jni/src/claw/vfs/Vfs.cpp:172: Opened file: /sound/vo/male/welcome_03.ogg
04-23 16:33:40.279 25460 25882 I Claw    : [0m[      27.649] /home/jenkins-agent/workspace/huuuge-stars/client-dev/hs-android/src/casino/AudioManager.cpp:223: Loading audio source: sound/vo/male/welcome_04.ogg
04-23 16:33:40.279 25460 25882 I Claw    : [0m[      27.649] [30;1mjni/../jni/src/claw/vfs/Vfs.cpp:172: Opened file: /sound/vo/male/welcome_04.ogg
04-23 16:33:40.279 25460 25882 I Claw    : [0m[      27.651] /home/jenkins-agent/workspace/huuuge-stars/client-dev/hs-android/src/casino/AudioManager.cpp:223: Loading audio source: sound/vo/male/welcome_05.ogg
04-23 16:33:40.279 25460 25882 I Claw    : [0m[      27.651] [30;1mjni/../jni/src/claw/vfs/Vfs.cpp:172: Opened file: /sound/vo/male/welcome_05.ogg
04-23 16:33:40.289 25460 25882 I Claw    : [0m[      27.654] /home/jenkins-agent/workspace/huuuge-stars/client-dev/hs-android/src/casino/AudioManager.cpp:223: Loading audio source: sound/vo/male/welcome_06.ogg
04-23 16:33:40.289 25460 25882 I Claw    : [0m[      27.654] [30;1mjni/../jni/src/claw/vfs/Vfs.cpp:172: Opened file: /sound/vo/male/welcome_06.ogg
04-23 16:33:40.289 25460 25882 I Claw    : [0m[      27.658] /home/jenkins-agent/workspace/huuuge-stars/client-dev/hs-android/src/casino/AudioManager.cpp:223: Loading audio source: sound/vo/male/join_dionysus_07.ogg
04-23 16:33:40.289 25460 25882 I Claw    : [0m[      27.658] [30;1mjni/../jni/src/claw/vfs/Vfs.cpp:172: Opened file: /sound/vo/male/join_dionysus_07.ogg
04-23 16:33:40.289 25460 25882 I Claw    : [0m[      27.663] /home/jenkins-agent/workspace/huuuge-stars/client-dev/hs-android/src/casino/AudioManager.cpp:223: Loading audio source: sound/vo/male/join_dragon_08.ogg
04-23 16:33:40.299 25460 25882 I Claw    : [0m[      27.663] [30;1mjni/../jni/src/claw/vfs/Vfs.cpp:172: Opened file: /sound/vo/male/join_dragon_08.ogg
04-23 16:33:40.299 25460 25882 I Claw    : [0m[      27.666] /home/jenkins-agent/workspace/huuuge-stars/client-dev/hs-android/src/casino/AudioManager.cpp:223: Loading audio source: sound/vo/male/join_princess_09.ogg
04-23 16:33:40.299 25460 25882 I Claw    : [0m[      27.666] [30;1mjni/../jni/src/claw/vfs/Vfs.cpp:172: Opened file: /sound/vo/male/join_princess_09.ogg
04-23 16:33:40.299 25460 25882 I Claw    : [0m[      27.669] /home/jenkins-agent/workspace/huuuge-stars/client-dev/hs-android/src/casino/AudioManager.cpp:223: Loading audio source: sound/vo/male/join_whitehotaces.ogg
04-23 16:33:40.299 25460 25882 I Claw    : [0m[      27.669] [30;1mjni/../jni/src/claw/vfs/Vfs.cpp:172: Opened file: /sound/vo/male/join_whitehotaces.ogg
04-23 16:33:40.299 25460 25882 I Claw    : [0m[      27.672] /home/jenkins-agent/workspace/huuuge-stars/client-dev/hs-android/src/casino/AudioManager.cpp:223: Loading audio source: sound/vo/male/join_moscow.ogg
04-23 16:33:40.299 25460 25882 I Claw    : [0m[      27.672] [30;1mjni/../jni/src/claw/vfs/Vfs.cpp:172: Opened file: /sound/vo/male/join_moscow.ogg
04-23 16:33:40.309 25460 25882 I Claw    : [0m[      27.676] /home/jenkins-agent/workspace/huuuge-stars/client-dev/hs-android/src/casino/AudioManager.cpp:223: Loading audio source: sound/vo/male/join_macau.ogg
04-23 16:33:40.309 25460 25882 I Claw    : [0m[      27.676] [30;1mjni/../jni/src/claw/vfs/Vfs.cpp:172: Opened file: /sound/vo/male/join_macau.ogg
04-23 16:33:40.309 25460 25882 I Claw    : [0m[      27.679] /home/jenkins-agent/workspace/huuuge-stars/client-dev/hs-android/src/casino/AudioManager.cpp:223: Loading audio source: sound/vo/male/5ofakind.ogg
04-23 16:33:40.309 25460 25882 I Claw    : [0m[      27.679] [30;1mjni/../jni/src/claw/vfs/Vfs.cpp:172: Opened file: /sound/vo/male/5ofakind.ogg
04-23 16:33:40.319 25460 25882 I Claw    : [0m[      27.685] /home/jenkins-agent/workspace/huuuge-stars/client-dev/hs-android/src/casino/AudioManager.cpp:223: Loading audio source: sound/vo/male/join_cruise.ogg
04-23 16:33:40.319 25460 25882 I Claw    : [0m[      27.686] [30;1mjni/../jni/src/claw/vfs/Vfs.cpp:172: Opened file: /sound/vo/male/join_cruise.ogg
04-23 16:33:40.319 25460 25882 I Claw    : [0m[      27.691] /home/jenkins-agent/workspace/huuuge-stars/client-dev/hs-android/src/casino/AudioManager.cpp:223: Loading audio source: sound/vo/male/keepplaying.ogg
04-23 16:33:40.319 25460 25882 I Claw    : [0m[      27.691] [30;1mjni/../jni/src/claw/vfs/Vfs.cpp:172: Opened file: /sound/vo/male/keepplaying.ogg
04-23 16:33:40.329 25460 25882 I Claw    : [0m[      27.694] /home/jenkins-agent/workspace/huuuge-stars/client-dev/hs-android/src/casino/AudioManager.cpp:223: Loading audio source: sound/vo/male/happyhour.ogg
04-23 16:33:40.329 25460 25882 I Claw    : [0m[      27.695] [30;1mjni/../jni/src/claw/vfs/Vfs.cpp:172: Opened file: /sound/vo/male/happyhour.ogg
04-23 16:33:40.329 25460 25882 I Claw    : [0m[      27.697] /home/jenkins-agent/workspace/huuuge-stars/client-dev/hs-android/src/casino/AudioManager.cpp:223: Loading audio source: sound/vo/male/doublecredits.ogg
04-23 16:33:40.329 25460 25882 I Claw    : [0m[      27.697] [30;1mjni/../jni/src/claw/vfs/Vfs.cpp:172: Opened file: /sound/vo/male/doublecredits.ogg
04-23 16:33:40.329 25460 25882 I Claw    : [0m[        27.7] /home/jenkins-agent/workspace/huuuge-stars/client-dev/hs-android/src/casino/AudioManager.cpp:223: Loading audio source: sound/vo/male/join_samurai_10.ogg
04-23 16:33:40.329 25460 25882 I Claw    : [0m[        27.7] [30;1mjni/../jni/src/claw/vfs/Vfs.cpp:172: Opened file: /sound/vo/male/join_samurai_10.ogg
04-23 16:33:40.339 25460 25882 I Claw    : [0m[      27.705] /home/jenkins-agent/workspace/huuuge-stars/client-dev/hs-android/src/casino/AudioManager.cpp:223: Loading audio source: sound/vo/male/join_rsa.ogg
04-23 16:33:40.339 25460 25882 I Claw    : [0m[      27.705] [30;1mjni/../jni/src/claw/vfs/Vfs.cpp:172: Opened file: /sound/vo/male/join_rsa.ogg
04-23 16:33:40.339 25460 25882 I Claw    : [0m[      27.707] /home/jenkins-agent/workspace/huuuge-stars/client-dev/hs-android/src/casino/AudioManager.cpp:223: Loading audio source: sound/vo/male/join_jacksorbetter.ogg
04-23 16:33:40.339 25460 25882 I Claw    : [0m[      27.708] [30;1mjni/../jni/src/claw/vfs/Vfs.cpp:172: Opened file: /sound/vo/male/join_jacksorbetter.ogg
04-23 16:33:40.339 25460 25882 I Claw    : [0m[      27.711] /home/jenkins-agent/workspace/huuuge-stars/client-dev/hs-android/src/casino/AudioManager.cpp:223: Loading audio source: sound/vo/male/join_22bonuspoker.ogg
04-23 16:33:40.339 25460 25882 I Claw    : [0m[      27.711] [30;1mjni/../jni/src/claw/vfs/Vfs.cpp:172: Opened file: /sound/vo/male/join_22bonuspoker.ogg
04-23 16:33:40.349 25460 25882 I Claw    : [0m[      27.714] /home/jenkins-agent/workspace/huuuge-stars/client-dev/hs-android/src/casino/AudioManager.cpp:223: Loading audio source: sound/vo/male/loyaltybonus.ogg
04-23 16:33:40.349 25460 25882 I Claw    : [0m[      27.714] [30;1mjni/../jni/src/claw/vfs/Vfs.cpp:172: Opened file: /sound/vo/male/loyaltybonus.ogg
04-23 16:33:40.349 25460 25882 I Claw    : [0m[      27.718] /home/jenkins-agent/workspace/huuuge-stars/client-dev/hs-android/src/casino/AudioManager.cpp:223: Loading audio source: sound/vo/male/join_isis_03.ogg
04-23 16:33:40.349 25460 25882 I Claw    : [0m[      27.718] [30;1mjni/../jni/src/claw/vfs/Vfs.cpp:172: Opened file: /sound/vo/male/join_isis_03.ogg
04-23 16:33:40.349 25460 25882 I Claw    : [0m[      27.722] /home/jenkins-agent/workspace/huuuge-stars/client-dev/hs-android/src/casino/AudioManager.cpp:223: Loading audio source: sound/vo/male/join_aphro_06.ogg
04-23 16:33:40.349 25460 25882 I Claw    : [0m[      27.722] [30;1mjni/../jni/src/claw/vfs/Vfs.cpp:172: Opened file: /sound/vo/male/join_aphro_06.ogg
04-23 16:33:40.359 25460 25882 I Claw    : [0m[      27.726] /home/jenkins-agent/workspace/huuuge-stars/client-dev/hs-android/src/casino/AudioManager.cpp:223: Loading audio source: sound/vo/male/join_2bonuspoker.ogg
04-23 16:33:40.359 25460 25882 I Claw    : [0m[      27.726] [30;1mjni/../jni/src/claw/vfs/Vfs.cpp:172: Opened file: /sound/vo/male/join_2bonuspoker.ogg
04-23 16:33:40.359 25460 25882 I Claw    : [0m[      27.729] /home/jenkins-agent/workspace/huuuge-stars/client-dev/hs-android/src/casino/AudioManager.cpp:223: Loading audio source: sound/vo/male/join_paris.ogg
04-23 16:33:40.359 25460 25882 I Claw    : [0m[      27.729] [30;1mjni/../jni/src/claw/vfs/Vfs.cpp:172: Opened file: /sound/vo/male/join_paris.ogg
04-23 16:33:40.359 25460 25882 I Claw    : [0m[      27.732] /home/jenkins-agent/workspace/huuuge-stars/client-dev/hs-android/src/casino/AudioManager.cpp:223: Loading audio source: sound/vo/male/join_tensorbetter.ogg
04-23 16:33:40.359 25460 25882 I Claw    : [0m[      27.732] [30;1mjni/../jni/src/claw/vfs/Vfs.cpp:172: Opened file: /sound/vo/male/join_tensorbetter.ogg
04-23 16:33:40.369 25460 25882 I Claw    : [0m[      27.735] /home/jenkins-agent/workspace/huuuge-stars/client-dev/hs-android/src/casino/AudioManager.cpp:223: Loading audio source: sound/vo/male/join_monaco.ogg
04-23 16:33:40.369 25460 25882 I Claw    : [0m[      27.736] [30;1mjni/../jni/src/claw/vfs/Vfs.cpp:172: Opened file: /sound/vo/male/join_monaco.ogg
04-23 16:33:40.369 25460 25882 I Claw    : [0m[       27.74] /home/jenkins-agent/workspace/huuuge-stars/client-dev/hs-android/src/casino/AudioManager.cpp:223: Loading audio source: sound/out_of_credits.ogg@buffer
04-23 16:33:40.369 25460 25882 I Claw    : [0m[       27.74] [30;1mjni/../jni/src/claw/vfs/Vfs.cpp:172: Opened file: /sound/out_of_credits.ogg
04-23 16:33:40.409 25460 25882 I Claw    : [0m[      27.781] /home/jenkins-agent/workspace/huuuge-stars/client-dev/hs-android/src/casino/AudioManager.cpp:223: Loading audio source: sound/keep_playing.ogg@buffer
04-23 16:33:40.409 25460 26016 I Claw    : [0m[      27.781] [30;1mjni/../jni/src/claw/network/HttpRequest.cpp:279: Content length: 1384864
04-23 16:33:40.409 25460 25882 I Claw    : [0m[      27.781] [30;1mjni/../jni/src/claw/vfs/Vfs.cpp:172: Opened file: /sound/keep_playing.ogg
04-23 16:33:40.409 25460 26016 I Claw    : [0m[      27.782] [30;1mjni/../jni/src/claw/vfs/NativeMount.cpp:244: Aquire java class for JNI method: com/Claw/Android/NativeMount
04-23 16:33:40.409 25460 26016 I Claw    : [0m[      27.783] [30;1mjni/../jni/src/claw/vfs/NativeMount.cpp:244: JNI class acquired, acquire java method: GetFreeDiskSpace with args: (Ljava/lang/String;)J
04-23 16:33:40.419 25460 26016 I Claw    : [0m[      27.786] [30;1mjni/../jni/src/claw/vfs/NativeMount.cpp:244: Aquire java class for JNI method: com/Claw/Android/NativeMount
04-23 16:33:40.419 25460 26016 I Claw    : [0m[      27.786] [30;1mjni/../jni/src/claw/vfs/NativeMount.cpp:244: JNI class acquired, acquire java method: GetFreeDiskSpace with args: (Ljava/lang/String;)J
04-23 16:33:40.429 25460 26016 I Claw    : [0m[      27.802] [30;1mjni/../jni/src/claw/vfs/NativeMount.cpp:244: Aquire java class for JNI method: com/Claw/Android/NativeMount
04-23 16:33:40.429 25460 26016 I Claw    : [0m[      27.802] [30;1mjni/../jni/src/claw/vfs/NativeMount.cpp:244: JNI class acquired, acquire java method: GetFreeDiskSpace with args: (Ljava/lang/String;)J
04-23 16:33:40.439 25460 26016 I Claw    : [0m[      27.806] [30;1mjni/../jni/src/claw/vfs/NativeMount.cpp:244: Aquire java class for JNI method: com/Claw/Android/NativeMount
04-23 16:33:40.439 25460 26016 I Claw    : [0m[      27.807] [30;1mjni/../jni/src/claw/vfs/NativeMount.cpp:244: JNI class acquired, acquire java method: GetFreeDiskSpace with args: (Ljava/lang/String;)J
04-23 16:33:40.439 25460 26016 I Claw    : [0m[       27.81] [30;1mjni/../jni/src/claw/vfs/NativeMount.cpp:244: Aquire java class for JNI method: com/Claw/Android/NativeMount
04-23 16:33:40.439 25460 26016 I Claw    : [0m[       27.81] [30;1mjni/../jni/src/claw/vfs/NativeMount.cpp:244: JNI class acquired, acquire java method: GetFreeDiskSpace with args: (Ljava/lang/String;)J
04-23 16:33:40.449 25460 26016 I Claw    : [0m[      27.813] [30;1mjni/../jni/src/claw/vfs/NativeMount.cpp:244: Aquire java class for JNI method: com/Claw/Android/NativeMount
04-23 16:33:40.449 25460 26016 I Claw    : [0m[      27.814] [30;1mjni/../jni/src/claw/vfs/NativeMount.cpp:244: JNI class acquired, acquire java method: GetFreeDiskSpace with args: (Ljava/lang/String;)J
04-23 16:33:40.449 25460 26016 I Claw    : [0m[      27.818] [30;1mjni/../jni/src/claw/vfs/NativeMount.cpp:244: Aquire java class for JNI method: com/Claw/Android/NativeMount
04-23 16:33:40.449 25460 26016 I Claw    : [0m[      27.819] [30;1mjni/../jni/src/claw/vfs/NativeMount.cpp:244: JNI class acquired, acquire java method: GetFreeDiskSpace with args: (Ljava/lang/String;)J
04-23 16:33:40.449 25460 26016 I Claw    : [0m[      27.821] [30;1mjni/../jni/src/claw/vfs/NativeMount.cpp:244: Aquire java class for JNI method: com/Claw/Android/NativeMount
04-23 16:33:40.449 25460 26016 I Claw    : [0m[      27.822] [30;1mjni/../jni/src/claw/vfs/NativeMount.cpp:244: JNI class acquired, acquire java method: GetFreeDiskSpace with args: (Ljava/lang/String;)J
04-23 16:33:40.459 25460 26016 I Claw    : [0m[      27.829] [30;1mjni/../jni/src/claw/vfs/NativeMount.cpp:244: Aquire java class for JNI method: com/Cl