05-23 12:22:50.074 29266 29426 I Claw    : [0m[      97.069] /home/jenkins/workspace/huuuge-stars/client-dev/hs-android/contrib/huuugeanalyticssdk/cpp/src/huuuge/analytics/HAHttp-android.cpp:80: Huuuge::analytics::HTTPAndroid::InvokeHttps 1nsjtnbmgl.execute-api.us-east-1.amazonaws.com public/dashboard-events
05-23 12:22:50.074 29266 29426 I Claw    : [0m[       97.07] /home/jenkins/workspace/huuuge-stars/client-dev/hs-android/contrib/huuugeanalyticssdk/cpp/src/huuuge/analytics/HAHttp-android.cpp:100: Huuuge::analytics::HTTPAndroid::InvokeHttps convert post payload 7752
05-23 12:22:50.074 29266 29426 I Claw    : [0m[       97.07] ../../../../../../../../contrib/huuugeanalyticssdk/cpp/contrib/jni/JniAttach.hpp:147: Aquire java class for JNI method: com/huuuge/analytics/HA
05-23 12:22:50.074 29266 29426 I Claw    : [0m[       97.07] ../../../../../../../../contrib/huuugeanalyticssdk/cpp/contrib/jni/JniAttach.hpp:147: JNI class acquired, acquire java method: doHttpsRequest with args: (Ljava/lang/String;Ljava/lang/String;Ljava/lang/String;[Ljava/lang/String;[Ljava/lang/String;[B)[Ljava/lang/String;
05-23 12:22:50.074 29266 29426 I Claw    : [0m[       97.07] ../../../../../../../../contrib/huuugeanalyticssdk/cpp/contrib/jni/JniAttach.hpp:148: JNI method acquired, try to call.
05-23 12:22:50.074 29266 30276 I System.out: (HTTPLog)-Static: isSBSettingEnabled false
05-23 12:22:50.074 29266 30276 I System.out: (HTTPLog)-Static: isSBSettingEnabled false
05-23 12:22:50.144 29266 29444 I Claw    : [0m[      97.138] [30;1mjni/../jni/src/claw/vfs/android/AndroidSaveFile.cpp:42: Open existing save assetcache/music_horus.pak
05-23 12:22:50.144 29266 29444 I Claw    : [0m[      97.138] [30;1mjni/../jni/src/claw/vfs/Vfs.cpp:172: Opened file: /assetcache/music_horus.pak
05-23 12:22:50.154 29266 29428 I Claw    : [0m[      97.149] ../../../../../../../../contrib/huuugeanalyticssdk/cpp/contrib/jni/JniAttach.hpp:185: Aquire java class for JNI method: com/huuuge/analytics/HA
05-23 12:22:50.154 29266 29428 I Claw    : [0m[      97.149] ../../../../../../../../contrib/huuugeanalyticssdk/cpp/contrib/jni/JniAttach.hpp:185: JNI class acquired, acquire java method: connectionStatus with args: ()I
05-23 12:22:50.154 29266 29428 I Claw    : [0m[      97.149] ../../../../../../../../contrib/huuugeanalyticssdk/cpp/contrib/jni/JniAttach.hpp:186: JNI method acquired, try to call.
05-23 12:22:50.154 29266 29428 I Claw    : [0m[      97.151] ../../../../../../../../contrib/huuugeanalyticssdk/cpp/contrib/jni/JniAttach.hpp:189: JNI method called.
05-23 12:22:50.154  2599  3371 D ConnectivityService: returning getNetworkInfo for network type 1 : [type: WIFI[] - WIFI, state: CONNECTED/CONNECTED, reason: (unspecified), extra: "HuuugeQA", roaming: false, failover: false, isAvailable: true]
05-23 12:22:50.154  2599  5907 D ConnectivityService: returning getNetworkInfo for network type 0 : [type: MOBILE[] - MOBILE, state: DISCONNECTED/DISCONNECTED, reason: (unspecified), extra: (none), roaming: false, failover: false, isAvailable: true]
05-23 12:22:50.164 29266 29444 I Claw    : [0m[      97.157] /home/jenkins/workspace/huuuge-stars/client-dev/hs-android/src/casino/DownloadManager.cpp:500: Mounting pak: music_horus.pak
05-23 12:22:50.164 29266 29444 I Claw    : [0m[      97.158] [30;1mjni/../jni/src/claw/vfs/Vfs.cpp:97: Added new mount at /
05-23 12:22:50.164 29266 29444 I Claw    : [0m[      97.159] [30;1mjni/../jni/src/claw/vfs/android/AndroidSaveFile.cpp:42: Open existing save assetcache/music_hercules.pak.meta
05-23 12:22:50.164 29266 29444 I Claw    : [0m[      97.159] [30;1mjni/../jni/src/claw/vfs/Vfs.cpp:168: Cannot open file: /assetcache/music_hercules.pak.meta
05-23 12:22:50.164 29266 29444 I Claw    : [0m[      97.159] /home/jenkins/workspace/huuuge-stars/client-dev/hs-android/src/casino/ServerList.cpp:53: Server list returning http://cdn-hs-dev.hgonline.net/470/, 1/14
05-23 12:22:50.164 29266 29444 I Claw    : [0m[       97.16] [30;1mjni/../jni/src/claw/vfs/android/AndroidSaveFile.cpp:42: Open existing save assetcache/music_hercules.pak.meta
05-23 12:22:50.164 29266 29444 I Claw    : [0m[       97.16] [30;1mjni/../jni/src/claw/vfs/Vfs.cpp:168: Cannot open file: /assetcache/music_hercules.pak.meta
05-23 12:22:50.164 29266 29444 I Claw    : [0m[       97.16] /home/jenkins/workspace/huuuge-stars/client-dev/hs-android/src/casino/DefaultDownloadManager.cpp:416: Downloading pak music_hercules.pak from http://cdn-hs-dev.hgonline.net/470/
05-23 12:22:50.164  2202  2767 D EnterpriseController: netId is 0
05-23 12:22:50.164  2202  2767 D Netd    : getNetworkForDns: using netid 502 for uid 10786
05-23 12:22:50.164 29266 30277 I Claw    : [0m[      97.164] [30;1mjni/../jni/src/claw/network/HttpRequest.cpp:97: cdn-hs-dev.hgonline.net resolved to ::ffff:2.20.142.123
05-23 12:22:50.164 29266 30277 I Claw    : [0m[      97.164] [30;1mjni/../jni/src/claw/network/HttpRequest.cpp:97: cdn-hs-dev.hgonline.net resolved to ::ffff:2.20.142.161
05-23 12:22:50.164 29266 30277 I Claw    : [0m[      97.165] [30;1mjni/../jni/src/claw/network/unix/UnixStreamSocket.cpp:93: Connecting to ::ffff:2.20.142.123
05-23 12:22:50.194 29266 29428 I Claw    : [0m[      97.193] ../../../../../../../../contrib/huuugeanalyticssdk/cpp/contrib/jni/JniAttach.hpp:185: Aquire java class for JNI method: com/huuuge/analytics/HA
05-23 12:22:50.194 29266 29428 I Claw    : [0m[      97.194] ../../../../../../../../contrib/huuugeanalyticssdk/cpp/contrib/jni/JniAttach.hpp:185: JNI class acquired, acquire java method: connectionStatus with args: ()I
05-23 12:22:50.194 29266 29428 I Claw    : [0m[      97.194] ../../../../../../../../contrib/huuugeanalyticssdk/cpp/contrib/jni/JniAttach.hpp:186: JNI method acquired, try to call.
05-23 12:22:50.194  2599  3434 D ConnectivityService: returning getNetworkInfo for network type 1 : [type: WIFI[] - WIFI, state: CONNECTED/CONNECTED, reason: (unspecified), extra: "HuuugeQA", roaming: false, failover: false, isAvailable: true]
05-23 12:22:50.194  2599  3122 D ConnectivityService: returning getNetworkInfo for network type 0 : [type: MOBILE[] - MOBILE, state: DISCONNECTED/DISCONNECTED, reason: (unspecified), extra: (none), roaming: false, failover: false, isAvailable: true]
05-23 12:22:50.204 29266 29428 I Claw    : [0m[      97.195] ../../../../../../../../contrib/huuugeanalyticssdk/cpp/contrib/jni/JniAttach.hpp:189: JNI method called.
05-23 12:22:50.234 29266 30277 I Claw    : [0m[      97.232] [30;1mjni/../jni/src/claw/network/HttpRequest.cpp:279: Content length: 44
05-23 12:22:50.234 29266 30277 I Claw    : [0m[      97.233] [30;1mjni/../jni/src/claw/vfs/android/AndroidSaveFile.cpp:82: Open new save assetcache/music_hercules.pak
05-23 12:22:50.234 29266 30277 I Claw    : [0m[      97.234] [30;1mjni/../jni/src/claw/vfs/android/AndroidSaveFile.cpp:82: Open new save assetcache/music_hercules.pak.meta
05-23 12:22:50.244 29266 30277 I Claw    : [0m[      97.236] [30;1mjni/../jni/src/claw/vfs/NativeMount.cpp:245: Aquire java class for JNI method: com/Claw/Android/NativeMount
05-23 12:22:50.244 29266 30277 I Claw    : [0m[      97.236] [30;1mjni/../jni/src/claw/vfs/NativeMount.cpp:245: JNI class acquired, acquire java method: GetFreeDiskSpace with args: (Ljava/lang/String;)J
05-23 12:22:50.244 29266 30277 I Claw    : [0m[      97.238] [30;1mjni/../jni/src/claw/vfs/NativeMount.cpp:245: Aquire java class for JNI method: com/Claw/Android/NativeMount
05-23 12:22:50.244 29266 30277 I Claw    : [0m[      97.238] [30;1mjni/../jni/src/claw/vfs/NativeMount.cpp:245: JNI class acquired, acquire java method: GetFreeDiskSpace with args: (Ljava/lang/String;)J
05-23 12:22:50.244 29266 30277 I Claw    : [0m[      97.239] [30;1mjni/../jni/src/claw/vfs/NativeMount.cpp:245: Aquire java class for JNI method: com/Claw/Android/NativeMount
05-23 12:22:50.244 29266 30277 I Claw    : [0m[       97.24] [30;1mjni/../jni/src/claw/vfs/NativeMount.cpp:245: JNI class acquired, acquire java method: GetFreeDiskSpace with args: (Ljava/lang/String;)J
05-23 12:22:50.244 29266 30277 I Claw    : [0m[      97.241] [30;1mjni/../jni/src/claw/vfs/NativeMount.cpp:245: Aquire java class for JNI method: com/Claw/Android/NativeMount
05-23 12:22:50.244 29266 30277 I Claw    : [0m[      97.241] [30;1mjni/../jni/src/claw/vfs/NativeMount.cpp:245: JNI class acquired, acquire java method: GetFreeDiskSpace with args: (Ljava/lang/String;)J
05-23 12:22:50.244  2202  2767 D EnterpriseController: netId is 0
05-23 12:22:50.244  2202  2767 D Netd    : getNetworkForDns: using netid 502 for uid 10786
05-23 12:22:50.244 29266 30277 I Claw    : [0m[      97.245] [30;1mjni/../jni/src/claw/network/HttpRequest.cpp:97: cdn-hs-dev.hgonline.net resolved to ::ffff:2.20.142.123
05-23 12:22:50.244 29266 30277 I Claw    : [0m[      97.245] [30;1mjni/../jni/src/claw/network/HttpRequest.cpp:97: cdn-hs-dev.hgonline.net resolved to ::ffff:2.20.142.161
05-23 12:22:50.254 29266 30277 I Claw    : [0m[      97.245] [30;1mjni/../jni/src/claw/network/unix/UnixStreamSocket.cpp:93: Connecting to ::ffff:2.20.142.123
05-23 12:22:50.314 29266 30277 I Claw    : [0m[      97.309] [30;1mjni/../jni/src/claw/network/HttpRequest.cpp:279: Content length: 545421
05-23 12:22:50.314 29266 30277 I Claw    : [0m[      97.312] [30;1mjni/../jni/src/claw/vfs/NativeMount.cpp:245: Aquire java class for JNI method: com/Claw/Android/NativeMount
05-23 12:22:50.314 29266 30277 I Claw    : [0m[      97.312] [30;1mjni/../jni/src/claw/vfs/NativeMount.cpp:245: JNI class acquired, acquire java method: GetFreeDiskSpace with args: (Ljava/lang/String;)J
05-23 12:22:50.314 29266 30277 I Claw    : [0m[      97.314] [30;1mjni/../jni/src/claw/vfs/NativeMount.cpp:245: Aquire java class for JNI method: com/Claw/Android/NativeMount
05-23 12:22:50.314 29266 30277 I Claw    : [0m[      97.314] [30;1mjni/../jni/src/claw/vfs/NativeMount.cpp:245: JNI class acquired, acquire java method: GetFreeDiskSpace with args: (Ljava/lang/String;)J
05-23 12:22:50.344 29266 30277 I Claw    : [0m[      97.339] [30;1mjni/../jni/src/claw/vfs/NativeMount.cpp:245: Aquire java class for JNI method: com/Claw/Android/NativeMount
05-23 12:22:50.344 29266 30277 I Claw    : [0m[      97.339] [30;1mjni/../jni/src/claw/vfs/NativeMount.cpp:245: JNI class acquired, acquire java method: GetFreeDiskSpace with args: (Ljava/lang/String;)J
05-23 12:22:50.344 29266 30277 I Claw    : [0m[      97.343] [30;1mjni/../jni/src/claw/vfs/NativeMount.cpp:245: Aquire java class for JNI method: com/Claw/Android/NativeMount
05-23 12:22:50.344 29266 30277 I Claw    : [0m[      97.343] [30;1mjni/../jni/src/claw/vfs/NativeMount.cpp:245: JNI class acquired, acquire java method: GetFreeDiskSpace with args: (Ljava/lang/String;)J
05-23 12:22:50.354 29266 30277 I Claw    : [0m[      97.348] [30;1mjni/../jni/src/claw/vfs/NativeMount.cpp:245: Aquire java class for JNI method: com/Claw/Android/NativeMount
05-23 12:22:50.354 29266 30277 I Claw    : [0m[      97.349] [30;1mjni/../jni/src/claw/vfs/NativeMount.cpp:245: JNI class acquired, acquire java method: GetFreeDiskSpace with args: (Ljava/lang/String;)J
05-23 12:22:50.354 29266 30277 I Claw    : [0m[      97.351] [30;1mjni/../jni/src/claw/vfs/NativeMount.cpp:245: Aquire java class for JNI method: com/Claw/Android/NativeMount
05-23 12:22:50.354 29266 30277 I Claw    : [0m[      97.351] [30;1mjni/../jni/src/claw/vfs/NativeMount.cpp:245: JNI class acquired, acquire java method: GetFreeDiskSpace with args: (Ljava/lang/String;)J
05-23 12:22:50.354 29266 30277 I Claw    : [0m[      97.353] [30;1mjni/../jni/src/claw/vfs/NativeMount.cpp:245: Aquire java class for JNI method: com/Claw/Android/NativeMount
05-23 12:22:50.354 29266 30277 I Claw    : [0m[      97.354] [30;1mjni/../jni/src/claw/vfs/NativeMount.cpp:245: JNI class acquired, acquire java method: GetFreeDiskSpace with args: (Ljava/lang/String;)J
05-23 12:22:50.364 29266 30277 I Claw    : [0m[      97.357] [30;1mjni/../jni/src/claw/vfs/NativeMount.cpp:245: Aquire java class for JNI method: com/Claw/Android/NativeMount
05-23 12:22:50.364 29266 30277 I Claw    : [0m[      97.357] [30;1mjni/../jni/src/claw/vfs/NativeMount.cpp:245: JNI class acquired, acquire java method: GetFreeDiskSpace with args: (Ljava/lang/String;)J
05-23 12:22:50.364 29266 29306 I Claw    : [0m[      97.362] [30;1mjni/../jni/src/claw/vfs/Vfs.cpp:172: Opened file: /video.xml
05-23 12:22:50.374 29266 30277 I Claw    : [0m[       97.37] [30;1mjni/../jni/src/claw/vfs/NativeMount.cpp:245: Aquire java class for JNI method: com/Claw/Android/NativeMount
05-23 12:22:50.374 29266 30277 I Claw    : [0m[       97.37] [30;1mjni/../jni/src/claw/vfs/NativeMount.cpp:245: JNI class acquired, acquire java method: GetFreeDiskSpace with args: (Ljava/lang/String;)J
05-23 12:22:50.374 29266 29306 I Claw    : [0m[      97.371] [30;1mjni/../jni/src/claw/vfs/Vfs.cpp:172: Opened file: /slots/effects/warp.ivf
05-23 12:22:50.374 29266 29306 I Claw    : [0m[      97.371] /home/jenkins/workspace/huuuge-stars/client-dev/hs-android/contrib/clawext/src/claw_ext/graphics/video/src/VideoVP.cpp:91: Using video codec: WebM Project VP8 Decoder v1.3.0
05-23 12:22:50.374 29266 30277 I Claw    : [0m[      97.373] [30;1mjni/../jni/src/claw/vfs/NativeMount.cpp:245: Aquire java class for JNI method: com/Claw/Android/NativeMount
05-23 12:22:50.374 29266 30277 I Claw    : [0m[      97.373] [30;1mjni/../jni/src/claw/vfs/NativeMount.cpp:245: JNI class acquired, acquire java method: GetFreeDiskSpace with args: (Ljava/lang/String;)J
05-23 12:22:50.384 29266 30277 I Claw    : [0m[      97.377] [30;1mjni/../jni/src/claw/vfs/NativeMount.cpp:245: Aquire java class for JNI method: com/Claw/Android/NativeMount
05-23 12:22:50.384 29266 30277 I Claw    : [0m[      97.377] [30;1mjni/../jni/src/claw/vfs/NativeMount.cpp:245: JNI class acquired, acquire java method: GetFreeDiskSpace with args: (Ljava/lang/String;)J
05-23 12:22:50.384 29266 30277 I Claw    : [0m[       97.38] [30;1mjni/../jni/src/claw/vfs/NativeMount.cpp:245: Aquire java class for JNI method: com/Claw/Android/NativeMount
05-23 12:22:50.384  2599  3011 D NtpTrustedTime: currentTimeMillis() cache hit
05-23 12:22:50.384 29266 30277 I Claw    : [0m[      97.381] [30;1mjni/../jni/src/claw/vfs/NativeMount.cpp:245: JNI class acquired, acquire java method: GetFreeDiskSpace with args: (Ljava/lang/String;)J
05-23 12:22:50.384 29266 30277 I Claw    : [0m[      97.383] [30;1mjni/../jni/src/claw/vfs/NativeMount.cpp:245: Aquire java class for JNI method: com/Claw/Android/NativeMount
05-23 12:22:50.384 29266 30277 I Claw    : [0m[      97.383] [30;1mjni/../jni/src/claw/vfs/NativeMount.cpp:245: JNI class acquired, acquire java method: GetFreeDiskSpace with args: (Ljava/lang/String;)J
05-23 12:22:50.384  2599  3011 V NetworkStats: performPollLocked(flags=0x1)
05-23 12:22:50.394 29266 30277 I Claw    : [0m[      97.385] [30;1mjni/../jni/src/claw/vfs/NativeMount.cpp:245: Aquire java class for JNI method: com/Claw/Android/NativeMount
05-23 12:22:50.394 29266 30277 I Claw    : [0m[      97.386] [30;1mjni/../jni/src/claw/vfs/NativeMount.cpp:245: JNI class acquired, acquire java method: GetFreeDiskSpace with args: (Ljava/lang/String;)J
05-23 12:22:50.394 29266 30277 I Claw    : [0m[      97.388] [30;1mjni/../jni/src/claw/vfs/NativeMount.cpp:245: Aquire java class for JNI method: com/Claw/Android/NativeMount
05-23 12:22:50.394 29266 30277 I Claw    : [0m[      97.388] [30;1mjni/../jni/src/claw/vfs/NativeMount.cpp:245: JNI class acquired, acquire java method: GetFreeDiskSpace with args: (Ljava/lang/String;)J
05-23 12:22:50.394 29266 30277 I Claw    : [0m[       97.39] [30;1mjni/../jni/src/claw/vfs/NativeMount.cpp:245: Aquire java class for JNI method: com/Claw/Android/NativeMount
05-23 12:22:50.394 29266 30277 I Claw    : [0m[       97.39] [30;1mjni/../jni/src/claw/vfs/NativeMount.cpp:245: JNI class acquired, acquire java method: GetFreeDiskSpace with args: (Ljava/lang/String;)J
05-23 12:22:50.394 29266 29306 I Claw    : [0m[      97.392] [30;1mjni/../jni/src/claw/graphics/pixeldata/PixelDataGL.cpp:321: 50x50 -> 52x50   100 pixels wasted
05-23 12:22:50.394 29266 30277 I Claw    : [0m[      97.392] [30;1mjni/../jni/src/claw/vfs/NativeMount.cpp:245: Aquire java class for JNI method: com/Claw/Android/NativeMount
05-23 12:22:50.394 29266 30277 I Claw    : [0m[      97.393] [30;1mjni/../jni/src/claw/vfs/NativeMount.cpp:245: JNI class acquired, acquire java method: GetFreeDiskSpace with args: (Ljava/lang/String;)J
05-23 12:22:50.394 29266 30277 I Claw    : [0m[      97.395] [30;1mjni/../jni/src/claw/vfs/NativeMount.cpp:245: Aquire java class for JNI method: com/Claw/Android/NativeMount
05-23 12:22:50.394 29266 30277 I Claw    : [0m[      97.395] [30;1mjni/../jni/src/claw/vfs/NativeMount.cpp:245: JNI class acquired, acquire java method: GetFreeDiskSpace with args: (Ljava/lang/String;)J
05-23 12:22:50.404 29266 30277 I Claw    : [0m[      97.402] [30;1mjni/../jni/src/claw/vfs/NativeMount.cpp:245: Aquire java class for JNI method: com/Claw/Android/NativeMount
05-23 12:22:50.404 29266 30277 I Claw    : [0m[      97.402] [30;1mjni/../jni/src/claw/vfs/NativeMount.cpp:245: JNI class acquired, acquire java method: GetFreeDiskSpace with args: (Ljava/lang/String;)J
05-23 12:22:50.404 29266 29306 I Claw    : [0m[      97.404] [30;1mjni/../jni/src/claw/graphics/surface/SurfaceHW.cpp:880: Surface  xy: 4, uv: 4, tri: 2
05-23 12:22:50.414 29266 30277 I Claw    : [0m[      97.407] [30;1mjni/../jni/src/claw/vfs/NativeMount.cpp:245: Aquire java class for JNI method: com/Claw/Android/NativeMount
05-23 12:22:50.414 29266 30277 I Claw    : [0m[      97.408] [30;1mjni/../jni/src/claw/vfs/NativeMount.cpp:245: JNI class acquired, acquire java method: GetFreeDiskSpace with args: (Ljava/lang/String;)J
05-23 12:22:50.414 29266 30277 I Claw    : [0m[      97.412] [30;1mjni/../jni/src/claw/vfs/NativeMount.cpp:245: Aquire java class for JNI method: com/Claw/Android/NativeMount
05-23 12:22:50.414 29266 30277 I Claw    : [0m[      97.413] [30;1mjni/../jni/src/claw/vfs/NativeMount.cpp:245: JNI class acquired, acquire java method: GetFreeDiskSpace with args: (Ljava/lang/String;)J
05-23 12:22:50.414  2599  3011 D NtpTrustedTime: currentTimeMillis() cache hit
05-23 12:22:50.414  2599  3011 V NetworkStats: performPollLocked() took 34ms
05-23 12:22:50.424  2599  3012 D NtpTrustedTime: currentTimeMillis() cache hit
05-23 12:22:50.424  2599  3012 D NtpTrustedTime: currentTimeMillis() cache hit
05-23 12:22:50.424 29266 30277 I Claw    : [0m[      97.418] [30;1mjni/../jni/src/claw/vfs/NativeMount.cpp:245: Aquire java class for JNI method: com/Claw/Android/NativeMount
05-23 12:22:50.424 29266 30277 I Claw    : [0m[      97.419] [30;1mjni/../jni/src/claw/vfs/NativeMount.cpp:245: JNI class acquired, acquire java method: GetFreeDiskSpace with args: (Ljava/lang/String;)J
05-23 12:22:50.424 29266 30277 I Claw    : [0m[      97.422] [30;1mjni/../jni/src/claw/vfs/NativeMount.cpp:245: Aquire java class for JNI method: com/Claw/Android/NativeMount
05-23 12:22:50.424 29266 30277 I Claw    : [0m[      97.422] [30;1mjni/../jni/src/claw/vfs/NativeMount.cpp:245: JNI class acquired, acquire java method: GetFreeDiskSpace with args: (Ljava/lang/String;)J
05-23 12:22:50.424 29266 30277 I Claw    : [0m[      97.424] [30;1mjni/../jni/src/claw/vfs/NativeMount.cpp:245: Aquire java class for JNI method: com/Claw/Android/NativeMount
05-23 12:22:50.424 29266 30277 I Claw    : [0m[      97.424] [30;1mjni/../jni/src/claw/vfs/NativeMount.cpp:245: JNI class acquired, acquire java method: GetFreeDiskSpace with args: (Ljava/lang/String;)J
05-23 12:22:50.434 29266 30277 I Claw    : [0m[      97.427] [30;1mjni/../jni/src/claw/vfs/NativeMount.cpp:245: Aquire java class for JNI method: com/Claw/Android/NativeMount
05-23 12:22:50.434 29266 30277 I Claw    : [0m[      97.427] [30;1mjni/../jni/src/claw/vfs/NativeMount.cpp:245: JNI class acquired, acquire java method: GetFreeDiskSpace with args: (Ljava/lang/String;)J
05-23 12:22:50.434 29266 30277 I Claw    : [0m[      97.429] [30;1mjni/../jni/src/claw/vfs/NativeMount.cpp:245: Aquire java class for JNI method: com/Claw/Android/NativeMount
05-23 12:22:50.434 29266 30277 I Claw    : [0m[       97.43] [30;1mjni/../jni/src/claw/vfs/NativeMount.cpp:245: JNI class acquired, acquire java method: GetFreeDiskSpace with args: (Ljava/lang/String;)J
05-23 12:22:50.434 29266 30277 I Claw    : [0m[      97.432] [30;1mjni/../jni/src/claw/vfs/NativeMount.cpp:245: Aquire java class for JNI method: com/Claw/Android/NativeMount
05-23 12:22:50.434 29266 30277 I Claw    : [0m[      97.432] [30;1mjni/../jni/src/claw/vfs/NativeMount.cpp:245: JNI class acquired, acquire java method: GetFreeDiskSpace with args: (Ljava/lang/String;)J
05-23 12:22:50.434 29266 30277 I Claw    : [0m[      97.434] [30;1mjni/../jni/src/claw/vfs/NativeMount.cpp:245: Aquire java class for JNI method: com/Claw/Android/NativeMount
05-23 12:22:50.434 29266 30277 I Claw    : [0m[      97.434] [30;1mjni/../jni/src/claw/vfs/NativeMount.cpp:245: JNI class acquired, acquire java method: GetFreeDiskSpace with args: (Ljava/lang/String;)J
05-23 12:22:50.444 29266 30277 I Claw    : [0m[      97.436] [30;1mjni/../jni/src/claw/vfs/NativeMount.cpp:245: Aquire java class for JNI method: com/Claw/Android/NativeMount
05-23 12:22:50.444 29266 30277 I Claw    : [0m[      97.436] [30;1mjni/../jni/src/claw/vfs/NativeMount.cpp:245: JNI class acquired, acquire java method: GetFreeDiskSpace with args: (Ljava/lang/String;)J
05-23 12:22:50.444 29266 30277 I Claw    : [0m[      97.438] [30;1mjni/../jni/src/claw/vfs/NativeMount.cpp:245: Aquire java class for JNI method: com/Claw/Android/NativeMount
05-23 12:22:50.444 29266 30277 I Claw    : [0m[      97.438] [30;1mjni/../jni/src/claw/vfs/NativeMount.cpp:245: JNI class acquired, acquire java method: GetFreeDiskSpace with args: (Ljava/lang/String;)J
05-23 12:22:50.444 29266 30277 I Claw    : [0m[       97.44] [30;1mjni/../jni/src/claw/vfs/NativeMount.cpp:245: Aquire java class for JNI method: com/Claw/Android/NativeMount
05-23 12:22:50.444 29266 30277 I Claw    : [0m[      97.441] [30;1mjni/../jni/src/claw/vfs/NativeMount.cpp:245: JNI class acquired, acquire java method: GetFreeDiskSpace with args: (Ljava/lang/String;)J
05-23 12:22:50.444 29266 30277 I Claw    : [0m[      97.443] [30;1mjni/../jni/src/claw/vfs/NativeMount.cpp:245: Aquire java class for JNI method: com/Claw/Android/NativeMount
05-23 12:22:50.444 29266 30277 I Claw    : [0m[      97.443] [30;1mjni/../jni/src/claw/vfs/NativeMount.cpp:245: JNI class acquired, acquire java method: GetFreeDiskSpace with args: (Ljava/lang/String;)J
05-23 12:22:50.444 29266 30277 I Claw    : [0m[      97.445] [30;1mjni/../jni/src/claw/vfs/NativeMount.cpp:245: Aquire java class for JNI method: com/Claw/Android/NativeMount
05-23 12:22:50.444 29266 30277 I Claw    : [0m[      97.445] [30;1mjni/../jni/src/claw/vfs/NativeMount.cpp:245: JNI class acquired, acquire java method: GetFreeDiskSpace with args: (Ljava/lang/String;)J
05-23 12:22:50.454 29266 30277 I Claw    : [0m[      97.447] [30;1mjni/../jni/src/claw/vfs/NativeMount.cpp:245: Aquire java class for JNI method: com/Claw/Android/NativeMount
05-23 12:22:50.454 29266 30277 I Claw    : [0m[      97.447] [30;1mjni/../jni/src/claw/vfs/NativeMount.cpp:245: JNI class acquired, acquire java method: GetFreeDiskSpace with args: (Ljava/lang/String;)J
05-23 12:22:50.454 29266 30277 I Claw    : [0m[      97.448] [30;1mjni/../jni/src/claw/vfs/android/AndroidSaveFile.cpp:82: Open new save assetcache/music_hercules.pak.meta
05-23 12:22:50.454 29266 30277 I Claw    : [0m[       97.45] [30;1mjni/../jni/src/claw/vfs/NativeMount.cpp:245: Aquire java class for JNI method: com/Claw/Android/NativeMount
05-23 12:22:50.454 29266 30277 I Claw    : [0m[       97.45] [30;1mjni/../jni/src/claw/vfs/NativeMount.cpp:245: JNI class acquired, acquire java method: GetFreeDiskSpace with args: (Ljava/lang/String;)J
05-23 12:22:50.454 29266 30277 I Claw    : [0m[      97.452] [30;1mjni/../jni/src/claw/vfs/NativeMount.cpp:245: Aquire java class for JNI method: com/Claw/Android/NativeMount
05-23 12:22:50.454 29266 30277 I Claw    : [0m[      97.452] [30;1mjni/../jni/src/claw/vfs/NativeMount.cpp:245: JNI class acquired, acquire java method: GetFreeDiskSpace with args: (Ljava/lang/String;)J
05-23 12:22:50.454 29266 30277 I Claw    : [0m[      97.453] [30;1mjni/../jni/src/claw/vfs/NativeMount.cpp:245: Aquire java class for JNI method: com/Claw/Android/NativeMount
05-23 12:22:50.454 29266 30277 I Claw    : [0m[      97.453] [30;1mjni/../jni/src/claw/vfs/NativeMount.cpp:245: JNI class acquired, acquire java method: GetFreeDiskSpace with args: (Ljava/lang/String;)J
05-23 12:22:50.454 29266 30277 I Claw    : [0m[      97.454] [30;1mjni/../jni/src/claw/vfs/NativeMount.cpp:245: Aquire java class for JNI method: com/Claw/Android/NativeMount
05-23 12:22:50.454 29266 30277 I Claw    : [0m[      97.455] [30;1mjni/../jni/src/claw/vfs/NativeMount.cpp:245: JNI class acquired, acquire java method: GetFreeDiskSpace with args: (Ljava/lang/String;)J
05-23 12:22:50.464 29266 30277 I Claw    : [0m[      97.456] [30;1mjni/../jni/src/claw/vfs/android/AndroidSaveFile.cpp:82: Open new save assetcache/music_hercules.pak.meta
05-23 12:22:50.464 29266 30277 I Claw    : [0m[      97.457] [30;1mjni/../jni/src/claw/vfs/NativeMount.cpp:245: Aquire java class for JNI method: com/Claw/Android/NativeMount
05-23 12:22:50.464 29266 30277 I Claw    : [0m[      97.457] [30;1mjni/../jni/src/claw/vfs/NativeMount.cpp:245: JNI class acquired, acquire java method: GetFreeDiskSpace with args: (Ljava/lang/String;)J
05-23 12:22:50.464 29266 30277 I Claw    : [0m[      97.459] [30;1mjni/../jni/src/claw/vfs/NativeMount.cpp:245: Aquire java class for JNI method: com/Claw/Android/NativeMount
05-23 12:22:50.464 29266 30277 I Claw    : [0m[      97.459] [30;1mjni/../jni/src/claw/vfs/NativeMount.cpp:245: JNI class acquired, acquire java method: GetFreeDiskSpace with args: (Ljava/lang/String;)J
05-23 12:22:50.464 29266 30277 I Claw    : [0m[       97.46] [30;1mjni/../jni/src/claw/vfs/NativeMount.cpp:245: Aquire java class for JNI method: com/Claw/Android/NativeMount
05-23 12:22:50.464 29266 30277 I Claw    : [0m[       97.46] [30;1mjni/../jni/src/claw/vfs/NativeMount.cpp:245: JNI class acquired, acquire java method: GetFreeDiskSpace with args: (Ljava/lang/String;)J
05-23 12:22:50.464 29266 30277 I Claw    : [0m[      97.462] [30;1mjni/../jni/src/claw/vfs/NativeMount.cpp:245: Aquire java class for JNI method: com/Claw/Android/NativeMount
05-23 12:22:50.464 29266 30277 I Claw    : [0m[      97.462] [30;1mjni/../jni/src/claw/vfs/NativeMount.cpp:245: JNI class acquired, acquire java method: GetFreeDiskSpace with args: (Ljava/lang/String;)J
05-23 12:22:50.464 29266 30277 I Claw    : [0m[      97.463] [30;1mjni/../jni/src/claw/vfs/android/AndroidSaveFile.cpp:82: Open new save assetcache/music_hercules.pak.meta
05-23 12:22:50.464 29266 30277 I Claw    : [0m[      97.464] [30;1mjni/../jni/src/claw/vfs/NativeMount.cpp:245: Aquire java class for JNI method: com/Claw/Android/NativeMount
05-23 12:22:50.464 29266 30277 I Claw    : [0m[      97.464] [30;1mjni/../jni/src/claw/vfs/NativeMount.cpp:245: JNI class acquired, acquire java method: GetFreeDiskSpace with args: (Ljava/lang/String;)J
05-23 12:22:50.474 29266 30277 I Claw    : [0m[      97.466] [30;1mjni/../jni/src/claw/vfs/NativeMount.cpp:245: Aquire java class for JNI method: com/Claw/Android/NativeMount
05-23 12:22:50.474 29266 30277 I Claw    : [0m[      97.466] [30;1mjni/../jni/src/claw/vfs/NativeMount.cpp:245: JNI class acquired, acquire java method: GetFreeDiskSpace with args: (Ljava/lang/String;)J
05-23 12:22:50.474 29266 30277 W libc    : It seems that pthread_join() is not invoked or PTHREAD_ATTR_FLAG_DETACHED is not set.
05-23 12:22:50.474 29266 30277 W libc    :     pthread tid          : 30277
05-23 12:22:50.474 29266 30277 W libc    :     pthread start_routine: 0xdefcdf64
05-23 12:22:50.484 29266 29306 I Claw    : [0m[      97.479] /home/jenkins/workspace/huuuge-stars/client-dev/hs-android/src/casino/Application.cpp:748: SLOW FRAME 0.123 ms
05-23 12:22:50.494 29266 29306 I Claw    : [0m[      97.489] [30;1mjni/../jni/src/claw/graphics/pixeldata/PixelDataGL.cpp:321: 50x50 -> 52x50   100 pixels wasted
05-23 12:22:50.504 29266 29306 I Claw    : [0m[      97.499] [30;1mjni/../jni/src/claw/graphics/surface/SurfaceHW.cpp:880: Surface  xy: 4, uv: 4, tri: 2
05-23 12:22:50.504 29266 29426 I Claw    : [0m[        97.5] ../../../../../../../../contrib/huuugeanalyticssdk/cpp/contrib/jni/JniAttach.hpp:151: JNI method called.
05-23 12:22:50.504 29266 29426 I Claw    : [0m[      97.501] /home/jenkins/workspace/huuuge-stars/client-dev/hs-android/contrib/huuugeanalyticssdk/cpp/src/huuuge/analytics/HAHttp-android.cpp:133: Huuuge::analytics::HTTPAndroid::InvokeHttps response code is 200
05-23 12:22:50.504 29266 29426 I Claw    : [0m[      97.501] /home/jenkins/workspace/huuuge-stars/client-dev/hs-android/contrib/huuugeanalyticssdk/cpp/src/huuuge/analytics/HAHttp-android.cpp:134: Huuuge::analytics::HTTPAndroid::InvokeHttps response payload is null
05-23 12:22:50.564 29266 29444 I Claw    : [0m[      97.564] [30;1mjni/../jni/src/claw/vfs/android/AndroidSaveFile.cpp:42: Open existing save assetcache/music_hercules.pak
05-23 12:22:50.564 29266 29444 I Claw    : [0m[      97.565] [30;1mjni/../jni/src/claw/vfs/Vfs.cpp:172: Opened file: /assetcache/music_hercules.pak
05-23 12:22:50.574 29266 29444 I Claw    : [0m[      97.571] /home/jenkins/workspace/huuuge-stars/client-dev/hs-android/src/casino/DownloadManager.cpp:500: Mounting pak: music_hercules.pak
05-23 12:22:50.574 29266 29428 I Claw    : [0m[      97.571] ../../../../../../../../contrib/huuugeanalyticssdk/cpp/contrib/jni/JniAttach.hpp:185: Aquire java class for JNI method: com/huuuge/analytics/HA
05-23 12:22:50.574 29266 29428 I Claw    : [0m[      97.572] ../../../../../../../../contrib/huuugeanalyticssdk/cpp/contrib/jni/JniAttach.hpp:185: JNI class acquired, acquire java method: connectionStatus with args: ()I
05-23 12:22:50.574 29266 29428 I Claw    : [0m[      97.572] ../../../../../../../../contrib/huuugeanalyticssdk/cpp/contrib/jni/JniAttach.hpp:186: JNI method acquired, try to call.
05-23 12:22:50.574 29266 29444 I Claw    : [0m[      97.572] [30;1mjni/../jni/src/claw/vfs/Vfs.cpp:97: Added new mount at /
05-23 12:22:50.574 29266 29428 I Claw    : [0m[      97.574] ../../../../../../../../contrib/huuugeanalyticssdk/cpp/contrib/jni/JniAttach.hpp:189: JNI method called.
05-23 12:22:50.574 29266 29444 I Claw    : [0m[      97.575] [30;1mjni/../jni/src/claw/vfs/android/AndroidSaveFile.cpp:42: Open existing save assetcache/music_helen_of_troy.pak.meta
05-23 12:22:50.574  2599  3503 D ConnectivityService: returning getNetworkInfo for network type 1 : [type: WIFI[] - WIFI, state: CONNECTED/CONNECTED, reason: (unspecified), extra: "HuuugeQA", roaming: false, failover: false, isAvailable: true]
05-23 12:22:50.574  2599  3638 D ConnectivityService: returning getNetworkInfo for network type 0 : [type: MOBILE[] - MOBILE, state: DISCONNECTED/DISCONNECTED, reason: (unspecified), extra: (none), roaming: false, failover: false, isAvailable: true]
05-23 12:22:50.584 29266 29444 I Claw    : [0m[      97.576] [30;1mjni/../jni/src/claw/vfs/Vfs.cpp:168: Cannot open file: /assetcache/music_helen_of_troy.pak.meta
05-23 12:22:50.584 29266 29444 I Claw    : [0m[      97.576] /home/jenkins/workspace/huuuge-stars/client-dev/hs-android/src/casino/ServerList.cpp:53: Server list returning http://cdn-hs-dev.hgonline.net/470/, 1/14
05-23 12:22:50.584 29266 29444 I Claw    : [0m[      97.577] [30;1mjni/../jni/src/claw/vfs/android/AndroidSaveFile.cpp:42: Open existing save assetcache/music_helen_of_troy.pak.meta
05-23 12:22:50.584 29266 29444 I Claw    : [0m[      97.577] [30;1mjni/../jni/src/claw/vfs/Vfs.cpp:168: Cannot open file: /assetcache/music_helen_of_troy.pak.meta
05-23 12:22:50.584 29266 29444 I Claw    : [0m[      97.577] /home/jenkins/workspace/huuuge-stars/client-dev/hs-android/src/casino/DefaultDownloadManager.cpp:416: Downloading pak music_helen_of_troy.pak from http://cdn-hs-dev.hgonline.net/470/
05-23 12:22:50.584  2202  2767 D EnterpriseController: netId is 0
05-23 12:22:50.584  2202  2767 D Netd    : getNetworkForDns: using netid 502 for uid 10786
05-23 12:22:50.584 29266 30281 I Claw    : [0m[      97.583] [30;1mjni/../jni/src/claw/network/HttpRequest.cpp:97: cdn-hs-dev.hgonline.net resolved to ::ffff:2.20.142.123
05-23 12:22:50.584 29266 30281 I Claw    : [0m[      97.583] [30;1mjni/../jni/src/claw/network/HttpRequest.cpp:97: cdn-hs-dev.hgonline.net resolved to ::ffff:2.20.142.161
05-23 12:22:50.584 29266 30281 I Claw    : [0m[      97.584] [30;1mjni/../jni/src/claw/network/unix/UnixStreamSocket.cpp:93: Connecting to ::ffff:2.20.142.123
05-23 12:22:50.594 29266 29306 I Claw    : [0m[      97.586] /home/jenkins/workspace/huuuge-stars/client-dev/hs-android/src/casino/Application.cpp:748: SLOW FRAME 0.106 ms
05-23 12:22:50.604 29266 29306 I Claw    : [0m[      97.599] [30;1mjni/../jni/src/claw/graphics/pixeldata/PixelDataGL.cpp:321: 50x50 -> 52x50   100 pixels wasted
05-23 12:22:50.614 29266 29306 I Claw    : [0m[      97.612] [30;1mjni/../jni/src/claw/graphics/surface/SurfaceHW.cpp:880: Surface  xy: 4, uv: 4, tri: 2
05-23 12:22:50.634 29266 29428 I Claw    : [0m[      97.631] ../../../../../../../../contrib/huuugeanalyticssdk/cpp/contrib/jni/JniAttach.hpp:185: Aquire java class for JNI method: com/huuuge/analytics/HA
05-23 12:22:50.634 29266 29428 I Claw    : [0m[      97.631] ../../../../../../../../contrib/huuugeanalyticssdk/cpp/contrib/jni/JniAttach.hpp:185: JNI class acquired, acquire java method: connectionStatus with args: ()I
05-23 12:22:50.634 29266 29428 I Claw    : [0m[      97.632] ../../../../../../../../contrib/huuugeanalyticssdk/cpp/contrib/jni/JniAttach.hpp:186: JNI method acquired, try to call.
05-23 12:22:50.634 29266 29428 I Claw    : [0m[      97.634] ../../../../../../../../contrib/huuugeanalyticssdk/cpp/contrib/jni/JniAttach.hpp:189: JNI method called.
05-23 12:22:50.634  2599  5906 D ConnectivityService: returning getNetworkInfo for network type 1 : [type: WIFI[] - WIFI, state: CONNECTED/CONNECTED, reason: (unspecified), extra: "HuuugeQA", roaming: false, failover: false, isAvailable: true]
05-23 12:22:50.634  2599  3496 D ConnectivityService: returning getNetworkInfo for network type 0 : [type: MOBILE[] - MOBILE, state: DISCONNECTED/DISCONNECTED, reason: (unspecified), extra: (none), roaming: false, failover: false, isAvailable: true]
05-23 12:22:50.684 29266 29306 I Claw    : [0m[       97.68] [30;1mjni/../jni/src/claw/graphics/pixeldata/PixelDataGL.cpp:321: 50x50 -> 52x50   100 pixels wasted
05-23 12:22:50.694 29266 29306 I Claw    : [0m[      97.687] [30;1mjni/../jni/src/claw/graphics/surface/SurfaceHW.cpp:880: Surface  xy: 4, uv: 4, tri: 2
05-23 12:22:50.764 29266 29306 I Claw    : [0m[      97.757] [30;1mjni/../jni/src/claw/graphics/pixeldata/PixelDataGL.cpp:321: 50x50 -> 52x50   100 pixels wasted
05-23 12:22:50.774 29266 29306 I Claw    : [0m[      97.765] [30;1mjni/../jni/src/claw/graphics/surface/SurfaceHW.cpp:880: Surface  xy: 4, uv: 4, tri: 2
05-23 12:22:50.834 29266 29306 I Claw    : [0m[      97.831] [30;1mjni/../jni/src/claw/graphics/pixeldata/PixelDataGL.cpp:321: 50x50 -> 52x50   100 pixels wasted
05-23 12:22:50.844 29266 29306 I Claw    : [0m[      97.838] [30;1mjni/../jni/src/claw/graphics/surface/SurfaceHW.cpp:880: Surface  xy: 4, uv: 4, tri: 2
05-23 12:22:50.914 29266 29306 I Claw    : [0m[       97.91] [30;1mjni/../jni/src/claw/graphics/pixeldata/PixelDataGL.cpp:321: 50x50 -> 52x50   100 pixels wasted
05-23 12:22:50.924 29266 29306 I Claw    : [0m[      97.917] [30;1mjni/../jni/src/claw/graphics/surface/SurfaceHW.cpp:880: Surface  xy: 4, uv: 4, tri: 2
05-23 12:22:50.944 29266 30281 I Claw    : [0m[      97.943] [30;1mjni/../jni/src/claw/network/HttpRequest.cpp:279: Content length: 49
05-23 12:22:50.944 29266 30281 I Claw    : [0m[      97.943] [30;1mjni/../jni/src/claw/vfs/android/AndroidSaveFile.cpp:82: Open new save assetcache/music_helen_of_troy.pak
05-23 12:22:50.954 29266 30281 I Claw    : [0m[      97.945] [30;1mjni/../jni/src/claw/vfs/android/AndroidSaveFile.cpp:82: Open new save assetcache/music_helen_of_troy.pak.meta
05-23 12:22:50.954 29266 30281 I Claw    : [0m[      97.947] [30;1mjni/../jni/src/claw/vfs/NativeMount.cpp:245: Aquire java class for JNI method: com/Claw/Android/NativeMount
05-23 12:22:50.954 29266 30281 I Claw    : [0m[      97.948] [30;1mjni/../jni/src/claw/vfs/NativeMount.cpp:245: JNI class acquired, acquire java method: GetFreeDiskSpace with args: (Ljava/lang/String;)J
05-23 12:22:50.954 29266 30281 I Claw    : [0m[      97.949] [30;1mjni/../jni/src/claw/vfs/NativeMount.cpp:245: Aquire java class for JNI method: com/Claw/Android/NativeMount
05-23 12:22:50.954 29266 30281 I Claw    : [0m[      97.949] [30;1mjni/../jni/src/claw/vfs/NativeMount.cpp:245: JNI class acquired, acquire java method: GetFreeDiskSpace with args: (Ljava/lang/String;)J
05-23 12:22:50.954 29266 30281 I Claw    : [0m[      97.951] [30;1mjni/../jni/src/claw/vfs/NativeMount.cpp:245: Aquire java class for JNI method: com/Claw/Android/NativeMount
05-23 12:22:50.954 29266 30281 I Claw    : [0m[      97.951] [30;1mjni/../jni/src/claw/vfs/NativeMount.cpp:245: JNI class acquired, acquire java method: GetFreeDiskSpace with args: (Ljava/lang/String;)J
05-23 12:22:50.954 29266 30281 I Claw    : [0m[      97.953] [30;1mjni/../jni/src/claw/vfs/NativeMount.cpp:245: Aquire java class for JNI method: com/Claw/Android/NativeMount
05-23 12:22:50.954 29266 30281 I Claw    : [0m[      97.953] [30;1mjni/../jni/src/claw/vfs/NativeMount.cpp:245: JNI class acquired, acquire java method: GetFreeDiskSpace with args: (Ljava/lang/String;)J
05-23 12:22:50.954  2202  2767 D EnterpriseController: netId is 0
05-23 12:22:50.954  2202  2767 D Netd    : getNetworkForDns: using netid 502 for uid 10786
05-23 12:22:50.964 29266 30281 I Claw    : [0m[      97.955] [30;1mjni/../jni/src/claw/network/HttpRequest.cpp:97: cdn-hs-dev.hgonline.net resolved to ::ffff:2.20.142.123
05-23 12:22:50.964 29266 30281 I Claw    : [0m[      97.956] [30;1mjni/../jni/src/claw/network/HttpRequest.cpp:97: cdn-hs-dev.hgonline.net resolved to ::ffff:2.20.142.161
05-23 12:22:50.964 29266 30281 I Claw    : [0m[      97.956] [30;1mjni/../jni/src/claw/network/unix/UnixStreamSocket.cpp:93: Connecting to ::ffff:2.20.142.123
05-23 12:22:51.004 29266 29306 I Claw    : [0m[      97.999] [30;1mjni/../jni/src/claw/graphics/pixeldata/PixelDataGL.cpp:321: 50x50 -> 52x50   100 pixels wasted
05-23 12:22:51.014 29266 29306 I Claw    : [0m[      98.007] [30;1mjni/../jni/src/claw/graphics/surface/SurfaceHW.cpp:880: Surface  xy: 4, uv: 4, tri: 2
05-23 12:22:51.024 29266 30281 I Claw    : [0m[      98.016] [30;1mjni/../jni/src/claw/network/HttpRequest.cpp:279: Content length: 1265986
05-23 12:22:51.024 29266 30281 I Claw    : [0m[      98.022] [30;1mjni/../jni/src/claw/vfs/NativeMount.cpp:245: Aquire java class for JNI method: com/Claw/Android/NativeMount
05-23 12:22:51.024 29266 30281 I Claw    : [0m[      98.022] [30;1mjni/../jni/src/claw/vfs/NativeMount.cpp:245: JNI class acquired, acquire java method: GetFreeDiskSpace with args: (Ljava/lang/String;)J
05-23 12:22:51.024 29266 30281 I Claw    : [0m[      98.024] [30;1mjni/../jni/src/claw/vfs/NativeMount.cpp:245: Aquire java class for JNI method: com/Claw/Android/NativeMount
05-23 12:22:51.024 29266 30281 I Claw    : [0m[      98.025] [30;1mjni/../jni/src/claw/vfs/NativeMount.cpp:245: JNI class acquired, acquire java method: GetFreeDiskSpace with args: (Ljava/lang/String;)J
05-23 12:22:51.044 29266 30281 I Claw    : [0m[      98.045] [30;1mjni/../jni/src/claw/vfs/NativeMount.cpp:245: Aquire java class for JNI method: com/Claw/Android/NativeMount
05-23 12:22:51.044 29266 30281 I Claw    : [0m[      98.045] [30;1mjni/../jni/src/claw/vfs/NativeMount.cpp:245: JNI class acquired, acquire java method: GetFreeDiskSpace with args: (Ljava/lang/String;)J
05-23 12:22:51.054 29266 30281 I Claw    : [0m[      98.049] [30;1mjni/../jni/src/claw/vfs/NativeMount.cpp:245: Aquire java class for JNI method: com/Claw/Android/NativeMount
05-23 12:22:51.054 29266 30281 I Claw    : [0m[       98.05] [30;1mjni/../jni/src/claw/vfs/NativeMount.cpp:245: JNI class acquired, acquire java method: GetFreeDiskSpace with args: (Ljava/lang/String;)J
05-23 12:22:51.054 29266 30281 I Claw    : [0m[      98.054] [30;1mjni/../jni/src/claw/vfs/NativeMount.cpp:245: Aquire java class for JNI method: com/Claw/Android/NativeMount
05-23 12:22:51.054 29266 30281 I Claw    : [0m[      98.055] [30;1mjni/../jni/src/claw/vfs/NativeMount.cpp:245: JNI class acquired, acquire java method: GetFreeDiskSpace with args: (Ljava/lang/String;)J
05-23 12:22:51.064 29266 30281 I Claw    : [0m[      98.059] [30;1mjni/../jni/src/claw/vfs/NativeMount.cpp:245: Aquire java class for JNI method: com/Claw/Android/NativeMount
05-23 12:22:51.064 29266 30281 I Claw    : [0m[      98.059] [30;1mjni/../jni/src/claw/vfs/NativeMount.cpp:245: JNI class acquired, acquire java method: GetFreeDiskSpace with args: (Ljava/lang/String;)J
05-23 12:22:51.064 29266 30281 I Claw    : [0m[      98.063] [30;1mjni/../jni/src/claw/vfs/NativeMount.cpp:245: Aquire java class for JNI method: com/Claw/Android/NativeMount
05-23 12:22:51.064 29266 30281 I Claw    : [0m[      98.063] [30;1mjni/../jni/src/claw/vfs/NativeMount.cpp:245: JNI class acquired, acquire java method: GetFreeDiskSpace with args: (Ljava/lang/String;)J
05-23 12:22:51.074 29266 30281 I Claw    : [0m[      98.067] [30;1mjni/../jni/src/claw/vfs/NativeMount.cpp:245: Aquire java class for JNI method: com/Claw/Android/NativeMount
05-23 12:22:51.074 29266 30281 I Claw    : [0m[      98.067] [30;1mjni/../jni/src/claw/vfs/NativeMount.cpp:245: JNI class acquired, acquire java method: GetFreeDiskSpace with args: (Ljava/lang/String;)J
05-23 12:22:51.074 29266 29426 I Claw    : [0m[      98.075] /home/jenkins/workspace/huuuge-stars/client-dev/hs-android/contrib/huuugeanalyticssdk/cpp/src/huuuge/analytics/HAHttp-android.cpp:80: Huuuge::analytics::HTTPAndroid::InvokeHttps 1nsjtnbmgl.execute-api.us-east-1.amazonaws.com public/dashboard-events
05-23 12:22:51.084 29266 29426 I Claw    : [0m[      98.076] /home/jenkins/workspace/huuuge-stars/client-dev/hs-android/contrib/huuugeanalyticssdk/cpp/src/huuuge/analytics/HAHttp-android.cpp:100: Huuuge::analytics::HTTPAndroid::InvokeHttps convert post payload 7750
05-23 12:22:51.084 29266 29426 I Claw    : [0m[      98.076] ../../../../../../../../contrib/huuugeanalyticssdk/cpp/contrib/jni/JniAttach.hpp:147: Aquire java class for JNI method: com/huuuge/analytics/HA
05-23 12:22:51.084 29266 29426 I Claw    : [0m[      98.076] ../../../../../../../../contrib/huuugeanalyticssdk/cpp/contrib/jni/JniAttach.hpp:147: JNI class acquired, acquire java method: doHttpsRequest with args: (Ljava/lang/String;Ljava/lang/String;Ljava/lang/String;[Ljava/lang/String;[Ljava/lang/String;[B)[Ljava/lang/String;
05-23 12:22:51.084 29266 29426 I Claw    : [0m[      98.077] ../../../../../../../../contrib/huuugeanalyticssdk/cpp/contrib/jni/JniAttach.hpp:148: JNI method acquired, try to call.
05-23 12:22:51.084 29266 29306 I Claw    : [0m[      98.078] [30;1mjni/../jni/src/claw/graphics/pixeldata/PixelDataGL.cpp:321: 50x50 -> 52x50   100 pixels wasted
05-23 12:22:51.084 29266 30284 I System.out: (HTTPLog)-Static: isSBSettingEnabled false
05-23 12:22:51.084 29266 30281 I Claw    : [0m[      98.078] [30;1mjni/../jni/src/claw/vfs/NativeMount.cpp:245: Aquire java class for JNI method: com/Claw/Android/NativeMount
05-23 12:22:51.084 29266 30284 I System.out: (HTTPLog)-Static: isSBSettingEnabled false
05-23 12:22:51.084 29266 30281 I Claw    : [0m[      98.079] [30;1mjni/../jni/src/claw/vfs/NativeMount.cpp:245: JNI class acquired, acquire java method: GetFreeDiskSpace with args: (Ljava/lang/String;)J
05-23 12:22:51.084 29266 30281 I Claw    : [0m[      98.082] [30;1mjni/../jni/src/claw/vfs/NativeMount.cpp:245: Aquire java class for JNI method: com/Claw/Android/NativeMount
05-23 12:22:51.084 29266 30281 I Claw    : [0m[      98.082] [30;1mjni/../jni/src/claw/vfs/NativeMount.cpp:245: JNI class acquired, acquire java method: GetFreeDiskSpace with args: (Ljava/lang/String;)J
05-23 12:22:51.084 29266 30281 I Claw    : [0m[      98.084] [30;1mjni/../jni/src/claw/vfs/NativeMount.cpp:245: Aquire java class for JNI method: com/Claw/Android/NativeMount
05-23 12:22:51.084 29266 30281 I Claw    : [0m[      98.085] [30;1mjni/../jni/src/claw/vfs/NativeMount.cpp:245: JNI class acquired, acquire java method: GetFreeDiskSpace with args: (Ljava/lang/String;)J
05-23 12:22:51.084 29266 29306 I Claw    : [0m[      98.085] [30;1mjni/../jni/src/claw/graphics/surface/SurfaceHW.cpp:880: Surface  xy: 4, uv: 4, tri: 2
05-23 12:22:51.094 29266 30281 I Claw    : [0m[      98.087] [30;1mjni/../jni/src/claw/vfs/NativeMount.cpp:245: Aquire java class for JNI method: com/Claw/Android/NativeMount
05-23 12:22:51.094 29266 30281 I Claw    : [0m[      98.087] [30;1mjni/../jni/src/claw/vfs/NativeMount.cpp:245: JNI class acquired, acquire java method: GetFreeDiskSpace with args: (Ljava/lang/String;)J
05-23 12:22:51.094 29266 30281 I Claw    : [0m[       98.09] [30;1mjni/../jni/src/claw/vfs/NativeMount.cpp:245: Aquire java class for JNI method: com/Claw/Android/NativeMount
05-23 12:22:51.094 29266 30281 I Claw    : [0m[       98.09] [30;1mjni/../jni/src/claw/vfs/NativeMount.cpp:245: JNI class acquired, acquire java method: GetFreeDiskSpace with args: (Ljava/lang/String;)J
05-23 12:22:51.094 29266 30281 I Claw    : [0m[      98.092] [30;1mjni/../jni/src/claw/vfs/NativeMount.cpp:245: Aquire java class for JNI method: com/Claw/Android/NativeMount
05-23 12:22:51.094 29266 30281 I Claw    : [0m[      98.092] [30;1mjni/../jni/src/claw/vfs/NativeMount.cpp:245: JNI class acquired, acquire java method: GetFreeDiskSpace with args: (Ljava/lang/String;)J
05-23 12:22:51.094 29266 30281 I Claw    : [0m[      98.095] [30;1mjni/../jni/src/claw/vfs/NativeMount.cpp:245: Aquire java class for JNI method: com/Claw/Android/NativeMount
05-23 12:22:51.094 29266 30281 I Claw    : [0m[      98.095] [30;1mjni/../jni/src/claw/vfs/NativeMount.cpp:245: JNI class acquired, acquire java method: GetFreeDiskSpace with args: (Ljava/lang/String;)J
05-23 12:22:51.104 29266 30281 I Claw    : [0m[      98.097] [30;1mjni/../jni/src/claw/vfs/NativeMount.cpp:245: Aquire java class for JNI method: com/Claw/Android/NativeMount
05-23 12:22:51.104 29266 30281 I Claw    : [0m[      98.098] [30;1mjni/../jni/src/claw/vfs/NativeMount.cpp:245: JNI class acquired, acquire java method: GetFreeDiskSpace with args: (Ljava/lang/String;)J
05-23 12:22:51.104 29266 30281 I Claw    : [0m[        98.1] [30;1mjni/../jni/src/claw/vfs/NativeMount.cpp:245: Aquire java class for JNI method: com/Claw/Android/NativeMount
05-23 12:22:51.104 29266 30281 I Claw    : [0m[        98.1] [30;1mjni/../jni/src/claw/vfs/NativeMount.cpp:245: JNI class acquired, acquire java method: GetFreeDiskSpace with args: (Ljava/lang/String;)J
05-23 12:22:51.104 29266 30281 I Claw    : [0m[      98.103] [30;1mjni/../jni/src/claw/vfs/NativeMount.cpp:245: Aquire java class for JNI method: com/Claw/Android/NativeMount
05-23 12:22:51.104 29266 30281 I Claw    : [0m[      98.103] [30;1mjni/../jni/src/claw/vfs/NativeMount.cpp:245: JNI class acquired, acquire java method: GetFreeDiskSpace with args: (Ljava/lang/String;)J
05-23 12:22:51.114 29266 30281 I Claw    : [0m[      98.105] [30;1mjni/../jni/src/claw/vfs/NativeMount.cpp:245: Aquire java class for JNI method: com/Claw/Android/NativeMount
05-23 12:22:51.114 29266 30281 I Claw    : [0m[      98.106] [30;1mjni/../jni/src/claw/vfs/NativeMount.cpp:245: JNI class acquired, acquire java method: GetFreeDiskSpace with args: (Ljava/lang/String;)J
05-23 12:22:51.114 29266 30281 I Claw    : [0m[      98.108] [30;1mjni/../jni/src/claw/vfs/NativeMount.cpp:245: Aquire java class for JNI method: com/Claw/Android/NativeMount
05-23 12:22:51.114 29266 30281 I Claw    : [0m[      98.108] [30;1mjni/../jni/src/claw/vfs/NativeMount.cpp:245: JNI class acquired, acquire java method: GetFreeDiskSpace with args: (Ljava/lang/String;)J
05-23 12:22:51.114 29266 30281 I Claw    : [0m[       98.11] [30;1mjni/../jni/src/claw/vfs/NativeMount.cpp:245: Aquire java class for JNI method: com/Claw/Android/NativeMount
05-23 12:22:51.114 29266 30281 I Claw    : [0m[      98.111] [30;1mjni/../jni/src/claw/vfs/NativeMount.cpp:245: JNI class acquired, acquire java method: GetFreeDiskSpace with args: (Ljava/lang/String;)J
05-23 12:22:51.114 29266 30281 I Claw    : [0m[      98.113] [30;1mjni/../jni/src/claw/vfs/NativeMount.cpp:245: Aquire java class for JNI method: com/Claw/Android/NativeMount
